[2024-07-12T11:04:31.404+0100] {processor.py:161} INFO - Started process (PID=15899) to work on /home/victor/airflow_env/lib/python3.10/site-packages/airflow/example_dags/example_trigger_controller_dag.py
[2024-07-12T11:04:31.408+0100] {processor.py:830} INFO - Processing file /home/victor/airflow_env/lib/python3.10/site-packages/airflow/example_dags/example_trigger_controller_dag.py for tasks to queue
[2024-07-12T11:04:31.417+0100] {logging_mixin.py:188} INFO - [2024-07-12T11:04:31.416+0100] {dagbag.py:545} INFO - Filling up the DagBag from /home/victor/airflow_env/lib/python3.10/site-packages/airflow/example_dags/example_trigger_controller_dag.py
[2024-07-12T11:04:31.449+0100] {processor.py:840} INFO - DAG(s) 'example_trigger_controller_dag' retrieved from /home/victor/airflow_env/lib/python3.10/site-packages/airflow/example_dags/example_trigger_controller_dag.py
[2024-07-12T11:04:32.201+0100] {logging_mixin.py:188} INFO - [2024-07-12T11:04:32.199+0100] {override.py:1847} INFO - Created Permission View: can edit on DAG:example_trigger_controller_dag
[2024-07-12T11:04:32.391+0100] {logging_mixin.py:188} INFO - [2024-07-12T11:04:32.389+0100] {override.py:1847} INFO - Created Permission View: can read on DAG:example_trigger_controller_dag
[2024-07-12T11:04:32.574+0100] {logging_mixin.py:188} INFO - [2024-07-12T11:04:32.572+0100] {override.py:1847} INFO - Created Permission View: can delete on DAG:example_trigger_controller_dag
[2024-07-12T11:04:32.580+0100] {logging_mixin.py:188} INFO - [2024-07-12T11:04:32.579+0100] {dag.py:3096} INFO - Sync 1 DAGs
[2024-07-12T11:04:32.668+0100] {logging_mixin.py:188} INFO - [2024-07-12T11:04:32.668+0100] {dag.py:3118} INFO - Creating ORM DAG for example_trigger_controller_dag
[2024-07-12T11:04:32.717+0100] {logging_mixin.py:188} INFO - [2024-07-12T11:04:32.716+0100] {dag.py:3954} INFO - Setting next_dagrun for example_trigger_controller_dag to 2021-01-01 00:00:00+00:00, run_after=2021-01-01 00:00:00+00:00
[2024-07-12T11:04:33.508+0100] {processor.py:183} INFO - Processing /home/victor/airflow_env/lib/python3.10/site-packages/airflow/example_dags/example_trigger_controller_dag.py took 2.134 seconds
[2024-07-12T11:07:41.783+0100] {processor.py:161} INFO - Started process (PID=16654) to work on /home/victor/airflow_env/lib/python3.10/site-packages/airflow/example_dags/example_trigger_controller_dag.py
[2024-07-12T11:07:41.788+0100] {processor.py:830} INFO - Processing file /home/victor/airflow_env/lib/python3.10/site-packages/airflow/example_dags/example_trigger_controller_dag.py for tasks to queue
[2024-07-12T11:07:41.797+0100] {logging_mixin.py:188} INFO - [2024-07-12T11:07:41.795+0100] {dagbag.py:545} INFO - Filling up the DagBag from /home/victor/airflow_env/lib/python3.10/site-packages/airflow/example_dags/example_trigger_controller_dag.py
[2024-07-12T11:07:41.822+0100] {processor.py:840} INFO - DAG(s) 'example_trigger_controller_dag' retrieved from /home/victor/airflow_env/lib/python3.10/site-packages/airflow/example_dags/example_trigger_controller_dag.py
[2024-07-12T11:07:42.020+0100] {logging_mixin.py:188} INFO - [2024-07-12T11:07:42.019+0100] {dag.py:3096} INFO - Sync 1 DAGs
[2024-07-12T11:07:42.530+0100] {logging_mixin.py:188} INFO - [2024-07-12T11:07:42.529+0100] {dag.py:3954} INFO - Setting next_dagrun for example_trigger_controller_dag to 2021-01-01 00:00:00+00:00, run_after=2021-01-01 00:00:00+00:00
[2024-07-12T11:07:42.866+0100] {processor.py:183} INFO - Processing /home/victor/airflow_env/lib/python3.10/site-packages/airflow/example_dags/example_trigger_controller_dag.py took 1.126 seconds
[2024-07-12T11:10:17.419+0100] {processor.py:161} INFO - Started process (PID=17262) to work on /home/victor/airflow_env/lib/python3.10/site-packages/airflow/example_dags/example_trigger_controller_dag.py
[2024-07-12T11:10:17.423+0100] {processor.py:830} INFO - Processing file /home/victor/airflow_env/lib/python3.10/site-packages/airflow/example_dags/example_trigger_controller_dag.py for tasks to queue
[2024-07-12T11:10:17.431+0100] {logging_mixin.py:188} INFO - [2024-07-12T11:10:17.429+0100] {dagbag.py:545} INFO - Filling up the DagBag from /home/victor/airflow_env/lib/python3.10/site-packages/airflow/example_dags/example_trigger_controller_dag.py
[2024-07-12T11:10:17.455+0100] {processor.py:840} INFO - DAG(s) 'example_trigger_controller_dag' retrieved from /home/victor/airflow_env/lib/python3.10/site-packages/airflow/example_dags/example_trigger_controller_dag.py
[2024-07-12T11:10:17.561+0100] {logging_mixin.py:188} INFO - [2024-07-12T11:10:17.561+0100] {dag.py:3096} INFO - Sync 1 DAGs
[2024-07-12T11:10:18.014+0100] {logging_mixin.py:188} INFO - [2024-07-12T11:10:18.013+0100] {dag.py:3954} INFO - Setting next_dagrun for example_trigger_controller_dag to 2021-01-01 00:00:00+00:00, run_after=2021-01-01 00:00:00+00:00
[2024-07-12T11:10:18.286+0100] {processor.py:183} INFO - Processing /home/victor/airflow_env/lib/python3.10/site-packages/airflow/example_dags/example_trigger_controller_dag.py took 0.895 seconds
[2024-07-12T11:12:15.497+0100] {processor.py:161} INFO - Started process (PID=17743) to work on /home/victor/airflow_env/lib/python3.10/site-packages/airflow/example_dags/example_trigger_controller_dag.py
[2024-07-12T11:12:15.502+0100] {processor.py:830} INFO - Processing file /home/victor/airflow_env/lib/python3.10/site-packages/airflow/example_dags/example_trigger_controller_dag.py for tasks to queue
[2024-07-12T11:12:15.511+0100] {logging_mixin.py:188} INFO - [2024-07-12T11:12:15.509+0100] {dagbag.py:545} INFO - Filling up the DagBag from /home/victor/airflow_env/lib/python3.10/site-packages/airflow/example_dags/example_trigger_controller_dag.py
[2024-07-12T11:12:15.540+0100] {processor.py:840} INFO - DAG(s) 'example_trigger_controller_dag' retrieved from /home/victor/airflow_env/lib/python3.10/site-packages/airflow/example_dags/example_trigger_controller_dag.py
[2024-07-12T11:12:15.789+0100] {logging_mixin.py:188} INFO - [2024-07-12T11:12:15.788+0100] {dag.py:3096} INFO - Sync 1 DAGs
[2024-07-12T11:12:15.970+0100] {logging_mixin.py:188} INFO - [2024-07-12T11:12:15.969+0100] {dag.py:3954} INFO - Setting next_dagrun for example_trigger_controller_dag to 2021-01-01 00:00:00+00:00, run_after=2021-01-01 00:00:00+00:00
[2024-07-12T11:12:16.399+0100] {processor.py:183} INFO - Processing /home/victor/airflow_env/lib/python3.10/site-packages/airflow/example_dags/example_trigger_controller_dag.py took 0.937 seconds
[2024-07-12T11:13:40.490+0100] {processor.py:161} INFO - Started process (PID=18096) to work on /home/victor/airflow_env/lib/python3.10/site-packages/airflow/example_dags/example_trigger_controller_dag.py
[2024-07-12T11:13:40.494+0100] {processor.py:830} INFO - Processing file /home/victor/airflow_env/lib/python3.10/site-packages/airflow/example_dags/example_trigger_controller_dag.py for tasks to queue
[2024-07-12T11:13:40.502+0100] {logging_mixin.py:188} INFO - [2024-07-12T11:13:40.501+0100] {dagbag.py:545} INFO - Filling up the DagBag from /home/victor/airflow_env/lib/python3.10/site-packages/airflow/example_dags/example_trigger_controller_dag.py
[2024-07-12T11:13:40.528+0100] {processor.py:840} INFO - DAG(s) 'example_trigger_controller_dag' retrieved from /home/victor/airflow_env/lib/python3.10/site-packages/airflow/example_dags/example_trigger_controller_dag.py
[2024-07-12T11:13:40.640+0100] {logging_mixin.py:188} INFO - [2024-07-12T11:13:40.639+0100] {dag.py:3096} INFO - Sync 1 DAGs
[2024-07-12T11:13:40.820+0100] {logging_mixin.py:188} INFO - [2024-07-12T11:13:40.819+0100] {dag.py:3954} INFO - Setting next_dagrun for example_trigger_controller_dag to 2021-01-01 00:00:00+00:00, run_after=2021-01-01 00:00:00+00:00
[2024-07-12T11:13:41.256+0100] {processor.py:183} INFO - Processing /home/victor/airflow_env/lib/python3.10/site-packages/airflow/example_dags/example_trigger_controller_dag.py took 0.799 seconds
[2024-07-12T11:15:54.841+0100] {processor.py:161} INFO - Started process (PID=18640) to work on /home/victor/airflow_env/lib/python3.10/site-packages/airflow/example_dags/example_trigger_controller_dag.py
[2024-07-12T11:15:54.845+0100] {processor.py:830} INFO - Processing file /home/victor/airflow_env/lib/python3.10/site-packages/airflow/example_dags/example_trigger_controller_dag.py for tasks to queue
[2024-07-12T11:15:54.855+0100] {logging_mixin.py:188} INFO - [2024-07-12T11:15:54.854+0100] {dagbag.py:545} INFO - Filling up the DagBag from /home/victor/airflow_env/lib/python3.10/site-packages/airflow/example_dags/example_trigger_controller_dag.py
[2024-07-12T11:15:54.885+0100] {processor.py:840} INFO - DAG(s) 'example_trigger_controller_dag' retrieved from /home/victor/airflow_env/lib/python3.10/site-packages/airflow/example_dags/example_trigger_controller_dag.py
[2024-07-12T11:15:55.076+0100] {logging_mixin.py:188} INFO - [2024-07-12T11:15:55.075+0100] {dag.py:3096} INFO - Sync 1 DAGs
[2024-07-12T11:15:55.299+0100] {logging_mixin.py:188} INFO - [2024-07-12T11:15:55.298+0100] {dag.py:3954} INFO - Setting next_dagrun for example_trigger_controller_dag to 2021-01-01 00:00:00+00:00, run_after=2021-01-01 00:00:00+00:00
[2024-07-12T11:15:55.792+0100] {processor.py:183} INFO - Processing /home/victor/airflow_env/lib/python3.10/site-packages/airflow/example_dags/example_trigger_controller_dag.py took 0.996 seconds
[2024-07-12T11:18:16.870+0100] {processor.py:161} INFO - Started process (PID=19217) to work on /home/victor/airflow_env/lib/python3.10/site-packages/airflow/example_dags/example_trigger_controller_dag.py
[2024-07-12T11:18:16.875+0100] {processor.py:830} INFO - Processing file /home/victor/airflow_env/lib/python3.10/site-packages/airflow/example_dags/example_trigger_controller_dag.py for tasks to queue
[2024-07-12T11:18:16.884+0100] {logging_mixin.py:188} INFO - [2024-07-12T11:18:16.883+0100] {dagbag.py:545} INFO - Filling up the DagBag from /home/victor/airflow_env/lib/python3.10/site-packages/airflow/example_dags/example_trigger_controller_dag.py
[2024-07-12T11:18:16.912+0100] {processor.py:840} INFO - DAG(s) 'example_trigger_controller_dag' retrieved from /home/victor/airflow_env/lib/python3.10/site-packages/airflow/example_dags/example_trigger_controller_dag.py
[2024-07-12T11:18:17.046+0100] {logging_mixin.py:188} INFO - [2024-07-12T11:18:17.045+0100] {dag.py:3096} INFO - Sync 1 DAGs
[2024-07-12T11:18:17.202+0100] {logging_mixin.py:188} INFO - [2024-07-12T11:18:17.201+0100] {dag.py:3954} INFO - Setting next_dagrun for example_trigger_controller_dag to 2021-01-01 00:00:00+00:00, run_after=2021-01-01 00:00:00+00:00
[2024-07-12T11:18:17.567+0100] {processor.py:183} INFO - Processing /home/victor/airflow_env/lib/python3.10/site-packages/airflow/example_dags/example_trigger_controller_dag.py took 0.758 seconds
[2024-07-12T11:19:49.550+0100] {processor.py:161} INFO - Started process (PID=19602) to work on /home/victor/airflow_env/lib/python3.10/site-packages/airflow/example_dags/example_trigger_controller_dag.py
[2024-07-12T11:19:49.554+0100] {processor.py:830} INFO - Processing file /home/victor/airflow_env/lib/python3.10/site-packages/airflow/example_dags/example_trigger_controller_dag.py for tasks to queue
[2024-07-12T11:19:49.563+0100] {logging_mixin.py:188} INFO - [2024-07-12T11:19:49.561+0100] {dagbag.py:545} INFO - Filling up the DagBag from /home/victor/airflow_env/lib/python3.10/site-packages/airflow/example_dags/example_trigger_controller_dag.py
[2024-07-12T11:19:49.593+0100] {processor.py:840} INFO - DAG(s) 'example_trigger_controller_dag' retrieved from /home/victor/airflow_env/lib/python3.10/site-packages/airflow/example_dags/example_trigger_controller_dag.py
[2024-07-12T11:19:49.757+0100] {logging_mixin.py:188} INFO - [2024-07-12T11:19:49.756+0100] {dag.py:3096} INFO - Sync 1 DAGs
[2024-07-12T11:19:50.138+0100] {logging_mixin.py:188} INFO - [2024-07-12T11:19:50.137+0100] {dag.py:3954} INFO - Setting next_dagrun for example_trigger_controller_dag to 2021-01-01 00:00:00+00:00, run_after=2021-01-01 00:00:00+00:00
[2024-07-12T11:19:50.513+0100] {processor.py:183} INFO - Processing /home/victor/airflow_env/lib/python3.10/site-packages/airflow/example_dags/example_trigger_controller_dag.py took 0.992 seconds
[2024-07-12T11:21:34.971+0100] {processor.py:161} INFO - Started process (PID=20034) to work on /home/victor/airflow_env/lib/python3.10/site-packages/airflow/example_dags/example_trigger_controller_dag.py
[2024-07-12T11:21:34.988+0100] {processor.py:830} INFO - Processing file /home/victor/airflow_env/lib/python3.10/site-packages/airflow/example_dags/example_trigger_controller_dag.py for tasks to queue
[2024-07-12T11:21:35.005+0100] {logging_mixin.py:188} INFO - [2024-07-12T11:21:34.996+0100] {dagbag.py:545} INFO - Filling up the DagBag from /home/victor/airflow_env/lib/python3.10/site-packages/airflow/example_dags/example_trigger_controller_dag.py
[2024-07-12T11:21:35.056+0100] {processor.py:840} INFO - DAG(s) 'example_trigger_controller_dag' retrieved from /home/victor/airflow_env/lib/python3.10/site-packages/airflow/example_dags/example_trigger_controller_dag.py
[2024-07-12T11:21:35.235+0100] {logging_mixin.py:188} INFO - [2024-07-12T11:21:35.234+0100] {dag.py:3096} INFO - Sync 1 DAGs
[2024-07-12T11:21:35.458+0100] {logging_mixin.py:188} INFO - [2024-07-12T11:21:35.457+0100] {dag.py:3954} INFO - Setting next_dagrun for example_trigger_controller_dag to 2021-01-01 00:00:00+00:00, run_after=2021-01-01 00:00:00+00:00
[2024-07-12T11:21:35.875+0100] {processor.py:183} INFO - Processing /home/victor/airflow_env/lib/python3.10/site-packages/airflow/example_dags/example_trigger_controller_dag.py took 0.957 seconds
[2024-07-12T11:23:06.885+0100] {processor.py:161} INFO - Started process (PID=20416) to work on /home/victor/airflow_env/lib/python3.10/site-packages/airflow/example_dags/example_trigger_controller_dag.py
[2024-07-12T11:23:06.897+0100] {processor.py:830} INFO - Processing file /home/victor/airflow_env/lib/python3.10/site-packages/airflow/example_dags/example_trigger_controller_dag.py for tasks to queue
[2024-07-12T11:23:06.927+0100] {logging_mixin.py:188} INFO - [2024-07-12T11:23:06.925+0100] {dagbag.py:545} INFO - Filling up the DagBag from /home/victor/airflow_env/lib/python3.10/site-packages/airflow/example_dags/example_trigger_controller_dag.py
[2024-07-12T11:23:07.022+0100] {processor.py:840} INFO - DAG(s) 'example_trigger_controller_dag' retrieved from /home/victor/airflow_env/lib/python3.10/site-packages/airflow/example_dags/example_trigger_controller_dag.py
[2024-07-12T11:23:07.154+0100] {logging_mixin.py:188} INFO - [2024-07-12T11:23:07.153+0100] {dag.py:3096} INFO - Sync 1 DAGs
[2024-07-12T11:23:07.290+0100] {logging_mixin.py:188} INFO - [2024-07-12T11:23:07.288+0100] {dag.py:3954} INFO - Setting next_dagrun for example_trigger_controller_dag to 2021-01-01 00:00:00+00:00, run_after=2021-01-01 00:00:00+00:00
[2024-07-12T11:23:07.889+0100] {processor.py:183} INFO - Processing /home/victor/airflow_env/lib/python3.10/site-packages/airflow/example_dags/example_trigger_controller_dag.py took 1.054 seconds
[2024-07-12T11:24:42.843+0100] {processor.py:161} INFO - Started process (PID=20814) to work on /home/victor/airflow_env/lib/python3.10/site-packages/airflow/example_dags/example_trigger_controller_dag.py
[2024-07-12T11:24:42.849+0100] {processor.py:830} INFO - Processing file /home/victor/airflow_env/lib/python3.10/site-packages/airflow/example_dags/example_trigger_controller_dag.py for tasks to queue
[2024-07-12T11:24:42.860+0100] {logging_mixin.py:188} INFO - [2024-07-12T11:24:42.859+0100] {dagbag.py:545} INFO - Filling up the DagBag from /home/victor/airflow_env/lib/python3.10/site-packages/airflow/example_dags/example_trigger_controller_dag.py
[2024-07-12T11:24:42.889+0100] {processor.py:840} INFO - DAG(s) 'example_trigger_controller_dag' retrieved from /home/victor/airflow_env/lib/python3.10/site-packages/airflow/example_dags/example_trigger_controller_dag.py
[2024-07-12T11:24:42.994+0100] {logging_mixin.py:188} INFO - [2024-07-12T11:24:42.993+0100] {dag.py:3096} INFO - Sync 1 DAGs
[2024-07-12T11:24:43.133+0100] {logging_mixin.py:188} INFO - [2024-07-12T11:24:43.131+0100] {dag.py:3954} INFO - Setting next_dagrun for example_trigger_controller_dag to 2021-01-01 00:00:00+00:00, run_after=2021-01-01 00:00:00+00:00
[2024-07-12T11:24:43.524+0100] {processor.py:183} INFO - Processing /home/victor/airflow_env/lib/python3.10/site-packages/airflow/example_dags/example_trigger_controller_dag.py took 0.713 seconds
[2024-07-12T11:26:32.492+0100] {processor.py:161} INFO - Started process (PID=21257) to work on /home/victor/airflow_env/lib/python3.10/site-packages/airflow/example_dags/example_trigger_controller_dag.py
[2024-07-12T11:26:32.497+0100] {processor.py:830} INFO - Processing file /home/victor/airflow_env/lib/python3.10/site-packages/airflow/example_dags/example_trigger_controller_dag.py for tasks to queue
[2024-07-12T11:26:32.506+0100] {logging_mixin.py:188} INFO - [2024-07-12T11:26:32.504+0100] {dagbag.py:545} INFO - Filling up the DagBag from /home/victor/airflow_env/lib/python3.10/site-packages/airflow/example_dags/example_trigger_controller_dag.py
[2024-07-12T11:26:32.532+0100] {processor.py:840} INFO - DAG(s) 'example_trigger_controller_dag' retrieved from /home/victor/airflow_env/lib/python3.10/site-packages/airflow/example_dags/example_trigger_controller_dag.py
[2024-07-12T11:26:32.631+0100] {logging_mixin.py:188} INFO - [2024-07-12T11:26:32.630+0100] {dag.py:3096} INFO - Sync 1 DAGs
[2024-07-12T11:26:32.904+0100] {logging_mixin.py:188} INFO - [2024-07-12T11:26:32.903+0100] {dag.py:3954} INFO - Setting next_dagrun for example_trigger_controller_dag to 2021-01-01 00:00:00+00:00, run_after=2021-01-01 00:00:00+00:00
[2024-07-12T11:26:33.260+0100] {processor.py:183} INFO - Processing /home/victor/airflow_env/lib/python3.10/site-packages/airflow/example_dags/example_trigger_controller_dag.py took 0.800 seconds
[2024-07-12T11:28:02.810+0100] {processor.py:161} INFO - Started process (PID=21631) to work on /home/victor/airflow_env/lib/python3.10/site-packages/airflow/example_dags/example_trigger_controller_dag.py
[2024-07-12T11:28:02.824+0100] {processor.py:830} INFO - Processing file /home/victor/airflow_env/lib/python3.10/site-packages/airflow/example_dags/example_trigger_controller_dag.py for tasks to queue
[2024-07-12T11:28:02.836+0100] {logging_mixin.py:188} INFO - [2024-07-12T11:28:02.832+0100] {dagbag.py:545} INFO - Filling up the DagBag from /home/victor/airflow_env/lib/python3.10/site-packages/airflow/example_dags/example_trigger_controller_dag.py
[2024-07-12T11:28:02.878+0100] {processor.py:840} INFO - DAG(s) 'example_trigger_controller_dag' retrieved from /home/victor/airflow_env/lib/python3.10/site-packages/airflow/example_dags/example_trigger_controller_dag.py
[2024-07-12T11:28:02.988+0100] {logging_mixin.py:188} INFO - [2024-07-12T11:28:02.987+0100] {dag.py:3096} INFO - Sync 1 DAGs
[2024-07-12T11:28:03.317+0100] {logging_mixin.py:188} INFO - [2024-07-12T11:28:03.316+0100] {dag.py:3954} INFO - Setting next_dagrun for example_trigger_controller_dag to 2021-01-01 00:00:00+00:00, run_after=2021-01-01 00:00:00+00:00
[2024-07-12T11:28:03.693+0100] {processor.py:183} INFO - Processing /home/victor/airflow_env/lib/python3.10/site-packages/airflow/example_dags/example_trigger_controller_dag.py took 0.926 seconds
[2024-07-12T11:29:43.965+0100] {processor.py:161} INFO - Started process (PID=22041) to work on /home/victor/airflow_env/lib/python3.10/site-packages/airflow/example_dags/example_trigger_controller_dag.py
[2024-07-12T11:29:43.980+0100] {processor.py:830} INFO - Processing file /home/victor/airflow_env/lib/python3.10/site-packages/airflow/example_dags/example_trigger_controller_dag.py for tasks to queue
[2024-07-12T11:29:44.000+0100] {logging_mixin.py:188} INFO - [2024-07-12T11:29:43.997+0100] {dagbag.py:545} INFO - Filling up the DagBag from /home/victor/airflow_env/lib/python3.10/site-packages/airflow/example_dags/example_trigger_controller_dag.py
[2024-07-12T11:29:44.086+0100] {processor.py:840} INFO - DAG(s) 'example_trigger_controller_dag' retrieved from /home/victor/airflow_env/lib/python3.10/site-packages/airflow/example_dags/example_trigger_controller_dag.py
[2024-07-12T11:29:44.379+0100] {logging_mixin.py:188} INFO - [2024-07-12T11:29:44.378+0100] {dag.py:3096} INFO - Sync 1 DAGs
[2024-07-12T11:29:44.784+0100] {logging_mixin.py:188} INFO - [2024-07-12T11:29:44.783+0100] {dag.py:3954} INFO - Setting next_dagrun for example_trigger_controller_dag to 2021-01-01 00:00:00+00:00, run_after=2021-01-01 00:00:00+00:00
[2024-07-12T11:29:45.616+0100] {processor.py:183} INFO - Processing /home/victor/airflow_env/lib/python3.10/site-packages/airflow/example_dags/example_trigger_controller_dag.py took 1.750 seconds
[2024-07-12T11:32:11.657+0100] {processor.py:161} INFO - Started process (PID=23001) to work on /home/victor/airflow_env/lib/python3.10/site-packages/airflow/example_dags/example_trigger_controller_dag.py
[2024-07-12T11:32:11.663+0100] {processor.py:830} INFO - Processing file /home/victor/airflow_env/lib/python3.10/site-packages/airflow/example_dags/example_trigger_controller_dag.py for tasks to queue
[2024-07-12T11:32:11.674+0100] {logging_mixin.py:188} INFO - [2024-07-12T11:32:11.671+0100] {dagbag.py:545} INFO - Filling up the DagBag from /home/victor/airflow_env/lib/python3.10/site-packages/airflow/example_dags/example_trigger_controller_dag.py
[2024-07-12T11:32:11.703+0100] {processor.py:840} INFO - DAG(s) 'example_trigger_controller_dag' retrieved from /home/victor/airflow_env/lib/python3.10/site-packages/airflow/example_dags/example_trigger_controller_dag.py
[2024-07-12T11:32:11.840+0100] {logging_mixin.py:188} INFO - [2024-07-12T11:32:11.839+0100] {dag.py:3096} INFO - Sync 1 DAGs
[2024-07-12T11:32:12.003+0100] {logging_mixin.py:188} INFO - [2024-07-12T11:32:12.001+0100] {dag.py:3954} INFO - Setting next_dagrun for example_trigger_controller_dag to 2021-01-01 00:00:00+00:00, run_after=2021-01-01 00:00:00+00:00
[2024-07-12T11:32:12.386+0100] {processor.py:183} INFO - Processing /home/victor/airflow_env/lib/python3.10/site-packages/airflow/example_dags/example_trigger_controller_dag.py took 0.804 seconds
[2024-07-12T11:34:16.490+0100] {processor.py:161} INFO - Started process (PID=23537) to work on /home/victor/airflow_env/lib/python3.10/site-packages/airflow/example_dags/example_trigger_controller_dag.py
[2024-07-12T11:34:16.497+0100] {processor.py:830} INFO - Processing file /home/victor/airflow_env/lib/python3.10/site-packages/airflow/example_dags/example_trigger_controller_dag.py for tasks to queue
[2024-07-12T11:34:16.505+0100] {logging_mixin.py:188} INFO - [2024-07-12T11:34:16.503+0100] {dagbag.py:545} INFO - Filling up the DagBag from /home/victor/airflow_env/lib/python3.10/site-packages/airflow/example_dags/example_trigger_controller_dag.py
[2024-07-12T11:34:16.546+0100] {processor.py:840} INFO - DAG(s) 'example_trigger_controller_dag' retrieved from /home/victor/airflow_env/lib/python3.10/site-packages/airflow/example_dags/example_trigger_controller_dag.py
[2024-07-12T11:34:16.656+0100] {logging_mixin.py:188} INFO - [2024-07-12T11:34:16.655+0100] {dag.py:3096} INFO - Sync 1 DAGs
[2024-07-12T11:34:16.783+0100] {logging_mixin.py:188} INFO - [2024-07-12T11:34:16.782+0100] {dag.py:3954} INFO - Setting next_dagrun for example_trigger_controller_dag to 2021-01-01 00:00:00+00:00, run_after=2021-01-01 00:00:00+00:00
[2024-07-12T11:34:17.129+0100] {processor.py:183} INFO - Processing /home/victor/airflow_env/lib/python3.10/site-packages/airflow/example_dags/example_trigger_controller_dag.py took 0.674 seconds
[2024-07-12T11:36:10.037+0100] {processor.py:161} INFO - Started process (PID=23998) to work on /home/victor/airflow_env/lib/python3.10/site-packages/airflow/example_dags/example_trigger_controller_dag.py
[2024-07-12T11:36:10.043+0100] {processor.py:830} INFO - Processing file /home/victor/airflow_env/lib/python3.10/site-packages/airflow/example_dags/example_trigger_controller_dag.py for tasks to queue
[2024-07-12T11:36:10.051+0100] {logging_mixin.py:188} INFO - [2024-07-12T11:36:10.049+0100] {dagbag.py:545} INFO - Filling up the DagBag from /home/victor/airflow_env/lib/python3.10/site-packages/airflow/example_dags/example_trigger_controller_dag.py
[2024-07-12T11:36:10.081+0100] {processor.py:840} INFO - DAG(s) 'example_trigger_controller_dag' retrieved from /home/victor/airflow_env/lib/python3.10/site-packages/airflow/example_dags/example_trigger_controller_dag.py
[2024-07-12T11:36:10.185+0100] {logging_mixin.py:188} INFO - [2024-07-12T11:36:10.184+0100] {dag.py:3096} INFO - Sync 1 DAGs
[2024-07-12T11:36:10.313+0100] {logging_mixin.py:188} INFO - [2024-07-12T11:36:10.312+0100] {dag.py:3954} INFO - Setting next_dagrun for example_trigger_controller_dag to 2021-01-01 00:00:00+00:00, run_after=2021-01-01 00:00:00+00:00
[2024-07-12T11:36:10.648+0100] {processor.py:183} INFO - Processing /home/victor/airflow_env/lib/python3.10/site-packages/airflow/example_dags/example_trigger_controller_dag.py took 0.648 seconds
[2024-07-12T11:37:43.620+0100] {processor.py:161} INFO - Started process (PID=24422) to work on /home/victor/airflow_env/lib/python3.10/site-packages/airflow/example_dags/example_trigger_controller_dag.py
[2024-07-12T11:37:43.625+0100] {processor.py:830} INFO - Processing file /home/victor/airflow_env/lib/python3.10/site-packages/airflow/example_dags/example_trigger_controller_dag.py for tasks to queue
[2024-07-12T11:37:43.638+0100] {logging_mixin.py:188} INFO - [2024-07-12T11:37:43.636+0100] {dagbag.py:545} INFO - Filling up the DagBag from /home/victor/airflow_env/lib/python3.10/site-packages/airflow/example_dags/example_trigger_controller_dag.py
[2024-07-12T11:37:43.668+0100] {processor.py:840} INFO - DAG(s) 'example_trigger_controller_dag' retrieved from /home/victor/airflow_env/lib/python3.10/site-packages/airflow/example_dags/example_trigger_controller_dag.py
[2024-07-12T11:37:43.813+0100] {logging_mixin.py:188} INFO - [2024-07-12T11:37:43.812+0100] {dag.py:3096} INFO - Sync 1 DAGs
[2024-07-12T11:37:43.966+0100] {logging_mixin.py:188} INFO - [2024-07-12T11:37:43.965+0100] {dag.py:3954} INFO - Setting next_dagrun for example_trigger_controller_dag to 2021-01-01 00:00:00+00:00, run_after=2021-01-01 00:00:00+00:00
[2024-07-12T11:37:44.329+0100] {processor.py:183} INFO - Processing /home/victor/airflow_env/lib/python3.10/site-packages/airflow/example_dags/example_trigger_controller_dag.py took 0.743 seconds
[2024-07-12T11:39:07.781+0100] {processor.py:161} INFO - Started process (PID=24767) to work on /home/victor/airflow_env/lib/python3.10/site-packages/airflow/example_dags/example_trigger_controller_dag.py
[2024-07-12T11:39:07.785+0100] {processor.py:830} INFO - Processing file /home/victor/airflow_env/lib/python3.10/site-packages/airflow/example_dags/example_trigger_controller_dag.py for tasks to queue
[2024-07-12T11:39:07.793+0100] {logging_mixin.py:188} INFO - [2024-07-12T11:39:07.792+0100] {dagbag.py:545} INFO - Filling up the DagBag from /home/victor/airflow_env/lib/python3.10/site-packages/airflow/example_dags/example_trigger_controller_dag.py
[2024-07-12T11:39:07.828+0100] {processor.py:840} INFO - DAG(s) 'example_trigger_controller_dag' retrieved from /home/victor/airflow_env/lib/python3.10/site-packages/airflow/example_dags/example_trigger_controller_dag.py
[2024-07-12T11:39:07.941+0100] {logging_mixin.py:188} INFO - [2024-07-12T11:39:07.939+0100] {dag.py:3096} INFO - Sync 1 DAGs
[2024-07-12T11:39:08.162+0100] {logging_mixin.py:188} INFO - [2024-07-12T11:39:08.160+0100] {dag.py:3954} INFO - Setting next_dagrun for example_trigger_controller_dag to 2021-01-01 00:00:00+00:00, run_after=2021-01-01 00:00:00+00:00
[2024-07-12T11:39:08.631+0100] {processor.py:183} INFO - Processing /home/victor/airflow_env/lib/python3.10/site-packages/airflow/example_dags/example_trigger_controller_dag.py took 0.889 seconds
[2024-07-12T11:40:40.475+0100] {processor.py:161} INFO - Started process (PID=25145) to work on /home/victor/airflow_env/lib/python3.10/site-packages/airflow/example_dags/example_trigger_controller_dag.py
[2024-07-12T11:40:40.479+0100] {processor.py:830} INFO - Processing file /home/victor/airflow_env/lib/python3.10/site-packages/airflow/example_dags/example_trigger_controller_dag.py for tasks to queue
[2024-07-12T11:40:40.489+0100] {logging_mixin.py:188} INFO - [2024-07-12T11:40:40.487+0100] {dagbag.py:545} INFO - Filling up the DagBag from /home/victor/airflow_env/lib/python3.10/site-packages/airflow/example_dags/example_trigger_controller_dag.py
[2024-07-12T11:40:40.522+0100] {processor.py:840} INFO - DAG(s) 'example_trigger_controller_dag' retrieved from /home/victor/airflow_env/lib/python3.10/site-packages/airflow/example_dags/example_trigger_controller_dag.py
[2024-07-12T11:40:40.655+0100] {logging_mixin.py:188} INFO - [2024-07-12T11:40:40.654+0100] {dag.py:3096} INFO - Sync 1 DAGs
[2024-07-12T11:40:40.775+0100] {logging_mixin.py:188} INFO - [2024-07-12T11:40:40.774+0100] {dag.py:3954} INFO - Setting next_dagrun for example_trigger_controller_dag to 2021-01-01 00:00:00+00:00, run_after=2021-01-01 00:00:00+00:00
[2024-07-12T11:40:41.167+0100] {processor.py:183} INFO - Processing /home/victor/airflow_env/lib/python3.10/site-packages/airflow/example_dags/example_trigger_controller_dag.py took 0.725 seconds
[2024-07-12T11:42:07.019+0100] {processor.py:161} INFO - Started process (PID=25500) to work on /home/victor/airflow_env/lib/python3.10/site-packages/airflow/example_dags/example_trigger_controller_dag.py
[2024-07-12T11:42:07.055+0100] {processor.py:830} INFO - Processing file /home/victor/airflow_env/lib/python3.10/site-packages/airflow/example_dags/example_trigger_controller_dag.py for tasks to queue
[2024-07-12T11:42:07.065+0100] {logging_mixin.py:188} INFO - [2024-07-12T11:42:07.062+0100] {dagbag.py:545} INFO - Filling up the DagBag from /home/victor/airflow_env/lib/python3.10/site-packages/airflow/example_dags/example_trigger_controller_dag.py
[2024-07-12T11:42:07.108+0100] {processor.py:840} INFO - DAG(s) 'example_trigger_controller_dag' retrieved from /home/victor/airflow_env/lib/python3.10/site-packages/airflow/example_dags/example_trigger_controller_dag.py
[2024-07-12T11:42:07.378+0100] {logging_mixin.py:188} INFO - [2024-07-12T11:42:07.376+0100] {dag.py:3096} INFO - Sync 1 DAGs
[2024-07-12T11:42:07.565+0100] {logging_mixin.py:188} INFO - [2024-07-12T11:42:07.564+0100] {dag.py:3954} INFO - Setting next_dagrun for example_trigger_controller_dag to 2021-01-01 00:00:00+00:00, run_after=2021-01-01 00:00:00+00:00
[2024-07-12T11:42:07.936+0100] {processor.py:183} INFO - Processing /home/victor/airflow_env/lib/python3.10/site-packages/airflow/example_dags/example_trigger_controller_dag.py took 0.950 seconds
[2024-07-12T11:43:37.325+0100] {processor.py:161} INFO - Started process (PID=25870) to work on /home/victor/airflow_env/lib/python3.10/site-packages/airflow/example_dags/example_trigger_controller_dag.py
[2024-07-12T11:43:37.331+0100] {processor.py:830} INFO - Processing file /home/victor/airflow_env/lib/python3.10/site-packages/airflow/example_dags/example_trigger_controller_dag.py for tasks to queue
[2024-07-12T11:43:37.339+0100] {logging_mixin.py:188} INFO - [2024-07-12T11:43:37.337+0100] {dagbag.py:545} INFO - Filling up the DagBag from /home/victor/airflow_env/lib/python3.10/site-packages/airflow/example_dags/example_trigger_controller_dag.py
[2024-07-12T11:43:37.370+0100] {processor.py:840} INFO - DAG(s) 'example_trigger_controller_dag' retrieved from /home/victor/airflow_env/lib/python3.10/site-packages/airflow/example_dags/example_trigger_controller_dag.py
[2024-07-12T11:43:37.485+0100] {logging_mixin.py:188} INFO - [2024-07-12T11:43:37.484+0100] {dag.py:3096} INFO - Sync 1 DAGs
[2024-07-12T11:43:37.633+0100] {logging_mixin.py:188} INFO - [2024-07-12T11:43:37.632+0100] {dag.py:3954} INFO - Setting next_dagrun for example_trigger_controller_dag to 2021-01-01 00:00:00+00:00, run_after=2021-01-01 00:00:00+00:00
[2024-07-12T11:43:38.027+0100] {processor.py:183} INFO - Processing /home/victor/airflow_env/lib/python3.10/site-packages/airflow/example_dags/example_trigger_controller_dag.py took 0.754 seconds
[2024-07-12T11:45:00.522+0100] {processor.py:161} INFO - Started process (PID=26218) to work on /home/victor/airflow_env/lib/python3.10/site-packages/airflow/example_dags/example_trigger_controller_dag.py
[2024-07-12T11:45:00.531+0100] {processor.py:830} INFO - Processing file /home/victor/airflow_env/lib/python3.10/site-packages/airflow/example_dags/example_trigger_controller_dag.py for tasks to queue
[2024-07-12T11:45:00.541+0100] {logging_mixin.py:188} INFO - [2024-07-12T11:45:00.539+0100] {dagbag.py:545} INFO - Filling up the DagBag from /home/victor/airflow_env/lib/python3.10/site-packages/airflow/example_dags/example_trigger_controller_dag.py
[2024-07-12T11:45:00.572+0100] {processor.py:840} INFO - DAG(s) 'example_trigger_controller_dag' retrieved from /home/victor/airflow_env/lib/python3.10/site-packages/airflow/example_dags/example_trigger_controller_dag.py
[2024-07-12T11:45:00.681+0100] {logging_mixin.py:188} INFO - [2024-07-12T11:45:00.680+0100] {dag.py:3096} INFO - Sync 1 DAGs
[2024-07-12T11:45:00.812+0100] {logging_mixin.py:188} INFO - [2024-07-12T11:45:00.811+0100] {dag.py:3954} INFO - Setting next_dagrun for example_trigger_controller_dag to 2021-01-01 00:00:00+00:00, run_after=2021-01-01 00:00:00+00:00
[2024-07-12T11:45:01.219+0100] {processor.py:183} INFO - Processing /home/victor/airflow_env/lib/python3.10/site-packages/airflow/example_dags/example_trigger_controller_dag.py took 0.749 seconds
[2024-07-12T11:46:22.210+0100] {processor.py:161} INFO - Started process (PID=26556) to work on /home/victor/airflow_env/lib/python3.10/site-packages/airflow/example_dags/example_trigger_controller_dag.py
[2024-07-12T11:46:22.215+0100] {processor.py:830} INFO - Processing file /home/victor/airflow_env/lib/python3.10/site-packages/airflow/example_dags/example_trigger_controller_dag.py for tasks to queue
[2024-07-12T11:46:22.224+0100] {logging_mixin.py:188} INFO - [2024-07-12T11:46:22.222+0100] {dagbag.py:545} INFO - Filling up the DagBag from /home/victor/airflow_env/lib/python3.10/site-packages/airflow/example_dags/example_trigger_controller_dag.py
[2024-07-12T11:46:22.251+0100] {processor.py:840} INFO - DAG(s) 'example_trigger_controller_dag' retrieved from /home/victor/airflow_env/lib/python3.10/site-packages/airflow/example_dags/example_trigger_controller_dag.py
[2024-07-12T11:46:22.416+0100] {logging_mixin.py:188} INFO - [2024-07-12T11:46:22.415+0100] {dag.py:3096} INFO - Sync 1 DAGs
[2024-07-12T11:46:22.543+0100] {logging_mixin.py:188} INFO - [2024-07-12T11:46:22.542+0100] {dag.py:3954} INFO - Setting next_dagrun for example_trigger_controller_dag to 2021-01-01 00:00:00+00:00, run_after=2021-01-01 00:00:00+00:00
[2024-07-12T11:46:22.865+0100] {processor.py:183} INFO - Processing /home/victor/airflow_env/lib/python3.10/site-packages/airflow/example_dags/example_trigger_controller_dag.py took 0.721 seconds
[2024-07-12T11:47:42.181+0100] {processor.py:161} INFO - Started process (PID=26891) to work on /home/victor/airflow_env/lib/python3.10/site-packages/airflow/example_dags/example_trigger_controller_dag.py
[2024-07-12T11:47:42.187+0100] {processor.py:830} INFO - Processing file /home/victor/airflow_env/lib/python3.10/site-packages/airflow/example_dags/example_trigger_controller_dag.py for tasks to queue
[2024-07-12T11:47:42.204+0100] {logging_mixin.py:188} INFO - [2024-07-12T11:47:42.202+0100] {dagbag.py:545} INFO - Filling up the DagBag from /home/victor/airflow_env/lib/python3.10/site-packages/airflow/example_dags/example_trigger_controller_dag.py
[2024-07-12T11:47:42.270+0100] {processor.py:840} INFO - DAG(s) 'example_trigger_controller_dag' retrieved from /home/victor/airflow_env/lib/python3.10/site-packages/airflow/example_dags/example_trigger_controller_dag.py
[2024-07-12T11:47:42.427+0100] {logging_mixin.py:188} INFO - [2024-07-12T11:47:42.425+0100] {dag.py:3096} INFO - Sync 1 DAGs
[2024-07-12T11:47:42.550+0100] {logging_mixin.py:188} INFO - [2024-07-12T11:47:42.549+0100] {dag.py:3954} INFO - Setting next_dagrun for example_trigger_controller_dag to 2021-01-01 00:00:00+00:00, run_after=2021-01-01 00:00:00+00:00
[2024-07-12T11:47:42.845+0100] {processor.py:183} INFO - Processing /home/victor/airflow_env/lib/python3.10/site-packages/airflow/example_dags/example_trigger_controller_dag.py took 0.735 seconds
[2024-07-12T11:49:27.191+0100] {processor.py:161} INFO - Started process (PID=27317) to work on /home/victor/airflow_env/lib/python3.10/site-packages/airflow/example_dags/example_trigger_controller_dag.py
[2024-07-12T11:49:27.197+0100] {processor.py:830} INFO - Processing file /home/victor/airflow_env/lib/python3.10/site-packages/airflow/example_dags/example_trigger_controller_dag.py for tasks to queue
[2024-07-12T11:49:27.206+0100] {logging_mixin.py:188} INFO - [2024-07-12T11:49:27.204+0100] {dagbag.py:545} INFO - Filling up the DagBag from /home/victor/airflow_env/lib/python3.10/site-packages/airflow/example_dags/example_trigger_controller_dag.py
[2024-07-12T11:49:27.239+0100] {processor.py:840} INFO - DAG(s) 'example_trigger_controller_dag' retrieved from /home/victor/airflow_env/lib/python3.10/site-packages/airflow/example_dags/example_trigger_controller_dag.py
[2024-07-12T11:49:27.341+0100] {logging_mixin.py:188} INFO - [2024-07-12T11:49:27.339+0100] {dag.py:3096} INFO - Sync 1 DAGs
[2024-07-12T11:49:27.466+0100] {logging_mixin.py:188} INFO - [2024-07-12T11:49:27.465+0100] {dag.py:3954} INFO - Setting next_dagrun for example_trigger_controller_dag to 2021-01-01 00:00:00+00:00, run_after=2021-01-01 00:00:00+00:00
[2024-07-12T11:49:27.844+0100] {processor.py:183} INFO - Processing /home/victor/airflow_env/lib/python3.10/site-packages/airflow/example_dags/example_trigger_controller_dag.py took 0.689 seconds
[2024-07-12T11:50:57.236+0100] {processor.py:161} INFO - Started process (PID=27691) to work on /home/victor/airflow_env/lib/python3.10/site-packages/airflow/example_dags/example_trigger_controller_dag.py
[2024-07-12T11:50:57.240+0100] {processor.py:830} INFO - Processing file /home/victor/airflow_env/lib/python3.10/site-packages/airflow/example_dags/example_trigger_controller_dag.py for tasks to queue
[2024-07-12T11:50:57.249+0100] {logging_mixin.py:188} INFO - [2024-07-12T11:50:57.247+0100] {dagbag.py:545} INFO - Filling up the DagBag from /home/victor/airflow_env/lib/python3.10/site-packages/airflow/example_dags/example_trigger_controller_dag.py
[2024-07-12T11:50:57.280+0100] {processor.py:840} INFO - DAG(s) 'example_trigger_controller_dag' retrieved from /home/victor/airflow_env/lib/python3.10/site-packages/airflow/example_dags/example_trigger_controller_dag.py
[2024-07-12T11:50:57.401+0100] {logging_mixin.py:188} INFO - [2024-07-12T11:50:57.399+0100] {dag.py:3096} INFO - Sync 1 DAGs
[2024-07-12T11:50:57.529+0100] {logging_mixin.py:188} INFO - [2024-07-12T11:50:57.528+0100] {dag.py:3954} INFO - Setting next_dagrun for example_trigger_controller_dag to 2021-01-01 00:00:00+00:00, run_after=2021-01-01 00:00:00+00:00
[2024-07-12T11:50:57.936+0100] {processor.py:183} INFO - Processing /home/victor/airflow_env/lib/python3.10/site-packages/airflow/example_dags/example_trigger_controller_dag.py took 0.732 seconds
[2024-07-12T11:52:18.766+0100] {processor.py:161} INFO - Started process (PID=28027) to work on /home/victor/airflow_env/lib/python3.10/site-packages/airflow/example_dags/example_trigger_controller_dag.py
[2024-07-12T11:52:18.772+0100] {processor.py:830} INFO - Processing file /home/victor/airflow_env/lib/python3.10/site-packages/airflow/example_dags/example_trigger_controller_dag.py for tasks to queue
[2024-07-12T11:52:18.780+0100] {logging_mixin.py:188} INFO - [2024-07-12T11:52:18.778+0100] {dagbag.py:545} INFO - Filling up the DagBag from /home/victor/airflow_env/lib/python3.10/site-packages/airflow/example_dags/example_trigger_controller_dag.py
[2024-07-12T11:52:18.805+0100] {processor.py:840} INFO - DAG(s) 'example_trigger_controller_dag' retrieved from /home/victor/airflow_env/lib/python3.10/site-packages/airflow/example_dags/example_trigger_controller_dag.py
[2024-07-12T11:52:18.900+0100] {logging_mixin.py:188} INFO - [2024-07-12T11:52:18.899+0100] {dag.py:3096} INFO - Sync 1 DAGs
[2024-07-12T11:52:19.015+0100] {logging_mixin.py:188} INFO - [2024-07-12T11:52:19.014+0100] {dag.py:3954} INFO - Setting next_dagrun for example_trigger_controller_dag to 2021-01-01 00:00:00+00:00, run_after=2021-01-01 00:00:00+00:00
[2024-07-12T11:52:19.289+0100] {processor.py:183} INFO - Processing /home/victor/airflow_env/lib/python3.10/site-packages/airflow/example_dags/example_trigger_controller_dag.py took 0.552 seconds
[2024-07-12T11:53:38.438+0100] {processor.py:161} INFO - Started process (PID=28359) to work on /home/victor/airflow_env/lib/python3.10/site-packages/airflow/example_dags/example_trigger_controller_dag.py
[2024-07-12T11:53:38.442+0100] {processor.py:830} INFO - Processing file /home/victor/airflow_env/lib/python3.10/site-packages/airflow/example_dags/example_trigger_controller_dag.py for tasks to queue
[2024-07-12T11:53:38.450+0100] {logging_mixin.py:188} INFO - [2024-07-12T11:53:38.448+0100] {dagbag.py:545} INFO - Filling up the DagBag from /home/victor/airflow_env/lib/python3.10/site-packages/airflow/example_dags/example_trigger_controller_dag.py
[2024-07-12T11:53:38.475+0100] {processor.py:840} INFO - DAG(s) 'example_trigger_controller_dag' retrieved from /home/victor/airflow_env/lib/python3.10/site-packages/airflow/example_dags/example_trigger_controller_dag.py
[2024-07-12T11:53:38.597+0100] {logging_mixin.py:188} INFO - [2024-07-12T11:53:38.596+0100] {dag.py:3096} INFO - Sync 1 DAGs
[2024-07-12T11:53:38.872+0100] {logging_mixin.py:188} INFO - [2024-07-12T11:53:38.871+0100] {dag.py:3954} INFO - Setting next_dagrun for example_trigger_controller_dag to 2021-01-01 00:00:00+00:00, run_after=2021-01-01 00:00:00+00:00
[2024-07-12T11:53:39.219+0100] {processor.py:183} INFO - Processing /home/victor/airflow_env/lib/python3.10/site-packages/airflow/example_dags/example_trigger_controller_dag.py took 0.813 seconds
[2024-07-12T11:54:58.933+0100] {processor.py:161} INFO - Started process (PID=28691) to work on /home/victor/airflow_env/lib/python3.10/site-packages/airflow/example_dags/example_trigger_controller_dag.py
[2024-07-12T11:54:59.056+0100] {processor.py:830} INFO - Processing file /home/victor/airflow_env/lib/python3.10/site-packages/airflow/example_dags/example_trigger_controller_dag.py for tasks to queue
[2024-07-12T11:54:59.079+0100] {logging_mixin.py:188} INFO - [2024-07-12T11:54:59.077+0100] {dagbag.py:545} INFO - Filling up the DagBag from /home/victor/airflow_env/lib/python3.10/site-packages/airflow/example_dags/example_trigger_controller_dag.py
[2024-07-12T11:54:59.121+0100] {processor.py:840} INFO - DAG(s) 'example_trigger_controller_dag' retrieved from /home/victor/airflow_env/lib/python3.10/site-packages/airflow/example_dags/example_trigger_controller_dag.py
[2024-07-12T11:54:59.248+0100] {logging_mixin.py:188} INFO - [2024-07-12T11:54:59.247+0100] {dag.py:3096} INFO - Sync 1 DAGs
[2024-07-12T11:54:59.396+0100] {logging_mixin.py:188} INFO - [2024-07-12T11:54:59.394+0100] {dag.py:3954} INFO - Setting next_dagrun for example_trigger_controller_dag to 2021-01-01 00:00:00+00:00, run_after=2021-01-01 00:00:00+00:00
[2024-07-12T11:54:59.721+0100] {processor.py:183} INFO - Processing /home/victor/airflow_env/lib/python3.10/site-packages/airflow/example_dags/example_trigger_controller_dag.py took 0.869 seconds
[2024-07-12T11:56:23.588+0100] {processor.py:161} INFO - Started process (PID=29039) to work on /home/victor/airflow_env/lib/python3.10/site-packages/airflow/example_dags/example_trigger_controller_dag.py
[2024-07-12T11:56:23.593+0100] {processor.py:830} INFO - Processing file /home/victor/airflow_env/lib/python3.10/site-packages/airflow/example_dags/example_trigger_controller_dag.py for tasks to queue
[2024-07-12T11:56:23.606+0100] {logging_mixin.py:188} INFO - [2024-07-12T11:56:23.604+0100] {dagbag.py:545} INFO - Filling up the DagBag from /home/victor/airflow_env/lib/python3.10/site-packages/airflow/example_dags/example_trigger_controller_dag.py
[2024-07-12T11:56:23.638+0100] {processor.py:840} INFO - DAG(s) 'example_trigger_controller_dag' retrieved from /home/victor/airflow_env/lib/python3.10/site-packages/airflow/example_dags/example_trigger_controller_dag.py
[2024-07-12T11:56:23.780+0100] {logging_mixin.py:188} INFO - [2024-07-12T11:56:23.779+0100] {dag.py:3096} INFO - Sync 1 DAGs
[2024-07-12T11:56:23.908+0100] {logging_mixin.py:188} INFO - [2024-07-12T11:56:23.907+0100] {dag.py:3954} INFO - Setting next_dagrun for example_trigger_controller_dag to 2021-01-01 00:00:00+00:00, run_after=2021-01-01 00:00:00+00:00
[2024-07-12T11:56:24.237+0100] {processor.py:183} INFO - Processing /home/victor/airflow_env/lib/python3.10/site-packages/airflow/example_dags/example_trigger_controller_dag.py took 0.701 seconds
[2024-07-12T11:57:52.922+0100] {processor.py:161} INFO - Started process (PID=29401) to work on /home/victor/airflow_env/lib/python3.10/site-packages/airflow/example_dags/example_trigger_controller_dag.py
[2024-07-12T11:57:52.927+0100] {processor.py:830} INFO - Processing file /home/victor/airflow_env/lib/python3.10/site-packages/airflow/example_dags/example_trigger_controller_dag.py for tasks to queue
[2024-07-12T11:57:52.935+0100] {logging_mixin.py:188} INFO - [2024-07-12T11:57:52.933+0100] {dagbag.py:545} INFO - Filling up the DagBag from /home/victor/airflow_env/lib/python3.10/site-packages/airflow/example_dags/example_trigger_controller_dag.py
[2024-07-12T11:57:52.961+0100] {processor.py:840} INFO - DAG(s) 'example_trigger_controller_dag' retrieved from /home/victor/airflow_env/lib/python3.10/site-packages/airflow/example_dags/example_trigger_controller_dag.py
[2024-07-12T11:57:53.078+0100] {logging_mixin.py:188} INFO - [2024-07-12T11:57:53.077+0100] {dag.py:3096} INFO - Sync 1 DAGs
[2024-07-12T11:57:53.212+0100] {logging_mixin.py:188} INFO - [2024-07-12T11:57:53.210+0100] {dag.py:3954} INFO - Setting next_dagrun for example_trigger_controller_dag to 2021-01-01 00:00:00+00:00, run_after=2021-01-01 00:00:00+00:00
[2024-07-12T11:57:53.504+0100] {processor.py:183} INFO - Processing /home/victor/airflow_env/lib/python3.10/site-packages/airflow/example_dags/example_trigger_controller_dag.py took 0.615 seconds
[2024-07-12T11:59:12.320+0100] {processor.py:161} INFO - Started process (PID=29732) to work on /home/victor/airflow_env/lib/python3.10/site-packages/airflow/example_dags/example_trigger_controller_dag.py
[2024-07-12T11:59:12.325+0100] {processor.py:830} INFO - Processing file /home/victor/airflow_env/lib/python3.10/site-packages/airflow/example_dags/example_trigger_controller_dag.py for tasks to queue
[2024-07-12T11:59:12.334+0100] {logging_mixin.py:188} INFO - [2024-07-12T11:59:12.332+0100] {dagbag.py:545} INFO - Filling up the DagBag from /home/victor/airflow_env/lib/python3.10/site-packages/airflow/example_dags/example_trigger_controller_dag.py
[2024-07-12T11:59:12.365+0100] {processor.py:840} INFO - DAG(s) 'example_trigger_controller_dag' retrieved from /home/victor/airflow_env/lib/python3.10/site-packages/airflow/example_dags/example_trigger_controller_dag.py
[2024-07-12T11:59:12.475+0100] {logging_mixin.py:188} INFO - [2024-07-12T11:59:12.474+0100] {dag.py:3096} INFO - Sync 1 DAGs
[2024-07-12T11:59:12.588+0100] {logging_mixin.py:188} INFO - [2024-07-12T11:59:12.587+0100] {dag.py:3954} INFO - Setting next_dagrun for example_trigger_controller_dag to 2021-01-01 00:00:00+00:00, run_after=2021-01-01 00:00:00+00:00
[2024-07-12T11:59:12.901+0100] {processor.py:183} INFO - Processing /home/victor/airflow_env/lib/python3.10/site-packages/airflow/example_dags/example_trigger_controller_dag.py took 0.613 seconds
[2024-07-12T12:00:32.109+0100] {processor.py:161} INFO - Started process (PID=30063) to work on /home/victor/airflow_env/lib/python3.10/site-packages/airflow/example_dags/example_trigger_controller_dag.py
[2024-07-12T12:00:32.115+0100] {processor.py:830} INFO - Processing file /home/victor/airflow_env/lib/python3.10/site-packages/airflow/example_dags/example_trigger_controller_dag.py for tasks to queue
[2024-07-12T12:00:32.125+0100] {logging_mixin.py:188} INFO - [2024-07-12T12:00:32.124+0100] {dagbag.py:545} INFO - Filling up the DagBag from /home/victor/airflow_env/lib/python3.10/site-packages/airflow/example_dags/example_trigger_controller_dag.py
[2024-07-12T12:00:32.160+0100] {processor.py:840} INFO - DAG(s) 'example_trigger_controller_dag' retrieved from /home/victor/airflow_env/lib/python3.10/site-packages/airflow/example_dags/example_trigger_controller_dag.py
[2024-07-12T12:00:32.292+0100] {logging_mixin.py:188} INFO - [2024-07-12T12:00:32.290+0100] {dag.py:3096} INFO - Sync 1 DAGs
[2024-07-12T12:00:32.418+0100] {logging_mixin.py:188} INFO - [2024-07-12T12:00:32.417+0100] {dag.py:3954} INFO - Setting next_dagrun for example_trigger_controller_dag to 2021-01-01 00:00:00+00:00, run_after=2021-01-01 00:00:00+00:00
[2024-07-12T12:00:32.809+0100] {processor.py:183} INFO - Processing /home/victor/airflow_env/lib/python3.10/site-packages/airflow/example_dags/example_trigger_controller_dag.py took 0.735 seconds
[2024-07-12T12:02:14.073+0100] {processor.py:161} INFO - Started process (PID=30472) to work on /home/victor/airflow_env/lib/python3.10/site-packages/airflow/example_dags/example_trigger_controller_dag.py
[2024-07-12T12:02:14.088+0100] {processor.py:830} INFO - Processing file /home/victor/airflow_env/lib/python3.10/site-packages/airflow/example_dags/example_trigger_controller_dag.py for tasks to queue
[2024-07-12T12:02:14.098+0100] {logging_mixin.py:188} INFO - [2024-07-12T12:02:14.096+0100] {dagbag.py:545} INFO - Filling up the DagBag from /home/victor/airflow_env/lib/python3.10/site-packages/airflow/example_dags/example_trigger_controller_dag.py
[2024-07-12T12:02:14.128+0100] {processor.py:840} INFO - DAG(s) 'example_trigger_controller_dag' retrieved from /home/victor/airflow_env/lib/python3.10/site-packages/airflow/example_dags/example_trigger_controller_dag.py
[2024-07-12T12:02:14.238+0100] {logging_mixin.py:188} INFO - [2024-07-12T12:02:14.237+0100] {dag.py:3096} INFO - Sync 1 DAGs
[2024-07-12T12:02:14.372+0100] {logging_mixin.py:188} INFO - [2024-07-12T12:02:14.371+0100] {dag.py:3954} INFO - Setting next_dagrun for example_trigger_controller_dag to 2021-01-01 00:00:00+00:00, run_after=2021-01-01 00:00:00+00:00
[2024-07-12T12:02:14.740+0100] {processor.py:183} INFO - Processing /home/victor/airflow_env/lib/python3.10/site-packages/airflow/example_dags/example_trigger_controller_dag.py took 0.727 seconds
[2024-07-12T12:03:47.358+0100] {processor.py:161} INFO - Started process (PID=30854) to work on /home/victor/airflow_env/lib/python3.10/site-packages/airflow/example_dags/example_trigger_controller_dag.py
[2024-07-12T12:03:47.364+0100] {processor.py:830} INFO - Processing file /home/victor/airflow_env/lib/python3.10/site-packages/airflow/example_dags/example_trigger_controller_dag.py for tasks to queue
[2024-07-12T12:03:47.375+0100] {logging_mixin.py:188} INFO - [2024-07-12T12:03:47.373+0100] {dagbag.py:545} INFO - Filling up the DagBag from /home/victor/airflow_env/lib/python3.10/site-packages/airflow/example_dags/example_trigger_controller_dag.py
[2024-07-12T12:03:47.413+0100] {processor.py:840} INFO - DAG(s) 'example_trigger_controller_dag' retrieved from /home/victor/airflow_env/lib/python3.10/site-packages/airflow/example_dags/example_trigger_controller_dag.py
[2024-07-12T12:03:47.568+0100] {logging_mixin.py:188} INFO - [2024-07-12T12:03:47.567+0100] {dag.py:3096} INFO - Sync 1 DAGs
[2024-07-12T12:03:47.691+0100] {logging_mixin.py:188} INFO - [2024-07-12T12:03:47.689+0100] {dag.py:3954} INFO - Setting next_dagrun for example_trigger_controller_dag to 2021-01-01 00:00:00+00:00, run_after=2021-01-01 00:00:00+00:00
[2024-07-12T12:03:48.106+0100] {processor.py:183} INFO - Processing /home/victor/airflow_env/lib/python3.10/site-packages/airflow/example_dags/example_trigger_controller_dag.py took 0.801 seconds
[2024-07-12T12:05:24.311+0100] {processor.py:161} INFO - Started process (PID=31247) to work on /home/victor/airflow_env/lib/python3.10/site-packages/airflow/example_dags/example_trigger_controller_dag.py
[2024-07-12T12:05:24.355+0100] {processor.py:830} INFO - Processing file /home/victor/airflow_env/lib/python3.10/site-packages/airflow/example_dags/example_trigger_controller_dag.py for tasks to queue
[2024-07-12T12:05:24.370+0100] {logging_mixin.py:188} INFO - [2024-07-12T12:05:24.367+0100] {dagbag.py:545} INFO - Filling up the DagBag from /home/victor/airflow_env/lib/python3.10/site-packages/airflow/example_dags/example_trigger_controller_dag.py
[2024-07-12T12:05:24.427+0100] {processor.py:840} INFO - DAG(s) 'example_trigger_controller_dag' retrieved from /home/victor/airflow_env/lib/python3.10/site-packages/airflow/example_dags/example_trigger_controller_dag.py
[2024-07-12T12:05:24.604+0100] {logging_mixin.py:188} INFO - [2024-07-12T12:05:24.603+0100] {dag.py:3096} INFO - Sync 1 DAGs
[2024-07-12T12:05:24.806+0100] {logging_mixin.py:188} INFO - [2024-07-12T12:05:24.805+0100] {dag.py:3954} INFO - Setting next_dagrun for example_trigger_controller_dag to 2021-01-01 00:00:00+00:00, run_after=2021-01-01 00:00:00+00:00
[2024-07-12T12:05:25.174+0100] {processor.py:183} INFO - Processing /home/victor/airflow_env/lib/python3.10/site-packages/airflow/example_dags/example_trigger_controller_dag.py took 0.923 seconds
[2024-07-12T12:06:47.084+0100] {processor.py:161} INFO - Started process (PID=31589) to work on /home/victor/airflow_env/lib/python3.10/site-packages/airflow/example_dags/example_trigger_controller_dag.py
[2024-07-12T12:06:47.088+0100] {processor.py:830} INFO - Processing file /home/victor/airflow_env/lib/python3.10/site-packages/airflow/example_dags/example_trigger_controller_dag.py for tasks to queue
[2024-07-12T12:06:47.096+0100] {logging_mixin.py:188} INFO - [2024-07-12T12:06:47.094+0100] {dagbag.py:545} INFO - Filling up the DagBag from /home/victor/airflow_env/lib/python3.10/site-packages/airflow/example_dags/example_trigger_controller_dag.py
[2024-07-12T12:06:47.121+0100] {processor.py:840} INFO - DAG(s) 'example_trigger_controller_dag' retrieved from /home/victor/airflow_env/lib/python3.10/site-packages/airflow/example_dags/example_trigger_controller_dag.py
[2024-07-12T12:06:47.234+0100] {logging_mixin.py:188} INFO - [2024-07-12T12:06:47.233+0100] {dag.py:3096} INFO - Sync 1 DAGs
[2024-07-12T12:06:47.374+0100] {logging_mixin.py:188} INFO - [2024-07-12T12:06:47.373+0100] {dag.py:3954} INFO - Setting next_dagrun for example_trigger_controller_dag to 2021-01-01 00:00:00+00:00, run_after=2021-01-01 00:00:00+00:00
[2024-07-12T12:06:47.696+0100] {processor.py:183} INFO - Processing /home/victor/airflow_env/lib/python3.10/site-packages/airflow/example_dags/example_trigger_controller_dag.py took 0.641 seconds
[2024-07-12T12:08:11.516+0100] {processor.py:161} INFO - Started process (PID=31935) to work on /home/victor/airflow_env/lib/python3.10/site-packages/airflow/example_dags/example_trigger_controller_dag.py
[2024-07-12T12:08:11.521+0100] {processor.py:830} INFO - Processing file /home/victor/airflow_env/lib/python3.10/site-packages/airflow/example_dags/example_trigger_controller_dag.py for tasks to queue
[2024-07-12T12:08:11.530+0100] {logging_mixin.py:188} INFO - [2024-07-12T12:08:11.528+0100] {dagbag.py:545} INFO - Filling up the DagBag from /home/victor/airflow_env/lib/python3.10/site-packages/airflow/example_dags/example_trigger_controller_dag.py
[2024-07-12T12:08:11.556+0100] {processor.py:840} INFO - DAG(s) 'example_trigger_controller_dag' retrieved from /home/victor/airflow_env/lib/python3.10/site-packages/airflow/example_dags/example_trigger_controller_dag.py
[2024-07-12T12:08:11.650+0100] {logging_mixin.py:188} INFO - [2024-07-12T12:08:11.649+0100] {dag.py:3096} INFO - Sync 1 DAGs
[2024-07-12T12:08:11.988+0100] {logging_mixin.py:188} INFO - [2024-07-12T12:08:11.987+0100] {dag.py:3954} INFO - Setting next_dagrun for example_trigger_controller_dag to 2021-01-01 00:00:00+00:00, run_after=2021-01-01 00:00:00+00:00
[2024-07-12T12:08:12.333+0100] {processor.py:183} INFO - Processing /home/victor/airflow_env/lib/python3.10/site-packages/airflow/example_dags/example_trigger_controller_dag.py took 0.852 seconds
[2024-07-12T12:09:38.948+0100] {processor.py:161} INFO - Started process (PID=32297) to work on /home/victor/airflow_env/lib/python3.10/site-packages/airflow/example_dags/example_trigger_controller_dag.py
[2024-07-12T12:09:38.953+0100] {processor.py:830} INFO - Processing file /home/victor/airflow_env/lib/python3.10/site-packages/airflow/example_dags/example_trigger_controller_dag.py for tasks to queue
[2024-07-12T12:09:38.964+0100] {logging_mixin.py:188} INFO - [2024-07-12T12:09:38.962+0100] {dagbag.py:545} INFO - Filling up the DagBag from /home/victor/airflow_env/lib/python3.10/site-packages/airflow/example_dags/example_trigger_controller_dag.py
[2024-07-12T12:09:39.008+0100] {processor.py:840} INFO - DAG(s) 'example_trigger_controller_dag' retrieved from /home/victor/airflow_env/lib/python3.10/site-packages/airflow/example_dags/example_trigger_controller_dag.py
[2024-07-12T12:09:39.155+0100] {logging_mixin.py:188} INFO - [2024-07-12T12:09:39.153+0100] {dag.py:3096} INFO - Sync 1 DAGs
[2024-07-12T12:09:39.320+0100] {logging_mixin.py:188} INFO - [2024-07-12T12:09:39.318+0100] {dag.py:3954} INFO - Setting next_dagrun for example_trigger_controller_dag to 2021-01-01 00:00:00+00:00, run_after=2021-01-01 00:00:00+00:00
[2024-07-12T12:09:39.793+0100] {processor.py:183} INFO - Processing /home/victor/airflow_env/lib/python3.10/site-packages/airflow/example_dags/example_trigger_controller_dag.py took 0.880 seconds
[2024-07-12T12:11:05.852+0100] {processor.py:161} INFO - Started process (PID=32660) to work on /home/victor/airflow_env/lib/python3.10/site-packages/airflow/example_dags/example_trigger_controller_dag.py
[2024-07-12T12:11:05.857+0100] {processor.py:830} INFO - Processing file /home/victor/airflow_env/lib/python3.10/site-packages/airflow/example_dags/example_trigger_controller_dag.py for tasks to queue
[2024-07-12T12:11:05.887+0100] {logging_mixin.py:188} INFO - [2024-07-12T12:11:05.885+0100] {dagbag.py:545} INFO - Filling up the DagBag from /home/victor/airflow_env/lib/python3.10/site-packages/airflow/example_dags/example_trigger_controller_dag.py
[2024-07-12T12:11:05.985+0100] {processor.py:840} INFO - DAG(s) 'example_trigger_controller_dag' retrieved from /home/victor/airflow_env/lib/python3.10/site-packages/airflow/example_dags/example_trigger_controller_dag.py
[2024-07-12T12:11:06.134+0100] {logging_mixin.py:188} INFO - [2024-07-12T12:11:06.133+0100] {dag.py:3096} INFO - Sync 1 DAGs
[2024-07-12T12:11:06.361+0100] {logging_mixin.py:188} INFO - [2024-07-12T12:11:06.351+0100] {dag.py:3954} INFO - Setting next_dagrun for example_trigger_controller_dag to 2021-01-01 00:00:00+00:00, run_after=2021-01-01 00:00:00+00:00
[2024-07-12T12:11:07.083+0100] {processor.py:183} INFO - Processing /home/victor/airflow_env/lib/python3.10/site-packages/airflow/example_dags/example_trigger_controller_dag.py took 1.284 seconds
[2024-07-12T12:12:31.799+0100] {processor.py:161} INFO - Started process (PID=33013) to work on /home/victor/airflow_env/lib/python3.10/site-packages/airflow/example_dags/example_trigger_controller_dag.py
[2024-07-12T12:12:31.804+0100] {processor.py:830} INFO - Processing file /home/victor/airflow_env/lib/python3.10/site-packages/airflow/example_dags/example_trigger_controller_dag.py for tasks to queue
[2024-07-12T12:12:31.813+0100] {logging_mixin.py:188} INFO - [2024-07-12T12:12:31.811+0100] {dagbag.py:545} INFO - Filling up the DagBag from /home/victor/airflow_env/lib/python3.10/site-packages/airflow/example_dags/example_trigger_controller_dag.py
[2024-07-12T12:12:31.870+0100] {processor.py:840} INFO - DAG(s) 'example_trigger_controller_dag' retrieved from /home/victor/airflow_env/lib/python3.10/site-packages/airflow/example_dags/example_trigger_controller_dag.py
[2024-07-12T12:12:31.980+0100] {logging_mixin.py:188} INFO - [2024-07-12T12:12:31.979+0100] {dag.py:3096} INFO - Sync 1 DAGs
[2024-07-12T12:12:32.158+0100] {logging_mixin.py:188} INFO - [2024-07-12T12:12:32.157+0100] {dag.py:3954} INFO - Setting next_dagrun for example_trigger_controller_dag to 2021-01-01 00:00:00+00:00, run_after=2021-01-01 00:00:00+00:00
[2024-07-12T12:12:32.511+0100] {processor.py:183} INFO - Processing /home/victor/airflow_env/lib/python3.10/site-packages/airflow/example_dags/example_trigger_controller_dag.py took 0.741 seconds
[2024-07-12T12:13:50.738+0100] {processor.py:161} INFO - Started process (PID=33340) to work on /home/victor/airflow_env/lib/python3.10/site-packages/airflow/example_dags/example_trigger_controller_dag.py
[2024-07-12T12:13:50.743+0100] {processor.py:830} INFO - Processing file /home/victor/airflow_env/lib/python3.10/site-packages/airflow/example_dags/example_trigger_controller_dag.py for tasks to queue
[2024-07-12T12:13:50.752+0100] {logging_mixin.py:188} INFO - [2024-07-12T12:13:50.750+0100] {dagbag.py:545} INFO - Filling up the DagBag from /home/victor/airflow_env/lib/python3.10/site-packages/airflow/example_dags/example_trigger_controller_dag.py
[2024-07-12T12:13:50.781+0100] {processor.py:840} INFO - DAG(s) 'example_trigger_controller_dag' retrieved from /home/victor/airflow_env/lib/python3.10/site-packages/airflow/example_dags/example_trigger_controller_dag.py
[2024-07-12T12:13:50.901+0100] {logging_mixin.py:188} INFO - [2024-07-12T12:13:50.899+0100] {dag.py:3096} INFO - Sync 1 DAGs
[2024-07-12T12:13:51.038+0100] {logging_mixin.py:188} INFO - [2024-07-12T12:13:51.037+0100] {dag.py:3954} INFO - Setting next_dagrun for example_trigger_controller_dag to 2021-01-01 00:00:00+00:00, run_after=2021-01-01 00:00:00+00:00
[2024-07-12T12:13:51.391+0100] {processor.py:183} INFO - Processing /home/victor/airflow_env/lib/python3.10/site-packages/airflow/example_dags/example_trigger_controller_dag.py took 0.693 seconds
[2024-07-12T12:15:21.117+0100] {processor.py:161} INFO - Started process (PID=33709) to work on /home/victor/airflow_env/lib/python3.10/site-packages/airflow/example_dags/example_trigger_controller_dag.py
[2024-07-12T12:15:21.147+0100] {processor.py:830} INFO - Processing file /home/victor/airflow_env/lib/python3.10/site-packages/airflow/example_dags/example_trigger_controller_dag.py for tasks to queue
[2024-07-12T12:15:21.170+0100] {logging_mixin.py:188} INFO - [2024-07-12T12:15:21.168+0100] {dagbag.py:545} INFO - Filling up the DagBag from /home/victor/airflow_env/lib/python3.10/site-packages/airflow/example_dags/example_trigger_controller_dag.py
[2024-07-12T12:15:21.212+0100] {processor.py:840} INFO - DAG(s) 'example_trigger_controller_dag' retrieved from /home/victor/airflow_env/lib/python3.10/site-packages/airflow/example_dags/example_trigger_controller_dag.py
[2024-07-12T12:15:21.354+0100] {logging_mixin.py:188} INFO - [2024-07-12T12:15:21.353+0100] {dag.py:3096} INFO - Sync 1 DAGs
[2024-07-12T12:15:21.488+0100] {logging_mixin.py:188} INFO - [2024-07-12T12:15:21.487+0100] {dag.py:3954} INFO - Setting next_dagrun for example_trigger_controller_dag to 2021-01-01 00:00:00+00:00, run_after=2021-01-01 00:00:00+00:00
[2024-07-12T12:15:21.817+0100] {processor.py:183} INFO - Processing /home/victor/airflow_env/lib/python3.10/site-packages/airflow/example_dags/example_trigger_controller_dag.py took 0.752 seconds
[2024-07-12T12:17:24.655+0100] {processor.py:161} INFO - Started process (PID=34199) to work on /home/victor/airflow_env/lib/python3.10/site-packages/airflow/example_dags/example_trigger_controller_dag.py
[2024-07-12T12:17:24.660+0100] {processor.py:830} INFO - Processing file /home/victor/airflow_env/lib/python3.10/site-packages/airflow/example_dags/example_trigger_controller_dag.py for tasks to queue
[2024-07-12T12:17:24.670+0100] {logging_mixin.py:188} INFO - [2024-07-12T12:17:24.668+0100] {dagbag.py:545} INFO - Filling up the DagBag from /home/victor/airflow_env/lib/python3.10/site-packages/airflow/example_dags/example_trigger_controller_dag.py
[2024-07-12T12:17:24.698+0100] {processor.py:840} INFO - DAG(s) 'example_trigger_controller_dag' retrieved from /home/victor/airflow_env/lib/python3.10/site-packages/airflow/example_dags/example_trigger_controller_dag.py
[2024-07-12T12:17:24.852+0100] {logging_mixin.py:188} INFO - [2024-07-12T12:17:24.851+0100] {dag.py:3096} INFO - Sync 1 DAGs
[2024-07-12T12:17:24.971+0100] {logging_mixin.py:188} INFO - [2024-07-12T12:17:24.970+0100] {dag.py:3954} INFO - Setting next_dagrun for example_trigger_controller_dag to 2021-01-01 00:00:00+00:00, run_after=2021-01-01 00:00:00+00:00
[2024-07-12T12:17:25.258+0100] {processor.py:183} INFO - Processing /home/victor/airflow_env/lib/python3.10/site-packages/airflow/example_dags/example_trigger_controller_dag.py took 0.643 seconds
[2024-07-12T12:19:05.284+0100] {processor.py:161} INFO - Started process (PID=34613) to work on /home/victor/airflow_env/lib/python3.10/site-packages/airflow/example_dags/example_trigger_controller_dag.py
[2024-07-12T12:19:05.289+0100] {processor.py:830} INFO - Processing file /home/victor/airflow_env/lib/python3.10/site-packages/airflow/example_dags/example_trigger_controller_dag.py for tasks to queue
[2024-07-12T12:19:05.298+0100] {logging_mixin.py:188} INFO - [2024-07-12T12:19:05.296+0100] {dagbag.py:545} INFO - Filling up the DagBag from /home/victor/airflow_env/lib/python3.10/site-packages/airflow/example_dags/example_trigger_controller_dag.py
[2024-07-12T12:19:05.331+0100] {processor.py:840} INFO - DAG(s) 'example_trigger_controller_dag' retrieved from /home/victor/airflow_env/lib/python3.10/site-packages/airflow/example_dags/example_trigger_controller_dag.py
[2024-07-12T12:19:05.445+0100] {logging_mixin.py:188} INFO - [2024-07-12T12:19:05.444+0100] {dag.py:3096} INFO - Sync 1 DAGs
[2024-07-12T12:19:05.656+0100] {logging_mixin.py:188} INFO - [2024-07-12T12:19:05.655+0100] {dag.py:3954} INFO - Setting next_dagrun for example_trigger_controller_dag to 2021-01-01 00:00:00+00:00, run_after=2021-01-01 00:00:00+00:00
[2024-07-12T12:19:06.019+0100] {processor.py:183} INFO - Processing /home/victor/airflow_env/lib/python3.10/site-packages/airflow/example_dags/example_trigger_controller_dag.py took 0.769 seconds
[2024-07-12T12:20:49.532+0100] {processor.py:161} INFO - Started process (PID=35033) to work on /home/victor/airflow_env/lib/python3.10/site-packages/airflow/example_dags/example_trigger_controller_dag.py
[2024-07-12T12:20:49.537+0100] {processor.py:830} INFO - Processing file /home/victor/airflow_env/lib/python3.10/site-packages/airflow/example_dags/example_trigger_controller_dag.py for tasks to queue
[2024-07-12T12:20:49.545+0100] {logging_mixin.py:188} INFO - [2024-07-12T12:20:49.543+0100] {dagbag.py:545} INFO - Filling up the DagBag from /home/victor/airflow_env/lib/python3.10/site-packages/airflow/example_dags/example_trigger_controller_dag.py
[2024-07-12T12:20:49.576+0100] {processor.py:840} INFO - DAG(s) 'example_trigger_controller_dag' retrieved from /home/victor/airflow_env/lib/python3.10/site-packages/airflow/example_dags/example_trigger_controller_dag.py
[2024-07-12T12:20:49.721+0100] {logging_mixin.py:188} INFO - [2024-07-12T12:20:49.720+0100] {dag.py:3096} INFO - Sync 1 DAGs
[2024-07-12T12:20:49.846+0100] {logging_mixin.py:188} INFO - [2024-07-12T12:20:49.845+0100] {dag.py:3954} INFO - Setting next_dagrun for example_trigger_controller_dag to 2021-01-01 00:00:00+00:00, run_after=2021-01-01 00:00:00+00:00
[2024-07-12T12:20:50.178+0100] {processor.py:183} INFO - Processing /home/victor/airflow_env/lib/python3.10/site-packages/airflow/example_dags/example_trigger_controller_dag.py took 0.684 seconds
[2024-07-12T12:22:17.552+0100] {processor.py:161} INFO - Started process (PID=35396) to work on /home/victor/airflow_env/lib/python3.10/site-packages/airflow/example_dags/example_trigger_controller_dag.py
[2024-07-12T12:22:17.557+0100] {processor.py:830} INFO - Processing file /home/victor/airflow_env/lib/python3.10/site-packages/airflow/example_dags/example_trigger_controller_dag.py for tasks to queue
[2024-07-12T12:22:17.565+0100] {logging_mixin.py:188} INFO - [2024-07-12T12:22:17.563+0100] {dagbag.py:545} INFO - Filling up the DagBag from /home/victor/airflow_env/lib/python3.10/site-packages/airflow/example_dags/example_trigger_controller_dag.py
[2024-07-12T12:22:17.591+0100] {processor.py:840} INFO - DAG(s) 'example_trigger_controller_dag' retrieved from /home/victor/airflow_env/lib/python3.10/site-packages/airflow/example_dags/example_trigger_controller_dag.py
[2024-07-12T12:22:17.885+0100] {logging_mixin.py:188} INFO - [2024-07-12T12:22:17.884+0100] {dag.py:3096} INFO - Sync 1 DAGs
[2024-07-12T12:22:18.049+0100] {logging_mixin.py:188} INFO - [2024-07-12T12:22:18.048+0100] {dag.py:3954} INFO - Setting next_dagrun for example_trigger_controller_dag to 2021-01-01 00:00:00+00:00, run_after=2021-01-01 00:00:00+00:00
[2024-07-12T12:22:18.346+0100] {processor.py:183} INFO - Processing /home/victor/airflow_env/lib/python3.10/site-packages/airflow/example_dags/example_trigger_controller_dag.py took 0.822 seconds
[2024-07-12T12:23:45.814+0100] {processor.py:161} INFO - Started process (PID=35758) to work on /home/victor/airflow_env/lib/python3.10/site-packages/airflow/example_dags/example_trigger_controller_dag.py
[2024-07-12T12:23:45.819+0100] {processor.py:830} INFO - Processing file /home/victor/airflow_env/lib/python3.10/site-packages/airflow/example_dags/example_trigger_controller_dag.py for tasks to queue
[2024-07-12T12:23:45.828+0100] {logging_mixin.py:188} INFO - [2024-07-12T12:23:45.826+0100] {dagbag.py:545} INFO - Filling up the DagBag from /home/victor/airflow_env/lib/python3.10/site-packages/airflow/example_dags/example_trigger_controller_dag.py
[2024-07-12T12:23:45.857+0100] {processor.py:840} INFO - DAG(s) 'example_trigger_controller_dag' retrieved from /home/victor/airflow_env/lib/python3.10/site-packages/airflow/example_dags/example_trigger_controller_dag.py
[2024-07-12T12:23:45.985+0100] {logging_mixin.py:188} INFO - [2024-07-12T12:23:45.983+0100] {dag.py:3096} INFO - Sync 1 DAGs
[2024-07-12T12:23:46.102+0100] {logging_mixin.py:188} INFO - [2024-07-12T12:23:46.101+0100] {dag.py:3954} INFO - Setting next_dagrun for example_trigger_controller_dag to 2021-01-01 00:00:00+00:00, run_after=2021-01-01 00:00:00+00:00
[2024-07-12T12:23:46.445+0100] {processor.py:183} INFO - Processing /home/victor/airflow_env/lib/python3.10/site-packages/airflow/example_dags/example_trigger_controller_dag.py took 0.662 seconds
[2024-07-12T12:25:26.459+0100] {processor.py:161} INFO - Started process (PID=36165) to work on /home/victor/airflow_env/lib/python3.10/site-packages/airflow/example_dags/example_trigger_controller_dag.py
[2024-07-12T12:25:26.464+0100] {processor.py:830} INFO - Processing file /home/victor/airflow_env/lib/python3.10/site-packages/airflow/example_dags/example_trigger_controller_dag.py for tasks to queue
[2024-07-12T12:25:26.482+0100] {logging_mixin.py:188} INFO - [2024-07-12T12:25:26.472+0100] {dagbag.py:545} INFO - Filling up the DagBag from /home/victor/airflow_env/lib/python3.10/site-packages/airflow/example_dags/example_trigger_controller_dag.py
[2024-07-12T12:25:26.522+0100] {processor.py:840} INFO - DAG(s) 'example_trigger_controller_dag' retrieved from /home/victor/airflow_env/lib/python3.10/site-packages/airflow/example_dags/example_trigger_controller_dag.py
[2024-07-12T12:25:26.710+0100] {logging_mixin.py:188} INFO - [2024-07-12T12:25:26.708+0100] {dag.py:3096} INFO - Sync 1 DAGs
[2024-07-12T12:25:26.970+0100] {logging_mixin.py:188} INFO - [2024-07-12T12:25:26.969+0100] {dag.py:3954} INFO - Setting next_dagrun for example_trigger_controller_dag to 2021-01-01 00:00:00+00:00, run_after=2021-01-01 00:00:00+00:00
[2024-07-12T12:25:27.461+0100] {processor.py:183} INFO - Processing /home/victor/airflow_env/lib/python3.10/site-packages/airflow/example_dags/example_trigger_controller_dag.py took 1.052 seconds
[2024-07-12T12:27:01.642+0100] {processor.py:161} INFO - Started process (PID=36550) to work on /home/victor/airflow_env/lib/python3.10/site-packages/airflow/example_dags/example_trigger_controller_dag.py
[2024-07-12T12:27:01.649+0100] {processor.py:830} INFO - Processing file /home/victor/airflow_env/lib/python3.10/site-packages/airflow/example_dags/example_trigger_controller_dag.py for tasks to queue
[2024-07-12T12:27:01.658+0100] {logging_mixin.py:188} INFO - [2024-07-12T12:27:01.655+0100] {dagbag.py:545} INFO - Filling up the DagBag from /home/victor/airflow_env/lib/python3.10/site-packages/airflow/example_dags/example_trigger_controller_dag.py
[2024-07-12T12:27:01.689+0100] {processor.py:840} INFO - DAG(s) 'example_trigger_controller_dag' retrieved from /home/victor/airflow_env/lib/python3.10/site-packages/airflow/example_dags/example_trigger_controller_dag.py
[2024-07-12T12:27:01.824+0100] {logging_mixin.py:188} INFO - [2024-07-12T12:27:01.823+0100] {dag.py:3096} INFO - Sync 1 DAGs
[2024-07-12T12:27:02.063+0100] {logging_mixin.py:188} INFO - [2024-07-12T12:27:02.062+0100] {dag.py:3954} INFO - Setting next_dagrun for example_trigger_controller_dag to 2021-01-01 00:00:00+00:00, run_after=2021-01-01 00:00:00+00:00
[2024-07-12T12:27:02.537+0100] {processor.py:183} INFO - Processing /home/victor/airflow_env/lib/python3.10/site-packages/airflow/example_dags/example_trigger_controller_dag.py took 0.946 seconds
[2024-07-12T12:28:32.574+0100] {processor.py:161} INFO - Started process (PID=36921) to work on /home/victor/airflow_env/lib/python3.10/site-packages/airflow/example_dags/example_trigger_controller_dag.py
[2024-07-12T12:28:32.579+0100] {processor.py:830} INFO - Processing file /home/victor/airflow_env/lib/python3.10/site-packages/airflow/example_dags/example_trigger_controller_dag.py for tasks to queue
[2024-07-12T12:28:32.589+0100] {logging_mixin.py:188} INFO - [2024-07-12T12:28:32.587+0100] {dagbag.py:545} INFO - Filling up the DagBag from /home/victor/airflow_env/lib/python3.10/site-packages/airflow/example_dags/example_trigger_controller_dag.py
[2024-07-12T12:28:32.616+0100] {processor.py:840} INFO - DAG(s) 'example_trigger_controller_dag' retrieved from /home/victor/airflow_env/lib/python3.10/site-packages/airflow/example_dags/example_trigger_controller_dag.py
[2024-07-12T12:28:32.732+0100] {logging_mixin.py:188} INFO - [2024-07-12T12:28:32.731+0100] {dag.py:3096} INFO - Sync 1 DAGs
[2024-07-12T12:28:32.855+0100] {logging_mixin.py:188} INFO - [2024-07-12T12:28:32.854+0100] {dag.py:3954} INFO - Setting next_dagrun for example_trigger_controller_dag to 2021-01-01 00:00:00+00:00, run_after=2021-01-01 00:00:00+00:00
[2024-07-12T12:28:33.334+0100] {processor.py:183} INFO - Processing /home/victor/airflow_env/lib/python3.10/site-packages/airflow/example_dags/example_trigger_controller_dag.py took 0.793 seconds
[2024-07-12T12:30:07.052+0100] {processor.py:161} INFO - Started process (PID=37307) to work on /home/victor/airflow_env/lib/python3.10/site-packages/airflow/example_dags/example_trigger_controller_dag.py
[2024-07-12T12:30:07.057+0100] {processor.py:830} INFO - Processing file /home/victor/airflow_env/lib/python3.10/site-packages/airflow/example_dags/example_trigger_controller_dag.py for tasks to queue
[2024-07-12T12:30:07.066+0100] {logging_mixin.py:188} INFO - [2024-07-12T12:30:07.064+0100] {dagbag.py:545} INFO - Filling up the DagBag from /home/victor/airflow_env/lib/python3.10/site-packages/airflow/example_dags/example_trigger_controller_dag.py
[2024-07-12T12:30:07.099+0100] {processor.py:840} INFO - DAG(s) 'example_trigger_controller_dag' retrieved from /home/victor/airflow_env/lib/python3.10/site-packages/airflow/example_dags/example_trigger_controller_dag.py
[2024-07-12T12:30:07.228+0100] {logging_mixin.py:188} INFO - [2024-07-12T12:30:07.227+0100] {dag.py:3096} INFO - Sync 1 DAGs
[2024-07-12T12:30:07.363+0100] {logging_mixin.py:188} INFO - [2024-07-12T12:30:07.362+0100] {dag.py:3954} INFO - Setting next_dagrun for example_trigger_controller_dag to 2021-01-01 00:00:00+00:00, run_after=2021-01-01 00:00:00+00:00
[2024-07-12T12:30:07.691+0100] {processor.py:183} INFO - Processing /home/victor/airflow_env/lib/python3.10/site-packages/airflow/example_dags/example_trigger_controller_dag.py took 0.676 seconds
[2024-07-12T12:31:36.697+0100] {processor.py:161} INFO - Started process (PID=37678) to work on /home/victor/airflow_env/lib/python3.10/site-packages/airflow/example_dags/example_trigger_controller_dag.py
[2024-07-12T12:31:36.701+0100] {processor.py:830} INFO - Processing file /home/victor/airflow_env/lib/python3.10/site-packages/airflow/example_dags/example_trigger_controller_dag.py for tasks to queue
[2024-07-12T12:31:36.711+0100] {logging_mixin.py:188} INFO - [2024-07-12T12:31:36.709+0100] {dagbag.py:545} INFO - Filling up the DagBag from /home/victor/airflow_env/lib/python3.10/site-packages/airflow/example_dags/example_trigger_controller_dag.py
[2024-07-12T12:31:36.739+0100] {processor.py:840} INFO - DAG(s) 'example_trigger_controller_dag' retrieved from /home/victor/airflow_env/lib/python3.10/site-packages/airflow/example_dags/example_trigger_controller_dag.py
[2024-07-12T12:31:36.851+0100] {logging_mixin.py:188} INFO - [2024-07-12T12:31:36.850+0100] {dag.py:3096} INFO - Sync 1 DAGs
[2024-07-12T12:31:37.024+0100] {logging_mixin.py:188} INFO - [2024-07-12T12:31:37.023+0100] {dag.py:3954} INFO - Setting next_dagrun for example_trigger_controller_dag to 2021-01-01 00:00:00+00:00, run_after=2021-01-01 00:00:00+00:00
[2024-07-12T12:31:37.450+0100] {processor.py:183} INFO - Processing /home/victor/airflow_env/lib/python3.10/site-packages/airflow/example_dags/example_trigger_controller_dag.py took 0.784 seconds
[2024-07-12T12:33:02.424+0100] {processor.py:161} INFO - Started process (PID=38033) to work on /home/victor/airflow_env/lib/python3.10/site-packages/airflow/example_dags/example_trigger_controller_dag.py
[2024-07-12T12:33:02.429+0100] {processor.py:830} INFO - Processing file /home/victor/airflow_env/lib/python3.10/site-packages/airflow/example_dags/example_trigger_controller_dag.py for tasks to queue
[2024-07-12T12:33:02.438+0100] {logging_mixin.py:188} INFO - [2024-07-12T12:33:02.437+0100] {dagbag.py:545} INFO - Filling up the DagBag from /home/victor/airflow_env/lib/python3.10/site-packages/airflow/example_dags/example_trigger_controller_dag.py
[2024-07-12T12:33:02.465+0100] {processor.py:840} INFO - DAG(s) 'example_trigger_controller_dag' retrieved from /home/victor/airflow_env/lib/python3.10/site-packages/airflow/example_dags/example_trigger_controller_dag.py
[2024-07-12T12:33:02.571+0100] {logging_mixin.py:188} INFO - [2024-07-12T12:33:02.569+0100] {dag.py:3096} INFO - Sync 1 DAGs
[2024-07-12T12:33:02.696+0100] {logging_mixin.py:188} INFO - [2024-07-12T12:33:02.694+0100] {dag.py:3954} INFO - Setting next_dagrun for example_trigger_controller_dag to 2021-01-01 00:00:00+00:00, run_after=2021-01-01 00:00:00+00:00
[2024-07-12T12:33:03.041+0100] {processor.py:183} INFO - Processing /home/victor/airflow_env/lib/python3.10/site-packages/airflow/example_dags/example_trigger_controller_dag.py took 0.648 seconds
