[2024-07-12T11:05:18.037+0100] {processor.py:161} INFO - Started process (PID=16083) to work on /home/victor/airflow_env/lib/python3.10/site-packages/airflow/example_dags/example_sla_dag.py
[2024-07-12T11:05:18.042+0100] {processor.py:830} INFO - Processing file /home/victor/airflow_env/lib/python3.10/site-packages/airflow/example_dags/example_sla_dag.py for tasks to queue
[2024-07-12T11:05:18.061+0100] {logging_mixin.py:188} INFO - [2024-07-12T11:05:18.059+0100] {dagbag.py:545} INFO - Filling up the DagBag from /home/victor/airflow_env/lib/python3.10/site-packages/airflow/example_dags/example_sla_dag.py
[2024-07-12T11:05:18.128+0100] {processor.py:840} INFO - DAG(s) 'example_sla_dag' retrieved from /home/victor/airflow_env/lib/python3.10/site-packages/airflow/example_dags/example_sla_dag.py
[2024-07-12T11:05:18.968+0100] {logging_mixin.py:188} INFO - [2024-07-12T11:05:18.965+0100] {override.py:1847} INFO - Created Permission View: can edit on DAG:example_sla_dag
[2024-07-12T11:05:19.153+0100] {logging_mixin.py:188} INFO - [2024-07-12T11:05:19.151+0100] {override.py:1847} INFO - Created Permission View: can read on DAG:example_sla_dag
[2024-07-12T11:05:19.309+0100] {logging_mixin.py:188} INFO - [2024-07-12T11:05:19.308+0100] {override.py:1847} INFO - Created Permission View: can delete on DAG:example_sla_dag
[2024-07-12T11:05:19.313+0100] {logging_mixin.py:188} INFO - [2024-07-12T11:05:19.311+0100] {dag.py:3096} INFO - Sync 1 DAGs
[2024-07-12T11:05:19.382+0100] {logging_mixin.py:188} INFO - [2024-07-12T11:05:19.381+0100] {dag.py:3118} INFO - Creating ORM DAG for example_sla_dag
[2024-07-12T11:05:19.453+0100] {logging_mixin.py:188} INFO - [2024-07-12T11:05:19.452+0100] {dag.py:3954} INFO - Setting next_dagrun for example_sla_dag to 2024-07-12 10:02:00+00:00, run_after=2024-07-12 10:04:00+00:00
[2024-07-12T11:05:19.767+0100] {processor.py:183} INFO - Processing /home/victor/airflow_env/lib/python3.10/site-packages/airflow/example_dags/example_sla_dag.py took 1.764 seconds
[2024-07-12T11:08:12.814+0100] {processor.py:161} INFO - Started process (PID=16781) to work on /home/victor/airflow_env/lib/python3.10/site-packages/airflow/example_dags/example_sla_dag.py
[2024-07-12T11:08:12.821+0100] {processor.py:830} INFO - Processing file /home/victor/airflow_env/lib/python3.10/site-packages/airflow/example_dags/example_sla_dag.py for tasks to queue
[2024-07-12T11:08:12.832+0100] {logging_mixin.py:188} INFO - [2024-07-12T11:08:12.828+0100] {dagbag.py:545} INFO - Filling up the DagBag from /home/victor/airflow_env/lib/python3.10/site-packages/airflow/example_dags/example_sla_dag.py
[2024-07-12T11:08:12.906+0100] {processor.py:840} INFO - DAG(s) 'example_sla_dag' retrieved from /home/victor/airflow_env/lib/python3.10/site-packages/airflow/example_dags/example_sla_dag.py
[2024-07-12T11:08:13.071+0100] {logging_mixin.py:188} INFO - [2024-07-12T11:08:13.070+0100] {dag.py:3096} INFO - Sync 1 DAGs
[2024-07-12T11:08:13.377+0100] {logging_mixin.py:188} INFO - [2024-07-12T11:08:13.376+0100] {dag.py:3954} INFO - Setting next_dagrun for example_sla_dag to 2024-07-12 10:06:00+00:00, run_after=2024-07-12 10:08:00+00:00
[2024-07-12T11:08:14.025+0100] {processor.py:183} INFO - Processing /home/victor/airflow_env/lib/python3.10/site-packages/airflow/example_dags/example_sla_dag.py took 1.240 seconds
[2024-07-12T11:10:47.842+0100] {processor.py:161} INFO - Started process (PID=17386) to work on /home/victor/airflow_env/lib/python3.10/site-packages/airflow/example_dags/example_sla_dag.py
[2024-07-12T11:10:47.848+0100] {processor.py:830} INFO - Processing file /home/victor/airflow_env/lib/python3.10/site-packages/airflow/example_dags/example_sla_dag.py for tasks to queue
[2024-07-12T11:10:47.857+0100] {logging_mixin.py:188} INFO - [2024-07-12T11:10:47.855+0100] {dagbag.py:545} INFO - Filling up the DagBag from /home/victor/airflow_env/lib/python3.10/site-packages/airflow/example_dags/example_sla_dag.py
[2024-07-12T11:10:47.913+0100] {processor.py:840} INFO - DAG(s) 'example_sla_dag' retrieved from /home/victor/airflow_env/lib/python3.10/site-packages/airflow/example_dags/example_sla_dag.py
[2024-07-12T11:10:48.022+0100] {logging_mixin.py:188} INFO - [2024-07-12T11:10:48.019+0100] {dag.py:3096} INFO - Sync 1 DAGs
[2024-07-12T11:10:48.490+0100] {logging_mixin.py:188} INFO - [2024-07-12T11:10:48.489+0100] {dag.py:3954} INFO - Setting next_dagrun for example_sla_dag to 2024-07-12 10:08:00+00:00, run_after=2024-07-12 10:10:00+00:00
[2024-07-12T11:10:48.802+0100] {processor.py:183} INFO - Processing /home/victor/airflow_env/lib/python3.10/site-packages/airflow/example_dags/example_sla_dag.py took 0.994 seconds
[2024-07-12T11:12:43.121+0100] {processor.py:161} INFO - Started process (PID=17856) to work on /home/victor/airflow_env/lib/python3.10/site-packages/airflow/example_dags/example_sla_dag.py
[2024-07-12T11:12:43.128+0100] {processor.py:830} INFO - Processing file /home/victor/airflow_env/lib/python3.10/site-packages/airflow/example_dags/example_sla_dag.py for tasks to queue
[2024-07-12T11:12:43.140+0100] {logging_mixin.py:188} INFO - [2024-07-12T11:12:43.138+0100] {dagbag.py:545} INFO - Filling up the DagBag from /home/victor/airflow_env/lib/python3.10/site-packages/airflow/example_dags/example_sla_dag.py
[2024-07-12T11:12:43.186+0100] {processor.py:840} INFO - DAG(s) 'example_sla_dag' retrieved from /home/victor/airflow_env/lib/python3.10/site-packages/airflow/example_dags/example_sla_dag.py
[2024-07-12T11:12:43.283+0100] {logging_mixin.py:188} INFO - [2024-07-12T11:12:43.282+0100] {dag.py:3096} INFO - Sync 1 DAGs
[2024-07-12T11:12:43.431+0100] {logging_mixin.py:188} INFO - [2024-07-12T11:12:43.430+0100] {dag.py:3954} INFO - Setting next_dagrun for example_sla_dag to 2024-07-12 10:10:00+00:00, run_after=2024-07-12 10:12:00+00:00
[2024-07-12T11:12:43.732+0100] {processor.py:183} INFO - Processing /home/victor/airflow_env/lib/python3.10/site-packages/airflow/example_dags/example_sla_dag.py took 0.644 seconds
[2024-07-12T11:14:23.331+0100] {processor.py:161} INFO - Started process (PID=18268) to work on /home/victor/airflow_env/lib/python3.10/site-packages/airflow/example_dags/example_sla_dag.py
[2024-07-12T11:14:23.337+0100] {processor.py:830} INFO - Processing file /home/victor/airflow_env/lib/python3.10/site-packages/airflow/example_dags/example_sla_dag.py for tasks to queue
[2024-07-12T11:14:23.351+0100] {logging_mixin.py:188} INFO - [2024-07-12T11:14:23.349+0100] {dagbag.py:545} INFO - Filling up the DagBag from /home/victor/airflow_env/lib/python3.10/site-packages/airflow/example_dags/example_sla_dag.py
[2024-07-12T11:14:23.420+0100] {processor.py:840} INFO - DAG(s) 'example_sla_dag' retrieved from /home/victor/airflow_env/lib/python3.10/site-packages/airflow/example_dags/example_sla_dag.py
[2024-07-12T11:14:23.549+0100] {logging_mixin.py:188} INFO - [2024-07-12T11:14:23.548+0100] {dag.py:3096} INFO - Sync 1 DAGs
[2024-07-12T11:14:23.785+0100] {logging_mixin.py:188} INFO - [2024-07-12T11:14:23.784+0100] {dag.py:3954} INFO - Setting next_dagrun for example_sla_dag to 2024-07-12 10:12:00+00:00, run_after=2024-07-12 10:14:00+00:00
[2024-07-12T11:14:24.172+0100] {processor.py:183} INFO - Processing /home/victor/airflow_env/lib/python3.10/site-packages/airflow/example_dags/example_sla_dag.py took 0.887 seconds
[2024-07-12T11:16:43.391+0100] {processor.py:161} INFO - Started process (PID=18836) to work on /home/victor/airflow_env/lib/python3.10/site-packages/airflow/example_dags/example_sla_dag.py
[2024-07-12T11:16:43.397+0100] {processor.py:830} INFO - Processing file /home/victor/airflow_env/lib/python3.10/site-packages/airflow/example_dags/example_sla_dag.py for tasks to queue
[2024-07-12T11:16:43.408+0100] {logging_mixin.py:188} INFO - [2024-07-12T11:16:43.406+0100] {dagbag.py:545} INFO - Filling up the DagBag from /home/victor/airflow_env/lib/python3.10/site-packages/airflow/example_dags/example_sla_dag.py
[2024-07-12T11:16:43.474+0100] {processor.py:840} INFO - DAG(s) 'example_sla_dag' retrieved from /home/victor/airflow_env/lib/python3.10/site-packages/airflow/example_dags/example_sla_dag.py
[2024-07-12T11:16:43.578+0100] {logging_mixin.py:188} INFO - [2024-07-12T11:16:43.577+0100] {dag.py:3096} INFO - Sync 1 DAGs
[2024-07-12T11:16:44.108+0100] {logging_mixin.py:188} INFO - [2024-07-12T11:16:44.107+0100] {dag.py:3954} INFO - Setting next_dagrun for example_sla_dag to 2024-07-12 10:14:00+00:00, run_after=2024-07-12 10:16:00+00:00
[2024-07-12T11:16:46.924+0100] {processor.py:183} INFO - Processing /home/victor/airflow_env/lib/python3.10/site-packages/airflow/example_dags/example_sla_dag.py took 3.577 seconds
[2024-07-12T11:18:43.093+0100] {processor.py:161} INFO - Started process (PID=19325) to work on /home/victor/airflow_env/lib/python3.10/site-packages/airflow/example_dags/example_sla_dag.py
[2024-07-12T11:18:43.097+0100] {processor.py:830} INFO - Processing file /home/victor/airflow_env/lib/python3.10/site-packages/airflow/example_dags/example_sla_dag.py for tasks to queue
[2024-07-12T11:18:43.108+0100] {logging_mixin.py:188} INFO - [2024-07-12T11:18:43.106+0100] {dagbag.py:545} INFO - Filling up the DagBag from /home/victor/airflow_env/lib/python3.10/site-packages/airflow/example_dags/example_sla_dag.py
[2024-07-12T11:18:43.178+0100] {processor.py:840} INFO - DAG(s) 'example_sla_dag' retrieved from /home/victor/airflow_env/lib/python3.10/site-packages/airflow/example_dags/example_sla_dag.py
[2024-07-12T11:18:43.291+0100] {logging_mixin.py:188} INFO - [2024-07-12T11:18:43.290+0100] {dag.py:3096} INFO - Sync 1 DAGs
[2024-07-12T11:18:43.444+0100] {logging_mixin.py:188} INFO - [2024-07-12T11:18:43.443+0100] {dag.py:3954} INFO - Setting next_dagrun for example_sla_dag to 2024-07-12 10:16:00+00:00, run_after=2024-07-12 10:18:00+00:00
[2024-07-12T11:18:43.748+0100] {processor.py:183} INFO - Processing /home/victor/airflow_env/lib/python3.10/site-packages/airflow/example_dags/example_sla_dag.py took 0.685 seconds
[2024-07-12T11:20:19.490+0100] {processor.py:161} INFO - Started process (PID=19724) to work on /home/victor/airflow_env/lib/python3.10/site-packages/airflow/example_dags/example_sla_dag.py
[2024-07-12T11:20:19.496+0100] {processor.py:830} INFO - Processing file /home/victor/airflow_env/lib/python3.10/site-packages/airflow/example_dags/example_sla_dag.py for tasks to queue
[2024-07-12T11:20:19.506+0100] {logging_mixin.py:188} INFO - [2024-07-12T11:20:19.504+0100] {dagbag.py:545} INFO - Filling up the DagBag from /home/victor/airflow_env/lib/python3.10/site-packages/airflow/example_dags/example_sla_dag.py
[2024-07-12T11:20:19.557+0100] {processor.py:840} INFO - DAG(s) 'example_sla_dag' retrieved from /home/victor/airflow_env/lib/python3.10/site-packages/airflow/example_dags/example_sla_dag.py
[2024-07-12T11:20:19.710+0100] {logging_mixin.py:188} INFO - [2024-07-12T11:20:19.709+0100] {dag.py:3096} INFO - Sync 1 DAGs
[2024-07-12T11:20:19.916+0100] {logging_mixin.py:188} INFO - [2024-07-12T11:20:19.915+0100] {dag.py:3954} INFO - Setting next_dagrun for example_sla_dag to 2024-07-12 10:18:00+00:00, run_after=2024-07-12 10:20:00+00:00
[2024-07-12T11:20:20.346+0100] {processor.py:183} INFO - Processing /home/victor/airflow_env/lib/python3.10/site-packages/airflow/example_dags/example_sla_dag.py took 0.898 seconds
[2024-07-12T11:22:01.826+0100] {processor.py:161} INFO - Started process (PID=20148) to work on /home/victor/airflow_env/lib/python3.10/site-packages/airflow/example_dags/example_sla_dag.py
[2024-07-12T11:22:01.830+0100] {processor.py:830} INFO - Processing file /home/victor/airflow_env/lib/python3.10/site-packages/airflow/example_dags/example_sla_dag.py for tasks to queue
[2024-07-12T11:22:01.838+0100] {logging_mixin.py:188} INFO - [2024-07-12T11:22:01.836+0100] {dagbag.py:545} INFO - Filling up the DagBag from /home/victor/airflow_env/lib/python3.10/site-packages/airflow/example_dags/example_sla_dag.py
[2024-07-12T11:22:01.886+0100] {processor.py:840} INFO - DAG(s) 'example_sla_dag' retrieved from /home/victor/airflow_env/lib/python3.10/site-packages/airflow/example_dags/example_sla_dag.py
[2024-07-12T11:22:02.024+0100] {logging_mixin.py:188} INFO - [2024-07-12T11:22:02.023+0100] {dag.py:3096} INFO - Sync 1 DAGs
[2024-07-12T11:22:02.170+0100] {logging_mixin.py:188} INFO - [2024-07-12T11:22:02.169+0100] {dag.py:3954} INFO - Setting next_dagrun for example_sla_dag to 2024-07-12 10:20:00+00:00, run_after=2024-07-12 10:22:00+00:00
[2024-07-12T11:22:02.549+0100] {processor.py:183} INFO - Processing /home/victor/airflow_env/lib/python3.10/site-packages/airflow/example_dags/example_sla_dag.py took 0.753 seconds
[2024-07-12T11:23:34.579+0100] {processor.py:161} INFO - Started process (PID=20532) to work on /home/victor/airflow_env/lib/python3.10/site-packages/airflow/example_dags/example_sla_dag.py
[2024-07-12T11:23:34.583+0100] {processor.py:830} INFO - Processing file /home/victor/airflow_env/lib/python3.10/site-packages/airflow/example_dags/example_sla_dag.py for tasks to queue
[2024-07-12T11:23:34.591+0100] {logging_mixin.py:188} INFO - [2024-07-12T11:23:34.589+0100] {dagbag.py:545} INFO - Filling up the DagBag from /home/victor/airflow_env/lib/python3.10/site-packages/airflow/example_dags/example_sla_dag.py
[2024-07-12T11:23:34.648+0100] {processor.py:840} INFO - DAG(s) 'example_sla_dag' retrieved from /home/victor/airflow_env/lib/python3.10/site-packages/airflow/example_dags/example_sla_dag.py
[2024-07-12T11:23:34.755+0100] {logging_mixin.py:188} INFO - [2024-07-12T11:23:34.754+0100] {dag.py:3096} INFO - Sync 1 DAGs
[2024-07-12T11:23:34.964+0100] {logging_mixin.py:188} INFO - [2024-07-12T11:23:34.963+0100] {dag.py:3954} INFO - Setting next_dagrun for example_sla_dag to 2024-07-12 10:20:00+00:00, run_after=2024-07-12 10:22:00+00:00
[2024-07-12T11:23:35.345+0100] {processor.py:183} INFO - Processing /home/victor/airflow_env/lib/python3.10/site-packages/airflow/example_dags/example_sla_dag.py took 0.795 seconds
[2024-07-12T11:25:07.538+0100] {processor.py:161} INFO - Started process (PID=20917) to work on /home/victor/airflow_env/lib/python3.10/site-packages/airflow/example_dags/example_sla_dag.py
[2024-07-12T11:25:07.547+0100] {processor.py:830} INFO - Processing file /home/victor/airflow_env/lib/python3.10/site-packages/airflow/example_dags/example_sla_dag.py for tasks to queue
[2024-07-12T11:25:07.555+0100] {logging_mixin.py:188} INFO - [2024-07-12T11:25:07.553+0100] {dagbag.py:545} INFO - Filling up the DagBag from /home/victor/airflow_env/lib/python3.10/site-packages/airflow/example_dags/example_sla_dag.py
[2024-07-12T11:25:07.608+0100] {processor.py:840} INFO - DAG(s) 'example_sla_dag' retrieved from /home/victor/airflow_env/lib/python3.10/site-packages/airflow/example_dags/example_sla_dag.py
[2024-07-12T11:25:07.724+0100] {logging_mixin.py:188} INFO - [2024-07-12T11:25:07.723+0100] {dag.py:3096} INFO - Sync 1 DAGs
[2024-07-12T11:25:07.892+0100] {logging_mixin.py:188} INFO - [2024-07-12T11:25:07.891+0100] {dag.py:3954} INFO - Setting next_dagrun for example_sla_dag to 2024-07-12 10:22:00+00:00, run_after=2024-07-12 10:24:00+00:00
[2024-07-12T11:25:08.274+0100] {processor.py:183} INFO - Processing /home/victor/airflow_env/lib/python3.10/site-packages/airflow/example_dags/example_sla_dag.py took 0.769 seconds
[2024-07-12T11:27:00.737+0100] {processor.py:161} INFO - Started process (PID=21373) to work on /home/victor/airflow_env/lib/python3.10/site-packages/airflow/example_dags/example_sla_dag.py
[2024-07-12T11:27:00.742+0100] {processor.py:830} INFO - Processing file /home/victor/airflow_env/lib/python3.10/site-packages/airflow/example_dags/example_sla_dag.py for tasks to queue
[2024-07-12T11:27:00.760+0100] {logging_mixin.py:188} INFO - [2024-07-12T11:27:00.752+0100] {dagbag.py:545} INFO - Filling up the DagBag from /home/victor/airflow_env/lib/python3.10/site-packages/airflow/example_dags/example_sla_dag.py
[2024-07-12T11:27:00.805+0100] {processor.py:840} INFO - DAG(s) 'example_sla_dag' retrieved from /home/victor/airflow_env/lib/python3.10/site-packages/airflow/example_dags/example_sla_dag.py
[2024-07-12T11:27:00.913+0100] {logging_mixin.py:188} INFO - [2024-07-12T11:27:00.912+0100] {dag.py:3096} INFO - Sync 1 DAGs
[2024-07-12T11:27:01.065+0100] {logging_mixin.py:188} INFO - [2024-07-12T11:27:01.064+0100] {dag.py:3954} INFO - Setting next_dagrun for example_sla_dag to 2024-07-12 10:24:00+00:00, run_after=2024-07-12 10:26:00+00:00
[2024-07-12T11:27:01.403+0100] {processor.py:183} INFO - Processing /home/victor/airflow_env/lib/python3.10/site-packages/airflow/example_dags/example_sla_dag.py took 0.715 seconds
[2024-07-12T11:28:30.530+0100] {processor.py:161} INFO - Started process (PID=21744) to work on /home/victor/airflow_env/lib/python3.10/site-packages/airflow/example_dags/example_sla_dag.py
[2024-07-12T11:28:30.536+0100] {processor.py:830} INFO - Processing file /home/victor/airflow_env/lib/python3.10/site-packages/airflow/example_dags/example_sla_dag.py for tasks to queue
[2024-07-12T11:28:30.548+0100] {logging_mixin.py:188} INFO - [2024-07-12T11:28:30.546+0100] {dagbag.py:545} INFO - Filling up the DagBag from /home/victor/airflow_env/lib/python3.10/site-packages/airflow/example_dags/example_sla_dag.py
[2024-07-12T11:28:30.609+0100] {processor.py:840} INFO - DAG(s) 'example_sla_dag' retrieved from /home/victor/airflow_env/lib/python3.10/site-packages/airflow/example_dags/example_sla_dag.py
[2024-07-12T11:28:30.769+0100] {logging_mixin.py:188} INFO - [2024-07-12T11:28:30.768+0100] {dag.py:3096} INFO - Sync 1 DAGs
[2024-07-12T11:28:31.029+0100] {logging_mixin.py:188} INFO - [2024-07-12T11:28:31.025+0100] {dag.py:3954} INFO - Setting next_dagrun for example_sla_dag to 2024-07-12 10:26:00+00:00, run_after=2024-07-12 10:28:00+00:00
[2024-07-12T11:28:31.406+0100] {processor.py:183} INFO - Processing /home/victor/airflow_env/lib/python3.10/site-packages/airflow/example_dags/example_sla_dag.py took 0.946 seconds
[2024-07-12T11:30:23.860+0100] {processor.py:161} INFO - Started process (PID=22201) to work on /home/victor/airflow_env/lib/python3.10/site-packages/airflow/example_dags/example_sla_dag.py
[2024-07-12T11:30:23.867+0100] {processor.py:830} INFO - Processing file /home/victor/airflow_env/lib/python3.10/site-packages/airflow/example_dags/example_sla_dag.py for tasks to queue
[2024-07-12T11:30:23.885+0100] {logging_mixin.py:188} INFO - [2024-07-12T11:30:23.882+0100] {dagbag.py:545} INFO - Filling up the DagBag from /home/victor/airflow_env/lib/python3.10/site-packages/airflow/example_dags/example_sla_dag.py
[2024-07-12T11:30:23.963+0100] {processor.py:840} INFO - DAG(s) 'example_sla_dag' retrieved from /home/victor/airflow_env/lib/python3.10/site-packages/airflow/example_dags/example_sla_dag.py
[2024-07-12T11:30:24.585+0100] {logging_mixin.py:188} INFO - [2024-07-12T11:30:24.583+0100] {dag.py:3096} INFO - Sync 1 DAGs
[2024-07-12T11:30:24.898+0100] {logging_mixin.py:188} INFO - [2024-07-12T11:30:24.886+0100] {dag.py:3954} INFO - Setting next_dagrun for example_sla_dag to 2024-07-12 10:28:00+00:00, run_after=2024-07-12 10:30:00+00:00
[2024-07-12T11:30:25.889+0100] {processor.py:183} INFO - Processing /home/victor/airflow_env/lib/python3.10/site-packages/airflow/example_dags/example_sla_dag.py took 2.174 seconds
[2024-07-12T11:32:45.557+0100] {processor.py:161} INFO - Started process (PID=23161) to work on /home/victor/airflow_env/lib/python3.10/site-packages/airflow/example_dags/example_sla_dag.py
[2024-07-12T11:32:45.565+0100] {processor.py:830} INFO - Processing file /home/victor/airflow_env/lib/python3.10/site-packages/airflow/example_dags/example_sla_dag.py for tasks to queue
[2024-07-12T11:32:45.573+0100] {logging_mixin.py:188} INFO - [2024-07-12T11:32:45.572+0100] {dagbag.py:545} INFO - Filling up the DagBag from /home/victor/airflow_env/lib/python3.10/site-packages/airflow/example_dags/example_sla_dag.py
[2024-07-12T11:32:45.626+0100] {processor.py:840} INFO - DAG(s) 'example_sla_dag' retrieved from /home/victor/airflow_env/lib/python3.10/site-packages/airflow/example_dags/example_sla_dag.py
[2024-07-12T11:32:45.765+0100] {logging_mixin.py:188} INFO - [2024-07-12T11:32:45.763+0100] {dag.py:3096} INFO - Sync 1 DAGs
[2024-07-12T11:32:45.928+0100] {logging_mixin.py:188} INFO - [2024-07-12T11:32:45.927+0100] {dag.py:3954} INFO - Setting next_dagrun for example_sla_dag to 2024-07-12 10:30:00+00:00, run_after=2024-07-12 10:32:00+00:00
[2024-07-12T11:32:46.395+0100] {processor.py:183} INFO - Processing /home/victor/airflow_env/lib/python3.10/site-packages/airflow/example_dags/example_sla_dag.py took 0.872 seconds
[2024-07-12T11:34:43.638+0100] {processor.py:161} INFO - Started process (PID=23651) to work on /home/victor/airflow_env/lib/python3.10/site-packages/airflow/example_dags/example_sla_dag.py
[2024-07-12T11:34:43.647+0100] {processor.py:830} INFO - Processing file /home/victor/airflow_env/lib/python3.10/site-packages/airflow/example_dags/example_sla_dag.py for tasks to queue
[2024-07-12T11:34:43.663+0100] {logging_mixin.py:188} INFO - [2024-07-12T11:34:43.660+0100] {dagbag.py:545} INFO - Filling up the DagBag from /home/victor/airflow_env/lib/python3.10/site-packages/airflow/example_dags/example_sla_dag.py
[2024-07-12T11:34:43.715+0100] {processor.py:840} INFO - DAG(s) 'example_sla_dag' retrieved from /home/victor/airflow_env/lib/python3.10/site-packages/airflow/example_dags/example_sla_dag.py
[2024-07-12T11:34:43.814+0100] {logging_mixin.py:188} INFO - [2024-07-12T11:34:43.813+0100] {dag.py:3096} INFO - Sync 1 DAGs
[2024-07-12T11:34:44.009+0100] {logging_mixin.py:188} INFO - [2024-07-12T11:34:44.008+0100] {dag.py:3954} INFO - Setting next_dagrun for example_sla_dag to 2024-07-12 10:32:00+00:00, run_after=2024-07-12 10:34:00+00:00
[2024-07-12T11:34:44.382+0100] {processor.py:183} INFO - Processing /home/victor/airflow_env/lib/python3.10/site-packages/airflow/example_dags/example_sla_dag.py took 0.795 seconds
[2024-07-12T11:36:41.343+0100] {processor.py:161} INFO - Started process (PID=24160) to work on /home/victor/airflow_env/lib/python3.10/site-packages/airflow/example_dags/example_sla_dag.py
[2024-07-12T11:36:41.348+0100] {processor.py:830} INFO - Processing file /home/victor/airflow_env/lib/python3.10/site-packages/airflow/example_dags/example_sla_dag.py for tasks to queue
[2024-07-12T11:36:41.356+0100] {logging_mixin.py:188} INFO - [2024-07-12T11:36:41.354+0100] {dagbag.py:545} INFO - Filling up the DagBag from /home/victor/airflow_env/lib/python3.10/site-packages/airflow/example_dags/example_sla_dag.py
[2024-07-12T11:36:41.400+0100] {processor.py:840} INFO - DAG(s) 'example_sla_dag' retrieved from /home/victor/airflow_env/lib/python3.10/site-packages/airflow/example_dags/example_sla_dag.py
[2024-07-12T11:36:41.502+0100] {logging_mixin.py:188} INFO - [2024-07-12T11:36:41.501+0100] {dag.py:3096} INFO - Sync 1 DAGs
[2024-07-12T11:36:41.631+0100] {logging_mixin.py:188} INFO - [2024-07-12T11:36:41.630+0100] {dag.py:3954} INFO - Setting next_dagrun for example_sla_dag to 2024-07-12 10:34:00+00:00, run_after=2024-07-12 10:36:00+00:00
[2024-07-12T11:36:41.938+0100] {processor.py:183} INFO - Processing /home/victor/airflow_env/lib/python3.10/site-packages/airflow/example_dags/example_sla_dag.py took 0.623 seconds
[2024-07-12T11:38:10.074+0100] {processor.py:161} INFO - Started process (PID=24531) to work on /home/victor/airflow_env/lib/python3.10/site-packages/airflow/example_dags/example_sla_dag.py
[2024-07-12T11:38:10.079+0100] {processor.py:830} INFO - Processing file /home/victor/airflow_env/lib/python3.10/site-packages/airflow/example_dags/example_sla_dag.py for tasks to queue
[2024-07-12T11:38:10.087+0100] {logging_mixin.py:188} INFO - [2024-07-12T11:38:10.086+0100] {dagbag.py:545} INFO - Filling up the DagBag from /home/victor/airflow_env/lib/python3.10/site-packages/airflow/example_dags/example_sla_dag.py
[2024-07-12T11:38:10.141+0100] {processor.py:840} INFO - DAG(s) 'example_sla_dag' retrieved from /home/victor/airflow_env/lib/python3.10/site-packages/airflow/example_dags/example_sla_dag.py
[2024-07-12T11:38:10.259+0100] {logging_mixin.py:188} INFO - [2024-07-12T11:38:10.257+0100] {dag.py:3096} INFO - Sync 1 DAGs
[2024-07-12T11:38:10.425+0100] {logging_mixin.py:188} INFO - [2024-07-12T11:38:10.424+0100] {dag.py:3954} INFO - Setting next_dagrun for example_sla_dag to 2024-07-12 10:36:00+00:00, run_after=2024-07-12 10:38:00+00:00
[2024-07-12T11:38:10.825+0100] {processor.py:183} INFO - Processing /home/victor/airflow_env/lib/python3.10/site-packages/airflow/example_dags/example_sla_dag.py took 0.787 seconds
[2024-07-12T11:41:07.186+0100] {processor.py:161} INFO - Started process (PID=25255) to work on /home/victor/airflow_env/lib/python3.10/site-packages/airflow/example_dags/example_sla_dag.py
[2024-07-12T11:41:07.195+0100] {processor.py:830} INFO - Processing file /home/victor/airflow_env/lib/python3.10/site-packages/airflow/example_dags/example_sla_dag.py for tasks to queue
[2024-07-12T11:41:07.208+0100] {logging_mixin.py:188} INFO - [2024-07-12T11:41:07.202+0100] {dagbag.py:545} INFO - Filling up the DagBag from /home/victor/airflow_env/lib/python3.10/site-packages/airflow/example_dags/example_sla_dag.py
[2024-07-12T11:41:07.264+0100] {processor.py:840} INFO - DAG(s) 'example_sla_dag' retrieved from /home/victor/airflow_env/lib/python3.10/site-packages/airflow/example_dags/example_sla_dag.py
[2024-07-12T11:41:07.389+0100] {logging_mixin.py:188} INFO - [2024-07-12T11:41:07.388+0100] {dag.py:3096} INFO - Sync 1 DAGs
[2024-07-12T11:41:07.574+0100] {logging_mixin.py:188} INFO - [2024-07-12T11:41:07.573+0100] {dag.py:3954} INFO - Setting next_dagrun for example_sla_dag to 2024-07-12 10:38:00+00:00, run_after=2024-07-12 10:40:00+00:00
[2024-07-12T11:41:07.902+0100] {processor.py:183} INFO - Processing /home/victor/airflow_env/lib/python3.10/site-packages/airflow/example_dags/example_sla_dag.py took 0.766 seconds
[2024-07-12T11:42:39.578+0100] {processor.py:161} INFO - Started process (PID=25629) to work on /home/victor/airflow_env/lib/python3.10/site-packages/airflow/example_dags/example_sla_dag.py
[2024-07-12T11:42:39.583+0100] {processor.py:830} INFO - Processing file /home/victor/airflow_env/lib/python3.10/site-packages/airflow/example_dags/example_sla_dag.py for tasks to queue
[2024-07-12T11:42:39.592+0100] {logging_mixin.py:188} INFO - [2024-07-12T11:42:39.589+0100] {dagbag.py:545} INFO - Filling up the DagBag from /home/victor/airflow_env/lib/python3.10/site-packages/airflow/example_dags/example_sla_dag.py
[2024-07-12T11:42:39.653+0100] {processor.py:840} INFO - DAG(s) 'example_sla_dag' retrieved from /home/victor/airflow_env/lib/python3.10/site-packages/airflow/example_dags/example_sla_dag.py
[2024-07-12T11:42:39.815+0100] {logging_mixin.py:188} INFO - [2024-07-12T11:42:39.814+0100] {dag.py:3096} INFO - Sync 1 DAGs
[2024-07-12T11:42:39.995+0100] {logging_mixin.py:188} INFO - [2024-07-12T11:42:39.994+0100] {dag.py:3954} INFO - Setting next_dagrun for example_sla_dag to 2024-07-12 10:40:00+00:00, run_after=2024-07-12 10:42:00+00:00
[2024-07-12T11:42:40.355+0100] {processor.py:183} INFO - Processing /home/victor/airflow_env/lib/python3.10/site-packages/airflow/example_dags/example_sla_dag.py took 0.840 seconds
[2024-07-12T11:44:03.554+0100] {processor.py:161} INFO - Started process (PID=25979) to work on /home/victor/airflow_env/lib/python3.10/site-packages/airflow/example_dags/example_sla_dag.py
[2024-07-12T11:44:03.559+0100] {processor.py:830} INFO - Processing file /home/victor/airflow_env/lib/python3.10/site-packages/airflow/example_dags/example_sla_dag.py for tasks to queue
[2024-07-12T11:44:03.567+0100] {logging_mixin.py:188} INFO - [2024-07-12T11:44:03.565+0100] {dagbag.py:545} INFO - Filling up the DagBag from /home/victor/airflow_env/lib/python3.10/site-packages/airflow/example_dags/example_sla_dag.py
[2024-07-12T11:44:03.621+0100] {processor.py:840} INFO - DAG(s) 'example_sla_dag' retrieved from /home/victor/airflow_env/lib/python3.10/site-packages/airflow/example_dags/example_sla_dag.py
[2024-07-12T11:44:03.716+0100] {logging_mixin.py:188} INFO - [2024-07-12T11:44:03.715+0100] {dag.py:3096} INFO - Sync 1 DAGs
[2024-07-12T11:44:03.883+0100] {logging_mixin.py:188} INFO - [2024-07-12T11:44:03.882+0100] {dag.py:3954} INFO - Setting next_dagrun for example_sla_dag to 2024-07-12 10:42:00+00:00, run_after=2024-07-12 10:44:00+00:00
[2024-07-12T11:44:04.585+0100] {processor.py:183} INFO - Processing /home/victor/airflow_env/lib/python3.10/site-packages/airflow/example_dags/example_sla_dag.py took 1.063 seconds
[2024-07-12T11:46:47.550+0100] {processor.py:161} INFO - Started process (PID=26661) to work on /home/victor/airflow_env/lib/python3.10/site-packages/airflow/example_dags/example_sla_dag.py
[2024-07-12T11:46:47.556+0100] {processor.py:830} INFO - Processing file /home/victor/airflow_env/lib/python3.10/site-packages/airflow/example_dags/example_sla_dag.py for tasks to queue
[2024-07-12T11:46:47.564+0100] {logging_mixin.py:188} INFO - [2024-07-12T11:46:47.562+0100] {dagbag.py:545} INFO - Filling up the DagBag from /home/victor/airflow_env/lib/python3.10/site-packages/airflow/example_dags/example_sla_dag.py
[2024-07-12T11:46:47.610+0100] {processor.py:840} INFO - DAG(s) 'example_sla_dag' retrieved from /home/victor/airflow_env/lib/python3.10/site-packages/airflow/example_dags/example_sla_dag.py
[2024-07-12T11:46:47.699+0100] {logging_mixin.py:188} INFO - [2024-07-12T11:46:47.698+0100] {dag.py:3096} INFO - Sync 1 DAGs
[2024-07-12T11:46:47.839+0100] {logging_mixin.py:188} INFO - [2024-07-12T11:46:47.838+0100] {dag.py:3954} INFO - Setting next_dagrun for example_sla_dag to 2024-07-12 10:44:00+00:00, run_after=2024-07-12 10:46:00+00:00
[2024-07-12T11:46:48.162+0100] {processor.py:183} INFO - Processing /home/victor/airflow_env/lib/python3.10/site-packages/airflow/example_dags/example_sla_dag.py took 0.655 seconds
[2024-07-12T11:48:21.429+0100] {processor.py:161} INFO - Started process (PID=27051) to work on /home/victor/airflow_env/lib/python3.10/site-packages/airflow/example_dags/example_sla_dag.py
[2024-07-12T11:48:21.435+0100] {processor.py:830} INFO - Processing file /home/victor/airflow_env/lib/python3.10/site-packages/airflow/example_dags/example_sla_dag.py for tasks to queue
[2024-07-12T11:48:21.452+0100] {logging_mixin.py:188} INFO - [2024-07-12T11:48:21.449+0100] {dagbag.py:545} INFO - Filling up the DagBag from /home/victor/airflow_env/lib/python3.10/site-packages/airflow/example_dags/example_sla_dag.py
[2024-07-12T11:48:21.528+0100] {processor.py:840} INFO - DAG(s) 'example_sla_dag' retrieved from /home/victor/airflow_env/lib/python3.10/site-packages/airflow/example_dags/example_sla_dag.py
[2024-07-12T11:48:21.637+0100] {logging_mixin.py:188} INFO - [2024-07-12T11:48:21.637+0100] {dag.py:3096} INFO - Sync 1 DAGs
[2024-07-12T11:48:21.811+0100] {logging_mixin.py:188} INFO - [2024-07-12T11:48:21.810+0100] {dag.py:3954} INFO - Setting next_dagrun for example_sla_dag to 2024-07-12 10:46:00+00:00, run_after=2024-07-12 10:48:00+00:00
[2024-07-12T11:48:22.151+0100] {processor.py:183} INFO - Processing /home/victor/airflow_env/lib/python3.10/site-packages/airflow/example_dags/example_sla_dag.py took 0.767 seconds
[2024-07-12T11:49:53.693+0100] {processor.py:161} INFO - Started process (PID=27426) to work on /home/victor/airflow_env/lib/python3.10/site-packages/airflow/example_dags/example_sla_dag.py
[2024-07-12T11:49:53.698+0100] {processor.py:830} INFO - Processing file /home/victor/airflow_env/lib/python3.10/site-packages/airflow/example_dags/example_sla_dag.py for tasks to queue
[2024-07-12T11:49:53.710+0100] {logging_mixin.py:188} INFO - [2024-07-12T11:49:53.708+0100] {dagbag.py:545} INFO - Filling up the DagBag from /home/victor/airflow_env/lib/python3.10/site-packages/airflow/example_dags/example_sla_dag.py
[2024-07-12T11:49:53.766+0100] {processor.py:840} INFO - DAG(s) 'example_sla_dag' retrieved from /home/victor/airflow_env/lib/python3.10/site-packages/airflow/example_dags/example_sla_dag.py
[2024-07-12T11:49:53.912+0100] {logging_mixin.py:188} INFO - [2024-07-12T11:49:53.910+0100] {dag.py:3096} INFO - Sync 1 DAGs
[2024-07-12T11:49:54.072+0100] {logging_mixin.py:188} INFO - [2024-07-12T11:49:54.071+0100] {dag.py:3954} INFO - Setting next_dagrun for example_sla_dag to 2024-07-12 10:46:00+00:00, run_after=2024-07-12 10:48:00+00:00
[2024-07-12T11:49:54.460+0100] {processor.py:183} INFO - Processing /home/victor/airflow_env/lib/python3.10/site-packages/airflow/example_dags/example_sla_dag.py took 0.806 seconds
[2024-07-12T11:51:26.607+0100] {processor.py:161} INFO - Started process (PID=27810) to work on /home/victor/airflow_env/lib/python3.10/site-packages/airflow/example_dags/example_sla_dag.py
[2024-07-12T11:51:26.617+0100] {processor.py:830} INFO - Processing file /home/victor/airflow_env/lib/python3.10/site-packages/airflow/example_dags/example_sla_dag.py for tasks to queue
[2024-07-12T11:51:26.627+0100] {logging_mixin.py:188} INFO - [2024-07-12T11:51:26.625+0100] {dagbag.py:545} INFO - Filling up the DagBag from /home/victor/airflow_env/lib/python3.10/site-packages/airflow/example_dags/example_sla_dag.py
[2024-07-12T11:51:26.691+0100] {processor.py:840} INFO - DAG(s) 'example_sla_dag' retrieved from /home/victor/airflow_env/lib/python3.10/site-packages/airflow/example_dags/example_sla_dag.py
[2024-07-12T11:51:26.867+0100] {logging_mixin.py:188} INFO - [2024-07-12T11:51:26.866+0100] {dag.py:3096} INFO - Sync 1 DAGs
[2024-07-12T11:51:27.062+0100] {logging_mixin.py:188} INFO - [2024-07-12T11:51:27.061+0100] {dag.py:3954} INFO - Setting next_dagrun for example_sla_dag to 2024-07-12 10:48:00+00:00, run_after=2024-07-12 10:50:00+00:00
[2024-07-12T11:51:27.495+0100] {processor.py:183} INFO - Processing /home/victor/airflow_env/lib/python3.10/site-packages/airflow/example_dags/example_sla_dag.py took 0.941 seconds
[2024-07-12T11:54:04.603+0100] {processor.py:161} INFO - Started process (PID=28467) to work on /home/victor/airflow_env/lib/python3.10/site-packages/airflow/example_dags/example_sla_dag.py
[2024-07-12T11:54:04.608+0100] {processor.py:830} INFO - Processing file /home/victor/airflow_env/lib/python3.10/site-packages/airflow/example_dags/example_sla_dag.py for tasks to queue
[2024-07-12T11:54:04.617+0100] {logging_mixin.py:188} INFO - [2024-07-12T11:54:04.615+0100] {dagbag.py:545} INFO - Filling up the DagBag from /home/victor/airflow_env/lib/python3.10/site-packages/airflow/example_dags/example_sla_dag.py
[2024-07-12T11:54:04.667+0100] {processor.py:840} INFO - DAG(s) 'example_sla_dag' retrieved from /home/victor/airflow_env/lib/python3.10/site-packages/airflow/example_dags/example_sla_dag.py
[2024-07-12T11:54:04.771+0100] {logging_mixin.py:188} INFO - [2024-07-12T11:54:04.770+0100] {dag.py:3096} INFO - Sync 1 DAGs
[2024-07-12T11:54:05.194+0100] {logging_mixin.py:188} INFO - [2024-07-12T11:54:05.193+0100] {dag.py:3954} INFO - Setting next_dagrun for example_sla_dag to 2024-07-12 10:52:00+00:00, run_after=2024-07-12 10:54:00+00:00
[2024-07-12T11:54:05.561+0100] {processor.py:183} INFO - Processing /home/victor/airflow_env/lib/python3.10/site-packages/airflow/example_dags/example_sla_dag.py took 0.994 seconds
[2024-07-12T11:56:52.301+0100] {processor.py:161} INFO - Started process (PID=29155) to work on /home/victor/airflow_env/lib/python3.10/site-packages/airflow/example_dags/example_sla_dag.py
[2024-07-12T11:56:52.307+0100] {processor.py:830} INFO - Processing file /home/victor/airflow_env/lib/python3.10/site-packages/airflow/example_dags/example_sla_dag.py for tasks to queue
[2024-07-12T11:56:52.334+0100] {logging_mixin.py:188} INFO - [2024-07-12T11:56:52.332+0100] {dagbag.py:545} INFO - Filling up the DagBag from /home/victor/airflow_env/lib/python3.10/site-packages/airflow/example_dags/example_sla_dag.py
[2024-07-12T11:56:52.464+0100] {processor.py:840} INFO - DAG(s) 'example_sla_dag' retrieved from /home/victor/airflow_env/lib/python3.10/site-packages/airflow/example_dags/example_sla_dag.py
[2024-07-12T11:56:52.754+0100] {logging_mixin.py:188} INFO - [2024-07-12T11:56:52.752+0100] {dag.py:3096} INFO - Sync 1 DAGs
[2024-07-12T11:56:53.143+0100] {logging_mixin.py:188} INFO - [2024-07-12T11:56:53.143+0100] {dag.py:3954} INFO - Setting next_dagrun for example_sla_dag to 2024-07-12 10:54:00+00:00, run_after=2024-07-12 10:56:00+00:00
[2024-07-12T11:56:53.651+0100] {processor.py:183} INFO - Processing /home/victor/airflow_env/lib/python3.10/site-packages/airflow/example_dags/example_sla_dag.py took 1.427 seconds
[2024-07-12T11:58:17.753+0100] {processor.py:161} INFO - Started process (PID=29505) to work on /home/victor/airflow_env/lib/python3.10/site-packages/airflow/example_dags/example_sla_dag.py
[2024-07-12T11:58:17.757+0100] {processor.py:830} INFO - Processing file /home/victor/airflow_env/lib/python3.10/site-packages/airflow/example_dags/example_sla_dag.py for tasks to queue
[2024-07-12T11:58:17.765+0100] {logging_mixin.py:188} INFO - [2024-07-12T11:58:17.763+0100] {dagbag.py:545} INFO - Filling up the DagBag from /home/victor/airflow_env/lib/python3.10/site-packages/airflow/example_dags/example_sla_dag.py
[2024-07-12T11:58:17.808+0100] {processor.py:840} INFO - DAG(s) 'example_sla_dag' retrieved from /home/victor/airflow_env/lib/python3.10/site-packages/airflow/example_dags/example_sla_dag.py
[2024-07-12T11:58:17.910+0100] {logging_mixin.py:188} INFO - [2024-07-12T11:58:17.909+0100] {dag.py:3096} INFO - Sync 1 DAGs
[2024-07-12T11:58:18.042+0100] {logging_mixin.py:188} INFO - [2024-07-12T11:58:18.042+0100] {dag.py:3954} INFO - Setting next_dagrun for example_sla_dag to 2024-07-12 10:56:00+00:00, run_after=2024-07-12 10:58:00+00:00
[2024-07-12T11:58:18.347+0100] {processor.py:183} INFO - Processing /home/victor/airflow_env/lib/python3.10/site-packages/airflow/example_dags/example_sla_dag.py took 0.624 seconds
[2024-07-12T11:59:38.698+0100] {processor.py:161} INFO - Started process (PID=29842) to work on /home/victor/airflow_env/lib/python3.10/site-packages/airflow/example_dags/example_sla_dag.py
[2024-07-12T11:59:38.703+0100] {processor.py:830} INFO - Processing file /home/victor/airflow_env/lib/python3.10/site-packages/airflow/example_dags/example_sla_dag.py for tasks to queue
[2024-07-12T11:59:38.711+0100] {logging_mixin.py:188} INFO - [2024-07-12T11:59:38.709+0100] {dagbag.py:545} INFO - Filling up the DagBag from /home/victor/airflow_env/lib/python3.10/site-packages/airflow/example_dags/example_sla_dag.py
[2024-07-12T11:59:38.779+0100] {processor.py:840} INFO - DAG(s) 'example_sla_dag' retrieved from /home/victor/airflow_env/lib/python3.10/site-packages/airflow/example_dags/example_sla_dag.py
[2024-07-12T11:59:38.877+0100] {logging_mixin.py:188} INFO - [2024-07-12T11:59:38.876+0100] {dag.py:3096} INFO - Sync 1 DAGs
[2024-07-12T11:59:39.024+0100] {logging_mixin.py:188} INFO - [2024-07-12T11:59:39.023+0100] {dag.py:3954} INFO - Setting next_dagrun for example_sla_dag to 2024-07-12 10:56:00+00:00, run_after=2024-07-12 10:58:00+00:00
[2024-07-12T11:59:39.371+0100] {processor.py:183} INFO - Processing /home/victor/airflow_env/lib/python3.10/site-packages/airflow/example_dags/example_sla_dag.py took 0.702 seconds
[2024-07-12T12:01:07.164+0100] {processor.py:161} INFO - Started process (PID=30202) to work on /home/victor/airflow_env/lib/python3.10/site-packages/airflow/example_dags/example_sla_dag.py
[2024-07-12T12:01:07.181+0100] {processor.py:830} INFO - Processing file /home/victor/airflow_env/lib/python3.10/site-packages/airflow/example_dags/example_sla_dag.py for tasks to queue
[2024-07-12T12:01:07.199+0100] {logging_mixin.py:188} INFO - [2024-07-12T12:01:07.197+0100] {dagbag.py:545} INFO - Filling up the DagBag from /home/victor/airflow_env/lib/python3.10/site-packages/airflow/example_dags/example_sla_dag.py
[2024-07-12T12:01:07.350+0100] {processor.py:840} INFO - DAG(s) 'example_sla_dag' retrieved from /home/victor/airflow_env/lib/python3.10/site-packages/airflow/example_dags/example_sla_dag.py
[2024-07-12T12:01:07.601+0100] {logging_mixin.py:188} INFO - [2024-07-12T12:01:07.600+0100] {dag.py:3096} INFO - Sync 1 DAGs
[2024-07-12T12:01:07.958+0100] {logging_mixin.py:188} INFO - [2024-07-12T12:01:07.957+0100] {dag.py:3954} INFO - Setting next_dagrun for example_sla_dag to 2024-07-12 10:58:00+00:00, run_after=2024-07-12 11:00:00+00:00
[2024-07-12T12:01:09.917+0100] {processor.py:183} INFO - Processing /home/victor/airflow_env/lib/python3.10/site-packages/airflow/example_dags/example_sla_dag.py took 2.835 seconds
[2024-07-12T12:02:39.968+0100] {processor.py:161} INFO - Started process (PID=30580) to work on /home/victor/airflow_env/lib/python3.10/site-packages/airflow/example_dags/example_sla_dag.py
[2024-07-12T12:02:39.974+0100] {processor.py:830} INFO - Processing file /home/victor/airflow_env/lib/python3.10/site-packages/airflow/example_dags/example_sla_dag.py for tasks to queue
[2024-07-12T12:02:39.983+0100] {logging_mixin.py:188} INFO - [2024-07-12T12:02:39.981+0100] {dagbag.py:545} INFO - Filling up the DagBag from /home/victor/airflow_env/lib/python3.10/site-packages/airflow/example_dags/example_sla_dag.py
[2024-07-12T12:02:40.034+0100] {processor.py:840} INFO - DAG(s) 'example_sla_dag' retrieved from /home/victor/airflow_env/lib/python3.10/site-packages/airflow/example_dags/example_sla_dag.py
[2024-07-12T12:02:40.152+0100] {logging_mixin.py:188} INFO - [2024-07-12T12:02:40.151+0100] {dag.py:3096} INFO - Sync 1 DAGs
[2024-07-12T12:02:40.314+0100] {logging_mixin.py:188} INFO - [2024-07-12T12:02:40.312+0100] {dag.py:3954} INFO - Setting next_dagrun for example_sla_dag to 2024-07-12 11:00:00+00:00, run_after=2024-07-12 11:02:00+00:00
[2024-07-12T12:02:40.735+0100] {processor.py:183} INFO - Processing /home/victor/airflow_env/lib/python3.10/site-packages/airflow/example_dags/example_sla_dag.py took 0.797 seconds
[2024-07-12T12:04:25.775+0100] {processor.py:161} INFO - Started process (PID=31006) to work on /home/victor/airflow_env/lib/python3.10/site-packages/airflow/example_dags/example_sla_dag.py
[2024-07-12T12:04:25.780+0100] {processor.py:830} INFO - Processing file /home/victor/airflow_env/lib/python3.10/site-packages/airflow/example_dags/example_sla_dag.py for tasks to queue
[2024-07-12T12:04:25.789+0100] {logging_mixin.py:188} INFO - [2024-07-12T12:04:25.787+0100] {dagbag.py:545} INFO - Filling up the DagBag from /home/victor/airflow_env/lib/python3.10/site-packages/airflow/example_dags/example_sla_dag.py
[2024-07-12T12:04:25.878+0100] {processor.py:840} INFO - DAG(s) 'example_sla_dag' retrieved from /home/victor/airflow_env/lib/python3.10/site-packages/airflow/example_dags/example_sla_dag.py
[2024-07-12T12:04:25.979+0100] {logging_mixin.py:188} INFO - [2024-07-12T12:04:25.978+0100] {dag.py:3096} INFO - Sync 1 DAGs
[2024-07-12T12:04:26.166+0100] {logging_mixin.py:188} INFO - [2024-07-12T12:04:26.154+0100] {dag.py:3954} INFO - Setting next_dagrun for example_sla_dag to 2024-07-12 11:02:00+00:00, run_after=2024-07-12 11:04:00+00:00
[2024-07-12T12:04:26.862+0100] {processor.py:183} INFO - Processing /home/victor/airflow_env/lib/python3.10/site-packages/airflow/example_dags/example_sla_dag.py took 1.129 seconds
[2024-07-12T12:05:54.052+0100] {processor.py:161} INFO - Started process (PID=31367) to work on /home/victor/airflow_env/lib/python3.10/site-packages/airflow/example_dags/example_sla_dag.py
[2024-07-12T12:05:54.067+0100] {processor.py:830} INFO - Processing file /home/victor/airflow_env/lib/python3.10/site-packages/airflow/example_dags/example_sla_dag.py for tasks to queue
[2024-07-12T12:05:54.085+0100] {logging_mixin.py:188} INFO - [2024-07-12T12:05:54.083+0100] {dagbag.py:545} INFO - Filling up the DagBag from /home/victor/airflow_env/lib/python3.10/site-packages/airflow/example_dags/example_sla_dag.py
[2024-07-12T12:05:54.230+0100] {processor.py:840} INFO - DAG(s) 'example_sla_dag' retrieved from /home/victor/airflow_env/lib/python3.10/site-packages/airflow/example_dags/example_sla_dag.py
[2024-07-12T12:05:54.353+0100] {logging_mixin.py:188} INFO - [2024-07-12T12:05:54.352+0100] {dag.py:3096} INFO - Sync 1 DAGs
[2024-07-12T12:05:54.496+0100] {logging_mixin.py:188} INFO - [2024-07-12T12:05:54.495+0100] {dag.py:3954} INFO - Setting next_dagrun for example_sla_dag to 2024-07-12 11:02:00+00:00, run_after=2024-07-12 11:04:00+00:00
[2024-07-12T12:05:54.847+0100] {processor.py:183} INFO - Processing /home/victor/airflow_env/lib/python3.10/site-packages/airflow/example_dags/example_sla_dag.py took 0.875 seconds
[2024-07-12T12:08:37.775+0100] {processor.py:161} INFO - Started process (PID=32044) to work on /home/victor/airflow_env/lib/python3.10/site-packages/airflow/example_dags/example_sla_dag.py
[2024-07-12T12:08:37.783+0100] {processor.py:830} INFO - Processing file /home/victor/airflow_env/lib/python3.10/site-packages/airflow/example_dags/example_sla_dag.py for tasks to queue
[2024-07-12T12:08:37.792+0100] {logging_mixin.py:188} INFO - [2024-07-12T12:08:37.790+0100] {dagbag.py:545} INFO - Filling up the DagBag from /home/victor/airflow_env/lib/python3.10/site-packages/airflow/example_dags/example_sla_dag.py
[2024-07-12T12:08:37.903+0100] {processor.py:840} INFO - DAG(s) 'example_sla_dag' retrieved from /home/victor/airflow_env/lib/python3.10/site-packages/airflow/example_dags/example_sla_dag.py
[2024-07-12T12:08:38.105+0100] {logging_mixin.py:188} INFO - [2024-07-12T12:08:38.103+0100] {dag.py:3096} INFO - Sync 1 DAGs
[2024-07-12T12:08:38.379+0100] {logging_mixin.py:188} INFO - [2024-07-12T12:08:38.378+0100] {dag.py:3954} INFO - Setting next_dagrun for example_sla_dag to 2024-07-12 11:06:00+00:00, run_after=2024-07-12 11:08:00+00:00
[2024-07-12T12:08:38.693+0100] {processor.py:183} INFO - Processing /home/victor/airflow_env/lib/python3.10/site-packages/airflow/example_dags/example_sla_dag.py took 0.964 seconds
[2024-07-12T12:10:07.583+0100] {processor.py:161} INFO - Started process (PID=32417) to work on /home/victor/airflow_env/lib/python3.10/site-packages/airflow/example_dags/example_sla_dag.py
[2024-07-12T12:10:07.590+0100] {processor.py:830} INFO - Processing file /home/victor/airflow_env/lib/python3.10/site-packages/airflow/example_dags/example_sla_dag.py for tasks to queue
[2024-07-12T12:10:07.599+0100] {logging_mixin.py:188} INFO - [2024-07-12T12:10:07.597+0100] {dagbag.py:545} INFO - Filling up the DagBag from /home/victor/airflow_env/lib/python3.10/site-packages/airflow/example_dags/example_sla_dag.py
[2024-07-12T12:10:07.670+0100] {processor.py:840} INFO - DAG(s) 'example_sla_dag' retrieved from /home/victor/airflow_env/lib/python3.10/site-packages/airflow/example_dags/example_sla_dag.py
[2024-07-12T12:10:07.794+0100] {logging_mixin.py:188} INFO - [2024-07-12T12:10:07.793+0100] {dag.py:3096} INFO - Sync 1 DAGs
[2024-07-12T12:10:07.985+0100] {logging_mixin.py:188} INFO - [2024-07-12T12:10:07.984+0100] {dag.py:3954} INFO - Setting next_dagrun for example_sla_dag to 2024-07-12 11:08:00+00:00, run_after=2024-07-12 11:10:00+00:00
[2024-07-12T12:10:08.336+0100] {processor.py:183} INFO - Processing /home/victor/airflow_env/lib/python3.10/site-packages/airflow/example_dags/example_sla_dag.py took 0.786 seconds
[2024-07-12T12:11:37.196+0100] {processor.py:161} INFO - Started process (PID=32784) to work on /home/victor/airflow_env/lib/python3.10/site-packages/airflow/example_dags/example_sla_dag.py
[2024-07-12T12:11:37.211+0100] {processor.py:830} INFO - Processing file /home/victor/airflow_env/lib/python3.10/site-packages/airflow/example_dags/example_sla_dag.py for tasks to queue
[2024-07-12T12:11:37.228+0100] {logging_mixin.py:188} INFO - [2024-07-12T12:11:37.226+0100] {dagbag.py:545} INFO - Filling up the DagBag from /home/victor/airflow_env/lib/python3.10/site-packages/airflow/example_dags/example_sla_dag.py
[2024-07-12T12:11:37.373+0100] {processor.py:840} INFO - DAG(s) 'example_sla_dag' retrieved from /home/victor/airflow_env/lib/python3.10/site-packages/airflow/example_dags/example_sla_dag.py
[2024-07-12T12:11:37.551+0100] {logging_mixin.py:188} INFO - [2024-07-12T12:11:37.550+0100] {dag.py:3096} INFO - Sync 1 DAGs
[2024-07-12T12:11:37.753+0100] {logging_mixin.py:188} INFO - [2024-07-12T12:11:37.752+0100] {dag.py:3954} INFO - Setting next_dagrun for example_sla_dag to 2024-07-12 11:08:00+00:00, run_after=2024-07-12 11:10:00+00:00
[2024-07-12T12:11:38.504+0100] {processor.py:183} INFO - Processing /home/victor/airflow_env/lib/python3.10/site-packages/airflow/example_dags/example_sla_dag.py took 1.385 seconds
[2024-07-12T12:12:57.193+0100] {processor.py:161} INFO - Started process (PID=33118) to work on /home/victor/airflow_env/lib/python3.10/site-packages/airflow/example_dags/example_sla_dag.py
[2024-07-12T12:12:57.198+0100] {processor.py:830} INFO - Processing file /home/victor/airflow_env/lib/python3.10/site-packages/airflow/example_dags/example_sla_dag.py for tasks to queue
[2024-07-12T12:12:57.206+0100] {logging_mixin.py:188} INFO - [2024-07-12T12:12:57.204+0100] {dagbag.py:545} INFO - Filling up the DagBag from /home/victor/airflow_env/lib/python3.10/site-packages/airflow/example_dags/example_sla_dag.py
[2024-07-12T12:12:57.262+0100] {processor.py:840} INFO - DAG(s) 'example_sla_dag' retrieved from /home/victor/airflow_env/lib/python3.10/site-packages/airflow/example_dags/example_sla_dag.py
[2024-07-12T12:12:57.376+0100] {logging_mixin.py:188} INFO - [2024-07-12T12:12:57.375+0100] {dag.py:3096} INFO - Sync 1 DAGs
[2024-07-12T12:12:57.557+0100] {logging_mixin.py:188} INFO - [2024-07-12T12:12:57.557+0100] {dag.py:3954} INFO - Setting next_dagrun for example_sla_dag to 2024-07-12 11:10:00+00:00, run_after=2024-07-12 11:12:00+00:00
[2024-07-12T12:12:57.947+0100] {processor.py:183} INFO - Processing /home/victor/airflow_env/lib/python3.10/site-packages/airflow/example_dags/example_sla_dag.py took 0.784 seconds
[2024-07-12T12:15:53.453+0100] {processor.py:161} INFO - Started process (PID=33834) to work on /home/victor/airflow_env/lib/python3.10/site-packages/airflow/example_dags/example_sla_dag.py
[2024-07-12T12:15:53.458+0100] {processor.py:830} INFO - Processing file /home/victor/airflow_env/lib/python3.10/site-packages/airflow/example_dags/example_sla_dag.py for tasks to queue
[2024-07-12T12:15:53.468+0100] {logging_mixin.py:188} INFO - [2024-07-12T12:15:53.466+0100] {dagbag.py:545} INFO - Filling up the DagBag from /home/victor/airflow_env/lib/python3.10/site-packages/airflow/example_dags/example_sla_dag.py
[2024-07-12T12:15:53.584+0100] {processor.py:840} INFO - DAG(s) 'example_sla_dag' retrieved from /home/victor/airflow_env/lib/python3.10/site-packages/airflow/example_dags/example_sla_dag.py
[2024-07-12T12:15:53.703+0100] {logging_mixin.py:188} INFO - [2024-07-12T12:15:53.702+0100] {dag.py:3096} INFO - Sync 1 DAGs
[2024-07-12T12:15:53.852+0100] {logging_mixin.py:188} INFO - [2024-07-12T12:15:53.851+0100] {dag.py:3954} INFO - Setting next_dagrun for example_sla_dag to 2024-07-12 11:12:00+00:00, run_after=2024-07-12 11:14:00+00:00
[2024-07-12T12:15:54.246+0100] {processor.py:183} INFO - Processing /home/victor/airflow_env/lib/python3.10/site-packages/airflow/example_dags/example_sla_dag.py took 0.846 seconds
[2024-07-12T12:17:53.576+0100] {processor.py:161} INFO - Started process (PID=34318) to work on /home/victor/airflow_env/lib/python3.10/site-packages/airflow/example_dags/example_sla_dag.py
[2024-07-12T12:17:53.581+0100] {processor.py:830} INFO - Processing file /home/victor/airflow_env/lib/python3.10/site-packages/airflow/example_dags/example_sla_dag.py for tasks to queue
[2024-07-12T12:17:53.589+0100] {logging_mixin.py:188} INFO - [2024-07-12T12:17:53.587+0100] {dagbag.py:545} INFO - Filling up the DagBag from /home/victor/airflow_env/lib/python3.10/site-packages/airflow/example_dags/example_sla_dag.py
[2024-07-12T12:17:53.636+0100] {processor.py:840} INFO - DAG(s) 'example_sla_dag' retrieved from /home/victor/airflow_env/lib/python3.10/site-packages/airflow/example_dags/example_sla_dag.py
[2024-07-12T12:17:53.751+0100] {logging_mixin.py:188} INFO - [2024-07-12T12:17:53.750+0100] {dag.py:3096} INFO - Sync 1 DAGs
[2024-07-12T12:17:53.928+0100] {logging_mixin.py:188} INFO - [2024-07-12T12:17:53.927+0100] {dag.py:3954} INFO - Setting next_dagrun for example_sla_dag to 2024-07-12 11:14:00+00:00, run_after=2024-07-12 11:16:00+00:00
[2024-07-12T12:17:54.285+0100] {processor.py:183} INFO - Processing /home/victor/airflow_env/lib/python3.10/site-packages/airflow/example_dags/example_sla_dag.py took 0.739 seconds
[2024-07-12T12:19:46.602+0100] {processor.py:161} INFO - Started process (PID=34774) to work on /home/victor/airflow_env/lib/python3.10/site-packages/airflow/example_dags/example_sla_dag.py
[2024-07-12T12:19:46.642+0100] {processor.py:830} INFO - Processing file /home/victor/airflow_env/lib/python3.10/site-packages/airflow/example_dags/example_sla_dag.py for tasks to queue
[2024-07-12T12:19:46.660+0100] {logging_mixin.py:188} INFO - [2024-07-12T12:19:46.650+0100] {dagbag.py:545} INFO - Filling up the DagBag from /home/victor/airflow_env/lib/python3.10/site-packages/airflow/example_dags/example_sla_dag.py
[2024-07-12T12:19:46.730+0100] {processor.py:840} INFO - DAG(s) 'example_sla_dag' retrieved from /home/victor/airflow_env/lib/python3.10/site-packages/airflow/example_dags/example_sla_dag.py
[2024-07-12T12:19:46.844+0100] {logging_mixin.py:188} INFO - [2024-07-12T12:19:46.843+0100] {dag.py:3096} INFO - Sync 1 DAGs
[2024-07-12T12:19:47.003+0100] {logging_mixin.py:188} INFO - [2024-07-12T12:19:47.002+0100] {dag.py:3954} INFO - Setting next_dagrun for example_sla_dag to 2024-07-12 11:16:00+00:00, run_after=2024-07-12 11:18:00+00:00
[2024-07-12T12:19:47.328+0100] {processor.py:183} INFO - Processing /home/victor/airflow_env/lib/python3.10/site-packages/airflow/example_dags/example_sla_dag.py took 0.791 seconds
[2024-07-12T12:21:18.263+0100] {processor.py:161} INFO - Started process (PID=35151) to work on /home/victor/airflow_env/lib/python3.10/site-packages/airflow/example_dags/example_sla_dag.py
[2024-07-12T12:21:18.279+0100] {processor.py:830} INFO - Processing file /home/victor/airflow_env/lib/python3.10/site-packages/airflow/example_dags/example_sla_dag.py for tasks to queue
[2024-07-12T12:21:18.287+0100] {logging_mixin.py:188} INFO - [2024-07-12T12:21:18.285+0100] {dagbag.py:545} INFO - Filling up the DagBag from /home/victor/airflow_env/lib/python3.10/site-packages/airflow/example_dags/example_sla_dag.py
[2024-07-12T12:21:18.343+0100] {processor.py:840} INFO - DAG(s) 'example_sla_dag' retrieved from /home/victor/airflow_env/lib/python3.10/site-packages/airflow/example_dags/example_sla_dag.py
[2024-07-12T12:21:18.471+0100] {logging_mixin.py:188} INFO - [2024-07-12T12:21:18.470+0100] {dag.py:3096} INFO - Sync 1 DAGs
[2024-07-12T12:21:18.636+0100] {logging_mixin.py:188} INFO - [2024-07-12T12:21:18.635+0100] {dag.py:3954} INFO - Setting next_dagrun for example_sla_dag to 2024-07-12 11:18:00+00:00, run_after=2024-07-12 11:20:00+00:00
[2024-07-12T12:21:19.063+0100] {processor.py:183} INFO - Processing /home/victor/airflow_env/lib/python3.10/site-packages/airflow/example_dags/example_sla_dag.py took 0.841 seconds
[2024-07-12T12:22:45.606+0100] {processor.py:161} INFO - Started process (PID=35511) to work on /home/victor/airflow_env/lib/python3.10/site-packages/airflow/example_dags/example_sla_dag.py
[2024-07-12T12:22:45.611+0100] {processor.py:830} INFO - Processing file /home/victor/airflow_env/lib/python3.10/site-packages/airflow/example_dags/example_sla_dag.py for tasks to queue
[2024-07-12T12:22:45.619+0100] {logging_mixin.py:188} INFO - [2024-07-12T12:22:45.617+0100] {dagbag.py:545} INFO - Filling up the DagBag from /home/victor/airflow_env/lib/python3.10/site-packages/airflow/example_dags/example_sla_dag.py
[2024-07-12T12:22:45.694+0100] {processor.py:840} INFO - DAG(s) 'example_sla_dag' retrieved from /home/victor/airflow_env/lib/python3.10/site-packages/airflow/example_dags/example_sla_dag.py
[2024-07-12T12:22:45.843+0100] {logging_mixin.py:188} INFO - [2024-07-12T12:22:45.842+0100] {dag.py:3096} INFO - Sync 1 DAGs
[2024-07-12T12:22:46.012+0100] {logging_mixin.py:188} INFO - [2024-07-12T12:22:46.011+0100] {dag.py:3954} INFO - Setting next_dagrun for example_sla_dag to 2024-07-12 11:20:00+00:00, run_after=2024-07-12 11:22:00+00:00
[2024-07-12T12:22:46.372+0100] {processor.py:183} INFO - Processing /home/victor/airflow_env/lib/python3.10/site-packages/airflow/example_dags/example_sla_dag.py took 0.798 seconds
[2024-07-12T12:24:18.850+0100] {processor.py:161} INFO - Started process (PID=35890) to work on /home/victor/airflow_env/lib/python3.10/site-packages/airflow/example_dags/example_sla_dag.py
[2024-07-12T12:24:18.855+0100] {processor.py:830} INFO - Processing file /home/victor/airflow_env/lib/python3.10/site-packages/airflow/example_dags/example_sla_dag.py for tasks to queue
[2024-07-12T12:24:18.864+0100] {logging_mixin.py:188} INFO - [2024-07-12T12:24:18.862+0100] {dagbag.py:545} INFO - Filling up the DagBag from /home/victor/airflow_env/lib/python3.10/site-packages/airflow/example_dags/example_sla_dag.py
[2024-07-12T12:24:18.908+0100] {processor.py:840} INFO - DAG(s) 'example_sla_dag' retrieved from /home/victor/airflow_env/lib/python3.10/site-packages/airflow/example_dags/example_sla_dag.py
[2024-07-12T12:24:19.004+0100] {logging_mixin.py:188} INFO - [2024-07-12T12:24:19.003+0100] {dag.py:3096} INFO - Sync 1 DAGs
[2024-07-12T12:24:19.204+0100] {logging_mixin.py:188} INFO - [2024-07-12T12:24:19.202+0100] {dag.py:3954} INFO - Setting next_dagrun for example_sla_dag to 2024-07-12 11:22:00+00:00, run_after=2024-07-12 11:24:00+00:00
[2024-07-12T12:24:19.626+0100] {processor.py:183} INFO - Processing /home/victor/airflow_env/lib/python3.10/site-packages/airflow/example_dags/example_sla_dag.py took 0.805 seconds
[2024-07-12T12:25:58.376+0100] {processor.py:161} INFO - Started process (PID=36292) to work on /home/victor/airflow_env/lib/python3.10/site-packages/airflow/example_dags/example_sla_dag.py
[2024-07-12T12:25:58.382+0100] {processor.py:830} INFO - Processing file /home/victor/airflow_env/lib/python3.10/site-packages/airflow/example_dags/example_sla_dag.py for tasks to queue
[2024-07-12T12:25:58.398+0100] {logging_mixin.py:188} INFO - [2024-07-12T12:25:58.396+0100] {dagbag.py:545} INFO - Filling up the DagBag from /home/victor/airflow_env/lib/python3.10/site-packages/airflow/example_dags/example_sla_dag.py
[2024-07-12T12:25:58.487+0100] {processor.py:840} INFO - DAG(s) 'example_sla_dag' retrieved from /home/victor/airflow_env/lib/python3.10/site-packages/airflow/example_dags/example_sla_dag.py
[2024-07-12T12:25:58.700+0100] {logging_mixin.py:188} INFO - [2024-07-12T12:25:58.699+0100] {dag.py:3096} INFO - Sync 1 DAGs
[2024-07-12T12:25:58.859+0100] {logging_mixin.py:188} INFO - [2024-07-12T12:25:58.858+0100] {dag.py:3954} INFO - Setting next_dagrun for example_sla_dag to 2024-07-12 11:22:00+00:00, run_after=2024-07-12 11:24:00+00:00
[2024-07-12T12:25:59.245+0100] {processor.py:183} INFO - Processing /home/victor/airflow_env/lib/python3.10/site-packages/airflow/example_dags/example_sla_dag.py took 0.923 seconds
[2024-07-12T12:27:28.859+0100] {processor.py:161} INFO - Started process (PID=36662) to work on /home/victor/airflow_env/lib/python3.10/site-packages/airflow/example_dags/example_sla_dag.py
[2024-07-12T12:27:28.863+0100] {processor.py:830} INFO - Processing file /home/victor/airflow_env/lib/python3.10/site-packages/airflow/example_dags/example_sla_dag.py for tasks to queue
[2024-07-12T12:27:28.872+0100] {logging_mixin.py:188} INFO - [2024-07-12T12:27:28.870+0100] {dagbag.py:545} INFO - Filling up the DagBag from /home/victor/airflow_env/lib/python3.10/site-packages/airflow/example_dags/example_sla_dag.py
[2024-07-12T12:27:28.924+0100] {processor.py:840} INFO - DAG(s) 'example_sla_dag' retrieved from /home/victor/airflow_env/lib/python3.10/site-packages/airflow/example_dags/example_sla_dag.py
[2024-07-12T12:27:29.049+0100] {logging_mixin.py:188} INFO - [2024-07-12T12:27:29.048+0100] {dag.py:3096} INFO - Sync 1 DAGs
[2024-07-12T12:27:29.199+0100] {logging_mixin.py:188} INFO - [2024-07-12T12:27:29.198+0100] {dag.py:3954} INFO - Setting next_dagrun for example_sla_dag to 2024-07-12 11:24:00+00:00, run_after=2024-07-12 11:26:00+00:00
[2024-07-12T12:27:29.508+0100] {processor.py:183} INFO - Processing /home/victor/airflow_env/lib/python3.10/site-packages/airflow/example_dags/example_sla_dag.py took 0.679 seconds
[2024-07-12T12:28:57.660+0100] {processor.py:161} INFO - Started process (PID=37025) to work on /home/victor/airflow_env/lib/python3.10/site-packages/airflow/example_dags/example_sla_dag.py
[2024-07-12T12:28:57.665+0100] {processor.py:830} INFO - Processing file /home/victor/airflow_env/lib/python3.10/site-packages/airflow/example_dags/example_sla_dag.py for tasks to queue
[2024-07-12T12:28:57.673+0100] {logging_mixin.py:188} INFO - [2024-07-12T12:28:57.671+0100] {dagbag.py:545} INFO - Filling up the DagBag from /home/victor/airflow_env/lib/python3.10/site-packages/airflow/example_dags/example_sla_dag.py
[2024-07-12T12:28:57.717+0100] {processor.py:840} INFO - DAG(s) 'example_sla_dag' retrieved from /home/victor/airflow_env/lib/python3.10/site-packages/airflow/example_dags/example_sla_dag.py
[2024-07-12T12:28:57.827+0100] {logging_mixin.py:188} INFO - [2024-07-12T12:28:57.826+0100] {dag.py:3096} INFO - Sync 1 DAGs
[2024-07-12T12:28:57.993+0100] {logging_mixin.py:188} INFO - [2024-07-12T12:28:57.992+0100] {dag.py:3954} INFO - Setting next_dagrun for example_sla_dag to 2024-07-12 11:26:00+00:00, run_after=2024-07-12 11:28:00+00:00
[2024-07-12T12:28:58.329+0100] {processor.py:183} INFO - Processing /home/victor/airflow_env/lib/python3.10/site-packages/airflow/example_dags/example_sla_dag.py took 0.699 seconds
[2024-07-12T12:30:33.605+0100] {processor.py:161} INFO - Started process (PID=37417) to work on /home/victor/airflow_env/lib/python3.10/site-packages/airflow/example_dags/example_sla_dag.py
[2024-07-12T12:30:33.610+0100] {processor.py:830} INFO - Processing file /home/victor/airflow_env/lib/python3.10/site-packages/airflow/example_dags/example_sla_dag.py for tasks to queue
[2024-07-12T12:30:33.620+0100] {logging_mixin.py:188} INFO - [2024-07-12T12:30:33.617+0100] {dagbag.py:545} INFO - Filling up the DagBag from /home/victor/airflow_env/lib/python3.10/site-packages/airflow/example_dags/example_sla_dag.py
[2024-07-12T12:30:33.677+0100] {processor.py:840} INFO - DAG(s) 'example_sla_dag' retrieved from /home/victor/airflow_env/lib/python3.10/site-packages/airflow/example_dags/example_sla_dag.py
[2024-07-12T12:30:33.803+0100] {logging_mixin.py:188} INFO - [2024-07-12T12:30:33.802+0100] {dag.py:3096} INFO - Sync 1 DAGs
[2024-07-12T12:30:34.018+0100] {logging_mixin.py:188} INFO - [2024-07-12T12:30:34.017+0100] {dag.py:3954} INFO - Setting next_dagrun for example_sla_dag to 2024-07-12 11:28:00+00:00, run_after=2024-07-12 11:30:00+00:00
[2024-07-12T12:30:34.409+0100] {processor.py:183} INFO - Processing /home/victor/airflow_env/lib/python3.10/site-packages/airflow/example_dags/example_sla_dag.py took 0.843 seconds
[2024-07-12T12:32:02.501+0100] {processor.py:161} INFO - Started process (PID=37786) to work on /home/victor/airflow_env/lib/python3.10/site-packages/airflow/example_dags/example_sla_dag.py
[2024-07-12T12:32:02.521+0100] {processor.py:830} INFO - Processing file /home/victor/airflow_env/lib/python3.10/site-packages/airflow/example_dags/example_sla_dag.py for tasks to queue
[2024-07-12T12:32:02.529+0100] {logging_mixin.py:188} INFO - [2024-07-12T12:32:02.527+0100] {dagbag.py:545} INFO - Filling up the DagBag from /home/victor/airflow_env/lib/python3.10/site-packages/airflow/example_dags/example_sla_dag.py
[2024-07-12T12:32:02.573+0100] {processor.py:840} INFO - DAG(s) 'example_sla_dag' retrieved from /home/victor/airflow_env/lib/python3.10/site-packages/airflow/example_dags/example_sla_dag.py
[2024-07-12T12:32:02.673+0100] {logging_mixin.py:188} INFO - [2024-07-12T12:32:02.672+0100] {dag.py:3096} INFO - Sync 1 DAGs
[2024-07-12T12:32:02.802+0100] {logging_mixin.py:188} INFO - [2024-07-12T12:32:02.802+0100] {dag.py:3954} INFO - Setting next_dagrun for example_sla_dag to 2024-07-12 11:30:00+00:00, run_after=2024-07-12 11:32:00+00:00
[2024-07-12T12:32:03.102+0100] {processor.py:183} INFO - Processing /home/victor/airflow_env/lib/python3.10/site-packages/airflow/example_dags/example_sla_dag.py took 0.629 seconds
