[2024-07-12T11:04:24.084+0100] {processor.py:161} INFO - Started process (PID=15867) to work on /home/victor/airflow_env/lib/python3.10/site-packages/airflow/example_dags/example_xcom.py
[2024-07-12T11:04:24.089+0100] {processor.py:830} INFO - Processing file /home/victor/airflow_env/lib/python3.10/site-packages/airflow/example_dags/example_xcom.py for tasks to queue
[2024-07-12T11:04:24.098+0100] {logging_mixin.py:188} INFO - [2024-07-12T11:04:24.096+0100] {dagbag.py:545} INFO - Filling up the DagBag from /home/victor/airflow_env/lib/python3.10/site-packages/airflow/example_dags/example_xcom.py
[2024-07-12T11:04:24.147+0100] {processor.py:840} INFO - DAG(s) 'example_xcom' retrieved from /home/victor/airflow_env/lib/python3.10/site-packages/airflow/example_dags/example_xcom.py
[2024-07-12T11:04:25.078+0100] {logging_mixin.py:188} INFO - [2024-07-12T11:04:25.076+0100] {override.py:1847} INFO - Created Permission View: can edit on DAG:example_xcom
[2024-07-12T11:04:25.282+0100] {logging_mixin.py:188} INFO - [2024-07-12T11:04:25.280+0100] {override.py:1847} INFO - Created Permission View: can read on DAG:example_xcom
[2024-07-12T11:04:25.486+0100] {logging_mixin.py:188} INFO - [2024-07-12T11:04:25.485+0100] {override.py:1847} INFO - Created Permission View: can delete on DAG:example_xcom
[2024-07-12T11:04:25.489+0100] {logging_mixin.py:188} INFO - [2024-07-12T11:04:25.488+0100] {dag.py:3096} INFO - Sync 1 DAGs
[2024-07-12T11:04:25.589+0100] {logging_mixin.py:188} INFO - [2024-07-12T11:04:25.588+0100] {dag.py:3118} INFO - Creating ORM DAG for example_xcom
[2024-07-12T11:04:25.667+0100] {logging_mixin.py:188} INFO - [2024-07-12T11:04:25.666+0100] {dag.py:3954} INFO - Setting next_dagrun for example_xcom to 2021-01-01 00:00:00+00:00, run_after=2021-01-01 00:00:00+00:00
[2024-07-12T11:04:26.072+0100] {processor.py:183} INFO - Processing /home/victor/airflow_env/lib/python3.10/site-packages/airflow/example_dags/example_xcom.py took 2.015 seconds
[2024-07-12T11:07:37.035+0100] {processor.py:161} INFO - Started process (PID=16634) to work on /home/victor/airflow_env/lib/python3.10/site-packages/airflow/example_dags/example_xcom.py
[2024-07-12T11:07:37.040+0100] {processor.py:830} INFO - Processing file /home/victor/airflow_env/lib/python3.10/site-packages/airflow/example_dags/example_xcom.py for tasks to queue
[2024-07-12T11:07:37.048+0100] {logging_mixin.py:188} INFO - [2024-07-12T11:07:37.047+0100] {dagbag.py:545} INFO - Filling up the DagBag from /home/victor/airflow_env/lib/python3.10/site-packages/airflow/example_dags/example_xcom.py
[2024-07-12T11:07:37.088+0100] {processor.py:840} INFO - DAG(s) 'example_xcom' retrieved from /home/victor/airflow_env/lib/python3.10/site-packages/airflow/example_dags/example_xcom.py
[2024-07-12T11:07:37.210+0100] {logging_mixin.py:188} INFO - [2024-07-12T11:07:37.209+0100] {dag.py:3096} INFO - Sync 1 DAGs
[2024-07-12T11:07:37.336+0100] {logging_mixin.py:188} INFO - [2024-07-12T11:07:37.335+0100] {dag.py:3954} INFO - Setting next_dagrun for example_xcom to 2021-01-01 00:00:00+00:00, run_after=2021-01-01 00:00:00+00:00
[2024-07-12T11:07:37.633+0100] {processor.py:183} INFO - Processing /home/victor/airflow_env/lib/python3.10/site-packages/airflow/example_dags/example_xcom.py took 0.636 seconds
[2024-07-12T11:10:12.318+0100] {processor.py:161} INFO - Started process (PID=17241) to work on /home/victor/airflow_env/lib/python3.10/site-packages/airflow/example_dags/example_xcom.py
[2024-07-12T11:10:12.323+0100] {processor.py:830} INFO - Processing file /home/victor/airflow_env/lib/python3.10/site-packages/airflow/example_dags/example_xcom.py for tasks to queue
[2024-07-12T11:10:12.331+0100] {logging_mixin.py:188} INFO - [2024-07-12T11:10:12.329+0100] {dagbag.py:545} INFO - Filling up the DagBag from /home/victor/airflow_env/lib/python3.10/site-packages/airflow/example_dags/example_xcom.py
[2024-07-12T11:10:12.376+0100] {processor.py:840} INFO - DAG(s) 'example_xcom' retrieved from /home/victor/airflow_env/lib/python3.10/site-packages/airflow/example_dags/example_xcom.py
[2024-07-12T11:10:12.659+0100] {logging_mixin.py:188} INFO - [2024-07-12T11:10:12.658+0100] {dag.py:3096} INFO - Sync 1 DAGs
[2024-07-12T11:10:13.108+0100] {logging_mixin.py:188} INFO - [2024-07-12T11:10:13.107+0100] {dag.py:3954} INFO - Setting next_dagrun for example_xcom to 2021-01-01 00:00:00+00:00, run_after=2021-01-01 00:00:00+00:00
[2024-07-12T11:10:13.500+0100] {processor.py:183} INFO - Processing /home/victor/airflow_env/lib/python3.10/site-packages/airflow/example_dags/example_xcom.py took 1.208 seconds
[2024-07-12T11:12:10.480+0100] {processor.py:161} INFO - Started process (PID=17723) to work on /home/victor/airflow_env/lib/python3.10/site-packages/airflow/example_dags/example_xcom.py
[2024-07-12T11:12:10.487+0100] {processor.py:830} INFO - Processing file /home/victor/airflow_env/lib/python3.10/site-packages/airflow/example_dags/example_xcom.py for tasks to queue
[2024-07-12T11:12:10.506+0100] {logging_mixin.py:188} INFO - [2024-07-12T11:12:10.502+0100] {dagbag.py:545} INFO - Filling up the DagBag from /home/victor/airflow_env/lib/python3.10/site-packages/airflow/example_dags/example_xcom.py
[2024-07-12T11:12:10.559+0100] {processor.py:840} INFO - DAG(s) 'example_xcom' retrieved from /home/victor/airflow_env/lib/python3.10/site-packages/airflow/example_dags/example_xcom.py
[2024-07-12T11:12:10.719+0100] {logging_mixin.py:188} INFO - [2024-07-12T11:12:10.718+0100] {dag.py:3096} INFO - Sync 1 DAGs
[2024-07-12T11:12:10.897+0100] {logging_mixin.py:188} INFO - [2024-07-12T11:12:10.896+0100] {dag.py:3954} INFO - Setting next_dagrun for example_xcom to 2021-01-01 00:00:00+00:00, run_after=2021-01-01 00:00:00+00:00
[2024-07-12T11:12:11.315+0100] {processor.py:183} INFO - Processing /home/victor/airflow_env/lib/python3.10/site-packages/airflow/example_dags/example_xcom.py took 0.884 seconds
[2024-07-12T11:13:36.051+0100] {processor.py:161} INFO - Started process (PID=18077) to work on /home/victor/airflow_env/lib/python3.10/site-packages/airflow/example_dags/example_xcom.py
[2024-07-12T11:13:36.060+0100] {processor.py:830} INFO - Processing file /home/victor/airflow_env/lib/python3.10/site-packages/airflow/example_dags/example_xcom.py for tasks to queue
[2024-07-12T11:13:36.069+0100] {logging_mixin.py:188} INFO - [2024-07-12T11:13:36.067+0100] {dagbag.py:545} INFO - Filling up the DagBag from /home/victor/airflow_env/lib/python3.10/site-packages/airflow/example_dags/example_xcom.py
[2024-07-12T11:13:36.117+0100] {processor.py:840} INFO - DAG(s) 'example_xcom' retrieved from /home/victor/airflow_env/lib/python3.10/site-packages/airflow/example_dags/example_xcom.py
[2024-07-12T11:13:36.297+0100] {logging_mixin.py:188} INFO - [2024-07-12T11:13:36.296+0100] {dag.py:3096} INFO - Sync 1 DAGs
[2024-07-12T11:13:36.530+0100] {logging_mixin.py:188} INFO - [2024-07-12T11:13:36.529+0100] {dag.py:3954} INFO - Setting next_dagrun for example_xcom to 2021-01-01 00:00:00+00:00, run_after=2021-01-01 00:00:00+00:00
[2024-07-12T11:13:36.964+0100] {processor.py:183} INFO - Processing /home/victor/airflow_env/lib/python3.10/site-packages/airflow/example_dags/example_xcom.py took 0.972 seconds
[2024-07-12T11:15:49.543+0100] {processor.py:161} INFO - Started process (PID=18618) to work on /home/victor/airflow_env/lib/python3.10/site-packages/airflow/example_dags/example_xcom.py
[2024-07-12T11:15:49.550+0100] {processor.py:830} INFO - Processing file /home/victor/airflow_env/lib/python3.10/site-packages/airflow/example_dags/example_xcom.py for tasks to queue
[2024-07-12T11:15:49.565+0100] {logging_mixin.py:188} INFO - [2024-07-12T11:15:49.563+0100] {dagbag.py:545} INFO - Filling up the DagBag from /home/victor/airflow_env/lib/python3.10/site-packages/airflow/example_dags/example_xcom.py
[2024-07-12T11:15:49.640+0100] {processor.py:840} INFO - DAG(s) 'example_xcom' retrieved from /home/victor/airflow_env/lib/python3.10/site-packages/airflow/example_dags/example_xcom.py
[2024-07-12T11:15:49.909+0100] {logging_mixin.py:188} INFO - [2024-07-12T11:15:49.907+0100] {dag.py:3096} INFO - Sync 1 DAGs
[2024-07-12T11:15:50.239+0100] {logging_mixin.py:188} INFO - [2024-07-12T11:15:50.238+0100] {dag.py:3954} INFO - Setting next_dagrun for example_xcom to 2021-01-01 00:00:00+00:00, run_after=2021-01-01 00:00:00+00:00
[2024-07-12T11:15:50.704+0100] {processor.py:183} INFO - Processing /home/victor/airflow_env/lib/python3.10/site-packages/airflow/example_dags/example_xcom.py took 1.223 seconds
[2024-07-12T11:18:11.738+0100] {processor.py:161} INFO - Started process (PID=19195) to work on /home/victor/airflow_env/lib/python3.10/site-packages/airflow/example_dags/example_xcom.py
[2024-07-12T11:18:11.760+0100] {processor.py:830} INFO - Processing file /home/victor/airflow_env/lib/python3.10/site-packages/airflow/example_dags/example_xcom.py for tasks to queue
[2024-07-12T11:18:11.777+0100] {logging_mixin.py:188} INFO - [2024-07-12T11:18:11.775+0100] {dagbag.py:545} INFO - Filling up the DagBag from /home/victor/airflow_env/lib/python3.10/site-packages/airflow/example_dags/example_xcom.py
[2024-07-12T11:18:11.866+0100] {processor.py:840} INFO - DAG(s) 'example_xcom' retrieved from /home/victor/airflow_env/lib/python3.10/site-packages/airflow/example_dags/example_xcom.py
[2024-07-12T11:18:12.066+0100] {logging_mixin.py:188} INFO - [2024-07-12T11:18:12.065+0100] {dag.py:3096} INFO - Sync 1 DAGs
[2024-07-12T11:18:12.266+0100] {logging_mixin.py:188} INFO - [2024-07-12T11:18:12.261+0100] {dag.py:3954} INFO - Setting next_dagrun for example_xcom to 2021-01-01 00:00:00+00:00, run_after=2021-01-01 00:00:00+00:00
[2024-07-12T11:18:12.699+0100] {processor.py:183} INFO - Processing /home/victor/airflow_env/lib/python3.10/site-packages/airflow/example_dags/example_xcom.py took 1.031 seconds
[2024-07-12T11:19:45.515+0100] {processor.py:161} INFO - Started process (PID=19585) to work on /home/victor/airflow_env/lib/python3.10/site-packages/airflow/example_dags/example_xcom.py
[2024-07-12T11:19:45.519+0100] {processor.py:830} INFO - Processing file /home/victor/airflow_env/lib/python3.10/site-packages/airflow/example_dags/example_xcom.py for tasks to queue
[2024-07-12T11:19:45.527+0100] {logging_mixin.py:188} INFO - [2024-07-12T11:19:45.526+0100] {dagbag.py:545} INFO - Filling up the DagBag from /home/victor/airflow_env/lib/python3.10/site-packages/airflow/example_dags/example_xcom.py
[2024-07-12T11:19:45.587+0100] {processor.py:840} INFO - DAG(s) 'example_xcom' retrieved from /home/victor/airflow_env/lib/python3.10/site-packages/airflow/example_dags/example_xcom.py
[2024-07-12T11:19:45.708+0100] {logging_mixin.py:188} INFO - [2024-07-12T11:19:45.707+0100] {dag.py:3096} INFO - Sync 1 DAGs
[2024-07-12T11:19:45.840+0100] {logging_mixin.py:188} INFO - [2024-07-12T11:19:45.839+0100] {dag.py:3954} INFO - Setting next_dagrun for example_xcom to 2021-01-01 00:00:00+00:00, run_after=2021-01-01 00:00:00+00:00
[2024-07-12T11:19:46.196+0100] {processor.py:183} INFO - Processing /home/victor/airflow_env/lib/python3.10/site-packages/airflow/example_dags/example_xcom.py took 0.713 seconds
[2024-07-12T11:21:29.492+0100] {processor.py:161} INFO - Started process (PID=20010) to work on /home/victor/airflow_env/lib/python3.10/site-packages/airflow/example_dags/example_xcom.py
[2024-07-12T11:21:29.498+0100] {processor.py:830} INFO - Processing file /home/victor/airflow_env/lib/python3.10/site-packages/airflow/example_dags/example_xcom.py for tasks to queue
[2024-07-12T11:21:29.518+0100] {logging_mixin.py:188} INFO - [2024-07-12T11:21:29.516+0100] {dagbag.py:545} INFO - Filling up the DagBag from /home/victor/airflow_env/lib/python3.10/site-packages/airflow/example_dags/example_xcom.py
[2024-07-12T11:21:29.595+0100] {processor.py:840} INFO - DAG(s) 'example_xcom' retrieved from /home/victor/airflow_env/lib/python3.10/site-packages/airflow/example_dags/example_xcom.py
[2024-07-12T11:21:29.785+0100] {logging_mixin.py:188} INFO - [2024-07-12T11:21:29.783+0100] {dag.py:3096} INFO - Sync 1 DAGs
[2024-07-12T11:21:29.904+0100] {logging_mixin.py:188} INFO - [2024-07-12T11:21:29.902+0100] {dag.py:3954} INFO - Setting next_dagrun for example_xcom to 2021-01-01 00:00:00+00:00, run_after=2021-01-01 00:00:00+00:00
[2024-07-12T11:21:30.278+0100] {processor.py:183} INFO - Processing /home/victor/airflow_env/lib/python3.10/site-packages/airflow/example_dags/example_xcom.py took 0.850 seconds
[2024-07-12T11:23:02.701+0100] {processor.py:161} INFO - Started process (PID=20399) to work on /home/victor/airflow_env/lib/python3.10/site-packages/airflow/example_dags/example_xcom.py
[2024-07-12T11:23:02.715+0100] {processor.py:830} INFO - Processing file /home/victor/airflow_env/lib/python3.10/site-packages/airflow/example_dags/example_xcom.py for tasks to queue
[2024-07-12T11:23:02.731+0100] {logging_mixin.py:188} INFO - [2024-07-12T11:23:02.725+0100] {dagbag.py:545} INFO - Filling up the DagBag from /home/victor/airflow_env/lib/python3.10/site-packages/airflow/example_dags/example_xcom.py
[2024-07-12T11:23:02.793+0100] {processor.py:840} INFO - DAG(s) 'example_xcom' retrieved from /home/victor/airflow_env/lib/python3.10/site-packages/airflow/example_dags/example_xcom.py
[2024-07-12T11:23:02.941+0100] {logging_mixin.py:188} INFO - [2024-07-12T11:23:02.940+0100] {dag.py:3096} INFO - Sync 1 DAGs
[2024-07-12T11:23:03.096+0100] {logging_mixin.py:188} INFO - [2024-07-12T11:23:03.094+0100] {dag.py:3954} INFO - Setting next_dagrun for example_xcom to 2021-01-01 00:00:00+00:00, run_after=2021-01-01 00:00:00+00:00
[2024-07-12T11:23:03.414+0100] {processor.py:183} INFO - Processing /home/victor/airflow_env/lib/python3.10/site-packages/airflow/example_dags/example_xcom.py took 0.750 seconds
[2024-07-12T11:24:38.231+0100] {processor.py:161} INFO - Started process (PID=20795) to work on /home/victor/airflow_env/lib/python3.10/site-packages/airflow/example_dags/example_xcom.py
[2024-07-12T11:24:38.236+0100] {processor.py:830} INFO - Processing file /home/victor/airflow_env/lib/python3.10/site-packages/airflow/example_dags/example_xcom.py for tasks to queue
[2024-07-12T11:24:38.253+0100] {logging_mixin.py:188} INFO - [2024-07-12T11:24:38.251+0100] {dagbag.py:545} INFO - Filling up the DagBag from /home/victor/airflow_env/lib/python3.10/site-packages/airflow/example_dags/example_xcom.py
[2024-07-12T11:24:38.354+0100] {processor.py:840} INFO - DAG(s) 'example_xcom' retrieved from /home/victor/airflow_env/lib/python3.10/site-packages/airflow/example_dags/example_xcom.py
[2024-07-12T11:24:38.515+0100] {logging_mixin.py:188} INFO - [2024-07-12T11:24:38.514+0100] {dag.py:3096} INFO - Sync 1 DAGs
[2024-07-12T11:24:38.692+0100] {logging_mixin.py:188} INFO - [2024-07-12T11:24:38.691+0100] {dag.py:3954} INFO - Setting next_dagrun for example_xcom to 2021-01-01 00:00:00+00:00, run_after=2021-01-01 00:00:00+00:00
[2024-07-12T11:24:39.040+0100] {processor.py:183} INFO - Processing /home/victor/airflow_env/lib/python3.10/site-packages/airflow/example_dags/example_xcom.py took 0.868 seconds
[2024-07-12T11:26:28.671+0100] {processor.py:161} INFO - Started process (PID=21241) to work on /home/victor/airflow_env/lib/python3.10/site-packages/airflow/example_dags/example_xcom.py
[2024-07-12T11:26:28.677+0100] {processor.py:830} INFO - Processing file /home/victor/airflow_env/lib/python3.10/site-packages/airflow/example_dags/example_xcom.py for tasks to queue
[2024-07-12T11:26:28.685+0100] {logging_mixin.py:188} INFO - [2024-07-12T11:26:28.684+0100] {dagbag.py:545} INFO - Filling up the DagBag from /home/victor/airflow_env/lib/python3.10/site-packages/airflow/example_dags/example_xcom.py
[2024-07-12T11:26:28.741+0100] {processor.py:840} INFO - DAG(s) 'example_xcom' retrieved from /home/victor/airflow_env/lib/python3.10/site-packages/airflow/example_dags/example_xcom.py
[2024-07-12T11:26:28.902+0100] {logging_mixin.py:188} INFO - [2024-07-12T11:26:28.901+0100] {dag.py:3096} INFO - Sync 1 DAGs
[2024-07-12T11:26:29.053+0100] {logging_mixin.py:188} INFO - [2024-07-12T11:26:29.052+0100] {dag.py:3954} INFO - Setting next_dagrun for example_xcom to 2021-01-01 00:00:00+00:00, run_after=2021-01-01 00:00:00+00:00
[2024-07-12T11:26:29.481+0100] {processor.py:183} INFO - Processing /home/victor/airflow_env/lib/python3.10/site-packages/airflow/example_dags/example_xcom.py took 0.844 seconds
[2024-07-12T11:27:58.910+0100] {processor.py:161} INFO - Started process (PID=21614) to work on /home/victor/airflow_env/lib/python3.10/site-packages/airflow/example_dags/example_xcom.py
[2024-07-12T11:27:58.917+0100] {processor.py:830} INFO - Processing file /home/victor/airflow_env/lib/python3.10/site-packages/airflow/example_dags/example_xcom.py for tasks to queue
[2024-07-12T11:27:58.927+0100] {logging_mixin.py:188} INFO - [2024-07-12T11:27:58.925+0100] {dagbag.py:545} INFO - Filling up the DagBag from /home/victor/airflow_env/lib/python3.10/site-packages/airflow/example_dags/example_xcom.py
[2024-07-12T11:27:58.978+0100] {processor.py:840} INFO - DAG(s) 'example_xcom' retrieved from /home/victor/airflow_env/lib/python3.10/site-packages/airflow/example_dags/example_xcom.py
[2024-07-12T11:27:59.151+0100] {logging_mixin.py:188} INFO - [2024-07-12T11:27:59.149+0100] {dag.py:3096} INFO - Sync 1 DAGs
[2024-07-12T11:27:59.291+0100] {logging_mixin.py:188} INFO - [2024-07-12T11:27:59.288+0100] {dag.py:3954} INFO - Setting next_dagrun for example_xcom to 2021-01-01 00:00:00+00:00, run_after=2021-01-01 00:00:00+00:00
[2024-07-12T11:27:59.559+0100] {processor.py:183} INFO - Processing /home/victor/airflow_env/lib/python3.10/site-packages/airflow/example_dags/example_xcom.py took 0.686 seconds
[2024-07-12T11:29:32.925+0100] {processor.py:161} INFO - Started process (PID=21998) to work on /home/victor/airflow_env/lib/python3.10/site-packages/airflow/example_dags/example_xcom.py
[2024-07-12T11:29:32.931+0100] {processor.py:830} INFO - Processing file /home/victor/airflow_env/lib/python3.10/site-packages/airflow/example_dags/example_xcom.py for tasks to queue
[2024-07-12T11:29:32.946+0100] {logging_mixin.py:188} INFO - [2024-07-12T11:29:32.944+0100] {dagbag.py:545} INFO - Filling up the DagBag from /home/victor/airflow_env/lib/python3.10/site-packages/airflow/example_dags/example_xcom.py
[2024-07-12T11:29:32.999+0100] {processor.py:840} INFO - DAG(s) 'example_xcom' retrieved from /home/victor/airflow_env/lib/python3.10/site-packages/airflow/example_dags/example_xcom.py
[2024-07-12T11:29:33.165+0100] {logging_mixin.py:188} INFO - [2024-07-12T11:29:33.164+0100] {dag.py:3096} INFO - Sync 1 DAGs
[2024-07-12T11:29:33.303+0100] {logging_mixin.py:188} INFO - [2024-07-12T11:29:33.301+0100] {dag.py:3954} INFO - Setting next_dagrun for example_xcom to 2021-01-01 00:00:00+00:00, run_after=2021-01-01 00:00:00+00:00
[2024-07-12T11:29:33.738+0100] {processor.py:183} INFO - Processing /home/victor/airflow_env/lib/python3.10/site-packages/airflow/example_dags/example_xcom.py took 0.852 seconds
[2024-07-12T11:32:06.287+0100] {processor.py:161} INFO - Started process (PID=22981) to work on /home/victor/airflow_env/lib/python3.10/site-packages/airflow/example_dags/example_xcom.py
[2024-07-12T11:32:06.297+0100] {processor.py:830} INFO - Processing file /home/victor/airflow_env/lib/python3.10/site-packages/airflow/example_dags/example_xcom.py for tasks to queue
[2024-07-12T11:32:06.305+0100] {logging_mixin.py:188} INFO - [2024-07-12T11:32:06.303+0100] {dagbag.py:545} INFO - Filling up the DagBag from /home/victor/airflow_env/lib/python3.10/site-packages/airflow/example_dags/example_xcom.py
[2024-07-12T11:32:06.385+0100] {processor.py:840} INFO - DAG(s) 'example_xcom' retrieved from /home/victor/airflow_env/lib/python3.10/site-packages/airflow/example_dags/example_xcom.py
[2024-07-12T11:32:06.629+0100] {logging_mixin.py:188} INFO - [2024-07-12T11:32:06.628+0100] {dag.py:3096} INFO - Sync 1 DAGs
[2024-07-12T11:32:06.818+0100] {logging_mixin.py:188} INFO - [2024-07-12T11:32:06.817+0100] {dag.py:3954} INFO - Setting next_dagrun for example_xcom to 2021-01-01 00:00:00+00:00, run_after=2021-01-01 00:00:00+00:00
[2024-07-12T11:32:07.253+0100] {processor.py:183} INFO - Processing /home/victor/airflow_env/lib/python3.10/site-packages/airflow/example_dags/example_xcom.py took 1.008 seconds
[2024-07-12T11:34:11.685+0100] {processor.py:161} INFO - Started process (PID=23517) to work on /home/victor/airflow_env/lib/python3.10/site-packages/airflow/example_dags/example_xcom.py
[2024-07-12T11:34:11.691+0100] {processor.py:830} INFO - Processing file /home/victor/airflow_env/lib/python3.10/site-packages/airflow/example_dags/example_xcom.py for tasks to queue
[2024-07-12T11:34:11.700+0100] {logging_mixin.py:188} INFO - [2024-07-12T11:34:11.699+0100] {dagbag.py:545} INFO - Filling up the DagBag from /home/victor/airflow_env/lib/python3.10/site-packages/airflow/example_dags/example_xcom.py
[2024-07-12T11:34:11.768+0100] {processor.py:840} INFO - DAG(s) 'example_xcom' retrieved from /home/victor/airflow_env/lib/python3.10/site-packages/airflow/example_dags/example_xcom.py
[2024-07-12T11:34:11.967+0100] {logging_mixin.py:188} INFO - [2024-07-12T11:34:11.966+0100] {dag.py:3096} INFO - Sync 1 DAGs
[2024-07-12T11:34:12.096+0100] {logging_mixin.py:188} INFO - [2024-07-12T11:34:12.095+0100] {dag.py:3954} INFO - Setting next_dagrun for example_xcom to 2021-01-01 00:00:00+00:00, run_after=2021-01-01 00:00:00+00:00
[2024-07-12T11:34:12.439+0100] {processor.py:183} INFO - Processing /home/victor/airflow_env/lib/python3.10/site-packages/airflow/example_dags/example_xcom.py took 0.804 seconds
[2024-07-12T11:36:05.776+0100] {processor.py:161} INFO - Started process (PID=23980) to work on /home/victor/airflow_env/lib/python3.10/site-packages/airflow/example_dags/example_xcom.py
[2024-07-12T11:36:05.781+0100] {processor.py:830} INFO - Processing file /home/victor/airflow_env/lib/python3.10/site-packages/airflow/example_dags/example_xcom.py for tasks to queue
[2024-07-12T11:36:05.789+0100] {logging_mixin.py:188} INFO - [2024-07-12T11:36:05.787+0100] {dagbag.py:545} INFO - Filling up the DagBag from /home/victor/airflow_env/lib/python3.10/site-packages/airflow/example_dags/example_xcom.py
[2024-07-12T11:36:05.834+0100] {processor.py:840} INFO - DAG(s) 'example_xcom' retrieved from /home/victor/airflow_env/lib/python3.10/site-packages/airflow/example_dags/example_xcom.py
[2024-07-12T11:36:05.960+0100] {logging_mixin.py:188} INFO - [2024-07-12T11:36:05.959+0100] {dag.py:3096} INFO - Sync 1 DAGs
[2024-07-12T11:36:06.100+0100] {logging_mixin.py:188} INFO - [2024-07-12T11:36:06.099+0100] {dag.py:3954} INFO - Setting next_dagrun for example_xcom to 2021-01-01 00:00:00+00:00, run_after=2021-01-01 00:00:00+00:00
[2024-07-12T11:36:06.488+0100] {processor.py:183} INFO - Processing /home/victor/airflow_env/lib/python3.10/site-packages/airflow/example_dags/example_xcom.py took 0.755 seconds
[2024-07-12T11:37:38.550+0100] {processor.py:161} INFO - Started process (PID=24401) to work on /home/victor/airflow_env/lib/python3.10/site-packages/airflow/example_dags/example_xcom.py
[2024-07-12T11:37:38.555+0100] {processor.py:830} INFO - Processing file /home/victor/airflow_env/lib/python3.10/site-packages/airflow/example_dags/example_xcom.py for tasks to queue
[2024-07-12T11:37:38.565+0100] {logging_mixin.py:188} INFO - [2024-07-12T11:37:38.563+0100] {dagbag.py:545} INFO - Filling up the DagBag from /home/victor/airflow_env/lib/python3.10/site-packages/airflow/example_dags/example_xcom.py
[2024-07-12T11:37:38.623+0100] {processor.py:840} INFO - DAG(s) 'example_xcom' retrieved from /home/victor/airflow_env/lib/python3.10/site-packages/airflow/example_dags/example_xcom.py
[2024-07-12T11:37:38.791+0100] {logging_mixin.py:188} INFO - [2024-07-12T11:37:38.789+0100] {dag.py:3096} INFO - Sync 1 DAGs
[2024-07-12T11:37:38.963+0100] {logging_mixin.py:188} INFO - [2024-07-12T11:37:38.962+0100] {dag.py:3954} INFO - Setting next_dagrun for example_xcom to 2021-01-01 00:00:00+00:00, run_after=2021-01-01 00:00:00+00:00
[2024-07-12T11:37:39.377+0100] {processor.py:183} INFO - Processing /home/victor/airflow_env/lib/python3.10/site-packages/airflow/example_dags/example_xcom.py took 0.866 seconds
[2024-07-12T11:39:03.739+0100] {processor.py:161} INFO - Started process (PID=24750) to work on /home/victor/airflow_env/lib/python3.10/site-packages/airflow/example_dags/example_xcom.py
[2024-07-12T11:39:03.751+0100] {processor.py:830} INFO - Processing file /home/victor/airflow_env/lib/python3.10/site-packages/airflow/example_dags/example_xcom.py for tasks to queue
[2024-07-12T11:39:03.762+0100] {logging_mixin.py:188} INFO - [2024-07-12T11:39:03.759+0100] {dagbag.py:545} INFO - Filling up the DagBag from /home/victor/airflow_env/lib/python3.10/site-packages/airflow/example_dags/example_xcom.py
[2024-07-12T11:39:03.807+0100] {processor.py:840} INFO - DAG(s) 'example_xcom' retrieved from /home/victor/airflow_env/lib/python3.10/site-packages/airflow/example_dags/example_xcom.py
[2024-07-12T11:39:03.923+0100] {logging_mixin.py:188} INFO - [2024-07-12T11:39:03.922+0100] {dag.py:3096} INFO - Sync 1 DAGs
[2024-07-12T11:39:04.049+0100] {logging_mixin.py:188} INFO - [2024-07-12T11:39:04.048+0100] {dag.py:3954} INFO - Setting next_dagrun for example_xcom to 2021-01-01 00:00:00+00:00, run_after=2021-01-01 00:00:00+00:00
[2024-07-12T11:39:04.387+0100] {processor.py:183} INFO - Processing /home/victor/airflow_env/lib/python3.10/site-packages/airflow/example_dags/example_xcom.py took 0.686 seconds
[2024-07-12T11:40:35.233+0100] {processor.py:161} INFO - Started process (PID=25124) to work on /home/victor/airflow_env/lib/python3.10/site-packages/airflow/example_dags/example_xcom.py
[2024-07-12T11:40:35.239+0100] {processor.py:830} INFO - Processing file /home/victor/airflow_env/lib/python3.10/site-packages/airflow/example_dags/example_xcom.py for tasks to queue
[2024-07-12T11:40:35.266+0100] {logging_mixin.py:188} INFO - [2024-07-12T11:40:35.264+0100] {dagbag.py:545} INFO - Filling up the DagBag from /home/victor/airflow_env/lib/python3.10/site-packages/airflow/example_dags/example_xcom.py
[2024-07-12T11:40:35.357+0100] {processor.py:840} INFO - DAG(s) 'example_xcom' retrieved from /home/victor/airflow_env/lib/python3.10/site-packages/airflow/example_dags/example_xcom.py
[2024-07-12T11:40:35.528+0100] {logging_mixin.py:188} INFO - [2024-07-12T11:40:35.527+0100] {dag.py:3096} INFO - Sync 1 DAGs
[2024-07-12T11:40:35.739+0100] {logging_mixin.py:188} INFO - [2024-07-12T11:40:35.738+0100] {dag.py:3954} INFO - Setting next_dagrun for example_xcom to 2021-01-01 00:00:00+00:00, run_after=2021-01-01 00:00:00+00:00
[2024-07-12T11:40:36.098+0100] {processor.py:183} INFO - Processing /home/victor/airflow_env/lib/python3.10/site-packages/airflow/example_dags/example_xcom.py took 0.923 seconds
[2024-07-12T11:42:02.900+0100] {processor.py:161} INFO - Started process (PID=25483) to work on /home/victor/airflow_env/lib/python3.10/site-packages/airflow/example_dags/example_xcom.py
[2024-07-12T11:42:02.905+0100] {processor.py:830} INFO - Processing file /home/victor/airflow_env/lib/python3.10/site-packages/airflow/example_dags/example_xcom.py for tasks to queue
[2024-07-12T11:42:02.924+0100] {logging_mixin.py:188} INFO - [2024-07-12T11:42:02.922+0100] {dagbag.py:545} INFO - Filling up the DagBag from /home/victor/airflow_env/lib/python3.10/site-packages/airflow/example_dags/example_xcom.py
[2024-07-12T11:42:02.977+0100] {processor.py:840} INFO - DAG(s) 'example_xcom' retrieved from /home/victor/airflow_env/lib/python3.10/site-packages/airflow/example_dags/example_xcom.py
[2024-07-12T11:42:03.097+0100] {logging_mixin.py:188} INFO - [2024-07-12T11:42:03.096+0100] {dag.py:3096} INFO - Sync 1 DAGs
[2024-07-12T11:42:03.222+0100] {logging_mixin.py:188} INFO - [2024-07-12T11:42:03.220+0100] {dag.py:3954} INFO - Setting next_dagrun for example_xcom to 2021-01-01 00:00:00+00:00, run_after=2021-01-01 00:00:00+00:00
[2024-07-12T11:42:03.569+0100] {processor.py:183} INFO - Processing /home/victor/airflow_env/lib/python3.10/site-packages/airflow/example_dags/example_xcom.py took 0.704 seconds
[2024-07-12T11:43:32.539+0100] {processor.py:161} INFO - Started process (PID=25851) to work on /home/victor/airflow_env/lib/python3.10/site-packages/airflow/example_dags/example_xcom.py
[2024-07-12T11:43:32.545+0100] {processor.py:830} INFO - Processing file /home/victor/airflow_env/lib/python3.10/site-packages/airflow/example_dags/example_xcom.py for tasks to queue
[2024-07-12T11:43:32.564+0100] {logging_mixin.py:188} INFO - [2024-07-12T11:43:32.562+0100] {dagbag.py:545} INFO - Filling up the DagBag from /home/victor/airflow_env/lib/python3.10/site-packages/airflow/example_dags/example_xcom.py
[2024-07-12T11:43:32.663+0100] {processor.py:840} INFO - DAG(s) 'example_xcom' retrieved from /home/victor/airflow_env/lib/python3.10/site-packages/airflow/example_dags/example_xcom.py
[2024-07-12T11:43:32.863+0100] {logging_mixin.py:188} INFO - [2024-07-12T11:43:32.862+0100] {dag.py:3096} INFO - Sync 1 DAGs
[2024-07-12T11:43:33.015+0100] {logging_mixin.py:188} INFO - [2024-07-12T11:43:33.014+0100] {dag.py:3954} INFO - Setting next_dagrun for example_xcom to 2021-01-01 00:00:00+00:00, run_after=2021-01-01 00:00:00+00:00
[2024-07-12T11:43:33.365+0100] {processor.py:183} INFO - Processing /home/victor/airflow_env/lib/python3.10/site-packages/airflow/example_dags/example_xcom.py took 0.922 seconds
[2024-07-12T11:44:56.530+0100] {processor.py:161} INFO - Started process (PID=26202) to work on /home/victor/airflow_env/lib/python3.10/site-packages/airflow/example_dags/example_xcom.py
[2024-07-12T11:44:56.534+0100] {processor.py:830} INFO - Processing file /home/victor/airflow_env/lib/python3.10/site-packages/airflow/example_dags/example_xcom.py for tasks to queue
[2024-07-12T11:44:56.543+0100] {logging_mixin.py:188} INFO - [2024-07-12T11:44:56.541+0100] {dagbag.py:545} INFO - Filling up the DagBag from /home/victor/airflow_env/lib/python3.10/site-packages/airflow/example_dags/example_xcom.py
[2024-07-12T11:44:56.591+0100] {processor.py:840} INFO - DAG(s) 'example_xcom' retrieved from /home/victor/airflow_env/lib/python3.10/site-packages/airflow/example_dags/example_xcom.py
[2024-07-12T11:44:56.720+0100] {logging_mixin.py:188} INFO - [2024-07-12T11:44:56.719+0100] {dag.py:3096} INFO - Sync 1 DAGs
[2024-07-12T11:44:56.840+0100] {logging_mixin.py:188} INFO - [2024-07-12T11:44:56.838+0100] {dag.py:3954} INFO - Setting next_dagrun for example_xcom to 2021-01-01 00:00:00+00:00, run_after=2021-01-01 00:00:00+00:00
[2024-07-12T11:44:57.221+0100] {processor.py:183} INFO - Processing /home/victor/airflow_env/lib/python3.10/site-packages/airflow/example_dags/example_xcom.py took 0.729 seconds
[2024-07-12T11:46:18.325+0100] {processor.py:161} INFO - Started process (PID=26539) to work on /home/victor/airflow_env/lib/python3.10/site-packages/airflow/example_dags/example_xcom.py
[2024-07-12T11:46:18.329+0100] {processor.py:830} INFO - Processing file /home/victor/airflow_env/lib/python3.10/site-packages/airflow/example_dags/example_xcom.py for tasks to queue
[2024-07-12T11:46:18.339+0100] {logging_mixin.py:188} INFO - [2024-07-12T11:46:18.337+0100] {dagbag.py:545} INFO - Filling up the DagBag from /home/victor/airflow_env/lib/python3.10/site-packages/airflow/example_dags/example_xcom.py
[2024-07-12T11:46:18.387+0100] {processor.py:840} INFO - DAG(s) 'example_xcom' retrieved from /home/victor/airflow_env/lib/python3.10/site-packages/airflow/example_dags/example_xcom.py
[2024-07-12T11:46:18.568+0100] {logging_mixin.py:188} INFO - [2024-07-12T11:46:18.568+0100] {dag.py:3096} INFO - Sync 1 DAGs
[2024-07-12T11:46:18.682+0100] {logging_mixin.py:188} INFO - [2024-07-12T11:46:18.681+0100] {dag.py:3954} INFO - Setting next_dagrun for example_xcom to 2021-01-01 00:00:00+00:00, run_after=2021-01-01 00:00:00+00:00
[2024-07-12T11:46:19.009+0100] {processor.py:183} INFO - Processing /home/victor/airflow_env/lib/python3.10/site-packages/airflow/example_dags/example_xcom.py took 0.726 seconds
[2024-07-12T11:47:37.518+0100] {processor.py:161} INFO - Started process (PID=26872) to work on /home/victor/airflow_env/lib/python3.10/site-packages/airflow/example_dags/example_xcom.py
[2024-07-12T11:47:37.523+0100] {processor.py:830} INFO - Processing file /home/victor/airflow_env/lib/python3.10/site-packages/airflow/example_dags/example_xcom.py for tasks to queue
[2024-07-12T11:47:37.531+0100] {logging_mixin.py:188} INFO - [2024-07-12T11:47:37.529+0100] {dagbag.py:545} INFO - Filling up the DagBag from /home/victor/airflow_env/lib/python3.10/site-packages/airflow/example_dags/example_xcom.py
[2024-07-12T11:47:37.578+0100] {processor.py:840} INFO - DAG(s) 'example_xcom' retrieved from /home/victor/airflow_env/lib/python3.10/site-packages/airflow/example_dags/example_xcom.py
[2024-07-12T11:47:37.689+0100] {logging_mixin.py:188} INFO - [2024-07-12T11:47:37.688+0100] {dag.py:3096} INFO - Sync 1 DAGs
[2024-07-12T11:47:37.879+0100] {logging_mixin.py:188} INFO - [2024-07-12T11:47:37.878+0100] {dag.py:3954} INFO - Setting next_dagrun for example_xcom to 2021-01-01 00:00:00+00:00, run_after=2021-01-01 00:00:00+00:00
[2024-07-12T11:47:38.514+0100] {processor.py:183} INFO - Processing /home/victor/airflow_env/lib/python3.10/site-packages/airflow/example_dags/example_xcom.py took 1.025 seconds
[2024-07-12T11:49:21.917+0100] {processor.py:161} INFO - Started process (PID=27296) to work on /home/victor/airflow_env/lib/python3.10/site-packages/airflow/example_dags/example_xcom.py
[2024-07-12T11:49:21.923+0100] {processor.py:830} INFO - Processing file /home/victor/airflow_env/lib/python3.10/site-packages/airflow/example_dags/example_xcom.py for tasks to queue
[2024-07-12T11:49:21.933+0100] {logging_mixin.py:188} INFO - [2024-07-12T11:49:21.931+0100] {dagbag.py:545} INFO - Filling up the DagBag from /home/victor/airflow_env/lib/python3.10/site-packages/airflow/example_dags/example_xcom.py
[2024-07-12T11:49:21.985+0100] {processor.py:840} INFO - DAG(s) 'example_xcom' retrieved from /home/victor/airflow_env/lib/python3.10/site-packages/airflow/example_dags/example_xcom.py
[2024-07-12T11:49:22.325+0100] {logging_mixin.py:188} INFO - [2024-07-12T11:49:22.324+0100] {dag.py:3096} INFO - Sync 1 DAGs
[2024-07-12T11:49:22.589+0100] {logging_mixin.py:188} INFO - [2024-07-12T11:49:22.588+0100] {dag.py:3954} INFO - Setting next_dagrun for example_xcom to 2021-01-01 00:00:00+00:00, run_after=2021-01-01 00:00:00+00:00
[2024-07-12T11:49:22.931+0100] {processor.py:183} INFO - Processing /home/victor/airflow_env/lib/python3.10/site-packages/airflow/example_dags/example_xcom.py took 1.054 seconds
[2024-07-12T11:50:52.584+0100] {processor.py:161} INFO - Started process (PID=27672) to work on /home/victor/airflow_env/lib/python3.10/site-packages/airflow/example_dags/example_xcom.py
[2024-07-12T11:50:52.589+0100] {processor.py:830} INFO - Processing file /home/victor/airflow_env/lib/python3.10/site-packages/airflow/example_dags/example_xcom.py for tasks to queue
[2024-07-12T11:50:52.597+0100] {logging_mixin.py:188} INFO - [2024-07-12T11:50:52.595+0100] {dagbag.py:545} INFO - Filling up the DagBag from /home/victor/airflow_env/lib/python3.10/site-packages/airflow/example_dags/example_xcom.py
[2024-07-12T11:50:52.644+0100] {processor.py:840} INFO - DAG(s) 'example_xcom' retrieved from /home/victor/airflow_env/lib/python3.10/site-packages/airflow/example_dags/example_xcom.py
[2024-07-12T11:50:52.823+0100] {logging_mixin.py:188} INFO - [2024-07-12T11:50:52.822+0100] {dag.py:3096} INFO - Sync 1 DAGs
[2024-07-12T11:50:53.023+0100] {logging_mixin.py:188} INFO - [2024-07-12T11:50:53.021+0100] {dag.py:3954} INFO - Setting next_dagrun for example_xcom to 2021-01-01 00:00:00+00:00, run_after=2021-01-01 00:00:00+00:00
[2024-07-12T11:50:53.730+0100] {processor.py:183} INFO - Processing /home/victor/airflow_env/lib/python3.10/site-packages/airflow/example_dags/example_xcom.py took 1.178 seconds
[2024-07-12T11:52:14.813+0100] {processor.py:161} INFO - Started process (PID=28011) to work on /home/victor/airflow_env/lib/python3.10/site-packages/airflow/example_dags/example_xcom.py
[2024-07-12T11:52:14.818+0100] {processor.py:830} INFO - Processing file /home/victor/airflow_env/lib/python3.10/site-packages/airflow/example_dags/example_xcom.py for tasks to queue
[2024-07-12T11:52:14.828+0100] {logging_mixin.py:188} INFO - [2024-07-12T11:52:14.826+0100] {dagbag.py:545} INFO - Filling up the DagBag from /home/victor/airflow_env/lib/python3.10/site-packages/airflow/example_dags/example_xcom.py
[2024-07-12T11:52:14.920+0100] {processor.py:840} INFO - DAG(s) 'example_xcom' retrieved from /home/victor/airflow_env/lib/python3.10/site-packages/airflow/example_dags/example_xcom.py
[2024-07-12T11:52:15.130+0100] {logging_mixin.py:188} INFO - [2024-07-12T11:52:15.129+0100] {dag.py:3096} INFO - Sync 1 DAGs
[2024-07-12T11:52:15.315+0100] {logging_mixin.py:188} INFO - [2024-07-12T11:52:15.314+0100] {dag.py:3954} INFO - Setting next_dagrun for example_xcom to 2021-01-01 00:00:00+00:00, run_after=2021-01-01 00:00:00+00:00
[2024-07-12T11:52:15.670+0100] {processor.py:183} INFO - Processing /home/victor/airflow_env/lib/python3.10/site-packages/airflow/example_dags/example_xcom.py took 0.886 seconds
[2024-07-12T11:53:34.401+0100] {processor.py:161} INFO - Started process (PID=28342) to work on /home/victor/airflow_env/lib/python3.10/site-packages/airflow/example_dags/example_xcom.py
[2024-07-12T11:53:34.406+0100] {processor.py:830} INFO - Processing file /home/victor/airflow_env/lib/python3.10/site-packages/airflow/example_dags/example_xcom.py for tasks to queue
[2024-07-12T11:53:34.413+0100] {logging_mixin.py:188} INFO - [2024-07-12T11:53:34.412+0100] {dagbag.py:545} INFO - Filling up the DagBag from /home/victor/airflow_env/lib/python3.10/site-packages/airflow/example_dags/example_xcom.py
[2024-07-12T11:53:34.454+0100] {processor.py:840} INFO - DAG(s) 'example_xcom' retrieved from /home/victor/airflow_env/lib/python3.10/site-packages/airflow/example_dags/example_xcom.py
[2024-07-12T11:53:34.584+0100] {logging_mixin.py:188} INFO - [2024-07-12T11:53:34.583+0100] {dag.py:3096} INFO - Sync 1 DAGs
[2024-07-12T11:53:34.715+0100] {logging_mixin.py:188} INFO - [2024-07-12T11:53:34.714+0100] {dag.py:3954} INFO - Setting next_dagrun for example_xcom to 2021-01-01 00:00:00+00:00, run_after=2021-01-01 00:00:00+00:00
[2024-07-12T11:53:35.055+0100] {processor.py:183} INFO - Processing /home/victor/airflow_env/lib/python3.10/site-packages/airflow/example_dags/example_xcom.py took 0.683 seconds
[2024-07-12T11:54:54.517+0100] {processor.py:161} INFO - Started process (PID=28673) to work on /home/victor/airflow_env/lib/python3.10/site-packages/airflow/example_dags/example_xcom.py
[2024-07-12T11:54:54.522+0100] {processor.py:830} INFO - Processing file /home/victor/airflow_env/lib/python3.10/site-packages/airflow/example_dags/example_xcom.py for tasks to queue
[2024-07-12T11:54:54.530+0100] {logging_mixin.py:188} INFO - [2024-07-12T11:54:54.529+0100] {dagbag.py:545} INFO - Filling up the DagBag from /home/victor/airflow_env/lib/python3.10/site-packages/airflow/example_dags/example_xcom.py
[2024-07-12T11:54:54.575+0100] {processor.py:840} INFO - DAG(s) 'example_xcom' retrieved from /home/victor/airflow_env/lib/python3.10/site-packages/airflow/example_dags/example_xcom.py
[2024-07-12T11:54:54.711+0100] {logging_mixin.py:188} INFO - [2024-07-12T11:54:54.710+0100] {dag.py:3096} INFO - Sync 1 DAGs
[2024-07-12T11:54:54.908+0100] {logging_mixin.py:188} INFO - [2024-07-12T11:54:54.907+0100] {dag.py:3954} INFO - Setting next_dagrun for example_xcom to 2021-01-01 00:00:00+00:00, run_after=2021-01-01 00:00:00+00:00
[2024-07-12T11:54:55.305+0100] {processor.py:183} INFO - Processing /home/victor/airflow_env/lib/python3.10/site-packages/airflow/example_dags/example_xcom.py took 0.819 seconds
[2024-07-12T11:56:19.158+0100] {processor.py:161} INFO - Started process (PID=29021) to work on /home/victor/airflow_env/lib/python3.10/site-packages/airflow/example_dags/example_xcom.py
[2024-07-12T11:56:19.163+0100] {processor.py:830} INFO - Processing file /home/victor/airflow_env/lib/python3.10/site-packages/airflow/example_dags/example_xcom.py for tasks to queue
[2024-07-12T11:56:19.172+0100] {logging_mixin.py:188} INFO - [2024-07-12T11:56:19.170+0100] {dagbag.py:545} INFO - Filling up the DagBag from /home/victor/airflow_env/lib/python3.10/site-packages/airflow/example_dags/example_xcom.py
[2024-07-12T11:56:19.217+0100] {processor.py:840} INFO - DAG(s) 'example_xcom' retrieved from /home/victor/airflow_env/lib/python3.10/site-packages/airflow/example_dags/example_xcom.py
[2024-07-12T11:56:19.335+0100] {logging_mixin.py:188} INFO - [2024-07-12T11:56:19.334+0100] {dag.py:3096} INFO - Sync 1 DAGs
[2024-07-12T11:56:19.506+0100] {logging_mixin.py:188} INFO - [2024-07-12T11:56:19.504+0100] {dag.py:3954} INFO - Setting next_dagrun for example_xcom to 2021-01-01 00:00:00+00:00, run_after=2021-01-01 00:00:00+00:00
[2024-07-12T11:56:19.806+0100] {processor.py:183} INFO - Processing /home/victor/airflow_env/lib/python3.10/site-packages/airflow/example_dags/example_xcom.py took 0.697 seconds
[2024-07-12T11:57:48.781+0100] {processor.py:161} INFO - Started process (PID=29384) to work on /home/victor/airflow_env/lib/python3.10/site-packages/airflow/example_dags/example_xcom.py
[2024-07-12T11:57:48.786+0100] {processor.py:830} INFO - Processing file /home/victor/airflow_env/lib/python3.10/site-packages/airflow/example_dags/example_xcom.py for tasks to queue
[2024-07-12T11:57:48.795+0100] {logging_mixin.py:188} INFO - [2024-07-12T11:57:48.793+0100] {dagbag.py:545} INFO - Filling up the DagBag from /home/victor/airflow_env/lib/python3.10/site-packages/airflow/example_dags/example_xcom.py
[2024-07-12T11:57:48.836+0100] {processor.py:840} INFO - DAG(s) 'example_xcom' retrieved from /home/victor/airflow_env/lib/python3.10/site-packages/airflow/example_dags/example_xcom.py
[2024-07-12T11:57:48.964+0100] {logging_mixin.py:188} INFO - [2024-07-12T11:57:48.963+0100] {dag.py:3096} INFO - Sync 1 DAGs
[2024-07-12T11:57:49.085+0100] {logging_mixin.py:188} INFO - [2024-07-12T11:57:49.084+0100] {dag.py:3954} INFO - Setting next_dagrun for example_xcom to 2021-01-01 00:00:00+00:00, run_after=2021-01-01 00:00:00+00:00
[2024-07-12T11:57:49.455+0100] {processor.py:183} INFO - Processing /home/victor/airflow_env/lib/python3.10/site-packages/airflow/example_dags/example_xcom.py took 0.710 seconds
[2024-07-12T11:59:08.134+0100] {processor.py:161} INFO - Started process (PID=29716) to work on /home/victor/airflow_env/lib/python3.10/site-packages/airflow/example_dags/example_xcom.py
[2024-07-12T11:59:08.139+0100] {processor.py:830} INFO - Processing file /home/victor/airflow_env/lib/python3.10/site-packages/airflow/example_dags/example_xcom.py for tasks to queue
[2024-07-12T11:59:08.148+0100] {logging_mixin.py:188} INFO - [2024-07-12T11:59:08.146+0100] {dagbag.py:545} INFO - Filling up the DagBag from /home/victor/airflow_env/lib/python3.10/site-packages/airflow/example_dags/example_xcom.py
[2024-07-12T11:59:08.187+0100] {processor.py:840} INFO - DAG(s) 'example_xcom' retrieved from /home/victor/airflow_env/lib/python3.10/site-packages/airflow/example_dags/example_xcom.py
[2024-07-12T11:59:08.307+0100] {logging_mixin.py:188} INFO - [2024-07-12T11:59:08.306+0100] {dag.py:3096} INFO - Sync 1 DAGs
[2024-07-12T11:59:08.422+0100] {logging_mixin.py:188} INFO - [2024-07-12T11:59:08.421+0100] {dag.py:3954} INFO - Setting next_dagrun for example_xcom to 2021-01-01 00:00:00+00:00, run_after=2021-01-01 00:00:00+00:00
[2024-07-12T11:59:08.717+0100] {processor.py:183} INFO - Processing /home/victor/airflow_env/lib/python3.10/site-packages/airflow/example_dags/example_xcom.py took 0.613 seconds
[2024-07-12T12:00:28.148+0100] {processor.py:161} INFO - Started process (PID=30047) to work on /home/victor/airflow_env/lib/python3.10/site-packages/airflow/example_dags/example_xcom.py
[2024-07-12T12:00:28.155+0100] {processor.py:830} INFO - Processing file /home/victor/airflow_env/lib/python3.10/site-packages/airflow/example_dags/example_xcom.py for tasks to queue
[2024-07-12T12:00:28.167+0100] {logging_mixin.py:188} INFO - [2024-07-12T12:00:28.165+0100] {dagbag.py:545} INFO - Filling up the DagBag from /home/victor/airflow_env/lib/python3.10/site-packages/airflow/example_dags/example_xcom.py
[2024-07-12T12:00:28.233+0100] {processor.py:840} INFO - DAG(s) 'example_xcom' retrieved from /home/victor/airflow_env/lib/python3.10/site-packages/airflow/example_dags/example_xcom.py
[2024-07-12T12:00:28.367+0100] {logging_mixin.py:188} INFO - [2024-07-12T12:00:28.366+0100] {dag.py:3096} INFO - Sync 1 DAGs
[2024-07-12T12:00:28.511+0100] {logging_mixin.py:188} INFO - [2024-07-12T12:00:28.509+0100] {dag.py:3954} INFO - Setting next_dagrun for example_xcom to 2021-01-01 00:00:00+00:00, run_after=2021-01-01 00:00:00+00:00
[2024-07-12T12:00:28.895+0100] {processor.py:183} INFO - Processing /home/victor/airflow_env/lib/python3.10/site-packages/airflow/example_dags/example_xcom.py took 0.794 seconds
[2024-07-12T12:02:09.160+0100] {processor.py:161} INFO - Started process (PID=30453) to work on /home/victor/airflow_env/lib/python3.10/site-packages/airflow/example_dags/example_xcom.py
[2024-07-12T12:02:09.165+0100] {processor.py:830} INFO - Processing file /home/victor/airflow_env/lib/python3.10/site-packages/airflow/example_dags/example_xcom.py for tasks to queue
[2024-07-12T12:02:09.173+0100] {logging_mixin.py:188} INFO - [2024-07-12T12:02:09.171+0100] {dagbag.py:545} INFO - Filling up the DagBag from /home/victor/airflow_env/lib/python3.10/site-packages/airflow/example_dags/example_xcom.py
[2024-07-12T12:02:09.219+0100] {processor.py:840} INFO - DAG(s) 'example_xcom' retrieved from /home/victor/airflow_env/lib/python3.10/site-packages/airflow/example_dags/example_xcom.py
[2024-07-12T12:02:09.382+0100] {logging_mixin.py:188} INFO - [2024-07-12T12:02:09.381+0100] {dag.py:3096} INFO - Sync 1 DAGs
[2024-07-12T12:02:09.496+0100] {logging_mixin.py:188} INFO - [2024-07-12T12:02:09.495+0100] {dag.py:3954} INFO - Setting next_dagrun for example_xcom to 2021-01-01 00:00:00+00:00, run_after=2021-01-01 00:00:00+00:00
[2024-07-12T12:02:10.416+0100] {processor.py:183} INFO - Processing /home/victor/airflow_env/lib/python3.10/site-packages/airflow/example_dags/example_xcom.py took 1.288 seconds
[2024-07-12T12:03:42.010+0100] {processor.py:161} INFO - Started process (PID=30833) to work on /home/victor/airflow_env/lib/python3.10/site-packages/airflow/example_dags/example_xcom.py
[2024-07-12T12:03:42.032+0100] {processor.py:830} INFO - Processing file /home/victor/airflow_env/lib/python3.10/site-packages/airflow/example_dags/example_xcom.py for tasks to queue
[2024-07-12T12:03:42.053+0100] {logging_mixin.py:188} INFO - [2024-07-12T12:03:42.051+0100] {dagbag.py:545} INFO - Filling up the DagBag from /home/victor/airflow_env/lib/python3.10/site-packages/airflow/example_dags/example_xcom.py
[2024-07-12T12:03:42.132+0100] {processor.py:840} INFO - DAG(s) 'example_xcom' retrieved from /home/victor/airflow_env/lib/python3.10/site-packages/airflow/example_dags/example_xcom.py
[2024-07-12T12:03:42.267+0100] {logging_mixin.py:188} INFO - [2024-07-12T12:03:42.266+0100] {dag.py:3096} INFO - Sync 1 DAGs
[2024-07-12T12:03:42.416+0100] {logging_mixin.py:188} INFO - [2024-07-12T12:03:42.415+0100] {dag.py:3954} INFO - Setting next_dagrun for example_xcom to 2021-01-01 00:00:00+00:00, run_after=2021-01-01 00:00:00+00:00
[2024-07-12T12:03:42.737+0100] {processor.py:183} INFO - Processing /home/victor/airflow_env/lib/python3.10/site-packages/airflow/example_dags/example_xcom.py took 0.768 seconds
[2024-07-12T12:05:20.046+0100] {processor.py:161} INFO - Started process (PID=31230) to work on /home/victor/airflow_env/lib/python3.10/site-packages/airflow/example_dags/example_xcom.py
[2024-07-12T12:05:20.051+0100] {processor.py:830} INFO - Processing file /home/victor/airflow_env/lib/python3.10/site-packages/airflow/example_dags/example_xcom.py for tasks to queue
[2024-07-12T12:05:20.060+0100] {logging_mixin.py:188} INFO - [2024-07-12T12:05:20.058+0100] {dagbag.py:545} INFO - Filling up the DagBag from /home/victor/airflow_env/lib/python3.10/site-packages/airflow/example_dags/example_xcom.py
[2024-07-12T12:05:20.109+0100] {processor.py:840} INFO - DAG(s) 'example_xcom' retrieved from /home/victor/airflow_env/lib/python3.10/site-packages/airflow/example_dags/example_xcom.py
[2024-07-12T12:05:20.228+0100] {logging_mixin.py:188} INFO - [2024-07-12T12:05:20.227+0100] {dag.py:3096} INFO - Sync 1 DAGs
[2024-07-12T12:05:20.348+0100] {logging_mixin.py:188} INFO - [2024-07-12T12:05:20.347+0100] {dag.py:3954} INFO - Setting next_dagrun for example_xcom to 2021-01-01 00:00:00+00:00, run_after=2021-01-01 00:00:00+00:00
[2024-07-12T12:05:20.655+0100] {processor.py:183} INFO - Processing /home/victor/airflow_env/lib/python3.10/site-packages/airflow/example_dags/example_xcom.py took 0.644 seconds
[2024-07-12T12:06:42.682+0100] {processor.py:161} INFO - Started process (PID=31571) to work on /home/victor/airflow_env/lib/python3.10/site-packages/airflow/example_dags/example_xcom.py
[2024-07-12T12:06:42.687+0100] {processor.py:830} INFO - Processing file /home/victor/airflow_env/lib/python3.10/site-packages/airflow/example_dags/example_xcom.py for tasks to queue
[2024-07-12T12:06:42.696+0100] {logging_mixin.py:188} INFO - [2024-07-12T12:06:42.694+0100] {dagbag.py:545} INFO - Filling up the DagBag from /home/victor/airflow_env/lib/python3.10/site-packages/airflow/example_dags/example_xcom.py
[2024-07-12T12:06:42.743+0100] {processor.py:840} INFO - DAG(s) 'example_xcom' retrieved from /home/victor/airflow_env/lib/python3.10/site-packages/airflow/example_dags/example_xcom.py
[2024-07-12T12:06:42.979+0100] {logging_mixin.py:188} INFO - [2024-07-12T12:06:42.978+0100] {dag.py:3096} INFO - Sync 1 DAGs
[2024-07-12T12:06:43.154+0100] {logging_mixin.py:188} INFO - [2024-07-12T12:06:43.153+0100] {dag.py:3954} INFO - Setting next_dagrun for example_xcom to 2021-01-01 00:00:00+00:00, run_after=2021-01-01 00:00:00+00:00
[2024-07-12T12:06:43.555+0100] {processor.py:183} INFO - Processing /home/victor/airflow_env/lib/python3.10/site-packages/airflow/example_dags/example_xcom.py took 0.918 seconds
[2024-07-12T12:08:06.929+0100] {processor.py:161} INFO - Started process (PID=31917) to work on /home/victor/airflow_env/lib/python3.10/site-packages/airflow/example_dags/example_xcom.py
[2024-07-12T12:08:06.935+0100] {processor.py:830} INFO - Processing file /home/victor/airflow_env/lib/python3.10/site-packages/airflow/example_dags/example_xcom.py for tasks to queue
[2024-07-12T12:08:06.942+0100] {logging_mixin.py:188} INFO - [2024-07-12T12:08:06.941+0100] {dagbag.py:545} INFO - Filling up the DagBag from /home/victor/airflow_env/lib/python3.10/site-packages/airflow/example_dags/example_xcom.py
[2024-07-12T12:08:06.982+0100] {processor.py:840} INFO - DAG(s) 'example_xcom' retrieved from /home/victor/airflow_env/lib/python3.10/site-packages/airflow/example_dags/example_xcom.py
[2024-07-12T12:08:07.095+0100] {logging_mixin.py:188} INFO - [2024-07-12T12:08:07.094+0100] {dag.py:3096} INFO - Sync 1 DAGs
[2024-07-12T12:08:07.207+0100] {logging_mixin.py:188} INFO - [2024-07-12T12:08:07.206+0100] {dag.py:3954} INFO - Setting next_dagrun for example_xcom to 2021-01-01 00:00:00+00:00, run_after=2021-01-01 00:00:00+00:00
[2024-07-12T12:08:07.505+0100] {processor.py:183} INFO - Processing /home/victor/airflow_env/lib/python3.10/site-packages/airflow/example_dags/example_xcom.py took 0.607 seconds
[2024-07-12T12:09:34.330+0100] {processor.py:161} INFO - Started process (PID=32279) to work on /home/victor/airflow_env/lib/python3.10/site-packages/airflow/example_dags/example_xcom.py
[2024-07-12T12:09:34.337+0100] {processor.py:830} INFO - Processing file /home/victor/airflow_env/lib/python3.10/site-packages/airflow/example_dags/example_xcom.py for tasks to queue
[2024-07-12T12:09:34.355+0100] {logging_mixin.py:188} INFO - [2024-07-12T12:09:34.354+0100] {dagbag.py:545} INFO - Filling up the DagBag from /home/victor/airflow_env/lib/python3.10/site-packages/airflow/example_dags/example_xcom.py
[2024-07-12T12:09:34.407+0100] {processor.py:840} INFO - DAG(s) 'example_xcom' retrieved from /home/victor/airflow_env/lib/python3.10/site-packages/airflow/example_dags/example_xcom.py
[2024-07-12T12:09:34.555+0100] {logging_mixin.py:188} INFO - [2024-07-12T12:09:34.554+0100] {dag.py:3096} INFO - Sync 1 DAGs
[2024-07-12T12:09:34.702+0100] {logging_mixin.py:188} INFO - [2024-07-12T12:09:34.701+0100] {dag.py:3954} INFO - Setting next_dagrun for example_xcom to 2021-01-01 00:00:00+00:00, run_after=2021-01-01 00:00:00+00:00
[2024-07-12T12:09:35.085+0100] {processor.py:183} INFO - Processing /home/victor/airflow_env/lib/python3.10/site-packages/airflow/example_dags/example_xcom.py took 0.826 seconds
[2024-07-12T12:11:01.818+0100] {processor.py:161} INFO - Started process (PID=32643) to work on /home/victor/airflow_env/lib/python3.10/site-packages/airflow/example_dags/example_xcom.py
[2024-07-12T12:11:01.840+0100] {processor.py:830} INFO - Processing file /home/victor/airflow_env/lib/python3.10/site-packages/airflow/example_dags/example_xcom.py for tasks to queue
[2024-07-12T12:11:01.867+0100] {logging_mixin.py:188} INFO - [2024-07-12T12:11:01.864+0100] {dagbag.py:545} INFO - Filling up the DagBag from /home/victor/airflow_env/lib/python3.10/site-packages/airflow/example_dags/example_xcom.py
[2024-07-12T12:11:01.927+0100] {processor.py:840} INFO - DAG(s) 'example_xcom' retrieved from /home/victor/airflow_env/lib/python3.10/site-packages/airflow/example_dags/example_xcom.py
[2024-07-12T12:11:02.045+0100] {logging_mixin.py:188} INFO - [2024-07-12T12:11:02.044+0100] {dag.py:3096} INFO - Sync 1 DAGs
[2024-07-12T12:11:02.183+0100] {logging_mixin.py:188} INFO - [2024-07-12T12:11:02.182+0100] {dag.py:3954} INFO - Setting next_dagrun for example_xcom to 2021-01-01 00:00:00+00:00, run_after=2021-01-01 00:00:00+00:00
[2024-07-12T12:11:02.483+0100] {processor.py:183} INFO - Processing /home/victor/airflow_env/lib/python3.10/site-packages/airflow/example_dags/example_xcom.py took 0.699 seconds
[2024-07-12T12:12:28.038+0100] {processor.py:161} INFO - Started process (PID=32997) to work on /home/victor/airflow_env/lib/python3.10/site-packages/airflow/example_dags/example_xcom.py
[2024-07-12T12:12:28.042+0100] {processor.py:830} INFO - Processing file /home/victor/airflow_env/lib/python3.10/site-packages/airflow/example_dags/example_xcom.py for tasks to queue
[2024-07-12T12:12:28.050+0100] {logging_mixin.py:188} INFO - [2024-07-12T12:12:28.049+0100] {dagbag.py:545} INFO - Filling up the DagBag from /home/victor/airflow_env/lib/python3.10/site-packages/airflow/example_dags/example_xcom.py
[2024-07-12T12:12:28.101+0100] {processor.py:840} INFO - DAG(s) 'example_xcom' retrieved from /home/victor/airflow_env/lib/python3.10/site-packages/airflow/example_dags/example_xcom.py
[2024-07-12T12:12:28.219+0100] {logging_mixin.py:188} INFO - [2024-07-12T12:12:28.218+0100] {dag.py:3096} INFO - Sync 1 DAGs
[2024-07-12T12:12:28.350+0100] {logging_mixin.py:188} INFO - [2024-07-12T12:12:28.348+0100] {dag.py:3954} INFO - Setting next_dagrun for example_xcom to 2021-01-01 00:00:00+00:00, run_after=2021-01-01 00:00:00+00:00
[2024-07-12T12:12:28.668+0100] {processor.py:183} INFO - Processing /home/victor/airflow_env/lib/python3.10/site-packages/airflow/example_dags/example_xcom.py took 0.660 seconds
[2024-07-12T12:13:45.794+0100] {processor.py:161} INFO - Started process (PID=33320) to work on /home/victor/airflow_env/lib/python3.10/site-packages/airflow/example_dags/example_xcom.py
[2024-07-12T12:13:45.800+0100] {processor.py:830} INFO - Processing file /home/victor/airflow_env/lib/python3.10/site-packages/airflow/example_dags/example_xcom.py for tasks to queue
[2024-07-12T12:13:45.820+0100] {logging_mixin.py:188} INFO - [2024-07-12T12:13:45.818+0100] {dagbag.py:545} INFO - Filling up the DagBag from /home/victor/airflow_env/lib/python3.10/site-packages/airflow/example_dags/example_xcom.py
[2024-07-12T12:13:45.894+0100] {processor.py:840} INFO - DAG(s) 'example_xcom' retrieved from /home/victor/airflow_env/lib/python3.10/site-packages/airflow/example_dags/example_xcom.py
[2024-07-12T12:13:46.086+0100] {logging_mixin.py:188} INFO - [2024-07-12T12:13:46.084+0100] {dag.py:3096} INFO - Sync 1 DAGs
[2024-07-12T12:13:46.234+0100] {logging_mixin.py:188} INFO - [2024-07-12T12:13:46.233+0100] {dag.py:3954} INFO - Setting next_dagrun for example_xcom to 2021-01-01 00:00:00+00:00, run_after=2021-01-01 00:00:00+00:00
[2024-07-12T12:13:46.726+0100] {processor.py:183} INFO - Processing /home/victor/airflow_env/lib/python3.10/site-packages/airflow/example_dags/example_xcom.py took 1.015 seconds
[2024-07-12T12:15:16.169+0100] {processor.py:161} INFO - Started process (PID=33688) to work on /home/victor/airflow_env/lib/python3.10/site-packages/airflow/example_dags/example_xcom.py
[2024-07-12T12:15:16.174+0100] {processor.py:830} INFO - Processing file /home/victor/airflow_env/lib/python3.10/site-packages/airflow/example_dags/example_xcom.py for tasks to queue
[2024-07-12T12:15:16.184+0100] {logging_mixin.py:188} INFO - [2024-07-12T12:15:16.182+0100] {dagbag.py:545} INFO - Filling up the DagBag from /home/victor/airflow_env/lib/python3.10/site-packages/airflow/example_dags/example_xcom.py
[2024-07-12T12:15:16.243+0100] {processor.py:840} INFO - DAG(s) 'example_xcom' retrieved from /home/victor/airflow_env/lib/python3.10/site-packages/airflow/example_dags/example_xcom.py
[2024-07-12T12:15:16.390+0100] {logging_mixin.py:188} INFO - [2024-07-12T12:15:16.389+0100] {dag.py:3096} INFO - Sync 1 DAGs
[2024-07-12T12:15:16.515+0100] {logging_mixin.py:188} INFO - [2024-07-12T12:15:16.514+0100] {dag.py:3954} INFO - Setting next_dagrun for example_xcom to 2021-01-01 00:00:00+00:00, run_after=2021-01-01 00:00:00+00:00
[2024-07-12T12:15:16.785+0100] {processor.py:183} INFO - Processing /home/victor/airflow_env/lib/python3.10/site-packages/airflow/example_dags/example_xcom.py took 0.650 seconds
[2024-07-12T12:17:20.401+0100] {processor.py:161} INFO - Started process (PID=34182) to work on /home/victor/airflow_env/lib/python3.10/site-packages/airflow/example_dags/example_xcom.py
[2024-07-12T12:17:20.406+0100] {processor.py:830} INFO - Processing file /home/victor/airflow_env/lib/python3.10/site-packages/airflow/example_dags/example_xcom.py for tasks to queue
[2024-07-12T12:17:20.417+0100] {logging_mixin.py:188} INFO - [2024-07-12T12:17:20.415+0100] {dagbag.py:545} INFO - Filling up the DagBag from /home/victor/airflow_env/lib/python3.10/site-packages/airflow/example_dags/example_xcom.py
[2024-07-12T12:17:20.457+0100] {processor.py:840} INFO - DAG(s) 'example_xcom' retrieved from /home/victor/airflow_env/lib/python3.10/site-packages/airflow/example_dags/example_xcom.py
[2024-07-12T12:17:20.566+0100] {logging_mixin.py:188} INFO - [2024-07-12T12:17:20.564+0100] {dag.py:3096} INFO - Sync 1 DAGs
[2024-07-12T12:17:20.674+0100] {logging_mixin.py:188} INFO - [2024-07-12T12:17:20.673+0100] {dag.py:3954} INFO - Setting next_dagrun for example_xcom to 2021-01-01 00:00:00+00:00, run_after=2021-01-01 00:00:00+00:00
[2024-07-12T12:17:20.976+0100] {processor.py:183} INFO - Processing /home/victor/airflow_env/lib/python3.10/site-packages/airflow/example_dags/example_xcom.py took 0.617 seconds
[2024-07-12T12:18:58.985+0100] {processor.py:161} INFO - Started process (PID=34588) to work on /home/victor/airflow_env/lib/python3.10/site-packages/airflow/example_dags/example_xcom.py
[2024-07-12T12:18:59.010+0100] {processor.py:830} INFO - Processing file /home/victor/airflow_env/lib/python3.10/site-packages/airflow/example_dags/example_xcom.py for tasks to queue
[2024-07-12T12:18:59.021+0100] {logging_mixin.py:188} INFO - [2024-07-12T12:18:59.019+0100] {dagbag.py:545} INFO - Filling up the DagBag from /home/victor/airflow_env/lib/python3.10/site-packages/airflow/example_dags/example_xcom.py
[2024-07-12T12:18:59.177+0100] {processor.py:840} INFO - DAG(s) 'example_xcom' retrieved from /home/victor/airflow_env/lib/python3.10/site-packages/airflow/example_dags/example_xcom.py
[2024-07-12T12:18:59.496+0100] {logging_mixin.py:188} INFO - [2024-07-12T12:18:59.495+0100] {dag.py:3096} INFO - Sync 1 DAGs
[2024-07-12T12:18:59.847+0100] {logging_mixin.py:188} INFO - [2024-07-12T12:18:59.845+0100] {dag.py:3954} INFO - Setting next_dagrun for example_xcom to 2021-01-01 00:00:00+00:00, run_after=2021-01-01 00:00:00+00:00
[2024-07-12T12:19:00.720+0100] {processor.py:183} INFO - Processing /home/victor/airflow_env/lib/python3.10/site-packages/airflow/example_dags/example_xcom.py took 1.816 seconds
[2024-07-12T12:20:45.183+0100] {processor.py:161} INFO - Started process (PID=35015) to work on /home/victor/airflow_env/lib/python3.10/site-packages/airflow/example_dags/example_xcom.py
[2024-07-12T12:20:45.188+0100] {processor.py:830} INFO - Processing file /home/victor/airflow_env/lib/python3.10/site-packages/airflow/example_dags/example_xcom.py for tasks to queue
[2024-07-12T12:20:45.197+0100] {logging_mixin.py:188} INFO - [2024-07-12T12:20:45.195+0100] {dagbag.py:545} INFO - Filling up the DagBag from /home/victor/airflow_env/lib/python3.10/site-packages/airflow/example_dags/example_xcom.py
[2024-07-12T12:20:45.238+0100] {processor.py:840} INFO - DAG(s) 'example_xcom' retrieved from /home/victor/airflow_env/lib/python3.10/site-packages/airflow/example_dags/example_xcom.py
[2024-07-12T12:20:45.363+0100] {logging_mixin.py:188} INFO - [2024-07-12T12:20:45.361+0100] {dag.py:3096} INFO - Sync 1 DAGs
[2024-07-12T12:20:45.491+0100] {logging_mixin.py:188} INFO - [2024-07-12T12:20:45.491+0100] {dag.py:3954} INFO - Setting next_dagrun for example_xcom to 2021-01-01 00:00:00+00:00, run_after=2021-01-01 00:00:00+00:00
[2024-07-12T12:20:45.798+0100] {processor.py:183} INFO - Processing /home/victor/airflow_env/lib/python3.10/site-packages/airflow/example_dags/example_xcom.py took 0.652 seconds
[2024-07-12T12:22:13.589+0100] {processor.py:161} INFO - Started process (PID=35379) to work on /home/victor/airflow_env/lib/python3.10/site-packages/airflow/example_dags/example_xcom.py
[2024-07-12T12:22:13.594+0100] {processor.py:830} INFO - Processing file /home/victor/airflow_env/lib/python3.10/site-packages/airflow/example_dags/example_xcom.py for tasks to queue
[2024-07-12T12:22:13.603+0100] {logging_mixin.py:188} INFO - [2024-07-12T12:22:13.601+0100] {dagbag.py:545} INFO - Filling up the DagBag from /home/victor/airflow_env/lib/python3.10/site-packages/airflow/example_dags/example_xcom.py
[2024-07-12T12:22:13.645+0100] {processor.py:840} INFO - DAG(s) 'example_xcom' retrieved from /home/victor/airflow_env/lib/python3.10/site-packages/airflow/example_dags/example_xcom.py
[2024-07-12T12:22:13.768+0100] {logging_mixin.py:188} INFO - [2024-07-12T12:22:13.767+0100] {dag.py:3096} INFO - Sync 1 DAGs
[2024-07-12T12:22:13.899+0100] {logging_mixin.py:188} INFO - [2024-07-12T12:22:13.898+0100] {dag.py:3954} INFO - Setting next_dagrun for example_xcom to 2021-01-01 00:00:00+00:00, run_after=2021-01-01 00:00:00+00:00
[2024-07-12T12:22:14.296+0100] {processor.py:183} INFO - Processing /home/victor/airflow_env/lib/python3.10/site-packages/airflow/example_dags/example_xcom.py took 0.739 seconds
[2024-07-12T12:23:40.769+0100] {processor.py:161} INFO - Started process (PID=35737) to work on /home/victor/airflow_env/lib/python3.10/site-packages/airflow/example_dags/example_xcom.py
[2024-07-12T12:23:40.774+0100] {processor.py:830} INFO - Processing file /home/victor/airflow_env/lib/python3.10/site-packages/airflow/example_dags/example_xcom.py for tasks to queue
[2024-07-12T12:23:40.783+0100] {logging_mixin.py:188} INFO - [2024-07-12T12:23:40.781+0100] {dagbag.py:545} INFO - Filling up the DagBag from /home/victor/airflow_env/lib/python3.10/site-packages/airflow/example_dags/example_xcom.py
[2024-07-12T12:23:40.826+0100] {processor.py:840} INFO - DAG(s) 'example_xcom' retrieved from /home/victor/airflow_env/lib/python3.10/site-packages/airflow/example_dags/example_xcom.py
[2024-07-12T12:23:40.988+0100] {logging_mixin.py:188} INFO - [2024-07-12T12:23:40.987+0100] {dag.py:3096} INFO - Sync 1 DAGs
[2024-07-12T12:23:41.168+0100] {logging_mixin.py:188} INFO - [2024-07-12T12:23:41.167+0100] {dag.py:3954} INFO - Setting next_dagrun for example_xcom to 2021-01-01 00:00:00+00:00, run_after=2021-01-01 00:00:00+00:00
[2024-07-12T12:23:41.490+0100] {processor.py:183} INFO - Processing /home/victor/airflow_env/lib/python3.10/site-packages/airflow/example_dags/example_xcom.py took 0.758 seconds
[2024-07-12T12:25:20.097+0100] {processor.py:161} INFO - Started process (PID=36140) to work on /home/victor/airflow_env/lib/python3.10/site-packages/airflow/example_dags/example_xcom.py
[2024-07-12T12:25:20.103+0100] {processor.py:830} INFO - Processing file /home/victor/airflow_env/lib/python3.10/site-packages/airflow/example_dags/example_xcom.py for tasks to queue
[2024-07-12T12:25:20.113+0100] {logging_mixin.py:188} INFO - [2024-07-12T12:25:20.111+0100] {dagbag.py:545} INFO - Filling up the DagBag from /home/victor/airflow_env/lib/python3.10/site-packages/airflow/example_dags/example_xcom.py
[2024-07-12T12:25:20.153+0100] {processor.py:840} INFO - DAG(s) 'example_xcom' retrieved from /home/victor/airflow_env/lib/python3.10/site-packages/airflow/example_dags/example_xcom.py
[2024-07-12T12:25:20.288+0100] {logging_mixin.py:188} INFO - [2024-07-12T12:25:20.287+0100] {dag.py:3096} INFO - Sync 1 DAGs
[2024-07-12T12:25:20.403+0100] {logging_mixin.py:188} INFO - [2024-07-12T12:25:20.402+0100] {dag.py:3954} INFO - Setting next_dagrun for example_xcom to 2021-01-01 00:00:00+00:00, run_after=2021-01-01 00:00:00+00:00
[2024-07-12T12:25:20.737+0100] {processor.py:183} INFO - Processing /home/victor/airflow_env/lib/python3.10/site-packages/airflow/example_dags/example_xcom.py took 0.678 seconds
[2024-07-12T12:26:57.778+0100] {processor.py:161} INFO - Started process (PID=36534) to work on /home/victor/airflow_env/lib/python3.10/site-packages/airflow/example_dags/example_xcom.py
[2024-07-12T12:26:57.783+0100] {processor.py:830} INFO - Processing file /home/victor/airflow_env/lib/python3.10/site-packages/airflow/example_dags/example_xcom.py for tasks to queue
[2024-07-12T12:26:57.791+0100] {logging_mixin.py:188} INFO - [2024-07-12T12:26:57.789+0100] {dagbag.py:545} INFO - Filling up the DagBag from /home/victor/airflow_env/lib/python3.10/site-packages/airflow/example_dags/example_xcom.py
[2024-07-12T12:26:57.833+0100] {processor.py:840} INFO - DAG(s) 'example_xcom' retrieved from /home/victor/airflow_env/lib/python3.10/site-packages/airflow/example_dags/example_xcom.py
[2024-07-12T12:26:57.951+0100] {logging_mixin.py:188} INFO - [2024-07-12T12:26:57.950+0100] {dag.py:3096} INFO - Sync 1 DAGs
[2024-07-12T12:26:58.103+0100] {logging_mixin.py:188} INFO - [2024-07-12T12:26:58.102+0100] {dag.py:3954} INFO - Setting next_dagrun for example_xcom to 2021-01-01 00:00:00+00:00, run_after=2021-01-01 00:00:00+00:00
[2024-07-12T12:26:58.493+0100] {processor.py:183} INFO - Processing /home/victor/airflow_env/lib/python3.10/site-packages/airflow/example_dags/example_xcom.py took 0.751 seconds
[2024-07-12T12:28:28.702+0100] {processor.py:161} INFO - Started process (PID=36905) to work on /home/victor/airflow_env/lib/python3.10/site-packages/airflow/example_dags/example_xcom.py
[2024-07-12T12:28:28.710+0100] {processor.py:830} INFO - Processing file /home/victor/airflow_env/lib/python3.10/site-packages/airflow/example_dags/example_xcom.py for tasks to queue
[2024-07-12T12:28:28.721+0100] {logging_mixin.py:188} INFO - [2024-07-12T12:28:28.718+0100] {dagbag.py:545} INFO - Filling up the DagBag from /home/victor/airflow_env/lib/python3.10/site-packages/airflow/example_dags/example_xcom.py
[2024-07-12T12:28:28.818+0100] {processor.py:840} INFO - DAG(s) 'example_xcom' retrieved from /home/victor/airflow_env/lib/python3.10/site-packages/airflow/example_dags/example_xcom.py
[2024-07-12T12:28:29.018+0100] {logging_mixin.py:188} INFO - [2024-07-12T12:28:29.017+0100] {dag.py:3096} INFO - Sync 1 DAGs
[2024-07-12T12:28:29.261+0100] {logging_mixin.py:188} INFO - [2024-07-12T12:28:29.260+0100] {dag.py:3954} INFO - Setting next_dagrun for example_xcom to 2021-01-01 00:00:00+00:00, run_after=2021-01-01 00:00:00+00:00
[2024-07-12T12:28:29.662+0100] {processor.py:183} INFO - Processing /home/victor/airflow_env/lib/python3.10/site-packages/airflow/example_dags/example_xcom.py took 1.008 seconds
[2024-07-12T12:30:02.220+0100] {processor.py:161} INFO - Started process (PID=37287) to work on /home/victor/airflow_env/lib/python3.10/site-packages/airflow/example_dags/example_xcom.py
[2024-07-12T12:30:02.225+0100] {processor.py:830} INFO - Processing file /home/victor/airflow_env/lib/python3.10/site-packages/airflow/example_dags/example_xcom.py for tasks to queue
[2024-07-12T12:30:02.236+0100] {logging_mixin.py:188} INFO - [2024-07-12T12:30:02.233+0100] {dagbag.py:545} INFO - Filling up the DagBag from /home/victor/airflow_env/lib/python3.10/site-packages/airflow/example_dags/example_xcom.py
[2024-07-12T12:30:02.281+0100] {processor.py:840} INFO - DAG(s) 'example_xcom' retrieved from /home/victor/airflow_env/lib/python3.10/site-packages/airflow/example_dags/example_xcom.py
[2024-07-12T12:30:02.407+0100] {logging_mixin.py:188} INFO - [2024-07-12T12:30:02.406+0100] {dag.py:3096} INFO - Sync 1 DAGs
[2024-07-12T12:30:02.551+0100] {logging_mixin.py:188} INFO - [2024-07-12T12:30:02.550+0100] {dag.py:3954} INFO - Setting next_dagrun for example_xcom to 2021-01-01 00:00:00+00:00, run_after=2021-01-01 00:00:00+00:00
[2024-07-12T12:30:02.950+0100] {processor.py:183} INFO - Processing /home/victor/airflow_env/lib/python3.10/site-packages/airflow/example_dags/example_xcom.py took 0.763 seconds
[2024-07-12T12:31:31.435+0100] {processor.py:161} INFO - Started process (PID=37657) to work on /home/victor/airflow_env/lib/python3.10/site-packages/airflow/example_dags/example_xcom.py
[2024-07-12T12:31:31.441+0100] {processor.py:830} INFO - Processing file /home/victor/airflow_env/lib/python3.10/site-packages/airflow/example_dags/example_xcom.py for tasks to queue
[2024-07-12T12:31:31.451+0100] {logging_mixin.py:188} INFO - [2024-07-12T12:31:31.449+0100] {dagbag.py:545} INFO - Filling up the DagBag from /home/victor/airflow_env/lib/python3.10/site-packages/airflow/example_dags/example_xcom.py
[2024-07-12T12:31:31.517+0100] {processor.py:840} INFO - DAG(s) 'example_xcom' retrieved from /home/victor/airflow_env/lib/python3.10/site-packages/airflow/example_dags/example_xcom.py
[2024-07-12T12:31:31.675+0100] {logging_mixin.py:188} INFO - [2024-07-12T12:31:31.673+0100] {dag.py:3096} INFO - Sync 1 DAGs
[2024-07-12T12:31:31.801+0100] {logging_mixin.py:188} INFO - [2024-07-12T12:31:31.800+0100] {dag.py:3954} INFO - Setting next_dagrun for example_xcom to 2021-01-01 00:00:00+00:00, run_after=2021-01-01 00:00:00+00:00
[2024-07-12T12:31:32.140+0100] {processor.py:183} INFO - Processing /home/victor/airflow_env/lib/python3.10/site-packages/airflow/example_dags/example_xcom.py took 0.751 seconds
[2024-07-12T12:32:58.469+0100] {processor.py:161} INFO - Started process (PID=38017) to work on /home/victor/airflow_env/lib/python3.10/site-packages/airflow/example_dags/example_xcom.py
[2024-07-12T12:32:58.474+0100] {processor.py:830} INFO - Processing file /home/victor/airflow_env/lib/python3.10/site-packages/airflow/example_dags/example_xcom.py for tasks to queue
[2024-07-12T12:32:58.484+0100] {logging_mixin.py:188} INFO - [2024-07-12T12:32:58.482+0100] {dagbag.py:545} INFO - Filling up the DagBag from /home/victor/airflow_env/lib/python3.10/site-packages/airflow/example_dags/example_xcom.py
[2024-07-12T12:32:58.524+0100] {processor.py:840} INFO - DAG(s) 'example_xcom' retrieved from /home/victor/airflow_env/lib/python3.10/site-packages/airflow/example_dags/example_xcom.py
[2024-07-12T12:32:58.650+0100] {logging_mixin.py:188} INFO - [2024-07-12T12:32:58.649+0100] {dag.py:3096} INFO - Sync 1 DAGs
[2024-07-12T12:32:58.765+0100] {logging_mixin.py:188} INFO - [2024-07-12T12:32:58.764+0100] {dag.py:3954} INFO - Setting next_dagrun for example_xcom to 2021-01-01 00:00:00+00:00, run_after=2021-01-01 00:00:00+00:00
[2024-07-12T12:32:59.061+0100] {processor.py:183} INFO - Processing /home/victor/airflow_env/lib/python3.10/site-packages/airflow/example_dags/example_xcom.py took 0.622 seconds
