[2024-07-12T11:05:02.697+0100] {processor.py:161} INFO - Started process (PID=16022) to work on /home/victor/airflow_env/lib/python3.10/site-packages/airflow/example_dags/example_task_group.py
[2024-07-12T11:05:02.706+0100] {processor.py:830} INFO - Processing file /home/victor/airflow_env/lib/python3.10/site-packages/airflow/example_dags/example_task_group.py for tasks to queue
[2024-07-12T11:05:02.716+0100] {logging_mixin.py:188} INFO - [2024-07-12T11:05:02.714+0100] {dagbag.py:545} INFO - Filling up the DagBag from /home/victor/airflow_env/lib/python3.10/site-packages/airflow/example_dags/example_task_group.py
[2024-07-12T11:05:02.765+0100] {processor.py:840} INFO - DAG(s) 'example_task_group' retrieved from /home/victor/airflow_env/lib/python3.10/site-packages/airflow/example_dags/example_task_group.py
[2024-07-12T11:05:03.951+0100] {logging_mixin.py:188} INFO - [2024-07-12T11:05:03.949+0100] {override.py:1847} INFO - Created Permission View: can edit on DAG:example_task_group
[2024-07-12T11:05:04.150+0100] {logging_mixin.py:188} INFO - [2024-07-12T11:05:04.149+0100] {override.py:1847} INFO - Created Permission View: can read on DAG:example_task_group
[2024-07-12T11:05:04.408+0100] {logging_mixin.py:188} INFO - [2024-07-12T11:05:04.407+0100] {override.py:1847} INFO - Created Permission View: can delete on DAG:example_task_group
[2024-07-12T11:05:04.411+0100] {logging_mixin.py:188} INFO - [2024-07-12T11:05:04.410+0100] {dag.py:3096} INFO - Sync 1 DAGs
[2024-07-12T11:05:04.479+0100] {logging_mixin.py:188} INFO - [2024-07-12T11:05:04.478+0100] {dag.py:3118} INFO - Creating ORM DAG for example_task_group
[2024-07-12T11:05:04.528+0100] {logging_mixin.py:188} INFO - [2024-07-12T11:05:04.527+0100] {dag.py:3954} INFO - Setting next_dagrun for example_task_group to 2024-07-11 00:00:00+00:00, run_after=2024-07-12 00:00:00+00:00
[2024-07-12T11:05:04.918+0100] {processor.py:183} INFO - Processing /home/victor/airflow_env/lib/python3.10/site-packages/airflow/example_dags/example_task_group.py took 2.250 seconds
[2024-07-12T11:08:00.214+0100] {processor.py:161} INFO - Started process (PID=16731) to work on /home/victor/airflow_env/lib/python3.10/site-packages/airflow/example_dags/example_task_group.py
[2024-07-12T11:08:00.219+0100] {processor.py:830} INFO - Processing file /home/victor/airflow_env/lib/python3.10/site-packages/airflow/example_dags/example_task_group.py for tasks to queue
[2024-07-12T11:08:00.227+0100] {logging_mixin.py:188} INFO - [2024-07-12T11:08:00.225+0100] {dagbag.py:545} INFO - Filling up the DagBag from /home/victor/airflow_env/lib/python3.10/site-packages/airflow/example_dags/example_task_group.py
[2024-07-12T11:08:00.266+0100] {processor.py:840} INFO - DAG(s) 'example_task_group' retrieved from /home/victor/airflow_env/lib/python3.10/site-packages/airflow/example_dags/example_task_group.py
[2024-07-12T11:08:00.436+0100] {logging_mixin.py:188} INFO - [2024-07-12T11:08:00.435+0100] {dag.py:3096} INFO - Sync 1 DAGs
[2024-07-12T11:08:00.606+0100] {logging_mixin.py:188} INFO - [2024-07-12T11:08:00.598+0100] {dag.py:3954} INFO - Setting next_dagrun for example_task_group to 2024-07-11 00:00:00+00:00, run_after=2024-07-12 00:00:00+00:00
[2024-07-12T11:08:00.959+0100] {processor.py:183} INFO - Processing /home/victor/airflow_env/lib/python3.10/site-packages/airflow/example_dags/example_task_group.py took 0.780 seconds
[2024-07-12T11:10:37.439+0100] {processor.py:161} INFO - Started process (PID=17344) to work on /home/victor/airflow_env/lib/python3.10/site-packages/airflow/example_dags/example_task_group.py
[2024-07-12T11:10:37.445+0100] {processor.py:830} INFO - Processing file /home/victor/airflow_env/lib/python3.10/site-packages/airflow/example_dags/example_task_group.py for tasks to queue
[2024-07-12T11:10:37.454+0100] {logging_mixin.py:188} INFO - [2024-07-12T11:10:37.452+0100] {dagbag.py:545} INFO - Filling up the DagBag from /home/victor/airflow_env/lib/python3.10/site-packages/airflow/example_dags/example_task_group.py
[2024-07-12T11:10:37.498+0100] {processor.py:840} INFO - DAG(s) 'example_task_group' retrieved from /home/victor/airflow_env/lib/python3.10/site-packages/airflow/example_dags/example_task_group.py
[2024-07-12T11:10:37.643+0100] {logging_mixin.py:188} INFO - [2024-07-12T11:10:37.642+0100] {dag.py:3096} INFO - Sync 1 DAGs
[2024-07-12T11:10:38.178+0100] {logging_mixin.py:188} INFO - [2024-07-12T11:10:38.177+0100] {dag.py:3954} INFO - Setting next_dagrun for example_task_group to 2024-07-11 00:00:00+00:00, run_after=2024-07-12 00:00:00+00:00
[2024-07-12T11:10:38.521+0100] {processor.py:183} INFO - Processing /home/victor/airflow_env/lib/python3.10/site-packages/airflow/example_dags/example_task_group.py took 1.126 seconds
[2024-07-12T11:12:34.637+0100] {processor.py:161} INFO - Started process (PID=17821) to work on /home/victor/airflow_env/lib/python3.10/site-packages/airflow/example_dags/example_task_group.py
[2024-07-12T11:12:34.642+0100] {processor.py:830} INFO - Processing file /home/victor/airflow_env/lib/python3.10/site-packages/airflow/example_dags/example_task_group.py for tasks to queue
[2024-07-12T11:12:34.650+0100] {logging_mixin.py:188} INFO - [2024-07-12T11:12:34.648+0100] {dagbag.py:545} INFO - Filling up the DagBag from /home/victor/airflow_env/lib/python3.10/site-packages/airflow/example_dags/example_task_group.py
[2024-07-12T11:12:34.688+0100] {processor.py:840} INFO - DAG(s) 'example_task_group' retrieved from /home/victor/airflow_env/lib/python3.10/site-packages/airflow/example_dags/example_task_group.py
[2024-07-12T11:12:34.890+0100] {logging_mixin.py:188} INFO - [2024-07-12T11:12:34.888+0100] {dag.py:3096} INFO - Sync 1 DAGs
[2024-07-12T11:12:35.120+0100] {logging_mixin.py:188} INFO - [2024-07-12T11:12:35.119+0100] {dag.py:3954} INFO - Setting next_dagrun for example_task_group to 2024-07-11 00:00:00+00:00, run_after=2024-07-12 00:00:00+00:00
[2024-07-12T11:12:35.443+0100] {processor.py:183} INFO - Processing /home/victor/airflow_env/lib/python3.10/site-packages/airflow/example_dags/example_task_group.py took 0.836 seconds
[2024-07-12T11:14:11.865+0100] {processor.py:161} INFO - Started process (PID=18218) to work on /home/victor/airflow_env/lib/python3.10/site-packages/airflow/example_dags/example_task_group.py
[2024-07-12T11:14:11.921+0100] {processor.py:830} INFO - Processing file /home/victor/airflow_env/lib/python3.10/site-packages/airflow/example_dags/example_task_group.py for tasks to queue
[2024-07-12T11:14:11.944+0100] {logging_mixin.py:188} INFO - [2024-07-12T11:14:11.935+0100] {dagbag.py:545} INFO - Filling up the DagBag from /home/victor/airflow_env/lib/python3.10/site-packages/airflow/example_dags/example_task_group.py
[2024-07-12T11:14:12.036+0100] {processor.py:840} INFO - DAG(s) 'example_task_group' retrieved from /home/victor/airflow_env/lib/python3.10/site-packages/airflow/example_dags/example_task_group.py
[2024-07-12T11:14:13.347+0100] {logging_mixin.py:188} INFO - [2024-07-12T11:14:13.345+0100] {dag.py:3096} INFO - Sync 1 DAGs
[2024-07-12T11:14:14.581+0100] {logging_mixin.py:188} INFO - [2024-07-12T11:14:14.580+0100] {dag.py:3954} INFO - Setting next_dagrun for example_task_group to 2024-07-11 00:00:00+00:00, run_after=2024-07-12 00:00:00+00:00
[2024-07-12T11:14:15.237+0100] {processor.py:183} INFO - Processing /home/victor/airflow_env/lib/python3.10/site-packages/airflow/example_dags/example_task_group.py took 3.514 seconds
[2024-07-12T11:16:19.004+0100] {processor.py:161} INFO - Started process (PID=18741) to work on /home/victor/airflow_env/lib/python3.10/site-packages/airflow/example_dags/example_task_group.py
[2024-07-12T11:16:19.009+0100] {processor.py:830} INFO - Processing file /home/victor/airflow_env/lib/python3.10/site-packages/airflow/example_dags/example_task_group.py for tasks to queue
[2024-07-12T11:16:19.020+0100] {logging_mixin.py:188} INFO - [2024-07-12T11:16:19.018+0100] {dagbag.py:545} INFO - Filling up the DagBag from /home/victor/airflow_env/lib/python3.10/site-packages/airflow/example_dags/example_task_group.py
[2024-07-12T11:16:19.088+0100] {processor.py:840} INFO - DAG(s) 'example_task_group' retrieved from /home/victor/airflow_env/lib/python3.10/site-packages/airflow/example_dags/example_task_group.py
[2024-07-12T11:16:19.290+0100] {logging_mixin.py:188} INFO - [2024-07-12T11:16:19.289+0100] {dag.py:3096} INFO - Sync 1 DAGs
[2024-07-12T11:16:19.526+0100] {logging_mixin.py:188} INFO - [2024-07-12T11:16:19.525+0100] {dag.py:3954} INFO - Setting next_dagrun for example_task_group to 2024-07-11 00:00:00+00:00, run_after=2024-07-12 00:00:00+00:00
[2024-07-12T11:16:20.236+0100] {processor.py:183} INFO - Processing /home/victor/airflow_env/lib/python3.10/site-packages/airflow/example_dags/example_task_group.py took 1.293 seconds
[2024-07-12T11:18:33.147+0100] {processor.py:161} INFO - Started process (PID=19284) to work on /home/victor/airflow_env/lib/python3.10/site-packages/airflow/example_dags/example_task_group.py
[2024-07-12T11:18:33.152+0100] {processor.py:830} INFO - Processing file /home/victor/airflow_env/lib/python3.10/site-packages/airflow/example_dags/example_task_group.py for tasks to queue
[2024-07-12T11:18:33.161+0100] {logging_mixin.py:188} INFO - [2024-07-12T11:18:33.159+0100] {dagbag.py:545} INFO - Filling up the DagBag from /home/victor/airflow_env/lib/python3.10/site-packages/airflow/example_dags/example_task_group.py
[2024-07-12T11:18:33.199+0100] {processor.py:840} INFO - DAG(s) 'example_task_group' retrieved from /home/victor/airflow_env/lib/python3.10/site-packages/airflow/example_dags/example_task_group.py
[2024-07-12T11:18:33.325+0100] {logging_mixin.py:188} INFO - [2024-07-12T11:18:33.324+0100] {dag.py:3096} INFO - Sync 1 DAGs
[2024-07-12T11:18:33.493+0100] {logging_mixin.py:188} INFO - [2024-07-12T11:18:33.492+0100] {dag.py:3954} INFO - Setting next_dagrun for example_task_group to 2024-07-11 00:00:00+00:00, run_after=2024-07-12 00:00:00+00:00
[2024-07-12T11:18:33.968+0100] {processor.py:183} INFO - Processing /home/victor/airflow_env/lib/python3.10/site-packages/airflow/example_dags/example_task_group.py took 0.853 seconds
[2024-07-12T11:20:08.372+0100] {processor.py:161} INFO - Started process (PID=19680) to work on /home/victor/airflow_env/lib/python3.10/site-packages/airflow/example_dags/example_task_group.py
[2024-07-12T11:20:08.378+0100] {processor.py:830} INFO - Processing file /home/victor/airflow_env/lib/python3.10/site-packages/airflow/example_dags/example_task_group.py for tasks to queue
[2024-07-12T11:20:08.392+0100] {logging_mixin.py:188} INFO - [2024-07-12T11:20:08.390+0100] {dagbag.py:545} INFO - Filling up the DagBag from /home/victor/airflow_env/lib/python3.10/site-packages/airflow/example_dags/example_task_group.py
[2024-07-12T11:20:08.468+0100] {processor.py:840} INFO - DAG(s) 'example_task_group' retrieved from /home/victor/airflow_env/lib/python3.10/site-packages/airflow/example_dags/example_task_group.py
[2024-07-12T11:20:08.723+0100] {logging_mixin.py:188} INFO - [2024-07-12T11:20:08.722+0100] {dag.py:3096} INFO - Sync 1 DAGs
[2024-07-12T11:20:09.054+0100] {logging_mixin.py:188} INFO - [2024-07-12T11:20:09.053+0100] {dag.py:3954} INFO - Setting next_dagrun for example_task_group to 2024-07-11 00:00:00+00:00, run_after=2024-07-12 00:00:00+00:00
[2024-07-12T11:20:09.525+0100] {processor.py:183} INFO - Processing /home/victor/airflow_env/lib/python3.10/site-packages/airflow/example_dags/example_task_group.py took 1.190 seconds
[2024-07-12T11:21:53.136+0100] {processor.py:161} INFO - Started process (PID=20111) to work on /home/victor/airflow_env/lib/python3.10/site-packages/airflow/example_dags/example_task_group.py
[2024-07-12T11:21:53.141+0100] {processor.py:830} INFO - Processing file /home/victor/airflow_env/lib/python3.10/site-packages/airflow/example_dags/example_task_group.py for tasks to queue
[2024-07-12T11:21:53.149+0100] {logging_mixin.py:188} INFO - [2024-07-12T11:21:53.147+0100] {dagbag.py:545} INFO - Filling up the DagBag from /home/victor/airflow_env/lib/python3.10/site-packages/airflow/example_dags/example_task_group.py
[2024-07-12T11:21:53.188+0100] {processor.py:840} INFO - DAG(s) 'example_task_group' retrieved from /home/victor/airflow_env/lib/python3.10/site-packages/airflow/example_dags/example_task_group.py
[2024-07-12T11:21:53.322+0100] {logging_mixin.py:188} INFO - [2024-07-12T11:21:53.321+0100] {dag.py:3096} INFO - Sync 1 DAGs
[2024-07-12T11:21:53.434+0100] {logging_mixin.py:188} INFO - [2024-07-12T11:21:53.434+0100] {dag.py:3954} INFO - Setting next_dagrun for example_task_group to 2024-07-11 00:00:00+00:00, run_after=2024-07-12 00:00:00+00:00
[2024-07-12T11:21:53.835+0100] {processor.py:183} INFO - Processing /home/victor/airflow_env/lib/python3.10/site-packages/airflow/example_dags/example_task_group.py took 0.732 seconds
[2024-07-12T11:23:26.101+0100] {processor.py:161} INFO - Started process (PID=20496) to work on /home/victor/airflow_env/lib/python3.10/site-packages/airflow/example_dags/example_task_group.py
[2024-07-12T11:23:26.105+0100] {processor.py:830} INFO - Processing file /home/victor/airflow_env/lib/python3.10/site-packages/airflow/example_dags/example_task_group.py for tasks to queue
[2024-07-12T11:23:26.122+0100] {logging_mixin.py:188} INFO - [2024-07-12T11:23:26.120+0100] {dagbag.py:545} INFO - Filling up the DagBag from /home/victor/airflow_env/lib/python3.10/site-packages/airflow/example_dags/example_task_group.py
[2024-07-12T11:23:26.198+0100] {processor.py:840} INFO - DAG(s) 'example_task_group' retrieved from /home/victor/airflow_env/lib/python3.10/site-packages/airflow/example_dags/example_task_group.py
[2024-07-12T11:23:26.336+0100] {logging_mixin.py:188} INFO - [2024-07-12T11:23:26.335+0100] {dag.py:3096} INFO - Sync 1 DAGs
[2024-07-12T11:23:26.456+0100] {logging_mixin.py:188} INFO - [2024-07-12T11:23:26.455+0100] {dag.py:3954} INFO - Setting next_dagrun for example_task_group to 2024-07-11 00:00:00+00:00, run_after=2024-07-12 00:00:00+00:00
[2024-07-12T11:23:26.765+0100] {processor.py:183} INFO - Processing /home/victor/airflow_env/lib/python3.10/site-packages/airflow/example_dags/example_task_group.py took 0.714 seconds
[2024-07-12T11:25:00.147+0100] {processor.py:161} INFO - Started process (PID=20885) to work on /home/victor/airflow_env/lib/python3.10/site-packages/airflow/example_dags/example_task_group.py
[2024-07-12T11:25:00.154+0100] {processor.py:830} INFO - Processing file /home/victor/airflow_env/lib/python3.10/site-packages/airflow/example_dags/example_task_group.py for tasks to queue
[2024-07-12T11:25:00.169+0100] {logging_mixin.py:188} INFO - [2024-07-12T11:25:00.166+0100] {dagbag.py:545} INFO - Filling up the DagBag from /home/victor/airflow_env/lib/python3.10/site-packages/airflow/example_dags/example_task_group.py
[2024-07-12T11:25:00.236+0100] {processor.py:840} INFO - DAG(s) 'example_task_group' retrieved from /home/victor/airflow_env/lib/python3.10/site-packages/airflow/example_dags/example_task_group.py
[2024-07-12T11:25:00.362+0100] {logging_mixin.py:188} INFO - [2024-07-12T11:25:00.361+0100] {dag.py:3096} INFO - Sync 1 DAGs
[2024-07-12T11:25:00.480+0100] {logging_mixin.py:188} INFO - [2024-07-12T11:25:00.479+0100] {dag.py:3954} INFO - Setting next_dagrun for example_task_group to 2024-07-11 00:00:00+00:00, run_after=2024-07-12 00:00:00+00:00
[2024-07-12T11:25:00.813+0100] {processor.py:183} INFO - Processing /home/victor/airflow_env/lib/python3.10/site-packages/airflow/example_dags/example_task_group.py took 0.710 seconds
[2024-07-12T11:26:53.141+0100] {processor.py:161} INFO - Started process (PID=21341) to work on /home/victor/airflow_env/lib/python3.10/site-packages/airflow/example_dags/example_task_group.py
[2024-07-12T11:26:53.147+0100] {processor.py:830} INFO - Processing file /home/victor/airflow_env/lib/python3.10/site-packages/airflow/example_dags/example_task_group.py for tasks to queue
[2024-07-12T11:26:53.158+0100] {logging_mixin.py:188} INFO - [2024-07-12T11:26:53.155+0100] {dagbag.py:545} INFO - Filling up the DagBag from /home/victor/airflow_env/lib/python3.10/site-packages/airflow/example_dags/example_task_group.py
[2024-07-12T11:26:53.216+0100] {processor.py:840} INFO - DAG(s) 'example_task_group' retrieved from /home/victor/airflow_env/lib/python3.10/site-packages/airflow/example_dags/example_task_group.py
[2024-07-12T11:26:53.344+0100] {logging_mixin.py:188} INFO - [2024-07-12T11:26:53.343+0100] {dag.py:3096} INFO - Sync 1 DAGs
[2024-07-12T11:26:53.502+0100] {logging_mixin.py:188} INFO - [2024-07-12T11:26:53.500+0100] {dag.py:3954} INFO - Setting next_dagrun for example_task_group to 2024-07-11 00:00:00+00:00, run_after=2024-07-12 00:00:00+00:00
[2024-07-12T11:26:53.803+0100] {processor.py:183} INFO - Processing /home/victor/airflow_env/lib/python3.10/site-packages/airflow/example_dags/example_task_group.py took 0.717 seconds
[2024-07-12T11:28:21.096+0100] {processor.py:161} INFO - Started process (PID=21706) to work on /home/victor/airflow_env/lib/python3.10/site-packages/airflow/example_dags/example_task_group.py
[2024-07-12T11:28:21.102+0100] {processor.py:830} INFO - Processing file /home/victor/airflow_env/lib/python3.10/site-packages/airflow/example_dags/example_task_group.py for tasks to queue
[2024-07-12T11:28:21.120+0100] {logging_mixin.py:188} INFO - [2024-07-12T11:28:21.118+0100] {dagbag.py:545} INFO - Filling up the DagBag from /home/victor/airflow_env/lib/python3.10/site-packages/airflow/example_dags/example_task_group.py
[2024-07-12T11:28:21.170+0100] {processor.py:840} INFO - DAG(s) 'example_task_group' retrieved from /home/victor/airflow_env/lib/python3.10/site-packages/airflow/example_dags/example_task_group.py
[2024-07-12T11:28:21.310+0100] {logging_mixin.py:188} INFO - [2024-07-12T11:28:21.309+0100] {dag.py:3096} INFO - Sync 1 DAGs
[2024-07-12T11:28:21.494+0100] {logging_mixin.py:188} INFO - [2024-07-12T11:28:21.493+0100] {dag.py:3954} INFO - Setting next_dagrun for example_task_group to 2024-07-11 00:00:00+00:00, run_after=2024-07-12 00:00:00+00:00
[2024-07-12T11:28:21.866+0100] {processor.py:183} INFO - Processing /home/victor/airflow_env/lib/python3.10/site-packages/airflow/example_dags/example_task_group.py took 0.817 seconds
[2024-07-12T11:30:13.904+0100] {processor.py:161} INFO - Started process (PID=22159) to work on /home/victor/airflow_env/lib/python3.10/site-packages/airflow/example_dags/example_task_group.py
[2024-07-12T11:30:13.912+0100] {processor.py:830} INFO - Processing file /home/victor/airflow_env/lib/python3.10/site-packages/airflow/example_dags/example_task_group.py for tasks to queue
[2024-07-12T11:30:13.923+0100] {logging_mixin.py:188} INFO - [2024-07-12T11:30:13.920+0100] {dagbag.py:545} INFO - Filling up the DagBag from /home/victor/airflow_env/lib/python3.10/site-packages/airflow/example_dags/example_task_group.py
[2024-07-12T11:30:13.971+0100] {processor.py:840} INFO - DAG(s) 'example_task_group' retrieved from /home/victor/airflow_env/lib/python3.10/site-packages/airflow/example_dags/example_task_group.py
[2024-07-12T11:30:14.106+0100] {logging_mixin.py:188} INFO - [2024-07-12T11:30:14.106+0100] {dag.py:3096} INFO - Sync 1 DAGs
[2024-07-12T11:30:14.216+0100] {logging_mixin.py:188} INFO - [2024-07-12T11:30:14.215+0100] {dag.py:3954} INFO - Setting next_dagrun for example_task_group to 2024-07-11 00:00:00+00:00, run_after=2024-07-12 00:00:00+00:00
[2024-07-12T11:30:14.515+0100] {processor.py:183} INFO - Processing /home/victor/airflow_env/lib/python3.10/site-packages/airflow/example_dags/example_task_group.py took 0.666 seconds
[2024-07-12T11:32:32.063+0100] {processor.py:161} INFO - Started process (PID=23088) to work on /home/victor/airflow_env/lib/python3.10/site-packages/airflow/example_dags/example_task_group.py
[2024-07-12T11:32:32.072+0100] {processor.py:830} INFO - Processing file /home/victor/airflow_env/lib/python3.10/site-packages/airflow/example_dags/example_task_group.py for tasks to queue
[2024-07-12T11:32:32.087+0100] {logging_mixin.py:188} INFO - [2024-07-12T11:32:32.085+0100] {dagbag.py:545} INFO - Filling up the DagBag from /home/victor/airflow_env/lib/python3.10/site-packages/airflow/example_dags/example_task_group.py
[2024-07-12T11:32:32.147+0100] {processor.py:840} INFO - DAG(s) 'example_task_group' retrieved from /home/victor/airflow_env/lib/python3.10/site-packages/airflow/example_dags/example_task_group.py
[2024-07-12T11:32:32.348+0100] {logging_mixin.py:188} INFO - [2024-07-12T11:32:32.347+0100] {dag.py:3096} INFO - Sync 1 DAGs
[2024-07-12T11:32:32.472+0100] {logging_mixin.py:188} INFO - [2024-07-12T11:32:32.471+0100] {dag.py:3954} INFO - Setting next_dagrun for example_task_group to 2024-07-11 00:00:00+00:00, run_after=2024-07-12 00:00:00+00:00
[2024-07-12T11:32:32.852+0100] {processor.py:183} INFO - Processing /home/victor/airflow_env/lib/python3.10/site-packages/airflow/example_dags/example_task_group.py took 0.847 seconds
[2024-07-12T11:34:34.936+0100] {processor.py:161} INFO - Started process (PID=23615) to work on /home/victor/airflow_env/lib/python3.10/site-packages/airflow/example_dags/example_task_group.py
[2024-07-12T11:34:34.941+0100] {processor.py:830} INFO - Processing file /home/victor/airflow_env/lib/python3.10/site-packages/airflow/example_dags/example_task_group.py for tasks to queue
[2024-07-12T11:34:34.951+0100] {logging_mixin.py:188} INFO - [2024-07-12T11:34:34.949+0100] {dagbag.py:545} INFO - Filling up the DagBag from /home/victor/airflow_env/lib/python3.10/site-packages/airflow/example_dags/example_task_group.py
[2024-07-12T11:34:34.990+0100] {processor.py:840} INFO - DAG(s) 'example_task_group' retrieved from /home/victor/airflow_env/lib/python3.10/site-packages/airflow/example_dags/example_task_group.py
[2024-07-12T11:34:35.139+0100] {logging_mixin.py:188} INFO - [2024-07-12T11:34:35.138+0100] {dag.py:3096} INFO - Sync 1 DAGs
[2024-07-12T11:34:35.285+0100] {logging_mixin.py:188} INFO - [2024-07-12T11:34:35.284+0100] {dag.py:3954} INFO - Setting next_dagrun for example_task_group to 2024-07-11 00:00:00+00:00, run_after=2024-07-12 00:00:00+00:00
[2024-07-12T11:34:35.617+0100] {processor.py:183} INFO - Processing /home/victor/airflow_env/lib/python3.10/site-packages/airflow/example_dags/example_task_group.py took 0.713 seconds
[2024-07-12T11:36:32.224+0100] {processor.py:161} INFO - Started process (PID=24117) to work on /home/victor/airflow_env/lib/python3.10/site-packages/airflow/example_dags/example_task_group.py
[2024-07-12T11:36:32.241+0100] {processor.py:830} INFO - Processing file /home/victor/airflow_env/lib/python3.10/site-packages/airflow/example_dags/example_task_group.py for tasks to queue
[2024-07-12T11:36:32.269+0100] {logging_mixin.py:188} INFO - [2024-07-12T11:36:32.259+0100] {dagbag.py:545} INFO - Filling up the DagBag from /home/victor/airflow_env/lib/python3.10/site-packages/airflow/example_dags/example_task_group.py
[2024-07-12T11:36:32.375+0100] {processor.py:840} INFO - DAG(s) 'example_task_group' retrieved from /home/victor/airflow_env/lib/python3.10/site-packages/airflow/example_dags/example_task_group.py
[2024-07-12T11:36:32.645+0100] {logging_mixin.py:188} INFO - [2024-07-12T11:36:32.644+0100] {dag.py:3096} INFO - Sync 1 DAGs
[2024-07-12T11:36:32.777+0100] {logging_mixin.py:188} INFO - [2024-07-12T11:36:32.776+0100] {dag.py:3954} INFO - Setting next_dagrun for example_task_group to 2024-07-11 00:00:00+00:00, run_after=2024-07-12 00:00:00+00:00
[2024-07-12T11:36:33.103+0100] {processor.py:183} INFO - Processing /home/victor/airflow_env/lib/python3.10/site-packages/airflow/example_dags/example_task_group.py took 0.950 seconds
[2024-07-12T11:38:01.784+0100] {processor.py:161} INFO - Started process (PID=24497) to work on /home/victor/airflow_env/lib/python3.10/site-packages/airflow/example_dags/example_task_group.py
[2024-07-12T11:38:01.792+0100] {processor.py:830} INFO - Processing file /home/victor/airflow_env/lib/python3.10/site-packages/airflow/example_dags/example_task_group.py for tasks to queue
[2024-07-12T11:38:01.807+0100] {logging_mixin.py:188} INFO - [2024-07-12T11:38:01.805+0100] {dagbag.py:545} INFO - Filling up the DagBag from /home/victor/airflow_env/lib/python3.10/site-packages/airflow/example_dags/example_task_group.py
[2024-07-12T11:38:01.868+0100] {processor.py:840} INFO - DAG(s) 'example_task_group' retrieved from /home/victor/airflow_env/lib/python3.10/site-packages/airflow/example_dags/example_task_group.py
[2024-07-12T11:38:02.009+0100] {logging_mixin.py:188} INFO - [2024-07-12T11:38:02.008+0100] {dag.py:3096} INFO - Sync 1 DAGs
[2024-07-12T11:38:02.170+0100] {logging_mixin.py:188} INFO - [2024-07-12T11:38:02.169+0100] {dag.py:3954} INFO - Setting next_dagrun for example_task_group to 2024-07-11 00:00:00+00:00, run_after=2024-07-12 00:00:00+00:00
[2024-07-12T11:38:02.503+0100] {processor.py:183} INFO - Processing /home/victor/airflow_env/lib/python3.10/site-packages/airflow/example_dags/example_task_group.py took 0.757 seconds
[2024-07-12T11:39:26.993+0100] {processor.py:161} INFO - Started process (PID=24845) to work on /home/victor/airflow_env/lib/python3.10/site-packages/airflow/example_dags/example_task_group.py
[2024-07-12T11:39:26.998+0100] {processor.py:830} INFO - Processing file /home/victor/airflow_env/lib/python3.10/site-packages/airflow/example_dags/example_task_group.py for tasks to queue
[2024-07-12T11:39:27.012+0100] {logging_mixin.py:188} INFO - [2024-07-12T11:39:27.009+0100] {dagbag.py:545} INFO - Filling up the DagBag from /home/victor/airflow_env/lib/python3.10/site-packages/airflow/example_dags/example_task_group.py
[2024-07-12T11:39:27.065+0100] {processor.py:840} INFO - DAG(s) 'example_task_group' retrieved from /home/victor/airflow_env/lib/python3.10/site-packages/airflow/example_dags/example_task_group.py
[2024-07-12T11:39:27.205+0100] {logging_mixin.py:188} INFO - [2024-07-12T11:39:27.205+0100] {dag.py:3096} INFO - Sync 1 DAGs
[2024-07-12T11:39:27.388+0100] {logging_mixin.py:188} INFO - [2024-07-12T11:39:27.384+0100] {dag.py:3954} INFO - Setting next_dagrun for example_task_group to 2024-07-11 00:00:00+00:00, run_after=2024-07-12 00:00:00+00:00
[2024-07-12T11:39:27.802+0100] {processor.py:183} INFO - Processing /home/victor/airflow_env/lib/python3.10/site-packages/airflow/example_dags/example_task_group.py took 0.847 seconds
[2024-07-12T11:40:58.232+0100] {processor.py:161} INFO - Started process (PID=25218) to work on /home/victor/airflow_env/lib/python3.10/site-packages/airflow/example_dags/example_task_group.py
[2024-07-12T11:40:58.248+0100] {processor.py:830} INFO - Processing file /home/victor/airflow_env/lib/python3.10/site-packages/airflow/example_dags/example_task_group.py for tasks to queue
[2024-07-12T11:40:58.258+0100] {logging_mixin.py:188} INFO - [2024-07-12T11:40:58.255+0100] {dagbag.py:545} INFO - Filling up the DagBag from /home/victor/airflow_env/lib/python3.10/site-packages/airflow/example_dags/example_task_group.py
[2024-07-12T11:40:58.336+0100] {processor.py:840} INFO - DAG(s) 'example_task_group' retrieved from /home/victor/airflow_env/lib/python3.10/site-packages/airflow/example_dags/example_task_group.py
[2024-07-12T11:40:58.497+0100] {logging_mixin.py:188} INFO - [2024-07-12T11:40:58.496+0100] {dag.py:3096} INFO - Sync 1 DAGs
[2024-07-12T11:40:58.631+0100] {logging_mixin.py:188} INFO - [2024-07-12T11:40:58.630+0100] {dag.py:3954} INFO - Setting next_dagrun for example_task_group to 2024-07-11 00:00:00+00:00, run_after=2024-07-12 00:00:00+00:00
[2024-07-12T11:40:58.933+0100] {processor.py:183} INFO - Processing /home/victor/airflow_env/lib/python3.10/site-packages/airflow/example_dags/example_task_group.py took 0.746 seconds
[2024-07-12T11:42:30.363+0100] {processor.py:161} INFO - Started process (PID=25592) to work on /home/victor/airflow_env/lib/python3.10/site-packages/airflow/example_dags/example_task_group.py
[2024-07-12T11:42:30.369+0100] {processor.py:830} INFO - Processing file /home/victor/airflow_env/lib/python3.10/site-packages/airflow/example_dags/example_task_group.py for tasks to queue
[2024-07-12T11:42:30.381+0100] {logging_mixin.py:188} INFO - [2024-07-12T11:42:30.379+0100] {dagbag.py:545} INFO - Filling up the DagBag from /home/victor/airflow_env/lib/python3.10/site-packages/airflow/example_dags/example_task_group.py
[2024-07-12T11:42:30.480+0100] {processor.py:840} INFO - DAG(s) 'example_task_group' retrieved from /home/victor/airflow_env/lib/python3.10/site-packages/airflow/example_dags/example_task_group.py
[2024-07-12T11:42:30.679+0100] {logging_mixin.py:188} INFO - [2024-07-12T11:42:30.678+0100] {dag.py:3096} INFO - Sync 1 DAGs
[2024-07-12T11:42:30.838+0100] {logging_mixin.py:188} INFO - [2024-07-12T11:42:30.837+0100] {dag.py:3954} INFO - Setting next_dagrun for example_task_group to 2024-07-11 00:00:00+00:00, run_after=2024-07-12 00:00:00+00:00
[2024-07-12T11:42:31.318+0100] {processor.py:183} INFO - Processing /home/victor/airflow_env/lib/python3.10/site-packages/airflow/example_dags/example_task_group.py took 1.015 seconds
[2024-07-12T11:43:54.782+0100] {processor.py:161} INFO - Started process (PID=25942) to work on /home/victor/airflow_env/lib/python3.10/site-packages/airflow/example_dags/example_task_group.py
[2024-07-12T11:43:54.787+0100] {processor.py:830} INFO - Processing file /home/victor/airflow_env/lib/python3.10/site-packages/airflow/example_dags/example_task_group.py for tasks to queue
[2024-07-12T11:43:54.795+0100] {logging_mixin.py:188} INFO - [2024-07-12T11:43:54.793+0100] {dagbag.py:545} INFO - Filling up the DagBag from /home/victor/airflow_env/lib/python3.10/site-packages/airflow/example_dags/example_task_group.py
[2024-07-12T11:43:54.841+0100] {processor.py:840} INFO - DAG(s) 'example_task_group' retrieved from /home/victor/airflow_env/lib/python3.10/site-packages/airflow/example_dags/example_task_group.py
[2024-07-12T11:43:54.962+0100] {logging_mixin.py:188} INFO - [2024-07-12T11:43:54.961+0100] {dag.py:3096} INFO - Sync 1 DAGs
[2024-07-12T11:43:55.073+0100] {logging_mixin.py:188} INFO - [2024-07-12T11:43:55.072+0100] {dag.py:3954} INFO - Setting next_dagrun for example_task_group to 2024-07-11 00:00:00+00:00, run_after=2024-07-12 00:00:00+00:00
[2024-07-12T11:43:55.411+0100] {processor.py:183} INFO - Processing /home/victor/airflow_env/lib/python3.10/site-packages/airflow/example_dags/example_task_group.py took 0.663 seconds
[2024-07-12T11:45:19.927+0100] {processor.py:161} INFO - Started process (PID=26298) to work on /home/victor/airflow_env/lib/python3.10/site-packages/airflow/example_dags/example_task_group.py
[2024-07-12T11:45:19.933+0100] {processor.py:830} INFO - Processing file /home/victor/airflow_env/lib/python3.10/site-packages/airflow/example_dags/example_task_group.py for tasks to queue
[2024-07-12T11:45:19.942+0100] {logging_mixin.py:188} INFO - [2024-07-12T11:45:19.939+0100] {dagbag.py:545} INFO - Filling up the DagBag from /home/victor/airflow_env/lib/python3.10/site-packages/airflow/example_dags/example_task_group.py
[2024-07-12T11:45:19.982+0100] {processor.py:840} INFO - DAG(s) 'example_task_group' retrieved from /home/victor/airflow_env/lib/python3.10/site-packages/airflow/example_dags/example_task_group.py
[2024-07-12T11:45:20.129+0100] {logging_mixin.py:188} INFO - [2024-07-12T11:45:20.128+0100] {dag.py:3096} INFO - Sync 1 DAGs
[2024-07-12T11:45:20.316+0100] {logging_mixin.py:188} INFO - [2024-07-12T11:45:20.316+0100] {dag.py:3954} INFO - Setting next_dagrun for example_task_group to 2024-07-11 00:00:00+00:00, run_after=2024-07-12 00:00:00+00:00
[2024-07-12T11:45:20.598+0100] {processor.py:183} INFO - Processing /home/victor/airflow_env/lib/python3.10/site-packages/airflow/example_dags/example_task_group.py took 0.707 seconds
[2024-07-12T11:46:39.442+0100] {processor.py:161} INFO - Started process (PID=26627) to work on /home/victor/airflow_env/lib/python3.10/site-packages/airflow/example_dags/example_task_group.py
[2024-07-12T11:46:39.454+0100] {processor.py:830} INFO - Processing file /home/victor/airflow_env/lib/python3.10/site-packages/airflow/example_dags/example_task_group.py for tasks to queue
[2024-07-12T11:46:39.463+0100] {logging_mixin.py:188} INFO - [2024-07-12T11:46:39.461+0100] {dagbag.py:545} INFO - Filling up the DagBag from /home/victor/airflow_env/lib/python3.10/site-packages/airflow/example_dags/example_task_group.py
[2024-07-12T11:46:39.503+0100] {processor.py:840} INFO - DAG(s) 'example_task_group' retrieved from /home/victor/airflow_env/lib/python3.10/site-packages/airflow/example_dags/example_task_group.py
[2024-07-12T11:46:39.618+0100] {logging_mixin.py:188} INFO - [2024-07-12T11:46:39.617+0100] {dag.py:3096} INFO - Sync 1 DAGs
[2024-07-12T11:46:39.751+0100] {logging_mixin.py:188} INFO - [2024-07-12T11:46:39.750+0100] {dag.py:3954} INFO - Setting next_dagrun for example_task_group to 2024-07-11 00:00:00+00:00, run_after=2024-07-12 00:00:00+00:00
[2024-07-12T11:46:40.132+0100] {processor.py:183} INFO - Processing /home/victor/airflow_env/lib/python3.10/site-packages/airflow/example_dags/example_task_group.py took 0.731 seconds
[2024-07-12T11:48:12.417+0100] {processor.py:161} INFO - Started process (PID=27014) to work on /home/victor/airflow_env/lib/python3.10/site-packages/airflow/example_dags/example_task_group.py
[2024-07-12T11:48:12.422+0100] {processor.py:830} INFO - Processing file /home/victor/airflow_env/lib/python3.10/site-packages/airflow/example_dags/example_task_group.py for tasks to queue
[2024-07-12T11:48:12.431+0100] {logging_mixin.py:188} INFO - [2024-07-12T11:48:12.429+0100] {dagbag.py:545} INFO - Filling up the DagBag from /home/victor/airflow_env/lib/python3.10/site-packages/airflow/example_dags/example_task_group.py
[2024-07-12T11:48:12.490+0100] {processor.py:840} INFO - DAG(s) 'example_task_group' retrieved from /home/victor/airflow_env/lib/python3.10/site-packages/airflow/example_dags/example_task_group.py
[2024-07-12T11:48:12.635+0100] {logging_mixin.py:188} INFO - [2024-07-12T11:48:12.634+0100] {dag.py:3096} INFO - Sync 1 DAGs
[2024-07-12T11:48:12.791+0100] {logging_mixin.py:188} INFO - [2024-07-12T11:48:12.790+0100] {dag.py:3954} INFO - Setting next_dagrun for example_task_group to 2024-07-11 00:00:00+00:00, run_after=2024-07-12 00:00:00+00:00
[2024-07-12T11:48:13.126+0100] {processor.py:183} INFO - Processing /home/victor/airflow_env/lib/python3.10/site-packages/airflow/example_dags/example_task_group.py took 0.738 seconds
[2024-07-12T11:49:44.503+0100] {processor.py:161} INFO - Started process (PID=27389) to work on /home/victor/airflow_env/lib/python3.10/site-packages/airflow/example_dags/example_task_group.py
[2024-07-12T11:49:44.507+0100] {processor.py:830} INFO - Processing file /home/victor/airflow_env/lib/python3.10/site-packages/airflow/example_dags/example_task_group.py for tasks to queue
[2024-07-12T11:49:44.515+0100] {logging_mixin.py:188} INFO - [2024-07-12T11:49:44.513+0100] {dagbag.py:545} INFO - Filling up the DagBag from /home/victor/airflow_env/lib/python3.10/site-packages/airflow/example_dags/example_task_group.py
[2024-07-12T11:49:44.559+0100] {processor.py:840} INFO - DAG(s) 'example_task_group' retrieved from /home/victor/airflow_env/lib/python3.10/site-packages/airflow/example_dags/example_task_group.py
[2024-07-12T11:49:44.686+0100] {logging_mixin.py:188} INFO - [2024-07-12T11:49:44.685+0100] {dag.py:3096} INFO - Sync 1 DAGs
[2024-07-12T11:49:44.813+0100] {logging_mixin.py:188} INFO - [2024-07-12T11:49:44.812+0100] {dag.py:3954} INFO - Setting next_dagrun for example_task_group to 2024-07-11 00:00:00+00:00, run_after=2024-07-12 00:00:00+00:00
[2024-07-12T11:49:45.166+0100] {processor.py:183} INFO - Processing /home/victor/airflow_env/lib/python3.10/site-packages/airflow/example_dags/example_task_group.py took 0.717 seconds
[2024-07-12T11:51:17.522+0100] {processor.py:161} INFO - Started process (PID=27773) to work on /home/victor/airflow_env/lib/python3.10/site-packages/airflow/example_dags/example_task_group.py
[2024-07-12T11:51:17.530+0100] {processor.py:830} INFO - Processing file /home/victor/airflow_env/lib/python3.10/site-packages/airflow/example_dags/example_task_group.py for tasks to queue
[2024-07-12T11:51:17.542+0100] {logging_mixin.py:188} INFO - [2024-07-12T11:51:17.540+0100] {dagbag.py:545} INFO - Filling up the DagBag from /home/victor/airflow_env/lib/python3.10/site-packages/airflow/example_dags/example_task_group.py
[2024-07-12T11:51:17.626+0100] {processor.py:840} INFO - DAG(s) 'example_task_group' retrieved from /home/victor/airflow_env/lib/python3.10/site-packages/airflow/example_dags/example_task_group.py
[2024-07-12T11:51:17.762+0100] {logging_mixin.py:188} INFO - [2024-07-12T11:51:17.761+0100] {dag.py:3096} INFO - Sync 1 DAGs
[2024-07-12T11:51:17.896+0100] {logging_mixin.py:188} INFO - [2024-07-12T11:51:17.895+0100] {dag.py:3954} INFO - Setting next_dagrun for example_task_group to 2024-07-11 00:00:00+00:00, run_after=2024-07-12 00:00:00+00:00
[2024-07-12T11:51:18.172+0100] {processor.py:183} INFO - Processing /home/victor/airflow_env/lib/python3.10/site-packages/airflow/example_dags/example_task_group.py took 0.697 seconds
[2024-07-12T11:52:35.505+0100] {processor.py:161} INFO - Started process (PID=28097) to work on /home/victor/airflow_env/lib/python3.10/site-packages/airflow/example_dags/example_task_group.py
[2024-07-12T11:52:35.510+0100] {processor.py:830} INFO - Processing file /home/victor/airflow_env/lib/python3.10/site-packages/airflow/example_dags/example_task_group.py for tasks to queue
[2024-07-12T11:52:35.520+0100] {logging_mixin.py:188} INFO - [2024-07-12T11:52:35.518+0100] {dagbag.py:545} INFO - Filling up the DagBag from /home/victor/airflow_env/lib/python3.10/site-packages/airflow/example_dags/example_task_group.py
[2024-07-12T11:52:35.563+0100] {processor.py:840} INFO - DAG(s) 'example_task_group' retrieved from /home/victor/airflow_env/lib/python3.10/site-packages/airflow/example_dags/example_task_group.py
[2024-07-12T11:52:35.707+0100] {logging_mixin.py:188} INFO - [2024-07-12T11:52:35.706+0100] {dag.py:3096} INFO - Sync 1 DAGs
[2024-07-12T11:52:35.832+0100] {logging_mixin.py:188} INFO - [2024-07-12T11:52:35.832+0100] {dag.py:3954} INFO - Setting next_dagrun for example_task_group to 2024-07-11 00:00:00+00:00, run_after=2024-07-12 00:00:00+00:00
[2024-07-12T11:52:36.148+0100] {processor.py:183} INFO - Processing /home/victor/airflow_env/lib/python3.10/site-packages/airflow/example_dags/example_task_group.py took 0.684 seconds
[2024-07-12T11:53:55.554+0100] {processor.py:161} INFO - Started process (PID=28430) to work on /home/victor/airflow_env/lib/python3.10/site-packages/airflow/example_dags/example_task_group.py
[2024-07-12T11:53:55.558+0100] {processor.py:830} INFO - Processing file /home/victor/airflow_env/lib/python3.10/site-packages/airflow/example_dags/example_task_group.py for tasks to queue
[2024-07-12T11:53:55.567+0100] {logging_mixin.py:188} INFO - [2024-07-12T11:53:55.565+0100] {dagbag.py:545} INFO - Filling up the DagBag from /home/victor/airflow_env/lib/python3.10/site-packages/airflow/example_dags/example_task_group.py
[2024-07-12T11:53:55.613+0100] {processor.py:840} INFO - DAG(s) 'example_task_group' retrieved from /home/victor/airflow_env/lib/python3.10/site-packages/airflow/example_dags/example_task_group.py
[2024-07-12T11:53:55.772+0100] {logging_mixin.py:188} INFO - [2024-07-12T11:53:55.771+0100] {dag.py:3096} INFO - Sync 1 DAGs
[2024-07-12T11:53:55.909+0100] {logging_mixin.py:188} INFO - [2024-07-12T11:53:55.908+0100] {dag.py:3954} INFO - Setting next_dagrun for example_task_group to 2024-07-11 00:00:00+00:00, run_after=2024-07-12 00:00:00+00:00
[2024-07-12T11:53:56.247+0100] {processor.py:183} INFO - Processing /home/victor/airflow_env/lib/python3.10/site-packages/airflow/example_dags/example_task_group.py took 0.723 seconds
[2024-07-12T11:55:17.587+0100] {processor.py:161} INFO - Started process (PID=28768) to work on /home/victor/airflow_env/lib/python3.10/site-packages/airflow/example_dags/example_task_group.py
[2024-07-12T11:55:17.597+0100] {processor.py:830} INFO - Processing file /home/victor/airflow_env/lib/python3.10/site-packages/airflow/example_dags/example_task_group.py for tasks to queue
[2024-07-12T11:55:17.617+0100] {logging_mixin.py:188} INFO - [2024-07-12T11:55:17.615+0100] {dagbag.py:545} INFO - Filling up the DagBag from /home/victor/airflow_env/lib/python3.10/site-packages/airflow/example_dags/example_task_group.py
[2024-07-12T11:55:17.692+0100] {processor.py:840} INFO - DAG(s) 'example_task_group' retrieved from /home/victor/airflow_env/lib/python3.10/site-packages/airflow/example_dags/example_task_group.py
[2024-07-12T11:55:17.826+0100] {logging_mixin.py:188} INFO - [2024-07-12T11:55:17.825+0100] {dag.py:3096} INFO - Sync 1 DAGs
[2024-07-12T11:55:17.940+0100] {logging_mixin.py:188} INFO - [2024-07-12T11:55:17.939+0100] {dag.py:3954} INFO - Setting next_dagrun for example_task_group to 2024-07-11 00:00:00+00:00, run_after=2024-07-12 00:00:00+00:00
[2024-07-12T11:55:18.222+0100] {processor.py:183} INFO - Processing /home/victor/airflow_env/lib/python3.10/site-packages/airflow/example_dags/example_task_group.py took 0.677 seconds
[2024-07-12T11:56:41.853+0100] {processor.py:161} INFO - Started process (PID=29114) to work on /home/victor/airflow_env/lib/python3.10/site-packages/airflow/example_dags/example_task_group.py
[2024-07-12T11:56:41.867+0100] {processor.py:830} INFO - Processing file /home/victor/airflow_env/lib/python3.10/site-packages/airflow/example_dags/example_task_group.py for tasks to queue
[2024-07-12T11:56:41.877+0100] {logging_mixin.py:188} INFO - [2024-07-12T11:56:41.875+0100] {dagbag.py:545} INFO - Filling up the DagBag from /home/victor/airflow_env/lib/python3.10/site-packages/airflow/example_dags/example_task_group.py
[2024-07-12T11:56:41.945+0100] {processor.py:840} INFO - DAG(s) 'example_task_group' retrieved from /home/victor/airflow_env/lib/python3.10/site-packages/airflow/example_dags/example_task_group.py
[2024-07-12T11:56:42.058+0100] {logging_mixin.py:188} INFO - [2024-07-12T11:56:42.057+0100] {dag.py:3096} INFO - Sync 1 DAGs
[2024-07-12T11:56:42.180+0100] {logging_mixin.py:188} INFO - [2024-07-12T11:56:42.179+0100] {dag.py:3954} INFO - Setting next_dagrun for example_task_group to 2024-07-11 00:00:00+00:00, run_after=2024-07-12 00:00:00+00:00
[2024-07-12T11:56:42.499+0100] {processor.py:183} INFO - Processing /home/victor/airflow_env/lib/python3.10/site-packages/airflow/example_dags/example_task_group.py took 0.692 seconds
[2024-07-12T11:58:09.391+0100] {processor.py:161} INFO - Started process (PID=29470) to work on /home/victor/airflow_env/lib/python3.10/site-packages/airflow/example_dags/example_task_group.py
[2024-07-12T11:58:09.395+0100] {processor.py:830} INFO - Processing file /home/victor/airflow_env/lib/python3.10/site-packages/airflow/example_dags/example_task_group.py for tasks to queue
[2024-07-12T11:58:09.404+0100] {logging_mixin.py:188} INFO - [2024-07-12T11:58:09.403+0100] {dagbag.py:545} INFO - Filling up the DagBag from /home/victor/airflow_env/lib/python3.10/site-packages/airflow/example_dags/example_task_group.py
[2024-07-12T11:58:09.459+0100] {processor.py:840} INFO - DAG(s) 'example_task_group' retrieved from /home/victor/airflow_env/lib/python3.10/site-packages/airflow/example_dags/example_task_group.py
[2024-07-12T11:58:09.596+0100] {logging_mixin.py:188} INFO - [2024-07-12T11:58:09.595+0100] {dag.py:3096} INFO - Sync 1 DAGs
[2024-07-12T11:58:09.711+0100] {logging_mixin.py:188} INFO - [2024-07-12T11:58:09.710+0100] {dag.py:3954} INFO - Setting next_dagrun for example_task_group to 2024-07-11 00:00:00+00:00, run_after=2024-07-12 00:00:00+00:00
[2024-07-12T11:58:10.078+0100] {processor.py:183} INFO - Processing /home/victor/airflow_env/lib/python3.10/site-packages/airflow/example_dags/example_task_group.py took 0.723 seconds
[2024-07-12T11:59:29.136+0100] {processor.py:161} INFO - Started process (PID=29803) to work on /home/victor/airflow_env/lib/python3.10/site-packages/airflow/example_dags/example_task_group.py
[2024-07-12T11:59:29.141+0100] {processor.py:830} INFO - Processing file /home/victor/airflow_env/lib/python3.10/site-packages/airflow/example_dags/example_task_group.py for tasks to queue
[2024-07-12T11:59:29.150+0100] {logging_mixin.py:188} INFO - [2024-07-12T11:59:29.148+0100] {dagbag.py:545} INFO - Filling up the DagBag from /home/victor/airflow_env/lib/python3.10/site-packages/airflow/example_dags/example_task_group.py
[2024-07-12T11:59:29.191+0100] {processor.py:840} INFO - DAG(s) 'example_task_group' retrieved from /home/victor/airflow_env/lib/python3.10/site-packages/airflow/example_dags/example_task_group.py
[2024-07-12T11:59:29.333+0100] {logging_mixin.py:188} INFO - [2024-07-12T11:59:29.332+0100] {dag.py:3096} INFO - Sync 1 DAGs
[2024-07-12T11:59:29.442+0100] {logging_mixin.py:188} INFO - [2024-07-12T11:59:29.441+0100] {dag.py:3954} INFO - Setting next_dagrun for example_task_group to 2024-07-11 00:00:00+00:00, run_after=2024-07-12 00:00:00+00:00
[2024-07-12T11:59:29.722+0100] {processor.py:183} INFO - Processing /home/victor/airflow_env/lib/python3.10/site-packages/airflow/example_dags/example_task_group.py took 0.616 seconds
[2024-07-12T12:00:52.152+0100] {processor.py:161} INFO - Started process (PID=30144) to work on /home/victor/airflow_env/lib/python3.10/site-packages/airflow/example_dags/example_task_group.py
[2024-07-12T12:00:52.167+0100] {processor.py:830} INFO - Processing file /home/victor/airflow_env/lib/python3.10/site-packages/airflow/example_dags/example_task_group.py for tasks to queue
[2024-07-12T12:00:52.188+0100] {logging_mixin.py:188} INFO - [2024-07-12T12:00:52.186+0100] {dagbag.py:545} INFO - Filling up the DagBag from /home/victor/airflow_env/lib/python3.10/site-packages/airflow/example_dags/example_task_group.py
[2024-07-12T12:00:52.300+0100] {processor.py:840} INFO - DAG(s) 'example_task_group' retrieved from /home/victor/airflow_env/lib/python3.10/site-packages/airflow/example_dags/example_task_group.py
[2024-07-12T12:00:52.551+0100] {logging_mixin.py:188} INFO - [2024-07-12T12:00:52.549+0100] {dag.py:3096} INFO - Sync 1 DAGs
[2024-07-12T12:00:52.714+0100] {logging_mixin.py:188} INFO - [2024-07-12T12:00:52.713+0100] {dag.py:3954} INFO - Setting next_dagrun for example_task_group to 2024-07-11 00:00:00+00:00, run_after=2024-07-12 00:00:00+00:00
[2024-07-12T12:00:53.072+0100] {processor.py:183} INFO - Processing /home/victor/airflow_env/lib/python3.10/site-packages/airflow/example_dags/example_task_group.py took 1.007 seconds
[2024-07-12T12:02:31.991+0100] {processor.py:161} INFO - Started process (PID=30547) to work on /home/victor/airflow_env/lib/python3.10/site-packages/airflow/example_dags/example_task_group.py
[2024-07-12T12:02:31.996+0100] {processor.py:830} INFO - Processing file /home/victor/airflow_env/lib/python3.10/site-packages/airflow/example_dags/example_task_group.py for tasks to queue
[2024-07-12T12:02:32.005+0100] {logging_mixin.py:188} INFO - [2024-07-12T12:02:32.003+0100] {dagbag.py:545} INFO - Filling up the DagBag from /home/victor/airflow_env/lib/python3.10/site-packages/airflow/example_dags/example_task_group.py
[2024-07-12T12:02:32.048+0100] {processor.py:840} INFO - DAG(s) 'example_task_group' retrieved from /home/victor/airflow_env/lib/python3.10/site-packages/airflow/example_dags/example_task_group.py
[2024-07-12T12:02:32.192+0100] {logging_mixin.py:188} INFO - [2024-07-12T12:02:32.191+0100] {dag.py:3096} INFO - Sync 1 DAGs
[2024-07-12T12:02:32.312+0100] {logging_mixin.py:188} INFO - [2024-07-12T12:02:32.312+0100] {dag.py:3954} INFO - Setting next_dagrun for example_task_group to 2024-07-11 00:00:00+00:00, run_after=2024-07-12 00:00:00+00:00
[2024-07-12T12:02:32.630+0100] {processor.py:183} INFO - Processing /home/victor/airflow_env/lib/python3.10/site-packages/airflow/example_dags/example_task_group.py took 0.677 seconds
[2024-07-12T12:04:16.215+0100] {processor.py:161} INFO - Started process (PID=30967) to work on /home/victor/airflow_env/lib/python3.10/site-packages/airflow/example_dags/example_task_group.py
[2024-07-12T12:04:16.220+0100] {processor.py:830} INFO - Processing file /home/victor/airflow_env/lib/python3.10/site-packages/airflow/example_dags/example_task_group.py for tasks to queue
[2024-07-12T12:04:16.235+0100] {logging_mixin.py:188} INFO - [2024-07-12T12:04:16.233+0100] {dagbag.py:545} INFO - Filling up the DagBag from /home/victor/airflow_env/lib/python3.10/site-packages/airflow/example_dags/example_task_group.py
[2024-07-12T12:04:16.295+0100] {processor.py:840} INFO - DAG(s) 'example_task_group' retrieved from /home/victor/airflow_env/lib/python3.10/site-packages/airflow/example_dags/example_task_group.py
[2024-07-12T12:04:16.455+0100] {logging_mixin.py:188} INFO - [2024-07-12T12:04:16.454+0100] {dag.py:3096} INFO - Sync 1 DAGs
[2024-07-12T12:04:16.649+0100] {logging_mixin.py:188} INFO - [2024-07-12T12:04:16.647+0100] {dag.py:3954} INFO - Setting next_dagrun for example_task_group to 2024-07-11 00:00:00+00:00, run_after=2024-07-12 00:00:00+00:00
[2024-07-12T12:04:17.201+0100] {processor.py:183} INFO - Processing /home/victor/airflow_env/lib/python3.10/site-packages/airflow/example_dags/example_task_group.py took 1.024 seconds
[2024-07-12T12:05:45.410+0100] {processor.py:161} INFO - Started process (PID=31332) to work on /home/victor/airflow_env/lib/python3.10/site-packages/airflow/example_dags/example_task_group.py
[2024-07-12T12:05:45.423+0100] {processor.py:830} INFO - Processing file /home/victor/airflow_env/lib/python3.10/site-packages/airflow/example_dags/example_task_group.py for tasks to queue
[2024-07-12T12:05:45.434+0100] {logging_mixin.py:188} INFO - [2024-07-12T12:05:45.432+0100] {dagbag.py:545} INFO - Filling up the DagBag from /home/victor/airflow_env/lib/python3.10/site-packages/airflow/example_dags/example_task_group.py
[2024-07-12T12:05:45.484+0100] {processor.py:840} INFO - DAG(s) 'example_task_group' retrieved from /home/victor/airflow_env/lib/python3.10/site-packages/airflow/example_dags/example_task_group.py
[2024-07-12T12:05:45.638+0100] {logging_mixin.py:188} INFO - [2024-07-12T12:05:45.637+0100] {dag.py:3096} INFO - Sync 1 DAGs
[2024-07-12T12:05:45.785+0100] {logging_mixin.py:188} INFO - [2024-07-12T12:05:45.784+0100] {dag.py:3954} INFO - Setting next_dagrun for example_task_group to 2024-07-11 00:00:00+00:00, run_after=2024-07-12 00:00:00+00:00
[2024-07-12T12:05:46.166+0100] {processor.py:183} INFO - Processing /home/victor/airflow_env/lib/python3.10/site-packages/airflow/example_dags/example_task_group.py took 0.790 seconds
[2024-07-12T12:07:04.557+0100] {processor.py:161} INFO - Started process (PID=31662) to work on /home/victor/airflow_env/lib/python3.10/site-packages/airflow/example_dags/example_task_group.py
[2024-07-12T12:07:04.562+0100] {processor.py:830} INFO - Processing file /home/victor/airflow_env/lib/python3.10/site-packages/airflow/example_dags/example_task_group.py for tasks to queue
[2024-07-12T12:07:04.570+0100] {logging_mixin.py:188} INFO - [2024-07-12T12:07:04.569+0100] {dagbag.py:545} INFO - Filling up the DagBag from /home/victor/airflow_env/lib/python3.10/site-packages/airflow/example_dags/example_task_group.py
[2024-07-12T12:07:04.609+0100] {processor.py:840} INFO - DAG(s) 'example_task_group' retrieved from /home/victor/airflow_env/lib/python3.10/site-packages/airflow/example_dags/example_task_group.py
[2024-07-12T12:07:04.739+0100] {logging_mixin.py:188} INFO - [2024-07-12T12:07:04.738+0100] {dag.py:3096} INFO - Sync 1 DAGs
[2024-07-12T12:07:04.880+0100] {logging_mixin.py:188} INFO - [2024-07-12T12:07:04.879+0100] {dag.py:3954} INFO - Setting next_dagrun for example_task_group to 2024-07-11 00:00:00+00:00, run_after=2024-07-12 00:00:00+00:00
[2024-07-12T12:07:05.212+0100] {processor.py:183} INFO - Processing /home/victor/airflow_env/lib/python3.10/site-packages/airflow/example_dags/example_task_group.py took 0.685 seconds
[2024-07-12T12:08:28.993+0100] {processor.py:161} INFO - Started process (PID=32008) to work on /home/victor/airflow_env/lib/python3.10/site-packages/airflow/example_dags/example_task_group.py
[2024-07-12T12:08:28.998+0100] {processor.py:830} INFO - Processing file /home/victor/airflow_env/lib/python3.10/site-packages/airflow/example_dags/example_task_group.py for tasks to queue
[2024-07-12T12:08:29.008+0100] {logging_mixin.py:188} INFO - [2024-07-12T12:08:29.006+0100] {dagbag.py:545} INFO - Filling up the DagBag from /home/victor/airflow_env/lib/python3.10/site-packages/airflow/example_dags/example_task_group.py
[2024-07-12T12:08:29.063+0100] {processor.py:840} INFO - DAG(s) 'example_task_group' retrieved from /home/victor/airflow_env/lib/python3.10/site-packages/airflow/example_dags/example_task_group.py
[2024-07-12T12:08:29.177+0100] {logging_mixin.py:188} INFO - [2024-07-12T12:08:29.176+0100] {dag.py:3096} INFO - Sync 1 DAGs
[2024-07-12T12:08:29.324+0100] {logging_mixin.py:188} INFO - [2024-07-12T12:08:29.323+0100] {dag.py:3954} INFO - Setting next_dagrun for example_task_group to 2024-07-11 00:00:00+00:00, run_after=2024-07-12 00:00:00+00:00
[2024-07-12T12:08:29.659+0100] {processor.py:183} INFO - Processing /home/victor/airflow_env/lib/python3.10/site-packages/airflow/example_dags/example_task_group.py took 0.696 seconds
[2024-07-12T12:09:58.778+0100] {processor.py:161} INFO - Started process (PID=32380) to work on /home/victor/airflow_env/lib/python3.10/site-packages/airflow/example_dags/example_task_group.py
[2024-07-12T12:09:58.783+0100] {processor.py:830} INFO - Processing file /home/victor/airflow_env/lib/python3.10/site-packages/airflow/example_dags/example_task_group.py for tasks to queue
[2024-07-12T12:09:58.791+0100] {logging_mixin.py:188} INFO - [2024-07-12T12:09:58.790+0100] {dagbag.py:545} INFO - Filling up the DagBag from /home/victor/airflow_env/lib/python3.10/site-packages/airflow/example_dags/example_task_group.py
[2024-07-12T12:09:58.836+0100] {processor.py:840} INFO - DAG(s) 'example_task_group' retrieved from /home/victor/airflow_env/lib/python3.10/site-packages/airflow/example_dags/example_task_group.py
[2024-07-12T12:09:58.963+0100] {logging_mixin.py:188} INFO - [2024-07-12T12:09:58.962+0100] {dag.py:3096} INFO - Sync 1 DAGs
[2024-07-12T12:09:59.100+0100] {logging_mixin.py:188} INFO - [2024-07-12T12:09:59.099+0100] {dag.py:3954} INFO - Setting next_dagrun for example_task_group to 2024-07-11 00:00:00+00:00, run_after=2024-07-12 00:00:00+00:00
[2024-07-12T12:09:59.448+0100] {processor.py:183} INFO - Processing /home/victor/airflow_env/lib/python3.10/site-packages/airflow/example_dags/example_task_group.py took 0.717 seconds
[2024-07-12T12:11:26.616+0100] {processor.py:161} INFO - Started process (PID=32742) to work on /home/victor/airflow_env/lib/python3.10/site-packages/airflow/example_dags/example_task_group.py
[2024-07-12T12:11:26.622+0100] {processor.py:830} INFO - Processing file /home/victor/airflow_env/lib/python3.10/site-packages/airflow/example_dags/example_task_group.py for tasks to queue
[2024-07-12T12:11:26.637+0100] {logging_mixin.py:188} INFO - [2024-07-12T12:11:26.634+0100] {dagbag.py:545} INFO - Filling up the DagBag from /home/victor/airflow_env/lib/python3.10/site-packages/airflow/example_dags/example_task_group.py
[2024-07-12T12:11:26.714+0100] {processor.py:840} INFO - DAG(s) 'example_task_group' retrieved from /home/victor/airflow_env/lib/python3.10/site-packages/airflow/example_dags/example_task_group.py
[2024-07-12T12:11:26.919+0100] {logging_mixin.py:188} INFO - [2024-07-12T12:11:26.918+0100] {dag.py:3096} INFO - Sync 1 DAGs
[2024-07-12T12:11:27.115+0100] {logging_mixin.py:188} INFO - [2024-07-12T12:11:27.114+0100] {dag.py:3954} INFO - Setting next_dagrun for example_task_group to 2024-07-11 00:00:00+00:00, run_after=2024-07-12 00:00:00+00:00
[2024-07-12T12:11:27.469+0100] {processor.py:183} INFO - Processing /home/victor/airflow_env/lib/python3.10/site-packages/airflow/example_dags/example_task_group.py took 0.910 seconds
[2024-07-12T12:12:48.042+0100] {processor.py:161} INFO - Started process (PID=33080) to work on /home/victor/airflow_env/lib/python3.10/site-packages/airflow/example_dags/example_task_group.py
[2024-07-12T12:12:48.051+0100] {processor.py:830} INFO - Processing file /home/victor/airflow_env/lib/python3.10/site-packages/airflow/example_dags/example_task_group.py for tasks to queue
[2024-07-12T12:12:48.140+0100] {logging_mixin.py:188} INFO - [2024-07-12T12:12:48.138+0100] {dagbag.py:545} INFO - Filling up the DagBag from /home/victor/airflow_env/lib/python3.10/site-packages/airflow/example_dags/example_task_group.py
[2024-07-12T12:12:48.212+0100] {processor.py:840} INFO - DAG(s) 'example_task_group' retrieved from /home/victor/airflow_env/lib/python3.10/site-packages/airflow/example_dags/example_task_group.py
[2024-07-12T12:12:48.379+0100] {logging_mixin.py:188} INFO - [2024-07-12T12:12:48.378+0100] {dag.py:3096} INFO - Sync 1 DAGs
[2024-07-12T12:12:48.594+0100] {logging_mixin.py:188} INFO - [2024-07-12T12:12:48.592+0100] {dag.py:3954} INFO - Setting next_dagrun for example_task_group to 2024-07-11 00:00:00+00:00, run_after=2024-07-12 00:00:00+00:00
[2024-07-12T12:12:48.878+0100] {processor.py:183} INFO - Processing /home/victor/airflow_env/lib/python3.10/site-packages/airflow/example_dags/example_task_group.py took 0.871 seconds
[2024-07-12T12:14:09.667+0100] {processor.py:161} INFO - Started process (PID=33417) to work on /home/victor/airflow_env/lib/python3.10/site-packages/airflow/example_dags/example_task_group.py
[2024-07-12T12:14:09.673+0100] {processor.py:830} INFO - Processing file /home/victor/airflow_env/lib/python3.10/site-packages/airflow/example_dags/example_task_group.py for tasks to queue
[2024-07-12T12:14:09.686+0100] {logging_mixin.py:188} INFO - [2024-07-12T12:14:09.681+0100] {dagbag.py:545} INFO - Filling up the DagBag from /home/victor/airflow_env/lib/python3.10/site-packages/airflow/example_dags/example_task_group.py
[2024-07-12T12:14:09.738+0100] {processor.py:840} INFO - DAG(s) 'example_task_group' retrieved from /home/victor/airflow_env/lib/python3.10/site-packages/airflow/example_dags/example_task_group.py
[2024-07-12T12:14:09.931+0100] {logging_mixin.py:188} INFO - [2024-07-12T12:14:09.930+0100] {dag.py:3096} INFO - Sync 1 DAGs
[2024-07-12T12:14:10.084+0100] {logging_mixin.py:188} INFO - [2024-07-12T12:14:10.083+0100] {dag.py:3954} INFO - Setting next_dagrun for example_task_group to 2024-07-11 00:00:00+00:00, run_after=2024-07-12 00:00:00+00:00
[2024-07-12T12:14:10.518+0100] {processor.py:183} INFO - Processing /home/victor/airflow_env/lib/python3.10/site-packages/airflow/example_dags/example_task_group.py took 0.887 seconds
[2024-07-12T12:15:42.188+0100] {processor.py:161} INFO - Started process (PID=33791) to work on /home/victor/airflow_env/lib/python3.10/site-packages/airflow/example_dags/example_task_group.py
[2024-07-12T12:15:42.201+0100] {processor.py:830} INFO - Processing file /home/victor/airflow_env/lib/python3.10/site-packages/airflow/example_dags/example_task_group.py for tasks to queue
[2024-07-12T12:15:42.217+0100] {logging_mixin.py:188} INFO - [2024-07-12T12:15:42.214+0100] {dagbag.py:545} INFO - Filling up the DagBag from /home/victor/airflow_env/lib/python3.10/site-packages/airflow/example_dags/example_task_group.py
[2024-07-12T12:15:42.281+0100] {processor.py:840} INFO - DAG(s) 'example_task_group' retrieved from /home/victor/airflow_env/lib/python3.10/site-packages/airflow/example_dags/example_task_group.py
[2024-07-12T12:15:42.509+0100] {logging_mixin.py:188} INFO - [2024-07-12T12:15:42.508+0100] {dag.py:3096} INFO - Sync 1 DAGs
[2024-07-12T12:15:42.721+0100] {logging_mixin.py:188} INFO - [2024-07-12T12:15:42.720+0100] {dag.py:3954} INFO - Setting next_dagrun for example_task_group to 2024-07-11 00:00:00+00:00, run_after=2024-07-12 00:00:00+00:00
[2024-07-12T12:15:43.124+0100] {processor.py:183} INFO - Processing /home/victor/airflow_env/lib/python3.10/site-packages/airflow/example_dags/example_task_group.py took 1.073 seconds
[2024-07-12T12:17:43.251+0100] {processor.py:161} INFO - Started process (PID=34276) to work on /home/victor/airflow_env/lib/python3.10/site-packages/airflow/example_dags/example_task_group.py
[2024-07-12T12:17:43.256+0100] {processor.py:830} INFO - Processing file /home/victor/airflow_env/lib/python3.10/site-packages/airflow/example_dags/example_task_group.py for tasks to queue
[2024-07-12T12:17:43.266+0100] {logging_mixin.py:188} INFO - [2024-07-12T12:17:43.264+0100] {dagbag.py:545} INFO - Filling up the DagBag from /home/victor/airflow_env/lib/python3.10/site-packages/airflow/example_dags/example_task_group.py
[2024-07-12T12:17:43.313+0100] {processor.py:840} INFO - DAG(s) 'example_task_group' retrieved from /home/victor/airflow_env/lib/python3.10/site-packages/airflow/example_dags/example_task_group.py
[2024-07-12T12:17:43.462+0100] {logging_mixin.py:188} INFO - [2024-07-12T12:17:43.461+0100] {dag.py:3096} INFO - Sync 1 DAGs
[2024-07-12T12:17:43.609+0100] {logging_mixin.py:188} INFO - [2024-07-12T12:17:43.608+0100] {dag.py:3954} INFO - Setting next_dagrun for example_task_group to 2024-07-11 00:00:00+00:00, run_after=2024-07-12 00:00:00+00:00
[2024-07-12T12:17:43.984+0100] {processor.py:183} INFO - Processing /home/victor/airflow_env/lib/python3.10/site-packages/airflow/example_dags/example_task_group.py took 0.767 seconds
[2024-07-12T12:19:32.915+0100] {processor.py:161} INFO - Started process (PID=34721) to work on /home/victor/airflow_env/lib/python3.10/site-packages/airflow/example_dags/example_task_group.py
[2024-07-12T12:19:32.941+0100] {processor.py:830} INFO - Processing file /home/victor/airflow_env/lib/python3.10/site-packages/airflow/example_dags/example_task_group.py for tasks to queue
[2024-07-12T12:19:32.960+0100] {logging_mixin.py:188} INFO - [2024-07-12T12:19:32.957+0100] {dagbag.py:545} INFO - Filling up the DagBag from /home/victor/airflow_env/lib/python3.10/site-packages/airflow/example_dags/example_task_group.py
[2024-07-12T12:19:33.070+0100] {processor.py:840} INFO - DAG(s) 'example_task_group' retrieved from /home/victor/airflow_env/lib/python3.10/site-packages/airflow/example_dags/example_task_group.py
[2024-07-12T12:19:33.356+0100] {logging_mixin.py:188} INFO - [2024-07-12T12:19:33.349+0100] {dag.py:3096} INFO - Sync 1 DAGs
[2024-07-12T12:19:33.687+0100] {logging_mixin.py:188} INFO - [2024-07-12T12:19:33.685+0100] {dag.py:3954} INFO - Setting next_dagrun for example_task_group to 2024-07-11 00:00:00+00:00, run_after=2024-07-12 00:00:00+00:00
[2024-07-12T12:19:34.231+0100] {processor.py:183} INFO - Processing /home/victor/airflow_env/lib/python3.10/site-packages/airflow/example_dags/example_task_group.py took 1.410 seconds
[2024-07-12T12:21:06.395+0100] {processor.py:161} INFO - Started process (PID=35103) to work on /home/victor/airflow_env/lib/python3.10/site-packages/airflow/example_dags/example_task_group.py
[2024-07-12T12:21:06.399+0100] {processor.py:830} INFO - Processing file /home/victor/airflow_env/lib/python3.10/site-packages/airflow/example_dags/example_task_group.py for tasks to queue
[2024-07-12T12:21:06.412+0100] {logging_mixin.py:188} INFO - [2024-07-12T12:21:06.409+0100] {dagbag.py:545} INFO - Filling up the DagBag from /home/victor/airflow_env/lib/python3.10/site-packages/airflow/example_dags/example_task_group.py
[2024-07-12T12:21:06.455+0100] {processor.py:840} INFO - DAG(s) 'example_task_group' retrieved from /home/victor/airflow_env/lib/python3.10/site-packages/airflow/example_dags/example_task_group.py
[2024-07-12T12:21:06.635+0100] {logging_mixin.py:188} INFO - [2024-07-12T12:21:06.634+0100] {dag.py:3096} INFO - Sync 1 DAGs
[2024-07-12T12:21:06.789+0100] {logging_mixin.py:188} INFO - [2024-07-12T12:21:06.788+0100] {dag.py:3954} INFO - Setting next_dagrun for example_task_group to 2024-07-11 00:00:00+00:00, run_after=2024-07-12 00:00:00+00:00
[2024-07-12T12:21:07.422+0100] {processor.py:183} INFO - Processing /home/victor/airflow_env/lib/python3.10/site-packages/airflow/example_dags/example_task_group.py took 1.065 seconds
[2024-07-12T12:22:35.309+0100] {processor.py:161} INFO - Started process (PID=35469) to work on /home/victor/airflow_env/lib/python3.10/site-packages/airflow/example_dags/example_task_group.py
[2024-07-12T12:22:35.335+0100] {processor.py:830} INFO - Processing file /home/victor/airflow_env/lib/python3.10/site-packages/airflow/example_dags/example_task_group.py for tasks to queue
[2024-07-12T12:22:35.354+0100] {logging_mixin.py:188} INFO - [2024-07-12T12:22:35.351+0100] {dagbag.py:545} INFO - Filling up the DagBag from /home/victor/airflow_env/lib/python3.10/site-packages/airflow/example_dags/example_task_group.py
[2024-07-12T12:22:35.412+0100] {processor.py:840} INFO - DAG(s) 'example_task_group' retrieved from /home/victor/airflow_env/lib/python3.10/site-packages/airflow/example_dags/example_task_group.py
[2024-07-12T12:22:35.547+0100] {logging_mixin.py:188} INFO - [2024-07-12T12:22:35.546+0100] {dag.py:3096} INFO - Sync 1 DAGs
[2024-07-12T12:22:35.677+0100] {logging_mixin.py:188} INFO - [2024-07-12T12:22:35.676+0100] {dag.py:3954} INFO - Setting next_dagrun for example_task_group to 2024-07-11 00:00:00+00:00, run_after=2024-07-12 00:00:00+00:00
[2024-07-12T12:22:36.018+0100] {processor.py:183} INFO - Processing /home/victor/airflow_env/lib/python3.10/site-packages/airflow/example_dags/example_task_group.py took 0.745 seconds
[2024-07-12T12:24:04.598+0100] {processor.py:161} INFO - Started process (PID=35834) to work on /home/victor/airflow_env/lib/python3.10/site-packages/airflow/example_dags/example_task_group.py
[2024-07-12T12:24:04.603+0100] {processor.py:830} INFO - Processing file /home/victor/airflow_env/lib/python3.10/site-packages/airflow/example_dags/example_task_group.py for tasks to queue
[2024-07-12T12:24:04.618+0100] {logging_mixin.py:188} INFO - [2024-07-12T12:24:04.616+0100] {dagbag.py:545} INFO - Filling up the DagBag from /home/victor/airflow_env/lib/python3.10/site-packages/airflow/example_dags/example_task_group.py
[2024-07-12T12:24:04.684+0100] {processor.py:840} INFO - DAG(s) 'example_task_group' retrieved from /home/victor/airflow_env/lib/python3.10/site-packages/airflow/example_dags/example_task_group.py
[2024-07-12T12:24:04.820+0100] {logging_mixin.py:188} INFO - [2024-07-12T12:24:04.819+0100] {dag.py:3096} INFO - Sync 1 DAGs
[2024-07-12T12:24:05.004+0100] {logging_mixin.py:188} INFO - [2024-07-12T12:24:05.002+0100] {dag.py:3954} INFO - Setting next_dagrun for example_task_group to 2024-07-11 00:00:00+00:00, run_after=2024-07-12 00:00:00+00:00
[2024-07-12T12:24:05.711+0100] {processor.py:183} INFO - Processing /home/victor/airflow_env/lib/python3.10/site-packages/airflow/example_dags/example_task_group.py took 1.153 seconds
[2024-07-12T12:25:47.415+0100] {processor.py:161} INFO - Started process (PID=36249) to work on /home/victor/airflow_env/lib/python3.10/site-packages/airflow/example_dags/example_task_group.py
[2024-07-12T12:25:47.420+0100] {processor.py:830} INFO - Processing file /home/victor/airflow_env/lib/python3.10/site-packages/airflow/example_dags/example_task_group.py for tasks to queue
[2024-07-12T12:25:47.428+0100] {logging_mixin.py:188} INFO - [2024-07-12T12:25:47.426+0100] {dagbag.py:545} INFO - Filling up the DagBag from /home/victor/airflow_env/lib/python3.10/site-packages/airflow/example_dags/example_task_group.py
[2024-07-12T12:25:47.471+0100] {processor.py:840} INFO - DAG(s) 'example_task_group' retrieved from /home/victor/airflow_env/lib/python3.10/site-packages/airflow/example_dags/example_task_group.py
[2024-07-12T12:25:47.649+0100] {logging_mixin.py:188} INFO - [2024-07-12T12:25:47.648+0100] {dag.py:3096} INFO - Sync 1 DAGs
[2024-07-12T12:25:47.927+0100] {logging_mixin.py:188} INFO - [2024-07-12T12:25:47.926+0100] {dag.py:3954} INFO - Setting next_dagrun for example_task_group to 2024-07-11 00:00:00+00:00, run_after=2024-07-12 00:00:00+00:00
[2024-07-12T12:25:48.310+0100] {processor.py:183} INFO - Processing /home/victor/airflow_env/lib/python3.10/site-packages/airflow/example_dags/example_task_group.py took 0.927 seconds
[2024-07-12T12:27:20.354+0100] {processor.py:161} INFO - Started process (PID=36627) to work on /home/victor/airflow_env/lib/python3.10/site-packages/airflow/example_dags/example_task_group.py
[2024-07-12T12:27:20.359+0100] {processor.py:830} INFO - Processing file /home/victor/airflow_env/lib/python3.10/site-packages/airflow/example_dags/example_task_group.py for tasks to queue
[2024-07-12T12:27:20.367+0100] {logging_mixin.py:188} INFO - [2024-07-12T12:27:20.365+0100] {dagbag.py:545} INFO - Filling up the DagBag from /home/victor/airflow_env/lib/python3.10/site-packages/airflow/example_dags/example_task_group.py
[2024-07-12T12:27:20.409+0100] {processor.py:840} INFO - DAG(s) 'example_task_group' retrieved from /home/victor/airflow_env/lib/python3.10/site-packages/airflow/example_dags/example_task_group.py
[2024-07-12T12:27:20.560+0100] {logging_mixin.py:188} INFO - [2024-07-12T12:27:20.559+0100] {dag.py:3096} INFO - Sync 1 DAGs
[2024-07-12T12:27:20.683+0100] {logging_mixin.py:188} INFO - [2024-07-12T12:27:20.682+0100] {dag.py:3954} INFO - Setting next_dagrun for example_task_group to 2024-07-11 00:00:00+00:00, run_after=2024-07-12 00:00:00+00:00
[2024-07-12T12:27:21.003+0100] {processor.py:183} INFO - Processing /home/victor/airflow_env/lib/python3.10/site-packages/airflow/example_dags/example_task_group.py took 0.682 seconds
[2024-07-12T12:28:49.174+0100] {processor.py:161} INFO - Started process (PID=36990) to work on /home/victor/airflow_env/lib/python3.10/site-packages/airflow/example_dags/example_task_group.py
[2024-07-12T12:28:49.179+0100] {processor.py:830} INFO - Processing file /home/victor/airflow_env/lib/python3.10/site-packages/airflow/example_dags/example_task_group.py for tasks to queue
[2024-07-12T12:28:49.187+0100] {logging_mixin.py:188} INFO - [2024-07-12T12:28:49.185+0100] {dagbag.py:545} INFO - Filling up the DagBag from /home/victor/airflow_env/lib/python3.10/site-packages/airflow/example_dags/example_task_group.py
[2024-07-12T12:28:49.228+0100] {processor.py:840} INFO - DAG(s) 'example_task_group' retrieved from /home/victor/airflow_env/lib/python3.10/site-packages/airflow/example_dags/example_task_group.py
[2024-07-12T12:28:49.378+0100] {logging_mixin.py:188} INFO - [2024-07-12T12:28:49.377+0100] {dag.py:3096} INFO - Sync 1 DAGs
[2024-07-12T12:28:49.516+0100] {logging_mixin.py:188} INFO - [2024-07-12T12:28:49.515+0100] {dag.py:3954} INFO - Setting next_dagrun for example_task_group to 2024-07-11 00:00:00+00:00, run_after=2024-07-12 00:00:00+00:00
[2024-07-12T12:28:49.840+0100] {processor.py:183} INFO - Processing /home/victor/airflow_env/lib/python3.10/site-packages/airflow/example_dags/example_task_group.py took 0.695 seconds
[2024-07-12T12:30:24.744+0100] {processor.py:161} INFO - Started process (PID=37380) to work on /home/victor/airflow_env/lib/python3.10/site-packages/airflow/example_dags/example_task_group.py
[2024-07-12T12:30:24.749+0100] {processor.py:830} INFO - Processing file /home/victor/airflow_env/lib/python3.10/site-packages/airflow/example_dags/example_task_group.py for tasks to queue
[2024-07-12T12:30:24.758+0100] {logging_mixin.py:188} INFO - [2024-07-12T12:30:24.756+0100] {dagbag.py:545} INFO - Filling up the DagBag from /home/victor/airflow_env/lib/python3.10/site-packages/airflow/example_dags/example_task_group.py
[2024-07-12T12:30:24.801+0100] {processor.py:840} INFO - DAG(s) 'example_task_group' retrieved from /home/victor/airflow_env/lib/python3.10/site-packages/airflow/example_dags/example_task_group.py
[2024-07-12T12:30:24.912+0100] {logging_mixin.py:188} INFO - [2024-07-12T12:30:24.911+0100] {dag.py:3096} INFO - Sync 1 DAGs
[2024-07-12T12:30:25.037+0100] {logging_mixin.py:188} INFO - [2024-07-12T12:30:25.036+0100] {dag.py:3954} INFO - Setting next_dagrun for example_task_group to 2024-07-11 00:00:00+00:00, run_after=2024-07-12 00:00:00+00:00
[2024-07-12T12:30:25.529+0100] {processor.py:183} INFO - Processing /home/victor/airflow_env/lib/python3.10/site-packages/airflow/example_dags/example_task_group.py took 0.819 seconds
[2024-07-12T12:31:53.899+0100] {processor.py:161} INFO - Started process (PID=37750) to work on /home/victor/airflow_env/lib/python3.10/site-packages/airflow/example_dags/example_task_group.py
[2024-07-12T12:31:53.905+0100] {processor.py:830} INFO - Processing file /home/victor/airflow_env/lib/python3.10/site-packages/airflow/example_dags/example_task_group.py for tasks to queue
[2024-07-12T12:31:53.914+0100] {logging_mixin.py:188} INFO - [2024-07-12T12:31:53.912+0100] {dagbag.py:545} INFO - Filling up the DagBag from /home/victor/airflow_env/lib/python3.10/site-packages/airflow/example_dags/example_task_group.py
[2024-07-12T12:31:53.954+0100] {processor.py:840} INFO - DAG(s) 'example_task_group' retrieved from /home/victor/airflow_env/lib/python3.10/site-packages/airflow/example_dags/example_task_group.py
[2024-07-12T12:31:54.083+0100] {logging_mixin.py:188} INFO - [2024-07-12T12:31:54.082+0100] {dag.py:3096} INFO - Sync 1 DAGs
[2024-07-12T12:31:54.194+0100] {logging_mixin.py:188} INFO - [2024-07-12T12:31:54.193+0100] {dag.py:3954} INFO - Setting next_dagrun for example_task_group to 2024-07-11 00:00:00+00:00, run_after=2024-07-12 00:00:00+00:00
[2024-07-12T12:31:54.503+0100] {processor.py:183} INFO - Processing /home/victor/airflow_env/lib/python3.10/site-packages/airflow/example_dags/example_task_group.py took 0.636 seconds
