[2024-07-12T11:05:41.746+0100] {processor.py:161} INFO - Started process (PID=16176) to work on /home/victor/airflow_env/lib/python3.10/site-packages/airflow/example_dags/example_params_ui_tutorial.py
[2024-07-12T11:05:41.751+0100] {processor.py:830} INFO - Processing file /home/victor/airflow_env/lib/python3.10/site-packages/airflow/example_dags/example_params_ui_tutorial.py for tasks to queue
[2024-07-12T11:05:41.759+0100] {logging_mixin.py:188} INFO - [2024-07-12T11:05:41.757+0100] {dagbag.py:545} INFO - Filling up the DagBag from /home/victor/airflow_env/lib/python3.10/site-packages/airflow/example_dags/example_params_ui_tutorial.py
[2024-07-12T11:05:41.815+0100] {processor.py:840} INFO - DAG(s) 'example_params_ui_tutorial' retrieved from /home/victor/airflow_env/lib/python3.10/site-packages/airflow/example_dags/example_params_ui_tutorial.py
[2024-07-12T11:05:42.788+0100] {logging_mixin.py:188} INFO - [2024-07-12T11:05:42.786+0100] {override.py:1847} INFO - Created Permission View: can edit on DAG:example_params_ui_tutorial
[2024-07-12T11:05:42.994+0100] {logging_mixin.py:188} INFO - [2024-07-12T11:05:42.992+0100] {override.py:1847} INFO - Created Permission View: can read on DAG:example_params_ui_tutorial
[2024-07-12T11:05:43.172+0100] {logging_mixin.py:188} INFO - [2024-07-12T11:05:43.170+0100] {override.py:1847} INFO - Created Permission View: can delete on DAG:example_params_ui_tutorial
[2024-07-12T11:05:43.174+0100] {logging_mixin.py:188} INFO - [2024-07-12T11:05:43.174+0100] {dag.py:3096} INFO - Sync 1 DAGs
[2024-07-12T11:05:43.244+0100] {logging_mixin.py:188} INFO - [2024-07-12T11:05:43.243+0100] {dag.py:3118} INFO - Creating ORM DAG for example_params_ui_tutorial
[2024-07-12T11:05:43.248+0100] {logging_mixin.py:188} INFO - [2024-07-12T11:05:43.247+0100] {dag.py:3954} INFO - Setting next_dagrun for example_params_ui_tutorial to None, run_after=None
[2024-07-12T11:05:43.973+0100] {processor.py:183} INFO - Processing /home/victor/airflow_env/lib/python3.10/site-packages/airflow/example_dags/example_params_ui_tutorial.py took 2.254 seconds
[2024-07-12T11:08:43.642+0100] {processor.py:161} INFO - Started process (PID=16895) to work on /home/victor/airflow_env/lib/python3.10/site-packages/airflow/example_dags/example_params_ui_tutorial.py
[2024-07-12T11:08:43.650+0100] {processor.py:830} INFO - Processing file /home/victor/airflow_env/lib/python3.10/site-packages/airflow/example_dags/example_params_ui_tutorial.py for tasks to queue
[2024-07-12T11:08:43.678+0100] {logging_mixin.py:188} INFO - [2024-07-12T11:08:43.676+0100] {dagbag.py:545} INFO - Filling up the DagBag from /home/victor/airflow_env/lib/python3.10/site-packages/airflow/example_dags/example_params_ui_tutorial.py
[2024-07-12T11:08:43.854+0100] {processor.py:840} INFO - DAG(s) 'example_params_ui_tutorial' retrieved from /home/victor/airflow_env/lib/python3.10/site-packages/airflow/example_dags/example_params_ui_tutorial.py
[2024-07-12T11:08:44.863+0100] {logging_mixin.py:188} INFO - [2024-07-12T11:08:44.861+0100] {dag.py:3096} INFO - Sync 1 DAGs
[2024-07-12T11:08:45.019+0100] {logging_mixin.py:188} INFO - [2024-07-12T11:08:45.018+0100] {dag.py:3954} INFO - Setting next_dagrun for example_params_ui_tutorial to None, run_after=None
[2024-07-12T11:08:45.594+0100] {processor.py:183} INFO - Processing /home/victor/airflow_env/lib/python3.10/site-packages/airflow/example_dags/example_params_ui_tutorial.py took 2.047 seconds
[2024-07-12T11:11:11.586+0100] {processor.py:161} INFO - Started process (PID=17481) to work on /home/victor/airflow_env/lib/python3.10/site-packages/airflow/example_dags/example_params_ui_tutorial.py
[2024-07-12T11:11:11.592+0100] {processor.py:830} INFO - Processing file /home/victor/airflow_env/lib/python3.10/site-packages/airflow/example_dags/example_params_ui_tutorial.py for tasks to queue
[2024-07-12T11:11:11.614+0100] {logging_mixin.py:188} INFO - [2024-07-12T11:11:11.612+0100] {dagbag.py:545} INFO - Filling up the DagBag from /home/victor/airflow_env/lib/python3.10/site-packages/airflow/example_dags/example_params_ui_tutorial.py
[2024-07-12T11:11:11.704+0100] {processor.py:840} INFO - DAG(s) 'example_params_ui_tutorial' retrieved from /home/victor/airflow_env/lib/python3.10/site-packages/airflow/example_dags/example_params_ui_tutorial.py
[2024-07-12T11:11:13.616+0100] {logging_mixin.py:188} INFO - [2024-07-12T11:11:13.615+0100] {dag.py:3096} INFO - Sync 1 DAGs
[2024-07-12T11:11:13.693+0100] {logging_mixin.py:188} INFO - [2024-07-12T11:11:13.692+0100] {dag.py:3954} INFO - Setting next_dagrun for example_params_ui_tutorial to None, run_after=None
[2024-07-12T11:11:14.048+0100] {processor.py:183} INFO - Processing /home/victor/airflow_env/lib/python3.10/site-packages/airflow/example_dags/example_params_ui_tutorial.py took 2.511 seconds
[2024-07-12T11:12:57.317+0100] {processor.py:161} INFO - Started process (PID=17914) to work on /home/victor/airflow_env/lib/python3.10/site-packages/airflow/example_dags/example_params_ui_tutorial.py
[2024-07-12T11:12:57.322+0100] {processor.py:830} INFO - Processing file /home/victor/airflow_env/lib/python3.10/site-packages/airflow/example_dags/example_params_ui_tutorial.py for tasks to queue
[2024-07-12T11:12:57.332+0100] {logging_mixin.py:188} INFO - [2024-07-12T11:12:57.330+0100] {dagbag.py:545} INFO - Filling up the DagBag from /home/victor/airflow_env/lib/python3.10/site-packages/airflow/example_dags/example_params_ui_tutorial.py
[2024-07-12T11:12:57.403+0100] {processor.py:840} INFO - DAG(s) 'example_params_ui_tutorial' retrieved from /home/victor/airflow_env/lib/python3.10/site-packages/airflow/example_dags/example_params_ui_tutorial.py
[2024-07-12T11:12:57.774+0100] {logging_mixin.py:188} INFO - [2024-07-12T11:12:57.773+0100] {dag.py:3096} INFO - Sync 1 DAGs
[2024-07-12T11:12:57.846+0100] {logging_mixin.py:188} INFO - [2024-07-12T11:12:57.845+0100] {dag.py:3954} INFO - Setting next_dagrun for example_params_ui_tutorial to None, run_after=None
[2024-07-12T11:12:58.137+0100] {processor.py:183} INFO - Processing /home/victor/airflow_env/lib/python3.10/site-packages/airflow/example_dags/example_params_ui_tutorial.py took 0.857 seconds
[2024-07-12T11:17:07.437+0100] {processor.py:161} INFO - Started process (PID=18934) to work on /home/victor/airflow_env/lib/python3.10/site-packages/airflow/example_dags/example_params_ui_tutorial.py
[2024-07-12T11:17:07.441+0100] {processor.py:830} INFO - Processing file /home/victor/airflow_env/lib/python3.10/site-packages/airflow/example_dags/example_params_ui_tutorial.py for tasks to queue
[2024-07-12T11:17:07.449+0100] {logging_mixin.py:188} INFO - [2024-07-12T11:17:07.447+0100] {dagbag.py:545} INFO - Filling up the DagBag from /home/victor/airflow_env/lib/python3.10/site-packages/airflow/example_dags/example_params_ui_tutorial.py
[2024-07-12T11:17:07.505+0100] {processor.py:840} INFO - DAG(s) 'example_params_ui_tutorial' retrieved from /home/victor/airflow_env/lib/python3.10/site-packages/airflow/example_dags/example_params_ui_tutorial.py
[2024-07-12T11:17:07.832+0100] {logging_mixin.py:188} INFO - [2024-07-12T11:17:07.831+0100] {dag.py:3096} INFO - Sync 1 DAGs
[2024-07-12T11:17:07.920+0100] {logging_mixin.py:188} INFO - [2024-07-12T11:17:07.919+0100] {dag.py:3954} INFO - Setting next_dagrun for example_params_ui_tutorial to None, run_after=None
[2024-07-12T11:17:08.290+0100] {processor.py:183} INFO - Processing /home/victor/airflow_env/lib/python3.10/site-packages/airflow/example_dags/example_params_ui_tutorial.py took 0.882 seconds
[2024-07-12T11:18:59.600+0100] {processor.py:161} INFO - Started process (PID=19390) to work on /home/victor/airflow_env/lib/python3.10/site-packages/airflow/example_dags/example_params_ui_tutorial.py
[2024-07-12T11:18:59.607+0100] {processor.py:830} INFO - Processing file /home/victor/airflow_env/lib/python3.10/site-packages/airflow/example_dags/example_params_ui_tutorial.py for tasks to queue
[2024-07-12T11:18:59.617+0100] {logging_mixin.py:188} INFO - [2024-07-12T11:18:59.615+0100] {dagbag.py:545} INFO - Filling up the DagBag from /home/victor/airflow_env/lib/python3.10/site-packages/airflow/example_dags/example_params_ui_tutorial.py
[2024-07-12T11:18:59.696+0100] {processor.py:840} INFO - DAG(s) 'example_params_ui_tutorial' retrieved from /home/victor/airflow_env/lib/python3.10/site-packages/airflow/example_dags/example_params_ui_tutorial.py
[2024-07-12T11:19:00.394+0100] {logging_mixin.py:188} INFO - [2024-07-12T11:19:00.392+0100] {dag.py:3096} INFO - Sync 1 DAGs
[2024-07-12T11:19:00.518+0100] {logging_mixin.py:188} INFO - [2024-07-12T11:19:00.516+0100] {dag.py:3954} INFO - Setting next_dagrun for example_params_ui_tutorial to None, run_after=None
[2024-07-12T11:19:00.995+0100] {processor.py:183} INFO - Processing /home/victor/airflow_env/lib/python3.10/site-packages/airflow/example_dags/example_params_ui_tutorial.py took 1.433 seconds
[2024-07-12T11:22:10.658+0100] {processor.py:161} INFO - Started process (PID=20184) to work on /home/victor/airflow_env/lib/python3.10/site-packages/airflow/example_dags/example_params_ui_tutorial.py
[2024-07-12T11:22:10.663+0100] {processor.py:830} INFO - Processing file /home/victor/airflow_env/lib/python3.10/site-packages/airflow/example_dags/example_params_ui_tutorial.py for tasks to queue
[2024-07-12T11:22:10.674+0100] {logging_mixin.py:188} INFO - [2024-07-12T11:22:10.672+0100] {dagbag.py:545} INFO - Filling up the DagBag from /home/victor/airflow_env/lib/python3.10/site-packages/airflow/example_dags/example_params_ui_tutorial.py
[2024-07-12T11:22:10.765+0100] {processor.py:840} INFO - DAG(s) 'example_params_ui_tutorial' retrieved from /home/victor/airflow_env/lib/python3.10/site-packages/airflow/example_dags/example_params_ui_tutorial.py
[2024-07-12T11:22:11.141+0100] {logging_mixin.py:188} INFO - [2024-07-12T11:22:11.139+0100] {dag.py:3096} INFO - Sync 1 DAGs
[2024-07-12T11:22:11.256+0100] {logging_mixin.py:188} INFO - [2024-07-12T11:22:11.255+0100] {dag.py:3954} INFO - Setting next_dagrun for example_params_ui_tutorial to None, run_after=None
[2024-07-12T11:22:11.633+0100] {processor.py:183} INFO - Processing /home/victor/airflow_env/lib/python3.10/site-packages/airflow/example_dags/example_params_ui_tutorial.py took 1.025 seconds
[2024-07-12T11:23:52.044+0100] {processor.py:161} INFO - Started process (PID=20602) to work on /home/victor/airflow_env/lib/python3.10/site-packages/airflow/example_dags/example_params_ui_tutorial.py
[2024-07-12T11:23:52.050+0100] {processor.py:830} INFO - Processing file /home/victor/airflow_env/lib/python3.10/site-packages/airflow/example_dags/example_params_ui_tutorial.py for tasks to queue
[2024-07-12T11:23:52.065+0100] {logging_mixin.py:188} INFO - [2024-07-12T11:23:52.062+0100] {dagbag.py:545} INFO - Filling up the DagBag from /home/victor/airflow_env/lib/python3.10/site-packages/airflow/example_dags/example_params_ui_tutorial.py
[2024-07-12T11:23:52.234+0100] {processor.py:840} INFO - DAG(s) 'example_params_ui_tutorial' retrieved from /home/victor/airflow_env/lib/python3.10/site-packages/airflow/example_dags/example_params_ui_tutorial.py
[2024-07-12T11:23:52.896+0100] {logging_mixin.py:188} INFO - [2024-07-12T11:23:52.895+0100] {dag.py:3096} INFO - Sync 1 DAGs
[2024-07-12T11:23:53.028+0100] {logging_mixin.py:188} INFO - [2024-07-12T11:23:53.027+0100] {dag.py:3954} INFO - Setting next_dagrun for example_params_ui_tutorial to None, run_after=None
[2024-07-12T11:23:53.582+0100] {processor.py:183} INFO - Processing /home/victor/airflow_env/lib/python3.10/site-packages/airflow/example_dags/example_params_ui_tutorial.py took 1.598 seconds
[2024-07-12T11:27:13.129+0100] {processor.py:161} INFO - Started process (PID=21425) to work on /home/victor/airflow_env/lib/python3.10/site-packages/airflow/example_dags/example_params_ui_tutorial.py
[2024-07-12T11:27:13.133+0100] {processor.py:830} INFO - Processing file /home/victor/airflow_env/lib/python3.10/site-packages/airflow/example_dags/example_params_ui_tutorial.py for tasks to queue
[2024-07-12T11:27:13.142+0100] {logging_mixin.py:188} INFO - [2024-07-12T11:27:13.140+0100] {dagbag.py:545} INFO - Filling up the DagBag from /home/victor/airflow_env/lib/python3.10/site-packages/airflow/example_dags/example_params_ui_tutorial.py
[2024-07-12T11:27:13.203+0100] {processor.py:840} INFO - DAG(s) 'example_params_ui_tutorial' retrieved from /home/victor/airflow_env/lib/python3.10/site-packages/airflow/example_dags/example_params_ui_tutorial.py
[2024-07-12T11:27:13.561+0100] {logging_mixin.py:188} INFO - [2024-07-12T11:27:13.560+0100] {dag.py:3096} INFO - Sync 1 DAGs
[2024-07-12T11:27:13.651+0100] {logging_mixin.py:188} INFO - [2024-07-12T11:27:13.649+0100] {dag.py:3954} INFO - Setting next_dagrun for example_params_ui_tutorial to None, run_after=None
[2024-07-12T11:27:13.969+0100] {processor.py:183} INFO - Processing /home/victor/airflow_env/lib/python3.10/site-packages/airflow/example_dags/example_params_ui_tutorial.py took 0.874 seconds
[2024-07-12T11:30:37.096+0100] {processor.py:161} INFO - Started process (PID=22253) to work on /home/victor/airflow_env/lib/python3.10/site-packages/airflow/example_dags/example_params_ui_tutorial.py
[2024-07-12T11:30:37.107+0100] {processor.py:830} INFO - Processing file /home/victor/airflow_env/lib/python3.10/site-packages/airflow/example_dags/example_params_ui_tutorial.py for tasks to queue
[2024-07-12T11:30:37.118+0100] {logging_mixin.py:188} INFO - [2024-07-12T11:30:37.116+0100] {dagbag.py:545} INFO - Filling up the DagBag from /home/victor/airflow_env/lib/python3.10/site-packages/airflow/example_dags/example_params_ui_tutorial.py
[2024-07-12T11:30:37.195+0100] {processor.py:840} INFO - DAG(s) 'example_params_ui_tutorial' retrieved from /home/victor/airflow_env/lib/python3.10/site-packages/airflow/example_dags/example_params_ui_tutorial.py
[2024-07-12T11:30:37.536+0100] {logging_mixin.py:188} INFO - [2024-07-12T11:30:37.535+0100] {dag.py:3096} INFO - Sync 1 DAGs
[2024-07-12T11:30:37.601+0100] {logging_mixin.py:188} INFO - [2024-07-12T11:30:37.600+0100] {dag.py:3954} INFO - Setting next_dagrun for example_params_ui_tutorial to None, run_after=None
[2024-07-12T11:30:37.919+0100] {processor.py:183} INFO - Processing /home/victor/airflow_env/lib/python3.10/site-packages/airflow/example_dags/example_params_ui_tutorial.py took 0.874 seconds
[2024-07-12T11:33:05.261+0100] {processor.py:161} INFO - Started process (PID=23238) to work on /home/victor/airflow_env/lib/python3.10/site-packages/airflow/example_dags/example_params_ui_tutorial.py
[2024-07-12T11:33:05.276+0100] {processor.py:830} INFO - Processing file /home/victor/airflow_env/lib/python3.10/site-packages/airflow/example_dags/example_params_ui_tutorial.py for tasks to queue
[2024-07-12T11:33:05.295+0100] {logging_mixin.py:188} INFO - [2024-07-12T11:33:05.293+0100] {dagbag.py:545} INFO - Filling up the DagBag from /home/victor/airflow_env/lib/python3.10/site-packages/airflow/example_dags/example_params_ui_tutorial.py
[2024-07-12T11:33:05.458+0100] {processor.py:840} INFO - DAG(s) 'example_params_ui_tutorial' retrieved from /home/victor/airflow_env/lib/python3.10/site-packages/airflow/example_dags/example_params_ui_tutorial.py
[2024-07-12T11:33:07.790+0100] {logging_mixin.py:188} INFO - [2024-07-12T11:33:07.788+0100] {dag.py:3096} INFO - Sync 1 DAGs
[2024-07-12T11:33:07.900+0100] {logging_mixin.py:188} INFO - [2024-07-12T11:33:07.899+0100] {dag.py:3118} INFO - Creating ORM DAG for example_params_ui_tutorial
[2024-07-12T11:33:07.905+0100] {logging_mixin.py:188} INFO - [2024-07-12T11:33:07.904+0100] {dag.py:3954} INFO - Setting next_dagrun for example_params_ui_tutorial to None, run_after=None
[2024-07-12T11:33:08.840+0100] {processor.py:183} INFO - Processing /home/victor/airflow_env/lib/python3.10/site-packages/airflow/example_dags/example_params_ui_tutorial.py took 3.666 seconds
[2024-07-12T11:35:17.912+0100] {processor.py:161} INFO - Started process (PID=23782) to work on /home/victor/airflow_env/lib/python3.10/site-packages/airflow/example_dags/example_params_ui_tutorial.py
[2024-07-12T11:35:17.918+0100] {processor.py:830} INFO - Processing file /home/victor/airflow_env/lib/python3.10/site-packages/airflow/example_dags/example_params_ui_tutorial.py for tasks to queue
[2024-07-12T11:35:17.940+0100] {logging_mixin.py:188} INFO - [2024-07-12T11:35:17.938+0100] {dagbag.py:545} INFO - Filling up the DagBag from /home/victor/airflow_env/lib/python3.10/site-packages/airflow/example_dags/example_params_ui_tutorial.py
[2024-07-12T11:35:18.037+0100] {processor.py:840} INFO - DAG(s) 'example_params_ui_tutorial' retrieved from /home/victor/airflow_env/lib/python3.10/site-packages/airflow/example_dags/example_params_ui_tutorial.py
[2024-07-12T11:35:18.682+0100] {logging_mixin.py:188} INFO - [2024-07-12T11:35:18.681+0100] {dag.py:3096} INFO - Sync 1 DAGs
[2024-07-12T11:35:18.928+0100] {logging_mixin.py:188} INFO - [2024-07-12T11:35:18.927+0100] {dag.py:3954} INFO - Setting next_dagrun for example_params_ui_tutorial to None, run_after=None
[2024-07-12T11:35:20.473+0100] {processor.py:183} INFO - Processing /home/victor/airflow_env/lib/python3.10/site-packages/airflow/example_dags/example_params_ui_tutorial.py took 2.635 seconds
[2024-07-12T11:38:18.557+0100] {processor.py:161} INFO - Started process (PID=24567) to work on /home/victor/airflow_env/lib/python3.10/site-packages/airflow/example_dags/example_params_ui_tutorial.py
[2024-07-12T11:38:18.563+0100] {processor.py:830} INFO - Processing file /home/victor/airflow_env/lib/python3.10/site-packages/airflow/example_dags/example_params_ui_tutorial.py for tasks to queue
[2024-07-12T11:38:18.574+0100] {logging_mixin.py:188} INFO - [2024-07-12T11:38:18.571+0100] {dagbag.py:545} INFO - Filling up the DagBag from /home/victor/airflow_env/lib/python3.10/site-packages/airflow/example_dags/example_params_ui_tutorial.py
[2024-07-12T11:38:18.645+0100] {processor.py:840} INFO - DAG(s) 'example_params_ui_tutorial' retrieved from /home/victor/airflow_env/lib/python3.10/site-packages/airflow/example_dags/example_params_ui_tutorial.py
[2024-07-12T11:38:18.974+0100] {logging_mixin.py:188} INFO - [2024-07-12T11:38:18.973+0100] {dag.py:3096} INFO - Sync 1 DAGs
[2024-07-12T11:38:19.042+0100] {logging_mixin.py:188} INFO - [2024-07-12T11:38:19.040+0100] {dag.py:3954} INFO - Setting next_dagrun for example_params_ui_tutorial to None, run_after=None
[2024-07-12T11:38:19.348+0100] {processor.py:183} INFO - Processing /home/victor/airflow_env/lib/python3.10/site-packages/airflow/example_dags/example_params_ui_tutorial.py took 0.829 seconds
[2024-07-12T11:41:19.188+0100] {processor.py:161} INFO - Started process (PID=25304) to work on /home/victor/airflow_env/lib/python3.10/site-packages/airflow/example_dags/example_params_ui_tutorial.py
[2024-07-12T11:41:19.199+0100] {processor.py:830} INFO - Processing file /home/victor/airflow_env/lib/python3.10/site-packages/airflow/example_dags/example_params_ui_tutorial.py for tasks to queue
[2024-07-12T11:41:19.212+0100] {logging_mixin.py:188} INFO - [2024-07-12T11:41:19.210+0100] {dagbag.py:545} INFO - Filling up the DagBag from /home/victor/airflow_env/lib/python3.10/site-packages/airflow/example_dags/example_params_ui_tutorial.py
[2024-07-12T11:41:19.355+0100] {processor.py:840} INFO - DAG(s) 'example_params_ui_tutorial' retrieved from /home/victor/airflow_env/lib/python3.10/site-packages/airflow/example_dags/example_params_ui_tutorial.py
[2024-07-12T11:41:19.727+0100] {logging_mixin.py:188} INFO - [2024-07-12T11:41:19.726+0100] {dag.py:3096} INFO - Sync 1 DAGs
[2024-07-12T11:41:19.794+0100] {logging_mixin.py:188} INFO - [2024-07-12T11:41:19.793+0100] {dag.py:3954} INFO - Setting next_dagrun for example_params_ui_tutorial to None, run_after=None
[2024-07-12T11:41:20.163+0100] {processor.py:183} INFO - Processing /home/victor/airflow_env/lib/python3.10/site-packages/airflow/example_dags/example_params_ui_tutorial.py took 1.010 seconds
[2024-07-12T11:44:12.435+0100] {processor.py:161} INFO - Started process (PID=26015) to work on /home/victor/airflow_env/lib/python3.10/site-packages/airflow/example_dags/example_params_ui_tutorial.py
[2024-07-12T11:44:12.440+0100] {processor.py:830} INFO - Processing file /home/victor/airflow_env/lib/python3.10/site-packages/airflow/example_dags/example_params_ui_tutorial.py for tasks to queue
[2024-07-12T11:44:12.449+0100] {logging_mixin.py:188} INFO - [2024-07-12T11:44:12.447+0100] {dagbag.py:545} INFO - Filling up the DagBag from /home/victor/airflow_env/lib/python3.10/site-packages/airflow/example_dags/example_params_ui_tutorial.py
[2024-07-12T11:44:12.512+0100] {processor.py:840} INFO - DAG(s) 'example_params_ui_tutorial' retrieved from /home/victor/airflow_env/lib/python3.10/site-packages/airflow/example_dags/example_params_ui_tutorial.py
[2024-07-12T11:44:12.956+0100] {logging_mixin.py:188} INFO - [2024-07-12T11:44:12.955+0100] {dag.py:3096} INFO - Sync 1 DAGs
[2024-07-12T11:44:13.037+0100] {logging_mixin.py:188} INFO - [2024-07-12T11:44:13.036+0100] {dag.py:3954} INFO - Setting next_dagrun for example_params_ui_tutorial to None, run_after=None
[2024-07-12T11:44:13.361+0100] {processor.py:183} INFO - Processing /home/victor/airflow_env/lib/python3.10/site-packages/airflow/example_dags/example_params_ui_tutorial.py took 0.962 seconds
[2024-07-12T11:46:59.094+0100] {processor.py:161} INFO - Started process (PID=26711) to work on /home/victor/airflow_env/lib/python3.10/site-packages/airflow/example_dags/example_params_ui_tutorial.py
[2024-07-12T11:46:59.099+0100] {processor.py:830} INFO - Processing file /home/victor/airflow_env/lib/python3.10/site-packages/airflow/example_dags/example_params_ui_tutorial.py for tasks to queue
[2024-07-12T11:46:59.108+0100] {logging_mixin.py:188} INFO - [2024-07-12T11:46:59.106+0100] {dagbag.py:545} INFO - Filling up the DagBag from /home/victor/airflow_env/lib/python3.10/site-packages/airflow/example_dags/example_params_ui_tutorial.py
[2024-07-12T11:46:59.166+0100] {processor.py:840} INFO - DAG(s) 'example_params_ui_tutorial' retrieved from /home/victor/airflow_env/lib/python3.10/site-packages/airflow/example_dags/example_params_ui_tutorial.py
[2024-07-12T11:46:59.510+0100] {logging_mixin.py:188} INFO - [2024-07-12T11:46:59.509+0100] {dag.py:3096} INFO - Sync 1 DAGs
[2024-07-12T11:46:59.582+0100] {logging_mixin.py:188} INFO - [2024-07-12T11:46:59.581+0100] {dag.py:3954} INFO - Setting next_dagrun for example_params_ui_tutorial to None, run_after=None
[2024-07-12T11:46:59.929+0100] {processor.py:183} INFO - Processing /home/victor/airflow_env/lib/python3.10/site-packages/airflow/example_dags/example_params_ui_tutorial.py took 0.873 seconds
[2024-07-12T11:50:07.325+0100] {processor.py:161} INFO - Started process (PID=27482) to work on /home/victor/airflow_env/lib/python3.10/site-packages/airflow/example_dags/example_params_ui_tutorial.py
[2024-07-12T11:50:07.331+0100] {processor.py:830} INFO - Processing file /home/victor/airflow_env/lib/python3.10/site-packages/airflow/example_dags/example_params_ui_tutorial.py for tasks to queue
[2024-07-12T11:50:07.340+0100] {logging_mixin.py:188} INFO - [2024-07-12T11:50:07.338+0100] {dagbag.py:545} INFO - Filling up the DagBag from /home/victor/airflow_env/lib/python3.10/site-packages/airflow/example_dags/example_params_ui_tutorial.py
[2024-07-12T11:50:07.404+0100] {processor.py:840} INFO - DAG(s) 'example_params_ui_tutorial' retrieved from /home/victor/airflow_env/lib/python3.10/site-packages/airflow/example_dags/example_params_ui_tutorial.py
[2024-07-12T11:50:07.731+0100] {logging_mixin.py:188} INFO - [2024-07-12T11:50:07.730+0100] {dag.py:3096} INFO - Sync 1 DAGs
[2024-07-12T11:50:07.799+0100] {logging_mixin.py:188} INFO - [2024-07-12T11:50:07.798+0100] {dag.py:3954} INFO - Setting next_dagrun for example_params_ui_tutorial to None, run_after=None
[2024-07-12T11:50:08.094+0100] {processor.py:183} INFO - Processing /home/victor/airflow_env/lib/python3.10/site-packages/airflow/example_dags/example_params_ui_tutorial.py took 0.801 seconds
[2024-07-12T11:52:47.316+0100] {processor.py:161} INFO - Started process (PID=28145) to work on /home/victor/airflow_env/lib/python3.10/site-packages/airflow/example_dags/example_params_ui_tutorial.py
[2024-07-12T11:52:47.321+0100] {processor.py:830} INFO - Processing file /home/victor/airflow_env/lib/python3.10/site-packages/airflow/example_dags/example_params_ui_tutorial.py for tasks to queue
[2024-07-12T11:52:47.329+0100] {logging_mixin.py:188} INFO - [2024-07-12T11:52:47.327+0100] {dagbag.py:545} INFO - Filling up the DagBag from /home/victor/airflow_env/lib/python3.10/site-packages/airflow/example_dags/example_params_ui_tutorial.py
[2024-07-12T11:52:47.402+0100] {processor.py:840} INFO - DAG(s) 'example_params_ui_tutorial' retrieved from /home/victor/airflow_env/lib/python3.10/site-packages/airflow/example_dags/example_params_ui_tutorial.py
[2024-07-12T11:52:47.849+0100] {logging_mixin.py:188} INFO - [2024-07-12T11:52:47.848+0100] {dag.py:3096} INFO - Sync 1 DAGs
[2024-07-12T11:52:47.950+0100] {logging_mixin.py:188} INFO - [2024-07-12T11:52:47.948+0100] {dag.py:3954} INFO - Setting next_dagrun for example_params_ui_tutorial to None, run_after=None
[2024-07-12T11:52:48.285+0100] {processor.py:183} INFO - Processing /home/victor/airflow_env/lib/python3.10/site-packages/airflow/example_dags/example_params_ui_tutorial.py took 1.004 seconds
[2024-07-12T11:55:29.552+0100] {processor.py:161} INFO - Started process (PID=28816) to work on /home/victor/airflow_env/lib/python3.10/site-packages/airflow/example_dags/example_params_ui_tutorial.py
[2024-07-12T11:55:29.557+0100] {processor.py:830} INFO - Processing file /home/victor/airflow_env/lib/python3.10/site-packages/airflow/example_dags/example_params_ui_tutorial.py for tasks to queue
[2024-07-12T11:55:29.568+0100] {logging_mixin.py:188} INFO - [2024-07-12T11:55:29.566+0100] {dagbag.py:545} INFO - Filling up the DagBag from /home/victor/airflow_env/lib/python3.10/site-packages/airflow/example_dags/example_params_ui_tutorial.py
[2024-07-12T11:55:29.646+0100] {processor.py:840} INFO - DAG(s) 'example_params_ui_tutorial' retrieved from /home/victor/airflow_env/lib/python3.10/site-packages/airflow/example_dags/example_params_ui_tutorial.py
[2024-07-12T11:55:30.125+0100] {logging_mixin.py:188} INFO - [2024-07-12T11:55:30.124+0100] {dag.py:3096} INFO - Sync 1 DAGs
[2024-07-12T11:55:30.219+0100] {logging_mixin.py:188} INFO - [2024-07-12T11:55:30.218+0100] {dag.py:3954} INFO - Setting next_dagrun for example_params_ui_tutorial to None, run_after=None
[2024-07-12T11:55:30.635+0100] {processor.py:183} INFO - Processing /home/victor/airflow_env/lib/python3.10/site-packages/airflow/example_dags/example_params_ui_tutorial.py took 1.122 seconds
[2024-07-12T11:58:22.013+0100] {processor.py:161} INFO - Started process (PID=29522) to work on /home/victor/airflow_env/lib/python3.10/site-packages/airflow/example_dags/example_params_ui_tutorial.py
[2024-07-12T11:58:22.019+0100] {processor.py:830} INFO - Processing file /home/victor/airflow_env/lib/python3.10/site-packages/airflow/example_dags/example_params_ui_tutorial.py for tasks to queue
[2024-07-12T11:58:22.029+0100] {logging_mixin.py:188} INFO - [2024-07-12T11:58:22.027+0100] {dagbag.py:545} INFO - Filling up the DagBag from /home/victor/airflow_env/lib/python3.10/site-packages/airflow/example_dags/example_params_ui_tutorial.py
[2024-07-12T11:58:22.120+0100] {processor.py:840} INFO - DAG(s) 'example_params_ui_tutorial' retrieved from /home/victor/airflow_env/lib/python3.10/site-packages/airflow/example_dags/example_params_ui_tutorial.py
[2024-07-12T11:58:22.455+0100] {logging_mixin.py:188} INFO - [2024-07-12T11:58:22.454+0100] {dag.py:3096} INFO - Sync 1 DAGs
[2024-07-12T11:58:22.527+0100] {logging_mixin.py:188} INFO - [2024-07-12T11:58:22.526+0100] {dag.py:3954} INFO - Setting next_dagrun for example_params_ui_tutorial to None, run_after=None
[2024-07-12T11:58:22.828+0100] {processor.py:183} INFO - Processing /home/victor/airflow_env/lib/python3.10/site-packages/airflow/example_dags/example_params_ui_tutorial.py took 0.850 seconds
[2024-07-12T12:01:14.738+0100] {processor.py:161} INFO - Started process (PID=30230) to work on /home/victor/airflow_env/lib/python3.10/site-packages/airflow/example_dags/example_params_ui_tutorial.py
[2024-07-12T12:01:14.753+0100] {processor.py:830} INFO - Processing file /home/victor/airflow_env/lib/python3.10/site-packages/airflow/example_dags/example_params_ui_tutorial.py for tasks to queue
[2024-07-12T12:01:14.782+0100] {logging_mixin.py:188} INFO - [2024-07-12T12:01:14.771+0100] {dagbag.py:545} INFO - Filling up the DagBag from /home/victor/airflow_env/lib/python3.10/site-packages/airflow/example_dags/example_params_ui_tutorial.py
[2024-07-12T12:01:14.969+0100] {processor.py:840} INFO - DAG(s) 'example_params_ui_tutorial' retrieved from /home/victor/airflow_env/lib/python3.10/site-packages/airflow/example_dags/example_params_ui_tutorial.py
[2024-07-12T12:01:15.422+0100] {logging_mixin.py:188} INFO - [2024-07-12T12:01:15.421+0100] {dag.py:3096} INFO - Sync 1 DAGs
[2024-07-12T12:01:15.532+0100] {logging_mixin.py:188} INFO - [2024-07-12T12:01:15.531+0100] {dag.py:3954} INFO - Setting next_dagrun for example_params_ui_tutorial to None, run_after=None
[2024-07-12T12:01:15.936+0100] {processor.py:183} INFO - Processing /home/victor/airflow_env/lib/python3.10/site-packages/airflow/example_dags/example_params_ui_tutorial.py took 1.283 seconds
[2024-07-12T12:02:54.161+0100] {processor.py:161} INFO - Started process (PID=30638) to work on /home/victor/airflow_env/lib/python3.10/site-packages/airflow/example_dags/example_params_ui_tutorial.py
[2024-07-12T12:02:54.168+0100] {processor.py:830} INFO - Processing file /home/victor/airflow_env/lib/python3.10/site-packages/airflow/example_dags/example_params_ui_tutorial.py for tasks to queue
[2024-07-12T12:02:54.177+0100] {logging_mixin.py:188} INFO - [2024-07-12T12:02:54.175+0100] {dagbag.py:545} INFO - Filling up the DagBag from /home/victor/airflow_env/lib/python3.10/site-packages/airflow/example_dags/example_params_ui_tutorial.py
[2024-07-12T12:02:54.240+0100] {processor.py:840} INFO - DAG(s) 'example_params_ui_tutorial' retrieved from /home/victor/airflow_env/lib/python3.10/site-packages/airflow/example_dags/example_params_ui_tutorial.py
[2024-07-12T12:02:54.594+0100] {logging_mixin.py:188} INFO - [2024-07-12T12:02:54.593+0100] {dag.py:3096} INFO - Sync 1 DAGs
[2024-07-12T12:02:54.682+0100] {logging_mixin.py:188} INFO - [2024-07-12T12:02:54.681+0100] {dag.py:3954} INFO - Setting next_dagrun for example_params_ui_tutorial to None, run_after=None
[2024-07-12T12:02:54.995+0100] {processor.py:183} INFO - Processing /home/victor/airflow_env/lib/python3.10/site-packages/airflow/example_dags/example_params_ui_tutorial.py took 0.891 seconds
[2024-07-12T12:06:02.768+0100] {processor.py:161} INFO - Started process (PID=31404) to work on /home/victor/airflow_env/lib/python3.10/site-packages/airflow/example_dags/example_params_ui_tutorial.py
[2024-07-12T12:06:02.773+0100] {processor.py:830} INFO - Processing file /home/victor/airflow_env/lib/python3.10/site-packages/airflow/example_dags/example_params_ui_tutorial.py for tasks to queue
[2024-07-12T12:06:02.781+0100] {logging_mixin.py:188} INFO - [2024-07-12T12:06:02.779+0100] {dagbag.py:545} INFO - Filling up the DagBag from /home/victor/airflow_env/lib/python3.10/site-packages/airflow/example_dags/example_params_ui_tutorial.py
[2024-07-12T12:06:02.848+0100] {processor.py:840} INFO - DAG(s) 'example_params_ui_tutorial' retrieved from /home/victor/airflow_env/lib/python3.10/site-packages/airflow/example_dags/example_params_ui_tutorial.py
[2024-07-12T12:06:03.149+0100] {logging_mixin.py:188} INFO - [2024-07-12T12:06:03.148+0100] {dag.py:3096} INFO - Sync 1 DAGs
[2024-07-12T12:06:03.216+0100] {logging_mixin.py:188} INFO - [2024-07-12T12:06:03.215+0100] {dag.py:3954} INFO - Setting next_dagrun for example_params_ui_tutorial to None, run_after=None
[2024-07-12T12:06:03.535+0100] {processor.py:183} INFO - Processing /home/victor/airflow_env/lib/python3.10/site-packages/airflow/example_dags/example_params_ui_tutorial.py took 0.796 seconds
[2024-07-12T12:08:52.247+0100] {processor.py:161} INFO - Started process (PID=32103) to work on /home/victor/airflow_env/lib/python3.10/site-packages/airflow/example_dags/example_params_ui_tutorial.py
[2024-07-12T12:08:52.255+0100] {processor.py:830} INFO - Processing file /home/victor/airflow_env/lib/python3.10/site-packages/airflow/example_dags/example_params_ui_tutorial.py for tasks to queue
[2024-07-12T12:08:52.265+0100] {logging_mixin.py:188} INFO - [2024-07-12T12:08:52.263+0100] {dagbag.py:545} INFO - Filling up the DagBag from /home/victor/airflow_env/lib/python3.10/site-packages/airflow/example_dags/example_params_ui_tutorial.py
[2024-07-12T12:08:52.401+0100] {processor.py:840} INFO - DAG(s) 'example_params_ui_tutorial' retrieved from /home/victor/airflow_env/lib/python3.10/site-packages/airflow/example_dags/example_params_ui_tutorial.py
[2024-07-12T12:08:52.986+0100] {logging_mixin.py:188} INFO - [2024-07-12T12:08:52.985+0100] {dag.py:3096} INFO - Sync 1 DAGs
[2024-07-12T12:08:53.055+0100] {logging_mixin.py:188} INFO - [2024-07-12T12:08:53.054+0100] {dag.py:3954} INFO - Setting next_dagrun for example_params_ui_tutorial to None, run_after=None
[2024-07-12T12:08:53.429+0100] {processor.py:183} INFO - Processing /home/victor/airflow_env/lib/python3.10/site-packages/airflow/example_dags/example_params_ui_tutorial.py took 1.221 seconds
[2024-07-12T12:11:48.950+0100] {processor.py:161} INFO - Started process (PID=32832) to work on /home/victor/airflow_env/lib/python3.10/site-packages/airflow/example_dags/example_params_ui_tutorial.py
[2024-07-12T12:11:48.955+0100] {processor.py:830} INFO - Processing file /home/victor/airflow_env/lib/python3.10/site-packages/airflow/example_dags/example_params_ui_tutorial.py for tasks to queue
[2024-07-12T12:11:48.966+0100] {logging_mixin.py:188} INFO - [2024-07-12T12:11:48.964+0100] {dagbag.py:545} INFO - Filling up the DagBag from /home/victor/airflow_env/lib/python3.10/site-packages/airflow/example_dags/example_params_ui_tutorial.py
[2024-07-12T12:11:49.036+0100] {processor.py:840} INFO - DAG(s) 'example_params_ui_tutorial' retrieved from /home/victor/airflow_env/lib/python3.10/site-packages/airflow/example_dags/example_params_ui_tutorial.py
[2024-07-12T12:11:49.407+0100] {logging_mixin.py:188} INFO - [2024-07-12T12:11:49.406+0100] {dag.py:3096} INFO - Sync 1 DAGs
[2024-07-12T12:11:49.472+0100] {logging_mixin.py:188} INFO - [2024-07-12T12:11:49.471+0100] {dag.py:3954} INFO - Setting next_dagrun for example_params_ui_tutorial to None, run_after=None
[2024-07-12T12:11:49.875+0100] {processor.py:183} INFO - Processing /home/victor/airflow_env/lib/python3.10/site-packages/airflow/example_dags/example_params_ui_tutorial.py took 0.978 seconds
[2024-07-12T12:14:26.125+0100] {processor.py:161} INFO - Started process (PID=33485) to work on /home/victor/airflow_env/lib/python3.10/site-packages/airflow/example_dags/example_params_ui_tutorial.py
[2024-07-12T12:14:26.129+0100] {processor.py:830} INFO - Processing file /home/victor/airflow_env/lib/python3.10/site-packages/airflow/example_dags/example_params_ui_tutorial.py for tasks to queue
[2024-07-12T12:14:26.138+0100] {logging_mixin.py:188} INFO - [2024-07-12T12:14:26.136+0100] {dagbag.py:545} INFO - Filling up the DagBag from /home/victor/airflow_env/lib/python3.10/site-packages/airflow/example_dags/example_params_ui_tutorial.py
[2024-07-12T12:14:26.211+0100] {processor.py:840} INFO - DAG(s) 'example_params_ui_tutorial' retrieved from /home/victor/airflow_env/lib/python3.10/site-packages/airflow/example_dags/example_params_ui_tutorial.py
[2024-07-12T12:14:26.541+0100] {logging_mixin.py:188} INFO - [2024-07-12T12:14:26.540+0100] {dag.py:3096} INFO - Sync 1 DAGs
[2024-07-12T12:14:26.623+0100] {logging_mixin.py:188} INFO - [2024-07-12T12:14:26.622+0100] {dag.py:3954} INFO - Setting next_dagrun for example_params_ui_tutorial to None, run_after=None
[2024-07-12T12:14:27.003+0100] {processor.py:183} INFO - Processing /home/victor/airflow_env/lib/python3.10/site-packages/airflow/example_dags/example_params_ui_tutorial.py took 0.909 seconds
[2024-07-12T12:18:06.944+0100] {processor.py:161} INFO - Started process (PID=34373) to work on /home/victor/airflow_env/lib/python3.10/site-packages/airflow/example_dags/example_params_ui_tutorial.py
[2024-07-12T12:18:06.949+0100] {processor.py:830} INFO - Processing file /home/victor/airflow_env/lib/python3.10/site-packages/airflow/example_dags/example_params_ui_tutorial.py for tasks to queue
[2024-07-12T12:18:06.958+0100] {logging_mixin.py:188} INFO - [2024-07-12T12:18:06.956+0100] {dagbag.py:545} INFO - Filling up the DagBag from /home/victor/airflow_env/lib/python3.10/site-packages/airflow/example_dags/example_params_ui_tutorial.py
[2024-07-12T12:18:07.014+0100] {processor.py:840} INFO - DAG(s) 'example_params_ui_tutorial' retrieved from /home/victor/airflow_env/lib/python3.10/site-packages/airflow/example_dags/example_params_ui_tutorial.py
[2024-07-12T12:18:07.337+0100] {logging_mixin.py:188} INFO - [2024-07-12T12:18:07.336+0100] {dag.py:3096} INFO - Sync 1 DAGs
[2024-07-12T12:18:07.402+0100] {logging_mixin.py:188} INFO - [2024-07-12T12:18:07.402+0100] {dag.py:3954} INFO - Setting next_dagrun for example_params_ui_tutorial to None, run_after=None
[2024-07-12T12:18:07.702+0100] {processor.py:183} INFO - Processing /home/victor/airflow_env/lib/python3.10/site-packages/airflow/example_dags/example_params_ui_tutorial.py took 0.797 seconds
[2024-07-12T12:20:01.451+0100] {processor.py:161} INFO - Started process (PID=34835) to work on /home/victor/airflow_env/lib/python3.10/site-packages/airflow/example_dags/example_params_ui_tutorial.py
[2024-07-12T12:20:01.457+0100] {processor.py:830} INFO - Processing file /home/victor/airflow_env/lib/python3.10/site-packages/airflow/example_dags/example_params_ui_tutorial.py for tasks to queue
[2024-07-12T12:20:01.471+0100] {logging_mixin.py:188} INFO - [2024-07-12T12:20:01.469+0100] {dagbag.py:545} INFO - Filling up the DagBag from /home/victor/airflow_env/lib/python3.10/site-packages/airflow/example_dags/example_params_ui_tutorial.py
[2024-07-12T12:20:01.628+0100] {processor.py:840} INFO - DAG(s) 'example_params_ui_tutorial' retrieved from /home/victor/airflow_env/lib/python3.10/site-packages/airflow/example_dags/example_params_ui_tutorial.py
[2024-07-12T12:20:02.470+0100] {logging_mixin.py:188} INFO - [2024-07-12T12:20:02.469+0100] {dag.py:3096} INFO - Sync 1 DAGs
[2024-07-12T12:20:02.751+0100] {logging_mixin.py:188} INFO - [2024-07-12T12:20:02.750+0100] {dag.py:3954} INFO - Setting next_dagrun for example_params_ui_tutorial to None, run_after=None
[2024-07-12T12:20:03.141+0100] {processor.py:183} INFO - Processing /home/victor/airflow_env/lib/python3.10/site-packages/airflow/example_dags/example_params_ui_tutorial.py took 1.735 seconds
[2024-07-12T12:22:58.617+0100] {processor.py:161} INFO - Started process (PID=35563) to work on /home/victor/airflow_env/lib/python3.10/site-packages/airflow/example_dags/example_params_ui_tutorial.py
[2024-07-12T12:22:58.633+0100] {processor.py:830} INFO - Processing file /home/victor/airflow_env/lib/python3.10/site-packages/airflow/example_dags/example_params_ui_tutorial.py for tasks to queue
[2024-07-12T12:22:58.657+0100] {logging_mixin.py:188} INFO - [2024-07-12T12:22:58.654+0100] {dagbag.py:545} INFO - Filling up the DagBag from /home/victor/airflow_env/lib/python3.10/site-packages/airflow/example_dags/example_params_ui_tutorial.py
[2024-07-12T12:22:58.819+0100] {processor.py:840} INFO - DAG(s) 'example_params_ui_tutorial' retrieved from /home/victor/airflow_env/lib/python3.10/site-packages/airflow/example_dags/example_params_ui_tutorial.py
[2024-07-12T12:22:59.762+0100] {logging_mixin.py:188} INFO - [2024-07-12T12:22:59.760+0100] {dag.py:3096} INFO - Sync 1 DAGs
[2024-07-12T12:22:59.904+0100] {logging_mixin.py:188} INFO - [2024-07-12T12:22:59.897+0100] {dag.py:3954} INFO - Setting next_dagrun for example_params_ui_tutorial to None, run_after=None
[2024-07-12T12:23:00.474+0100] {processor.py:183} INFO - Processing /home/victor/airflow_env/lib/python3.10/site-packages/airflow/example_dags/example_params_ui_tutorial.py took 1.904 seconds
[2024-07-12T12:26:16.781+0100] {processor.py:161} INFO - Started process (PID=36365) to work on /home/victor/airflow_env/lib/python3.10/site-packages/airflow/example_dags/example_params_ui_tutorial.py
[2024-07-12T12:26:16.787+0100] {processor.py:830} INFO - Processing file /home/victor/airflow_env/lib/python3.10/site-packages/airflow/example_dags/example_params_ui_tutorial.py for tasks to queue
[2024-07-12T12:26:16.795+0100] {logging_mixin.py:188} INFO - [2024-07-12T12:26:16.793+0100] {dagbag.py:545} INFO - Filling up the DagBag from /home/victor/airflow_env/lib/python3.10/site-packages/airflow/example_dags/example_params_ui_tutorial.py
[2024-07-12T12:26:16.861+0100] {processor.py:840} INFO - DAG(s) 'example_params_ui_tutorial' retrieved from /home/victor/airflow_env/lib/python3.10/site-packages/airflow/example_dags/example_params_ui_tutorial.py
[2024-07-12T12:26:17.578+0100] {logging_mixin.py:188} INFO - [2024-07-12T12:26:17.577+0100] {dag.py:3096} INFO - Sync 1 DAGs
[2024-07-12T12:26:17.805+0100] {logging_mixin.py:188} INFO - [2024-07-12T12:26:17.804+0100] {dag.py:3954} INFO - Setting next_dagrun for example_params_ui_tutorial to None, run_after=None
[2024-07-12T12:26:18.218+0100] {processor.py:183} INFO - Processing /home/victor/airflow_env/lib/python3.10/site-packages/airflow/example_dags/example_params_ui_tutorial.py took 1.473 seconds
[2024-07-12T12:29:09.470+0100] {processor.py:161} INFO - Started process (PID=37074) to work on /home/victor/airflow_env/lib/python3.10/site-packages/airflow/example_dags/example_params_ui_tutorial.py
[2024-07-12T12:29:09.475+0100] {processor.py:830} INFO - Processing file /home/victor/airflow_env/lib/python3.10/site-packages/airflow/example_dags/example_params_ui_tutorial.py for tasks to queue
[2024-07-12T12:29:09.483+0100] {logging_mixin.py:188} INFO - [2024-07-12T12:29:09.481+0100] {dagbag.py:545} INFO - Filling up the DagBag from /home/victor/airflow_env/lib/python3.10/site-packages/airflow/example_dags/example_params_ui_tutorial.py
[2024-07-12T12:29:09.544+0100] {processor.py:840} INFO - DAG(s) 'example_params_ui_tutorial' retrieved from /home/victor/airflow_env/lib/python3.10/site-packages/airflow/example_dags/example_params_ui_tutorial.py
[2024-07-12T12:29:09.905+0100] {logging_mixin.py:188} INFO - [2024-07-12T12:29:09.904+0100] {dag.py:3096} INFO - Sync 1 DAGs
[2024-07-12T12:29:09.990+0100] {logging_mixin.py:188} INFO - [2024-07-12T12:29:09.989+0100] {dag.py:3954} INFO - Setting next_dagrun for example_params_ui_tutorial to None, run_after=None
[2024-07-12T12:29:10.451+0100] {processor.py:183} INFO - Processing /home/victor/airflow_env/lib/python3.10/site-packages/airflow/example_dags/example_params_ui_tutorial.py took 1.010 seconds
[2024-07-12T12:32:11.668+0100] {processor.py:161} INFO - Started process (PID=37823) to work on /home/victor/airflow_env/lib/python3.10/site-packages/airflow/example_dags/example_params_ui_tutorial.py
[2024-07-12T12:32:11.674+0100] {processor.py:830} INFO - Processing file /home/victor/airflow_env/lib/python3.10/site-packages/airflow/example_dags/example_params_ui_tutorial.py for tasks to queue
[2024-07-12T12:32:11.683+0100] {logging_mixin.py:188} INFO - [2024-07-12T12:32:11.681+0100] {dagbag.py:545} INFO - Filling up the DagBag from /home/victor/airflow_env/lib/python3.10/site-packages/airflow/example_dags/example_params_ui_tutorial.py
[2024-07-12T12:32:11.798+0100] {processor.py:840} INFO - DAG(s) 'example_params_ui_tutorial' retrieved from /home/victor/airflow_env/lib/python3.10/site-packages/airflow/example_dags/example_params_ui_tutorial.py
[2024-07-12T12:32:12.507+0100] {logging_mixin.py:188} INFO - [2024-07-12T12:32:12.504+0100] {dag.py:3096} INFO - Sync 1 DAGs
[2024-07-12T12:32:12.609+0100] {logging_mixin.py:188} INFO - [2024-07-12T12:32:12.608+0100] {dag.py:3954} INFO - Setting next_dagrun for example_params_ui_tutorial to None, run_after=None
[2024-07-12T12:32:13.045+0100] {processor.py:183} INFO - Processing /home/victor/airflow_env/lib/python3.10/site-packages/airflow/example_dags/example_params_ui_tutorial.py took 1.422 seconds
