[2024-07-12T11:05:53.636+0100] {processor.py:161} INFO - Started process (PID=16225) to work on /home/victor/airflow_env/lib/python3.10/site-packages/airflow/example_dags/example_latest_only_with_trigger.py
[2024-07-12T11:05:53.646+0100] {processor.py:830} INFO - Processing file /home/victor/airflow_env/lib/python3.10/site-packages/airflow/example_dags/example_latest_only_with_trigger.py for tasks to queue
[2024-07-12T11:05:53.654+0100] {logging_mixin.py:188} INFO - [2024-07-12T11:05:53.652+0100] {dagbag.py:545} INFO - Filling up the DagBag from /home/victor/airflow_env/lib/python3.10/site-packages/airflow/example_dags/example_latest_only_with_trigger.py
[2024-07-12T11:05:53.685+0100] {processor.py:840} INFO - DAG(s) 'latest_only_with_trigger' retrieved from /home/victor/airflow_env/lib/python3.10/site-packages/airflow/example_dags/example_latest_only_with_trigger.py
[2024-07-12T11:05:54.528+0100] {logging_mixin.py:188} INFO - [2024-07-12T11:05:54.526+0100] {override.py:1847} INFO - Created Permission View: can edit on DAG:latest_only_with_trigger
[2024-07-12T11:05:54.753+0100] {logging_mixin.py:188} INFO - [2024-07-12T11:05:54.751+0100] {override.py:1847} INFO - Created Permission View: can read on DAG:latest_only_with_trigger
[2024-07-12T11:05:54.961+0100] {logging_mixin.py:188} INFO - [2024-07-12T11:05:54.959+0100] {override.py:1847} INFO - Created Permission View: can delete on DAG:latest_only_with_trigger
[2024-07-12T11:05:54.964+0100] {logging_mixin.py:188} INFO - [2024-07-12T11:05:54.963+0100] {dag.py:3096} INFO - Sync 1 DAGs
[2024-07-12T11:05:55.036+0100] {logging_mixin.py:188} INFO - [2024-07-12T11:05:55.035+0100] {dag.py:3118} INFO - Creating ORM DAG for latest_only_with_trigger
[2024-07-12T11:05:55.084+0100] {logging_mixin.py:188} INFO - [2024-07-12T11:05:55.084+0100] {dag.py:3954} INFO - Setting next_dagrun for latest_only_with_trigger to 2024-07-12 04:00:00+00:00, run_after=2024-07-12 08:00:00+00:00
[2024-07-12T11:05:55.976+0100] {processor.py:183} INFO - Processing /home/victor/airflow_env/lib/python3.10/site-packages/airflow/example_dags/example_latest_only_with_trigger.py took 2.370 seconds
[2024-07-12T11:09:00.094+0100] {processor.py:161} INFO - Started process (PID=16955) to work on /home/victor/airflow_env/lib/python3.10/site-packages/airflow/example_dags/example_latest_only_with_trigger.py
[2024-07-12T11:09:00.099+0100] {processor.py:830} INFO - Processing file /home/victor/airflow_env/lib/python3.10/site-packages/airflow/example_dags/example_latest_only_with_trigger.py for tasks to queue
[2024-07-12T11:09:00.108+0100] {logging_mixin.py:188} INFO - [2024-07-12T11:09:00.106+0100] {dagbag.py:545} INFO - Filling up the DagBag from /home/victor/airflow_env/lib/python3.10/site-packages/airflow/example_dags/example_latest_only_with_trigger.py
[2024-07-12T11:09:00.141+0100] {processor.py:840} INFO - DAG(s) 'latest_only_with_trigger' retrieved from /home/victor/airflow_env/lib/python3.10/site-packages/airflow/example_dags/example_latest_only_with_trigger.py
[2024-07-12T11:09:00.265+0100] {logging_mixin.py:188} INFO - [2024-07-12T11:09:00.264+0100] {dag.py:3096} INFO - Sync 1 DAGs
[2024-07-12T11:09:00.421+0100] {logging_mixin.py:188} INFO - [2024-07-12T11:09:00.420+0100] {dag.py:3954} INFO - Setting next_dagrun for latest_only_with_trigger to 2024-07-12 04:00:00+00:00, run_after=2024-07-12 08:00:00+00:00
[2024-07-12T11:09:00.830+0100] {processor.py:183} INFO - Processing /home/victor/airflow_env/lib/python3.10/site-packages/airflow/example_dags/example_latest_only_with_trigger.py took 0.788 seconds
[2024-07-12T11:11:20.331+0100] {processor.py:161} INFO - Started process (PID=17516) to work on /home/victor/airflow_env/lib/python3.10/site-packages/airflow/example_dags/example_latest_only_with_trigger.py
[2024-07-12T11:11:20.336+0100] {processor.py:830} INFO - Processing file /home/victor/airflow_env/lib/python3.10/site-packages/airflow/example_dags/example_latest_only_with_trigger.py for tasks to queue
[2024-07-12T11:11:20.346+0100] {logging_mixin.py:188} INFO - [2024-07-12T11:11:20.344+0100] {dagbag.py:545} INFO - Filling up the DagBag from /home/victor/airflow_env/lib/python3.10/site-packages/airflow/example_dags/example_latest_only_with_trigger.py
[2024-07-12T11:11:20.382+0100] {processor.py:840} INFO - DAG(s) 'latest_only_with_trigger' retrieved from /home/victor/airflow_env/lib/python3.10/site-packages/airflow/example_dags/example_latest_only_with_trigger.py
[2024-07-12T11:11:20.895+0100] {logging_mixin.py:188} INFO - [2024-07-12T11:11:20.894+0100] {dag.py:3096} INFO - Sync 1 DAGs
[2024-07-12T11:11:21.014+0100] {logging_mixin.py:188} INFO - [2024-07-12T11:11:21.014+0100] {dag.py:3954} INFO - Setting next_dagrun for latest_only_with_trigger to 2024-07-12 04:00:00+00:00, run_after=2024-07-12 08:00:00+00:00
[2024-07-12T11:11:21.354+0100] {processor.py:183} INFO - Processing /home/victor/airflow_env/lib/python3.10/site-packages/airflow/example_dags/example_latest_only_with_trigger.py took 1.065 seconds
[2024-07-12T11:14:29.426+0100] {processor.py:161} INFO - Started process (PID=18293) to work on /home/victor/airflow_env/lib/python3.10/site-packages/airflow/example_dags/example_latest_only_with_trigger.py
[2024-07-12T11:14:29.455+0100] {processor.py:830} INFO - Processing file /home/victor/airflow_env/lib/python3.10/site-packages/airflow/example_dags/example_latest_only_with_trigger.py for tasks to queue
[2024-07-12T11:14:29.474+0100] {logging_mixin.py:188} INFO - [2024-07-12T11:14:29.472+0100] {dagbag.py:545} INFO - Filling up the DagBag from /home/victor/airflow_env/lib/python3.10/site-packages/airflow/example_dags/example_latest_only_with_trigger.py
[2024-07-12T11:14:29.579+0100] {processor.py:840} INFO - DAG(s) 'latest_only_with_trigger' retrieved from /home/victor/airflow_env/lib/python3.10/site-packages/airflow/example_dags/example_latest_only_with_trigger.py
[2024-07-12T11:14:29.935+0100] {logging_mixin.py:188} INFO - [2024-07-12T11:14:29.928+0100] {dag.py:3096} INFO - Sync 1 DAGs
[2024-07-12T11:14:30.288+0100] {logging_mixin.py:188} INFO - [2024-07-12T11:14:30.287+0100] {dag.py:3954} INFO - Setting next_dagrun for latest_only_with_trigger to 2024-07-12 04:00:00+00:00, run_after=2024-07-12 08:00:00+00:00
[2024-07-12T11:14:30.928+0100] {processor.py:183} INFO - Processing /home/victor/airflow_env/lib/python3.10/site-packages/airflow/example_dags/example_latest_only_with_trigger.py took 1.584 seconds
[2024-07-12T11:17:14.024+0100] {processor.py:161} INFO - Started process (PID=18963) to work on /home/victor/airflow_env/lib/python3.10/site-packages/airflow/example_dags/example_latest_only_with_trigger.py
[2024-07-12T11:17:14.029+0100] {processor.py:830} INFO - Processing file /home/victor/airflow_env/lib/python3.10/site-packages/airflow/example_dags/example_latest_only_with_trigger.py for tasks to queue
[2024-07-12T11:17:14.041+0100] {logging_mixin.py:188} INFO - [2024-07-12T11:17:14.038+0100] {dagbag.py:545} INFO - Filling up the DagBag from /home/victor/airflow_env/lib/python3.10/site-packages/airflow/example_dags/example_latest_only_with_trigger.py
[2024-07-12T11:17:14.077+0100] {processor.py:840} INFO - DAG(s) 'latest_only_with_trigger' retrieved from /home/victor/airflow_env/lib/python3.10/site-packages/airflow/example_dags/example_latest_only_with_trigger.py
[2024-07-12T11:17:14.197+0100] {logging_mixin.py:188} INFO - [2024-07-12T11:17:14.196+0100] {dag.py:3096} INFO - Sync 1 DAGs
[2024-07-12T11:17:14.321+0100] {logging_mixin.py:188} INFO - [2024-07-12T11:17:14.320+0100] {dag.py:3954} INFO - Setting next_dagrun for latest_only_with_trigger to 2024-07-12 04:00:00+00:00, run_after=2024-07-12 08:00:00+00:00
[2024-07-12T11:17:14.775+0100] {processor.py:183} INFO - Processing /home/victor/airflow_env/lib/python3.10/site-packages/airflow/example_dags/example_latest_only_with_trigger.py took 0.801 seconds
[2024-07-12T11:19:06.757+0100] {processor.py:161} INFO - Started process (PID=19419) to work on /home/victor/airflow_env/lib/python3.10/site-packages/airflow/example_dags/example_latest_only_with_trigger.py
[2024-07-12T11:19:06.762+0100] {processor.py:830} INFO - Processing file /home/victor/airflow_env/lib/python3.10/site-packages/airflow/example_dags/example_latest_only_with_trigger.py for tasks to queue
[2024-07-12T11:19:06.773+0100] {logging_mixin.py:188} INFO - [2024-07-12T11:19:06.770+0100] {dagbag.py:545} INFO - Filling up the DagBag from /home/victor/airflow_env/lib/python3.10/site-packages/airflow/example_dags/example_latest_only_with_trigger.py
[2024-07-12T11:19:06.808+0100] {processor.py:840} INFO - DAG(s) 'latest_only_with_trigger' retrieved from /home/victor/airflow_env/lib/python3.10/site-packages/airflow/example_dags/example_latest_only_with_trigger.py
[2024-07-12T11:19:07.254+0100] {logging_mixin.py:188} INFO - [2024-07-12T11:19:07.253+0100] {dag.py:3096} INFO - Sync 1 DAGs
[2024-07-12T11:19:07.386+0100] {logging_mixin.py:188} INFO - [2024-07-12T11:19:07.385+0100] {dag.py:3954} INFO - Setting next_dagrun for latest_only_with_trigger to 2024-07-12 04:00:00+00:00, run_after=2024-07-12 08:00:00+00:00
[2024-07-12T11:19:07.719+0100] {processor.py:183} INFO - Processing /home/victor/airflow_env/lib/python3.10/site-packages/airflow/example_dags/example_latest_only_with_trigger.py took 1.004 seconds
[2024-07-12T11:22:20.398+0100] {processor.py:161} INFO - Started process (PID=20224) to work on /home/victor/airflow_env/lib/python3.10/site-packages/airflow/example_dags/example_latest_only_with_trigger.py
[2024-07-12T11:22:20.406+0100] {processor.py:830} INFO - Processing file /home/victor/airflow_env/lib/python3.10/site-packages/airflow/example_dags/example_latest_only_with_trigger.py for tasks to queue
[2024-07-12T11:22:20.415+0100] {logging_mixin.py:188} INFO - [2024-07-12T11:22:20.413+0100] {dagbag.py:545} INFO - Filling up the DagBag from /home/victor/airflow_env/lib/python3.10/site-packages/airflow/example_dags/example_latest_only_with_trigger.py
[2024-07-12T11:22:20.450+0100] {processor.py:840} INFO - DAG(s) 'latest_only_with_trigger' retrieved from /home/victor/airflow_env/lib/python3.10/site-packages/airflow/example_dags/example_latest_only_with_trigger.py
[2024-07-12T11:22:20.652+0100] {logging_mixin.py:188} INFO - [2024-07-12T11:22:20.651+0100] {dag.py:3096} INFO - Sync 1 DAGs
[2024-07-12T11:22:20.841+0100] {logging_mixin.py:188} INFO - [2024-07-12T11:22:20.829+0100] {dag.py:3954} INFO - Setting next_dagrun for latest_only_with_trigger to 2024-07-12 04:00:00+00:00, run_after=2024-07-12 08:00:00+00:00
[2024-07-12T11:22:21.343+0100] {processor.py:183} INFO - Processing /home/victor/airflow_env/lib/python3.10/site-packages/airflow/example_dags/example_latest_only_with_trigger.py took 0.996 seconds
[2024-07-12T11:25:24.705+0100] {processor.py:161} INFO - Started process (PID=20987) to work on /home/victor/airflow_env/lib/python3.10/site-packages/airflow/example_dags/example_latest_only_with_trigger.py
[2024-07-12T11:25:24.710+0100] {processor.py:830} INFO - Processing file /home/victor/airflow_env/lib/python3.10/site-packages/airflow/example_dags/example_latest_only_with_trigger.py for tasks to queue
[2024-07-12T11:25:24.719+0100] {logging_mixin.py:188} INFO - [2024-07-12T11:25:24.717+0100] {dagbag.py:545} INFO - Filling up the DagBag from /home/victor/airflow_env/lib/python3.10/site-packages/airflow/example_dags/example_latest_only_with_trigger.py
[2024-07-12T11:25:24.748+0100] {processor.py:840} INFO - DAG(s) 'latest_only_with_trigger' retrieved from /home/victor/airflow_env/lib/python3.10/site-packages/airflow/example_dags/example_latest_only_with_trigger.py
[2024-07-12T11:25:24.875+0100] {logging_mixin.py:188} INFO - [2024-07-12T11:25:24.873+0100] {dag.py:3096} INFO - Sync 1 DAGs
[2024-07-12T11:25:25.045+0100] {logging_mixin.py:188} INFO - [2024-07-12T11:25:25.044+0100] {dag.py:3954} INFO - Setting next_dagrun for latest_only_with_trigger to 2024-07-12 04:00:00+00:00, run_after=2024-07-12 08:00:00+00:00
[2024-07-12T11:25:25.397+0100] {processor.py:183} INFO - Processing /home/victor/airflow_env/lib/python3.10/site-packages/airflow/example_dags/example_latest_only_with_trigger.py took 0.723 seconds
[2024-07-12T11:28:47.635+0100] {processor.py:161} INFO - Started process (PID=21812) to work on /home/victor/airflow_env/lib/python3.10/site-packages/airflow/example_dags/example_latest_only_with_trigger.py
[2024-07-12T11:28:47.645+0100] {processor.py:830} INFO - Processing file /home/victor/airflow_env/lib/python3.10/site-packages/airflow/example_dags/example_latest_only_with_trigger.py for tasks to queue
[2024-07-12T11:28:47.682+0100] {logging_mixin.py:188} INFO - [2024-07-12T11:28:47.679+0100] {dagbag.py:545} INFO - Filling up the DagBag from /home/victor/airflow_env/lib/python3.10/site-packages/airflow/example_dags/example_latest_only_with_trigger.py
[2024-07-12T11:28:47.720+0100] {processor.py:840} INFO - DAG(s) 'latest_only_with_trigger' retrieved from /home/victor/airflow_env/lib/python3.10/site-packages/airflow/example_dags/example_latest_only_with_trigger.py
[2024-07-12T11:28:47.857+0100] {logging_mixin.py:188} INFO - [2024-07-12T11:28:47.856+0100] {dag.py:3096} INFO - Sync 1 DAGs
[2024-07-12T11:28:48.008+0100] {logging_mixin.py:188} INFO - [2024-07-12T11:28:48.007+0100] {dag.py:3954} INFO - Setting next_dagrun for latest_only_with_trigger to 2024-07-12 04:00:00+00:00, run_after=2024-07-12 08:00:00+00:00
[2024-07-12T11:28:48.386+0100] {processor.py:183} INFO - Processing /home/victor/airflow_env/lib/python3.10/site-packages/airflow/example_dags/example_latest_only_with_trigger.py took 0.787 seconds
[2024-07-12T11:33:21.733+0100] {processor.py:161} INFO - Started process (PID=23305) to work on /home/victor/airflow_env/lib/python3.10/site-packages/airflow/example_dags/example_latest_only_with_trigger.py
[2024-07-12T11:33:21.737+0100] {processor.py:830} INFO - Processing file /home/victor/airflow_env/lib/python3.10/site-packages/airflow/example_dags/example_latest_only_with_trigger.py for tasks to queue
[2024-07-12T11:33:21.746+0100] {logging_mixin.py:188} INFO - [2024-07-12T11:33:21.744+0100] {dagbag.py:545} INFO - Filling up the DagBag from /home/victor/airflow_env/lib/python3.10/site-packages/airflow/example_dags/example_latest_only_with_trigger.py
[2024-07-12T11:33:21.775+0100] {processor.py:840} INFO - DAG(s) 'latest_only_with_trigger' retrieved from /home/victor/airflow_env/lib/python3.10/site-packages/airflow/example_dags/example_latest_only_with_trigger.py
[2024-07-12T11:33:21.885+0100] {logging_mixin.py:188} INFO - [2024-07-12T11:33:21.884+0100] {dag.py:3096} INFO - Sync 1 DAGs
[2024-07-12T11:33:22.014+0100] {logging_mixin.py:188} INFO - [2024-07-12T11:33:22.013+0100] {dag.py:3954} INFO - Setting next_dagrun for latest_only_with_trigger to 2024-07-12 04:00:00+00:00, run_after=2024-07-12 08:00:00+00:00
[2024-07-12T11:33:22.418+0100] {processor.py:183} INFO - Processing /home/victor/airflow_env/lib/python3.10/site-packages/airflow/example_dags/example_latest_only_with_trigger.py took 0.717 seconds
[2024-07-12T11:36:54.424+0100] {processor.py:161} INFO - Started process (PID=24214) to work on /home/victor/airflow_env/lib/python3.10/site-packages/airflow/example_dags/example_latest_only_with_trigger.py
[2024-07-12T11:36:54.428+0100] {processor.py:830} INFO - Processing file /home/victor/airflow_env/lib/python3.10/site-packages/airflow/example_dags/example_latest_only_with_trigger.py for tasks to queue
[2024-07-12T11:36:54.436+0100] {logging_mixin.py:188} INFO - [2024-07-12T11:36:54.435+0100] {dagbag.py:545} INFO - Filling up the DagBag from /home/victor/airflow_env/lib/python3.10/site-packages/airflow/example_dags/example_latest_only_with_trigger.py
[2024-07-12T11:36:54.466+0100] {processor.py:840} INFO - DAG(s) 'latest_only_with_trigger' retrieved from /home/victor/airflow_env/lib/python3.10/site-packages/airflow/example_dags/example_latest_only_with_trigger.py
[2024-07-12T11:36:54.566+0100] {logging_mixin.py:188} INFO - [2024-07-12T11:36:54.565+0100] {dag.py:3096} INFO - Sync 1 DAGs
[2024-07-12T11:36:54.678+0100] {logging_mixin.py:188} INFO - [2024-07-12T11:36:54.677+0100] {dag.py:3954} INFO - Setting next_dagrun for latest_only_with_trigger to 2024-07-12 04:00:00+00:00, run_after=2024-07-12 08:00:00+00:00
[2024-07-12T11:36:55.046+0100] {processor.py:183} INFO - Processing /home/victor/airflow_env/lib/python3.10/site-packages/airflow/example_dags/example_latest_only_with_trigger.py took 0.652 seconds
[2024-07-12T11:39:42.647+0100] {processor.py:161} INFO - Started process (PID=24910) to work on /home/victor/airflow_env/lib/python3.10/site-packages/airflow/example_dags/example_latest_only_with_trigger.py
[2024-07-12T11:39:42.651+0100] {processor.py:830} INFO - Processing file /home/victor/airflow_env/lib/python3.10/site-packages/airflow/example_dags/example_latest_only_with_trigger.py for tasks to queue
[2024-07-12T11:39:42.659+0100] {logging_mixin.py:188} INFO - [2024-07-12T11:39:42.658+0100] {dagbag.py:545} INFO - Filling up the DagBag from /home/victor/airflow_env/lib/python3.10/site-packages/airflow/example_dags/example_latest_only_with_trigger.py
[2024-07-12T11:39:42.689+0100] {processor.py:840} INFO - DAG(s) 'latest_only_with_trigger' retrieved from /home/victor/airflow_env/lib/python3.10/site-packages/airflow/example_dags/example_latest_only_with_trigger.py
[2024-07-12T11:39:42.822+0100] {logging_mixin.py:188} INFO - [2024-07-12T11:39:42.821+0100] {dag.py:3096} INFO - Sync 1 DAGs
[2024-07-12T11:39:43.025+0100] {logging_mixin.py:188} INFO - [2024-07-12T11:39:43.024+0100] {dag.py:3954} INFO - Setting next_dagrun for latest_only_with_trigger to 2024-07-12 04:00:00+00:00, run_after=2024-07-12 08:00:00+00:00
[2024-07-12T11:39:43.425+0100] {processor.py:183} INFO - Processing /home/victor/airflow_env/lib/python3.10/site-packages/airflow/example_dags/example_latest_only_with_trigger.py took 0.808 seconds
[2024-07-12T11:42:46.269+0100] {processor.py:161} INFO - Started process (PID=25657) to work on /home/victor/airflow_env/lib/python3.10/site-packages/airflow/example_dags/example_latest_only_with_trigger.py
[2024-07-12T11:42:46.274+0100] {processor.py:830} INFO - Processing file /home/victor/airflow_env/lib/python3.10/site-packages/airflow/example_dags/example_latest_only_with_trigger.py for tasks to queue
[2024-07-12T11:42:46.282+0100] {logging_mixin.py:188} INFO - [2024-07-12T11:42:46.280+0100] {dagbag.py:545} INFO - Filling up the DagBag from /home/victor/airflow_env/lib/python3.10/site-packages/airflow/example_dags/example_latest_only_with_trigger.py
[2024-07-12T11:42:46.319+0100] {processor.py:840} INFO - DAG(s) 'latest_only_with_trigger' retrieved from /home/victor/airflow_env/lib/python3.10/site-packages/airflow/example_dags/example_latest_only_with_trigger.py
[2024-07-12T11:42:46.446+0100] {logging_mixin.py:188} INFO - [2024-07-12T11:42:46.445+0100] {dag.py:3096} INFO - Sync 1 DAGs
[2024-07-12T11:42:46.571+0100] {logging_mixin.py:188} INFO - [2024-07-12T11:42:46.570+0100] {dag.py:3954} INFO - Setting next_dagrun for latest_only_with_trigger to 2024-07-12 04:00:00+00:00, run_after=2024-07-12 08:00:00+00:00
[2024-07-12T11:42:46.820+0100] {processor.py:183} INFO - Processing /home/victor/airflow_env/lib/python3.10/site-packages/airflow/example_dags/example_latest_only_with_trigger.py took 0.603 seconds
[2024-07-12T11:45:33.760+0100] {processor.py:161} INFO - Started process (PID=26354) to work on /home/victor/airflow_env/lib/python3.10/site-packages/airflow/example_dags/example_latest_only_with_trigger.py
[2024-07-12T11:45:33.766+0100] {processor.py:830} INFO - Processing file /home/victor/airflow_env/lib/python3.10/site-packages/airflow/example_dags/example_latest_only_with_trigger.py for tasks to queue
[2024-07-12T11:45:33.782+0100] {logging_mixin.py:188} INFO - [2024-07-12T11:45:33.780+0100] {dagbag.py:545} INFO - Filling up the DagBag from /home/victor/airflow_env/lib/python3.10/site-packages/airflow/example_dags/example_latest_only_with_trigger.py
[2024-07-12T11:45:33.827+0100] {processor.py:840} INFO - DAG(s) 'latest_only_with_trigger' retrieved from /home/victor/airflow_env/lib/python3.10/site-packages/airflow/example_dags/example_latest_only_with_trigger.py
[2024-07-12T11:45:33.946+0100] {logging_mixin.py:188} INFO - [2024-07-12T11:45:33.945+0100] {dag.py:3096} INFO - Sync 1 DAGs
[2024-07-12T11:45:34.081+0100] {logging_mixin.py:188} INFO - [2024-07-12T11:45:34.079+0100] {dag.py:3954} INFO - Setting next_dagrun for latest_only_with_trigger to 2024-07-12 04:00:00+00:00, run_after=2024-07-12 08:00:00+00:00
[2024-07-12T11:45:34.454+0100] {processor.py:183} INFO - Processing /home/victor/airflow_env/lib/python3.10/site-packages/airflow/example_dags/example_latest_only_with_trigger.py took 0.730 seconds
[2024-07-12T11:48:26.343+0100] {processor.py:161} INFO - Started process (PID=27071) to work on /home/victor/airflow_env/lib/python3.10/site-packages/airflow/example_dags/example_latest_only_with_trigger.py
[2024-07-12T11:48:26.348+0100] {processor.py:830} INFO - Processing file /home/victor/airflow_env/lib/python3.10/site-packages/airflow/example_dags/example_latest_only_with_trigger.py for tasks to queue
[2024-07-12T11:48:26.357+0100] {logging_mixin.py:188} INFO - [2024-07-12T11:48:26.355+0100] {dagbag.py:545} INFO - Filling up the DagBag from /home/victor/airflow_env/lib/python3.10/site-packages/airflow/example_dags/example_latest_only_with_trigger.py
[2024-07-12T11:48:26.388+0100] {processor.py:840} INFO - DAG(s) 'latest_only_with_trigger' retrieved from /home/victor/airflow_env/lib/python3.10/site-packages/airflow/example_dags/example_latest_only_with_trigger.py
[2024-07-12T11:48:26.508+0100] {logging_mixin.py:188} INFO - [2024-07-12T11:48:26.507+0100] {dag.py:3096} INFO - Sync 1 DAGs
[2024-07-12T11:48:26.634+0100] {logging_mixin.py:188} INFO - [2024-07-12T11:48:26.632+0100] {dag.py:3954} INFO - Setting next_dagrun for latest_only_with_trigger to 2024-07-12 04:00:00+00:00, run_after=2024-07-12 08:00:00+00:00
[2024-07-12T11:48:26.977+0100] {processor.py:183} INFO - Processing /home/victor/airflow_env/lib/python3.10/site-packages/airflow/example_dags/example_latest_only_with_trigger.py took 0.670 seconds
[2024-07-12T11:50:13.817+0100] {processor.py:161} INFO - Started process (PID=27509) to work on /home/victor/airflow_env/lib/python3.10/site-packages/airflow/example_dags/example_latest_only_with_trigger.py
[2024-07-12T11:50:13.821+0100] {processor.py:830} INFO - Processing file /home/victor/airflow_env/lib/python3.10/site-packages/airflow/example_dags/example_latest_only_with_trigger.py for tasks to queue
[2024-07-12T11:50:13.829+0100] {logging_mixin.py:188} INFO - [2024-07-12T11:50:13.827+0100] {dagbag.py:545} INFO - Filling up the DagBag from /home/victor/airflow_env/lib/python3.10/site-packages/airflow/example_dags/example_latest_only_with_trigger.py
[2024-07-12T11:50:13.857+0100] {processor.py:840} INFO - DAG(s) 'latest_only_with_trigger' retrieved from /home/victor/airflow_env/lib/python3.10/site-packages/airflow/example_dags/example_latest_only_with_trigger.py
[2024-07-12T11:50:13.980+0100] {logging_mixin.py:188} INFO - [2024-07-12T11:50:13.979+0100] {dag.py:3096} INFO - Sync 1 DAGs
[2024-07-12T11:50:14.155+0100] {logging_mixin.py:188} INFO - [2024-07-12T11:50:14.154+0100] {dag.py:3954} INFO - Setting next_dagrun for latest_only_with_trigger to 2024-07-12 04:00:00+00:00, run_after=2024-07-12 08:00:00+00:00
[2024-07-12T11:50:14.473+0100] {processor.py:183} INFO - Processing /home/victor/airflow_env/lib/python3.10/site-packages/airflow/example_dags/example_latest_only_with_trigger.py took 0.684 seconds
[2024-07-12T11:52:54.022+0100] {processor.py:161} INFO - Started process (PID=28173) to work on /home/victor/airflow_env/lib/python3.10/site-packages/airflow/example_dags/example_latest_only_with_trigger.py
[2024-07-12T11:52:54.026+0100] {processor.py:830} INFO - Processing file /home/victor/airflow_env/lib/python3.10/site-packages/airflow/example_dags/example_latest_only_with_trigger.py for tasks to queue
[2024-07-12T11:52:54.034+0100] {logging_mixin.py:188} INFO - [2024-07-12T11:52:54.032+0100] {dagbag.py:545} INFO - Filling up the DagBag from /home/victor/airflow_env/lib/python3.10/site-packages/airflow/example_dags/example_latest_only_with_trigger.py
[2024-07-12T11:52:54.069+0100] {processor.py:840} INFO - DAG(s) 'latest_only_with_trigger' retrieved from /home/victor/airflow_env/lib/python3.10/site-packages/airflow/example_dags/example_latest_only_with_trigger.py
[2024-07-12T11:52:54.173+0100] {logging_mixin.py:188} INFO - [2024-07-12T11:52:54.172+0100] {dag.py:3096} INFO - Sync 1 DAGs
[2024-07-12T11:52:54.283+0100] {logging_mixin.py:188} INFO - [2024-07-12T11:52:54.282+0100] {dag.py:3954} INFO - Setting next_dagrun for latest_only_with_trigger to 2024-07-12 04:00:00+00:00, run_after=2024-07-12 08:00:00+00:00
[2024-07-12T11:52:54.550+0100] {processor.py:183} INFO - Processing /home/victor/airflow_env/lib/python3.10/site-packages/airflow/example_dags/example_latest_only_with_trigger.py took 0.557 seconds
[2024-07-12T11:55:37.921+0100] {processor.py:161} INFO - Started process (PID=28850) to work on /home/victor/airflow_env/lib/python3.10/site-packages/airflow/example_dags/example_latest_only_with_trigger.py
[2024-07-12T11:55:37.925+0100] {processor.py:830} INFO - Processing file /home/victor/airflow_env/lib/python3.10/site-packages/airflow/example_dags/example_latest_only_with_trigger.py for tasks to queue
[2024-07-12T11:55:37.934+0100] {logging_mixin.py:188} INFO - [2024-07-12T11:55:37.932+0100] {dagbag.py:545} INFO - Filling up the DagBag from /home/victor/airflow_env/lib/python3.10/site-packages/airflow/example_dags/example_latest_only_with_trigger.py
[2024-07-12T11:55:37.972+0100] {processor.py:840} INFO - DAG(s) 'latest_only_with_trigger' retrieved from /home/victor/airflow_env/lib/python3.10/site-packages/airflow/example_dags/example_latest_only_with_trigger.py
[2024-07-12T11:55:38.091+0100] {logging_mixin.py:188} INFO - [2024-07-12T11:55:38.090+0100] {dag.py:3096} INFO - Sync 1 DAGs
[2024-07-12T11:55:38.222+0100] {logging_mixin.py:188} INFO - [2024-07-12T11:55:38.221+0100] {dag.py:3954} INFO - Setting next_dagrun for latest_only_with_trigger to 2024-07-12 04:00:00+00:00, run_after=2024-07-12 08:00:00+00:00
[2024-07-12T11:55:38.518+0100] {processor.py:183} INFO - Processing /home/victor/airflow_env/lib/python3.10/site-packages/airflow/example_dags/example_latest_only_with_trigger.py took 0.635 seconds
[2024-07-12T11:58:28.363+0100] {processor.py:161} INFO - Started process (PID=29549) to work on /home/victor/airflow_env/lib/python3.10/site-packages/airflow/example_dags/example_latest_only_with_trigger.py
[2024-07-12T11:58:28.397+0100] {processor.py:830} INFO - Processing file /home/victor/airflow_env/lib/python3.10/site-packages/airflow/example_dags/example_latest_only_with_trigger.py for tasks to queue
[2024-07-12T11:58:28.438+0100] {logging_mixin.py:188} INFO - [2024-07-12T11:58:28.436+0100] {dagbag.py:545} INFO - Filling up the DagBag from /home/victor/airflow_env/lib/python3.10/site-packages/airflow/example_dags/example_latest_only_with_trigger.py
[2024-07-12T11:58:28.491+0100] {processor.py:840} INFO - DAG(s) 'latest_only_with_trigger' retrieved from /home/victor/airflow_env/lib/python3.10/site-packages/airflow/example_dags/example_latest_only_with_trigger.py
[2024-07-12T11:58:28.642+0100] {logging_mixin.py:188} INFO - [2024-07-12T11:58:28.641+0100] {dag.py:3096} INFO - Sync 1 DAGs
[2024-07-12T11:58:28.785+0100] {logging_mixin.py:188} INFO - [2024-07-12T11:58:28.784+0100] {dag.py:3954} INFO - Setting next_dagrun for latest_only_with_trigger to 2024-07-12 04:00:00+00:00, run_after=2024-07-12 08:00:00+00:00
[2024-07-12T11:58:29.083+0100] {processor.py:183} INFO - Processing /home/victor/airflow_env/lib/python3.10/site-packages/airflow/example_dags/example_latest_only_with_trigger.py took 0.764 seconds
[2024-07-12T12:01:22.861+0100] {processor.py:161} INFO - Started process (PID=30263) to work on /home/victor/airflow_env/lib/python3.10/site-packages/airflow/example_dags/example_latest_only_with_trigger.py
[2024-07-12T12:01:22.866+0100] {processor.py:830} INFO - Processing file /home/victor/airflow_env/lib/python3.10/site-packages/airflow/example_dags/example_latest_only_with_trigger.py for tasks to queue
[2024-07-12T12:01:22.875+0100] {logging_mixin.py:188} INFO - [2024-07-12T12:01:22.873+0100] {dagbag.py:545} INFO - Filling up the DagBag from /home/victor/airflow_env/lib/python3.10/site-packages/airflow/example_dags/example_latest_only_with_trigger.py
[2024-07-12T12:01:22.913+0100] {processor.py:840} INFO - DAG(s) 'latest_only_with_trigger' retrieved from /home/victor/airflow_env/lib/python3.10/site-packages/airflow/example_dags/example_latest_only_with_trigger.py
[2024-07-12T12:01:23.042+0100] {logging_mixin.py:188} INFO - [2024-07-12T12:01:23.040+0100] {dag.py:3096} INFO - Sync 1 DAGs
[2024-07-12T12:01:23.214+0100] {logging_mixin.py:188} INFO - [2024-07-12T12:01:23.213+0100] {dag.py:3954} INFO - Setting next_dagrun for latest_only_with_trigger to 2024-07-12 04:00:00+00:00, run_after=2024-07-12 08:00:00+00:00
[2024-07-12T12:01:23.896+0100] {processor.py:183} INFO - Processing /home/victor/airflow_env/lib/python3.10/site-packages/airflow/example_dags/example_latest_only_with_trigger.py took 1.082 seconds
[2024-07-12T12:04:37.748+0100] {processor.py:161} INFO - Started process (PID=31055) to work on /home/victor/airflow_env/lib/python3.10/site-packages/airflow/example_dags/example_latest_only_with_trigger.py
[2024-07-12T12:04:37.754+0100] {processor.py:830} INFO - Processing file /home/victor/airflow_env/lib/python3.10/site-packages/airflow/example_dags/example_latest_only_with_trigger.py for tasks to queue
[2024-07-12T12:04:37.764+0100] {logging_mixin.py:188} INFO - [2024-07-12T12:04:37.762+0100] {dagbag.py:545} INFO - Filling up the DagBag from /home/victor/airflow_env/lib/python3.10/site-packages/airflow/example_dags/example_latest_only_with_trigger.py
[2024-07-12T12:04:37.819+0100] {processor.py:840} INFO - DAG(s) 'latest_only_with_trigger' retrieved from /home/victor/airflow_env/lib/python3.10/site-packages/airflow/example_dags/example_latest_only_with_trigger.py
[2024-07-12T12:04:38.013+0100] {logging_mixin.py:188} INFO - [2024-07-12T12:04:38.012+0100] {dag.py:3096} INFO - Sync 1 DAGs
[2024-07-12T12:04:38.151+0100] {logging_mixin.py:188} INFO - [2024-07-12T12:04:38.150+0100] {dag.py:3954} INFO - Setting next_dagrun for latest_only_with_trigger to 2024-07-12 04:00:00+00:00, run_after=2024-07-12 08:00:00+00:00
[2024-07-12T12:04:38.488+0100] {processor.py:183} INFO - Processing /home/victor/airflow_env/lib/python3.10/site-packages/airflow/example_dags/example_latest_only_with_trigger.py took 0.783 seconds
[2024-07-12T12:07:20.111+0100] {processor.py:161} INFO - Started process (PID=31726) to work on /home/victor/airflow_env/lib/python3.10/site-packages/airflow/example_dags/example_latest_only_with_trigger.py
[2024-07-12T12:07:20.116+0100] {processor.py:830} INFO - Processing file /home/victor/airflow_env/lib/python3.10/site-packages/airflow/example_dags/example_latest_only_with_trigger.py for tasks to queue
[2024-07-12T12:07:20.124+0100] {logging_mixin.py:188} INFO - [2024-07-12T12:07:20.123+0100] {dagbag.py:545} INFO - Filling up the DagBag from /home/victor/airflow_env/lib/python3.10/site-packages/airflow/example_dags/example_latest_only_with_trigger.py
[2024-07-12T12:07:20.184+0100] {processor.py:840} INFO - DAG(s) 'latest_only_with_trigger' retrieved from /home/victor/airflow_env/lib/python3.10/site-packages/airflow/example_dags/example_latest_only_with_trigger.py
[2024-07-12T12:07:20.309+0100] {logging_mixin.py:188} INFO - [2024-07-12T12:07:20.308+0100] {dag.py:3096} INFO - Sync 1 DAGs
[2024-07-12T12:07:20.432+0100] {logging_mixin.py:188} INFO - [2024-07-12T12:07:20.431+0100] {dag.py:3954} INFO - Setting next_dagrun for latest_only_with_trigger to 2024-07-12 04:00:00+00:00, run_after=2024-07-12 08:00:00+00:00
[2024-07-12T12:07:20.806+0100] {processor.py:183} INFO - Processing /home/victor/airflow_env/lib/python3.10/site-packages/airflow/example_dags/example_latest_only_with_trigger.py took 0.728 seconds
[2024-07-12T12:10:15.764+0100] {processor.py:161} INFO - Started process (PID=32451) to work on /home/victor/airflow_env/lib/python3.10/site-packages/airflow/example_dags/example_latest_only_with_trigger.py
[2024-07-12T12:10:15.771+0100] {processor.py:830} INFO - Processing file /home/victor/airflow_env/lib/python3.10/site-packages/airflow/example_dags/example_latest_only_with_trigger.py for tasks to queue
[2024-07-12T12:10:15.779+0100] {logging_mixin.py:188} INFO - [2024-07-12T12:10:15.777+0100] {dagbag.py:545} INFO - Filling up the DagBag from /home/victor/airflow_env/lib/python3.10/site-packages/airflow/example_dags/example_latest_only_with_trigger.py
[2024-07-12T12:10:15.816+0100] {processor.py:840} INFO - DAG(s) 'latest_only_with_trigger' retrieved from /home/victor/airflow_env/lib/python3.10/site-packages/airflow/example_dags/example_latest_only_with_trigger.py
[2024-07-12T12:10:15.989+0100] {logging_mixin.py:188} INFO - [2024-07-12T12:10:15.988+0100] {dag.py:3096} INFO - Sync 1 DAGs
[2024-07-12T12:10:16.143+0100] {logging_mixin.py:188} INFO - [2024-07-12T12:10:16.142+0100] {dag.py:3954} INFO - Setting next_dagrun for latest_only_with_trigger to 2024-07-12 04:00:00+00:00, run_after=2024-07-12 08:00:00+00:00
[2024-07-12T12:10:16.495+0100] {processor.py:183} INFO - Processing /home/victor/airflow_env/lib/python3.10/site-packages/airflow/example_dags/example_latest_only_with_trigger.py took 0.779 seconds
[2024-07-12T12:13:03.951+0100] {processor.py:161} INFO - Started process (PID=33146) to work on /home/victor/airflow_env/lib/python3.10/site-packages/airflow/example_dags/example_latest_only_with_trigger.py
[2024-07-12T12:13:03.956+0100] {processor.py:830} INFO - Processing file /home/victor/airflow_env/lib/python3.10/site-packages/airflow/example_dags/example_latest_only_with_trigger.py for tasks to queue
[2024-07-12T12:13:03.964+0100] {logging_mixin.py:188} INFO - [2024-07-12T12:13:03.963+0100] {dagbag.py:545} INFO - Filling up the DagBag from /home/victor/airflow_env/lib/python3.10/site-packages/airflow/example_dags/example_latest_only_with_trigger.py
[2024-07-12T12:13:03.993+0100] {processor.py:840} INFO - DAG(s) 'latest_only_with_trigger' retrieved from /home/victor/airflow_env/lib/python3.10/site-packages/airflow/example_dags/example_latest_only_with_trigger.py
[2024-07-12T12:13:04.104+0100] {logging_mixin.py:188} INFO - [2024-07-12T12:13:04.104+0100] {dag.py:3096} INFO - Sync 1 DAGs
[2024-07-12T12:13:04.272+0100] {logging_mixin.py:188} INFO - [2024-07-12T12:13:04.271+0100] {dag.py:3954} INFO - Setting next_dagrun for latest_only_with_trigger to 2024-07-12 04:00:00+00:00, run_after=2024-07-12 08:00:00+00:00
[2024-07-12T12:13:04.585+0100] {processor.py:183} INFO - Processing /home/victor/airflow_env/lib/python3.10/site-packages/airflow/example_dags/example_latest_only_with_trigger.py took 0.671 seconds
[2024-07-12T12:16:04.987+0100] {processor.py:161} INFO - Started process (PID=33884) to work on /home/victor/airflow_env/lib/python3.10/site-packages/airflow/example_dags/example_latest_only_with_trigger.py
[2024-07-12T12:16:04.992+0100] {processor.py:830} INFO - Processing file /home/victor/airflow_env/lib/python3.10/site-packages/airflow/example_dags/example_latest_only_with_trigger.py for tasks to queue
[2024-07-12T12:16:05.000+0100] {logging_mixin.py:188} INFO - [2024-07-12T12:16:04.998+0100] {dagbag.py:545} INFO - Filling up the DagBag from /home/victor/airflow_env/lib/python3.10/site-packages/airflow/example_dags/example_latest_only_with_trigger.py
[2024-07-12T12:16:05.029+0100] {processor.py:840} INFO - DAG(s) 'latest_only_with_trigger' retrieved from /home/victor/airflow_env/lib/python3.10/site-packages/airflow/example_dags/example_latest_only_with_trigger.py
[2024-07-12T12:16:05.146+0100] {logging_mixin.py:188} INFO - [2024-07-12T12:16:05.145+0100] {dag.py:3096} INFO - Sync 1 DAGs
[2024-07-12T12:16:05.295+0100] {logging_mixin.py:188} INFO - [2024-07-12T12:16:05.294+0100] {dag.py:3954} INFO - Setting next_dagrun for latest_only_with_trigger to 2024-07-12 04:00:00+00:00, run_after=2024-07-12 08:00:00+00:00
[2024-07-12T12:16:05.724+0100] {processor.py:183} INFO - Processing /home/victor/airflow_env/lib/python3.10/site-packages/airflow/example_dags/example_latest_only_with_trigger.py took 0.773 seconds
[2024-07-12T12:18:13.575+0100] {processor.py:161} INFO - Started process (PID=34400) to work on /home/victor/airflow_env/lib/python3.10/site-packages/airflow/example_dags/example_latest_only_with_trigger.py
[2024-07-12T12:18:13.580+0100] {processor.py:830} INFO - Processing file /home/victor/airflow_env/lib/python3.10/site-packages/airflow/example_dags/example_latest_only_with_trigger.py for tasks to queue
[2024-07-12T12:18:13.591+0100] {logging_mixin.py:188} INFO - [2024-07-12T12:18:13.589+0100] {dagbag.py:545} INFO - Filling up the DagBag from /home/victor/airflow_env/lib/python3.10/site-packages/airflow/example_dags/example_latest_only_with_trigger.py
[2024-07-12T12:18:13.625+0100] {processor.py:840} INFO - DAG(s) 'latest_only_with_trigger' retrieved from /home/victor/airflow_env/lib/python3.10/site-packages/airflow/example_dags/example_latest_only_with_trigger.py
[2024-07-12T12:18:13.783+0100] {logging_mixin.py:188} INFO - [2024-07-12T12:18:13.782+0100] {dag.py:3096} INFO - Sync 1 DAGs
[2024-07-12T12:18:13.978+0100] {logging_mixin.py:188} INFO - [2024-07-12T12:18:13.977+0100] {dag.py:3954} INFO - Setting next_dagrun for latest_only_with_trigger to 2024-07-12 04:00:00+00:00, run_after=2024-07-12 08:00:00+00:00
[2024-07-12T12:18:14.459+0100] {processor.py:183} INFO - Processing /home/victor/airflow_env/lib/python3.10/site-packages/airflow/example_dags/example_latest_only_with_trigger.py took 0.935 seconds
[2024-07-12T12:21:27.348+0100] {processor.py:161} INFO - Started process (PID=35187) to work on /home/victor/airflow_env/lib/python3.10/site-packages/airflow/example_dags/example_latest_only_with_trigger.py
[2024-07-12T12:21:27.413+0100] {processor.py:830} INFO - Processing file /home/victor/airflow_env/lib/python3.10/site-packages/airflow/example_dags/example_latest_only_with_trigger.py for tasks to queue
[2024-07-12T12:21:27.433+0100] {logging_mixin.py:188} INFO - [2024-07-12T12:21:27.431+0100] {dagbag.py:545} INFO - Filling up the DagBag from /home/victor/airflow_env/lib/python3.10/site-packages/airflow/example_dags/example_latest_only_with_trigger.py
[2024-07-12T12:21:27.494+0100] {processor.py:840} INFO - DAG(s) 'latest_only_with_trigger' retrieved from /home/victor/airflow_env/lib/python3.10/site-packages/airflow/example_dags/example_latest_only_with_trigger.py
[2024-07-12T12:21:27.836+0100] {logging_mixin.py:188} INFO - [2024-07-12T12:21:27.835+0100] {dag.py:3096} INFO - Sync 1 DAGs
[2024-07-12T12:21:28.115+0100] {logging_mixin.py:188} INFO - [2024-07-12T12:21:28.114+0100] {dag.py:3954} INFO - Setting next_dagrun for latest_only_with_trigger to 2024-07-12 04:00:00+00:00, run_after=2024-07-12 08:00:00+00:00
[2024-07-12T12:21:28.479+0100] {processor.py:183} INFO - Processing /home/victor/airflow_env/lib/python3.10/site-packages/airflow/example_dags/example_latest_only_with_trigger.py took 1.200 seconds
[2024-07-12T12:24:30.602+0100] {processor.py:161} INFO - Started process (PID=35938) to work on /home/victor/airflow_env/lib/python3.10/site-packages/airflow/example_dags/example_latest_only_with_trigger.py
[2024-07-12T12:24:30.607+0100] {processor.py:830} INFO - Processing file /home/victor/airflow_env/lib/python3.10/site-packages/airflow/example_dags/example_latest_only_with_trigger.py for tasks to queue
[2024-07-12T12:24:30.617+0100] {logging_mixin.py:188} INFO - [2024-07-12T12:24:30.614+0100] {dagbag.py:545} INFO - Filling up the DagBag from /home/victor/airflow_env/lib/python3.10/site-packages/airflow/example_dags/example_latest_only_with_trigger.py
[2024-07-12T12:24:30.647+0100] {processor.py:840} INFO - DAG(s) 'latest_only_with_trigger' retrieved from /home/victor/airflow_env/lib/python3.10/site-packages/airflow/example_dags/example_latest_only_with_trigger.py
[2024-07-12T12:24:30.784+0100] {logging_mixin.py:188} INFO - [2024-07-12T12:24:30.783+0100] {dag.py:3096} INFO - Sync 1 DAGs
[2024-07-12T12:24:30.906+0100] {logging_mixin.py:188} INFO - [2024-07-12T12:24:30.905+0100] {dag.py:3954} INFO - Setting next_dagrun for latest_only_with_trigger to 2024-07-12 04:00:00+00:00, run_after=2024-07-12 08:00:00+00:00
[2024-07-12T12:24:31.232+0100] {processor.py:183} INFO - Processing /home/victor/airflow_env/lib/python3.10/site-packages/airflow/example_dags/example_latest_only_with_trigger.py took 0.663 seconds
[2024-07-12T12:27:38.608+0100] {processor.py:161} INFO - Started process (PID=36702) to work on /home/victor/airflow_env/lib/python3.10/site-packages/airflow/example_dags/example_latest_only_with_trigger.py
[2024-07-12T12:27:38.615+0100] {processor.py:830} INFO - Processing file /home/victor/airflow_env/lib/python3.10/site-packages/airflow/example_dags/example_latest_only_with_trigger.py for tasks to queue
[2024-07-12T12:27:38.624+0100] {logging_mixin.py:188} INFO - [2024-07-12T12:27:38.622+0100] {dagbag.py:545} INFO - Filling up the DagBag from /home/victor/airflow_env/lib/python3.10/site-packages/airflow/example_dags/example_latest_only_with_trigger.py
[2024-07-12T12:27:38.663+0100] {processor.py:840} INFO - DAG(s) 'latest_only_with_trigger' retrieved from /home/victor/airflow_env/lib/python3.10/site-packages/airflow/example_dags/example_latest_only_with_trigger.py
[2024-07-12T12:27:38.779+0100] {logging_mixin.py:188} INFO - [2024-07-12T12:27:38.778+0100] {dag.py:3096} INFO - Sync 1 DAGs
[2024-07-12T12:27:38.907+0100] {logging_mixin.py:188} INFO - [2024-07-12T12:27:38.906+0100] {dag.py:3954} INFO - Setting next_dagrun for latest_only_with_trigger to 2024-07-12 04:00:00+00:00, run_after=2024-07-12 08:00:00+00:00
[2024-07-12T12:27:39.289+0100] {processor.py:183} INFO - Processing /home/victor/airflow_env/lib/python3.10/site-packages/airflow/example_dags/example_latest_only_with_trigger.py took 0.722 seconds
[2024-07-12T12:30:46.704+0100] {processor.py:161} INFO - Started process (PID=37471) to work on /home/victor/airflow_env/lib/python3.10/site-packages/airflow/example_dags/example_latest_only_with_trigger.py
[2024-07-12T12:30:46.709+0100] {processor.py:830} INFO - Processing file /home/victor/airflow_env/lib/python3.10/site-packages/airflow/example_dags/example_latest_only_with_trigger.py for tasks to queue
[2024-07-12T12:30:46.723+0100] {logging_mixin.py:188} INFO - [2024-07-12T12:30:46.719+0100] {dagbag.py:545} INFO - Filling up the DagBag from /home/victor/airflow_env/lib/python3.10/site-packages/airflow/example_dags/example_latest_only_with_trigger.py
[2024-07-12T12:30:46.752+0100] {processor.py:840} INFO - DAG(s) 'latest_only_with_trigger' retrieved from /home/victor/airflow_env/lib/python3.10/site-packages/airflow/example_dags/example_latest_only_with_trigger.py
[2024-07-12T12:30:46.863+0100] {logging_mixin.py:188} INFO - [2024-07-12T12:30:46.862+0100] {dag.py:3096} INFO - Sync 1 DAGs
[2024-07-12T12:30:46.994+0100] {logging_mixin.py:188} INFO - [2024-07-12T12:30:46.993+0100] {dag.py:3954} INFO - Setting next_dagrun for latest_only_with_trigger to 2024-07-12 04:00:00+00:00, run_after=2024-07-12 08:00:00+00:00
[2024-07-12T12:30:47.600+0100] {processor.py:183} INFO - Processing /home/victor/airflow_env/lib/python3.10/site-packages/airflow/example_dags/example_latest_only_with_trigger.py took 0.930 seconds
