[2024-07-12T11:05:14.099+0100] {processor.py:161} INFO - Started process (PID=16067) to work on /home/victor/airflow_env/lib/python3.10/site-packages/airflow/example_dags/example_setup_teardown.py
[2024-07-12T11:05:14.104+0100] {processor.py:830} INFO - Processing file /home/victor/airflow_env/lib/python3.10/site-packages/airflow/example_dags/example_setup_teardown.py for tasks to queue
[2024-07-12T11:05:14.112+0100] {logging_mixin.py:188} INFO - [2024-07-12T11:05:14.110+0100] {dagbag.py:545} INFO - Filling up the DagBag from /home/victor/airflow_env/lib/python3.10/site-packages/airflow/example_dags/example_setup_teardown.py
[2024-07-12T11:05:14.153+0100] {processor.py:840} INFO - DAG(s) 'example_setup_teardown' retrieved from /home/victor/airflow_env/lib/python3.10/site-packages/airflow/example_dags/example_setup_teardown.py
[2024-07-12T11:05:14.994+0100] {logging_mixin.py:188} INFO - [2024-07-12T11:05:14.991+0100] {override.py:1847} INFO - Created Permission View: can edit on DAG:example_setup_teardown
[2024-07-12T11:05:15.193+0100] {logging_mixin.py:188} INFO - [2024-07-12T11:05:15.191+0100] {override.py:1847} INFO - Created Permission View: can read on DAG:example_setup_teardown
[2024-07-12T11:05:15.403+0100] {logging_mixin.py:188} INFO - [2024-07-12T11:05:15.402+0100] {override.py:1847} INFO - Created Permission View: can delete on DAG:example_setup_teardown
[2024-07-12T11:05:15.406+0100] {logging_mixin.py:188} INFO - [2024-07-12T11:05:15.405+0100] {dag.py:3096} INFO - Sync 1 DAGs
[2024-07-12T11:05:15.484+0100] {logging_mixin.py:188} INFO - [2024-07-12T11:05:15.483+0100] {dag.py:3118} INFO - Creating ORM DAG for example_setup_teardown
[2024-07-12T11:05:15.551+0100] {logging_mixin.py:188} INFO - [2024-07-12T11:05:15.551+0100] {dag.py:3954} INFO - Setting next_dagrun for example_setup_teardown to 2024-07-11 00:00:00+00:00, run_after=2024-07-12 00:00:00+00:00
[2024-07-12T11:05:15.963+0100] {processor.py:183} INFO - Processing /home/victor/airflow_env/lib/python3.10/site-packages/airflow/example_dags/example_setup_teardown.py took 1.890 seconds
[2024-07-12T11:08:08.521+0100] {processor.py:161} INFO - Started process (PID=16764) to work on /home/victor/airflow_env/lib/python3.10/site-packages/airflow/example_dags/example_setup_teardown.py
[2024-07-12T11:08:08.545+0100] {processor.py:830} INFO - Processing file /home/victor/airflow_env/lib/python3.10/site-packages/airflow/example_dags/example_setup_teardown.py for tasks to queue
[2024-07-12T11:08:08.560+0100] {logging_mixin.py:188} INFO - [2024-07-12T11:08:08.558+0100] {dagbag.py:545} INFO - Filling up the DagBag from /home/victor/airflow_env/lib/python3.10/site-packages/airflow/example_dags/example_setup_teardown.py
[2024-07-12T11:08:08.661+0100] {processor.py:840} INFO - DAG(s) 'example_setup_teardown' retrieved from /home/victor/airflow_env/lib/python3.10/site-packages/airflow/example_dags/example_setup_teardown.py
[2024-07-12T11:08:09.432+0100] {logging_mixin.py:188} INFO - [2024-07-12T11:08:09.431+0100] {dag.py:3096} INFO - Sync 1 DAGs
[2024-07-12T11:08:09.887+0100] {logging_mixin.py:188} INFO - [2024-07-12T11:08:09.886+0100] {dag.py:3954} INFO - Setting next_dagrun for example_setup_teardown to 2024-07-11 00:00:00+00:00, run_after=2024-07-12 00:00:00+00:00
[2024-07-12T11:08:10.812+0100] {processor.py:183} INFO - Processing /home/victor/airflow_env/lib/python3.10/site-packages/airflow/example_dags/example_setup_teardown.py took 2.354 seconds
[2024-07-12T11:10:45.405+0100] {processor.py:161} INFO - Started process (PID=17376) to work on /home/victor/airflow_env/lib/python3.10/site-packages/airflow/example_dags/example_setup_teardown.py
[2024-07-12T11:10:45.409+0100] {processor.py:830} INFO - Processing file /home/victor/airflow_env/lib/python3.10/site-packages/airflow/example_dags/example_setup_teardown.py for tasks to queue
[2024-07-12T11:10:45.420+0100] {logging_mixin.py:188} INFO - [2024-07-12T11:10:45.418+0100] {dagbag.py:545} INFO - Filling up the DagBag from /home/victor/airflow_env/lib/python3.10/site-packages/airflow/example_dags/example_setup_teardown.py
[2024-07-12T11:10:45.458+0100] {processor.py:840} INFO - DAG(s) 'example_setup_teardown' retrieved from /home/victor/airflow_env/lib/python3.10/site-packages/airflow/example_dags/example_setup_teardown.py
[2024-07-12T11:10:45.567+0100] {logging_mixin.py:188} INFO - [2024-07-12T11:10:45.566+0100] {dag.py:3096} INFO - Sync 1 DAGs
[2024-07-12T11:10:46.000+0100] {logging_mixin.py:188} INFO - [2024-07-12T11:10:45.999+0100] {dag.py:3954} INFO - Setting next_dagrun for example_setup_teardown to 2024-07-11 00:00:00+00:00, run_after=2024-07-12 00:00:00+00:00
[2024-07-12T11:10:46.307+0100] {processor.py:183} INFO - Processing /home/victor/airflow_env/lib/python3.10/site-packages/airflow/example_dags/example_setup_teardown.py took 0.932 seconds
[2024-07-12T11:12:40.767+0100] {processor.py:161} INFO - Started process (PID=17846) to work on /home/victor/airflow_env/lib/python3.10/site-packages/airflow/example_dags/example_setup_teardown.py
[2024-07-12T11:12:40.772+0100] {processor.py:830} INFO - Processing file /home/victor/airflow_env/lib/python3.10/site-packages/airflow/example_dags/example_setup_teardown.py for tasks to queue
[2024-07-12T11:12:40.781+0100] {logging_mixin.py:188} INFO - [2024-07-12T11:12:40.779+0100] {dagbag.py:545} INFO - Filling up the DagBag from /home/victor/airflow_env/lib/python3.10/site-packages/airflow/example_dags/example_setup_teardown.py
[2024-07-12T11:12:40.825+0100] {processor.py:840} INFO - DAG(s) 'example_setup_teardown' retrieved from /home/victor/airflow_env/lib/python3.10/site-packages/airflow/example_dags/example_setup_teardown.py
[2024-07-12T11:12:40.926+0100] {logging_mixin.py:188} INFO - [2024-07-12T11:12:40.925+0100] {dag.py:3096} INFO - Sync 1 DAGs
[2024-07-12T11:12:41.042+0100] {logging_mixin.py:188} INFO - [2024-07-12T11:12:41.040+0100] {dag.py:3954} INFO - Setting next_dagrun for example_setup_teardown to 2024-07-11 00:00:00+00:00, run_after=2024-07-12 00:00:00+00:00
[2024-07-12T11:12:41.346+0100] {processor.py:183} INFO - Processing /home/victor/airflow_env/lib/python3.10/site-packages/airflow/example_dags/example_setup_teardown.py took 0.608 seconds
[2024-07-12T11:14:20.758+0100] {processor.py:161} INFO - Started process (PID=18258) to work on /home/victor/airflow_env/lib/python3.10/site-packages/airflow/example_dags/example_setup_teardown.py
[2024-07-12T11:14:20.763+0100] {processor.py:830} INFO - Processing file /home/victor/airflow_env/lib/python3.10/site-packages/airflow/example_dags/example_setup_teardown.py for tasks to queue
[2024-07-12T11:14:20.771+0100] {logging_mixin.py:188} INFO - [2024-07-12T11:14:20.770+0100] {dagbag.py:545} INFO - Filling up the DagBag from /home/victor/airflow_env/lib/python3.10/site-packages/airflow/example_dags/example_setup_teardown.py
[2024-07-12T11:14:20.817+0100] {processor.py:840} INFO - DAG(s) 'example_setup_teardown' retrieved from /home/victor/airflow_env/lib/python3.10/site-packages/airflow/example_dags/example_setup_teardown.py
[2024-07-12T11:14:20.942+0100] {logging_mixin.py:188} INFO - [2024-07-12T11:14:20.941+0100] {dag.py:3096} INFO - Sync 1 DAGs
[2024-07-12T11:14:21.095+0100] {logging_mixin.py:188} INFO - [2024-07-12T11:14:21.094+0100] {dag.py:3954} INFO - Setting next_dagrun for example_setup_teardown to 2024-07-11 00:00:00+00:00, run_after=2024-07-12 00:00:00+00:00
[2024-07-12T11:14:21.421+0100] {processor.py:183} INFO - Processing /home/victor/airflow_env/lib/python3.10/site-packages/airflow/example_dags/example_setup_teardown.py took 0.693 seconds
[2024-07-12T11:16:40.671+0100] {processor.py:161} INFO - Started process (PID=18825) to work on /home/victor/airflow_env/lib/python3.10/site-packages/airflow/example_dags/example_setup_teardown.py
[2024-07-12T11:16:40.676+0100] {processor.py:830} INFO - Processing file /home/victor/airflow_env/lib/python3.10/site-packages/airflow/example_dags/example_setup_teardown.py for tasks to queue
[2024-07-12T11:16:40.684+0100] {logging_mixin.py:188} INFO - [2024-07-12T11:16:40.682+0100] {dagbag.py:545} INFO - Filling up the DagBag from /home/victor/airflow_env/lib/python3.10/site-packages/airflow/example_dags/example_setup_teardown.py
[2024-07-12T11:16:40.720+0100] {processor.py:840} INFO - DAG(s) 'example_setup_teardown' retrieved from /home/victor/airflow_env/lib/python3.10/site-packages/airflow/example_dags/example_setup_teardown.py
[2024-07-12T11:16:40.821+0100] {logging_mixin.py:188} INFO - [2024-07-12T11:16:40.820+0100] {dag.py:3096} INFO - Sync 1 DAGs
[2024-07-12T11:16:40.967+0100] {logging_mixin.py:188} INFO - [2024-07-12T11:16:40.966+0100] {dag.py:3954} INFO - Setting next_dagrun for example_setup_teardown to 2024-07-11 00:00:00+00:00, run_after=2024-07-12 00:00:00+00:00
[2024-07-12T11:16:41.420+0100] {processor.py:183} INFO - Processing /home/victor/airflow_env/lib/python3.10/site-packages/airflow/example_dags/example_setup_teardown.py took 0.777 seconds
[2024-07-12T11:18:40.784+0100] {processor.py:161} INFO - Started process (PID=19315) to work on /home/victor/airflow_env/lib/python3.10/site-packages/airflow/example_dags/example_setup_teardown.py
[2024-07-12T11:18:40.789+0100] {processor.py:830} INFO - Processing file /home/victor/airflow_env/lib/python3.10/site-packages/airflow/example_dags/example_setup_teardown.py for tasks to queue
[2024-07-12T11:18:40.797+0100] {logging_mixin.py:188} INFO - [2024-07-12T11:18:40.795+0100] {dagbag.py:545} INFO - Filling up the DagBag from /home/victor/airflow_env/lib/python3.10/site-packages/airflow/example_dags/example_setup_teardown.py
[2024-07-12T11:18:40.833+0100] {processor.py:840} INFO - DAG(s) 'example_setup_teardown' retrieved from /home/victor/airflow_env/lib/python3.10/site-packages/airflow/example_dags/example_setup_teardown.py
[2024-07-12T11:18:41.007+0100] {logging_mixin.py:188} INFO - [2024-07-12T11:18:41.006+0100] {dag.py:3096} INFO - Sync 1 DAGs
[2024-07-12T11:18:41.129+0100] {logging_mixin.py:188} INFO - [2024-07-12T11:18:41.128+0100] {dag.py:3954} INFO - Setting next_dagrun for example_setup_teardown to 2024-07-11 00:00:00+00:00, run_after=2024-07-12 00:00:00+00:00
[2024-07-12T11:18:41.542+0100] {processor.py:183} INFO - Processing /home/victor/airflow_env/lib/python3.10/site-packages/airflow/example_dags/example_setup_teardown.py took 0.797 seconds
[2024-07-12T11:20:17.116+0100] {processor.py:161} INFO - Started process (PID=19715) to work on /home/victor/airflow_env/lib/python3.10/site-packages/airflow/example_dags/example_setup_teardown.py
[2024-07-12T11:20:17.124+0100] {processor.py:830} INFO - Processing file /home/victor/airflow_env/lib/python3.10/site-packages/airflow/example_dags/example_setup_teardown.py for tasks to queue
[2024-07-12T11:20:17.143+0100] {logging_mixin.py:188} INFO - [2024-07-12T11:20:17.133+0100] {dagbag.py:545} INFO - Filling up the DagBag from /home/victor/airflow_env/lib/python3.10/site-packages/airflow/example_dags/example_setup_teardown.py
[2024-07-12T11:20:17.211+0100] {processor.py:840} INFO - DAG(s) 'example_setup_teardown' retrieved from /home/victor/airflow_env/lib/python3.10/site-packages/airflow/example_dags/example_setup_teardown.py
[2024-07-12T11:20:17.346+0100] {logging_mixin.py:188} INFO - [2024-07-12T11:20:17.345+0100] {dag.py:3096} INFO - Sync 1 DAGs
[2024-07-12T11:20:17.469+0100] {logging_mixin.py:188} INFO - [2024-07-12T11:20:17.468+0100] {dag.py:3954} INFO - Setting next_dagrun for example_setup_teardown to 2024-07-11 00:00:00+00:00, run_after=2024-07-12 00:00:00+00:00
[2024-07-12T11:20:17.901+0100] {processor.py:183} INFO - Processing /home/victor/airflow_env/lib/python3.10/site-packages/airflow/example_dags/example_setup_teardown.py took 0.826 seconds
[2024-07-12T11:21:59.717+0100] {processor.py:161} INFO - Started process (PID=20138) to work on /home/victor/airflow_env/lib/python3.10/site-packages/airflow/example_dags/example_setup_teardown.py
[2024-07-12T11:21:59.721+0100] {processor.py:830} INFO - Processing file /home/victor/airflow_env/lib/python3.10/site-packages/airflow/example_dags/example_setup_teardown.py for tasks to queue
[2024-07-12T11:21:59.734+0100] {logging_mixin.py:188} INFO - [2024-07-12T11:21:59.728+0100] {dagbag.py:545} INFO - Filling up the DagBag from /home/victor/airflow_env/lib/python3.10/site-packages/airflow/example_dags/example_setup_teardown.py
[2024-07-12T11:21:59.772+0100] {processor.py:840} INFO - DAG(s) 'example_setup_teardown' retrieved from /home/victor/airflow_env/lib/python3.10/site-packages/airflow/example_dags/example_setup_teardown.py
[2024-07-12T11:21:59.897+0100] {logging_mixin.py:188} INFO - [2024-07-12T11:21:59.896+0100] {dag.py:3096} INFO - Sync 1 DAGs
[2024-07-12T11:22:00.123+0100] {logging_mixin.py:188} INFO - [2024-07-12T11:22:00.122+0100] {dag.py:3954} INFO - Setting next_dagrun for example_setup_teardown to 2024-07-11 00:00:00+00:00, run_after=2024-07-12 00:00:00+00:00
[2024-07-12T11:22:00.417+0100] {processor.py:183} INFO - Processing /home/victor/airflow_env/lib/python3.10/site-packages/airflow/example_dags/example_setup_teardown.py took 0.735 seconds
[2024-07-12T11:23:32.357+0100] {processor.py:161} INFO - Started process (PID=20522) to work on /home/victor/airflow_env/lib/python3.10/site-packages/airflow/example_dags/example_setup_teardown.py
[2024-07-12T11:23:32.363+0100] {processor.py:830} INFO - Processing file /home/victor/airflow_env/lib/python3.10/site-packages/airflow/example_dags/example_setup_teardown.py for tasks to queue
[2024-07-12T11:23:32.371+0100] {logging_mixin.py:188} INFO - [2024-07-12T11:23:32.369+0100] {dagbag.py:545} INFO - Filling up the DagBag from /home/victor/airflow_env/lib/python3.10/site-packages/airflow/example_dags/example_setup_teardown.py
[2024-07-12T11:23:32.432+0100] {processor.py:840} INFO - DAG(s) 'example_setup_teardown' retrieved from /home/victor/airflow_env/lib/python3.10/site-packages/airflow/example_dags/example_setup_teardown.py
[2024-07-12T11:23:32.686+0100] {logging_mixin.py:188} INFO - [2024-07-12T11:23:32.685+0100] {dag.py:3096} INFO - Sync 1 DAGs
[2024-07-12T11:23:32.836+0100] {logging_mixin.py:188} INFO - [2024-07-12T11:23:32.835+0100] {dag.py:3954} INFO - Setting next_dagrun for example_setup_teardown to 2024-07-11 00:00:00+00:00, run_after=2024-07-12 00:00:00+00:00
[2024-07-12T11:23:33.160+0100] {processor.py:183} INFO - Processing /home/victor/airflow_env/lib/python3.10/site-packages/airflow/example_dags/example_setup_teardown.py took 0.834 seconds
[2024-07-12T11:25:05.363+0100] {processor.py:161} INFO - Started process (PID=20908) to work on /home/victor/airflow_env/lib/python3.10/site-packages/airflow/example_dags/example_setup_teardown.py
[2024-07-12T11:25:05.368+0100] {processor.py:830} INFO - Processing file /home/victor/airflow_env/lib/python3.10/site-packages/airflow/example_dags/example_setup_teardown.py for tasks to queue
[2024-07-12T11:25:05.378+0100] {logging_mixin.py:188} INFO - [2024-07-12T11:25:05.376+0100] {dagbag.py:545} INFO - Filling up the DagBag from /home/victor/airflow_env/lib/python3.10/site-packages/airflow/example_dags/example_setup_teardown.py
[2024-07-12T11:25:05.414+0100] {processor.py:840} INFO - DAG(s) 'example_setup_teardown' retrieved from /home/victor/airflow_env/lib/python3.10/site-packages/airflow/example_dags/example_setup_teardown.py
[2024-07-12T11:25:05.528+0100] {logging_mixin.py:188} INFO - [2024-07-12T11:25:05.527+0100] {dag.py:3096} INFO - Sync 1 DAGs
[2024-07-12T11:25:05.644+0100] {logging_mixin.py:188} INFO - [2024-07-12T11:25:05.643+0100] {dag.py:3954} INFO - Setting next_dagrun for example_setup_teardown to 2024-07-11 00:00:00+00:00, run_after=2024-07-12 00:00:00+00:00
[2024-07-12T11:25:05.997+0100] {processor.py:183} INFO - Processing /home/victor/airflow_env/lib/python3.10/site-packages/airflow/example_dags/example_setup_teardown.py took 0.662 seconds
[2024-07-12T11:26:58.627+0100] {processor.py:161} INFO - Started process (PID=21364) to work on /home/victor/airflow_env/lib/python3.10/site-packages/airflow/example_dags/example_setup_teardown.py
[2024-07-12T11:26:58.632+0100] {processor.py:830} INFO - Processing file /home/victor/airflow_env/lib/python3.10/site-packages/airflow/example_dags/example_setup_teardown.py for tasks to queue
[2024-07-12T11:26:58.644+0100] {logging_mixin.py:188} INFO - [2024-07-12T11:26:58.642+0100] {dagbag.py:545} INFO - Filling up the DagBag from /home/victor/airflow_env/lib/python3.10/site-packages/airflow/example_dags/example_setup_teardown.py
[2024-07-12T11:26:58.683+0100] {processor.py:840} INFO - DAG(s) 'example_setup_teardown' retrieved from /home/victor/airflow_env/lib/python3.10/site-packages/airflow/example_dags/example_setup_teardown.py
[2024-07-12T11:26:58.802+0100] {logging_mixin.py:188} INFO - [2024-07-12T11:26:58.801+0100] {dag.py:3096} INFO - Sync 1 DAGs
[2024-07-12T11:26:58.937+0100] {logging_mixin.py:188} INFO - [2024-07-12T11:26:58.936+0100] {dag.py:3954} INFO - Setting next_dagrun for example_setup_teardown to 2024-07-11 00:00:00+00:00, run_after=2024-07-12 00:00:00+00:00
[2024-07-12T11:26:59.272+0100] {processor.py:183} INFO - Processing /home/victor/airflow_env/lib/python3.10/site-packages/airflow/example_dags/example_setup_teardown.py took 0.681 seconds
[2024-07-12T11:28:27.805+0100] {processor.py:161} INFO - Started process (PID=21734) to work on /home/victor/airflow_env/lib/python3.10/site-packages/airflow/example_dags/example_setup_teardown.py
[2024-07-12T11:28:27.809+0100] {processor.py:830} INFO - Processing file /home/victor/airflow_env/lib/python3.10/site-packages/airflow/example_dags/example_setup_teardown.py for tasks to queue
[2024-07-12T11:28:27.818+0100] {logging_mixin.py:188} INFO - [2024-07-12T11:28:27.815+0100] {dagbag.py:545} INFO - Filling up the DagBag from /home/victor/airflow_env/lib/python3.10/site-packages/airflow/example_dags/example_setup_teardown.py
[2024-07-12T11:28:27.862+0100] {processor.py:840} INFO - DAG(s) 'example_setup_teardown' retrieved from /home/victor/airflow_env/lib/python3.10/site-packages/airflow/example_dags/example_setup_teardown.py
[2024-07-12T11:28:27.975+0100] {logging_mixin.py:188} INFO - [2024-07-12T11:28:27.974+0100] {dag.py:3096} INFO - Sync 1 DAGs
[2024-07-12T11:28:28.119+0100] {logging_mixin.py:188} INFO - [2024-07-12T11:28:28.118+0100] {dag.py:3954} INFO - Setting next_dagrun for example_setup_teardown to 2024-07-11 00:00:00+00:00, run_after=2024-07-12 00:00:00+00:00
[2024-07-12T11:28:28.615+0100] {processor.py:183} INFO - Processing /home/victor/airflow_env/lib/python3.10/site-packages/airflow/example_dags/example_setup_teardown.py took 0.840 seconds
[2024-07-12T11:30:20.758+0100] {processor.py:161} INFO - Started process (PID=22187) to work on /home/victor/airflow_env/lib/python3.10/site-packages/airflow/example_dags/example_setup_teardown.py
[2024-07-12T11:30:20.780+0100] {processor.py:830} INFO - Processing file /home/victor/airflow_env/lib/python3.10/site-packages/airflow/example_dags/example_setup_teardown.py for tasks to queue
[2024-07-12T11:30:20.800+0100] {logging_mixin.py:188} INFO - [2024-07-12T11:30:20.798+0100] {dagbag.py:545} INFO - Filling up the DagBag from /home/victor/airflow_env/lib/python3.10/site-packages/airflow/example_dags/example_setup_teardown.py
[2024-07-12T11:30:20.924+0100] {processor.py:840} INFO - DAG(s) 'example_setup_teardown' retrieved from /home/victor/airflow_env/lib/python3.10/site-packages/airflow/example_dags/example_setup_teardown.py
[2024-07-12T11:30:21.082+0100] {logging_mixin.py:188} INFO - [2024-07-12T11:30:21.081+0100] {dag.py:3096} INFO - Sync 1 DAGs
[2024-07-12T11:30:21.238+0100] {logging_mixin.py:188} INFO - [2024-07-12T11:30:21.237+0100] {dag.py:3954} INFO - Setting next_dagrun for example_setup_teardown to 2024-07-11 00:00:00+00:00, run_after=2024-07-12 00:00:00+00:00
[2024-07-12T11:30:21.574+0100] {processor.py:183} INFO - Processing /home/victor/airflow_env/lib/python3.10/site-packages/airflow/example_dags/example_setup_teardown.py took 0.863 seconds
[2024-07-12T11:32:42.439+0100] {processor.py:161} INFO - Started process (PID=23148) to work on /home/victor/airflow_env/lib/python3.10/site-packages/airflow/example_dags/example_setup_teardown.py
[2024-07-12T11:32:42.445+0100] {processor.py:830} INFO - Processing file /home/victor/airflow_env/lib/python3.10/site-packages/airflow/example_dags/example_setup_teardown.py for tasks to queue
[2024-07-12T11:32:42.456+0100] {logging_mixin.py:188} INFO - [2024-07-12T11:32:42.454+0100] {dagbag.py:545} INFO - Filling up the DagBag from /home/victor/airflow_env/lib/python3.10/site-packages/airflow/example_dags/example_setup_teardown.py
[2024-07-12T11:32:42.511+0100] {processor.py:840} INFO - DAG(s) 'example_setup_teardown' retrieved from /home/victor/airflow_env/lib/python3.10/site-packages/airflow/example_dags/example_setup_teardown.py
[2024-07-12T11:32:42.704+0100] {logging_mixin.py:188} INFO - [2024-07-12T11:32:42.702+0100] {dag.py:3096} INFO - Sync 1 DAGs
[2024-07-12T11:32:42.903+0100] {logging_mixin.py:188} INFO - [2024-07-12T11:32:42.901+0100] {dag.py:3954} INFO - Setting next_dagrun for example_setup_teardown to 2024-07-11 00:00:00+00:00, run_after=2024-07-12 00:00:00+00:00
[2024-07-12T11:32:43.426+0100] {processor.py:183} INFO - Processing /home/victor/airflow_env/lib/python3.10/site-packages/airflow/example_dags/example_setup_teardown.py took 1.038 seconds
[2024-07-12T11:34:41.500+0100] {processor.py:161} INFO - Started process (PID=23642) to work on /home/victor/airflow_env/lib/python3.10/site-packages/airflow/example_dags/example_setup_teardown.py
[2024-07-12T11:34:41.518+0100] {processor.py:830} INFO - Processing file /home/victor/airflow_env/lib/python3.10/site-packages/airflow/example_dags/example_setup_teardown.py for tasks to queue
[2024-07-12T11:34:41.527+0100] {logging_mixin.py:188} INFO - [2024-07-12T11:34:41.525+0100] {dagbag.py:545} INFO - Filling up the DagBag from /home/victor/airflow_env/lib/python3.10/site-packages/airflow/example_dags/example_setup_teardown.py
[2024-07-12T11:34:41.568+0100] {processor.py:840} INFO - DAG(s) 'example_setup_teardown' retrieved from /home/victor/airflow_env/lib/python3.10/site-packages/airflow/example_dags/example_setup_teardown.py
[2024-07-12T11:34:41.718+0100] {logging_mixin.py:188} INFO - [2024-07-12T11:34:41.717+0100] {dag.py:3096} INFO - Sync 1 DAGs
[2024-07-12T11:34:41.844+0100] {logging_mixin.py:188} INFO - [2024-07-12T11:34:41.843+0100] {dag.py:3954} INFO - Setting next_dagrun for example_setup_teardown to 2024-07-11 00:00:00+00:00, run_after=2024-07-12 00:00:00+00:00
[2024-07-12T11:34:42.181+0100] {processor.py:183} INFO - Processing /home/victor/airflow_env/lib/python3.10/site-packages/airflow/example_dags/example_setup_teardown.py took 0.726 seconds
[2024-07-12T11:36:38.896+0100] {processor.py:161} INFO - Started process (PID=24150) to work on /home/victor/airflow_env/lib/python3.10/site-packages/airflow/example_dags/example_setup_teardown.py
[2024-07-12T11:36:38.901+0100] {processor.py:830} INFO - Processing file /home/victor/airflow_env/lib/python3.10/site-packages/airflow/example_dags/example_setup_teardown.py for tasks to queue
[2024-07-12T11:36:38.909+0100] {logging_mixin.py:188} INFO - [2024-07-12T11:36:38.907+0100] {dagbag.py:545} INFO - Filling up the DagBag from /home/victor/airflow_env/lib/python3.10/site-packages/airflow/example_dags/example_setup_teardown.py
[2024-07-12T11:36:38.945+0100] {processor.py:840} INFO - DAG(s) 'example_setup_teardown' retrieved from /home/victor/airflow_env/lib/python3.10/site-packages/airflow/example_dags/example_setup_teardown.py
[2024-07-12T11:36:39.049+0100] {logging_mixin.py:188} INFO - [2024-07-12T11:36:39.048+0100] {dag.py:3096} INFO - Sync 1 DAGs
[2024-07-12T11:36:39.223+0100] {logging_mixin.py:188} INFO - [2024-07-12T11:36:39.222+0100] {dag.py:3954} INFO - Setting next_dagrun for example_setup_teardown to 2024-07-11 00:00:00+00:00, run_after=2024-07-12 00:00:00+00:00
[2024-07-12T11:36:39.787+0100] {processor.py:183} INFO - Processing /home/victor/airflow_env/lib/python3.10/site-packages/airflow/example_dags/example_setup_teardown.py took 0.918 seconds
[2024-07-12T11:38:07.997+0100] {processor.py:161} INFO - Started process (PID=24523) to work on /home/victor/airflow_env/lib/python3.10/site-packages/airflow/example_dags/example_setup_teardown.py
[2024-07-12T11:38:08.002+0100] {processor.py:830} INFO - Processing file /home/victor/airflow_env/lib/python3.10/site-packages/airflow/example_dags/example_setup_teardown.py for tasks to queue
[2024-07-12T11:38:08.009+0100] {logging_mixin.py:188} INFO - [2024-07-12T11:38:08.008+0100] {dagbag.py:545} INFO - Filling up the DagBag from /home/victor/airflow_env/lib/python3.10/site-packages/airflow/example_dags/example_setup_teardown.py
[2024-07-12T11:38:08.047+0100] {processor.py:840} INFO - DAG(s) 'example_setup_teardown' retrieved from /home/victor/airflow_env/lib/python3.10/site-packages/airflow/example_dags/example_setup_teardown.py
[2024-07-12T11:38:08.158+0100] {logging_mixin.py:188} INFO - [2024-07-12T11:38:08.157+0100] {dag.py:3096} INFO - Sync 1 DAGs
[2024-07-12T11:38:08.274+0100] {logging_mixin.py:188} INFO - [2024-07-12T11:38:08.273+0100] {dag.py:3954} INFO - Setting next_dagrun for example_setup_teardown to 2024-07-11 00:00:00+00:00, run_after=2024-07-12 00:00:00+00:00
[2024-07-12T11:38:08.583+0100] {processor.py:183} INFO - Processing /home/victor/airflow_env/lib/python3.10/site-packages/airflow/example_dags/example_setup_teardown.py took 0.618 seconds
[2024-07-12T11:39:34.329+0100] {processor.py:161} INFO - Started process (PID=24874) to work on /home/victor/airflow_env/lib/python3.10/site-packages/airflow/example_dags/example_setup_teardown.py
[2024-07-12T11:39:34.347+0100] {processor.py:830} INFO - Processing file /home/victor/airflow_env/lib/python3.10/site-packages/airflow/example_dags/example_setup_teardown.py for tasks to queue
[2024-07-12T11:39:34.365+0100] {logging_mixin.py:188} INFO - [2024-07-12T11:39:34.355+0100] {dagbag.py:545} INFO - Filling up the DagBag from /home/victor/airflow_env/lib/python3.10/site-packages/airflow/example_dags/example_setup_teardown.py
[2024-07-12T11:39:34.458+0100] {processor.py:840} INFO - DAG(s) 'example_setup_teardown' retrieved from /home/victor/airflow_env/lib/python3.10/site-packages/airflow/example_dags/example_setup_teardown.py
[2024-07-12T11:39:34.759+0100] {logging_mixin.py:188} INFO - [2024-07-12T11:39:34.758+0100] {dag.py:3096} INFO - Sync 1 DAGs
[2024-07-12T11:39:34.932+0100] {logging_mixin.py:188} INFO - [2024-07-12T11:39:34.929+0100] {dag.py:3954} INFO - Setting next_dagrun for example_setup_teardown to 2024-07-11 00:00:00+00:00, run_after=2024-07-12 00:00:00+00:00
[2024-07-12T11:39:35.435+0100] {processor.py:183} INFO - Processing /home/victor/airflow_env/lib/python3.10/site-packages/airflow/example_dags/example_setup_teardown.py took 1.203 seconds
[2024-07-12T11:41:04.966+0100] {processor.py:161} INFO - Started process (PID=25246) to work on /home/victor/airflow_env/lib/python3.10/site-packages/airflow/example_dags/example_setup_teardown.py
[2024-07-12T11:41:04.976+0100] {processor.py:830} INFO - Processing file /home/victor/airflow_env/lib/python3.10/site-packages/airflow/example_dags/example_setup_teardown.py for tasks to queue
[2024-07-12T11:41:04.984+0100] {logging_mixin.py:188} INFO - [2024-07-12T11:41:04.982+0100] {dagbag.py:545} INFO - Filling up the DagBag from /home/victor/airflow_env/lib/python3.10/site-packages/airflow/example_dags/example_setup_teardown.py
[2024-07-12T11:41:05.021+0100] {processor.py:840} INFO - DAG(s) 'example_setup_teardown' retrieved from /home/victor/airflow_env/lib/python3.10/site-packages/airflow/example_dags/example_setup_teardown.py
[2024-07-12T11:41:05.157+0100] {logging_mixin.py:188} INFO - [2024-07-12T11:41:05.156+0100] {dag.py:3096} INFO - Sync 1 DAGs
[2024-07-12T11:41:05.289+0100] {logging_mixin.py:188} INFO - [2024-07-12T11:41:05.289+0100] {dag.py:3954} INFO - Setting next_dagrun for example_setup_teardown to 2024-07-11 00:00:00+00:00, run_after=2024-07-12 00:00:00+00:00
[2024-07-12T11:41:05.685+0100] {processor.py:183} INFO - Processing /home/victor/airflow_env/lib/python3.10/site-packages/airflow/example_dags/example_setup_teardown.py took 0.752 seconds
[2024-07-12T11:42:37.065+0100] {processor.py:161} INFO - Started process (PID=25620) to work on /home/victor/airflow_env/lib/python3.10/site-packages/airflow/example_dags/example_setup_teardown.py
[2024-07-12T11:42:37.069+0100] {processor.py:830} INFO - Processing file /home/victor/airflow_env/lib/python3.10/site-packages/airflow/example_dags/example_setup_teardown.py for tasks to queue
[2024-07-12T11:42:37.077+0100] {logging_mixin.py:188} INFO - [2024-07-12T11:42:37.076+0100] {dagbag.py:545} INFO - Filling up the DagBag from /home/victor/airflow_env/lib/python3.10/site-packages/airflow/example_dags/example_setup_teardown.py
[2024-07-12T11:42:37.111+0100] {processor.py:840} INFO - DAG(s) 'example_setup_teardown' retrieved from /home/victor/airflow_env/lib/python3.10/site-packages/airflow/example_dags/example_setup_teardown.py
[2024-07-12T11:42:37.217+0100] {logging_mixin.py:188} INFO - [2024-07-12T11:42:37.216+0100] {dag.py:3096} INFO - Sync 1 DAGs
[2024-07-12T11:42:37.355+0100] {logging_mixin.py:188} INFO - [2024-07-12T11:42:37.354+0100] {dag.py:3954} INFO - Setting next_dagrun for example_setup_teardown to 2024-07-11 00:00:00+00:00, run_after=2024-07-12 00:00:00+00:00
[2024-07-12T11:42:37.629+0100] {processor.py:183} INFO - Processing /home/victor/airflow_env/lib/python3.10/site-packages/airflow/example_dags/example_setup_teardown.py took 0.594 seconds
[2024-07-12T11:44:02.407+0100] {processor.py:161} INFO - Started process (PID=25974) to work on /home/victor/airflow_env/lib/python3.10/site-packages/airflow/example_dags/example_setup_teardown.py
[2024-07-12T11:44:02.412+0100] {processor.py:830} INFO - Processing file /home/victor/airflow_env/lib/python3.10/site-packages/airflow/example_dags/example_setup_teardown.py for tasks to queue
[2024-07-12T11:44:02.424+0100] {logging_mixin.py:188} INFO - [2024-07-12T11:44:02.421+0100] {dagbag.py:545} INFO - Filling up the DagBag from /home/victor/airflow_env/lib/python3.10/site-packages/airflow/example_dags/example_setup_teardown.py
[2024-07-12T11:44:02.469+0100] {processor.py:840} INFO - DAG(s) 'example_setup_teardown' retrieved from /home/victor/airflow_env/lib/python3.10/site-packages/airflow/example_dags/example_setup_teardown.py
[2024-07-12T11:44:02.573+0100] {logging_mixin.py:188} INFO - [2024-07-12T11:44:02.573+0100] {dag.py:3096} INFO - Sync 1 DAGs
[2024-07-12T11:44:02.706+0100] {logging_mixin.py:188} INFO - [2024-07-12T11:44:02.705+0100] {dag.py:3954} INFO - Setting next_dagrun for example_setup_teardown to 2024-07-11 00:00:00+00:00, run_after=2024-07-12 00:00:00+00:00
[2024-07-12T11:44:03.088+0100] {processor.py:183} INFO - Processing /home/victor/airflow_env/lib/python3.10/site-packages/airflow/example_dags/example_setup_teardown.py took 0.715 seconds
[2024-07-12T11:45:26.687+0100] {processor.py:161} INFO - Started process (PID=26325) to work on /home/victor/airflow_env/lib/python3.10/site-packages/airflow/example_dags/example_setup_teardown.py
[2024-07-12T11:45:26.694+0100] {processor.py:830} INFO - Processing file /home/victor/airflow_env/lib/python3.10/site-packages/airflow/example_dags/example_setup_teardown.py for tasks to queue
[2024-07-12T11:45:26.702+0100] {logging_mixin.py:188} INFO - [2024-07-12T11:45:26.700+0100] {dagbag.py:545} INFO - Filling up the DagBag from /home/victor/airflow_env/lib/python3.10/site-packages/airflow/example_dags/example_setup_teardown.py
[2024-07-12T11:45:26.773+0100] {processor.py:840} INFO - DAG(s) 'example_setup_teardown' retrieved from /home/victor/airflow_env/lib/python3.10/site-packages/airflow/example_dags/example_setup_teardown.py
[2024-07-12T11:45:26.946+0100] {logging_mixin.py:188} INFO - [2024-07-12T11:45:26.945+0100] {dag.py:3096} INFO - Sync 1 DAGs
[2024-07-12T11:45:27.077+0100] {logging_mixin.py:188} INFO - [2024-07-12T11:45:27.076+0100] {dag.py:3954} INFO - Setting next_dagrun for example_setup_teardown to 2024-07-11 00:00:00+00:00, run_after=2024-07-12 00:00:00+00:00
[2024-07-12T11:45:27.405+0100] {processor.py:183} INFO - Processing /home/victor/airflow_env/lib/python3.10/site-packages/airflow/example_dags/example_setup_teardown.py took 0.763 seconds
[2024-07-12T11:46:45.248+0100] {processor.py:161} INFO - Started process (PID=26652) to work on /home/victor/airflow_env/lib/python3.10/site-packages/airflow/example_dags/example_setup_teardown.py
[2024-07-12T11:46:45.253+0100] {processor.py:830} INFO - Processing file /home/victor/airflow_env/lib/python3.10/site-packages/airflow/example_dags/example_setup_teardown.py for tasks to queue
[2024-07-12T11:46:45.262+0100] {logging_mixin.py:188} INFO - [2024-07-12T11:46:45.260+0100] {dagbag.py:545} INFO - Filling up the DagBag from /home/victor/airflow_env/lib/python3.10/site-packages/airflow/example_dags/example_setup_teardown.py
[2024-07-12T11:46:45.297+0100] {processor.py:840} INFO - DAG(s) 'example_setup_teardown' retrieved from /home/victor/airflow_env/lib/python3.10/site-packages/airflow/example_dags/example_setup_teardown.py
[2024-07-12T11:46:45.436+0100] {logging_mixin.py:188} INFO - [2024-07-12T11:46:45.435+0100] {dag.py:3096} INFO - Sync 1 DAGs
[2024-07-12T11:46:45.562+0100] {logging_mixin.py:188} INFO - [2024-07-12T11:46:45.561+0100] {dag.py:3954} INFO - Setting next_dagrun for example_setup_teardown to 2024-07-11 00:00:00+00:00, run_after=2024-07-12 00:00:00+00:00
[2024-07-12T11:46:45.898+0100] {processor.py:183} INFO - Processing /home/victor/airflow_env/lib/python3.10/site-packages/airflow/example_dags/example_setup_teardown.py took 0.679 seconds
[2024-07-12T11:48:19.027+0100] {processor.py:161} INFO - Started process (PID=27041) to work on /home/victor/airflow_env/lib/python3.10/site-packages/airflow/example_dags/example_setup_teardown.py
[2024-07-12T11:48:19.033+0100] {processor.py:830} INFO - Processing file /home/victor/airflow_env/lib/python3.10/site-packages/airflow/example_dags/example_setup_teardown.py for tasks to queue
[2024-07-12T11:48:19.048+0100] {logging_mixin.py:188} INFO - [2024-07-12T11:48:19.046+0100] {dagbag.py:545} INFO - Filling up the DagBag from /home/victor/airflow_env/lib/python3.10/site-packages/airflow/example_dags/example_setup_teardown.py
[2024-07-12T11:48:19.089+0100] {processor.py:840} INFO - DAG(s) 'example_setup_teardown' retrieved from /home/victor/airflow_env/lib/python3.10/site-packages/airflow/example_dags/example_setup_teardown.py
[2024-07-12T11:48:19.225+0100] {logging_mixin.py:188} INFO - [2024-07-12T11:48:19.224+0100] {dag.py:3096} INFO - Sync 1 DAGs
[2024-07-12T11:48:19.434+0100] {logging_mixin.py:188} INFO - [2024-07-12T11:48:19.433+0100] {dag.py:3954} INFO - Setting next_dagrun for example_setup_teardown to 2024-07-11 00:00:00+00:00, run_after=2024-07-12 00:00:00+00:00
[2024-07-12T11:48:19.773+0100] {processor.py:183} INFO - Processing /home/victor/airflow_env/lib/python3.10/site-packages/airflow/example_dags/example_setup_teardown.py took 0.783 seconds
[2024-07-12T11:49:50.906+0100] {processor.py:161} INFO - Started process (PID=27415) to work on /home/victor/airflow_env/lib/python3.10/site-packages/airflow/example_dags/example_setup_teardown.py
[2024-07-12T11:49:50.910+0100] {processor.py:830} INFO - Processing file /home/victor/airflow_env/lib/python3.10/site-packages/airflow/example_dags/example_setup_teardown.py for tasks to queue
[2024-07-12T11:49:50.919+0100] {logging_mixin.py:188} INFO - [2024-07-12T11:49:50.917+0100] {dagbag.py:545} INFO - Filling up the DagBag from /home/victor/airflow_env/lib/python3.10/site-packages/airflow/example_dags/example_setup_teardown.py
[2024-07-12T11:49:50.953+0100] {processor.py:840} INFO - DAG(s) 'example_setup_teardown' retrieved from /home/victor/airflow_env/lib/python3.10/site-packages/airflow/example_dags/example_setup_teardown.py
[2024-07-12T11:49:51.060+0100] {logging_mixin.py:188} INFO - [2024-07-12T11:49:51.059+0100] {dag.py:3096} INFO - Sync 1 DAGs
[2024-07-12T11:49:51.193+0100] {logging_mixin.py:188} INFO - [2024-07-12T11:49:51.192+0100] {dag.py:3954} INFO - Setting next_dagrun for example_setup_teardown to 2024-07-11 00:00:00+00:00, run_after=2024-07-12 00:00:00+00:00
[2024-07-12T11:49:51.529+0100] {processor.py:183} INFO - Processing /home/victor/airflow_env/lib/python3.10/site-packages/airflow/example_dags/example_setup_teardown.py took 0.654 seconds
[2024-07-12T11:51:24.281+0100] {processor.py:161} INFO - Started process (PID=27801) to work on /home/victor/airflow_env/lib/python3.10/site-packages/airflow/example_dags/example_setup_teardown.py
[2024-07-12T11:51:24.293+0100] {processor.py:830} INFO - Processing file /home/victor/airflow_env/lib/python3.10/site-packages/airflow/example_dags/example_setup_teardown.py for tasks to queue
[2024-07-12T11:51:24.302+0100] {logging_mixin.py:188} INFO - [2024-07-12T11:51:24.300+0100] {dagbag.py:545} INFO - Filling up the DagBag from /home/victor/airflow_env/lib/python3.10/site-packages/airflow/example_dags/example_setup_teardown.py
[2024-07-12T11:51:24.369+0100] {processor.py:840} INFO - DAG(s) 'example_setup_teardown' retrieved from /home/victor/airflow_env/lib/python3.10/site-packages/airflow/example_dags/example_setup_teardown.py
[2024-07-12T11:51:24.499+0100] {logging_mixin.py:188} INFO - [2024-07-12T11:51:24.498+0100] {dag.py:3096} INFO - Sync 1 DAGs
[2024-07-12T11:51:24.642+0100] {logging_mixin.py:188} INFO - [2024-07-12T11:51:24.641+0100] {dag.py:3954} INFO - Setting next_dagrun for example_setup_teardown to 2024-07-11 00:00:00+00:00, run_after=2024-07-12 00:00:00+00:00
[2024-07-12T11:51:25.054+0100] {processor.py:183} INFO - Processing /home/victor/airflow_env/lib/python3.10/site-packages/airflow/example_dags/example_setup_teardown.py took 0.816 seconds
[2024-07-12T11:52:41.834+0100] {processor.py:161} INFO - Started process (PID=28123) to work on /home/victor/airflow_env/lib/python3.10/site-packages/airflow/example_dags/example_setup_teardown.py
[2024-07-12T11:52:41.839+0100] {processor.py:830} INFO - Processing file /home/victor/airflow_env/lib/python3.10/site-packages/airflow/example_dags/example_setup_teardown.py for tasks to queue
[2024-07-12T11:52:41.849+0100] {logging_mixin.py:188} INFO - [2024-07-12T11:52:41.847+0100] {dagbag.py:545} INFO - Filling up the DagBag from /home/victor/airflow_env/lib/python3.10/site-packages/airflow/example_dags/example_setup_teardown.py
[2024-07-12T11:52:41.886+0100] {processor.py:840} INFO - DAG(s) 'example_setup_teardown' retrieved from /home/victor/airflow_env/lib/python3.10/site-packages/airflow/example_dags/example_setup_teardown.py
[2024-07-12T11:52:42.049+0100] {logging_mixin.py:188} INFO - [2024-07-12T11:52:42.048+0100] {dag.py:3096} INFO - Sync 1 DAGs
[2024-07-12T11:52:42.242+0100] {logging_mixin.py:188} INFO - [2024-07-12T11:52:42.240+0100] {dag.py:3954} INFO - Setting next_dagrun for example_setup_teardown to 2024-07-11 00:00:00+00:00, run_after=2024-07-12 00:00:00+00:00
[2024-07-12T11:52:42.753+0100] {processor.py:183} INFO - Processing /home/victor/airflow_env/lib/python3.10/site-packages/airflow/example_dags/example_setup_teardown.py took 0.962 seconds
[2024-07-12T11:54:01.536+0100] {processor.py:161} INFO - Started process (PID=28455) to work on /home/victor/airflow_env/lib/python3.10/site-packages/airflow/example_dags/example_setup_teardown.py
[2024-07-12T11:54:01.541+0100] {processor.py:830} INFO - Processing file /home/victor/airflow_env/lib/python3.10/site-packages/airflow/example_dags/example_setup_teardown.py for tasks to queue
[2024-07-12T11:54:01.550+0100] {logging_mixin.py:188} INFO - [2024-07-12T11:54:01.548+0100] {dagbag.py:545} INFO - Filling up the DagBag from /home/victor/airflow_env/lib/python3.10/site-packages/airflow/example_dags/example_setup_teardown.py
[2024-07-12T11:54:01.589+0100] {processor.py:840} INFO - DAG(s) 'example_setup_teardown' retrieved from /home/victor/airflow_env/lib/python3.10/site-packages/airflow/example_dags/example_setup_teardown.py
[2024-07-12T11:54:01.702+0100] {logging_mixin.py:188} INFO - [2024-07-12T11:54:01.701+0100] {dag.py:3096} INFO - Sync 1 DAGs
[2024-07-12T11:54:01.845+0100] {logging_mixin.py:188} INFO - [2024-07-12T11:54:01.843+0100] {dag.py:3954} INFO - Setting next_dagrun for example_setup_teardown to 2024-07-11 00:00:00+00:00, run_after=2024-07-12 00:00:00+00:00
[2024-07-12T11:54:02.188+0100] {processor.py:183} INFO - Processing /home/victor/airflow_env/lib/python3.10/site-packages/airflow/example_dags/example_setup_teardown.py took 0.705 seconds
[2024-07-12T11:55:24.230+0100] {processor.py:161} INFO - Started process (PID=28795) to work on /home/victor/airflow_env/lib/python3.10/site-packages/airflow/example_dags/example_setup_teardown.py
[2024-07-12T11:55:24.238+0100] {processor.py:830} INFO - Processing file /home/victor/airflow_env/lib/python3.10/site-packages/airflow/example_dags/example_setup_teardown.py for tasks to queue
[2024-07-12T11:55:24.254+0100] {logging_mixin.py:188} INFO - [2024-07-12T11:55:24.252+0100] {dagbag.py:545} INFO - Filling up the DagBag from /home/victor/airflow_env/lib/python3.10/site-packages/airflow/example_dags/example_setup_teardown.py
[2024-07-12T11:55:24.328+0100] {processor.py:840} INFO - DAG(s) 'example_setup_teardown' retrieved from /home/victor/airflow_env/lib/python3.10/site-packages/airflow/example_dags/example_setup_teardown.py
[2024-07-12T11:55:24.473+0100] {logging_mixin.py:188} INFO - [2024-07-12T11:55:24.472+0100] {dag.py:3096} INFO - Sync 1 DAGs
[2024-07-12T11:55:24.688+0100] {logging_mixin.py:188} INFO - [2024-07-12T11:55:24.687+0100] {dag.py:3954} INFO - Setting next_dagrun for example_setup_teardown to 2024-07-11 00:00:00+00:00, run_after=2024-07-12 00:00:00+00:00
[2024-07-12T11:55:25.055+0100] {processor.py:183} INFO - Processing /home/victor/airflow_env/lib/python3.10/site-packages/airflow/example_dags/example_setup_teardown.py took 0.868 seconds
[2024-07-12T11:56:48.387+0100] {processor.py:161} INFO - Started process (PID=29141) to work on /home/victor/airflow_env/lib/python3.10/site-packages/airflow/example_dags/example_setup_teardown.py
[2024-07-12T11:56:48.411+0100] {processor.py:830} INFO - Processing file /home/victor/airflow_env/lib/python3.10/site-packages/airflow/example_dags/example_setup_teardown.py for tasks to queue
[2024-07-12T11:56:48.420+0100] {logging_mixin.py:188} INFO - [2024-07-12T11:56:48.418+0100] {dagbag.py:545} INFO - Filling up the DagBag from /home/victor/airflow_env/lib/python3.10/site-packages/airflow/example_dags/example_setup_teardown.py
[2024-07-12T11:56:48.529+0100] {processor.py:840} INFO - DAG(s) 'example_setup_teardown' retrieved from /home/victor/airflow_env/lib/python3.10/site-packages/airflow/example_dags/example_setup_teardown.py
[2024-07-12T11:56:48.976+0100] {logging_mixin.py:188} INFO - [2024-07-12T11:56:48.974+0100] {dag.py:3096} INFO - Sync 1 DAGs
[2024-07-12T11:56:49.431+0100] {logging_mixin.py:188} INFO - [2024-07-12T11:56:49.430+0100] {dag.py:3954} INFO - Setting next_dagrun for example_setup_teardown to 2024-07-11 00:00:00+00:00, run_after=2024-07-12 00:00:00+00:00
[2024-07-12T11:56:49.976+0100] {processor.py:183} INFO - Processing /home/victor/airflow_env/lib/python3.10/site-packages/airflow/example_dags/example_setup_teardown.py took 1.662 seconds
[2024-07-12T11:58:15.514+0100] {processor.py:161} INFO - Started process (PID=29496) to work on /home/victor/airflow_env/lib/python3.10/site-packages/airflow/example_dags/example_setup_teardown.py
[2024-07-12T11:58:15.518+0100] {processor.py:830} INFO - Processing file /home/victor/airflow_env/lib/python3.10/site-packages/airflow/example_dags/example_setup_teardown.py for tasks to queue
[2024-07-12T11:58:15.526+0100] {logging_mixin.py:188} INFO - [2024-07-12T11:58:15.525+0100] {dagbag.py:545} INFO - Filling up the DagBag from /home/victor/airflow_env/lib/python3.10/site-packages/airflow/example_dags/example_setup_teardown.py
[2024-07-12T11:58:15.577+0100] {processor.py:840} INFO - DAG(s) 'example_setup_teardown' retrieved from /home/victor/airflow_env/lib/python3.10/site-packages/airflow/example_dags/example_setup_teardown.py
[2024-07-12T11:58:15.839+0100] {logging_mixin.py:188} INFO - [2024-07-12T11:58:15.837+0100] {dag.py:3096} INFO - Sync 1 DAGs
[2024-07-12T11:58:15.976+0100] {logging_mixin.py:188} INFO - [2024-07-12T11:58:15.975+0100] {dag.py:3954} INFO - Setting next_dagrun for example_setup_teardown to 2024-07-11 00:00:00+00:00, run_after=2024-07-12 00:00:00+00:00
[2024-07-12T11:58:16.327+0100] {processor.py:183} INFO - Processing /home/victor/airflow_env/lib/python3.10/site-packages/airflow/example_dags/example_setup_teardown.py took 0.843 seconds
[2024-07-12T11:59:37.076+0100] {processor.py:161} INFO - Started process (PID=29835) to work on /home/victor/airflow_env/lib/python3.10/site-packages/airflow/example_dags/example_setup_teardown.py
[2024-07-12T11:59:37.084+0100] {processor.py:830} INFO - Processing file /home/victor/airflow_env/lib/python3.10/site-packages/airflow/example_dags/example_setup_teardown.py for tasks to queue
[2024-07-12T11:59:37.098+0100] {logging_mixin.py:188} INFO - [2024-07-12T11:59:37.096+0100] {dagbag.py:545} INFO - Filling up the DagBag from /home/victor/airflow_env/lib/python3.10/site-packages/airflow/example_dags/example_setup_teardown.py
[2024-07-12T11:59:37.168+0100] {processor.py:840} INFO - DAG(s) 'example_setup_teardown' retrieved from /home/victor/airflow_env/lib/python3.10/site-packages/airflow/example_dags/example_setup_teardown.py
[2024-07-12T11:59:37.306+0100] {logging_mixin.py:188} INFO - [2024-07-12T11:59:37.305+0100] {dag.py:3096} INFO - Sync 1 DAGs
[2024-07-12T11:59:37.450+0100] {logging_mixin.py:188} INFO - [2024-07-12T11:59:37.448+0100] {dag.py:3954} INFO - Setting next_dagrun for example_setup_teardown to 2024-07-11 00:00:00+00:00, run_after=2024-07-12 00:00:00+00:00
[2024-07-12T11:59:37.784+0100] {processor.py:183} INFO - Processing /home/victor/airflow_env/lib/python3.10/site-packages/airflow/example_dags/example_setup_teardown.py took 0.750 seconds
[2024-07-12T12:01:02.626+0100] {processor.py:161} INFO - Started process (PID=30185) to work on /home/victor/airflow_env/lib/python3.10/site-packages/airflow/example_dags/example_setup_teardown.py
[2024-07-12T12:01:02.642+0100] {processor.py:830} INFO - Processing file /home/victor/airflow_env/lib/python3.10/site-packages/airflow/example_dags/example_setup_teardown.py for tasks to queue
[2024-07-12T12:01:02.653+0100] {logging_mixin.py:188} INFO - [2024-07-12T12:01:02.650+0100] {dagbag.py:545} INFO - Filling up the DagBag from /home/victor/airflow_env/lib/python3.10/site-packages/airflow/example_dags/example_setup_teardown.py
[2024-07-12T12:01:02.713+0100] {processor.py:840} INFO - DAG(s) 'example_setup_teardown' retrieved from /home/victor/airflow_env/lib/python3.10/site-packages/airflow/example_dags/example_setup_teardown.py
[2024-07-12T12:01:02.868+0100] {logging_mixin.py:188} INFO - [2024-07-12T12:01:02.867+0100] {dag.py:3096} INFO - Sync 1 DAGs
[2024-07-12T12:01:03.288+0100] {logging_mixin.py:188} INFO - [2024-07-12T12:01:03.287+0100] {dag.py:3954} INFO - Setting next_dagrun for example_setup_teardown to 2024-07-11 00:00:00+00:00, run_after=2024-07-12 00:00:00+00:00
[2024-07-12T12:01:04.079+0100] {processor.py:183} INFO - Processing /home/victor/airflow_env/lib/python3.10/site-packages/airflow/example_dags/example_setup_teardown.py took 1.540 seconds
[2024-07-12T12:02:38.307+0100] {processor.py:161} INFO - Started process (PID=30573) to work on /home/victor/airflow_env/lib/python3.10/site-packages/airflow/example_dags/example_setup_teardown.py
[2024-07-12T12:02:38.312+0100] {processor.py:830} INFO - Processing file /home/victor/airflow_env/lib/python3.10/site-packages/airflow/example_dags/example_setup_teardown.py for tasks to queue
[2024-07-12T12:02:38.322+0100] {logging_mixin.py:188} INFO - [2024-07-12T12:02:38.319+0100] {dagbag.py:545} INFO - Filling up the DagBag from /home/victor/airflow_env/lib/python3.10/site-packages/airflow/example_dags/example_setup_teardown.py
[2024-07-12T12:02:38.372+0100] {processor.py:840} INFO - DAG(s) 'example_setup_teardown' retrieved from /home/victor/airflow_env/lib/python3.10/site-packages/airflow/example_dags/example_setup_teardown.py
[2024-07-12T12:02:38.490+0100] {logging_mixin.py:188} INFO - [2024-07-12T12:02:38.489+0100] {dag.py:3096} INFO - Sync 1 DAGs
[2024-07-12T12:02:38.632+0100] {logging_mixin.py:188} INFO - [2024-07-12T12:02:38.630+0100] {dag.py:3954} INFO - Setting next_dagrun for example_setup_teardown to 2024-07-11 00:00:00+00:00, run_after=2024-07-12 00:00:00+00:00
[2024-07-12T12:02:38.998+0100] {processor.py:183} INFO - Processing /home/victor/airflow_env/lib/python3.10/site-packages/airflow/example_dags/example_setup_teardown.py took 0.721 seconds
[2024-07-12T12:04:23.989+0100] {processor.py:161} INFO - Started process (PID=30998) to work on /home/victor/airflow_env/lib/python3.10/site-packages/airflow/example_dags/example_setup_teardown.py
[2024-07-12T12:04:23.995+0100] {processor.py:830} INFO - Processing file /home/victor/airflow_env/lib/python3.10/site-packages/airflow/example_dags/example_setup_teardown.py for tasks to queue
[2024-07-12T12:04:24.004+0100] {logging_mixin.py:188} INFO - [2024-07-12T12:04:24.002+0100] {dagbag.py:545} INFO - Filling up the DagBag from /home/victor/airflow_env/lib/python3.10/site-packages/airflow/example_dags/example_setup_teardown.py
[2024-07-12T12:04:24.041+0100] {processor.py:840} INFO - DAG(s) 'example_setup_teardown' retrieved from /home/victor/airflow_env/lib/python3.10/site-packages/airflow/example_dags/example_setup_teardown.py
[2024-07-12T12:04:24.155+0100] {logging_mixin.py:188} INFO - [2024-07-12T12:04:24.154+0100] {dag.py:3096} INFO - Sync 1 DAGs
[2024-07-12T12:04:24.303+0100] {logging_mixin.py:188} INFO - [2024-07-12T12:04:24.301+0100] {dag.py:3954} INFO - Setting next_dagrun for example_setup_teardown to 2024-07-11 00:00:00+00:00, run_after=2024-07-12 00:00:00+00:00
[2024-07-12T12:04:24.837+0100] {processor.py:183} INFO - Processing /home/victor/airflow_env/lib/python3.10/site-packages/airflow/example_dags/example_setup_teardown.py took 0.885 seconds
[2024-07-12T12:05:51.717+0100] {processor.py:161} INFO - Started process (PID=31358) to work on /home/victor/airflow_env/lib/python3.10/site-packages/airflow/example_dags/example_setup_teardown.py
[2024-07-12T12:05:51.723+0100] {processor.py:830} INFO - Processing file /home/victor/airflow_env/lib/python3.10/site-packages/airflow/example_dags/example_setup_teardown.py for tasks to queue
[2024-07-12T12:05:51.732+0100] {logging_mixin.py:188} INFO - [2024-07-12T12:05:51.730+0100] {dagbag.py:545} INFO - Filling up the DagBag from /home/victor/airflow_env/lib/python3.10/site-packages/airflow/example_dags/example_setup_teardown.py
[2024-07-12T12:05:51.775+0100] {processor.py:840} INFO - DAG(s) 'example_setup_teardown' retrieved from /home/victor/airflow_env/lib/python3.10/site-packages/airflow/example_dags/example_setup_teardown.py
[2024-07-12T12:05:51.892+0100] {logging_mixin.py:188} INFO - [2024-07-12T12:05:51.891+0100] {dag.py:3096} INFO - Sync 1 DAGs
[2024-07-12T12:05:52.035+0100] {logging_mixin.py:188} INFO - [2024-07-12T12:05:52.034+0100] {dag.py:3954} INFO - Setting next_dagrun for example_setup_teardown to 2024-07-11 00:00:00+00:00, run_after=2024-07-12 00:00:00+00:00
[2024-07-12T12:05:52.443+0100] {processor.py:183} INFO - Processing /home/victor/airflow_env/lib/python3.10/site-packages/airflow/example_dags/example_setup_teardown.py took 0.758 seconds
[2024-07-12T12:07:10.913+0100] {processor.py:161} INFO - Started process (PID=31688) to work on /home/victor/airflow_env/lib/python3.10/site-packages/airflow/example_dags/example_setup_teardown.py
[2024-07-12T12:07:10.918+0100] {processor.py:830} INFO - Processing file /home/victor/airflow_env/lib/python3.10/site-packages/airflow/example_dags/example_setup_teardown.py for tasks to queue
[2024-07-12T12:07:10.933+0100] {logging_mixin.py:188} INFO - [2024-07-12T12:07:10.926+0100] {dagbag.py:545} INFO - Filling up the DagBag from /home/victor/airflow_env/lib/python3.10/site-packages/airflow/example_dags/example_setup_teardown.py
[2024-07-12T12:07:10.976+0100] {processor.py:840} INFO - DAG(s) 'example_setup_teardown' retrieved from /home/victor/airflow_env/lib/python3.10/site-packages/airflow/example_dags/example_setup_teardown.py
[2024-07-12T12:07:11.096+0100] {logging_mixin.py:188} INFO - [2024-07-12T12:07:11.095+0100] {dag.py:3096} INFO - Sync 1 DAGs
[2024-07-12T12:07:11.224+0100] {logging_mixin.py:188} INFO - [2024-07-12T12:07:11.223+0100] {dag.py:3954} INFO - Setting next_dagrun for example_setup_teardown to 2024-07-11 00:00:00+00:00, run_after=2024-07-12 00:00:00+00:00
[2024-07-12T12:07:11.630+0100] {processor.py:183} INFO - Processing /home/victor/airflow_env/lib/python3.10/site-packages/airflow/example_dags/example_setup_teardown.py took 0.746 seconds
[2024-07-12T12:08:35.993+0100] {processor.py:161} INFO - Started process (PID=32036) to work on /home/victor/airflow_env/lib/python3.10/site-packages/airflow/example_dags/example_setup_teardown.py
[2024-07-12T12:08:35.999+0100] {processor.py:830} INFO - Processing file /home/victor/airflow_env/lib/python3.10/site-packages/airflow/example_dags/example_setup_teardown.py for tasks to queue
[2024-07-12T12:08:36.013+0100] {logging_mixin.py:188} INFO - [2024-07-12T12:08:36.011+0100] {dagbag.py:545} INFO - Filling up the DagBag from /home/victor/airflow_env/lib/python3.10/site-packages/airflow/example_dags/example_setup_teardown.py
[2024-07-12T12:08:36.064+0100] {processor.py:840} INFO - DAG(s) 'example_setup_teardown' retrieved from /home/victor/airflow_env/lib/python3.10/site-packages/airflow/example_dags/example_setup_teardown.py
[2024-07-12T12:08:36.194+0100] {logging_mixin.py:188} INFO - [2024-07-12T12:08:36.193+0100] {dag.py:3096} INFO - Sync 1 DAGs
[2024-07-12T12:08:36.328+0100] {logging_mixin.py:188} INFO - [2024-07-12T12:08:36.327+0100] {dag.py:3954} INFO - Setting next_dagrun for example_setup_teardown to 2024-07-11 00:00:00+00:00, run_after=2024-07-12 00:00:00+00:00
[2024-07-12T12:08:36.626+0100] {processor.py:183} INFO - Processing /home/victor/airflow_env/lib/python3.10/site-packages/airflow/example_dags/example_setup_teardown.py took 0.706 seconds
[2024-07-12T12:10:05.252+0100] {processor.py:161} INFO - Started process (PID=32407) to work on /home/victor/airflow_env/lib/python3.10/site-packages/airflow/example_dags/example_setup_teardown.py
[2024-07-12T12:10:05.264+0100] {processor.py:830} INFO - Processing file /home/victor/airflow_env/lib/python3.10/site-packages/airflow/example_dags/example_setup_teardown.py for tasks to queue
[2024-07-12T12:10:05.283+0100] {logging_mixin.py:188} INFO - [2024-07-12T12:10:05.278+0100] {dagbag.py:545} INFO - Filling up the DagBag from /home/victor/airflow_env/lib/python3.10/site-packages/airflow/example_dags/example_setup_teardown.py
[2024-07-12T12:10:05.365+0100] {processor.py:840} INFO - DAG(s) 'example_setup_teardown' retrieved from /home/victor/airflow_env/lib/python3.10/site-packages/airflow/example_dags/example_setup_teardown.py
[2024-07-12T12:10:05.531+0100] {logging_mixin.py:188} INFO - [2024-07-12T12:10:05.530+0100] {dag.py:3096} INFO - Sync 1 DAGs
[2024-07-12T12:10:05.674+0100] {logging_mixin.py:188} INFO - [2024-07-12T12:10:05.672+0100] {dag.py:3954} INFO - Setting next_dagrun for example_setup_teardown to 2024-07-11 00:00:00+00:00, run_after=2024-07-12 00:00:00+00:00
[2024-07-12T12:10:06.032+0100] {processor.py:183} INFO - Processing /home/victor/airflow_env/lib/python3.10/site-packages/airflow/example_dags/example_setup_teardown.py took 0.850 seconds
[2024-07-12T12:11:34.157+0100] {processor.py:161} INFO - Started process (PID=32773) to work on /home/victor/airflow_env/lib/python3.10/site-packages/airflow/example_dags/example_setup_teardown.py
[2024-07-12T12:11:34.163+0100] {processor.py:830} INFO - Processing file /home/victor/airflow_env/lib/python3.10/site-packages/airflow/example_dags/example_setup_teardown.py for tasks to queue
[2024-07-12T12:11:34.177+0100] {logging_mixin.py:188} INFO - [2024-07-12T12:11:34.170+0100] {dagbag.py:545} INFO - Filling up the DagBag from /home/victor/airflow_env/lib/python3.10/site-packages/airflow/example_dags/example_setup_teardown.py
[2024-07-12T12:11:34.228+0100] {processor.py:840} INFO - DAG(s) 'example_setup_teardown' retrieved from /home/victor/airflow_env/lib/python3.10/site-packages/airflow/example_dags/example_setup_teardown.py
[2024-07-12T12:11:34.366+0100] {logging_mixin.py:188} INFO - [2024-07-12T12:11:34.365+0100] {dag.py:3096} INFO - Sync 1 DAGs
[2024-07-12T12:11:34.523+0100] {logging_mixin.py:188} INFO - [2024-07-12T12:11:34.522+0100] {dag.py:3954} INFO - Setting next_dagrun for example_setup_teardown to 2024-07-11 00:00:00+00:00, run_after=2024-07-12 00:00:00+00:00
[2024-07-12T12:11:35.018+0100] {processor.py:183} INFO - Processing /home/victor/airflow_env/lib/python3.10/site-packages/airflow/example_dags/example_setup_teardown.py took 0.896 seconds
[2024-07-12T12:12:55.147+0100] {processor.py:161} INFO - Started process (PID=33110) to work on /home/victor/airflow_env/lib/python3.10/site-packages/airflow/example_dags/example_setup_teardown.py
[2024-07-12T12:12:55.152+0100] {processor.py:830} INFO - Processing file /home/victor/airflow_env/lib/python3.10/site-packages/airflow/example_dags/example_setup_teardown.py for tasks to queue
[2024-07-12T12:12:55.162+0100] {logging_mixin.py:188} INFO - [2024-07-12T12:12:55.160+0100] {dagbag.py:545} INFO - Filling up the DagBag from /home/victor/airflow_env/lib/python3.10/site-packages/airflow/example_dags/example_setup_teardown.py
[2024-07-12T12:12:55.200+0100] {processor.py:840} INFO - DAG(s) 'example_setup_teardown' retrieved from /home/victor/airflow_env/lib/python3.10/site-packages/airflow/example_dags/example_setup_teardown.py
[2024-07-12T12:12:55.313+0100] {logging_mixin.py:188} INFO - [2024-07-12T12:12:55.312+0100] {dag.py:3096} INFO - Sync 1 DAGs
[2024-07-12T12:12:55.429+0100] {logging_mixin.py:188} INFO - [2024-07-12T12:12:55.429+0100] {dag.py:3954} INFO - Setting next_dagrun for example_setup_teardown to 2024-07-11 00:00:00+00:00, run_after=2024-07-12 00:00:00+00:00
[2024-07-12T12:12:55.719+0100] {processor.py:183} INFO - Processing /home/victor/airflow_env/lib/python3.10/site-packages/airflow/example_dags/example_setup_teardown.py took 0.606 seconds
[2024-07-12T12:15:51.059+0100] {processor.py:161} INFO - Started process (PID=33824) to work on /home/victor/airflow_env/lib/python3.10/site-packages/airflow/example_dags/example_setup_teardown.py
[2024-07-12T12:15:51.063+0100] {processor.py:830} INFO - Processing file /home/victor/airflow_env/lib/python3.10/site-packages/airflow/example_dags/example_setup_teardown.py for tasks to queue
[2024-07-12T12:15:51.073+0100] {logging_mixin.py:188} INFO - [2024-07-12T12:15:51.071+0100] {dagbag.py:545} INFO - Filling up the DagBag from /home/victor/airflow_env/lib/python3.10/site-packages/airflow/example_dags/example_setup_teardown.py
[2024-07-12T12:15:51.111+0100] {processor.py:840} INFO - DAG(s) 'example_setup_teardown' retrieved from /home/victor/airflow_env/lib/python3.10/site-packages/airflow/example_dags/example_setup_teardown.py
[2024-07-12T12:15:51.267+0100] {logging_mixin.py:188} INFO - [2024-07-12T12:15:51.266+0100] {dag.py:3096} INFO - Sync 1 DAGs
[2024-07-12T12:15:51.416+0100] {logging_mixin.py:188} INFO - [2024-07-12T12:15:51.415+0100] {dag.py:3954} INFO - Setting next_dagrun for example_setup_teardown to 2024-07-11 00:00:00+00:00, run_after=2024-07-12 00:00:00+00:00
[2024-07-12T12:15:51.833+0100] {processor.py:183} INFO - Processing /home/victor/airflow_env/lib/python3.10/site-packages/airflow/example_dags/example_setup_teardown.py took 0.829 seconds
[2024-07-12T12:17:51.393+0100] {processor.py:161} INFO - Started process (PID=34309) to work on /home/victor/airflow_env/lib/python3.10/site-packages/airflow/example_dags/example_setup_teardown.py
[2024-07-12T12:17:51.401+0100] {processor.py:830} INFO - Processing file /home/victor/airflow_env/lib/python3.10/site-packages/airflow/example_dags/example_setup_teardown.py for tasks to queue
[2024-07-12T12:17:51.409+0100] {logging_mixin.py:188} INFO - [2024-07-12T12:17:51.407+0100] {dagbag.py:545} INFO - Filling up the DagBag from /home/victor/airflow_env/lib/python3.10/site-packages/airflow/example_dags/example_setup_teardown.py
[2024-07-12T12:17:51.444+0100] {processor.py:840} INFO - DAG(s) 'example_setup_teardown' retrieved from /home/victor/airflow_env/lib/python3.10/site-packages/airflow/example_dags/example_setup_teardown.py
[2024-07-12T12:17:51.560+0100] {logging_mixin.py:188} INFO - [2024-07-12T12:17:51.559+0100] {dag.py:3096} INFO - Sync 1 DAGs
[2024-07-12T12:17:51.690+0100] {logging_mixin.py:188} INFO - [2024-07-12T12:17:51.689+0100] {dag.py:3954} INFO - Setting next_dagrun for example_setup_teardown to 2024-07-11 00:00:00+00:00, run_after=2024-07-12 00:00:00+00:00
[2024-07-12T12:17:52.032+0100] {processor.py:183} INFO - Processing /home/victor/airflow_env/lib/python3.10/site-packages/airflow/example_dags/example_setup_teardown.py took 0.675 seconds
[2024-07-12T12:19:44.372+0100] {processor.py:161} INFO - Started process (PID=34765) to work on /home/victor/airflow_env/lib/python3.10/site-packages/airflow/example_dags/example_setup_teardown.py
[2024-07-12T12:19:44.377+0100] {processor.py:830} INFO - Processing file /home/victor/airflow_env/lib/python3.10/site-packages/airflow/example_dags/example_setup_teardown.py for tasks to queue
[2024-07-12T12:19:44.385+0100] {logging_mixin.py:188} INFO - [2024-07-12T12:19:44.383+0100] {dagbag.py:545} INFO - Filling up the DagBag from /home/victor/airflow_env/lib/python3.10/site-packages/airflow/example_dags/example_setup_teardown.py
[2024-07-12T12:19:44.421+0100] {processor.py:840} INFO - DAG(s) 'example_setup_teardown' retrieved from /home/victor/airflow_env/lib/python3.10/site-packages/airflow/example_dags/example_setup_teardown.py
[2024-07-12T12:19:44.545+0100] {logging_mixin.py:188} INFO - [2024-07-12T12:19:44.544+0100] {dag.py:3096} INFO - Sync 1 DAGs
[2024-07-12T12:19:44.763+0100] {logging_mixin.py:188} INFO - [2024-07-12T12:19:44.762+0100] {dag.py:3954} INFO - Setting next_dagrun for example_setup_teardown to 2024-07-11 00:00:00+00:00, run_after=2024-07-12 00:00:00+00:00
[2024-07-12T12:19:45.284+0100] {processor.py:183} INFO - Processing /home/victor/airflow_env/lib/python3.10/site-packages/airflow/example_dags/example_setup_teardown.py took 0.957 seconds
[2024-07-12T12:21:15.887+0100] {processor.py:161} INFO - Started process (PID=35141) to work on /home/victor/airflow_env/lib/python3.10/site-packages/airflow/example_dags/example_setup_teardown.py
[2024-07-12T12:21:15.892+0100] {processor.py:830} INFO - Processing file /home/victor/airflow_env/lib/python3.10/site-packages/airflow/example_dags/example_setup_teardown.py for tasks to queue
[2024-07-12T12:21:15.905+0100] {logging_mixin.py:188} INFO - [2024-07-12T12:21:15.903+0100] {dagbag.py:545} INFO - Filling up the DagBag from /home/victor/airflow_env/lib/python3.10/site-packages/airflow/example_dags/example_setup_teardown.py
[2024-07-12T12:21:15.962+0100] {processor.py:840} INFO - DAG(s) 'example_setup_teardown' retrieved from /home/victor/airflow_env/lib/python3.10/site-packages/airflow/example_dags/example_setup_teardown.py
[2024-07-12T12:21:16.123+0100] {logging_mixin.py:188} INFO - [2024-07-12T12:21:16.122+0100] {dag.py:3096} INFO - Sync 1 DAGs
[2024-07-12T12:21:16.257+0100] {logging_mixin.py:188} INFO - [2024-07-12T12:21:16.256+0100] {dag.py:3954} INFO - Setting next_dagrun for example_setup_teardown to 2024-07-11 00:00:00+00:00, run_after=2024-07-12 00:00:00+00:00
[2024-07-12T12:21:16.625+0100] {processor.py:183} INFO - Processing /home/victor/airflow_env/lib/python3.10/site-packages/airflow/example_dags/example_setup_teardown.py took 0.796 seconds
[2024-07-12T12:22:43.248+0100] {processor.py:161} INFO - Started process (PID=35501) to work on /home/victor/airflow_env/lib/python3.10/site-packages/airflow/example_dags/example_setup_teardown.py
[2024-07-12T12:22:43.257+0100] {processor.py:830} INFO - Processing file /home/victor/airflow_env/lib/python3.10/site-packages/airflow/example_dags/example_setup_teardown.py for tasks to queue
[2024-07-12T12:22:43.267+0100] {logging_mixin.py:188} INFO - [2024-07-12T12:22:43.265+0100] {dagbag.py:545} INFO - Filling up the DagBag from /home/victor/airflow_env/lib/python3.10/site-packages/airflow/example_dags/example_setup_teardown.py
[2024-07-12T12:22:43.311+0100] {processor.py:840} INFO - DAG(s) 'example_setup_teardown' retrieved from /home/victor/airflow_env/lib/python3.10/site-packages/airflow/example_dags/example_setup_teardown.py
[2024-07-12T12:22:43.476+0100] {logging_mixin.py:188} INFO - [2024-07-12T12:22:43.474+0100] {dag.py:3096} INFO - Sync 1 DAGs
[2024-07-12T12:22:43.666+0100] {logging_mixin.py:188} INFO - [2024-07-12T12:22:43.664+0100] {dag.py:3954} INFO - Setting next_dagrun for example_setup_teardown to 2024-07-11 00:00:00+00:00, run_after=2024-07-12 00:00:00+00:00
[2024-07-12T12:22:44.015+0100] {processor.py:183} INFO - Processing /home/victor/airflow_env/lib/python3.10/site-packages/airflow/example_dags/example_setup_teardown.py took 0.817 seconds
[2024-07-12T12:24:16.436+0100] {processor.py:161} INFO - Started process (PID=35880) to work on /home/victor/airflow_env/lib/python3.10/site-packages/airflow/example_dags/example_setup_teardown.py
[2024-07-12T12:24:16.441+0100] {processor.py:830} INFO - Processing file /home/victor/airflow_env/lib/python3.10/site-packages/airflow/example_dags/example_setup_teardown.py for tasks to queue
[2024-07-12T12:24:16.449+0100] {logging_mixin.py:188} INFO - [2024-07-12T12:24:16.448+0100] {dagbag.py:545} INFO - Filling up the DagBag from /home/victor/airflow_env/lib/python3.10/site-packages/airflow/example_dags/example_setup_teardown.py
[2024-07-12T12:24:16.488+0100] {processor.py:840} INFO - DAG(s) 'example_setup_teardown' retrieved from /home/victor/airflow_env/lib/python3.10/site-packages/airflow/example_dags/example_setup_teardown.py
[2024-07-12T12:24:16.629+0100] {logging_mixin.py:188} INFO - [2024-07-12T12:24:16.628+0100] {dag.py:3096} INFO - Sync 1 DAGs
[2024-07-12T12:24:16.764+0100] {logging_mixin.py:188} INFO - [2024-07-12T12:24:16.763+0100] {dag.py:3954} INFO - Setting next_dagrun for example_setup_teardown to 2024-07-11 00:00:00+00:00, run_after=2024-07-12 00:00:00+00:00
[2024-07-12T12:24:17.183+0100] {processor.py:183} INFO - Processing /home/victor/airflow_env/lib/python3.10/site-packages/airflow/example_dags/example_setup_teardown.py took 0.779 seconds
[2024-07-12T12:25:55.002+0100] {processor.py:161} INFO - Started process (PID=36279) to work on /home/victor/airflow_env/lib/python3.10/site-packages/airflow/example_dags/example_setup_teardown.py
[2024-07-12T12:25:55.008+0100] {processor.py:830} INFO - Processing file /home/victor/airflow_env/lib/python3.10/site-packages/airflow/example_dags/example_setup_teardown.py for tasks to queue
[2024-07-12T12:25:55.018+0100] {logging_mixin.py:188} INFO - [2024-07-12T12:25:55.016+0100] {dagbag.py:545} INFO - Filling up the DagBag from /home/victor/airflow_env/lib/python3.10/site-packages/airflow/example_dags/example_setup_teardown.py
[2024-07-12T12:25:55.060+0100] {processor.py:840} INFO - DAG(s) 'example_setup_teardown' retrieved from /home/victor/airflow_env/lib/python3.10/site-packages/airflow/example_dags/example_setup_teardown.py
[2024-07-12T12:25:55.228+0100] {logging_mixin.py:188} INFO - [2024-07-12T12:25:55.227+0100] {dag.py:3096} INFO - Sync 1 DAGs
[2024-07-12T12:25:55.424+0100] {logging_mixin.py:188} INFO - [2024-07-12T12:25:55.423+0100] {dag.py:3954} INFO - Setting next_dagrun for example_setup_teardown to 2024-07-11 00:00:00+00:00, run_after=2024-07-12 00:00:00+00:00
[2024-07-12T12:25:56.458+0100] {processor.py:183} INFO - Processing /home/victor/airflow_env/lib/python3.10/site-packages/airflow/example_dags/example_setup_teardown.py took 1.499 seconds
[2024-07-12T12:27:26.879+0100] {processor.py:161} INFO - Started process (PID=36654) to work on /home/victor/airflow_env/lib/python3.10/site-packages/airflow/example_dags/example_setup_teardown.py
[2024-07-12T12:27:26.884+0100] {processor.py:830} INFO - Processing file /home/victor/airflow_env/lib/python3.10/site-packages/airflow/example_dags/example_setup_teardown.py for tasks to queue
[2024-07-12T12:27:26.894+0100] {logging_mixin.py:188} INFO - [2024-07-12T12:27:26.892+0100] {dagbag.py:545} INFO - Filling up the DagBag from /home/victor/airflow_env/lib/python3.10/site-packages/airflow/example_dags/example_setup_teardown.py
[2024-07-12T12:27:26.930+0100] {processor.py:840} INFO - DAG(s) 'example_setup_teardown' retrieved from /home/victor/airflow_env/lib/python3.10/site-packages/airflow/example_dags/example_setup_teardown.py
[2024-07-12T12:27:27.040+0100] {logging_mixin.py:188} INFO - [2024-07-12T12:27:27.039+0100] {dag.py:3096} INFO - Sync 1 DAGs
[2024-07-12T12:27:27.153+0100] {logging_mixin.py:188} INFO - [2024-07-12T12:27:27.153+0100] {dag.py:3954} INFO - Setting next_dagrun for example_setup_teardown to 2024-07-11 00:00:00+00:00, run_after=2024-07-12 00:00:00+00:00
[2024-07-12T12:27:27.445+0100] {processor.py:183} INFO - Processing /home/victor/airflow_env/lib/python3.10/site-packages/airflow/example_dags/example_setup_teardown.py took 0.595 seconds
[2024-07-12T12:28:55.681+0100] {processor.py:161} INFO - Started process (PID=37017) to work on /home/victor/airflow_env/lib/python3.10/site-packages/airflow/example_dags/example_setup_teardown.py
[2024-07-12T12:28:55.695+0100] {processor.py:830} INFO - Processing file /home/victor/airflow_env/lib/python3.10/site-packages/airflow/example_dags/example_setup_teardown.py for tasks to queue
[2024-07-12T12:28:55.713+0100] {logging_mixin.py:188} INFO - [2024-07-12T12:28:55.702+0100] {dagbag.py:545} INFO - Filling up the DagBag from /home/victor/airflow_env/lib/python3.10/site-packages/airflow/example_dags/example_setup_teardown.py
[2024-07-12T12:28:55.798+0100] {processor.py:840} INFO - DAG(s) 'example_setup_teardown' retrieved from /home/victor/airflow_env/lib/python3.10/site-packages/airflow/example_dags/example_setup_teardown.py
[2024-07-12T12:28:55.926+0100] {logging_mixin.py:188} INFO - [2024-07-12T12:28:55.925+0100] {dag.py:3096} INFO - Sync 1 DAGs
[2024-07-12T12:28:56.048+0100] {logging_mixin.py:188} INFO - [2024-07-12T12:28:56.047+0100] {dag.py:3954} INFO - Setting next_dagrun for example_setup_teardown to 2024-07-11 00:00:00+00:00, run_after=2024-07-12 00:00:00+00:00
[2024-07-12T12:28:56.363+0100] {processor.py:183} INFO - Processing /home/victor/airflow_env/lib/python3.10/site-packages/airflow/example_dags/example_setup_teardown.py took 0.724 seconds
[2024-07-12T12:30:31.851+0100] {processor.py:161} INFO - Started process (PID=37409) to work on /home/victor/airflow_env/lib/python3.10/site-packages/airflow/example_dags/example_setup_teardown.py
[2024-07-12T12:30:31.855+0100] {processor.py:830} INFO - Processing file /home/victor/airflow_env/lib/python3.10/site-packages/airflow/example_dags/example_setup_teardown.py for tasks to queue
[2024-07-12T12:30:31.864+0100] {logging_mixin.py:188} INFO - [2024-07-12T12:30:31.862+0100] {dagbag.py:545} INFO - Filling up the DagBag from /home/victor/airflow_env/lib/python3.10/site-packages/airflow/example_dags/example_setup_teardown.py
[2024-07-12T12:30:31.897+0100] {processor.py:840} INFO - DAG(s) 'example_setup_teardown' retrieved from /home/victor/airflow_env/lib/python3.10/site-packages/airflow/example_dags/example_setup_teardown.py
[2024-07-12T12:30:32.012+0100] {logging_mixin.py:188} INFO - [2024-07-12T12:30:32.011+0100] {dag.py:3096} INFO - Sync 1 DAGs
[2024-07-12T12:30:32.144+0100] {logging_mixin.py:188} INFO - [2024-07-12T12:30:32.143+0100] {dag.py:3954} INFO - Setting next_dagrun for example_setup_teardown to 2024-07-11 00:00:00+00:00, run_after=2024-07-12 00:00:00+00:00
[2024-07-12T12:30:32.486+0100] {processor.py:183} INFO - Processing /home/victor/airflow_env/lib/python3.10/site-packages/airflow/example_dags/example_setup_teardown.py took 0.689 seconds
[2024-07-12T12:32:00.251+0100] {processor.py:161} INFO - Started process (PID=37776) to work on /home/victor/airflow_env/lib/python3.10/site-packages/airflow/example_dags/example_setup_teardown.py
[2024-07-12T12:32:00.255+0100] {processor.py:830} INFO - Processing file /home/victor/airflow_env/lib/python3.10/site-packages/airflow/example_dags/example_setup_teardown.py for tasks to queue
[2024-07-12T12:32:00.263+0100] {logging_mixin.py:188} INFO - [2024-07-12T12:32:00.261+0100] {dagbag.py:545} INFO - Filling up the DagBag from /home/victor/airflow_env/lib/python3.10/site-packages/airflow/example_dags/example_setup_teardown.py
[2024-07-12T12:32:00.297+0100] {processor.py:840} INFO - DAG(s) 'example_setup_teardown' retrieved from /home/victor/airflow_env/lib/python3.10/site-packages/airflow/example_dags/example_setup_teardown.py
[2024-07-12T12:32:00.405+0100] {logging_mixin.py:188} INFO - [2024-07-12T12:32:00.404+0100] {dag.py:3096} INFO - Sync 1 DAGs
[2024-07-12T12:32:00.537+0100] {logging_mixin.py:188} INFO - [2024-07-12T12:32:00.536+0100] {dag.py:3954} INFO - Setting next_dagrun for example_setup_teardown to 2024-07-11 00:00:00+00:00, run_after=2024-07-12 00:00:00+00:00
[2024-07-12T12:32:00.846+0100] {processor.py:183} INFO - Processing /home/victor/airflow_env/lib/python3.10/site-packages/airflow/example_dags/example_setup_teardown.py took 0.625 seconds
