[2024-07-12T11:05:29.281+0100] {processor.py:161} INFO - Started process (PID=16127) to work on /home/victor/airflow_env/lib/python3.10/site-packages/airflow/example_dags/example_python_decorator.py
[2024-07-12T11:05:29.286+0100] {processor.py:830} INFO - Processing file /home/victor/airflow_env/lib/python3.10/site-packages/airflow/example_dags/example_python_decorator.py for tasks to queue
[2024-07-12T11:05:29.296+0100] {logging_mixin.py:188} INFO - [2024-07-12T11:05:29.293+0100] {dagbag.py:545} INFO - Filling up the DagBag from /home/victor/airflow_env/lib/python3.10/site-packages/airflow/example_dags/example_python_decorator.py
[2024-07-12T11:05:29.373+0100] {processor.py:840} INFO - DAG(s) 'example_python_decorator' retrieved from /home/victor/airflow_env/lib/python3.10/site-packages/airflow/example_dags/example_python_decorator.py
[2024-07-12T11:05:30.160+0100] {logging_mixin.py:188} INFO - [2024-07-12T11:05:30.157+0100] {override.py:1847} INFO - Created Permission View: can edit on DAG:example_python_decorator
[2024-07-12T11:05:30.444+0100] {logging_mixin.py:188} INFO - [2024-07-12T11:05:30.442+0100] {override.py:1847} INFO - Created Permission View: can read on DAG:example_python_decorator
[2024-07-12T11:05:30.687+0100] {logging_mixin.py:188} INFO - [2024-07-12T11:05:30.685+0100] {override.py:1847} INFO - Created Permission View: can delete on DAG:example_python_decorator
[2024-07-12T11:05:30.690+0100] {logging_mixin.py:188} INFO - [2024-07-12T11:05:30.689+0100] {dag.py:3096} INFO - Sync 1 DAGs
[2024-07-12T11:05:30.764+0100] {logging_mixin.py:188} INFO - [2024-07-12T11:05:30.763+0100] {dag.py:3118} INFO - Creating ORM DAG for example_python_decorator
[2024-07-12T11:05:30.767+0100] {logging_mixin.py:188} INFO - [2024-07-12T11:05:30.766+0100] {dag.py:3954} INFO - Setting next_dagrun for example_python_decorator to None, run_after=None
[2024-07-12T11:05:31.234+0100] {processor.py:183} INFO - Processing /home/victor/airflow_env/lib/python3.10/site-packages/airflow/example_dags/example_python_decorator.py took 1.981 seconds
[2024-07-12T11:08:25.909+0100] {processor.py:161} INFO - Started process (PID=16831) to work on /home/victor/airflow_env/lib/python3.10/site-packages/airflow/example_dags/example_python_decorator.py
[2024-07-12T11:08:25.915+0100] {processor.py:830} INFO - Processing file /home/victor/airflow_env/lib/python3.10/site-packages/airflow/example_dags/example_python_decorator.py for tasks to queue
[2024-07-12T11:08:25.934+0100] {logging_mixin.py:188} INFO - [2024-07-12T11:08:25.932+0100] {dagbag.py:545} INFO - Filling up the DagBag from /home/victor/airflow_env/lib/python3.10/site-packages/airflow/example_dags/example_python_decorator.py
[2024-07-12T11:08:26.132+0100] {processor.py:840} INFO - DAG(s) 'example_python_decorator' retrieved from /home/victor/airflow_env/lib/python3.10/site-packages/airflow/example_dags/example_python_decorator.py
[2024-07-12T11:08:26.734+0100] {logging_mixin.py:188} INFO - [2024-07-12T11:08:26.732+0100] {dag.py:3096} INFO - Sync 1 DAGs
[2024-07-12T11:08:27.053+0100] {logging_mixin.py:188} INFO - [2024-07-12T11:08:27.051+0100] {dag.py:3954} INFO - Setting next_dagrun for example_python_decorator to None, run_after=None
[2024-07-12T11:08:28.113+0100] {processor.py:183} INFO - Processing /home/victor/airflow_env/lib/python3.10/site-packages/airflow/example_dags/example_python_decorator.py took 2.288 seconds
[2024-07-12T11:10:54.360+0100] {processor.py:161} INFO - Started process (PID=17413) to work on /home/victor/airflow_env/lib/python3.10/site-packages/airflow/example_dags/example_python_decorator.py
[2024-07-12T11:10:54.364+0100] {processor.py:830} INFO - Processing file /home/victor/airflow_env/lib/python3.10/site-packages/airflow/example_dags/example_python_decorator.py for tasks to queue
[2024-07-12T11:10:54.372+0100] {logging_mixin.py:188} INFO - [2024-07-12T11:10:54.370+0100] {dagbag.py:545} INFO - Filling up the DagBag from /home/victor/airflow_env/lib/python3.10/site-packages/airflow/example_dags/example_python_decorator.py
[2024-07-12T11:10:54.437+0100] {processor.py:840} INFO - DAG(s) 'example_python_decorator' retrieved from /home/victor/airflow_env/lib/python3.10/site-packages/airflow/example_dags/example_python_decorator.py
[2024-07-12T11:10:54.568+0100] {logging_mixin.py:188} INFO - [2024-07-12T11:10:54.567+0100] {dag.py:3096} INFO - Sync 1 DAGs
[2024-07-12T11:10:55.107+0100] {logging_mixin.py:188} INFO - [2024-07-12T11:10:55.103+0100] {dag.py:3954} INFO - Setting next_dagrun for example_python_decorator to None, run_after=None
[2024-07-12T11:10:55.495+0100] {processor.py:183} INFO - Processing /home/victor/airflow_env/lib/python3.10/site-packages/airflow/example_dags/example_python_decorator.py took 1.167 seconds
[2024-07-12T11:12:50.111+0100] {processor.py:161} INFO - Started process (PID=17884) to work on /home/victor/airflow_env/lib/python3.10/site-packages/airflow/example_dags/example_python_decorator.py
[2024-07-12T11:12:50.116+0100] {processor.py:830} INFO - Processing file /home/victor/airflow_env/lib/python3.10/site-packages/airflow/example_dags/example_python_decorator.py for tasks to queue
[2024-07-12T11:12:50.124+0100] {logging_mixin.py:188} INFO - [2024-07-12T11:12:50.122+0100] {dagbag.py:545} INFO - Filling up the DagBag from /home/victor/airflow_env/lib/python3.10/site-packages/airflow/example_dags/example_python_decorator.py
[2024-07-12T11:12:50.200+0100] {processor.py:840} INFO - DAG(s) 'example_python_decorator' retrieved from /home/victor/airflow_env/lib/python3.10/site-packages/airflow/example_dags/example_python_decorator.py
[2024-07-12T11:12:50.319+0100] {logging_mixin.py:188} INFO - [2024-07-12T11:12:50.318+0100] {dag.py:3096} INFO - Sync 1 DAGs
[2024-07-12T11:12:50.388+0100] {logging_mixin.py:188} INFO - [2024-07-12T11:12:50.387+0100] {dag.py:3954} INFO - Setting next_dagrun for example_python_decorator to None, run_after=None
[2024-07-12T11:12:50.713+0100] {processor.py:183} INFO - Processing /home/victor/airflow_env/lib/python3.10/site-packages/airflow/example_dags/example_python_decorator.py took 0.633 seconds
[2024-07-12T11:17:00.635+0100] {processor.py:161} INFO - Started process (PID=18903) to work on /home/victor/airflow_env/lib/python3.10/site-packages/airflow/example_dags/example_python_decorator.py
[2024-07-12T11:17:00.641+0100] {processor.py:830} INFO - Processing file /home/victor/airflow_env/lib/python3.10/site-packages/airflow/example_dags/example_python_decorator.py for tasks to queue
[2024-07-12T11:17:00.650+0100] {logging_mixin.py:188} INFO - [2024-07-12T11:17:00.649+0100] {dagbag.py:545} INFO - Filling up the DagBag from /home/victor/airflow_env/lib/python3.10/site-packages/airflow/example_dags/example_python_decorator.py
[2024-07-12T11:17:00.729+0100] {processor.py:840} INFO - DAG(s) 'example_python_decorator' retrieved from /home/victor/airflow_env/lib/python3.10/site-packages/airflow/example_dags/example_python_decorator.py
[2024-07-12T11:17:00.857+0100] {logging_mixin.py:188} INFO - [2024-07-12T11:17:00.856+0100] {dag.py:3096} INFO - Sync 1 DAGs
[2024-07-12T11:17:00.935+0100] {logging_mixin.py:188} INFO - [2024-07-12T11:17:00.934+0100] {dag.py:3954} INFO - Setting next_dagrun for example_python_decorator to None, run_after=None
[2024-07-12T11:17:01.343+0100] {processor.py:183} INFO - Processing /home/victor/airflow_env/lib/python3.10/site-packages/airflow/example_dags/example_python_decorator.py took 0.754 seconds
[2024-07-12T11:18:49.491+0100] {processor.py:161} INFO - Started process (PID=19351) to work on /home/victor/airflow_env/lib/python3.10/site-packages/airflow/example_dags/example_python_decorator.py
[2024-07-12T11:18:49.495+0100] {processor.py:830} INFO - Processing file /home/victor/airflow_env/lib/python3.10/site-packages/airflow/example_dags/example_python_decorator.py for tasks to queue
[2024-07-12T11:18:49.503+0100] {logging_mixin.py:188} INFO - [2024-07-12T11:18:49.501+0100] {dagbag.py:545} INFO - Filling up the DagBag from /home/victor/airflow_env/lib/python3.10/site-packages/airflow/example_dags/example_python_decorator.py
[2024-07-12T11:18:49.568+0100] {processor.py:840} INFO - DAG(s) 'example_python_decorator' retrieved from /home/victor/airflow_env/lib/python3.10/site-packages/airflow/example_dags/example_python_decorator.py
[2024-07-12T11:18:49.706+0100] {logging_mixin.py:188} INFO - [2024-07-12T11:18:49.705+0100] {dag.py:3096} INFO - Sync 1 DAGs
[2024-07-12T11:18:49.774+0100] {logging_mixin.py:188} INFO - [2024-07-12T11:18:49.773+0100] {dag.py:3954} INFO - Setting next_dagrun for example_python_decorator to None, run_after=None
[2024-07-12T11:18:50.146+0100] {processor.py:183} INFO - Processing /home/victor/airflow_env/lib/python3.10/site-packages/airflow/example_dags/example_python_decorator.py took 0.683 seconds
[2024-07-12T11:20:26.214+0100] {processor.py:161} INFO - Started process (PID=19751) to work on /home/victor/airflow_env/lib/python3.10/site-packages/airflow/example_dags/example_python_decorator.py
[2024-07-12T11:20:26.219+0100] {processor.py:830} INFO - Processing file /home/victor/airflow_env/lib/python3.10/site-packages/airflow/example_dags/example_python_decorator.py for tasks to queue
[2024-07-12T11:20:26.228+0100] {logging_mixin.py:188} INFO - [2024-07-12T11:20:26.227+0100] {dagbag.py:545} INFO - Filling up the DagBag from /home/victor/airflow_env/lib/python3.10/site-packages/airflow/example_dags/example_python_decorator.py
[2024-07-12T11:20:26.316+0100] {processor.py:840} INFO - DAG(s) 'example_python_decorator' retrieved from /home/victor/airflow_env/lib/python3.10/site-packages/airflow/example_dags/example_python_decorator.py
[2024-07-12T11:20:26.466+0100] {logging_mixin.py:188} INFO - [2024-07-12T11:20:26.465+0100] {dag.py:3096} INFO - Sync 1 DAGs
[2024-07-12T11:20:26.562+0100] {logging_mixin.py:188} INFO - [2024-07-12T11:20:26.561+0100] {dag.py:3954} INFO - Setting next_dagrun for example_python_decorator to None, run_after=None
[2024-07-12T11:20:26.981+0100] {processor.py:183} INFO - Processing /home/victor/airflow_env/lib/python3.10/site-packages/airflow/example_dags/example_python_decorator.py took 0.805 seconds
[2024-07-12T11:23:41.014+0100] {processor.py:161} INFO - Started process (PID=20558) to work on /home/victor/airflow_env/lib/python3.10/site-packages/airflow/example_dags/example_python_decorator.py
[2024-07-12T11:23:41.020+0100] {processor.py:830} INFO - Processing file /home/victor/airflow_env/lib/python3.10/site-packages/airflow/example_dags/example_python_decorator.py for tasks to queue
[2024-07-12T11:23:41.037+0100] {logging_mixin.py:188} INFO - [2024-07-12T11:23:41.033+0100] {dagbag.py:545} INFO - Filling up the DagBag from /home/victor/airflow_env/lib/python3.10/site-packages/airflow/example_dags/example_python_decorator.py
[2024-07-12T11:23:41.145+0100] {processor.py:840} INFO - DAG(s) 'example_python_decorator' retrieved from /home/victor/airflow_env/lib/python3.10/site-packages/airflow/example_dags/example_python_decorator.py
[2024-07-12T11:23:41.352+0100] {logging_mixin.py:188} INFO - [2024-07-12T11:23:41.351+0100] {dag.py:3096} INFO - Sync 1 DAGs
[2024-07-12T11:23:41.449+0100] {logging_mixin.py:188} INFO - [2024-07-12T11:23:41.448+0100] {dag.py:3954} INFO - Setting next_dagrun for example_python_decorator to None, run_after=None
[2024-07-12T11:23:41.832+0100] {processor.py:183} INFO - Processing /home/victor/airflow_env/lib/python3.10/site-packages/airflow/example_dags/example_python_decorator.py took 0.875 seconds
[2024-07-12T11:25:13.533+0100] {processor.py:161} INFO - Started process (PID=20942) to work on /home/victor/airflow_env/lib/python3.10/site-packages/airflow/example_dags/example_python_decorator.py
[2024-07-12T11:25:13.549+0100] {processor.py:830} INFO - Processing file /home/victor/airflow_env/lib/python3.10/site-packages/airflow/example_dags/example_python_decorator.py for tasks to queue
[2024-07-12T11:25:13.558+0100] {logging_mixin.py:188} INFO - [2024-07-12T11:25:13.556+0100] {dagbag.py:545} INFO - Filling up the DagBag from /home/victor/airflow_env/lib/python3.10/site-packages/airflow/example_dags/example_python_decorator.py
[2024-07-12T11:25:13.690+0100] {processor.py:840} INFO - DAG(s) 'example_python_decorator' retrieved from /home/victor/airflow_env/lib/python3.10/site-packages/airflow/example_dags/example_python_decorator.py
[2024-07-12T11:25:13.957+0100] {logging_mixin.py:188} INFO - [2024-07-12T11:25:13.956+0100] {dag.py:3096} INFO - Sync 1 DAGs
[2024-07-12T11:25:14.157+0100] {logging_mixin.py:188} INFO - [2024-07-12T11:25:14.155+0100] {dag.py:3954} INFO - Setting next_dagrun for example_python_decorator to None, run_after=None
[2024-07-12T11:25:14.653+0100] {processor.py:183} INFO - Processing /home/victor/airflow_env/lib/python3.10/site-packages/airflow/example_dags/example_python_decorator.py took 1.192 seconds
[2024-07-12T11:27:06.927+0100] {processor.py:161} INFO - Started process (PID=21399) to work on /home/victor/airflow_env/lib/python3.10/site-packages/airflow/example_dags/example_python_decorator.py
[2024-07-12T11:27:06.932+0100] {processor.py:830} INFO - Processing file /home/victor/airflow_env/lib/python3.10/site-packages/airflow/example_dags/example_python_decorator.py for tasks to queue
[2024-07-12T11:27:06.940+0100] {logging_mixin.py:188} INFO - [2024-07-12T11:27:06.938+0100] {dagbag.py:545} INFO - Filling up the DagBag from /home/victor/airflow_env/lib/python3.10/site-packages/airflow/example_dags/example_python_decorator.py
[2024-07-12T11:27:07.029+0100] {processor.py:840} INFO - DAG(s) 'example_python_decorator' retrieved from /home/victor/airflow_env/lib/python3.10/site-packages/airflow/example_dags/example_python_decorator.py
[2024-07-12T11:27:07.157+0100] {logging_mixin.py:188} INFO - [2024-07-12T11:27:07.156+0100] {dag.py:3096} INFO - Sync 1 DAGs
[2024-07-12T11:27:07.238+0100] {logging_mixin.py:188} INFO - [2024-07-12T11:27:07.236+0100] {dag.py:3954} INFO - Setting next_dagrun for example_python_decorator to None, run_after=None
[2024-07-12T11:27:07.624+0100] {processor.py:183} INFO - Processing /home/victor/airflow_env/lib/python3.10/site-packages/airflow/example_dags/example_python_decorator.py took 0.730 seconds
[2024-07-12T11:28:37.618+0100] {processor.py:161} INFO - Started process (PID=21773) to work on /home/victor/airflow_env/lib/python3.10/site-packages/airflow/example_dags/example_python_decorator.py
[2024-07-12T11:28:37.623+0100] {processor.py:830} INFO - Processing file /home/victor/airflow_env/lib/python3.10/site-packages/airflow/example_dags/example_python_decorator.py for tasks to queue
[2024-07-12T11:28:37.638+0100] {logging_mixin.py:188} INFO - [2024-07-12T11:28:37.636+0100] {dagbag.py:545} INFO - Filling up the DagBag from /home/victor/airflow_env/lib/python3.10/site-packages/airflow/example_dags/example_python_decorator.py
[2024-07-12T11:28:37.753+0100] {processor.py:840} INFO - DAG(s) 'example_python_decorator' retrieved from /home/victor/airflow_env/lib/python3.10/site-packages/airflow/example_dags/example_python_decorator.py
[2024-07-12T11:28:38.025+0100] {logging_mixin.py:188} INFO - [2024-07-12T11:28:38.023+0100] {dag.py:3096} INFO - Sync 1 DAGs
[2024-07-12T11:28:38.134+0100] {logging_mixin.py:188} INFO - [2024-07-12T11:28:38.133+0100] {dag.py:3954} INFO - Setting next_dagrun for example_python_decorator to None, run_after=None
[2024-07-12T11:28:38.677+0100] {processor.py:183} INFO - Processing /home/victor/airflow_env/lib/python3.10/site-packages/airflow/example_dags/example_python_decorator.py took 1.092 seconds
[2024-07-12T11:32:53.324+0100] {processor.py:161} INFO - Started process (PID=23190) to work on /home/victor/airflow_env/lib/python3.10/site-packages/airflow/example_dags/example_python_decorator.py
[2024-07-12T11:32:53.339+0100] {processor.py:830} INFO - Processing file /home/victor/airflow_env/lib/python3.10/site-packages/airflow/example_dags/example_python_decorator.py for tasks to queue
[2024-07-12T11:32:53.348+0100] {logging_mixin.py:188} INFO - [2024-07-12T11:32:53.346+0100] {dagbag.py:545} INFO - Filling up the DagBag from /home/victor/airflow_env/lib/python3.10/site-packages/airflow/example_dags/example_python_decorator.py
[2024-07-12T11:32:53.465+0100] {processor.py:840} INFO - DAG(s) 'example_python_decorator' retrieved from /home/victor/airflow_env/lib/python3.10/site-packages/airflow/example_dags/example_python_decorator.py
[2024-07-12T11:32:53.669+0100] {logging_mixin.py:188} INFO - [2024-07-12T11:32:53.668+0100] {dag.py:3096} INFO - Sync 1 DAGs
[2024-07-12T11:32:53.787+0100] {logging_mixin.py:188} INFO - [2024-07-12T11:32:53.786+0100] {dag.py:3954} INFO - Setting next_dagrun for example_python_decorator to None, run_after=None
[2024-07-12T11:32:54.086+0100] {processor.py:183} INFO - Processing /home/victor/airflow_env/lib/python3.10/site-packages/airflow/example_dags/example_python_decorator.py took 0.835 seconds
[2024-07-12T11:34:57.058+0100] {processor.py:161} INFO - Started process (PID=23703) to work on /home/victor/airflow_env/lib/python3.10/site-packages/airflow/example_dags/example_python_decorator.py
[2024-07-12T11:34:57.064+0100] {processor.py:830} INFO - Processing file /home/victor/airflow_env/lib/python3.10/site-packages/airflow/example_dags/example_python_decorator.py for tasks to queue
[2024-07-12T11:34:57.077+0100] {logging_mixin.py:188} INFO - [2024-07-12T11:34:57.074+0100] {dagbag.py:545} INFO - Filling up the DagBag from /home/victor/airflow_env/lib/python3.10/site-packages/airflow/example_dags/example_python_decorator.py
[2024-07-12T11:34:57.224+0100] {processor.py:840} INFO - DAG(s) 'example_python_decorator' retrieved from /home/victor/airflow_env/lib/python3.10/site-packages/airflow/example_dags/example_python_decorator.py
[2024-07-12T11:34:57.448+0100] {logging_mixin.py:188} INFO - [2024-07-12T11:34:57.447+0100] {dag.py:3096} INFO - Sync 1 DAGs
[2024-07-12T11:34:57.570+0100] {logging_mixin.py:188} INFO - [2024-07-12T11:34:57.569+0100] {dag.py:3954} INFO - Setting next_dagrun for example_python_decorator to None, run_after=None
[2024-07-12T11:34:58.686+0100] {processor.py:183} INFO - Processing /home/victor/airflow_env/lib/python3.10/site-packages/airflow/example_dags/example_python_decorator.py took 1.680 seconds
[2024-07-12T11:36:47.680+0100] {processor.py:161} INFO - Started process (PID=24186) to work on /home/victor/airflow_env/lib/python3.10/site-packages/airflow/example_dags/example_python_decorator.py
[2024-07-12T11:36:47.685+0100] {processor.py:830} INFO - Processing file /home/victor/airflow_env/lib/python3.10/site-packages/airflow/example_dags/example_python_decorator.py for tasks to queue
[2024-07-12T11:36:47.693+0100] {logging_mixin.py:188} INFO - [2024-07-12T11:36:47.691+0100] {dagbag.py:545} INFO - Filling up the DagBag from /home/victor/airflow_env/lib/python3.10/site-packages/airflow/example_dags/example_python_decorator.py
[2024-07-12T11:36:47.786+0100] {processor.py:840} INFO - DAG(s) 'example_python_decorator' retrieved from /home/victor/airflow_env/lib/python3.10/site-packages/airflow/example_dags/example_python_decorator.py
[2024-07-12T11:36:47.916+0100] {logging_mixin.py:188} INFO - [2024-07-12T11:36:47.915+0100] {dag.py:3096} INFO - Sync 1 DAGs
[2024-07-12T11:36:47.989+0100] {logging_mixin.py:188} INFO - [2024-07-12T11:36:47.988+0100] {dag.py:3954} INFO - Setting next_dagrun for example_python_decorator to None, run_after=None
[2024-07-12T11:36:48.311+0100] {processor.py:183} INFO - Processing /home/victor/airflow_env/lib/python3.10/site-packages/airflow/example_dags/example_python_decorator.py took 0.664 seconds
[2024-07-12T11:38:16.683+0100] {processor.py:161} INFO - Started process (PID=24559) to work on /home/victor/airflow_env/lib/python3.10/site-packages/airflow/example_dags/example_python_decorator.py
[2024-07-12T11:38:16.687+0100] {processor.py:830} INFO - Processing file /home/victor/airflow_env/lib/python3.10/site-packages/airflow/example_dags/example_python_decorator.py for tasks to queue
[2024-07-12T11:38:16.695+0100] {logging_mixin.py:188} INFO - [2024-07-12T11:38:16.694+0100] {dagbag.py:545} INFO - Filling up the DagBag from /home/victor/airflow_env/lib/python3.10/site-packages/airflow/example_dags/example_python_decorator.py
[2024-07-12T11:38:16.767+0100] {processor.py:840} INFO - DAG(s) 'example_python_decorator' retrieved from /home/victor/airflow_env/lib/python3.10/site-packages/airflow/example_dags/example_python_decorator.py
[2024-07-12T11:38:16.910+0100] {logging_mixin.py:188} INFO - [2024-07-12T11:38:16.909+0100] {dag.py:3096} INFO - Sync 1 DAGs
[2024-07-12T11:38:16.977+0100] {logging_mixin.py:188} INFO - [2024-07-12T11:38:16.977+0100] {dag.py:3954} INFO - Setting next_dagrun for example_python_decorator to None, run_after=None
[2024-07-12T11:38:17.315+0100] {processor.py:183} INFO - Processing /home/victor/airflow_env/lib/python3.10/site-packages/airflow/example_dags/example_python_decorator.py took 0.664 seconds
[2024-07-12T11:41:13.635+0100] {processor.py:161} INFO - Started process (PID=25281) to work on /home/victor/airflow_env/lib/python3.10/site-packages/airflow/example_dags/example_python_decorator.py
[2024-07-12T11:41:13.641+0100] {processor.py:830} INFO - Processing file /home/victor/airflow_env/lib/python3.10/site-packages/airflow/example_dags/example_python_decorator.py for tasks to queue
[2024-07-12T11:41:13.649+0100] {logging_mixin.py:188} INFO - [2024-07-12T11:41:13.647+0100] {dagbag.py:545} INFO - Filling up the DagBag from /home/victor/airflow_env/lib/python3.10/site-packages/airflow/example_dags/example_python_decorator.py
[2024-07-12T11:41:13.747+0100] {processor.py:840} INFO - DAG(s) 'example_python_decorator' retrieved from /home/victor/airflow_env/lib/python3.10/site-packages/airflow/example_dags/example_python_decorator.py
[2024-07-12T11:41:13.938+0100] {logging_mixin.py:188} INFO - [2024-07-12T11:41:13.937+0100] {dag.py:3096} INFO - Sync 1 DAGs
[2024-07-12T11:41:14.029+0100] {logging_mixin.py:188} INFO - [2024-07-12T11:41:14.027+0100] {dag.py:3954} INFO - Setting next_dagrun for example_python_decorator to None, run_after=None
[2024-07-12T11:41:14.469+0100] {processor.py:183} INFO - Processing /home/victor/airflow_env/lib/python3.10/site-packages/airflow/example_dags/example_python_decorator.py took 0.868 seconds
[2024-07-12T11:44:08.379+0100] {processor.py:161} INFO - Started process (PID=25999) to work on /home/victor/airflow_env/lib/python3.10/site-packages/airflow/example_dags/example_python_decorator.py
[2024-07-12T11:44:08.385+0100] {processor.py:830} INFO - Processing file /home/victor/airflow_env/lib/python3.10/site-packages/airflow/example_dags/example_python_decorator.py for tasks to queue
[2024-07-12T11:44:08.393+0100] {logging_mixin.py:188} INFO - [2024-07-12T11:44:08.391+0100] {dagbag.py:545} INFO - Filling up the DagBag from /home/victor/airflow_env/lib/python3.10/site-packages/airflow/example_dags/example_python_decorator.py
[2024-07-12T11:44:08.464+0100] {processor.py:840} INFO - DAG(s) 'example_python_decorator' retrieved from /home/victor/airflow_env/lib/python3.10/site-packages/airflow/example_dags/example_python_decorator.py
[2024-07-12T11:44:08.591+0100] {logging_mixin.py:188} INFO - [2024-07-12T11:44:08.590+0100] {dag.py:3096} INFO - Sync 1 DAGs
[2024-07-12T11:44:08.665+0100] {logging_mixin.py:188} INFO - [2024-07-12T11:44:08.664+0100] {dag.py:3954} INFO - Setting next_dagrun for example_python_decorator to None, run_after=None
[2024-07-12T11:44:09.005+0100] {processor.py:183} INFO - Processing /home/victor/airflow_env/lib/python3.10/site-packages/airflow/example_dags/example_python_decorator.py took 0.657 seconds
[2024-07-12T11:46:54.165+0100] {processor.py:161} INFO - Started process (PID=26691) to work on /home/victor/airflow_env/lib/python3.10/site-packages/airflow/example_dags/example_python_decorator.py
[2024-07-12T11:46:54.170+0100] {processor.py:830} INFO - Processing file /home/victor/airflow_env/lib/python3.10/site-packages/airflow/example_dags/example_python_decorator.py for tasks to queue
[2024-07-12T11:46:54.178+0100] {logging_mixin.py:188} INFO - [2024-07-12T11:46:54.176+0100] {dagbag.py:545} INFO - Filling up the DagBag from /home/victor/airflow_env/lib/python3.10/site-packages/airflow/example_dags/example_python_decorator.py
[2024-07-12T11:46:54.255+0100] {processor.py:840} INFO - DAG(s) 'example_python_decorator' retrieved from /home/victor/airflow_env/lib/python3.10/site-packages/airflow/example_dags/example_python_decorator.py
[2024-07-12T11:46:54.395+0100] {logging_mixin.py:188} INFO - [2024-07-12T11:46:54.394+0100] {dag.py:3096} INFO - Sync 1 DAGs
[2024-07-12T11:46:54.485+0100] {logging_mixin.py:188} INFO - [2024-07-12T11:46:54.484+0100] {dag.py:3954} INFO - Setting next_dagrun for example_python_decorator to None, run_after=None
[2024-07-12T11:46:54.799+0100] {processor.py:183} INFO - Processing /home/victor/airflow_env/lib/python3.10/site-packages/airflow/example_dags/example_python_decorator.py took 0.670 seconds
[2024-07-12T11:50:00.683+0100] {processor.py:161} INFO - Started process (PID=27455) to work on /home/victor/airflow_env/lib/python3.10/site-packages/airflow/example_dags/example_python_decorator.py
[2024-07-12T11:50:00.689+0100] {processor.py:830} INFO - Processing file /home/victor/airflow_env/lib/python3.10/site-packages/airflow/example_dags/example_python_decorator.py for tasks to queue
[2024-07-12T11:50:00.698+0100] {logging_mixin.py:188} INFO - [2024-07-12T11:50:00.696+0100] {dagbag.py:545} INFO - Filling up the DagBag from /home/victor/airflow_env/lib/python3.10/site-packages/airflow/example_dags/example_python_decorator.py
[2024-07-12T11:50:00.781+0100] {processor.py:840} INFO - DAG(s) 'example_python_decorator' retrieved from /home/victor/airflow_env/lib/python3.10/site-packages/airflow/example_dags/example_python_decorator.py
[2024-07-12T11:50:00.910+0100] {logging_mixin.py:188} INFO - [2024-07-12T11:50:00.909+0100] {dag.py:3096} INFO - Sync 1 DAGs
[2024-07-12T11:50:00.979+0100] {logging_mixin.py:188} INFO - [2024-07-12T11:50:00.978+0100] {dag.py:3954} INFO - Setting next_dagrun for example_python_decorator to None, run_after=None
[2024-07-12T11:50:01.314+0100] {processor.py:183} INFO - Processing /home/victor/airflow_env/lib/python3.10/site-packages/airflow/example_dags/example_python_decorator.py took 0.668 seconds
[2024-07-12T11:51:33.417+0100] {processor.py:161} INFO - Started process (PID=27838) to work on /home/victor/airflow_env/lib/python3.10/site-packages/airflow/example_dags/example_python_decorator.py
[2024-07-12T11:51:33.422+0100] {processor.py:830} INFO - Processing file /home/victor/airflow_env/lib/python3.10/site-packages/airflow/example_dags/example_python_decorator.py for tasks to queue
[2024-07-12T11:51:33.438+0100] {logging_mixin.py:188} INFO - [2024-07-12T11:51:33.436+0100] {dagbag.py:545} INFO - Filling up the DagBag from /home/victor/airflow_env/lib/python3.10/site-packages/airflow/example_dags/example_python_decorator.py
[2024-07-12T11:51:33.529+0100] {processor.py:840} INFO - DAG(s) 'example_python_decorator' retrieved from /home/victor/airflow_env/lib/python3.10/site-packages/airflow/example_dags/example_python_decorator.py
[2024-07-12T11:51:33.657+0100] {logging_mixin.py:188} INFO - [2024-07-12T11:51:33.656+0100] {dag.py:3096} INFO - Sync 1 DAGs
[2024-07-12T11:51:33.736+0100] {logging_mixin.py:188} INFO - [2024-07-12T11:51:33.735+0100] {dag.py:3954} INFO - Setting next_dagrun for example_python_decorator to None, run_after=None
[2024-07-12T11:51:34.121+0100] {processor.py:183} INFO - Processing /home/victor/airflow_env/lib/python3.10/site-packages/airflow/example_dags/example_python_decorator.py took 0.736 seconds
[2024-07-12T11:54:11.356+0100] {processor.py:161} INFO - Started process (PID=28495) to work on /home/victor/airflow_env/lib/python3.10/site-packages/airflow/example_dags/example_python_decorator.py
[2024-07-12T11:54:11.361+0100] {processor.py:830} INFO - Processing file /home/victor/airflow_env/lib/python3.10/site-packages/airflow/example_dags/example_python_decorator.py for tasks to queue
[2024-07-12T11:54:11.368+0100] {logging_mixin.py:188} INFO - [2024-07-12T11:54:11.366+0100] {dagbag.py:545} INFO - Filling up the DagBag from /home/victor/airflow_env/lib/python3.10/site-packages/airflow/example_dags/example_python_decorator.py
[2024-07-12T11:54:11.459+0100] {processor.py:840} INFO - DAG(s) 'example_python_decorator' retrieved from /home/victor/airflow_env/lib/python3.10/site-packages/airflow/example_dags/example_python_decorator.py
[2024-07-12T11:54:11.584+0100] {logging_mixin.py:188} INFO - [2024-07-12T11:54:11.583+0100] {dag.py:3096} INFO - Sync 1 DAGs
[2024-07-12T11:54:11.669+0100] {logging_mixin.py:188} INFO - [2024-07-12T11:54:11.668+0100] {dag.py:3954} INFO - Setting next_dagrun for example_python_decorator to None, run_after=None
[2024-07-12T11:54:11.968+0100] {processor.py:183} INFO - Processing /home/victor/airflow_env/lib/python3.10/site-packages/airflow/example_dags/example_python_decorator.py took 0.643 seconds
[2024-07-12T11:57:00.628+0100] {processor.py:161} INFO - Started process (PID=29187) to work on /home/victor/airflow_env/lib/python3.10/site-packages/airflow/example_dags/example_python_decorator.py
[2024-07-12T11:57:00.648+0100] {processor.py:830} INFO - Processing file /home/victor/airflow_env/lib/python3.10/site-packages/airflow/example_dags/example_python_decorator.py for tasks to queue
[2024-07-12T11:57:00.698+0100] {logging_mixin.py:188} INFO - [2024-07-12T11:57:00.695+0100] {dagbag.py:545} INFO - Filling up the DagBag from /home/victor/airflow_env/lib/python3.10/site-packages/airflow/example_dags/example_python_decorator.py
[2024-07-12T11:57:00.810+0100] {processor.py:840} INFO - DAG(s) 'example_python_decorator' retrieved from /home/victor/airflow_env/lib/python3.10/site-packages/airflow/example_dags/example_python_decorator.py
[2024-07-12T11:57:00.989+0100] {logging_mixin.py:188} INFO - [2024-07-12T11:57:00.987+0100] {dag.py:3096} INFO - Sync 1 DAGs
[2024-07-12T11:57:01.103+0100] {logging_mixin.py:188} INFO - [2024-07-12T11:57:01.102+0100] {dag.py:3954} INFO - Setting next_dagrun for example_python_decorator to None, run_after=None
[2024-07-12T11:57:01.498+0100] {processor.py:183} INFO - Processing /home/victor/airflow_env/lib/python3.10/site-packages/airflow/example_dags/example_python_decorator.py took 0.936 seconds
[2024-07-12T11:59:45.563+0100] {processor.py:161} INFO - Started process (PID=29870) to work on /home/victor/airflow_env/lib/python3.10/site-packages/airflow/example_dags/example_python_decorator.py
[2024-07-12T11:59:45.568+0100] {processor.py:830} INFO - Processing file /home/victor/airflow_env/lib/python3.10/site-packages/airflow/example_dags/example_python_decorator.py for tasks to queue
[2024-07-12T11:59:45.577+0100] {logging_mixin.py:188} INFO - [2024-07-12T11:59:45.575+0100] {dagbag.py:545} INFO - Filling up the DagBag from /home/victor/airflow_env/lib/python3.10/site-packages/airflow/example_dags/example_python_decorator.py
[2024-07-12T11:59:45.653+0100] {processor.py:840} INFO - DAG(s) 'example_python_decorator' retrieved from /home/victor/airflow_env/lib/python3.10/site-packages/airflow/example_dags/example_python_decorator.py
[2024-07-12T11:59:45.781+0100] {logging_mixin.py:188} INFO - [2024-07-12T11:59:45.780+0100] {dag.py:3096} INFO - Sync 1 DAGs
[2024-07-12T11:59:45.846+0100] {logging_mixin.py:188} INFO - [2024-07-12T11:59:45.845+0100] {dag.py:3954} INFO - Setting next_dagrun for example_python_decorator to None, run_after=None
[2024-07-12T11:59:46.180+0100] {processor.py:183} INFO - Processing /home/victor/airflow_env/lib/python3.10/site-packages/airflow/example_dags/example_python_decorator.py took 0.653 seconds
[2024-07-12T12:02:46.580+0100] {processor.py:161} INFO - Started process (PID=30607) to work on /home/victor/airflow_env/lib/python3.10/site-packages/airflow/example_dags/example_python_decorator.py
[2024-07-12T12:02:46.584+0100] {processor.py:830} INFO - Processing file /home/victor/airflow_env/lib/python3.10/site-packages/airflow/example_dags/example_python_decorator.py for tasks to queue
[2024-07-12T12:02:46.597+0100] {logging_mixin.py:188} INFO - [2024-07-12T12:02:46.595+0100] {dagbag.py:545} INFO - Filling up the DagBag from /home/victor/airflow_env/lib/python3.10/site-packages/airflow/example_dags/example_python_decorator.py
[2024-07-12T12:02:46.694+0100] {processor.py:840} INFO - DAG(s) 'example_python_decorator' retrieved from /home/victor/airflow_env/lib/python3.10/site-packages/airflow/example_dags/example_python_decorator.py
[2024-07-12T12:02:46.867+0100] {logging_mixin.py:188} INFO - [2024-07-12T12:02:46.864+0100] {dag.py:3096} INFO - Sync 1 DAGs
[2024-07-12T12:02:46.971+0100] {logging_mixin.py:188} INFO - [2024-07-12T12:02:46.969+0100] {dag.py:3954} INFO - Setting next_dagrun for example_python_decorator to None, run_after=None
[2024-07-12T12:02:47.412+0100] {processor.py:183} INFO - Processing /home/victor/airflow_env/lib/python3.10/site-packages/airflow/example_dags/example_python_decorator.py took 0.865 seconds
[2024-07-12T12:04:32.807+0100] {processor.py:161} INFO - Started process (PID=31034) to work on /home/victor/airflow_env/lib/python3.10/site-packages/airflow/example_dags/example_python_decorator.py
[2024-07-12T12:04:32.812+0100] {processor.py:830} INFO - Processing file /home/victor/airflow_env/lib/python3.10/site-packages/airflow/example_dags/example_python_decorator.py for tasks to queue
[2024-07-12T12:04:32.831+0100] {logging_mixin.py:188} INFO - [2024-07-12T12:04:32.819+0100] {dagbag.py:545} INFO - Filling up the DagBag from /home/victor/airflow_env/lib/python3.10/site-packages/airflow/example_dags/example_python_decorator.py
[2024-07-12T12:04:33.009+0100] {processor.py:840} INFO - DAG(s) 'example_python_decorator' retrieved from /home/victor/airflow_env/lib/python3.10/site-packages/airflow/example_dags/example_python_decorator.py
[2024-07-12T12:04:33.242+0100] {logging_mixin.py:188} INFO - [2024-07-12T12:04:33.240+0100] {dag.py:3096} INFO - Sync 1 DAGs
[2024-07-12T12:04:33.357+0100] {logging_mixin.py:188} INFO - [2024-07-12T12:04:33.356+0100] {dag.py:3954} INFO - Setting next_dagrun for example_python_decorator to None, run_after=None
[2024-07-12T12:04:33.699+0100] {processor.py:183} INFO - Processing /home/victor/airflow_env/lib/python3.10/site-packages/airflow/example_dags/example_python_decorator.py took 0.968 seconds
[2024-07-12T12:07:14.986+0100] {processor.py:161} INFO - Started process (PID=31705) to work on /home/victor/airflow_env/lib/python3.10/site-packages/airflow/example_dags/example_python_decorator.py
[2024-07-12T12:07:14.994+0100] {processor.py:830} INFO - Processing file /home/victor/airflow_env/lib/python3.10/site-packages/airflow/example_dags/example_python_decorator.py for tasks to queue
[2024-07-12T12:07:15.007+0100] {logging_mixin.py:188} INFO - [2024-07-12T12:07:15.004+0100] {dagbag.py:545} INFO - Filling up the DagBag from /home/victor/airflow_env/lib/python3.10/site-packages/airflow/example_dags/example_python_decorator.py
[2024-07-12T12:07:15.106+0100] {processor.py:840} INFO - DAG(s) 'example_python_decorator' retrieved from /home/victor/airflow_env/lib/python3.10/site-packages/airflow/example_dags/example_python_decorator.py
[2024-07-12T12:07:15.293+0100] {logging_mixin.py:188} INFO - [2024-07-12T12:07:15.292+0100] {dag.py:3096} INFO - Sync 1 DAGs
[2024-07-12T12:07:15.451+0100] {logging_mixin.py:188} INFO - [2024-07-12T12:07:15.450+0100] {dag.py:3954} INFO - Setting next_dagrun for example_python_decorator to None, run_after=None
[2024-07-12T12:07:16.171+0100] {processor.py:183} INFO - Processing /home/victor/airflow_env/lib/python3.10/site-packages/airflow/example_dags/example_python_decorator.py took 1.218 seconds
[2024-07-12T12:08:44.254+0100] {processor.py:161} INFO - Started process (PID=32071) to work on /home/victor/airflow_env/lib/python3.10/site-packages/airflow/example_dags/example_python_decorator.py
[2024-07-12T12:08:44.259+0100] {processor.py:830} INFO - Processing file /home/victor/airflow_env/lib/python3.10/site-packages/airflow/example_dags/example_python_decorator.py for tasks to queue
[2024-07-12T12:08:44.283+0100] {logging_mixin.py:188} INFO - [2024-07-12T12:08:44.281+0100] {dagbag.py:545} INFO - Filling up the DagBag from /home/victor/airflow_env/lib/python3.10/site-packages/airflow/example_dags/example_python_decorator.py
[2024-07-12T12:08:44.437+0100] {processor.py:840} INFO - DAG(s) 'example_python_decorator' retrieved from /home/victor/airflow_env/lib/python3.10/site-packages/airflow/example_dags/example_python_decorator.py
[2024-07-12T12:08:44.749+0100] {logging_mixin.py:188} INFO - [2024-07-12T12:08:44.748+0100] {dag.py:3096} INFO - Sync 1 DAGs
[2024-07-12T12:08:44.893+0100] {logging_mixin.py:188} INFO - [2024-07-12T12:08:44.891+0100] {dag.py:3954} INFO - Setting next_dagrun for example_python_decorator to None, run_after=None
[2024-07-12T12:08:45.264+0100] {processor.py:183} INFO - Processing /home/victor/airflow_env/lib/python3.10/site-packages/airflow/example_dags/example_python_decorator.py took 1.055 seconds
[2024-07-12T12:11:42.253+0100] {processor.py:161} INFO - Started process (PID=32805) to work on /home/victor/airflow_env/lib/python3.10/site-packages/airflow/example_dags/example_python_decorator.py
[2024-07-12T12:11:42.258+0100] {processor.py:830} INFO - Processing file /home/victor/airflow_env/lib/python3.10/site-packages/airflow/example_dags/example_python_decorator.py for tasks to queue
[2024-07-12T12:11:42.268+0100] {logging_mixin.py:188} INFO - [2024-07-12T12:11:42.266+0100] {dagbag.py:545} INFO - Filling up the DagBag from /home/victor/airflow_env/lib/python3.10/site-packages/airflow/example_dags/example_python_decorator.py
[2024-07-12T12:11:42.356+0100] {processor.py:840} INFO - DAG(s) 'example_python_decorator' retrieved from /home/victor/airflow_env/lib/python3.10/site-packages/airflow/example_dags/example_python_decorator.py
[2024-07-12T12:11:42.503+0100] {logging_mixin.py:188} INFO - [2024-07-12T12:11:42.502+0100] {dag.py:3096} INFO - Sync 1 DAGs
[2024-07-12T12:11:42.585+0100] {logging_mixin.py:188} INFO - [2024-07-12T12:11:42.583+0100] {dag.py:3954} INFO - Setting next_dagrun for example_python_decorator to None, run_after=None
[2024-07-12T12:11:42.888+0100] {processor.py:183} INFO - Processing /home/victor/airflow_env/lib/python3.10/site-packages/airflow/example_dags/example_python_decorator.py took 0.679 seconds
[2024-07-12T12:14:19.500+0100] {processor.py:161} INFO - Started process (PID=33457) to work on /home/victor/airflow_env/lib/python3.10/site-packages/airflow/example_dags/example_python_decorator.py
[2024-07-12T12:14:19.505+0100] {processor.py:830} INFO - Processing file /home/victor/airflow_env/lib/python3.10/site-packages/airflow/example_dags/example_python_decorator.py for tasks to queue
[2024-07-12T12:14:19.515+0100] {logging_mixin.py:188} INFO - [2024-07-12T12:14:19.513+0100] {dagbag.py:545} INFO - Filling up the DagBag from /home/victor/airflow_env/lib/python3.10/site-packages/airflow/example_dags/example_python_decorator.py
[2024-07-12T12:14:19.608+0100] {processor.py:840} INFO - DAG(s) 'example_python_decorator' retrieved from /home/victor/airflow_env/lib/python3.10/site-packages/airflow/example_dags/example_python_decorator.py
[2024-07-12T12:14:19.774+0100] {logging_mixin.py:188} INFO - [2024-07-12T12:14:19.773+0100] {dag.py:3096} INFO - Sync 1 DAGs
[2024-07-12T12:14:19.853+0100] {logging_mixin.py:188} INFO - [2024-07-12T12:14:19.852+0100] {dag.py:3954} INFO - Setting next_dagrun for example_python_decorator to None, run_after=None
[2024-07-12T12:14:20.329+0100] {processor.py:183} INFO - Processing /home/victor/airflow_env/lib/python3.10/site-packages/airflow/example_dags/example_python_decorator.py took 0.860 seconds
[2024-07-12T12:16:01.320+0100] {processor.py:161} INFO - Started process (PID=33868) to work on /home/victor/airflow_env/lib/python3.10/site-packages/airflow/example_dags/example_python_decorator.py
[2024-07-12T12:16:01.326+0100] {processor.py:830} INFO - Processing file /home/victor/airflow_env/lib/python3.10/site-packages/airflow/example_dags/example_python_decorator.py for tasks to queue
[2024-07-12T12:16:01.337+0100] {logging_mixin.py:188} INFO - [2024-07-12T12:16:01.335+0100] {dagbag.py:545} INFO - Filling up the DagBag from /home/victor/airflow_env/lib/python3.10/site-packages/airflow/example_dags/example_python_decorator.py
[2024-07-12T12:16:01.420+0100] {processor.py:840} INFO - DAG(s) 'example_python_decorator' retrieved from /home/victor/airflow_env/lib/python3.10/site-packages/airflow/example_dags/example_python_decorator.py
[2024-07-12T12:16:01.543+0100] {logging_mixin.py:188} INFO - [2024-07-12T12:16:01.542+0100] {dag.py:3096} INFO - Sync 1 DAGs
[2024-07-12T12:16:01.619+0100] {logging_mixin.py:188} INFO - [2024-07-12T12:16:01.618+0100] {dag.py:3954} INFO - Setting next_dagrun for example_python_decorator to None, run_after=None
[2024-07-12T12:16:01.944+0100] {processor.py:183} INFO - Processing /home/victor/airflow_env/lib/python3.10/site-packages/airflow/example_dags/example_python_decorator.py took 0.731 seconds
[2024-07-12T12:18:00.234+0100] {processor.py:161} INFO - Started process (PID=34346) to work on /home/victor/airflow_env/lib/python3.10/site-packages/airflow/example_dags/example_python_decorator.py
[2024-07-12T12:18:00.240+0100] {processor.py:830} INFO - Processing file /home/victor/airflow_env/lib/python3.10/site-packages/airflow/example_dags/example_python_decorator.py for tasks to queue
[2024-07-12T12:18:00.249+0100] {logging_mixin.py:188} INFO - [2024-07-12T12:18:00.247+0100] {dagbag.py:545} INFO - Filling up the DagBag from /home/victor/airflow_env/lib/python3.10/site-packages/airflow/example_dags/example_python_decorator.py
[2024-07-12T12:18:00.322+0100] {processor.py:840} INFO - DAG(s) 'example_python_decorator' retrieved from /home/victor/airflow_env/lib/python3.10/site-packages/airflow/example_dags/example_python_decorator.py
[2024-07-12T12:18:00.459+0100] {logging_mixin.py:188} INFO - [2024-07-12T12:18:00.459+0100] {dag.py:3096} INFO - Sync 1 DAGs
[2024-07-12T12:18:00.556+0100] {logging_mixin.py:188} INFO - [2024-07-12T12:18:00.555+0100] {dag.py:3954} INFO - Setting next_dagrun for example_python_decorator to None, run_after=None
[2024-07-12T12:18:00.942+0100] {processor.py:183} INFO - Processing /home/victor/airflow_env/lib/python3.10/site-packages/airflow/example_dags/example_python_decorator.py took 0.744 seconds
[2024-07-12T12:19:53.368+0100] {processor.py:161} INFO - Started process (PID=34802) to work on /home/victor/airflow_env/lib/python3.10/site-packages/airflow/example_dags/example_python_decorator.py
[2024-07-12T12:19:53.372+0100] {processor.py:830} INFO - Processing file /home/victor/airflow_env/lib/python3.10/site-packages/airflow/example_dags/example_python_decorator.py for tasks to queue
[2024-07-12T12:19:53.380+0100] {logging_mixin.py:188} INFO - [2024-07-12T12:19:53.378+0100] {dagbag.py:545} INFO - Filling up the DagBag from /home/victor/airflow_env/lib/python3.10/site-packages/airflow/example_dags/example_python_decorator.py
[2024-07-12T12:19:53.452+0100] {processor.py:840} INFO - DAG(s) 'example_python_decorator' retrieved from /home/victor/airflow_env/lib/python3.10/site-packages/airflow/example_dags/example_python_decorator.py
[2024-07-12T12:19:53.595+0100] {logging_mixin.py:188} INFO - [2024-07-12T12:19:53.594+0100] {dag.py:3096} INFO - Sync 1 DAGs
[2024-07-12T12:19:53.661+0100] {logging_mixin.py:188} INFO - [2024-07-12T12:19:53.660+0100] {dag.py:3954} INFO - Setting next_dagrun for example_python_decorator to None, run_after=None
[2024-07-12T12:19:54.069+0100] {processor.py:183} INFO - Processing /home/victor/airflow_env/lib/python3.10/site-packages/airflow/example_dags/example_python_decorator.py took 0.732 seconds
[2024-07-12T12:22:50.369+0100] {processor.py:161} INFO - Started process (PID=35530) to work on /home/victor/airflow_env/lib/python3.10/site-packages/airflow/example_dags/example_python_decorator.py
[2024-07-12T12:22:50.373+0100] {processor.py:830} INFO - Processing file /home/victor/airflow_env/lib/python3.10/site-packages/airflow/example_dags/example_python_decorator.py for tasks to queue
[2024-07-12T12:22:50.382+0100] {logging_mixin.py:188} INFO - [2024-07-12T12:22:50.380+0100] {dagbag.py:545} INFO - Filling up the DagBag from /home/victor/airflow_env/lib/python3.10/site-packages/airflow/example_dags/example_python_decorator.py
[2024-07-12T12:22:50.528+0100] {processor.py:840} INFO - DAG(s) 'example_python_decorator' retrieved from /home/victor/airflow_env/lib/python3.10/site-packages/airflow/example_dags/example_python_decorator.py
[2024-07-12T12:22:50.714+0100] {logging_mixin.py:188} INFO - [2024-07-12T12:22:50.714+0100] {dag.py:3096} INFO - Sync 1 DAGs
[2024-07-12T12:22:50.793+0100] {logging_mixin.py:188} INFO - [2024-07-12T12:22:50.792+0100] {dag.py:3954} INFO - Setting next_dagrun for example_python_decorator to None, run_after=None
[2024-07-12T12:22:51.173+0100] {processor.py:183} INFO - Processing /home/victor/airflow_env/lib/python3.10/site-packages/airflow/example_dags/example_python_decorator.py took 0.836 seconds
[2024-07-12T12:24:24.996+0100] {processor.py:161} INFO - Started process (PID=35915) to work on /home/victor/airflow_env/lib/python3.10/site-packages/airflow/example_dags/example_python_decorator.py
[2024-07-12T12:24:25.001+0100] {processor.py:830} INFO - Processing file /home/victor/airflow_env/lib/python3.10/site-packages/airflow/example_dags/example_python_decorator.py for tasks to queue
[2024-07-12T12:24:25.009+0100] {logging_mixin.py:188} INFO - [2024-07-12T12:24:25.007+0100] {dagbag.py:545} INFO - Filling up the DagBag from /home/victor/airflow_env/lib/python3.10/site-packages/airflow/example_dags/example_python_decorator.py
[2024-07-12T12:24:25.083+0100] {processor.py:840} INFO - DAG(s) 'example_python_decorator' retrieved from /home/victor/airflow_env/lib/python3.10/site-packages/airflow/example_dags/example_python_decorator.py
[2024-07-12T12:24:25.249+0100] {logging_mixin.py:188} INFO - [2024-07-12T12:24:25.248+0100] {dag.py:3096} INFO - Sync 1 DAGs
[2024-07-12T12:24:25.322+0100] {logging_mixin.py:188} INFO - [2024-07-12T12:24:25.321+0100] {dag.py:3954} INFO - Setting next_dagrun for example_python_decorator to None, run_after=None
[2024-07-12T12:24:25.659+0100] {processor.py:183} INFO - Processing /home/victor/airflow_env/lib/python3.10/site-packages/airflow/example_dags/example_python_decorator.py took 0.710 seconds
[2024-07-12T12:26:06.934+0100] {processor.py:161} INFO - Started process (PID=36327) to work on /home/victor/airflow_env/lib/python3.10/site-packages/airflow/example_dags/example_python_decorator.py
[2024-07-12T12:26:06.939+0100] {processor.py:830} INFO - Processing file /home/victor/airflow_env/lib/python3.10/site-packages/airflow/example_dags/example_python_decorator.py for tasks to queue
[2024-07-12T12:26:06.948+0100] {logging_mixin.py:188} INFO - [2024-07-12T12:26:06.946+0100] {dagbag.py:545} INFO - Filling up the DagBag from /home/victor/airflow_env/lib/python3.10/site-packages/airflow/example_dags/example_python_decorator.py
[2024-07-12T12:26:07.031+0100] {processor.py:840} INFO - DAG(s) 'example_python_decorator' retrieved from /home/victor/airflow_env/lib/python3.10/site-packages/airflow/example_dags/example_python_decorator.py
[2024-07-12T12:26:07.155+0100] {logging_mixin.py:188} INFO - [2024-07-12T12:26:07.154+0100] {dag.py:3096} INFO - Sync 1 DAGs
[2024-07-12T12:26:07.225+0100] {logging_mixin.py:188} INFO - [2024-07-12T12:26:07.224+0100] {dag.py:3954} INFO - Setting next_dagrun for example_python_decorator to None, run_after=None
[2024-07-12T12:26:07.715+0100] {processor.py:183} INFO - Processing /home/victor/airflow_env/lib/python3.10/site-packages/airflow/example_dags/example_python_decorator.py took 0.822 seconds
[2024-07-12T12:29:03.458+0100] {processor.py:161} INFO - Started process (PID=37049) to work on /home/victor/airflow_env/lib/python3.10/site-packages/airflow/example_dags/example_python_decorator.py
[2024-07-12T12:29:03.463+0100] {processor.py:830} INFO - Processing file /home/victor/airflow_env/lib/python3.10/site-packages/airflow/example_dags/example_python_decorator.py for tasks to queue
[2024-07-12T12:29:03.471+0100] {logging_mixin.py:188} INFO - [2024-07-12T12:29:03.469+0100] {dagbag.py:545} INFO - Filling up the DagBag from /home/victor/airflow_env/lib/python3.10/site-packages/airflow/example_dags/example_python_decorator.py
[2024-07-12T12:29:03.538+0100] {processor.py:840} INFO - DAG(s) 'example_python_decorator' retrieved from /home/victor/airflow_env/lib/python3.10/site-packages/airflow/example_dags/example_python_decorator.py
[2024-07-12T12:29:03.660+0100] {logging_mixin.py:188} INFO - [2024-07-12T12:29:03.659+0100] {dag.py:3096} INFO - Sync 1 DAGs
[2024-07-12T12:29:03.735+0100] {logging_mixin.py:188} INFO - [2024-07-12T12:29:03.733+0100] {dag.py:3954} INFO - Setting next_dagrun for example_python_decorator to None, run_after=None
[2024-07-12T12:29:04.047+0100] {processor.py:183} INFO - Processing /home/victor/airflow_env/lib/python3.10/site-packages/airflow/example_dags/example_python_decorator.py took 0.620 seconds
[2024-07-12T12:30:39.953+0100] {processor.py:161} INFO - Started process (PID=37443) to work on /home/victor/airflow_env/lib/python3.10/site-packages/airflow/example_dags/example_python_decorator.py
[2024-07-12T12:30:39.959+0100] {processor.py:830} INFO - Processing file /home/victor/airflow_env/lib/python3.10/site-packages/airflow/example_dags/example_python_decorator.py for tasks to queue
[2024-07-12T12:30:39.971+0100] {logging_mixin.py:188} INFO - [2024-07-12T12:30:39.968+0100] {dagbag.py:545} INFO - Filling up the DagBag from /home/victor/airflow_env/lib/python3.10/site-packages/airflow/example_dags/example_python_decorator.py
[2024-07-12T12:30:40.063+0100] {processor.py:840} INFO - DAG(s) 'example_python_decorator' retrieved from /home/victor/airflow_env/lib/python3.10/site-packages/airflow/example_dags/example_python_decorator.py
[2024-07-12T12:30:40.211+0100] {logging_mixin.py:188} INFO - [2024-07-12T12:30:40.209+0100] {dag.py:3096} INFO - Sync 1 DAGs
[2024-07-12T12:30:40.300+0100] {logging_mixin.py:188} INFO - [2024-07-12T12:30:40.299+0100] {dag.py:3954} INFO - Setting next_dagrun for example_python_decorator to None, run_after=None
[2024-07-12T12:30:40.682+0100] {processor.py:183} INFO - Processing /home/victor/airflow_env/lib/python3.10/site-packages/airflow/example_dags/example_python_decorator.py took 0.775 seconds
