[2024-07-12T11:06:04.205+0100] {processor.py:161} INFO - Started process (PID=16267) to work on /home/victor/airflow_env/lib/python3.10/site-packages/airflow/example_dags/example_external_task_marker_dag.py
[2024-07-12T11:06:04.223+0100] {processor.py:830} INFO - Processing file /home/victor/airflow_env/lib/python3.10/site-packages/airflow/example_dags/example_external_task_marker_dag.py for tasks to queue
[2024-07-12T11:06:04.238+0100] {logging_mixin.py:188} INFO - [2024-07-12T11:06:04.236+0100] {dagbag.py:545} INFO - Filling up the DagBag from /home/victor/airflow_env/lib/python3.10/site-packages/airflow/example_dags/example_external_task_marker_dag.py
[2024-07-12T11:06:04.291+0100] {processor.py:840} INFO - DAG(s) 'example_external_task_marker_child', 'example_external_task_marker_parent' retrieved from /home/victor/airflow_env/lib/python3.10/site-packages/airflow/example_dags/example_external_task_marker_dag.py
[2024-07-12T11:06:05.113+0100] {logging_mixin.py:188} INFO - [2024-07-12T11:06:05.110+0100] {override.py:1847} INFO - Created Permission View: can edit on DAG:example_external_task_marker_child
[2024-07-12T11:06:05.330+0100] {logging_mixin.py:188} INFO - [2024-07-12T11:06:05.328+0100] {override.py:1847} INFO - Created Permission View: can read on DAG:example_external_task_marker_child
[2024-07-12T11:06:05.563+0100] {logging_mixin.py:188} INFO - [2024-07-12T11:06:05.561+0100] {override.py:1847} INFO - Created Permission View: can delete on DAG:example_external_task_marker_child
[2024-07-12T11:06:06.015+0100] {logging_mixin.py:188} INFO - [2024-07-12T11:06:06.013+0100] {override.py:1847} INFO - Created Permission View: can edit on DAG:example_external_task_marker_parent
[2024-07-12T11:06:06.207+0100] {logging_mixin.py:188} INFO - [2024-07-12T11:06:06.205+0100] {override.py:1847} INFO - Created Permission View: can read on DAG:example_external_task_marker_parent
[2024-07-12T11:06:06.428+0100] {logging_mixin.py:188} INFO - [2024-07-12T11:06:06.426+0100] {override.py:1847} INFO - Created Permission View: can delete on DAG:example_external_task_marker_parent
[2024-07-12T11:06:06.431+0100] {logging_mixin.py:188} INFO - [2024-07-12T11:06:06.430+0100] {dag.py:3096} INFO - Sync 2 DAGs
[2024-07-12T11:06:06.568+0100] {logging_mixin.py:188} INFO - [2024-07-12T11:06:06.567+0100] {dag.py:3118} INFO - Creating ORM DAG for example_external_task_marker_parent
[2024-07-12T11:06:06.576+0100] {logging_mixin.py:188} INFO - [2024-07-12T11:06:06.574+0100] {dag.py:3118} INFO - Creating ORM DAG for example_external_task_marker_child
[2024-07-12T11:06:06.581+0100] {logging_mixin.py:188} INFO - [2024-07-12T11:06:06.579+0100] {dag.py:3954} INFO - Setting next_dagrun for example_external_task_marker_child to None, run_after=None
[2024-07-12T11:06:06.587+0100] {logging_mixin.py:188} INFO - [2024-07-12T11:06:06.586+0100] {dag.py:3954} INFO - Setting next_dagrun for example_external_task_marker_parent to None, run_after=None
[2024-07-12T11:06:07.080+0100] {processor.py:183} INFO - Processing /home/victor/airflow_env/lib/python3.10/site-packages/airflow/example_dags/example_external_task_marker_dag.py took 2.949 seconds
[2024-07-12T11:09:07.479+0100] {processor.py:161} INFO - Started process (PID=16982) to work on /home/victor/airflow_env/lib/python3.10/site-packages/airflow/example_dags/example_external_task_marker_dag.py
[2024-07-12T11:09:07.495+0100] {processor.py:830} INFO - Processing file /home/victor/airflow_env/lib/python3.10/site-packages/airflow/example_dags/example_external_task_marker_dag.py for tasks to queue
[2024-07-12T11:09:07.540+0100] {logging_mixin.py:188} INFO - [2024-07-12T11:09:07.526+0100] {dagbag.py:545} INFO - Filling up the DagBag from /home/victor/airflow_env/lib/python3.10/site-packages/airflow/example_dags/example_external_task_marker_dag.py
[2024-07-12T11:09:07.578+0100] {processor.py:840} INFO - DAG(s) 'example_external_task_marker_parent', 'example_external_task_marker_child' retrieved from /home/victor/airflow_env/lib/python3.10/site-packages/airflow/example_dags/example_external_task_marker_dag.py
[2024-07-12T11:09:08.047+0100] {logging_mixin.py:188} INFO - [2024-07-12T11:09:08.046+0100] {dag.py:3096} INFO - Sync 2 DAGs
[2024-07-12T11:09:08.237+0100] {logging_mixin.py:188} INFO - [2024-07-12T11:09:08.236+0100] {dag.py:3954} INFO - Setting next_dagrun for example_external_task_marker_child to None, run_after=None
[2024-07-12T11:09:08.262+0100] {logging_mixin.py:188} INFO - [2024-07-12T11:09:08.261+0100] {dag.py:3954} INFO - Setting next_dagrun for example_external_task_marker_parent to None, run_after=None
[2024-07-12T11:09:09.023+0100] {processor.py:183} INFO - Processing /home/victor/airflow_env/lib/python3.10/site-packages/airflow/example_dags/example_external_task_marker_dag.py took 1.645 seconds
[2024-07-12T11:11:27.111+0100] {processor.py:161} INFO - Started process (PID=17544) to work on /home/victor/airflow_env/lib/python3.10/site-packages/airflow/example_dags/example_external_task_marker_dag.py
[2024-07-12T11:11:27.115+0100] {processor.py:830} INFO - Processing file /home/victor/airflow_env/lib/python3.10/site-packages/airflow/example_dags/example_external_task_marker_dag.py for tasks to queue
[2024-07-12T11:11:27.124+0100] {logging_mixin.py:188} INFO - [2024-07-12T11:11:27.122+0100] {dagbag.py:545} INFO - Filling up the DagBag from /home/victor/airflow_env/lib/python3.10/site-packages/airflow/example_dags/example_external_task_marker_dag.py
[2024-07-12T11:11:27.155+0100] {processor.py:840} INFO - DAG(s) 'example_external_task_marker_parent', 'example_external_task_marker_child' retrieved from /home/victor/airflow_env/lib/python3.10/site-packages/airflow/example_dags/example_external_task_marker_dag.py
[2024-07-12T11:11:27.605+0100] {logging_mixin.py:188} INFO - [2024-07-12T11:11:27.604+0100] {dag.py:3096} INFO - Sync 2 DAGs
[2024-07-12T11:11:27.659+0100] {logging_mixin.py:188} INFO - [2024-07-12T11:11:27.658+0100] {dag.py:3954} INFO - Setting next_dagrun for example_external_task_marker_child to None, run_after=None
[2024-07-12T11:11:27.678+0100] {logging_mixin.py:188} INFO - [2024-07-12T11:11:27.677+0100] {dag.py:3954} INFO - Setting next_dagrun for example_external_task_marker_parent to None, run_after=None
[2024-07-12T11:11:27.949+0100] {processor.py:183} INFO - Processing /home/victor/airflow_env/lib/python3.10/site-packages/airflow/example_dags/example_external_task_marker_dag.py took 0.865 seconds
[2024-07-12T11:14:42.207+0100] {processor.py:161} INFO - Started process (PID=18342) to work on /home/victor/airflow_env/lib/python3.10/site-packages/airflow/example_dags/example_external_task_marker_dag.py
[2024-07-12T11:14:42.220+0100] {processor.py:830} INFO - Processing file /home/victor/airflow_env/lib/python3.10/site-packages/airflow/example_dags/example_external_task_marker_dag.py for tasks to queue
[2024-07-12T11:14:42.254+0100] {logging_mixin.py:188} INFO - [2024-07-12T11:14:42.252+0100] {dagbag.py:545} INFO - Filling up the DagBag from /home/victor/airflow_env/lib/python3.10/site-packages/airflow/example_dags/example_external_task_marker_dag.py
[2024-07-12T11:14:42.350+0100] {processor.py:840} INFO - DAG(s) 'example_external_task_marker_parent', 'example_external_task_marker_child' retrieved from /home/victor/airflow_env/lib/python3.10/site-packages/airflow/example_dags/example_external_task_marker_dag.py
[2024-07-12T11:14:43.066+0100] {logging_mixin.py:188} INFO - [2024-07-12T11:14:43.064+0100] {dag.py:3096} INFO - Sync 2 DAGs
[2024-07-12T11:14:43.355+0100] {logging_mixin.py:188} INFO - [2024-07-12T11:14:43.354+0100] {dag.py:3954} INFO - Setting next_dagrun for example_external_task_marker_child to None, run_after=None
[2024-07-12T11:14:43.440+0100] {logging_mixin.py:188} INFO - [2024-07-12T11:14:43.438+0100] {dag.py:3954} INFO - Setting next_dagrun for example_external_task_marker_parent to None, run_after=None
[2024-07-12T11:14:44.025+0100] {processor.py:183} INFO - Processing /home/victor/airflow_env/lib/python3.10/site-packages/airflow/example_dags/example_external_task_marker_dag.py took 1.911 seconds
[2024-07-12T11:17:20.492+0100] {processor.py:161} INFO - Started process (PID=18990) to work on /home/victor/airflow_env/lib/python3.10/site-packages/airflow/example_dags/example_external_task_marker_dag.py
[2024-07-12T11:17:20.528+0100] {processor.py:830} INFO - Processing file /home/victor/airflow_env/lib/python3.10/site-packages/airflow/example_dags/example_external_task_marker_dag.py for tasks to queue
[2024-07-12T11:17:20.541+0100] {logging_mixin.py:188} INFO - [2024-07-12T11:17:20.538+0100] {dagbag.py:545} INFO - Filling up the DagBag from /home/victor/airflow_env/lib/python3.10/site-packages/airflow/example_dags/example_external_task_marker_dag.py
[2024-07-12T11:17:20.586+0100] {processor.py:840} INFO - DAG(s) 'example_external_task_marker_child', 'example_external_task_marker_parent' retrieved from /home/victor/airflow_env/lib/python3.10/site-packages/airflow/example_dags/example_external_task_marker_dag.py
[2024-07-12T11:17:20.822+0100] {logging_mixin.py:188} INFO - [2024-07-12T11:17:20.820+0100] {dag.py:3096} INFO - Sync 2 DAGs
[2024-07-12T11:17:21.045+0100] {logging_mixin.py:188} INFO - [2024-07-12T11:17:21.044+0100] {dag.py:3954} INFO - Setting next_dagrun for example_external_task_marker_child to None, run_after=None
[2024-07-12T11:17:21.090+0100] {logging_mixin.py:188} INFO - [2024-07-12T11:17:21.089+0100] {dag.py:3954} INFO - Setting next_dagrun for example_external_task_marker_parent to None, run_after=None
[2024-07-12T11:17:21.572+0100] {processor.py:183} INFO - Processing /home/victor/airflow_env/lib/python3.10/site-packages/airflow/example_dags/example_external_task_marker_dag.py took 1.121 seconds
[2024-07-12T11:20:31.614+0100] {processor.py:161} INFO - Started process (PID=19775) to work on /home/victor/airflow_env/lib/python3.10/site-packages/airflow/example_dags/example_external_task_marker_dag.py
[2024-07-12T11:20:31.620+0100] {processor.py:830} INFO - Processing file /home/victor/airflow_env/lib/python3.10/site-packages/airflow/example_dags/example_external_task_marker_dag.py for tasks to queue
[2024-07-12T11:20:31.634+0100] {logging_mixin.py:188} INFO - [2024-07-12T11:20:31.631+0100] {dagbag.py:545} INFO - Filling up the DagBag from /home/victor/airflow_env/lib/python3.10/site-packages/airflow/example_dags/example_external_task_marker_dag.py
[2024-07-12T11:20:31.679+0100] {processor.py:840} INFO - DAG(s) 'example_external_task_marker_parent', 'example_external_task_marker_child' retrieved from /home/victor/airflow_env/lib/python3.10/site-packages/airflow/example_dags/example_external_task_marker_dag.py
[2024-07-12T11:20:32.259+0100] {logging_mixin.py:188} INFO - [2024-07-12T11:20:32.258+0100] {dag.py:3096} INFO - Sync 2 DAGs
[2024-07-12T11:20:32.456+0100] {logging_mixin.py:188} INFO - [2024-07-12T11:20:32.455+0100] {dag.py:3954} INFO - Setting next_dagrun for example_external_task_marker_child to None, run_after=None
[2024-07-12T11:20:32.511+0100] {logging_mixin.py:188} INFO - [2024-07-12T11:20:32.510+0100] {dag.py:3954} INFO - Setting next_dagrun for example_external_task_marker_parent to None, run_after=None
[2024-07-12T11:20:33.440+0100] {processor.py:183} INFO - Processing /home/victor/airflow_env/lib/python3.10/site-packages/airflow/example_dags/example_external_task_marker_dag.py took 1.894 seconds
[2024-07-12T11:23:54.841+0100] {processor.py:161} INFO - Started process (PID=20613) to work on /home/victor/airflow_env/lib/python3.10/site-packages/airflow/example_dags/example_external_task_marker_dag.py
[2024-07-12T11:23:54.856+0100] {processor.py:830} INFO - Processing file /home/victor/airflow_env/lib/python3.10/site-packages/airflow/example_dags/example_external_task_marker_dag.py for tasks to queue
[2024-07-12T11:23:54.873+0100] {logging_mixin.py:188} INFO - [2024-07-12T11:23:54.865+0100] {dagbag.py:545} INFO - Filling up the DagBag from /home/victor/airflow_env/lib/python3.10/site-packages/airflow/example_dags/example_external_task_marker_dag.py
[2024-07-12T11:23:54.945+0100] {processor.py:840} INFO - DAG(s) 'example_external_task_marker_child', 'example_external_task_marker_parent' retrieved from /home/victor/airflow_env/lib/python3.10/site-packages/airflow/example_dags/example_external_task_marker_dag.py
[2024-07-12T11:23:55.171+0100] {logging_mixin.py:188} INFO - [2024-07-12T11:23:55.169+0100] {dag.py:3096} INFO - Sync 2 DAGs
[2024-07-12T11:23:55.321+0100] {logging_mixin.py:188} INFO - [2024-07-12T11:23:55.320+0100] {dag.py:3954} INFO - Setting next_dagrun for example_external_task_marker_child to None, run_after=None
[2024-07-12T11:23:55.387+0100] {logging_mixin.py:188} INFO - [2024-07-12T11:23:55.386+0100] {dag.py:3954} INFO - Setting next_dagrun for example_external_task_marker_parent to None, run_after=None
[2024-07-12T11:23:55.785+0100] {processor.py:183} INFO - Processing /home/victor/airflow_env/lib/python3.10/site-packages/airflow/example_dags/example_external_task_marker_dag.py took 1.011 seconds
[2024-07-12T11:27:16.932+0100] {processor.py:161} INFO - Started process (PID=21441) to work on /home/victor/airflow_env/lib/python3.10/site-packages/airflow/example_dags/example_external_task_marker_dag.py
[2024-07-12T11:27:16.937+0100] {processor.py:830} INFO - Processing file /home/victor/airflow_env/lib/python3.10/site-packages/airflow/example_dags/example_external_task_marker_dag.py for tasks to queue
[2024-07-12T11:27:16.949+0100] {logging_mixin.py:188} INFO - [2024-07-12T11:27:16.944+0100] {dagbag.py:545} INFO - Filling up the DagBag from /home/victor/airflow_env/lib/python3.10/site-packages/airflow/example_dags/example_external_task_marker_dag.py
[2024-07-12T11:27:16.985+0100] {processor.py:840} INFO - DAG(s) 'example_external_task_marker_child', 'example_external_task_marker_parent' retrieved from /home/victor/airflow_env/lib/python3.10/site-packages/airflow/example_dags/example_external_task_marker_dag.py
[2024-07-12T11:27:17.134+0100] {logging_mixin.py:188} INFO - [2024-07-12T11:27:17.133+0100] {dag.py:3096} INFO - Sync 2 DAGs
[2024-07-12T11:27:17.200+0100] {logging_mixin.py:188} INFO - [2024-07-12T11:27:17.199+0100] {dag.py:3954} INFO - Setting next_dagrun for example_external_task_marker_child to None, run_after=None
[2024-07-12T11:27:17.221+0100] {logging_mixin.py:188} INFO - [2024-07-12T11:27:17.220+0100] {dag.py:3954} INFO - Setting next_dagrun for example_external_task_marker_parent to None, run_after=None
[2024-07-12T11:27:17.765+0100] {processor.py:183} INFO - Processing /home/victor/airflow_env/lib/python3.10/site-packages/airflow/example_dags/example_external_task_marker_dag.py took 0.871 seconds
[2024-07-12T11:30:42.086+0100] {processor.py:161} INFO - Started process (PID=22274) to work on /home/victor/airflow_env/lib/python3.10/site-packages/airflow/example_dags/example_external_task_marker_dag.py
[2024-07-12T11:30:42.092+0100] {processor.py:830} INFO - Processing file /home/victor/airflow_env/lib/python3.10/site-packages/airflow/example_dags/example_external_task_marker_dag.py for tasks to queue
[2024-07-12T11:30:42.104+0100] {logging_mixin.py:188} INFO - [2024-07-12T11:30:42.099+0100] {dagbag.py:545} INFO - Filling up the DagBag from /home/victor/airflow_env/lib/python3.10/site-packages/airflow/example_dags/example_external_task_marker_dag.py
[2024-07-12T11:30:42.180+0100] {processor.py:840} INFO - DAG(s) 'example_external_task_marker_parent', 'example_external_task_marker_child' retrieved from /home/victor/airflow_env/lib/python3.10/site-packages/airflow/example_dags/example_external_task_marker_dag.py
[2024-07-12T11:30:42.621+0100] {logging_mixin.py:188} INFO - [2024-07-12T11:30:42.620+0100] {dag.py:3096} INFO - Sync 2 DAGs
[2024-07-12T11:30:42.831+0100] {logging_mixin.py:188} INFO - [2024-07-12T11:30:42.830+0100] {dag.py:3954} INFO - Setting next_dagrun for example_external_task_marker_child to None, run_after=None
[2024-07-12T11:30:42.872+0100] {logging_mixin.py:188} INFO - [2024-07-12T11:30:42.871+0100] {dag.py:3954} INFO - Setting next_dagrun for example_external_task_marker_parent to None, run_after=None
[2024-07-12T11:30:43.667+0100] {processor.py:183} INFO - Processing /home/victor/airflow_env/lib/python3.10/site-packages/airflow/example_dags/example_external_task_marker_dag.py took 1.636 seconds
[2024-07-12T11:33:28.535+0100] {processor.py:161} INFO - Started process (PID=23332) to work on /home/victor/airflow_env/lib/python3.10/site-packages/airflow/example_dags/example_external_task_marker_dag.py
[2024-07-12T11:33:28.540+0100] {processor.py:830} INFO - Processing file /home/victor/airflow_env/lib/python3.10/site-packages/airflow/example_dags/example_external_task_marker_dag.py for tasks to queue
[2024-07-12T11:33:28.548+0100] {logging_mixin.py:188} INFO - [2024-07-12T11:33:28.547+0100] {dagbag.py:545} INFO - Filling up the DagBag from /home/victor/airflow_env/lib/python3.10/site-packages/airflow/example_dags/example_external_task_marker_dag.py
[2024-07-12T11:33:28.584+0100] {processor.py:840} INFO - DAG(s) 'example_external_task_marker_parent', 'example_external_task_marker_child' retrieved from /home/victor/airflow_env/lib/python3.10/site-packages/airflow/example_dags/example_external_task_marker_dag.py
[2024-07-12T11:33:28.735+0100] {logging_mixin.py:188} INFO - [2024-07-12T11:33:28.734+0100] {dag.py:3096} INFO - Sync 2 DAGs
[2024-07-12T11:33:28.811+0100] {logging_mixin.py:188} INFO - [2024-07-12T11:33:28.810+0100] {dag.py:3954} INFO - Setting next_dagrun for example_external_task_marker_child to None, run_after=None
[2024-07-12T11:33:28.834+0100] {logging_mixin.py:188} INFO - [2024-07-12T11:33:28.833+0100] {dag.py:3954} INFO - Setting next_dagrun for example_external_task_marker_parent to None, run_after=None
[2024-07-12T11:33:29.197+0100] {processor.py:183} INFO - Processing /home/victor/airflow_env/lib/python3.10/site-packages/airflow/example_dags/example_external_task_marker_dag.py took 0.708 seconds
[2024-07-12T11:36:59.707+0100] {processor.py:161} INFO - Started process (PID=24237) to work on /home/victor/airflow_env/lib/python3.10/site-packages/airflow/example_dags/example_external_task_marker_dag.py
[2024-07-12T11:36:59.711+0100] {processor.py:830} INFO - Processing file /home/victor/airflow_env/lib/python3.10/site-packages/airflow/example_dags/example_external_task_marker_dag.py for tasks to queue
[2024-07-12T11:36:59.719+0100] {logging_mixin.py:188} INFO - [2024-07-12T11:36:59.718+0100] {dagbag.py:545} INFO - Filling up the DagBag from /home/victor/airflow_env/lib/python3.10/site-packages/airflow/example_dags/example_external_task_marker_dag.py
[2024-07-12T11:36:59.751+0100] {processor.py:840} INFO - DAG(s) 'example_external_task_marker_child', 'example_external_task_marker_parent' retrieved from /home/victor/airflow_env/lib/python3.10/site-packages/airflow/example_dags/example_external_task_marker_dag.py
[2024-07-12T11:36:59.928+0100] {logging_mixin.py:188} INFO - [2024-07-12T11:36:59.926+0100] {dag.py:3096} INFO - Sync 2 DAGs
[2024-07-12T11:37:00.021+0100] {logging_mixin.py:188} INFO - [2024-07-12T11:37:00.020+0100] {dag.py:3954} INFO - Setting next_dagrun for example_external_task_marker_child to None, run_after=None
[2024-07-12T11:37:00.057+0100] {logging_mixin.py:188} INFO - [2024-07-12T11:37:00.056+0100] {dag.py:3954} INFO - Setting next_dagrun for example_external_task_marker_parent to None, run_after=None
[2024-07-12T11:37:00.381+0100] {processor.py:183} INFO - Processing /home/victor/airflow_env/lib/python3.10/site-packages/airflow/example_dags/example_external_task_marker_dag.py took 0.704 seconds
[2024-07-12T11:39:49.949+0100] {processor.py:161} INFO - Started process (PID=24939) to work on /home/victor/airflow_env/lib/python3.10/site-packages/airflow/example_dags/example_external_task_marker_dag.py
[2024-07-12T11:39:49.954+0100] {processor.py:830} INFO - Processing file /home/victor/airflow_env/lib/python3.10/site-packages/airflow/example_dags/example_external_task_marker_dag.py for tasks to queue
[2024-07-12T11:39:49.964+0100] {logging_mixin.py:188} INFO - [2024-07-12T11:39:49.962+0100] {dagbag.py:545} INFO - Filling up the DagBag from /home/victor/airflow_env/lib/python3.10/site-packages/airflow/example_dags/example_external_task_marker_dag.py
[2024-07-12T11:39:50.004+0100] {processor.py:840} INFO - DAG(s) 'example_external_task_marker_parent', 'example_external_task_marker_child' retrieved from /home/victor/airflow_env/lib/python3.10/site-packages/airflow/example_dags/example_external_task_marker_dag.py
[2024-07-12T11:39:50.157+0100] {logging_mixin.py:188} INFO - [2024-07-12T11:39:50.156+0100] {dag.py:3096} INFO - Sync 2 DAGs
[2024-07-12T11:39:50.230+0100] {logging_mixin.py:188} INFO - [2024-07-12T11:39:50.229+0100] {dag.py:3954} INFO - Setting next_dagrun for example_external_task_marker_child to None, run_after=None
[2024-07-12T11:39:50.252+0100] {logging_mixin.py:188} INFO - [2024-07-12T11:39:50.251+0100] {dag.py:3954} INFO - Setting next_dagrun for example_external_task_marker_parent to None, run_after=None
[2024-07-12T11:39:50.552+0100] {processor.py:183} INFO - Processing /home/victor/airflow_env/lib/python3.10/site-packages/airflow/example_dags/example_external_task_marker_dag.py took 0.642 seconds
[2024-07-12T11:42:51.613+0100] {processor.py:161} INFO - Started process (PID=25680) to work on /home/victor/airflow_env/lib/python3.10/site-packages/airflow/example_dags/example_external_task_marker_dag.py
[2024-07-12T11:42:51.618+0100] {processor.py:830} INFO - Processing file /home/victor/airflow_env/lib/python3.10/site-packages/airflow/example_dags/example_external_task_marker_dag.py for tasks to queue
[2024-07-12T11:42:51.638+0100] {logging_mixin.py:188} INFO - [2024-07-12T11:42:51.636+0100] {dagbag.py:545} INFO - Filling up the DagBag from /home/victor/airflow_env/lib/python3.10/site-packages/airflow/example_dags/example_external_task_marker_dag.py
[2024-07-12T11:42:51.670+0100] {processor.py:840} INFO - DAG(s) 'example_external_task_marker_child', 'example_external_task_marker_parent' retrieved from /home/victor/airflow_env/lib/python3.10/site-packages/airflow/example_dags/example_external_task_marker_dag.py
[2024-07-12T11:42:51.807+0100] {logging_mixin.py:188} INFO - [2024-07-12T11:42:51.806+0100] {dag.py:3096} INFO - Sync 2 DAGs
[2024-07-12T11:42:51.888+0100] {logging_mixin.py:188} INFO - [2024-07-12T11:42:51.885+0100] {dag.py:3954} INFO - Setting next_dagrun for example_external_task_marker_child to None, run_after=None
[2024-07-12T11:42:51.914+0100] {logging_mixin.py:188} INFO - [2024-07-12T11:42:51.913+0100] {dag.py:3954} INFO - Setting next_dagrun for example_external_task_marker_parent to None, run_after=None
[2024-07-12T11:42:52.253+0100] {processor.py:183} INFO - Processing /home/victor/airflow_env/lib/python3.10/site-packages/airflow/example_dags/example_external_task_marker_dag.py took 0.675 seconds
[2024-07-12T11:45:39.650+0100] {processor.py:161} INFO - Started process (PID=26379) to work on /home/victor/airflow_env/lib/python3.10/site-packages/airflow/example_dags/example_external_task_marker_dag.py
[2024-07-12T11:45:39.655+0100] {processor.py:830} INFO - Processing file /home/victor/airflow_env/lib/python3.10/site-packages/airflow/example_dags/example_external_task_marker_dag.py for tasks to queue
[2024-07-12T11:45:39.664+0100] {logging_mixin.py:188} INFO - [2024-07-12T11:45:39.663+0100] {dagbag.py:545} INFO - Filling up the DagBag from /home/victor/airflow_env/lib/python3.10/site-packages/airflow/example_dags/example_external_task_marker_dag.py
[2024-07-12T11:45:39.698+0100] {processor.py:840} INFO - DAG(s) 'example_external_task_marker_parent', 'example_external_task_marker_child' retrieved from /home/victor/airflow_env/lib/python3.10/site-packages/airflow/example_dags/example_external_task_marker_dag.py
[2024-07-12T11:45:39.829+0100] {logging_mixin.py:188} INFO - [2024-07-12T11:45:39.829+0100] {dag.py:3096} INFO - Sync 2 DAGs
[2024-07-12T11:45:39.900+0100] {logging_mixin.py:188} INFO - [2024-07-12T11:45:39.899+0100] {dag.py:3954} INFO - Setting next_dagrun for example_external_task_marker_child to None, run_after=None
[2024-07-12T11:45:39.922+0100] {logging_mixin.py:188} INFO - [2024-07-12T11:45:39.921+0100] {dag.py:3954} INFO - Setting next_dagrun for example_external_task_marker_parent to None, run_after=None
[2024-07-12T11:45:40.337+0100] {processor.py:183} INFO - Processing /home/victor/airflow_env/lib/python3.10/site-packages/airflow/example_dags/example_external_task_marker_dag.py took 0.718 seconds
[2024-07-12T11:48:32.236+0100] {processor.py:161} INFO - Started process (PID=27096) to work on /home/victor/airflow_env/lib/python3.10/site-packages/airflow/example_dags/example_external_task_marker_dag.py
[2024-07-12T11:48:32.240+0100] {processor.py:830} INFO - Processing file /home/victor/airflow_env/lib/python3.10/site-packages/airflow/example_dags/example_external_task_marker_dag.py for tasks to queue
[2024-07-12T11:48:32.248+0100] {logging_mixin.py:188} INFO - [2024-07-12T11:48:32.246+0100] {dagbag.py:545} INFO - Filling up the DagBag from /home/victor/airflow_env/lib/python3.10/site-packages/airflow/example_dags/example_external_task_marker_dag.py
[2024-07-12T11:48:32.282+0100] {processor.py:840} INFO - DAG(s) 'example_external_task_marker_child', 'example_external_task_marker_parent' retrieved from /home/victor/airflow_env/lib/python3.10/site-packages/airflow/example_dags/example_external_task_marker_dag.py
[2024-07-12T11:48:32.412+0100] {logging_mixin.py:188} INFO - [2024-07-12T11:48:32.411+0100] {dag.py:3096} INFO - Sync 2 DAGs
[2024-07-12T11:48:32.491+0100] {logging_mixin.py:188} INFO - [2024-07-12T11:48:32.490+0100] {dag.py:3954} INFO - Setting next_dagrun for example_external_task_marker_child to None, run_after=None
[2024-07-12T11:48:32.512+0100] {logging_mixin.py:188} INFO - [2024-07-12T11:48:32.511+0100] {dag.py:3954} INFO - Setting next_dagrun for example_external_task_marker_parent to None, run_after=None
[2024-07-12T11:48:32.882+0100] {processor.py:183} INFO - Processing /home/victor/airflow_env/lib/python3.10/site-packages/airflow/example_dags/example_external_task_marker_dag.py took 0.675 seconds
[2024-07-12T11:50:18.522+0100] {processor.py:161} INFO - Started process (PID=27530) to work on /home/victor/airflow_env/lib/python3.10/site-packages/airflow/example_dags/example_external_task_marker_dag.py
[2024-07-12T11:50:18.526+0100] {processor.py:830} INFO - Processing file /home/victor/airflow_env/lib/python3.10/site-packages/airflow/example_dags/example_external_task_marker_dag.py for tasks to queue
[2024-07-12T11:50:18.534+0100] {logging_mixin.py:188} INFO - [2024-07-12T11:50:18.533+0100] {dagbag.py:545} INFO - Filling up the DagBag from /home/victor/airflow_env/lib/python3.10/site-packages/airflow/example_dags/example_external_task_marker_dag.py
[2024-07-12T11:50:18.567+0100] {processor.py:840} INFO - DAG(s) 'example_external_task_marker_child', 'example_external_task_marker_parent' retrieved from /home/victor/airflow_env/lib/python3.10/site-packages/airflow/example_dags/example_external_task_marker_dag.py
[2024-07-12T11:50:18.710+0100] {logging_mixin.py:188} INFO - [2024-07-12T11:50:18.709+0100] {dag.py:3096} INFO - Sync 2 DAGs
[2024-07-12T11:50:18.783+0100] {logging_mixin.py:188} INFO - [2024-07-12T11:50:18.782+0100] {dag.py:3954} INFO - Setting next_dagrun for example_external_task_marker_child to None, run_after=None
[2024-07-12T11:50:18.804+0100] {logging_mixin.py:188} INFO - [2024-07-12T11:50:18.803+0100] {dag.py:3954} INFO - Setting next_dagrun for example_external_task_marker_parent to None, run_after=None
[2024-07-12T11:50:19.124+0100] {processor.py:183} INFO - Processing /home/victor/airflow_env/lib/python3.10/site-packages/airflow/example_dags/example_external_task_marker_dag.py took 0.631 seconds
[2024-07-12T11:53:00.260+0100] {processor.py:161} INFO - Started process (PID=28199) to work on /home/victor/airflow_env/lib/python3.10/site-packages/airflow/example_dags/example_external_task_marker_dag.py
[2024-07-12T11:53:00.265+0100] {processor.py:830} INFO - Processing file /home/victor/airflow_env/lib/python3.10/site-packages/airflow/example_dags/example_external_task_marker_dag.py for tasks to queue
[2024-07-12T11:53:00.274+0100] {logging_mixin.py:188} INFO - [2024-07-12T11:53:00.272+0100] {dagbag.py:545} INFO - Filling up the DagBag from /home/victor/airflow_env/lib/python3.10/site-packages/airflow/example_dags/example_external_task_marker_dag.py
[2024-07-12T11:53:00.316+0100] {processor.py:840} INFO - DAG(s) 'example_external_task_marker_parent', 'example_external_task_marker_child' retrieved from /home/victor/airflow_env/lib/python3.10/site-packages/airflow/example_dags/example_external_task_marker_dag.py
[2024-07-12T11:53:00.504+0100] {logging_mixin.py:188} INFO - [2024-07-12T11:53:00.503+0100] {dag.py:3096} INFO - Sync 2 DAGs
[2024-07-12T11:53:00.583+0100] {logging_mixin.py:188} INFO - [2024-07-12T11:53:00.580+0100] {dag.py:3954} INFO - Setting next_dagrun for example_external_task_marker_child to None, run_after=None
[2024-07-12T11:53:00.603+0100] {logging_mixin.py:188} INFO - [2024-07-12T11:53:00.602+0100] {dag.py:3954} INFO - Setting next_dagrun for example_external_task_marker_parent to None, run_after=None
[2024-07-12T11:53:00.909+0100] {processor.py:183} INFO - Processing /home/victor/airflow_env/lib/python3.10/site-packages/airflow/example_dags/example_external_task_marker_dag.py took 0.681 seconds
[2024-07-12T11:55:43.388+0100] {processor.py:161} INFO - Started process (PID=28873) to work on /home/victor/airflow_env/lib/python3.10/site-packages/airflow/example_dags/example_external_task_marker_dag.py
[2024-07-12T11:55:43.395+0100] {processor.py:830} INFO - Processing file /home/victor/airflow_env/lib/python3.10/site-packages/airflow/example_dags/example_external_task_marker_dag.py for tasks to queue
[2024-07-12T11:55:43.404+0100] {logging_mixin.py:188} INFO - [2024-07-12T11:55:43.402+0100] {dagbag.py:545} INFO - Filling up the DagBag from /home/victor/airflow_env/lib/python3.10/site-packages/airflow/example_dags/example_external_task_marker_dag.py
[2024-07-12T11:55:43.438+0100] {processor.py:840} INFO - DAG(s) 'example_external_task_marker_parent', 'example_external_task_marker_child' retrieved from /home/victor/airflow_env/lib/python3.10/site-packages/airflow/example_dags/example_external_task_marker_dag.py
[2024-07-12T11:55:43.588+0100] {logging_mixin.py:188} INFO - [2024-07-12T11:55:43.587+0100] {dag.py:3096} INFO - Sync 2 DAGs
[2024-07-12T11:55:43.659+0100] {logging_mixin.py:188} INFO - [2024-07-12T11:55:43.659+0100] {dag.py:3954} INFO - Setting next_dagrun for example_external_task_marker_child to None, run_after=None
[2024-07-12T11:55:43.681+0100] {logging_mixin.py:188} INFO - [2024-07-12T11:55:43.681+0100] {dag.py:3954} INFO - Setting next_dagrun for example_external_task_marker_parent to None, run_after=None
[2024-07-12T11:55:43.978+0100] {processor.py:183} INFO - Processing /home/victor/airflow_env/lib/python3.10/site-packages/airflow/example_dags/example_external_task_marker_dag.py took 0.628 seconds
[2024-07-12T11:58:34.665+0100] {processor.py:161} INFO - Started process (PID=29575) to work on /home/victor/airflow_env/lib/python3.10/site-packages/airflow/example_dags/example_external_task_marker_dag.py
[2024-07-12T11:58:34.669+0100] {processor.py:830} INFO - Processing file /home/victor/airflow_env/lib/python3.10/site-packages/airflow/example_dags/example_external_task_marker_dag.py for tasks to queue
[2024-07-12T11:58:34.677+0100] {logging_mixin.py:188} INFO - [2024-07-12T11:58:34.675+0100] {dagbag.py:545} INFO - Filling up the DagBag from /home/victor/airflow_env/lib/python3.10/site-packages/airflow/example_dags/example_external_task_marker_dag.py
[2024-07-12T11:58:34.718+0100] {processor.py:840} INFO - DAG(s) 'example_external_task_marker_parent', 'example_external_task_marker_child' retrieved from /home/victor/airflow_env/lib/python3.10/site-packages/airflow/example_dags/example_external_task_marker_dag.py
[2024-07-12T11:58:34.838+0100] {logging_mixin.py:188} INFO - [2024-07-12T11:58:34.837+0100] {dag.py:3096} INFO - Sync 2 DAGs
[2024-07-12T11:58:34.903+0100] {logging_mixin.py:188} INFO - [2024-07-12T11:58:34.902+0100] {dag.py:3954} INFO - Setting next_dagrun for example_external_task_marker_child to None, run_after=None
[2024-07-12T11:58:34.925+0100] {logging_mixin.py:188} INFO - [2024-07-12T11:58:34.924+0100] {dag.py:3954} INFO - Setting next_dagrun for example_external_task_marker_parent to None, run_after=None
[2024-07-12T11:58:35.264+0100] {processor.py:183} INFO - Processing /home/victor/airflow_env/lib/python3.10/site-packages/airflow/example_dags/example_external_task_marker_dag.py took 0.628 seconds
[2024-07-12T12:01:29.807+0100] {processor.py:161} INFO - Started process (PID=30292) to work on /home/victor/airflow_env/lib/python3.10/site-packages/airflow/example_dags/example_external_task_marker_dag.py
[2024-07-12T12:01:29.812+0100] {processor.py:830} INFO - Processing file /home/victor/airflow_env/lib/python3.10/site-packages/airflow/example_dags/example_external_task_marker_dag.py for tasks to queue
[2024-07-12T12:01:29.819+0100] {logging_mixin.py:188} INFO - [2024-07-12T12:01:29.818+0100] {dagbag.py:545} INFO - Filling up the DagBag from /home/victor/airflow_env/lib/python3.10/site-packages/airflow/example_dags/example_external_task_marker_dag.py
[2024-07-12T12:01:29.851+0100] {processor.py:840} INFO - DAG(s) 'example_external_task_marker_parent', 'example_external_task_marker_child' retrieved from /home/victor/airflow_env/lib/python3.10/site-packages/airflow/example_dags/example_external_task_marker_dag.py
[2024-07-12T12:01:29.994+0100] {logging_mixin.py:188} INFO - [2024-07-12T12:01:29.993+0100] {dag.py:3096} INFO - Sync 2 DAGs
[2024-07-12T12:01:30.074+0100] {logging_mixin.py:188} INFO - [2024-07-12T12:01:30.073+0100] {dag.py:3954} INFO - Setting next_dagrun for example_external_task_marker_child to None, run_after=None
[2024-07-12T12:01:30.110+0100] {logging_mixin.py:188} INFO - [2024-07-12T12:01:30.109+0100] {dag.py:3954} INFO - Setting next_dagrun for example_external_task_marker_parent to None, run_after=None
[2024-07-12T12:01:30.401+0100] {processor.py:183} INFO - Processing /home/victor/airflow_env/lib/python3.10/site-packages/airflow/example_dags/example_external_task_marker_dag.py took 0.623 seconds
[2024-07-12T12:04:43.326+0100] {processor.py:161} INFO - Started process (PID=31078) to work on /home/victor/airflow_env/lib/python3.10/site-packages/airflow/example_dags/example_external_task_marker_dag.py
[2024-07-12T12:04:43.331+0100] {processor.py:830} INFO - Processing file /home/victor/airflow_env/lib/python3.10/site-packages/airflow/example_dags/example_external_task_marker_dag.py for tasks to queue
[2024-07-12T12:04:43.339+0100] {logging_mixin.py:188} INFO - [2024-07-12T12:04:43.337+0100] {dagbag.py:545} INFO - Filling up the DagBag from /home/victor/airflow_env/lib/python3.10/site-packages/airflow/example_dags/example_external_task_marker_dag.py
[2024-07-12T12:04:43.381+0100] {processor.py:840} INFO - DAG(s) 'example_external_task_marker_parent', 'example_external_task_marker_child' retrieved from /home/victor/airflow_env/lib/python3.10/site-packages/airflow/example_dags/example_external_task_marker_dag.py
[2024-07-12T12:04:43.516+0100] {logging_mixin.py:188} INFO - [2024-07-12T12:04:43.515+0100] {dag.py:3096} INFO - Sync 2 DAGs
[2024-07-12T12:04:43.594+0100] {logging_mixin.py:188} INFO - [2024-07-12T12:04:43.593+0100] {dag.py:3954} INFO - Setting next_dagrun for example_external_task_marker_child to None, run_after=None
[2024-07-12T12:04:43.614+0100] {logging_mixin.py:188} INFO - [2024-07-12T12:04:43.613+0100] {dag.py:3954} INFO - Setting next_dagrun for example_external_task_marker_parent to None, run_after=None
[2024-07-12T12:04:43.905+0100] {processor.py:183} INFO - Processing /home/victor/airflow_env/lib/python3.10/site-packages/airflow/example_dags/example_external_task_marker_dag.py took 0.612 seconds
[2024-07-12T12:07:26.080+0100] {processor.py:161} INFO - Started process (PID=31751) to work on /home/victor/airflow_env/lib/python3.10/site-packages/airflow/example_dags/example_external_task_marker_dag.py
[2024-07-12T12:07:26.085+0100] {processor.py:830} INFO - Processing file /home/victor/airflow_env/lib/python3.10/site-packages/airflow/example_dags/example_external_task_marker_dag.py for tasks to queue
[2024-07-12T12:07:26.095+0100] {logging_mixin.py:188} INFO - [2024-07-12T12:07:26.093+0100] {dagbag.py:545} INFO - Filling up the DagBag from /home/victor/airflow_env/lib/python3.10/site-packages/airflow/example_dags/example_external_task_marker_dag.py
[2024-07-12T12:07:26.144+0100] {processor.py:840} INFO - DAG(s) 'example_external_task_marker_child', 'example_external_task_marker_parent' retrieved from /home/victor/airflow_env/lib/python3.10/site-packages/airflow/example_dags/example_external_task_marker_dag.py
[2024-07-12T12:07:26.304+0100] {logging_mixin.py:188} INFO - [2024-07-12T12:07:26.303+0100] {dag.py:3096} INFO - Sync 2 DAGs
[2024-07-12T12:07:26.379+0100] {logging_mixin.py:188} INFO - [2024-07-12T12:07:26.378+0100] {dag.py:3954} INFO - Setting next_dagrun for example_external_task_marker_child to None, run_after=None
[2024-07-12T12:07:26.402+0100] {logging_mixin.py:188} INFO - [2024-07-12T12:07:26.400+0100] {dag.py:3954} INFO - Setting next_dagrun for example_external_task_marker_parent to None, run_after=None
[2024-07-12T12:07:26.855+0100] {processor.py:183} INFO - Processing /home/victor/airflow_env/lib/python3.10/site-packages/airflow/example_dags/example_external_task_marker_dag.py took 0.848 seconds
[2024-07-12T12:10:21.603+0100] {processor.py:161} INFO - Started process (PID=32475) to work on /home/victor/airflow_env/lib/python3.10/site-packages/airflow/example_dags/example_external_task_marker_dag.py
[2024-07-12T12:10:21.609+0100] {processor.py:830} INFO - Processing file /home/victor/airflow_env/lib/python3.10/site-packages/airflow/example_dags/example_external_task_marker_dag.py for tasks to queue
[2024-07-12T12:10:21.623+0100] {logging_mixin.py:188} INFO - [2024-07-12T12:10:21.621+0100] {dagbag.py:545} INFO - Filling up the DagBag from /home/victor/airflow_env/lib/python3.10/site-packages/airflow/example_dags/example_external_task_marker_dag.py
[2024-07-12T12:10:21.674+0100] {processor.py:840} INFO - DAG(s) 'example_external_task_marker_child', 'example_external_task_marker_parent' retrieved from /home/victor/airflow_env/lib/python3.10/site-packages/airflow/example_dags/example_external_task_marker_dag.py
[2024-07-12T12:10:21.977+0100] {logging_mixin.py:188} INFO - [2024-07-12T12:10:21.976+0100] {dag.py:3096} INFO - Sync 2 DAGs
[2024-07-12T12:10:22.075+0100] {logging_mixin.py:188} INFO - [2024-07-12T12:10:22.074+0100] {dag.py:3954} INFO - Setting next_dagrun for example_external_task_marker_child to None, run_after=None
[2024-07-12T12:10:22.144+0100] {logging_mixin.py:188} INFO - [2024-07-12T12:10:22.142+0100] {dag.py:3954} INFO - Setting next_dagrun for example_external_task_marker_parent to None, run_after=None
[2024-07-12T12:10:22.737+0100] {processor.py:183} INFO - Processing /home/victor/airflow_env/lib/python3.10/site-packages/airflow/example_dags/example_external_task_marker_dag.py took 1.178 seconds
[2024-07-12T12:13:09.488+0100] {processor.py:161} INFO - Started process (PID=33169) to work on /home/victor/airflow_env/lib/python3.10/site-packages/airflow/example_dags/example_external_task_marker_dag.py
[2024-07-12T12:13:09.493+0100] {processor.py:830} INFO - Processing file /home/victor/airflow_env/lib/python3.10/site-packages/airflow/example_dags/example_external_task_marker_dag.py for tasks to queue
[2024-07-12T12:13:09.502+0100] {logging_mixin.py:188} INFO - [2024-07-12T12:13:09.500+0100] {dagbag.py:545} INFO - Filling up the DagBag from /home/victor/airflow_env/lib/python3.10/site-packages/airflow/example_dags/example_external_task_marker_dag.py
[2024-07-12T12:13:09.533+0100] {processor.py:840} INFO - DAG(s) 'example_external_task_marker_parent', 'example_external_task_marker_child' retrieved from /home/victor/airflow_env/lib/python3.10/site-packages/airflow/example_dags/example_external_task_marker_dag.py
[2024-07-12T12:13:09.692+0100] {logging_mixin.py:188} INFO - [2024-07-12T12:13:09.691+0100] {dag.py:3096} INFO - Sync 2 DAGs
[2024-07-12T12:13:09.762+0100] {logging_mixin.py:188} INFO - [2024-07-12T12:13:09.761+0100] {dag.py:3954} INFO - Setting next_dagrun for example_external_task_marker_child to None, run_after=None
[2024-07-12T12:13:09.781+0100] {logging_mixin.py:188} INFO - [2024-07-12T12:13:09.780+0100] {dag.py:3954} INFO - Setting next_dagrun for example_external_task_marker_parent to None, run_after=None
[2024-07-12T12:13:10.077+0100] {processor.py:183} INFO - Processing /home/victor/airflow_env/lib/python3.10/site-packages/airflow/example_dags/example_external_task_marker_dag.py took 0.622 seconds
[2024-07-12T12:16:13.912+0100] {processor.py:161} INFO - Started process (PID=33920) to work on /home/victor/airflow_env/lib/python3.10/site-packages/airflow/example_dags/example_external_task_marker_dag.py
[2024-07-12T12:16:13.930+0100] {processor.py:830} INFO - Processing file /home/victor/airflow_env/lib/python3.10/site-packages/airflow/example_dags/example_external_task_marker_dag.py for tasks to queue
[2024-07-12T12:16:13.965+0100] {logging_mixin.py:188} INFO - [2024-07-12T12:16:13.962+0100] {dagbag.py:545} INFO - Filling up the DagBag from /home/victor/airflow_env/lib/python3.10/site-packages/airflow/example_dags/example_external_task_marker_dag.py
[2024-07-12T12:16:14.207+0100] {processor.py:840} INFO - DAG(s) 'example_external_task_marker_parent', 'example_external_task_marker_child' retrieved from /home/victor/airflow_env/lib/python3.10/site-packages/airflow/example_dags/example_external_task_marker_dag.py
[2024-07-12T12:16:14.840+0100] {logging_mixin.py:188} INFO - [2024-07-12T12:16:14.839+0100] {dag.py:3096} INFO - Sync 2 DAGs
[2024-07-12T12:16:15.108+0100] {logging_mixin.py:188} INFO - [2024-07-12T12:16:15.107+0100] {dag.py:3954} INFO - Setting next_dagrun for example_external_task_marker_child to None, run_after=None
[2024-07-12T12:16:15.163+0100] {logging_mixin.py:188} INFO - [2024-07-12T12:16:15.161+0100] {dag.py:3954} INFO - Setting next_dagrun for example_external_task_marker_parent to None, run_after=None
[2024-07-12T12:16:15.971+0100] {processor.py:183} INFO - Processing /home/victor/airflow_env/lib/python3.10/site-packages/airflow/example_dags/example_external_task_marker_dag.py took 2.267 seconds
[2024-07-12T12:20:07.529+0100] {processor.py:161} INFO - Started process (PID=34860) to work on /home/victor/airflow_env/lib/python3.10/site-packages/airflow/example_dags/example_external_task_marker_dag.py
[2024-07-12T12:20:07.534+0100] {processor.py:830} INFO - Processing file /home/victor/airflow_env/lib/python3.10/site-packages/airflow/example_dags/example_external_task_marker_dag.py for tasks to queue
[2024-07-12T12:20:07.542+0100] {logging_mixin.py:188} INFO - [2024-07-12T12:20:07.540+0100] {dagbag.py:545} INFO - Filling up the DagBag from /home/victor/airflow_env/lib/python3.10/site-packages/airflow/example_dags/example_external_task_marker_dag.py
[2024-07-12T12:20:07.580+0100] {processor.py:840} INFO - DAG(s) 'example_external_task_marker_parent', 'example_external_task_marker_child' retrieved from /home/victor/airflow_env/lib/python3.10/site-packages/airflow/example_dags/example_external_task_marker_dag.py
[2024-07-12T12:20:07.703+0100] {logging_mixin.py:188} INFO - [2024-07-12T12:20:07.702+0100] {dag.py:3096} INFO - Sync 2 DAGs
[2024-07-12T12:20:07.768+0100] {logging_mixin.py:188} INFO - [2024-07-12T12:20:07.767+0100] {dag.py:3954} INFO - Setting next_dagrun for example_external_task_marker_child to None, run_after=None
[2024-07-12T12:20:07.791+0100] {logging_mixin.py:188} INFO - [2024-07-12T12:20:07.791+0100] {dag.py:3954} INFO - Setting next_dagrun for example_external_task_marker_parent to None, run_after=None
[2024-07-12T12:20:08.076+0100] {processor.py:183} INFO - Processing /home/victor/airflow_env/lib/python3.10/site-packages/airflow/example_dags/example_external_task_marker_dag.py took 0.577 seconds
[2024-07-12T12:23:04.967+0100] {processor.py:161} INFO - Started process (PID=35588) to work on /home/victor/airflow_env/lib/python3.10/site-packages/airflow/example_dags/example_external_task_marker_dag.py
[2024-07-12T12:23:04.972+0100] {processor.py:830} INFO - Processing file /home/victor/airflow_env/lib/python3.10/site-packages/airflow/example_dags/example_external_task_marker_dag.py for tasks to queue
[2024-07-12T12:23:04.986+0100] {logging_mixin.py:188} INFO - [2024-07-12T12:23:04.984+0100] {dagbag.py:545} INFO - Filling up the DagBag from /home/victor/airflow_env/lib/python3.10/site-packages/airflow/example_dags/example_external_task_marker_dag.py
[2024-07-12T12:23:05.035+0100] {processor.py:840} INFO - DAG(s) 'example_external_task_marker_child', 'example_external_task_marker_parent' retrieved from /home/victor/airflow_env/lib/python3.10/site-packages/airflow/example_dags/example_external_task_marker_dag.py
[2024-07-12T12:23:05.264+0100] {logging_mixin.py:188} INFO - [2024-07-12T12:23:05.263+0100] {dag.py:3096} INFO - Sync 2 DAGs
[2024-07-12T12:23:05.414+0100] {logging_mixin.py:188} INFO - [2024-07-12T12:23:05.413+0100] {dag.py:3954} INFO - Setting next_dagrun for example_external_task_marker_child to None, run_after=None
[2024-07-12T12:23:05.473+0100] {logging_mixin.py:188} INFO - [2024-07-12T12:23:05.472+0100] {dag.py:3954} INFO - Setting next_dagrun for example_external_task_marker_parent to None, run_after=None
[2024-07-12T12:23:05.915+0100] {processor.py:183} INFO - Processing /home/victor/airflow_env/lib/python3.10/site-packages/airflow/example_dags/example_external_task_marker_dag.py took 0.995 seconds
[2024-07-12T12:26:22.615+0100] {processor.py:161} INFO - Started process (PID=36389) to work on /home/victor/airflow_env/lib/python3.10/site-packages/airflow/example_dags/example_external_task_marker_dag.py
[2024-07-12T12:26:22.620+0100] {processor.py:830} INFO - Processing file /home/victor/airflow_env/lib/python3.10/site-packages/airflow/example_dags/example_external_task_marker_dag.py for tasks to queue
[2024-07-12T12:26:22.634+0100] {logging_mixin.py:188} INFO - [2024-07-12T12:26:22.632+0100] {dagbag.py:545} INFO - Filling up the DagBag from /home/victor/airflow_env/lib/python3.10/site-packages/airflow/example_dags/example_external_task_marker_dag.py
[2024-07-12T12:26:22.675+0100] {processor.py:840} INFO - DAG(s) 'example_external_task_marker_child', 'example_external_task_marker_parent' retrieved from /home/victor/airflow_env/lib/python3.10/site-packages/airflow/example_dags/example_external_task_marker_dag.py
[2024-07-12T12:26:22.867+0100] {logging_mixin.py:188} INFO - [2024-07-12T12:26:22.866+0100] {dag.py:3096} INFO - Sync 2 DAGs
[2024-07-12T12:26:22.973+0100] {logging_mixin.py:188} INFO - [2024-07-12T12:26:22.972+0100] {dag.py:3954} INFO - Setting next_dagrun for example_external_task_marker_child to None, run_after=None
[2024-07-12T12:26:23.007+0100] {logging_mixin.py:188} INFO - [2024-07-12T12:26:23.006+0100] {dag.py:3954} INFO - Setting next_dagrun for example_external_task_marker_parent to None, run_after=None
[2024-07-12T12:26:23.329+0100] {processor.py:183} INFO - Processing /home/victor/airflow_env/lib/python3.10/site-packages/airflow/example_dags/example_external_task_marker_dag.py took 0.752 seconds
[2024-07-12T12:29:14.817+0100] {processor.py:161} INFO - Started process (PID=37095) to work on /home/victor/airflow_env/lib/python3.10/site-packages/airflow/example_dags/example_external_task_marker_dag.py
[2024-07-12T12:29:14.822+0100] {processor.py:830} INFO - Processing file /home/victor/airflow_env/lib/python3.10/site-packages/airflow/example_dags/example_external_task_marker_dag.py for tasks to queue
[2024-07-12T12:29:14.831+0100] {logging_mixin.py:188} INFO - [2024-07-12T12:29:14.829+0100] {dagbag.py:545} INFO - Filling up the DagBag from /home/victor/airflow_env/lib/python3.10/site-packages/airflow/example_dags/example_external_task_marker_dag.py
[2024-07-12T12:29:14.865+0100] {processor.py:840} INFO - DAG(s) 'example_external_task_marker_child', 'example_external_task_marker_parent' retrieved from /home/victor/airflow_env/lib/python3.10/site-packages/airflow/example_dags/example_external_task_marker_dag.py
[2024-07-12T12:29:14.997+0100] {logging_mixin.py:188} INFO - [2024-07-12T12:29:14.996+0100] {dag.py:3096} INFO - Sync 2 DAGs
[2024-07-12T12:29:15.071+0100] {logging_mixin.py:188} INFO - [2024-07-12T12:29:15.071+0100] {dag.py:3954} INFO - Setting next_dagrun for example_external_task_marker_child to None, run_after=None
[2024-07-12T12:29:15.094+0100] {logging_mixin.py:188} INFO - [2024-07-12T12:29:15.092+0100] {dag.py:3954} INFO - Setting next_dagrun for example_external_task_marker_parent to None, run_after=None
[2024-07-12T12:29:15.458+0100] {processor.py:183} INFO - Processing /home/victor/airflow_env/lib/python3.10/site-packages/airflow/example_dags/example_external_task_marker_dag.py took 0.671 seconds
[2024-07-12T12:32:17.604+0100] {processor.py:161} INFO - Started process (PID=37846) to work on /home/victor/airflow_env/lib/python3.10/site-packages/airflow/example_dags/example_external_task_marker_dag.py
[2024-07-12T12:32:17.612+0100] {processor.py:830} INFO - Processing file /home/victor/airflow_env/lib/python3.10/site-packages/airflow/example_dags/example_external_task_marker_dag.py for tasks to queue
[2024-07-12T12:32:17.621+0100] {logging_mixin.py:188} INFO - [2024-07-12T12:32:17.619+0100] {dagbag.py:545} INFO - Filling up the DagBag from /home/victor/airflow_env/lib/python3.10/site-packages/airflow/example_dags/example_external_task_marker_dag.py
[2024-07-12T12:32:17.672+0100] {processor.py:840} INFO - DAG(s) 'example_external_task_marker_child', 'example_external_task_marker_parent' retrieved from /home/victor/airflow_env/lib/python3.10/site-packages/airflow/example_dags/example_external_task_marker_dag.py
[2024-07-12T12:32:17.832+0100] {logging_mixin.py:188} INFO - [2024-07-12T12:32:17.830+0100] {dag.py:3096} INFO - Sync 2 DAGs
[2024-07-12T12:32:18.256+0100] {logging_mixin.py:188} INFO - [2024-07-12T12:32:18.255+0100] {dag.py:3954} INFO - Setting next_dagrun for example_external_task_marker_child to None, run_after=None
[2024-07-12T12:32:18.292+0100] {logging_mixin.py:188} INFO - [2024-07-12T12:32:18.291+0100] {dag.py:3954} INFO - Setting next_dagrun for example_external_task_marker_parent to None, run_after=None
[2024-07-12T12:32:18.608+0100] {processor.py:183} INFO - Processing /home/victor/airflow_env/lib/python3.10/site-packages/airflow/example_dags/example_external_task_marker_dag.py took 1.064 seconds
