[2024-07-12T11:04:47.665+0100] {processor.py:161} INFO - Started process (PID=15963) to work on /home/victor/airflow_env/lib/python3.10/site-packages/airflow/example_dags/example_short_circuit_operator.py
[2024-07-12T11:04:47.670+0100] {processor.py:830} INFO - Processing file /home/victor/airflow_env/lib/python3.10/site-packages/airflow/example_dags/example_short_circuit_operator.py for tasks to queue
[2024-07-12T11:04:47.682+0100] {logging_mixin.py:188} INFO - [2024-07-12T11:04:47.680+0100] {dagbag.py:545} INFO - Filling up the DagBag from /home/victor/airflow_env/lib/python3.10/site-packages/airflow/example_dags/example_short_circuit_operator.py
[2024-07-12T11:04:47.749+0100] {processor.py:840} INFO - DAG(s) 'example_short_circuit_operator' retrieved from /home/victor/airflow_env/lib/python3.10/site-packages/airflow/example_dags/example_short_circuit_operator.py
[2024-07-12T11:04:48.595+0100] {logging_mixin.py:188} INFO - [2024-07-12T11:04:48.592+0100] {override.py:1847} INFO - Created Permission View: can edit on DAG:example_short_circuit_operator
[2024-07-12T11:04:48.782+0100] {logging_mixin.py:188} INFO - [2024-07-12T11:04:48.781+0100] {override.py:1847} INFO - Created Permission View: can read on DAG:example_short_circuit_operator
[2024-07-12T11:04:48.958+0100] {logging_mixin.py:188} INFO - [2024-07-12T11:04:48.957+0100] {override.py:1847} INFO - Created Permission View: can delete on DAG:example_short_circuit_operator
[2024-07-12T11:04:48.961+0100] {logging_mixin.py:188} INFO - [2024-07-12T11:04:48.960+0100] {dag.py:3096} INFO - Sync 1 DAGs
[2024-07-12T11:04:49.035+0100] {logging_mixin.py:188} INFO - [2024-07-12T11:04:49.034+0100] {dag.py:3118} INFO - Creating ORM DAG for example_short_circuit_operator
[2024-07-12T11:04:49.087+0100] {logging_mixin.py:188} INFO - [2024-07-12T11:04:49.086+0100] {dag.py:3954} INFO - Setting next_dagrun for example_short_circuit_operator to 2024-07-11 00:00:00+00:00, run_after=2024-07-12 00:00:00+00:00
[2024-07-12T11:04:49.443+0100] {processor.py:183} INFO - Processing /home/victor/airflow_env/lib/python3.10/site-packages/airflow/example_dags/example_short_circuit_operator.py took 1.829 seconds
[2024-07-12T11:07:50.917+0100] {processor.py:161} INFO - Started process (PID=16692) to work on /home/victor/airflow_env/lib/python3.10/site-packages/airflow/example_dags/example_short_circuit_operator.py
[2024-07-12T11:07:50.922+0100] {processor.py:830} INFO - Processing file /home/victor/airflow_env/lib/python3.10/site-packages/airflow/example_dags/example_short_circuit_operator.py for tasks to queue
[2024-07-12T11:07:50.930+0100] {logging_mixin.py:188} INFO - [2024-07-12T11:07:50.928+0100] {dagbag.py:545} INFO - Filling up the DagBag from /home/victor/airflow_env/lib/python3.10/site-packages/airflow/example_dags/example_short_circuit_operator.py
[2024-07-12T11:07:50.972+0100] {processor.py:840} INFO - DAG(s) 'example_short_circuit_operator' retrieved from /home/victor/airflow_env/lib/python3.10/site-packages/airflow/example_dags/example_short_circuit_operator.py
[2024-07-12T11:07:51.114+0100] {logging_mixin.py:188} INFO - [2024-07-12T11:07:51.113+0100] {dag.py:3096} INFO - Sync 1 DAGs
[2024-07-12T11:07:51.237+0100] {logging_mixin.py:188} INFO - [2024-07-12T11:07:51.236+0100] {dag.py:3954} INFO - Setting next_dagrun for example_short_circuit_operator to 2024-07-11 00:00:00+00:00, run_after=2024-07-12 00:00:00+00:00
[2024-07-12T11:07:51.551+0100] {processor.py:183} INFO - Processing /home/victor/airflow_env/lib/python3.10/site-packages/airflow/example_dags/example_short_circuit_operator.py took 0.686 seconds
[2024-07-12T11:10:26.712+0100] {processor.py:161} INFO - Started process (PID=17300) to work on /home/victor/airflow_env/lib/python3.10/site-packages/airflow/example_dags/example_short_circuit_operator.py
[2024-07-12T11:10:26.726+0100] {processor.py:830} INFO - Processing file /home/victor/airflow_env/lib/python3.10/site-packages/airflow/example_dags/example_short_circuit_operator.py for tasks to queue
[2024-07-12T11:10:26.738+0100] {logging_mixin.py:188} INFO - [2024-07-12T11:10:26.736+0100] {dagbag.py:545} INFO - Filling up the DagBag from /home/victor/airflow_env/lib/python3.10/site-packages/airflow/example_dags/example_short_circuit_operator.py
[2024-07-12T11:10:26.783+0100] {processor.py:840} INFO - DAG(s) 'example_short_circuit_operator' retrieved from /home/victor/airflow_env/lib/python3.10/site-packages/airflow/example_dags/example_short_circuit_operator.py
[2024-07-12T11:10:26.912+0100] {logging_mixin.py:188} INFO - [2024-07-12T11:10:26.911+0100] {dag.py:3096} INFO - Sync 1 DAGs
[2024-07-12T11:10:27.403+0100] {logging_mixin.py:188} INFO - [2024-07-12T11:10:27.402+0100] {dag.py:3954} INFO - Setting next_dagrun for example_short_circuit_operator to 2024-07-11 00:00:00+00:00, run_after=2024-07-12 00:00:00+00:00
[2024-07-12T11:10:27.707+0100] {processor.py:183} INFO - Processing /home/victor/airflow_env/lib/python3.10/site-packages/airflow/example_dags/example_short_circuit_operator.py took 1.022 seconds
[2024-07-12T11:12:24.945+0100] {processor.py:161} INFO - Started process (PID=17782) to work on /home/victor/airflow_env/lib/python3.10/site-packages/airflow/example_dags/example_short_circuit_operator.py
[2024-07-12T11:12:24.951+0100] {processor.py:830} INFO - Processing file /home/victor/airflow_env/lib/python3.10/site-packages/airflow/example_dags/example_short_circuit_operator.py for tasks to queue
[2024-07-12T11:12:24.963+0100] {logging_mixin.py:188} INFO - [2024-07-12T11:12:24.961+0100] {dagbag.py:545} INFO - Filling up the DagBag from /home/victor/airflow_env/lib/python3.10/site-packages/airflow/example_dags/example_short_circuit_operator.py
[2024-07-12T11:12:25.009+0100] {processor.py:840} INFO - DAG(s) 'example_short_circuit_operator' retrieved from /home/victor/airflow_env/lib/python3.10/site-packages/airflow/example_dags/example_short_circuit_operator.py
[2024-07-12T11:12:25.143+0100] {logging_mixin.py:188} INFO - [2024-07-12T11:12:25.142+0100] {dag.py:3096} INFO - Sync 1 DAGs
[2024-07-12T11:12:25.306+0100] {logging_mixin.py:188} INFO - [2024-07-12T11:12:25.305+0100] {dag.py:3954} INFO - Setting next_dagrun for example_short_circuit_operator to 2024-07-11 00:00:00+00:00, run_after=2024-07-12 00:00:00+00:00
[2024-07-12T11:12:25.769+0100] {processor.py:183} INFO - Processing /home/victor/airflow_env/lib/python3.10/site-packages/airflow/example_dags/example_short_circuit_operator.py took 0.860 seconds
[2024-07-12T11:13:50.771+0100] {processor.py:161} INFO - Started process (PID=18137) to work on /home/victor/airflow_env/lib/python3.10/site-packages/airflow/example_dags/example_short_circuit_operator.py
[2024-07-12T11:13:50.786+0100] {processor.py:830} INFO - Processing file /home/victor/airflow_env/lib/python3.10/site-packages/airflow/example_dags/example_short_circuit_operator.py for tasks to queue
[2024-07-12T11:13:50.800+0100] {logging_mixin.py:188} INFO - [2024-07-12T11:13:50.798+0100] {dagbag.py:545} INFO - Filling up the DagBag from /home/victor/airflow_env/lib/python3.10/site-packages/airflow/example_dags/example_short_circuit_operator.py
[2024-07-12T11:13:50.870+0100] {processor.py:840} INFO - DAG(s) 'example_short_circuit_operator' retrieved from /home/victor/airflow_env/lib/python3.10/site-packages/airflow/example_dags/example_short_circuit_operator.py
[2024-07-12T11:13:51.014+0100] {logging_mixin.py:188} INFO - [2024-07-12T11:13:51.012+0100] {dag.py:3096} INFO - Sync 1 DAGs
[2024-07-12T11:13:51.138+0100] {logging_mixin.py:188} INFO - [2024-07-12T11:13:51.137+0100] {dag.py:3954} INFO - Setting next_dagrun for example_short_circuit_operator to 2024-07-11 00:00:00+00:00, run_after=2024-07-12 00:00:00+00:00
[2024-07-12T11:13:51.560+0100] {processor.py:183} INFO - Processing /home/victor/airflow_env/lib/python3.10/site-packages/airflow/example_dags/example_short_circuit_operator.py took 0.832 seconds
[2024-07-12T11:16:04.806+0100] {processor.py:161} INFO - Started process (PID=18682) to work on /home/victor/airflow_env/lib/python3.10/site-packages/airflow/example_dags/example_short_circuit_operator.py
[2024-07-12T11:16:04.811+0100] {processor.py:830} INFO - Processing file /home/victor/airflow_env/lib/python3.10/site-packages/airflow/example_dags/example_short_circuit_operator.py for tasks to queue
[2024-07-12T11:16:04.823+0100] {logging_mixin.py:188} INFO - [2024-07-12T11:16:04.821+0100] {dagbag.py:545} INFO - Filling up the DagBag from /home/victor/airflow_env/lib/python3.10/site-packages/airflow/example_dags/example_short_circuit_operator.py
[2024-07-12T11:16:04.863+0100] {processor.py:840} INFO - DAG(s) 'example_short_circuit_operator' retrieved from /home/victor/airflow_env/lib/python3.10/site-packages/airflow/example_dags/example_short_circuit_operator.py
[2024-07-12T11:16:05.044+0100] {logging_mixin.py:188} INFO - [2024-07-12T11:16:05.043+0100] {dag.py:3096} INFO - Sync 1 DAGs
[2024-07-12T11:16:05.269+0100] {logging_mixin.py:188} INFO - [2024-07-12T11:16:05.268+0100] {dag.py:3954} INFO - Setting next_dagrun for example_short_circuit_operator to 2024-07-11 00:00:00+00:00, run_after=2024-07-12 00:00:00+00:00
[2024-07-12T11:16:05.706+0100] {processor.py:183} INFO - Processing /home/victor/airflow_env/lib/python3.10/site-packages/airflow/example_dags/example_short_circuit_operator.py took 0.932 seconds
[2024-07-12T11:18:25.143+0100] {processor.py:161} INFO - Started process (PID=19251) to work on /home/victor/airflow_env/lib/python3.10/site-packages/airflow/example_dags/example_short_circuit_operator.py
[2024-07-12T11:18:25.148+0100] {processor.py:830} INFO - Processing file /home/victor/airflow_env/lib/python3.10/site-packages/airflow/example_dags/example_short_circuit_operator.py for tasks to queue
[2024-07-12T11:18:25.159+0100] {logging_mixin.py:188} INFO - [2024-07-12T11:18:25.158+0100] {dagbag.py:545} INFO - Filling up the DagBag from /home/victor/airflow_env/lib/python3.10/site-packages/airflow/example_dags/example_short_circuit_operator.py
[2024-07-12T11:18:25.201+0100] {processor.py:840} INFO - DAG(s) 'example_short_circuit_operator' retrieved from /home/victor/airflow_env/lib/python3.10/site-packages/airflow/example_dags/example_short_circuit_operator.py
[2024-07-12T11:18:25.359+0100] {logging_mixin.py:188} INFO - [2024-07-12T11:18:25.358+0100] {dag.py:3096} INFO - Sync 1 DAGs
[2024-07-12T11:18:25.491+0100] {logging_mixin.py:188} INFO - [2024-07-12T11:18:25.490+0100] {dag.py:3954} INFO - Setting next_dagrun for example_short_circuit_operator to 2024-07-11 00:00:00+00:00, run_after=2024-07-12 00:00:00+00:00
[2024-07-12T11:18:25.835+0100] {processor.py:183} INFO - Processing /home/victor/airflow_env/lib/python3.10/site-packages/airflow/example_dags/example_short_circuit_operator.py took 0.721 seconds
[2024-07-12T11:19:58.534+0100] {processor.py:161} INFO - Started process (PID=19639) to work on /home/victor/airflow_env/lib/python3.10/site-packages/airflow/example_dags/example_short_circuit_operator.py
[2024-07-12T11:19:58.541+0100] {processor.py:830} INFO - Processing file /home/victor/airflow_env/lib/python3.10/site-packages/airflow/example_dags/example_short_circuit_operator.py for tasks to queue
[2024-07-12T11:19:58.555+0100] {logging_mixin.py:188} INFO - [2024-07-12T11:19:58.553+0100] {dagbag.py:545} INFO - Filling up the DagBag from /home/victor/airflow_env/lib/python3.10/site-packages/airflow/example_dags/example_short_circuit_operator.py
[2024-07-12T11:19:58.597+0100] {processor.py:840} INFO - DAG(s) 'example_short_circuit_operator' retrieved from /home/victor/airflow_env/lib/python3.10/site-packages/airflow/example_dags/example_short_circuit_operator.py
[2024-07-12T11:19:58.744+0100] {logging_mixin.py:188} INFO - [2024-07-12T11:19:58.743+0100] {dag.py:3096} INFO - Sync 1 DAGs
[2024-07-12T11:19:58.866+0100] {logging_mixin.py:188} INFO - [2024-07-12T11:19:58.865+0100] {dag.py:3954} INFO - Setting next_dagrun for example_short_circuit_operator to 2024-07-11 00:00:00+00:00, run_after=2024-07-12 00:00:00+00:00
[2024-07-12T11:19:59.196+0100] {processor.py:183} INFO - Processing /home/victor/airflow_env/lib/python3.10/site-packages/airflow/example_dags/example_short_circuit_operator.py took 0.698 seconds
[2024-07-12T11:21:43.614+0100] {processor.py:161} INFO - Started process (PID=20071) to work on /home/victor/airflow_env/lib/python3.10/site-packages/airflow/example_dags/example_short_circuit_operator.py
[2024-07-12T11:21:43.621+0100] {processor.py:830} INFO - Processing file /home/victor/airflow_env/lib/python3.10/site-packages/airflow/example_dags/example_short_circuit_operator.py for tasks to queue
[2024-07-12T11:21:43.635+0100] {logging_mixin.py:188} INFO - [2024-07-12T11:21:43.633+0100] {dagbag.py:545} INFO - Filling up the DagBag from /home/victor/airflow_env/lib/python3.10/site-packages/airflow/example_dags/example_short_circuit_operator.py
[2024-07-12T11:21:43.698+0100] {processor.py:840} INFO - DAG(s) 'example_short_circuit_operator' retrieved from /home/victor/airflow_env/lib/python3.10/site-packages/airflow/example_dags/example_short_circuit_operator.py
[2024-07-12T11:21:43.877+0100] {logging_mixin.py:188} INFO - [2024-07-12T11:21:43.876+0100] {dag.py:3096} INFO - Sync 1 DAGs
[2024-07-12T11:21:44.101+0100] {logging_mixin.py:188} INFO - [2024-07-12T11:21:44.100+0100] {dag.py:3954} INFO - Setting next_dagrun for example_short_circuit_operator to 2024-07-11 00:00:00+00:00, run_after=2024-07-12 00:00:00+00:00
[2024-07-12T11:21:44.500+0100] {processor.py:183} INFO - Processing /home/victor/airflow_env/lib/python3.10/site-packages/airflow/example_dags/example_short_circuit_operator.py took 0.951 seconds
[2024-07-12T11:23:15.952+0100] {processor.py:161} INFO - Started process (PID=20455) to work on /home/victor/airflow_env/lib/python3.10/site-packages/airflow/example_dags/example_short_circuit_operator.py
[2024-07-12T11:23:15.959+0100] {processor.py:830} INFO - Processing file /home/victor/airflow_env/lib/python3.10/site-packages/airflow/example_dags/example_short_circuit_operator.py for tasks to queue
[2024-07-12T11:23:15.972+0100] {logging_mixin.py:188} INFO - [2024-07-12T11:23:15.970+0100] {dagbag.py:545} INFO - Filling up the DagBag from /home/victor/airflow_env/lib/python3.10/site-packages/airflow/example_dags/example_short_circuit_operator.py
[2024-07-12T11:23:16.023+0100] {processor.py:840} INFO - DAG(s) 'example_short_circuit_operator' retrieved from /home/victor/airflow_env/lib/python3.10/site-packages/airflow/example_dags/example_short_circuit_operator.py
[2024-07-12T11:23:16.224+0100] {logging_mixin.py:188} INFO - [2024-07-12T11:23:16.223+0100] {dag.py:3096} INFO - Sync 1 DAGs
[2024-07-12T11:23:16.384+0100] {logging_mixin.py:188} INFO - [2024-07-12T11:23:16.383+0100] {dag.py:3954} INFO - Setting next_dagrun for example_short_circuit_operator to 2024-07-11 00:00:00+00:00, run_after=2024-07-12 00:00:00+00:00
[2024-07-12T11:23:17.039+0100] {processor.py:183} INFO - Processing /home/victor/airflow_env/lib/python3.10/site-packages/airflow/example_dags/example_short_circuit_operator.py took 1.155 seconds
[2024-07-12T11:24:51.060+0100] {processor.py:161} INFO - Started process (PID=20848) to work on /home/victor/airflow_env/lib/python3.10/site-packages/airflow/example_dags/example_short_circuit_operator.py
[2024-07-12T11:24:51.071+0100] {processor.py:830} INFO - Processing file /home/victor/airflow_env/lib/python3.10/site-packages/airflow/example_dags/example_short_circuit_operator.py for tasks to queue
[2024-07-12T11:24:51.083+0100] {logging_mixin.py:188} INFO - [2024-07-12T11:24:51.081+0100] {dagbag.py:545} INFO - Filling up the DagBag from /home/victor/airflow_env/lib/python3.10/site-packages/airflow/example_dags/example_short_circuit_operator.py
[2024-07-12T11:24:51.122+0100] {processor.py:840} INFO - DAG(s) 'example_short_circuit_operator' retrieved from /home/victor/airflow_env/lib/python3.10/site-packages/airflow/example_dags/example_short_circuit_operator.py
[2024-07-12T11:24:51.269+0100] {logging_mixin.py:188} INFO - [2024-07-12T11:24:51.268+0100] {dag.py:3096} INFO - Sync 1 DAGs
[2024-07-12T11:24:51.395+0100] {logging_mixin.py:188} INFO - [2024-07-12T11:24:51.394+0100] {dag.py:3954} INFO - Setting next_dagrun for example_short_circuit_operator to 2024-07-11 00:00:00+00:00, run_after=2024-07-12 00:00:00+00:00
[2024-07-12T11:24:51.676+0100] {processor.py:183} INFO - Processing /home/victor/airflow_env/lib/python3.10/site-packages/airflow/example_dags/example_short_circuit_operator.py took 0.648 seconds
[2024-07-12T11:26:41.779+0100] {processor.py:161} INFO - Started process (PID=21296) to work on /home/victor/airflow_env/lib/python3.10/site-packages/airflow/example_dags/example_short_circuit_operator.py
[2024-07-12T11:26:41.785+0100] {processor.py:830} INFO - Processing file /home/victor/airflow_env/lib/python3.10/site-packages/airflow/example_dags/example_short_circuit_operator.py for tasks to queue
[2024-07-12T11:26:41.801+0100] {logging_mixin.py:188} INFO - [2024-07-12T11:26:41.799+0100] {dagbag.py:545} INFO - Filling up the DagBag from /home/victor/airflow_env/lib/python3.10/site-packages/airflow/example_dags/example_short_circuit_operator.py
[2024-07-12T11:26:41.845+0100] {processor.py:840} INFO - DAG(s) 'example_short_circuit_operator' retrieved from /home/victor/airflow_env/lib/python3.10/site-packages/airflow/example_dags/example_short_circuit_operator.py
[2024-07-12T11:26:41.991+0100] {logging_mixin.py:188} INFO - [2024-07-12T11:26:41.990+0100] {dag.py:3096} INFO - Sync 1 DAGs
[2024-07-12T11:26:42.118+0100] {logging_mixin.py:188} INFO - [2024-07-12T11:26:42.117+0100] {dag.py:3954} INFO - Setting next_dagrun for example_short_circuit_operator to 2024-07-11 00:00:00+00:00, run_after=2024-07-12 00:00:00+00:00
[2024-07-12T11:26:42.481+0100] {processor.py:183} INFO - Processing /home/victor/airflow_env/lib/python3.10/site-packages/airflow/example_dags/example_short_circuit_operator.py took 0.735 seconds
[2024-07-12T11:28:11.500+0100] {processor.py:161} INFO - Started process (PID=21667) to work on /home/victor/airflow_env/lib/python3.10/site-packages/airflow/example_dags/example_short_circuit_operator.py
[2024-07-12T11:28:11.504+0100] {processor.py:830} INFO - Processing file /home/victor/airflow_env/lib/python3.10/site-packages/airflow/example_dags/example_short_circuit_operator.py for tasks to queue
[2024-07-12T11:28:11.516+0100] {logging_mixin.py:188} INFO - [2024-07-12T11:28:11.514+0100] {dagbag.py:545} INFO - Filling up the DagBag from /home/victor/airflow_env/lib/python3.10/site-packages/airflow/example_dags/example_short_circuit_operator.py
[2024-07-12T11:28:11.563+0100] {processor.py:840} INFO - DAG(s) 'example_short_circuit_operator' retrieved from /home/victor/airflow_env/lib/python3.10/site-packages/airflow/example_dags/example_short_circuit_operator.py
[2024-07-12T11:28:11.697+0100] {logging_mixin.py:188} INFO - [2024-07-12T11:28:11.696+0100] {dag.py:3096} INFO - Sync 1 DAGs
[2024-07-12T11:28:11.813+0100] {logging_mixin.py:188} INFO - [2024-07-12T11:28:11.812+0100] {dag.py:3954} INFO - Setting next_dagrun for example_short_circuit_operator to 2024-07-11 00:00:00+00:00, run_after=2024-07-12 00:00:00+00:00
[2024-07-12T11:28:12.193+0100] {processor.py:183} INFO - Processing /home/victor/airflow_env/lib/python3.10/site-packages/airflow/example_dags/example_short_circuit_operator.py took 0.722 seconds
[2024-07-12T11:30:02.833+0100] {processor.py:161} INFO - Started process (PID=22115) to work on /home/victor/airflow_env/lib/python3.10/site-packages/airflow/example_dags/example_short_circuit_operator.py
[2024-07-12T11:30:02.850+0100] {processor.py:830} INFO - Processing file /home/victor/airflow_env/lib/python3.10/site-packages/airflow/example_dags/example_short_circuit_operator.py for tasks to queue
[2024-07-12T11:30:02.896+0100] {logging_mixin.py:188} INFO - [2024-07-12T11:30:02.895+0100] {dagbag.py:545} INFO - Filling up the DagBag from /home/victor/airflow_env/lib/python3.10/site-packages/airflow/example_dags/example_short_circuit_operator.py
[2024-07-12T11:30:03.055+0100] {processor.py:840} INFO - DAG(s) 'example_short_circuit_operator' retrieved from /home/victor/airflow_env/lib/python3.10/site-packages/airflow/example_dags/example_short_circuit_operator.py
[2024-07-12T11:30:03.500+0100] {logging_mixin.py:188} INFO - [2024-07-12T11:30:03.499+0100] {dag.py:3096} INFO - Sync 1 DAGs
[2024-07-12T11:30:03.673+0100] {logging_mixin.py:188} INFO - [2024-07-12T11:30:03.672+0100] {dag.py:3954} INFO - Setting next_dagrun for example_short_circuit_operator to 2024-07-11 00:00:00+00:00, run_after=2024-07-12 00:00:00+00:00
[2024-07-12T11:30:04.771+0100] {processor.py:183} INFO - Processing /home/victor/airflow_env/lib/python3.10/site-packages/airflow/example_dags/example_short_circuit_operator.py took 2.023 seconds
[2024-07-12T11:32:20.777+0100] {processor.py:161} INFO - Started process (PID=23039) to work on /home/victor/airflow_env/lib/python3.10/site-packages/airflow/example_dags/example_short_circuit_operator.py
[2024-07-12T11:32:20.782+0100] {processor.py:830} INFO - Processing file /home/victor/airflow_env/lib/python3.10/site-packages/airflow/example_dags/example_short_circuit_operator.py for tasks to queue
[2024-07-12T11:32:20.816+0100] {logging_mixin.py:188} INFO - [2024-07-12T11:32:20.814+0100] {dagbag.py:545} INFO - Filling up the DagBag from /home/victor/airflow_env/lib/python3.10/site-packages/airflow/example_dags/example_short_circuit_operator.py
[2024-07-12T11:32:20.879+0100] {processor.py:840} INFO - DAG(s) 'example_short_circuit_operator' retrieved from /home/victor/airflow_env/lib/python3.10/site-packages/airflow/example_dags/example_short_circuit_operator.py
[2024-07-12T11:32:21.236+0100] {logging_mixin.py:188} INFO - [2024-07-12T11:32:21.235+0100] {dag.py:3096} INFO - Sync 1 DAGs
[2024-07-12T11:32:21.366+0100] {logging_mixin.py:188} INFO - [2024-07-12T11:32:21.365+0100] {dag.py:3954} INFO - Setting next_dagrun for example_short_circuit_operator to 2024-07-11 00:00:00+00:00, run_after=2024-07-12 00:00:00+00:00
[2024-07-12T11:32:21.686+0100] {processor.py:183} INFO - Processing /home/victor/airflow_env/lib/python3.10/site-packages/airflow/example_dags/example_short_circuit_operator.py took 0.984 seconds
[2024-07-12T11:34:25.755+0100] {processor.py:161} INFO - Started process (PID=23578) to work on /home/victor/airflow_env/lib/python3.10/site-packages/airflow/example_dags/example_short_circuit_operator.py
[2024-07-12T11:34:25.759+0100] {processor.py:830} INFO - Processing file /home/victor/airflow_env/lib/python3.10/site-packages/airflow/example_dags/example_short_circuit_operator.py for tasks to queue
[2024-07-12T11:34:25.774+0100] {logging_mixin.py:188} INFO - [2024-07-12T11:34:25.773+0100] {dagbag.py:545} INFO - Filling up the DagBag from /home/victor/airflow_env/lib/python3.10/site-packages/airflow/example_dags/example_short_circuit_operator.py
[2024-07-12T11:34:25.838+0100] {processor.py:840} INFO - DAG(s) 'example_short_circuit_operator' retrieved from /home/victor/airflow_env/lib/python3.10/site-packages/airflow/example_dags/example_short_circuit_operator.py
[2024-07-12T11:34:26.007+0100] {logging_mixin.py:188} INFO - [2024-07-12T11:34:26.006+0100] {dag.py:3096} INFO - Sync 1 DAGs
[2024-07-12T11:34:26.234+0100] {logging_mixin.py:188} INFO - [2024-07-12T11:34:26.233+0100] {dag.py:3954} INFO - Setting next_dagrun for example_short_circuit_operator to 2024-07-11 00:00:00+00:00, run_after=2024-07-12 00:00:00+00:00
[2024-07-12T11:34:26.686+0100] {processor.py:183} INFO - Processing /home/victor/airflow_env/lib/python3.10/site-packages/airflow/example_dags/example_short_circuit_operator.py took 0.972 seconds
[2024-07-12T11:36:22.363+0100] {processor.py:161} INFO - Started process (PID=24045) to work on /home/victor/airflow_env/lib/python3.10/site-packages/airflow/example_dags/example_short_circuit_operator.py
[2024-07-12T11:36:22.370+0100] {processor.py:830} INFO - Processing file /home/victor/airflow_env/lib/python3.10/site-packages/airflow/example_dags/example_short_circuit_operator.py for tasks to queue
[2024-07-12T11:36:22.386+0100] {logging_mixin.py:188} INFO - [2024-07-12T11:36:22.385+0100] {dagbag.py:545} INFO - Filling up the DagBag from /home/victor/airflow_env/lib/python3.10/site-packages/airflow/example_dags/example_short_circuit_operator.py
[2024-07-12T11:36:22.457+0100] {processor.py:840} INFO - DAG(s) 'example_short_circuit_operator' retrieved from /home/victor/airflow_env/lib/python3.10/site-packages/airflow/example_dags/example_short_circuit_operator.py
[2024-07-12T11:36:22.737+0100] {logging_mixin.py:188} INFO - [2024-07-12T11:36:22.735+0100] {dag.py:3096} INFO - Sync 1 DAGs
[2024-07-12T11:36:23.249+0100] {logging_mixin.py:188} INFO - [2024-07-12T11:36:23.237+0100] {dag.py:3954} INFO - Setting next_dagrun for example_short_circuit_operator to 2024-07-11 00:00:00+00:00, run_after=2024-07-12 00:00:00+00:00
[2024-07-12T11:36:23.859+0100] {processor.py:183} INFO - Processing /home/victor/airflow_env/lib/python3.10/site-packages/airflow/example_dags/example_short_circuit_operator.py took 1.562 seconds
[2024-07-12T11:37:52.293+0100] {processor.py:161} INFO - Started process (PID=24458) to work on /home/victor/airflow_env/lib/python3.10/site-packages/airflow/example_dags/example_short_circuit_operator.py
[2024-07-12T11:37:52.297+0100] {processor.py:830} INFO - Processing file /home/victor/airflow_env/lib/python3.10/site-packages/airflow/example_dags/example_short_circuit_operator.py for tasks to queue
[2024-07-12T11:37:52.308+0100] {logging_mixin.py:188} INFO - [2024-07-12T11:37:52.307+0100] {dagbag.py:545} INFO - Filling up the DagBag from /home/victor/airflow_env/lib/python3.10/site-packages/airflow/example_dags/example_short_circuit_operator.py
[2024-07-12T11:37:52.345+0100] {processor.py:840} INFO - DAG(s) 'example_short_circuit_operator' retrieved from /home/victor/airflow_env/lib/python3.10/site-packages/airflow/example_dags/example_short_circuit_operator.py
[2024-07-12T11:37:52.493+0100] {logging_mixin.py:188} INFO - [2024-07-12T11:37:52.492+0100] {dag.py:3096} INFO - Sync 1 DAGs
[2024-07-12T11:37:52.638+0100] {logging_mixin.py:188} INFO - [2024-07-12T11:37:52.637+0100] {dag.py:3954} INFO - Setting next_dagrun for example_short_circuit_operator to 2024-07-11 00:00:00+00:00, run_after=2024-07-12 00:00:00+00:00
[2024-07-12T11:37:53.175+0100] {processor.py:183} INFO - Processing /home/victor/airflow_env/lib/python3.10/site-packages/airflow/example_dags/example_short_circuit_operator.py took 0.911 seconds
[2024-07-12T11:39:17.368+0100] {processor.py:161} INFO - Started process (PID=24806) to work on /home/victor/airflow_env/lib/python3.10/site-packages/airflow/example_dags/example_short_circuit_operator.py
[2024-07-12T11:39:17.373+0100] {processor.py:830} INFO - Processing file /home/victor/airflow_env/lib/python3.10/site-packages/airflow/example_dags/example_short_circuit_operator.py for tasks to queue
[2024-07-12T11:39:17.387+0100] {logging_mixin.py:188} INFO - [2024-07-12T11:39:17.385+0100] {dagbag.py:545} INFO - Filling up the DagBag from /home/victor/airflow_env/lib/python3.10/site-packages/airflow/example_dags/example_short_circuit_operator.py
[2024-07-12T11:39:17.444+0100] {processor.py:840} INFO - DAG(s) 'example_short_circuit_operator' retrieved from /home/victor/airflow_env/lib/python3.10/site-packages/airflow/example_dags/example_short_circuit_operator.py
[2024-07-12T11:39:17.583+0100] {logging_mixin.py:188} INFO - [2024-07-12T11:39:17.582+0100] {dag.py:3096} INFO - Sync 1 DAGs
[2024-07-12T11:39:17.721+0100] {logging_mixin.py:188} INFO - [2024-07-12T11:39:17.719+0100] {dag.py:3954} INFO - Setting next_dagrun for example_short_circuit_operator to 2024-07-11 00:00:00+00:00, run_after=2024-07-12 00:00:00+00:00
[2024-07-12T11:39:18.586+0100] {processor.py:183} INFO - Processing /home/victor/airflow_env/lib/python3.10/site-packages/airflow/example_dags/example_short_circuit_operator.py took 1.312 seconds
[2024-07-12T11:40:49.603+0100] {processor.py:161} INFO - Started process (PID=25182) to work on /home/victor/airflow_env/lib/python3.10/site-packages/airflow/example_dags/example_short_circuit_operator.py
[2024-07-12T11:40:49.620+0100] {processor.py:830} INFO - Processing file /home/victor/airflow_env/lib/python3.10/site-packages/airflow/example_dags/example_short_circuit_operator.py for tasks to queue
[2024-07-12T11:40:49.642+0100] {logging_mixin.py:188} INFO - [2024-07-12T11:40:49.640+0100] {dagbag.py:545} INFO - Filling up the DagBag from /home/victor/airflow_env/lib/python3.10/site-packages/airflow/example_dags/example_short_circuit_operator.py
[2024-07-12T11:40:49.749+0100] {processor.py:840} INFO - DAG(s) 'example_short_circuit_operator' retrieved from /home/victor/airflow_env/lib/python3.10/site-packages/airflow/example_dags/example_short_circuit_operator.py
[2024-07-12T11:40:49.926+0100] {logging_mixin.py:188} INFO - [2024-07-12T11:40:49.925+0100] {dag.py:3096} INFO - Sync 1 DAGs
[2024-07-12T11:40:50.038+0100] {logging_mixin.py:188} INFO - [2024-07-12T11:40:50.037+0100] {dag.py:3954} INFO - Setting next_dagrun for example_short_circuit_operator to 2024-07-11 00:00:00+00:00, run_after=2024-07-12 00:00:00+00:00
[2024-07-12T11:40:50.342+0100] {processor.py:183} INFO - Processing /home/victor/airflow_env/lib/python3.10/site-packages/airflow/example_dags/example_short_circuit_operator.py took 0.792 seconds
[2024-07-12T11:42:17.267+0100] {processor.py:161} INFO - Started process (PID=25541) to work on /home/victor/airflow_env/lib/python3.10/site-packages/airflow/example_dags/example_short_circuit_operator.py
[2024-07-12T11:42:17.284+0100] {processor.py:830} INFO - Processing file /home/victor/airflow_env/lib/python3.10/site-packages/airflow/example_dags/example_short_circuit_operator.py for tasks to queue
[2024-07-12T11:42:17.315+0100] {logging_mixin.py:188} INFO - [2024-07-12T11:42:17.313+0100] {dagbag.py:545} INFO - Filling up the DagBag from /home/victor/airflow_env/lib/python3.10/site-packages/airflow/example_dags/example_short_circuit_operator.py
[2024-07-12T11:42:17.433+0100] {processor.py:840} INFO - DAG(s) 'example_short_circuit_operator' retrieved from /home/victor/airflow_env/lib/python3.10/site-packages/airflow/example_dags/example_short_circuit_operator.py
[2024-07-12T11:42:18.015+0100] {logging_mixin.py:188} INFO - [2024-07-12T11:42:18.014+0100] {dag.py:3096} INFO - Sync 1 DAGs
[2024-07-12T11:42:18.308+0100] {logging_mixin.py:188} INFO - [2024-07-12T11:42:18.307+0100] {dag.py:3954} INFO - Setting next_dagrun for example_short_circuit_operator to 2024-07-11 00:00:00+00:00, run_after=2024-07-12 00:00:00+00:00
[2024-07-12T11:42:18.827+0100] {processor.py:183} INFO - Processing /home/victor/airflow_env/lib/python3.10/site-packages/airflow/example_dags/example_short_circuit_operator.py took 1.643 seconds
[2024-07-12T11:43:45.768+0100] {processor.py:161} INFO - Started process (PID=25906) to work on /home/victor/airflow_env/lib/python3.10/site-packages/airflow/example_dags/example_short_circuit_operator.py
[2024-07-12T11:43:45.773+0100] {processor.py:830} INFO - Processing file /home/victor/airflow_env/lib/python3.10/site-packages/airflow/example_dags/example_short_circuit_operator.py for tasks to queue
[2024-07-12T11:43:45.788+0100] {logging_mixin.py:188} INFO - [2024-07-12T11:43:45.785+0100] {dagbag.py:545} INFO - Filling up the DagBag from /home/victor/airflow_env/lib/python3.10/site-packages/airflow/example_dags/example_short_circuit_operator.py
[2024-07-12T11:43:45.833+0100] {processor.py:840} INFO - DAG(s) 'example_short_circuit_operator' retrieved from /home/victor/airflow_env/lib/python3.10/site-packages/airflow/example_dags/example_short_circuit_operator.py
[2024-07-12T11:43:45.967+0100] {logging_mixin.py:188} INFO - [2024-07-12T11:43:45.967+0100] {dag.py:3096} INFO - Sync 1 DAGs
[2024-07-12T11:43:46.095+0100] {logging_mixin.py:188} INFO - [2024-07-12T11:43:46.094+0100] {dag.py:3954} INFO - Setting next_dagrun for example_short_circuit_operator to 2024-07-11 00:00:00+00:00, run_after=2024-07-12 00:00:00+00:00
[2024-07-12T11:43:46.428+0100] {processor.py:183} INFO - Processing /home/victor/airflow_env/lib/python3.10/site-packages/airflow/example_dags/example_short_circuit_operator.py took 0.689 seconds
[2024-07-12T11:45:10.633+0100] {processor.py:161} INFO - Started process (PID=26259) to work on /home/victor/airflow_env/lib/python3.10/site-packages/airflow/example_dags/example_short_circuit_operator.py
[2024-07-12T11:45:10.638+0100] {processor.py:830} INFO - Processing file /home/victor/airflow_env/lib/python3.10/site-packages/airflow/example_dags/example_short_circuit_operator.py for tasks to queue
[2024-07-12T11:45:10.655+0100] {logging_mixin.py:188} INFO - [2024-07-12T11:45:10.653+0100] {dagbag.py:545} INFO - Filling up the DagBag from /home/victor/airflow_env/lib/python3.10/site-packages/airflow/example_dags/example_short_circuit_operator.py
[2024-07-12T11:45:10.706+0100] {processor.py:840} INFO - DAG(s) 'example_short_circuit_operator' retrieved from /home/victor/airflow_env/lib/python3.10/site-packages/airflow/example_dags/example_short_circuit_operator.py
[2024-07-12T11:45:10.928+0100] {logging_mixin.py:188} INFO - [2024-07-12T11:45:10.926+0100] {dag.py:3096} INFO - Sync 1 DAGs
[2024-07-12T11:45:11.065+0100] {logging_mixin.py:188} INFO - [2024-07-12T11:45:11.064+0100] {dag.py:3954} INFO - Setting next_dagrun for example_short_circuit_operator to 2024-07-11 00:00:00+00:00, run_after=2024-07-12 00:00:00+00:00
[2024-07-12T11:45:11.434+0100] {processor.py:183} INFO - Processing /home/victor/airflow_env/lib/python3.10/site-packages/airflow/example_dags/example_short_circuit_operator.py took 0.843 seconds
[2024-07-12T11:46:30.888+0100] {processor.py:161} INFO - Started process (PID=26592) to work on /home/victor/airflow_env/lib/python3.10/site-packages/airflow/example_dags/example_short_circuit_operator.py
[2024-07-12T11:46:30.893+0100] {processor.py:830} INFO - Processing file /home/victor/airflow_env/lib/python3.10/site-packages/airflow/example_dags/example_short_circuit_operator.py for tasks to queue
[2024-07-12T11:46:30.904+0100] {logging_mixin.py:188} INFO - [2024-07-12T11:46:30.902+0100] {dagbag.py:545} INFO - Filling up the DagBag from /home/victor/airflow_env/lib/python3.10/site-packages/airflow/example_dags/example_short_circuit_operator.py
[2024-07-12T11:46:30.942+0100] {processor.py:840} INFO - DAG(s) 'example_short_circuit_operator' retrieved from /home/victor/airflow_env/lib/python3.10/site-packages/airflow/example_dags/example_short_circuit_operator.py
[2024-07-12T11:46:31.234+0100] {logging_mixin.py:188} INFO - [2024-07-12T11:46:31.233+0100] {dag.py:3096} INFO - Sync 1 DAGs
[2024-07-12T11:46:31.373+0100] {logging_mixin.py:188} INFO - [2024-07-12T11:46:31.372+0100] {dag.py:3954} INFO - Setting next_dagrun for example_short_circuit_operator to 2024-07-11 00:00:00+00:00, run_after=2024-07-12 00:00:00+00:00
[2024-07-12T11:46:31.661+0100] {processor.py:183} INFO - Processing /home/victor/airflow_env/lib/python3.10/site-packages/airflow/example_dags/example_short_circuit_operator.py took 0.802 seconds
[2024-07-12T11:47:51.613+0100] {processor.py:161} INFO - Started process (PID=26931) to work on /home/victor/airflow_env/lib/python3.10/site-packages/airflow/example_dags/example_short_circuit_operator.py
[2024-07-12T11:47:51.618+0100] {processor.py:830} INFO - Processing file /home/victor/airflow_env/lib/python3.10/site-packages/airflow/example_dags/example_short_circuit_operator.py for tasks to queue
[2024-07-12T11:47:51.634+0100] {logging_mixin.py:188} INFO - [2024-07-12T11:47:51.631+0100] {dagbag.py:545} INFO - Filling up the DagBag from /home/victor/airflow_env/lib/python3.10/site-packages/airflow/example_dags/example_short_circuit_operator.py
[2024-07-12T11:47:51.705+0100] {processor.py:840} INFO - DAG(s) 'example_short_circuit_operator' retrieved from /home/victor/airflow_env/lib/python3.10/site-packages/airflow/example_dags/example_short_circuit_operator.py
[2024-07-12T11:47:51.885+0100] {logging_mixin.py:188} INFO - [2024-07-12T11:47:51.884+0100] {dag.py:3096} INFO - Sync 1 DAGs
[2024-07-12T11:47:52.059+0100] {logging_mixin.py:188} INFO - [2024-07-12T11:47:52.058+0100] {dag.py:3954} INFO - Setting next_dagrun for example_short_circuit_operator to 2024-07-11 00:00:00+00:00, run_after=2024-07-12 00:00:00+00:00
[2024-07-12T11:47:52.428+0100] {processor.py:183} INFO - Processing /home/victor/airflow_env/lib/python3.10/site-packages/airflow/example_dags/example_short_circuit_operator.py took 0.859 seconds
[2024-07-12T11:49:36.132+0100] {processor.py:161} INFO - Started process (PID=27354) to work on /home/victor/airflow_env/lib/python3.10/site-packages/airflow/example_dags/example_short_circuit_operator.py
[2024-07-12T11:49:36.137+0100] {processor.py:830} INFO - Processing file /home/victor/airflow_env/lib/python3.10/site-packages/airflow/example_dags/example_short_circuit_operator.py for tasks to queue
[2024-07-12T11:49:36.149+0100] {logging_mixin.py:188} INFO - [2024-07-12T11:49:36.147+0100] {dagbag.py:545} INFO - Filling up the DagBag from /home/victor/airflow_env/lib/python3.10/site-packages/airflow/example_dags/example_short_circuit_operator.py
[2024-07-12T11:49:36.191+0100] {processor.py:840} INFO - DAG(s) 'example_short_circuit_operator' retrieved from /home/victor/airflow_env/lib/python3.10/site-packages/airflow/example_dags/example_short_circuit_operator.py
[2024-07-12T11:49:36.337+0100] {logging_mixin.py:188} INFO - [2024-07-12T11:49:36.336+0100] {dag.py:3096} INFO - Sync 1 DAGs
[2024-07-12T11:49:36.467+0100] {logging_mixin.py:188} INFO - [2024-07-12T11:49:36.466+0100] {dag.py:3954} INFO - Setting next_dagrun for example_short_circuit_operator to 2024-07-11 00:00:00+00:00, run_after=2024-07-12 00:00:00+00:00
[2024-07-12T11:49:36.740+0100] {processor.py:183} INFO - Processing /home/victor/airflow_env/lib/python3.10/site-packages/airflow/example_dags/example_short_circuit_operator.py took 0.640 seconds
[2024-07-12T11:51:07.359+0100] {processor.py:161} INFO - Started process (PID=27732) to work on /home/victor/airflow_env/lib/python3.10/site-packages/airflow/example_dags/example_short_circuit_operator.py
[2024-07-12T11:51:07.368+0100] {processor.py:830} INFO - Processing file /home/victor/airflow_env/lib/python3.10/site-packages/airflow/example_dags/example_short_circuit_operator.py for tasks to queue
[2024-07-12T11:51:07.408+0100] {logging_mixin.py:188} INFO - [2024-07-12T11:51:07.400+0100] {dagbag.py:545} INFO - Filling up the DagBag from /home/victor/airflow_env/lib/python3.10/site-packages/airflow/example_dags/example_short_circuit_operator.py
[2024-07-12T11:51:07.514+0100] {processor.py:840} INFO - DAG(s) 'example_short_circuit_operator' retrieved from /home/victor/airflow_env/lib/python3.10/site-packages/airflow/example_dags/example_short_circuit_operator.py
[2024-07-12T11:51:07.702+0100] {logging_mixin.py:188} INFO - [2024-07-12T11:51:07.700+0100] {dag.py:3096} INFO - Sync 1 DAGs
[2024-07-12T11:51:07.852+0100] {logging_mixin.py:188} INFO - [2024-07-12T11:51:07.850+0100] {dag.py:3954} INFO - Setting next_dagrun for example_short_circuit_operator to 2024-07-11 00:00:00+00:00, run_after=2024-07-12 00:00:00+00:00
[2024-07-12T11:51:08.229+0100] {processor.py:183} INFO - Processing /home/victor/airflow_env/lib/python3.10/site-packages/airflow/example_dags/example_short_circuit_operator.py took 0.950 seconds
[2024-07-12T11:52:27.260+0100] {processor.py:161} INFO - Started process (PID=28063) to work on /home/victor/airflow_env/lib/python3.10/site-packages/airflow/example_dags/example_short_circuit_operator.py
[2024-07-12T11:52:27.265+0100] {processor.py:830} INFO - Processing file /home/victor/airflow_env/lib/python3.10/site-packages/airflow/example_dags/example_short_circuit_operator.py for tasks to queue
[2024-07-12T11:52:27.278+0100] {logging_mixin.py:188} INFO - [2024-07-12T11:52:27.276+0100] {dagbag.py:545} INFO - Filling up the DagBag from /home/victor/airflow_env/lib/python3.10/site-packages/airflow/example_dags/example_short_circuit_operator.py
[2024-07-12T11:52:27.317+0100] {processor.py:840} INFO - DAG(s) 'example_short_circuit_operator' retrieved from /home/victor/airflow_env/lib/python3.10/site-packages/airflow/example_dags/example_short_circuit_operator.py
[2024-07-12T11:52:27.457+0100] {logging_mixin.py:188} INFO - [2024-07-12T11:52:27.456+0100] {dag.py:3096} INFO - Sync 1 DAGs
[2024-07-12T11:52:27.576+0100] {logging_mixin.py:188} INFO - [2024-07-12T11:52:27.575+0100] {dag.py:3954} INFO - Setting next_dagrun for example_short_circuit_operator to 2024-07-11 00:00:00+00:00, run_after=2024-07-12 00:00:00+00:00
[2024-07-12T11:52:27.942+0100] {processor.py:183} INFO - Processing /home/victor/airflow_env/lib/python3.10/site-packages/airflow/example_dags/example_short_circuit_operator.py took 0.720 seconds
[2024-07-12T11:53:47.107+0100] {processor.py:161} INFO - Started process (PID=28395) to work on /home/victor/airflow_env/lib/python3.10/site-packages/airflow/example_dags/example_short_circuit_operator.py
[2024-07-12T11:53:47.113+0100] {processor.py:830} INFO - Processing file /home/victor/airflow_env/lib/python3.10/site-packages/airflow/example_dags/example_short_circuit_operator.py for tasks to queue
[2024-07-12T11:53:47.125+0100] {logging_mixin.py:188} INFO - [2024-07-12T11:53:47.123+0100] {dagbag.py:545} INFO - Filling up the DagBag from /home/victor/airflow_env/lib/python3.10/site-packages/airflow/example_dags/example_short_circuit_operator.py
[2024-07-12T11:53:47.178+0100] {processor.py:840} INFO - DAG(s) 'example_short_circuit_operator' retrieved from /home/victor/airflow_env/lib/python3.10/site-packages/airflow/example_dags/example_short_circuit_operator.py
[2024-07-12T11:53:47.301+0100] {logging_mixin.py:188} INFO - [2024-07-12T11:53:47.300+0100] {dag.py:3096} INFO - Sync 1 DAGs
[2024-07-12T11:53:47.439+0100] {logging_mixin.py:188} INFO - [2024-07-12T11:53:47.438+0100] {dag.py:3954} INFO - Setting next_dagrun for example_short_circuit_operator to 2024-07-11 00:00:00+00:00, run_after=2024-07-12 00:00:00+00:00
[2024-07-12T11:53:47.875+0100] {processor.py:183} INFO - Processing /home/victor/airflow_env/lib/python3.10/site-packages/airflow/example_dags/example_short_circuit_operator.py took 0.797 seconds
[2024-07-12T11:55:08.445+0100] {processor.py:161} INFO - Started process (PID=28730) to work on /home/victor/airflow_env/lib/python3.10/site-packages/airflow/example_dags/example_short_circuit_operator.py
[2024-07-12T11:55:08.452+0100] {processor.py:830} INFO - Processing file /home/victor/airflow_env/lib/python3.10/site-packages/airflow/example_dags/example_short_circuit_operator.py for tasks to queue
[2024-07-12T11:55:08.466+0100] {logging_mixin.py:188} INFO - [2024-07-12T11:55:08.464+0100] {dagbag.py:545} INFO - Filling up the DagBag from /home/victor/airflow_env/lib/python3.10/site-packages/airflow/example_dags/example_short_circuit_operator.py
[2024-07-12T11:55:08.542+0100] {processor.py:840} INFO - DAG(s) 'example_short_circuit_operator' retrieved from /home/victor/airflow_env/lib/python3.10/site-packages/airflow/example_dags/example_short_circuit_operator.py
[2024-07-12T11:55:08.707+0100] {logging_mixin.py:188} INFO - [2024-07-12T11:55:08.706+0100] {dag.py:3096} INFO - Sync 1 DAGs
[2024-07-12T11:55:08.856+0100] {logging_mixin.py:188} INFO - [2024-07-12T11:55:08.855+0100] {dag.py:3954} INFO - Setting next_dagrun for example_short_circuit_operator to 2024-07-11 00:00:00+00:00, run_after=2024-07-12 00:00:00+00:00
[2024-07-12T11:55:09.232+0100] {processor.py:183} INFO - Processing /home/victor/airflow_env/lib/python3.10/site-packages/airflow/example_dags/example_short_circuit_operator.py took 0.831 seconds
[2024-07-12T11:56:32.202+0100] {processor.py:161} INFO - Started process (PID=29075) to work on /home/victor/airflow_env/lib/python3.10/site-packages/airflow/example_dags/example_short_circuit_operator.py
[2024-07-12T11:56:32.207+0100] {processor.py:830} INFO - Processing file /home/victor/airflow_env/lib/python3.10/site-packages/airflow/example_dags/example_short_circuit_operator.py for tasks to queue
[2024-07-12T11:56:32.227+0100] {logging_mixin.py:188} INFO - [2024-07-12T11:56:32.219+0100] {dagbag.py:545} INFO - Filling up the DagBag from /home/victor/airflow_env/lib/python3.10/site-packages/airflow/example_dags/example_short_circuit_operator.py
[2024-07-12T11:56:32.271+0100] {processor.py:840} INFO - DAG(s) 'example_short_circuit_operator' retrieved from /home/victor/airflow_env/lib/python3.10/site-packages/airflow/example_dags/example_short_circuit_operator.py
[2024-07-12T11:56:32.464+0100] {logging_mixin.py:188} INFO - [2024-07-12T11:56:32.463+0100] {dag.py:3096} INFO - Sync 1 DAGs
[2024-07-12T11:56:32.597+0100] {logging_mixin.py:188} INFO - [2024-07-12T11:56:32.596+0100] {dag.py:3954} INFO - Setting next_dagrun for example_short_circuit_operator to 2024-07-11 00:00:00+00:00, run_after=2024-07-12 00:00:00+00:00
[2024-07-12T11:56:32.957+0100] {processor.py:183} INFO - Processing /home/victor/airflow_env/lib/python3.10/site-packages/airflow/example_dags/example_short_circuit_operator.py took 0.788 seconds
[2024-07-12T11:58:00.245+0100] {processor.py:161} INFO - Started process (PID=29432) to work on /home/victor/airflow_env/lib/python3.10/site-packages/airflow/example_dags/example_short_circuit_operator.py
[2024-07-12T11:58:00.249+0100] {processor.py:830} INFO - Processing file /home/victor/airflow_env/lib/python3.10/site-packages/airflow/example_dags/example_short_circuit_operator.py for tasks to queue
[2024-07-12T11:58:00.261+0100] {logging_mixin.py:188} INFO - [2024-07-12T11:58:00.259+0100] {dagbag.py:545} INFO - Filling up the DagBag from /home/victor/airflow_env/lib/python3.10/site-packages/airflow/example_dags/example_short_circuit_operator.py
[2024-07-12T11:58:00.299+0100] {processor.py:840} INFO - DAG(s) 'example_short_circuit_operator' retrieved from /home/victor/airflow_env/lib/python3.10/site-packages/airflow/example_dags/example_short_circuit_operator.py
[2024-07-12T11:58:00.441+0100] {logging_mixin.py:188} INFO - [2024-07-12T11:58:00.440+0100] {dag.py:3096} INFO - Sync 1 DAGs
[2024-07-12T11:58:00.583+0100] {logging_mixin.py:188} INFO - [2024-07-12T11:58:00.582+0100] {dag.py:3954} INFO - Setting next_dagrun for example_short_circuit_operator to 2024-07-11 00:00:00+00:00, run_after=2024-07-12 00:00:00+00:00
[2024-07-12T11:58:00.994+0100] {processor.py:183} INFO - Processing /home/victor/airflow_env/lib/python3.10/site-packages/airflow/example_dags/example_short_circuit_operator.py took 0.781 seconds
[2024-07-12T11:59:20.470+0100] {processor.py:161} INFO - Started process (PID=29767) to work on /home/victor/airflow_env/lib/python3.10/site-packages/airflow/example_dags/example_short_circuit_operator.py
[2024-07-12T11:59:20.474+0100] {processor.py:830} INFO - Processing file /home/victor/airflow_env/lib/python3.10/site-packages/airflow/example_dags/example_short_circuit_operator.py for tasks to queue
[2024-07-12T11:59:20.482+0100] {logging_mixin.py:188} INFO - [2024-07-12T11:59:20.480+0100] {dagbag.py:545} INFO - Filling up the DagBag from /home/victor/airflow_env/lib/python3.10/site-packages/airflow/example_dags/example_short_circuit_operator.py
[2024-07-12T11:59:20.522+0100] {processor.py:840} INFO - DAG(s) 'example_short_circuit_operator' retrieved from /home/victor/airflow_env/lib/python3.10/site-packages/airflow/example_dags/example_short_circuit_operator.py
[2024-07-12T11:59:20.645+0100] {logging_mixin.py:188} INFO - [2024-07-12T11:59:20.644+0100] {dag.py:3096} INFO - Sync 1 DAGs
[2024-07-12T11:59:20.766+0100] {logging_mixin.py:188} INFO - [2024-07-12T11:59:20.765+0100] {dag.py:3954} INFO - Setting next_dagrun for example_short_circuit_operator to 2024-07-11 00:00:00+00:00, run_after=2024-07-12 00:00:00+00:00
[2024-07-12T11:59:21.112+0100] {processor.py:183} INFO - Processing /home/victor/airflow_env/lib/python3.10/site-packages/airflow/example_dags/example_short_circuit_operator.py took 0.675 seconds
[2024-07-12T12:00:40.982+0100] {processor.py:161} INFO - Started process (PID=30100) to work on /home/victor/airflow_env/lib/python3.10/site-packages/airflow/example_dags/example_short_circuit_operator.py
[2024-07-12T12:00:40.988+0100] {processor.py:830} INFO - Processing file /home/victor/airflow_env/lib/python3.10/site-packages/airflow/example_dags/example_short_circuit_operator.py for tasks to queue
[2024-07-12T12:00:41.003+0100] {logging_mixin.py:188} INFO - [2024-07-12T12:00:41.001+0100] {dagbag.py:545} INFO - Filling up the DagBag from /home/victor/airflow_env/lib/python3.10/site-packages/airflow/example_dags/example_short_circuit_operator.py
[2024-07-12T12:00:41.056+0100] {processor.py:840} INFO - DAG(s) 'example_short_circuit_operator' retrieved from /home/victor/airflow_env/lib/python3.10/site-packages/airflow/example_dags/example_short_circuit_operator.py
[2024-07-12T12:00:41.183+0100] {logging_mixin.py:188} INFO - [2024-07-12T12:00:41.182+0100] {dag.py:3096} INFO - Sync 1 DAGs
[2024-07-12T12:00:41.304+0100] {logging_mixin.py:188} INFO - [2024-07-12T12:00:41.303+0100] {dag.py:3954} INFO - Setting next_dagrun for example_short_circuit_operator to 2024-07-11 00:00:00+00:00, run_after=2024-07-12 00:00:00+00:00
[2024-07-12T12:00:41.683+0100] {processor.py:183} INFO - Processing /home/victor/airflow_env/lib/python3.10/site-packages/airflow/example_dags/example_short_circuit_operator.py took 0.736 seconds
[2024-07-12T12:02:22.554+0100] {processor.py:161} INFO - Started process (PID=30508) to work on /home/victor/airflow_env/lib/python3.10/site-packages/airflow/example_dags/example_short_circuit_operator.py
[2024-07-12T12:02:22.558+0100] {processor.py:830} INFO - Processing file /home/victor/airflow_env/lib/python3.10/site-packages/airflow/example_dags/example_short_circuit_operator.py for tasks to queue
[2024-07-12T12:02:22.570+0100] {logging_mixin.py:188} INFO - [2024-07-12T12:02:22.568+0100] {dagbag.py:545} INFO - Filling up the DagBag from /home/victor/airflow_env/lib/python3.10/site-packages/airflow/example_dags/example_short_circuit_operator.py
[2024-07-12T12:02:22.609+0100] {processor.py:840} INFO - DAG(s) 'example_short_circuit_operator' retrieved from /home/victor/airflow_env/lib/python3.10/site-packages/airflow/example_dags/example_short_circuit_operator.py
[2024-07-12T12:02:22.987+0100] {logging_mixin.py:188} INFO - [2024-07-12T12:02:22.986+0100] {dag.py:3096} INFO - Sync 1 DAGs
[2024-07-12T12:02:23.349+0100] {logging_mixin.py:188} INFO - [2024-07-12T12:02:23.348+0100] {dag.py:3954} INFO - Setting next_dagrun for example_short_circuit_operator to 2024-07-11 00:00:00+00:00, run_after=2024-07-12 00:00:00+00:00
[2024-07-12T12:02:23.653+0100] {processor.py:183} INFO - Processing /home/victor/airflow_env/lib/python3.10/site-packages/airflow/example_dags/example_short_circuit_operator.py took 1.128 seconds
[2024-07-12T12:03:56.897+0100] {processor.py:161} INFO - Started process (PID=30893) to work on /home/victor/airflow_env/lib/python3.10/site-packages/airflow/example_dags/example_short_circuit_operator.py
[2024-07-12T12:03:56.902+0100] {processor.py:830} INFO - Processing file /home/victor/airflow_env/lib/python3.10/site-packages/airflow/example_dags/example_short_circuit_operator.py for tasks to queue
[2024-07-12T12:03:56.917+0100] {logging_mixin.py:188} INFO - [2024-07-12T12:03:56.916+0100] {dagbag.py:545} INFO - Filling up the DagBag from /home/victor/airflow_env/lib/python3.10/site-packages/airflow/example_dags/example_short_circuit_operator.py
[2024-07-12T12:03:56.971+0100] {processor.py:840} INFO - DAG(s) 'example_short_circuit_operator' retrieved from /home/victor/airflow_env/lib/python3.10/site-packages/airflow/example_dags/example_short_circuit_operator.py
[2024-07-12T12:03:57.135+0100] {logging_mixin.py:188} INFO - [2024-07-12T12:03:57.134+0100] {dag.py:3096} INFO - Sync 1 DAGs
[2024-07-12T12:03:57.301+0100] {logging_mixin.py:188} INFO - [2024-07-12T12:03:57.300+0100] {dag.py:3954} INFO - Setting next_dagrun for example_short_circuit_operator to 2024-07-11 00:00:00+00:00, run_after=2024-07-12 00:00:00+00:00
[2024-07-12T12:03:58.259+0100] {processor.py:183} INFO - Processing /home/victor/airflow_env/lib/python3.10/site-packages/airflow/example_dags/example_short_circuit_operator.py took 1.402 seconds
[2024-07-12T12:05:36.209+0100] {processor.py:161} INFO - Started process (PID=31294) to work on /home/victor/airflow_env/lib/python3.10/site-packages/airflow/example_dags/example_short_circuit_operator.py
[2024-07-12T12:05:36.215+0100] {processor.py:830} INFO - Processing file /home/victor/airflow_env/lib/python3.10/site-packages/airflow/example_dags/example_short_circuit_operator.py for tasks to queue
[2024-07-12T12:05:36.235+0100] {logging_mixin.py:188} INFO - [2024-07-12T12:05:36.233+0100] {dagbag.py:545} INFO - Filling up the DagBag from /home/victor/airflow_env/lib/python3.10/site-packages/airflow/example_dags/example_short_circuit_operator.py
[2024-07-12T12:05:36.302+0100] {processor.py:840} INFO - DAG(s) 'example_short_circuit_operator' retrieved from /home/victor/airflow_env/lib/python3.10/site-packages/airflow/example_dags/example_short_circuit_operator.py
[2024-07-12T12:05:36.539+0100] {logging_mixin.py:188} INFO - [2024-07-12T12:05:36.537+0100] {dag.py:3096} INFO - Sync 1 DAGs
[2024-07-12T12:05:36.753+0100] {logging_mixin.py:188} INFO - [2024-07-12T12:05:36.750+0100] {dag.py:3954} INFO - Setting next_dagrun for example_short_circuit_operator to 2024-07-11 00:00:00+00:00, run_after=2024-07-12 00:00:00+00:00
[2024-07-12T12:05:37.157+0100] {processor.py:183} INFO - Processing /home/victor/airflow_env/lib/python3.10/site-packages/airflow/example_dags/example_short_circuit_operator.py took 1.007 seconds
[2024-07-12T12:06:55.564+0100] {processor.py:161} INFO - Started process (PID=31625) to work on /home/victor/airflow_env/lib/python3.10/site-packages/airflow/example_dags/example_short_circuit_operator.py
[2024-07-12T12:06:55.568+0100] {processor.py:830} INFO - Processing file /home/victor/airflow_env/lib/python3.10/site-packages/airflow/example_dags/example_short_circuit_operator.py for tasks to queue
[2024-07-12T12:06:55.579+0100] {logging_mixin.py:188} INFO - [2024-07-12T12:06:55.577+0100] {dagbag.py:545} INFO - Filling up the DagBag from /home/victor/airflow_env/lib/python3.10/site-packages/airflow/example_dags/example_short_circuit_operator.py
[2024-07-12T12:06:55.619+0100] {processor.py:840} INFO - DAG(s) 'example_short_circuit_operator' retrieved from /home/victor/airflow_env/lib/python3.10/site-packages/airflow/example_dags/example_short_circuit_operator.py
[2024-07-12T12:06:55.885+0100] {logging_mixin.py:188} INFO - [2024-07-12T12:06:55.884+0100] {dag.py:3096} INFO - Sync 1 DAGs
[2024-07-12T12:06:56.071+0100] {logging_mixin.py:188} INFO - [2024-07-12T12:06:56.070+0100] {dag.py:3954} INFO - Setting next_dagrun for example_short_circuit_operator to 2024-07-11 00:00:00+00:00, run_after=2024-07-12 00:00:00+00:00
[2024-07-12T12:06:56.526+0100] {processor.py:183} INFO - Processing /home/victor/airflow_env/lib/python3.10/site-packages/airflow/example_dags/example_short_circuit_operator.py took 0.995 seconds
[2024-07-12T12:08:20.320+0100] {processor.py:161} INFO - Started process (PID=31972) to work on /home/victor/airflow_env/lib/python3.10/site-packages/airflow/example_dags/example_short_circuit_operator.py
[2024-07-12T12:08:20.330+0100] {processor.py:830} INFO - Processing file /home/victor/airflow_env/lib/python3.10/site-packages/airflow/example_dags/example_short_circuit_operator.py for tasks to queue
[2024-07-12T12:08:20.358+0100] {logging_mixin.py:188} INFO - [2024-07-12T12:08:20.356+0100] {dagbag.py:545} INFO - Filling up the DagBag from /home/victor/airflow_env/lib/python3.10/site-packages/airflow/example_dags/example_short_circuit_operator.py
[2024-07-12T12:08:20.399+0100] {processor.py:840} INFO - DAG(s) 'example_short_circuit_operator' retrieved from /home/victor/airflow_env/lib/python3.10/site-packages/airflow/example_dags/example_short_circuit_operator.py
[2024-07-12T12:08:20.538+0100] {logging_mixin.py:188} INFO - [2024-07-12T12:08:20.537+0100] {dag.py:3096} INFO - Sync 1 DAGs
[2024-07-12T12:08:20.666+0100] {logging_mixin.py:188} INFO - [2024-07-12T12:08:20.665+0100] {dag.py:3954} INFO - Setting next_dagrun for example_short_circuit_operator to 2024-07-11 00:00:00+00:00, run_after=2024-07-12 00:00:00+00:00
[2024-07-12T12:08:21.056+0100] {processor.py:183} INFO - Processing /home/victor/airflow_env/lib/python3.10/site-packages/airflow/example_dags/example_short_circuit_operator.py took 0.774 seconds
[2024-07-12T12:09:48.173+0100] {processor.py:161} INFO - Started process (PID=32337) to work on /home/victor/airflow_env/lib/python3.10/site-packages/airflow/example_dags/example_short_circuit_operator.py
[2024-07-12T12:09:48.181+0100] {processor.py:830} INFO - Processing file /home/victor/airflow_env/lib/python3.10/site-packages/airflow/example_dags/example_short_circuit_operator.py for tasks to queue
[2024-07-12T12:09:48.200+0100] {logging_mixin.py:188} INFO - [2024-07-12T12:09:48.197+0100] {dagbag.py:545} INFO - Filling up the DagBag from /home/victor/airflow_env/lib/python3.10/site-packages/airflow/example_dags/example_short_circuit_operator.py
[2024-07-12T12:09:48.264+0100] {processor.py:840} INFO - DAG(s) 'example_short_circuit_operator' retrieved from /home/victor/airflow_env/lib/python3.10/site-packages/airflow/example_dags/example_short_circuit_operator.py
[2024-07-12T12:09:48.542+0100] {logging_mixin.py:188} INFO - [2024-07-12T12:09:48.541+0100] {dag.py:3096} INFO - Sync 1 DAGs
[2024-07-12T12:09:48.795+0100] {logging_mixin.py:188} INFO - [2024-07-12T12:09:48.794+0100] {dag.py:3954} INFO - Setting next_dagrun for example_short_circuit_operator to 2024-07-11 00:00:00+00:00, run_after=2024-07-12 00:00:00+00:00
[2024-07-12T12:09:49.202+0100] {processor.py:183} INFO - Processing /home/victor/airflow_env/lib/python3.10/site-packages/airflow/example_dags/example_short_circuit_operator.py took 1.113 seconds
[2024-07-12T12:11:17.289+0100] {processor.py:161} INFO - Started process (PID=32704) to work on /home/victor/airflow_env/lib/python3.10/site-packages/airflow/example_dags/example_short_circuit_operator.py
[2024-07-12T12:11:17.294+0100] {processor.py:830} INFO - Processing file /home/victor/airflow_env/lib/python3.10/site-packages/airflow/example_dags/example_short_circuit_operator.py for tasks to queue
[2024-07-12T12:11:17.308+0100] {logging_mixin.py:188} INFO - [2024-07-12T12:11:17.307+0100] {dagbag.py:545} INFO - Filling up the DagBag from /home/victor/airflow_env/lib/python3.10/site-packages/airflow/example_dags/example_short_circuit_operator.py
[2024-07-12T12:11:17.385+0100] {processor.py:840} INFO - DAG(s) 'example_short_circuit_operator' retrieved from /home/victor/airflow_env/lib/python3.10/site-packages/airflow/example_dags/example_short_circuit_operator.py
[2024-07-12T12:11:17.527+0100] {logging_mixin.py:188} INFO - [2024-07-12T12:11:17.526+0100] {dag.py:3096} INFO - Sync 1 DAGs
[2024-07-12T12:11:17.687+0100] {logging_mixin.py:188} INFO - [2024-07-12T12:11:17.686+0100] {dag.py:3954} INFO - Setting next_dagrun for example_short_circuit_operator to 2024-07-11 00:00:00+00:00, run_after=2024-07-12 00:00:00+00:00
[2024-07-12T12:11:18.034+0100] {processor.py:183} INFO - Processing /home/victor/airflow_env/lib/python3.10/site-packages/airflow/example_dags/example_short_circuit_operator.py took 0.778 seconds
[2024-07-12T12:12:40.335+0100] {processor.py:161} INFO - Started process (PID=33048) to work on /home/victor/airflow_env/lib/python3.10/site-packages/airflow/example_dags/example_short_circuit_operator.py
[2024-07-12T12:12:40.340+0100] {processor.py:830} INFO - Processing file /home/victor/airflow_env/lib/python3.10/site-packages/airflow/example_dags/example_short_circuit_operator.py for tasks to queue
[2024-07-12T12:12:40.351+0100] {logging_mixin.py:188} INFO - [2024-07-12T12:12:40.349+0100] {dagbag.py:545} INFO - Filling up the DagBag from /home/victor/airflow_env/lib/python3.10/site-packages/airflow/example_dags/example_short_circuit_operator.py
[2024-07-12T12:12:40.402+0100] {processor.py:840} INFO - DAG(s) 'example_short_circuit_operator' retrieved from /home/victor/airflow_env/lib/python3.10/site-packages/airflow/example_dags/example_short_circuit_operator.py
[2024-07-12T12:12:40.524+0100] {logging_mixin.py:188} INFO - [2024-07-12T12:12:40.524+0100] {dag.py:3096} INFO - Sync 1 DAGs
[2024-07-12T12:12:40.647+0100] {logging_mixin.py:188} INFO - [2024-07-12T12:12:40.646+0100] {dag.py:3954} INFO - Setting next_dagrun for example_short_circuit_operator to 2024-07-11 00:00:00+00:00, run_after=2024-07-12 00:00:00+00:00
[2024-07-12T12:12:40.950+0100] {processor.py:183} INFO - Processing /home/victor/airflow_env/lib/python3.10/site-packages/airflow/example_dags/example_short_circuit_operator.py took 0.648 seconds
[2024-07-12T12:14:00.620+0100] {processor.py:161} INFO - Started process (PID=33380) to work on /home/victor/airflow_env/lib/python3.10/site-packages/airflow/example_dags/example_short_circuit_operator.py
[2024-07-12T12:14:00.625+0100] {processor.py:830} INFO - Processing file /home/victor/airflow_env/lib/python3.10/site-packages/airflow/example_dags/example_short_circuit_operator.py for tasks to queue
[2024-07-12T12:14:00.636+0100] {logging_mixin.py:188} INFO - [2024-07-12T12:14:00.634+0100] {dagbag.py:545} INFO - Filling up the DagBag from /home/victor/airflow_env/lib/python3.10/site-packages/airflow/example_dags/example_short_circuit_operator.py
[2024-07-12T12:14:00.679+0100] {processor.py:840} INFO - DAG(s) 'example_short_circuit_operator' retrieved from /home/victor/airflow_env/lib/python3.10/site-packages/airflow/example_dags/example_short_circuit_operator.py
[2024-07-12T12:14:00.806+0100] {logging_mixin.py:188} INFO - [2024-07-12T12:14:00.805+0100] {dag.py:3096} INFO - Sync 1 DAGs
[2024-07-12T12:14:00.955+0100] {logging_mixin.py:188} INFO - [2024-07-12T12:14:00.954+0100] {dag.py:3954} INFO - Setting next_dagrun for example_short_circuit_operator to 2024-07-11 00:00:00+00:00, run_after=2024-07-12 00:00:00+00:00
[2024-07-12T12:14:01.463+0100] {processor.py:183} INFO - Processing /home/victor/airflow_env/lib/python3.10/site-packages/airflow/example_dags/example_short_circuit_operator.py took 0.873 seconds
[2024-07-12T12:15:29.264+0100] {processor.py:161} INFO - Started process (PID=33743) to work on /home/victor/airflow_env/lib/python3.10/site-packages/airflow/example_dags/example_short_circuit_operator.py
[2024-07-12T12:15:29.270+0100] {processor.py:830} INFO - Processing file /home/victor/airflow_env/lib/python3.10/site-packages/airflow/example_dags/example_short_circuit_operator.py for tasks to queue
[2024-07-12T12:15:29.288+0100] {logging_mixin.py:188} INFO - [2024-07-12T12:15:29.286+0100] {dagbag.py:545} INFO - Filling up the DagBag from /home/victor/airflow_env/lib/python3.10/site-packages/airflow/example_dags/example_short_circuit_operator.py
[2024-07-12T12:15:29.377+0100] {processor.py:840} INFO - DAG(s) 'example_short_circuit_operator' retrieved from /home/victor/airflow_env/lib/python3.10/site-packages/airflow/example_dags/example_short_circuit_operator.py
[2024-07-12T12:15:29.536+0100] {logging_mixin.py:188} INFO - [2024-07-12T12:15:29.535+0100] {dag.py:3096} INFO - Sync 1 DAGs
[2024-07-12T12:15:29.693+0100] {logging_mixin.py:188} INFO - [2024-07-12T12:15:29.693+0100] {dag.py:3954} INFO - Setting next_dagrun for example_short_circuit_operator to 2024-07-11 00:00:00+00:00, run_after=2024-07-12 00:00:00+00:00
[2024-07-12T12:15:30.040+0100] {processor.py:183} INFO - Processing /home/victor/airflow_env/lib/python3.10/site-packages/airflow/example_dags/example_short_circuit_operator.py took 0.810 seconds
[2024-07-12T12:17:33.246+0100] {processor.py:161} INFO - Started process (PID=34236) to work on /home/victor/airflow_env/lib/python3.10/site-packages/airflow/example_dags/example_short_circuit_operator.py
[2024-07-12T12:17:33.250+0100] {processor.py:830} INFO - Processing file /home/victor/airflow_env/lib/python3.10/site-packages/airflow/example_dags/example_short_circuit_operator.py for tasks to queue
[2024-07-12T12:17:33.262+0100] {logging_mixin.py:188} INFO - [2024-07-12T12:17:33.260+0100] {dagbag.py:545} INFO - Filling up the DagBag from /home/victor/airflow_env/lib/python3.10/site-packages/airflow/example_dags/example_short_circuit_operator.py
[2024-07-12T12:17:33.303+0100] {processor.py:840} INFO - DAG(s) 'example_short_circuit_operator' retrieved from /home/victor/airflow_env/lib/python3.10/site-packages/airflow/example_dags/example_short_circuit_operator.py
[2024-07-12T12:17:33.462+0100] {logging_mixin.py:188} INFO - [2024-07-12T12:17:33.461+0100] {dag.py:3096} INFO - Sync 1 DAGs
[2024-07-12T12:17:33.684+0100] {logging_mixin.py:188} INFO - [2024-07-12T12:17:33.683+0100] {dag.py:3954} INFO - Setting next_dagrun for example_short_circuit_operator to 2024-07-11 00:00:00+00:00, run_after=2024-07-12 00:00:00+00:00
[2024-07-12T12:17:34.115+0100] {processor.py:183} INFO - Processing /home/victor/airflow_env/lib/python3.10/site-packages/airflow/example_dags/example_short_circuit_operator.py took 0.899 seconds
[2024-07-12T12:19:14.609+0100] {processor.py:161} INFO - Started process (PID=34651) to work on /home/victor/airflow_env/lib/python3.10/site-packages/airflow/example_dags/example_short_circuit_operator.py
[2024-07-12T12:19:14.614+0100] {processor.py:830} INFO - Processing file /home/victor/airflow_env/lib/python3.10/site-packages/airflow/example_dags/example_short_circuit_operator.py for tasks to queue
[2024-07-12T12:19:14.623+0100] {logging_mixin.py:188} INFO - [2024-07-12T12:19:14.621+0100] {dagbag.py:545} INFO - Filling up the DagBag from /home/victor/airflow_env/lib/python3.10/site-packages/airflow/example_dags/example_short_circuit_operator.py
[2024-07-12T12:19:14.661+0100] {processor.py:840} INFO - DAG(s) 'example_short_circuit_operator' retrieved from /home/victor/airflow_env/lib/python3.10/site-packages/airflow/example_dags/example_short_circuit_operator.py
[2024-07-12T12:19:14.826+0100] {logging_mixin.py:188} INFO - [2024-07-12T12:19:14.825+0100] {dag.py:3096} INFO - Sync 1 DAGs
[2024-07-12T12:19:14.978+0100] {logging_mixin.py:188} INFO - [2024-07-12T12:19:14.976+0100] {dag.py:3954} INFO - Setting next_dagrun for example_short_circuit_operator to 2024-07-11 00:00:00+00:00, run_after=2024-07-12 00:00:00+00:00
[2024-07-12T12:19:15.353+0100] {processor.py:183} INFO - Processing /home/victor/airflow_env/lib/python3.10/site-packages/airflow/example_dags/example_short_circuit_operator.py took 0.774 seconds
[2024-07-12T12:20:58.042+0100] {processor.py:161} INFO - Started process (PID=35068) to work on /home/victor/airflow_env/lib/python3.10/site-packages/airflow/example_dags/example_short_circuit_operator.py
[2024-07-12T12:20:58.047+0100] {processor.py:830} INFO - Processing file /home/victor/airflow_env/lib/python3.10/site-packages/airflow/example_dags/example_short_circuit_operator.py for tasks to queue
[2024-07-12T12:20:58.055+0100] {logging_mixin.py:188} INFO - [2024-07-12T12:20:58.054+0100] {dagbag.py:545} INFO - Filling up the DagBag from /home/victor/airflow_env/lib/python3.10/site-packages/airflow/example_dags/example_short_circuit_operator.py
[2024-07-12T12:20:58.096+0100] {processor.py:840} INFO - DAG(s) 'example_short_circuit_operator' retrieved from /home/victor/airflow_env/lib/python3.10/site-packages/airflow/example_dags/example_short_circuit_operator.py
[2024-07-12T12:20:58.240+0100] {logging_mixin.py:188} INFO - [2024-07-12T12:20:58.239+0100] {dag.py:3096} INFO - Sync 1 DAGs
[2024-07-12T12:20:58.366+0100] {logging_mixin.py:188} INFO - [2024-07-12T12:20:58.365+0100] {dag.py:3954} INFO - Setting next_dagrun for example_short_circuit_operator to 2024-07-11 00:00:00+00:00, run_after=2024-07-12 00:00:00+00:00
[2024-07-12T12:20:58.705+0100] {processor.py:183} INFO - Processing /home/victor/airflow_env/lib/python3.10/site-packages/airflow/example_dags/example_short_circuit_operator.py took 0.701 seconds
[2024-07-12T12:22:26.610+0100] {processor.py:161} INFO - Started process (PID=35433) to work on /home/victor/airflow_env/lib/python3.10/site-packages/airflow/example_dags/example_short_circuit_operator.py
[2024-07-12T12:22:26.617+0100] {processor.py:830} INFO - Processing file /home/victor/airflow_env/lib/python3.10/site-packages/airflow/example_dags/example_short_circuit_operator.py for tasks to queue
[2024-07-12T12:22:26.631+0100] {logging_mixin.py:188} INFO - [2024-07-12T12:22:26.629+0100] {dagbag.py:545} INFO - Filling up the DagBag from /home/victor/airflow_env/lib/python3.10/site-packages/airflow/example_dags/example_short_circuit_operator.py
[2024-07-12T12:22:26.682+0100] {processor.py:840} INFO - DAG(s) 'example_short_circuit_operator' retrieved from /home/victor/airflow_env/lib/python3.10/site-packages/airflow/example_dags/example_short_circuit_operator.py
[2024-07-12T12:22:26.841+0100] {logging_mixin.py:188} INFO - [2024-07-12T12:22:26.840+0100] {dag.py:3096} INFO - Sync 1 DAGs
[2024-07-12T12:22:26.964+0100] {logging_mixin.py:188} INFO - [2024-07-12T12:22:26.963+0100] {dag.py:3954} INFO - Setting next_dagrun for example_short_circuit_operator to 2024-07-11 00:00:00+00:00, run_after=2024-07-12 00:00:00+00:00
[2024-07-12T12:22:27.311+0100] {processor.py:183} INFO - Processing /home/victor/airflow_env/lib/python3.10/site-packages/airflow/example_dags/example_short_circuit_operator.py took 0.750 seconds
[2024-07-12T12:23:55.578+0100] {processor.py:161} INFO - Started process (PID=35797) to work on /home/victor/airflow_env/lib/python3.10/site-packages/airflow/example_dags/example_short_circuit_operator.py
[2024-07-12T12:23:55.583+0100] {processor.py:830} INFO - Processing file /home/victor/airflow_env/lib/python3.10/site-packages/airflow/example_dags/example_short_circuit_operator.py for tasks to queue
[2024-07-12T12:23:55.602+0100] {logging_mixin.py:188} INFO - [2024-07-12T12:23:55.600+0100] {dagbag.py:545} INFO - Filling up the DagBag from /home/victor/airflow_env/lib/python3.10/site-packages/airflow/example_dags/example_short_circuit_operator.py
[2024-07-12T12:23:55.679+0100] {processor.py:840} INFO - DAG(s) 'example_short_circuit_operator' retrieved from /home/victor/airflow_env/lib/python3.10/site-packages/airflow/example_dags/example_short_circuit_operator.py
[2024-07-12T12:23:55.838+0100] {logging_mixin.py:188} INFO - [2024-07-12T12:23:55.837+0100] {dag.py:3096} INFO - Sync 1 DAGs
[2024-07-12T12:23:55.978+0100] {logging_mixin.py:188} INFO - [2024-07-12T12:23:55.977+0100] {dag.py:3954} INFO - Setting next_dagrun for example_short_circuit_operator to 2024-07-11 00:00:00+00:00, run_after=2024-07-12 00:00:00+00:00
[2024-07-12T12:23:56.385+0100] {processor.py:183} INFO - Processing /home/victor/airflow_env/lib/python3.10/site-packages/airflow/example_dags/example_short_circuit_operator.py took 0.866 seconds
[2024-07-12T12:25:37.189+0100] {processor.py:161} INFO - Started process (PID=36207) to work on /home/victor/airflow_env/lib/python3.10/site-packages/airflow/example_dags/example_short_circuit_operator.py
[2024-07-12T12:25:37.194+0100] {processor.py:830} INFO - Processing file /home/victor/airflow_env/lib/python3.10/site-packages/airflow/example_dags/example_short_circuit_operator.py for tasks to queue
[2024-07-12T12:25:37.213+0100] {logging_mixin.py:188} INFO - [2024-07-12T12:25:37.210+0100] {dagbag.py:545} INFO - Filling up the DagBag from /home/victor/airflow_env/lib/python3.10/site-packages/airflow/example_dags/example_short_circuit_operator.py
[2024-07-12T12:25:37.271+0100] {processor.py:840} INFO - DAG(s) 'example_short_circuit_operator' retrieved from /home/victor/airflow_env/lib/python3.10/site-packages/airflow/example_dags/example_short_circuit_operator.py
[2024-07-12T12:25:37.598+0100] {logging_mixin.py:188} INFO - [2024-07-12T12:25:37.597+0100] {dag.py:3096} INFO - Sync 1 DAGs
[2024-07-12T12:25:38.037+0100] {logging_mixin.py:188} INFO - [2024-07-12T12:25:38.035+0100] {dag.py:3954} INFO - Setting next_dagrun for example_short_circuit_operator to 2024-07-11 00:00:00+00:00, run_after=2024-07-12 00:00:00+00:00
[2024-07-12T12:25:38.945+0100] {processor.py:183} INFO - Processing /home/victor/airflow_env/lib/python3.10/site-packages/airflow/example_dags/example_short_circuit_operator.py took 1.841 seconds
[2024-07-12T12:27:12.127+0100] {processor.py:161} INFO - Started process (PID=36592) to work on /home/victor/airflow_env/lib/python3.10/site-packages/airflow/example_dags/example_short_circuit_operator.py
[2024-07-12T12:27:12.162+0100] {processor.py:830} INFO - Processing file /home/victor/airflow_env/lib/python3.10/site-packages/airflow/example_dags/example_short_circuit_operator.py for tasks to queue
[2024-07-12T12:27:12.182+0100] {logging_mixin.py:188} INFO - [2024-07-12T12:27:12.180+0100] {dagbag.py:545} INFO - Filling up the DagBag from /home/victor/airflow_env/lib/python3.10/site-packages/airflow/example_dags/example_short_circuit_operator.py
[2024-07-12T12:27:12.238+0100] {processor.py:840} INFO - DAG(s) 'example_short_circuit_operator' retrieved from /home/victor/airflow_env/lib/python3.10/site-packages/airflow/example_dags/example_short_circuit_operator.py
[2024-07-12T12:27:12.429+0100] {logging_mixin.py:188} INFO - [2024-07-12T12:27:12.428+0100] {dag.py:3096} INFO - Sync 1 DAGs
[2024-07-12T12:27:12.624+0100] {logging_mixin.py:188} INFO - [2024-07-12T12:27:12.623+0100] {dag.py:3954} INFO - Setting next_dagrun for example_short_circuit_operator to 2024-07-11 00:00:00+00:00, run_after=2024-07-12 00:00:00+00:00
[2024-07-12T12:27:13.002+0100] {processor.py:183} INFO - Processing /home/victor/airflow_env/lib/python3.10/site-packages/airflow/example_dags/example_short_circuit_operator.py took 0.921 seconds
[2024-07-12T12:28:40.903+0100] {processor.py:161} INFO - Started process (PID=36956) to work on /home/victor/airflow_env/lib/python3.10/site-packages/airflow/example_dags/example_short_circuit_operator.py
[2024-07-12T12:28:40.907+0100] {processor.py:830} INFO - Processing file /home/victor/airflow_env/lib/python3.10/site-packages/airflow/example_dags/example_short_circuit_operator.py for tasks to queue
[2024-07-12T12:28:40.919+0100] {logging_mixin.py:188} INFO - [2024-07-12T12:28:40.917+0100] {dagbag.py:545} INFO - Filling up the DagBag from /home/victor/airflow_env/lib/python3.10/site-packages/airflow/example_dags/example_short_circuit_operator.py
[2024-07-12T12:28:40.956+0100] {processor.py:840} INFO - DAG(s) 'example_short_circuit_operator' retrieved from /home/victor/airflow_env/lib/python3.10/site-packages/airflow/example_dags/example_short_circuit_operator.py
[2024-07-12T12:28:41.089+0100] {logging_mixin.py:188} INFO - [2024-07-12T12:28:41.088+0100] {dag.py:3096} INFO - Sync 1 DAGs
[2024-07-12T12:28:41.230+0100] {logging_mixin.py:188} INFO - [2024-07-12T12:28:41.229+0100] {dag.py:3954} INFO - Setting next_dagrun for example_short_circuit_operator to 2024-07-11 00:00:00+00:00, run_after=2024-07-12 00:00:00+00:00
[2024-07-12T12:28:41.518+0100] {processor.py:183} INFO - Processing /home/victor/airflow_env/lib/python3.10/site-packages/airflow/example_dags/example_short_circuit_operator.py took 0.645 seconds
[2024-07-12T12:30:15.251+0100] {processor.py:161} INFO - Started process (PID=37341) to work on /home/victor/airflow_env/lib/python3.10/site-packages/airflow/example_dags/example_short_circuit_operator.py
[2024-07-12T12:30:15.256+0100] {processor.py:830} INFO - Processing file /home/victor/airflow_env/lib/python3.10/site-packages/airflow/example_dags/example_short_circuit_operator.py for tasks to queue
[2024-07-12T12:30:15.264+0100] {logging_mixin.py:188} INFO - [2024-07-12T12:30:15.262+0100] {dagbag.py:545} INFO - Filling up the DagBag from /home/victor/airflow_env/lib/python3.10/site-packages/airflow/example_dags/example_short_circuit_operator.py
[2024-07-12T12:30:15.304+0100] {processor.py:840} INFO - DAG(s) 'example_short_circuit_operator' retrieved from /home/victor/airflow_env/lib/python3.10/site-packages/airflow/example_dags/example_short_circuit_operator.py
[2024-07-12T12:30:15.505+0100] {logging_mixin.py:188} INFO - [2024-07-12T12:30:15.504+0100] {dag.py:3096} INFO - Sync 1 DAGs
[2024-07-12T12:30:15.699+0100] {logging_mixin.py:188} INFO - [2024-07-12T12:30:15.698+0100] {dag.py:3954} INFO - Setting next_dagrun for example_short_circuit_operator to 2024-07-11 00:00:00+00:00, run_after=2024-07-12 00:00:00+00:00
[2024-07-12T12:30:16.130+0100] {processor.py:183} INFO - Processing /home/victor/airflow_env/lib/python3.10/site-packages/airflow/example_dags/example_short_circuit_operator.py took 0.913 seconds
[2024-07-12T12:31:46.004+0100] {processor.py:161} INFO - Started process (PID=37717) to work on /home/victor/airflow_env/lib/python3.10/site-packages/airflow/example_dags/example_short_circuit_operator.py
[2024-07-12T12:31:46.008+0100] {processor.py:830} INFO - Processing file /home/victor/airflow_env/lib/python3.10/site-packages/airflow/example_dags/example_short_circuit_operator.py for tasks to queue
[2024-07-12T12:31:46.019+0100] {logging_mixin.py:188} INFO - [2024-07-12T12:31:46.018+0100] {dagbag.py:545} INFO - Filling up the DagBag from /home/victor/airflow_env/lib/python3.10/site-packages/airflow/example_dags/example_short_circuit_operator.py
[2024-07-12T12:31:46.056+0100] {processor.py:840} INFO - DAG(s) 'example_short_circuit_operator' retrieved from /home/victor/airflow_env/lib/python3.10/site-packages/airflow/example_dags/example_short_circuit_operator.py
[2024-07-12T12:31:46.204+0100] {logging_mixin.py:188} INFO - [2024-07-12T12:31:46.203+0100] {dag.py:3096} INFO - Sync 1 DAGs
[2024-07-12T12:31:46.319+0100] {logging_mixin.py:188} INFO - [2024-07-12T12:31:46.318+0100] {dag.py:3954} INFO - Setting next_dagrun for example_short_circuit_operator to 2024-07-11 00:00:00+00:00, run_after=2024-07-12 00:00:00+00:00
[2024-07-12T12:31:46.671+0100] {processor.py:183} INFO - Processing /home/victor/airflow_env/lib/python3.10/site-packages/airflow/example_dags/example_short_circuit_operator.py took 0.697 seconds
[2024-07-12T12:33:11.097+0100] {processor.py:161} INFO - Started process (PID=38073) to work on /home/victor/airflow_env/lib/python3.10/site-packages/airflow/example_dags/example_short_circuit_operator.py
[2024-07-12T12:33:11.101+0100] {processor.py:830} INFO - Processing file /home/victor/airflow_env/lib/python3.10/site-packages/airflow/example_dags/example_short_circuit_operator.py for tasks to queue
[2024-07-12T12:33:11.110+0100] {logging_mixin.py:188} INFO - [2024-07-12T12:33:11.108+0100] {dagbag.py:545} INFO - Filling up the DagBag from /home/victor/airflow_env/lib/python3.10/site-packages/airflow/example_dags/example_short_circuit_operator.py
[2024-07-12T12:33:11.153+0100] {processor.py:840} INFO - DAG(s) 'example_short_circuit_operator' retrieved from /home/victor/airflow_env/lib/python3.10/site-packages/airflow/example_dags/example_short_circuit_operator.py
[2024-07-12T12:33:11.281+0100] {logging_mixin.py:188} INFO - [2024-07-12T12:33:11.280+0100] {dag.py:3096} INFO - Sync 1 DAGs
[2024-07-12T12:33:11.395+0100] {logging_mixin.py:188} INFO - [2024-07-12T12:33:11.394+0100] {dag.py:3954} INFO - Setting next_dagrun for example_short_circuit_operator to 2024-07-11 00:00:00+00:00, run_after=2024-07-12 00:00:00+00:00
[2024-07-12T12:33:11.674+0100] {processor.py:183} INFO - Processing /home/victor/airflow_env/lib/python3.10/site-packages/airflow/example_dags/example_short_circuit_operator.py took 0.607 seconds
