[2024-07-12T11:06:40.718+0100] {processor.py:161} INFO - Started process (PID=16408) to work on /home/victor/airflow_env/lib/python3.10/site-packages/airflow/example_dags/example_branch_python_dop_operator_3.py
[2024-07-12T11:06:40.723+0100] {processor.py:830} INFO - Processing file /home/victor/airflow_env/lib/python3.10/site-packages/airflow/example_dags/example_branch_python_dop_operator_3.py for tasks to queue
[2024-07-12T11:06:40.735+0100] {logging_mixin.py:188} INFO - [2024-07-12T11:06:40.733+0100] {dagbag.py:545} INFO - Filling up the DagBag from /home/victor/airflow_env/lib/python3.10/site-packages/airflow/example_dags/example_branch_python_dop_operator_3.py
[2024-07-12T11:06:40.785+0100] {processor.py:840} INFO - DAG(s) 'example_branch_dop_operator_v3' retrieved from /home/victor/airflow_env/lib/python3.10/site-packages/airflow/example_dags/example_branch_python_dop_operator_3.py
[2024-07-12T11:06:41.559+0100] {logging_mixin.py:188} INFO - [2024-07-12T11:06:41.557+0100] {override.py:1847} INFO - Created Permission View: can edit on DAG:example_branch_dop_operator_v3
[2024-07-12T11:06:41.773+0100] {logging_mixin.py:188} INFO - [2024-07-12T11:06:41.771+0100] {override.py:1847} INFO - Created Permission View: can read on DAG:example_branch_dop_operator_v3
[2024-07-12T11:06:42.006+0100] {logging_mixin.py:188} INFO - [2024-07-12T11:06:42.004+0100] {override.py:1847} INFO - Created Permission View: can delete on DAG:example_branch_dop_operator_v3
[2024-07-12T11:06:42.009+0100] {logging_mixin.py:188} INFO - [2024-07-12T11:06:42.008+0100] {dag.py:3096} INFO - Sync 1 DAGs
[2024-07-12T11:06:42.483+0100] {logging_mixin.py:188} INFO - [2024-07-12T11:06:42.482+0100] {dag.py:3118} INFO - Creating ORM DAG for example_branch_dop_operator_v3
[2024-07-12T11:06:42.568+0100] {logging_mixin.py:188} INFO - [2024-07-12T11:06:42.567+0100] {dag.py:3954} INFO - Setting next_dagrun for example_branch_dop_operator_v3 to 2024-07-12 10:05:00+00:00, run_after=2024-07-12 10:06:00+00:00
[2024-07-12T11:06:42.959+0100] {processor.py:183} INFO - Processing /home/victor/airflow_env/lib/python3.10/site-packages/airflow/example_dags/example_branch_python_dop_operator_3.py took 2.271 seconds
[2024-07-12T11:09:45.920+0100] {processor.py:161} INFO - Started process (PID=17128) to work on /home/victor/airflow_env/lib/python3.10/site-packages/airflow/example_dags/example_branch_python_dop_operator_3.py
[2024-07-12T11:09:45.927+0100] {processor.py:830} INFO - Processing file /home/victor/airflow_env/lib/python3.10/site-packages/airflow/example_dags/example_branch_python_dop_operator_3.py for tasks to queue
[2024-07-12T11:09:45.936+0100] {logging_mixin.py:188} INFO - [2024-07-12T11:09:45.934+0100] {dagbag.py:545} INFO - Filling up the DagBag from /home/victor/airflow_env/lib/python3.10/site-packages/airflow/example_dags/example_branch_python_dop_operator_3.py
[2024-07-12T11:09:45.999+0100] {processor.py:840} INFO - DAG(s) 'example_branch_dop_operator_v3' retrieved from /home/victor/airflow_env/lib/python3.10/site-packages/airflow/example_dags/example_branch_python_dop_operator_3.py
[2024-07-12T11:09:46.250+0100] {logging_mixin.py:188} INFO - [2024-07-12T11:09:46.249+0100] {dag.py:3096} INFO - Sync 1 DAGs
[2024-07-12T11:09:46.911+0100] {logging_mixin.py:188} INFO - [2024-07-12T11:09:46.910+0100] {dag.py:3954} INFO - Setting next_dagrun for example_branch_dop_operator_v3 to 2024-07-12 10:08:00+00:00, run_after=2024-07-12 10:09:00+00:00
[2024-07-12T11:09:48.233+0100] {processor.py:183} INFO - Processing /home/victor/airflow_env/lib/python3.10/site-packages/airflow/example_dags/example_branch_python_dop_operator_3.py took 2.345 seconds
[2024-07-12T11:13:11.931+0100] {processor.py:161} INFO - Started process (PID=17974) to work on /home/victor/airflow_env/lib/python3.10/site-packages/airflow/example_dags/example_branch_python_dop_operator_3.py
[2024-07-12T11:13:11.947+0100] {processor.py:830} INFO - Processing file /home/victor/airflow_env/lib/python3.10/site-packages/airflow/example_dags/example_branch_python_dop_operator_3.py for tasks to queue
[2024-07-12T11:13:11.957+0100] {logging_mixin.py:188} INFO - [2024-07-12T11:13:11.955+0100] {dagbag.py:545} INFO - Filling up the DagBag from /home/victor/airflow_env/lib/python3.10/site-packages/airflow/example_dags/example_branch_python_dop_operator_3.py
[2024-07-12T11:13:12.099+0100] {processor.py:840} INFO - DAG(s) 'example_branch_dop_operator_v3' retrieved from /home/victor/airflow_env/lib/python3.10/site-packages/airflow/example_dags/example_branch_python_dop_operator_3.py
[2024-07-12T11:13:12.312+0100] {logging_mixin.py:188} INFO - [2024-07-12T11:13:12.310+0100] {dag.py:3096} INFO - Sync 1 DAGs
[2024-07-12T11:13:12.518+0100] {logging_mixin.py:188} INFO - [2024-07-12T11:13:12.517+0100] {dag.py:3954} INFO - Setting next_dagrun for example_branch_dop_operator_v3 to 2024-07-12 10:12:00+00:00, run_after=2024-07-12 10:13:00+00:00
[2024-07-12T11:13:12.870+0100] {processor.py:183} INFO - Processing /home/victor/airflow_env/lib/python3.10/site-packages/airflow/example_dags/example_branch_python_dop_operator_3.py took 1.011 seconds
[2024-07-12T11:17:45.427+0100] {processor.py:161} INFO - Started process (PID=19087) to work on /home/victor/airflow_env/lib/python3.10/site-packages/airflow/example_dags/example_branch_python_dop_operator_3.py
[2024-07-12T11:17:45.433+0100] {processor.py:830} INFO - Processing file /home/victor/airflow_env/lib/python3.10/site-packages/airflow/example_dags/example_branch_python_dop_operator_3.py for tasks to queue
[2024-07-12T11:17:45.441+0100] {logging_mixin.py:188} INFO - [2024-07-12T11:17:45.439+0100] {dagbag.py:545} INFO - Filling up the DagBag from /home/victor/airflow_env/lib/python3.10/site-packages/airflow/example_dags/example_branch_python_dop_operator_3.py
[2024-07-12T11:17:45.494+0100] {processor.py:840} INFO - DAG(s) 'example_branch_dop_operator_v3' retrieved from /home/victor/airflow_env/lib/python3.10/site-packages/airflow/example_dags/example_branch_python_dop_operator_3.py
[2024-07-12T11:17:45.631+0100] {logging_mixin.py:188} INFO - [2024-07-12T11:17:45.630+0100] {dag.py:3096} INFO - Sync 1 DAGs
[2024-07-12T11:17:45.786+0100] {logging_mixin.py:188} INFO - [2024-07-12T11:17:45.785+0100] {dag.py:3954} INFO - Setting next_dagrun for example_branch_dop_operator_v3 to 2024-07-12 10:16:00+00:00, run_after=2024-07-12 10:17:00+00:00
[2024-07-12T11:17:46.103+0100] {processor.py:183} INFO - Processing /home/victor/airflow_env/lib/python3.10/site-packages/airflow/example_dags/example_branch_python_dop_operator_3.py took 0.708 seconds
[2024-07-12T11:20:50.574+0100] {processor.py:161} INFO - Started process (PID=19853) to work on /home/victor/airflow_env/lib/python3.10/site-packages/airflow/example_dags/example_branch_python_dop_operator_3.py
[2024-07-12T11:20:50.585+0100] {processor.py:830} INFO - Processing file /home/victor/airflow_env/lib/python3.10/site-packages/airflow/example_dags/example_branch_python_dop_operator_3.py for tasks to queue
[2024-07-12T11:20:50.595+0100] {logging_mixin.py:188} INFO - [2024-07-12T11:20:50.593+0100] {dagbag.py:545} INFO - Filling up the DagBag from /home/victor/airflow_env/lib/python3.10/site-packages/airflow/example_dags/example_branch_python_dop_operator_3.py
[2024-07-12T11:20:50.654+0100] {processor.py:840} INFO - DAG(s) 'example_branch_dop_operator_v3' retrieved from /home/victor/airflow_env/lib/python3.10/site-packages/airflow/example_dags/example_branch_python_dop_operator_3.py
[2024-07-12T11:20:50.779+0100] {logging_mixin.py:188} INFO - [2024-07-12T11:20:50.778+0100] {dag.py:3096} INFO - Sync 1 DAGs
[2024-07-12T11:20:50.970+0100] {logging_mixin.py:188} INFO - [2024-07-12T11:20:50.960+0100] {dag.py:3954} INFO - Setting next_dagrun for example_branch_dop_operator_v3 to 2024-07-12 10:19:00+00:00, run_after=2024-07-12 10:20:00+00:00
[2024-07-12T11:20:51.661+0100] {processor.py:183} INFO - Processing /home/victor/airflow_env/lib/python3.10/site-packages/airflow/example_dags/example_branch_python_dop_operator_3.py took 1.118 seconds
[2024-07-12T11:24:13.903+0100] {processor.py:161} INFO - Started process (PID=20693) to work on /home/victor/airflow_env/lib/python3.10/site-packages/airflow/example_dags/example_branch_python_dop_operator_3.py
[2024-07-12T11:24:13.908+0100] {processor.py:830} INFO - Processing file /home/victor/airflow_env/lib/python3.10/site-packages/airflow/example_dags/example_branch_python_dop_operator_3.py for tasks to queue
[2024-07-12T11:24:13.918+0100] {logging_mixin.py:188} INFO - [2024-07-12T11:24:13.915+0100] {dagbag.py:545} INFO - Filling up the DagBag from /home/victor/airflow_env/lib/python3.10/site-packages/airflow/example_dags/example_branch_python_dop_operator_3.py
[2024-07-12T11:24:13.979+0100] {processor.py:840} INFO - DAG(s) 'example_branch_dop_operator_v3' retrieved from /home/victor/airflow_env/lib/python3.10/site-packages/airflow/example_dags/example_branch_python_dop_operator_3.py
[2024-07-12T11:24:14.079+0100] {logging_mixin.py:188} INFO - [2024-07-12T11:24:14.078+0100] {dag.py:3096} INFO - Sync 1 DAGs
[2024-07-12T11:24:14.256+0100] {logging_mixin.py:188} INFO - [2024-07-12T11:24:14.255+0100] {dag.py:3954} INFO - Setting next_dagrun for example_branch_dop_operator_v3 to 2024-07-12 10:23:00+00:00, run_after=2024-07-12 10:24:00+00:00
[2024-07-12T11:24:14.604+0100] {processor.py:183} INFO - Processing /home/victor/airflow_env/lib/python3.10/site-packages/airflow/example_dags/example_branch_python_dop_operator_3.py took 0.735 seconds
[2024-07-12T11:27:35.870+0100] {processor.py:161} INFO - Started process (PID=21517) to work on /home/victor/airflow_env/lib/python3.10/site-packages/airflow/example_dags/example_branch_python_dop_operator_3.py
[2024-07-12T11:27:35.874+0100] {processor.py:830} INFO - Processing file /home/victor/airflow_env/lib/python3.10/site-packages/airflow/example_dags/example_branch_python_dop_operator_3.py for tasks to queue
[2024-07-12T11:27:35.884+0100] {logging_mixin.py:188} INFO - [2024-07-12T11:27:35.881+0100] {dagbag.py:545} INFO - Filling up the DagBag from /home/victor/airflow_env/lib/python3.10/site-packages/airflow/example_dags/example_branch_python_dop_operator_3.py
[2024-07-12T11:27:35.953+0100] {processor.py:840} INFO - DAG(s) 'example_branch_dop_operator_v3' retrieved from /home/victor/airflow_env/lib/python3.10/site-packages/airflow/example_dags/example_branch_python_dop_operator_3.py
[2024-07-12T11:27:36.119+0100] {logging_mixin.py:188} INFO - [2024-07-12T11:27:36.118+0100] {dag.py:3096} INFO - Sync 1 DAGs
[2024-07-12T11:27:36.302+0100] {logging_mixin.py:188} INFO - [2024-07-12T11:27:36.301+0100] {dag.py:3954} INFO - Setting next_dagrun for example_branch_dop_operator_v3 to 2024-07-12 10:26:00+00:00, run_after=2024-07-12 10:27:00+00:00
[2024-07-12T11:27:36.760+0100] {processor.py:183} INFO - Processing /home/victor/airflow_env/lib/python3.10/site-packages/airflow/example_dags/example_branch_python_dop_operator_3.py took 0.923 seconds
[2024-07-12T11:31:22.189+0100] {processor.py:161} INFO - Started process (PID=22431) to work on /home/victor/airflow_env/lib/python3.10/site-packages/airflow/example_dags/example_branch_python_dop_operator_3.py
[2024-07-12T11:31:22.194+0100] {processor.py:830} INFO - Processing file /home/victor/airflow_env/lib/python3.10/site-packages/airflow/example_dags/example_branch_python_dop_operator_3.py for tasks to queue
[2024-07-12T11:31:22.202+0100] {logging_mixin.py:188} INFO - [2024-07-12T11:31:22.200+0100] {dagbag.py:545} INFO - Filling up the DagBag from /home/victor/airflow_env/lib/python3.10/site-packages/airflow/example_dags/example_branch_python_dop_operator_3.py
[2024-07-12T11:31:22.250+0100] {processor.py:840} INFO - DAG(s) 'example_branch_dop_operator_v3' retrieved from /home/victor/airflow_env/lib/python3.10/site-packages/airflow/example_dags/example_branch_python_dop_operator_3.py
[2024-07-12T11:31:22.365+0100] {logging_mixin.py:188} INFO - [2024-07-12T11:31:22.364+0100] {dag.py:3096} INFO - Sync 1 DAGs
[2024-07-12T11:31:22.519+0100] {logging_mixin.py:188} INFO - [2024-07-12T11:31:22.518+0100] {dag.py:3954} INFO - Setting next_dagrun for example_branch_dop_operator_v3 to 2024-07-12 10:30:00+00:00, run_after=2024-07-12 10:31:00+00:00
[2024-07-12T11:31:22.841+0100] {processor.py:183} INFO - Processing /home/victor/airflow_env/lib/python3.10/site-packages/airflow/example_dags/example_branch_python_dop_operator_3.py took 0.703 seconds
[2024-07-12T11:35:40.100+0100] {processor.py:161} INFO - Started process (PID=23873) to work on /home/victor/airflow_env/lib/python3.10/site-packages/airflow/example_dags/example_branch_python_dop_operator_3.py
[2024-07-12T11:35:40.105+0100] {processor.py:830} INFO - Processing file /home/victor/airflow_env/lib/python3.10/site-packages/airflow/example_dags/example_branch_python_dop_operator_3.py for tasks to queue
[2024-07-12T11:35:40.114+0100] {logging_mixin.py:188} INFO - [2024-07-12T11:35:40.113+0100] {dagbag.py:545} INFO - Filling up the DagBag from /home/victor/airflow_env/lib/python3.10/site-packages/airflow/example_dags/example_branch_python_dop_operator_3.py
[2024-07-12T11:35:40.166+0100] {processor.py:840} INFO - DAG(s) 'example_branch_dop_operator_v3' retrieved from /home/victor/airflow_env/lib/python3.10/site-packages/airflow/example_dags/example_branch_python_dop_operator_3.py
[2024-07-12T11:35:40.302+0100] {logging_mixin.py:188} INFO - [2024-07-12T11:35:40.301+0100] {dag.py:3096} INFO - Sync 1 DAGs
[2024-07-12T11:35:40.492+0100] {logging_mixin.py:188} INFO - [2024-07-12T11:35:40.491+0100] {dag.py:3954} INFO - Setting next_dagrun for example_branch_dop_operator_v3 to 2024-07-12 10:34:00+00:00, run_after=2024-07-12 10:35:00+00:00
[2024-07-12T11:35:40.904+0100] {processor.py:183} INFO - Processing /home/victor/airflow_env/lib/python3.10/site-packages/airflow/example_dags/example_branch_python_dop_operator_3.py took 0.837 seconds
[2024-07-12T11:38:34.482+0100] {processor.py:161} INFO - Started process (PID=24632) to work on /home/victor/airflow_env/lib/python3.10/site-packages/airflow/example_dags/example_branch_python_dop_operator_3.py
[2024-07-12T11:38:34.499+0100] {processor.py:830} INFO - Processing file /home/victor/airflow_env/lib/python3.10/site-packages/airflow/example_dags/example_branch_python_dop_operator_3.py for tasks to queue
[2024-07-12T11:38:34.518+0100] {logging_mixin.py:188} INFO - [2024-07-12T11:38:34.516+0100] {dagbag.py:545} INFO - Filling up the DagBag from /home/victor/airflow_env/lib/python3.10/site-packages/airflow/example_dags/example_branch_python_dop_operator_3.py
[2024-07-12T11:38:34.572+0100] {processor.py:840} INFO - DAG(s) 'example_branch_dop_operator_v3' retrieved from /home/victor/airflow_env/lib/python3.10/site-packages/airflow/example_dags/example_branch_python_dop_operator_3.py
[2024-07-12T11:38:34.671+0100] {logging_mixin.py:188} INFO - [2024-07-12T11:38:34.669+0100] {dag.py:3096} INFO - Sync 1 DAGs
[2024-07-12T11:38:34.874+0100] {logging_mixin.py:188} INFO - [2024-07-12T11:38:34.872+0100] {dag.py:3954} INFO - Setting next_dagrun for example_branch_dop_operator_v3 to 2024-07-12 10:37:00+00:00, run_after=2024-07-12 10:38:00+00:00
[2024-07-12T11:38:35.316+0100] {processor.py:183} INFO - Processing /home/victor/airflow_env/lib/python3.10/site-packages/airflow/example_dags/example_branch_python_dop_operator_3.py took 0.879 seconds
[2024-07-12T11:41:38.504+0100] {processor.py:161} INFO - Started process (PID=25380) to work on /home/victor/airflow_env/lib/python3.10/site-packages/airflow/example_dags/example_branch_python_dop_operator_3.py
[2024-07-12T11:41:38.511+0100] {processor.py:830} INFO - Processing file /home/victor/airflow_env/lib/python3.10/site-packages/airflow/example_dags/example_branch_python_dop_operator_3.py for tasks to queue
[2024-07-12T11:41:38.524+0100] {logging_mixin.py:188} INFO - [2024-07-12T11:41:38.522+0100] {dagbag.py:545} INFO - Filling up the DagBag from /home/victor/airflow_env/lib/python3.10/site-packages/airflow/example_dags/example_branch_python_dop_operator_3.py
[2024-07-12T11:41:38.587+0100] {processor.py:840} INFO - DAG(s) 'example_branch_dop_operator_v3' retrieved from /home/victor/airflow_env/lib/python3.10/site-packages/airflow/example_dags/example_branch_python_dop_operator_3.py
[2024-07-12T11:41:38.710+0100] {logging_mixin.py:188} INFO - [2024-07-12T11:41:38.708+0100] {dag.py:3096} INFO - Sync 1 DAGs
[2024-07-12T11:41:38.908+0100] {logging_mixin.py:188} INFO - [2024-07-12T11:41:38.907+0100] {dag.py:3954} INFO - Setting next_dagrun for example_branch_dop_operator_v3 to 2024-07-12 10:40:00+00:00, run_after=2024-07-12 10:41:00+00:00
[2024-07-12T11:41:39.281+0100] {processor.py:183} INFO - Processing /home/victor/airflow_env/lib/python3.10/site-packages/airflow/example_dags/example_branch_python_dop_operator_3.py took 0.816 seconds
[2024-07-12T11:44:29.243+0100] {processor.py:161} INFO - Started process (PID=26084) to work on /home/victor/airflow_env/lib/python3.10/site-packages/airflow/example_dags/example_branch_python_dop_operator_3.py
[2024-07-12T11:44:29.248+0100] {processor.py:830} INFO - Processing file /home/victor/airflow_env/lib/python3.10/site-packages/airflow/example_dags/example_branch_python_dop_operator_3.py for tasks to queue
[2024-07-12T11:44:29.256+0100] {logging_mixin.py:188} INFO - [2024-07-12T11:44:29.254+0100] {dagbag.py:545} INFO - Filling up the DagBag from /home/victor/airflow_env/lib/python3.10/site-packages/airflow/example_dags/example_branch_python_dop_operator_3.py
[2024-07-12T11:44:29.311+0100] {processor.py:840} INFO - DAG(s) 'example_branch_dop_operator_v3' retrieved from /home/victor/airflow_env/lib/python3.10/site-packages/airflow/example_dags/example_branch_python_dop_operator_3.py
[2024-07-12T11:44:29.453+0100] {logging_mixin.py:188} INFO - [2024-07-12T11:44:29.451+0100] {dag.py:3096} INFO - Sync 1 DAGs
[2024-07-12T11:44:29.621+0100] {logging_mixin.py:188} INFO - [2024-07-12T11:44:29.620+0100] {dag.py:3954} INFO - Setting next_dagrun for example_branch_dop_operator_v3 to 2024-07-12 10:43:00+00:00, run_after=2024-07-12 10:44:00+00:00
[2024-07-12T11:44:30.018+0100] {processor.py:183} INFO - Processing /home/victor/airflow_env/lib/python3.10/site-packages/airflow/example_dags/example_branch_python_dop_operator_3.py took 0.805 seconds
[2024-07-12T11:47:15.075+0100] {processor.py:161} INFO - Started process (PID=26778) to work on /home/victor/airflow_env/lib/python3.10/site-packages/airflow/example_dags/example_branch_python_dop_operator_3.py
[2024-07-12T11:47:15.080+0100] {processor.py:830} INFO - Processing file /home/victor/airflow_env/lib/python3.10/site-packages/airflow/example_dags/example_branch_python_dop_operator_3.py for tasks to queue
[2024-07-12T11:47:15.088+0100] {logging_mixin.py:188} INFO - [2024-07-12T11:47:15.086+0100] {dagbag.py:545} INFO - Filling up the DagBag from /home/victor/airflow_env/lib/python3.10/site-packages/airflow/example_dags/example_branch_python_dop_operator_3.py
[2024-07-12T11:47:15.147+0100] {processor.py:840} INFO - DAG(s) 'example_branch_dop_operator_v3' retrieved from /home/victor/airflow_env/lib/python3.10/site-packages/airflow/example_dags/example_branch_python_dop_operator_3.py
[2024-07-12T11:47:15.252+0100] {logging_mixin.py:188} INFO - [2024-07-12T11:47:15.251+0100] {dag.py:3096} INFO - Sync 1 DAGs
[2024-07-12T11:47:15.413+0100] {logging_mixin.py:188} INFO - [2024-07-12T11:47:15.412+0100] {dag.py:3954} INFO - Setting next_dagrun for example_branch_dop_operator_v3 to 2024-07-12 10:46:00+00:00, run_after=2024-07-12 10:47:00+00:00
[2024-07-12T11:47:15.795+0100] {processor.py:183} INFO - Processing /home/victor/airflow_env/lib/python3.10/site-packages/airflow/example_dags/example_branch_python_dop_operator_3.py took 0.753 seconds
[2024-07-12T11:50:29.433+0100] {processor.py:161} INFO - Started process (PID=27575) to work on /home/victor/airflow_env/lib/python3.10/site-packages/airflow/example_dags/example_branch_python_dop_operator_3.py
[2024-07-12T11:50:29.437+0100] {processor.py:830} INFO - Processing file /home/victor/airflow_env/lib/python3.10/site-packages/airflow/example_dags/example_branch_python_dop_operator_3.py for tasks to queue
[2024-07-12T11:50:29.445+0100] {logging_mixin.py:188} INFO - [2024-07-12T11:50:29.443+0100] {dagbag.py:545} INFO - Filling up the DagBag from /home/victor/airflow_env/lib/python3.10/site-packages/airflow/example_dags/example_branch_python_dop_operator_3.py
[2024-07-12T11:50:29.496+0100] {processor.py:840} INFO - DAG(s) 'example_branch_dop_operator_v3' retrieved from /home/victor/airflow_env/lib/python3.10/site-packages/airflow/example_dags/example_branch_python_dop_operator_3.py
[2024-07-12T11:50:29.596+0100] {logging_mixin.py:188} INFO - [2024-07-12T11:50:29.595+0100] {dag.py:3096} INFO - Sync 1 DAGs
[2024-07-12T11:50:29.749+0100] {logging_mixin.py:188} INFO - [2024-07-12T11:50:29.748+0100] {dag.py:3954} INFO - Setting next_dagrun for example_branch_dop_operator_v3 to 2024-07-12 10:49:00+00:00, run_after=2024-07-12 10:50:00+00:00
[2024-07-12T11:50:30.017+0100] {processor.py:183} INFO - Processing /home/victor/airflow_env/lib/python3.10/site-packages/airflow/example_dags/example_branch_python_dop_operator_3.py took 0.622 seconds
[2024-07-12T11:53:10.990+0100] {processor.py:161} INFO - Started process (PID=28244) to work on /home/victor/airflow_env/lib/python3.10/site-packages/airflow/example_dags/example_branch_python_dop_operator_3.py
[2024-07-12T11:53:10.995+0100] {processor.py:830} INFO - Processing file /home/victor/airflow_env/lib/python3.10/site-packages/airflow/example_dags/example_branch_python_dop_operator_3.py for tasks to queue
[2024-07-12T11:53:11.006+0100] {logging_mixin.py:188} INFO - [2024-07-12T11:53:11.004+0100] {dagbag.py:545} INFO - Filling up the DagBag from /home/victor/airflow_env/lib/python3.10/site-packages/airflow/example_dags/example_branch_python_dop_operator_3.py
[2024-07-12T11:53:11.056+0100] {processor.py:840} INFO - DAG(s) 'example_branch_dop_operator_v3' retrieved from /home/victor/airflow_env/lib/python3.10/site-packages/airflow/example_dags/example_branch_python_dop_operator_3.py
[2024-07-12T11:53:11.165+0100] {logging_mixin.py:188} INFO - [2024-07-12T11:53:11.164+0100] {dag.py:3096} INFO - Sync 1 DAGs
[2024-07-12T11:53:11.327+0100] {logging_mixin.py:188} INFO - [2024-07-12T11:53:11.326+0100] {dag.py:3954} INFO - Setting next_dagrun for example_branch_dop_operator_v3 to 2024-07-12 10:52:00+00:00, run_after=2024-07-12 10:53:00+00:00
[2024-07-12T11:53:11.648+0100] {processor.py:183} INFO - Processing /home/victor/airflow_env/lib/python3.10/site-packages/airflow/example_dags/example_branch_python_dop_operator_3.py took 0.700 seconds
[2024-07-12T11:55:53.947+0100] {processor.py:161} INFO - Started process (PID=28917) to work on /home/victor/airflow_env/lib/python3.10/site-packages/airflow/example_dags/example_branch_python_dop_operator_3.py
[2024-07-12T11:55:53.952+0100] {processor.py:830} INFO - Processing file /home/victor/airflow_env/lib/python3.10/site-packages/airflow/example_dags/example_branch_python_dop_operator_3.py for tasks to queue
[2024-07-12T11:55:53.959+0100] {logging_mixin.py:188} INFO - [2024-07-12T11:55:53.958+0100] {dagbag.py:545} INFO - Filling up the DagBag from /home/victor/airflow_env/lib/python3.10/site-packages/airflow/example_dags/example_branch_python_dop_operator_3.py
[2024-07-12T11:55:54.006+0100] {processor.py:840} INFO - DAG(s) 'example_branch_dop_operator_v3' retrieved from /home/victor/airflow_env/lib/python3.10/site-packages/airflow/example_dags/example_branch_python_dop_operator_3.py
[2024-07-12T11:55:54.121+0100] {logging_mixin.py:188} INFO - [2024-07-12T11:55:54.120+0100] {dag.py:3096} INFO - Sync 1 DAGs
[2024-07-12T11:55:54.337+0100] {logging_mixin.py:188} INFO - [2024-07-12T11:55:54.336+0100] {dag.py:3954} INFO - Setting next_dagrun for example_branch_dop_operator_v3 to 2024-07-12 10:54:00+00:00, run_after=2024-07-12 10:55:00+00:00
[2024-07-12T11:55:54.698+0100] {processor.py:183} INFO - Processing /home/victor/airflow_env/lib/python3.10/site-packages/airflow/example_dags/example_branch_python_dop_operator_3.py took 0.784 seconds
[2024-07-12T11:58:45.308+0100] {processor.py:161} INFO - Started process (PID=29619) to work on /home/victor/airflow_env/lib/python3.10/site-packages/airflow/example_dags/example_branch_python_dop_operator_3.py
[2024-07-12T11:58:45.313+0100] {processor.py:830} INFO - Processing file /home/victor/airflow_env/lib/python3.10/site-packages/airflow/example_dags/example_branch_python_dop_operator_3.py for tasks to queue
[2024-07-12T11:58:45.328+0100] {logging_mixin.py:188} INFO - [2024-07-12T11:58:45.321+0100] {dagbag.py:545} INFO - Filling up the DagBag from /home/victor/airflow_env/lib/python3.10/site-packages/airflow/example_dags/example_branch_python_dop_operator_3.py
[2024-07-12T11:58:45.389+0100] {processor.py:840} INFO - DAG(s) 'example_branch_dop_operator_v3' retrieved from /home/victor/airflow_env/lib/python3.10/site-packages/airflow/example_dags/example_branch_python_dop_operator_3.py
[2024-07-12T11:58:45.507+0100] {logging_mixin.py:188} INFO - [2024-07-12T11:58:45.506+0100] {dag.py:3096} INFO - Sync 1 DAGs
[2024-07-12T11:58:45.759+0100] {logging_mixin.py:188} INFO - [2024-07-12T11:58:45.758+0100] {dag.py:3954} INFO - Setting next_dagrun for example_branch_dop_operator_v3 to 2024-07-12 10:57:00+00:00, run_after=2024-07-12 10:58:00+00:00
[2024-07-12T11:58:46.128+0100] {processor.py:183} INFO - Processing /home/victor/airflow_env/lib/python3.10/site-packages/airflow/example_dags/example_branch_python_dop_operator_3.py took 0.855 seconds
[2024-07-12T12:01:41.528+0100] {processor.py:161} INFO - Started process (PID=30339) to work on /home/victor/airflow_env/lib/python3.10/site-packages/airflow/example_dags/example_branch_python_dop_operator_3.py
[2024-07-12T12:01:41.542+0100] {processor.py:830} INFO - Processing file /home/victor/airflow_env/lib/python3.10/site-packages/airflow/example_dags/example_branch_python_dop_operator_3.py for tasks to queue
[2024-07-12T12:01:41.564+0100] {logging_mixin.py:188} INFO - [2024-07-12T12:01:41.562+0100] {dagbag.py:545} INFO - Filling up the DagBag from /home/victor/airflow_env/lib/python3.10/site-packages/airflow/example_dags/example_branch_python_dop_operator_3.py
[2024-07-12T12:01:41.657+0100] {processor.py:840} INFO - DAG(s) 'example_branch_dop_operator_v3' retrieved from /home/victor/airflow_env/lib/python3.10/site-packages/airflow/example_dags/example_branch_python_dop_operator_3.py
[2024-07-12T12:01:41.841+0100] {logging_mixin.py:188} INFO - [2024-07-12T12:01:41.839+0100] {dag.py:3096} INFO - Sync 1 DAGs
[2024-07-12T12:01:42.452+0100] {logging_mixin.py:188} INFO - [2024-07-12T12:01:42.448+0100] {dag.py:3954} INFO - Setting next_dagrun for example_branch_dop_operator_v3 to 2024-07-12 11:00:00+00:00, run_after=2024-07-12 11:01:00+00:00
[2024-07-12T12:01:43.119+0100] {processor.py:183} INFO - Processing /home/victor/airflow_env/lib/python3.10/site-packages/airflow/example_dags/example_branch_python_dop_operator_3.py took 1.681 seconds
[2024-07-12T12:04:55.624+0100] {processor.py:161} INFO - Started process (PID=31128) to work on /home/victor/airflow_env/lib/python3.10/site-packages/airflow/example_dags/example_branch_python_dop_operator_3.py
[2024-07-12T12:04:55.633+0100] {processor.py:830} INFO - Processing file /home/victor/airflow_env/lib/python3.10/site-packages/airflow/example_dags/example_branch_python_dop_operator_3.py for tasks to queue
[2024-07-12T12:04:55.643+0100] {logging_mixin.py:188} INFO - [2024-07-12T12:04:55.640+0100] {dagbag.py:545} INFO - Filling up the DagBag from /home/victor/airflow_env/lib/python3.10/site-packages/airflow/example_dags/example_branch_python_dop_operator_3.py
[2024-07-12T12:04:55.704+0100] {processor.py:840} INFO - DAG(s) 'example_branch_dop_operator_v3' retrieved from /home/victor/airflow_env/lib/python3.10/site-packages/airflow/example_dags/example_branch_python_dop_operator_3.py
[2024-07-12T12:04:55.827+0100] {logging_mixin.py:188} INFO - [2024-07-12T12:04:55.824+0100] {dag.py:3096} INFO - Sync 1 DAGs
[2024-07-12T12:04:55.980+0100] {logging_mixin.py:188} INFO - [2024-07-12T12:04:55.979+0100] {dag.py:3954} INFO - Setting next_dagrun for example_branch_dop_operator_v3 to 2024-07-12 11:03:00+00:00, run_after=2024-07-12 11:04:00+00:00
[2024-07-12T12:04:56.367+0100] {processor.py:183} INFO - Processing /home/victor/airflow_env/lib/python3.10/site-packages/airflow/example_dags/example_branch_python_dop_operator_3.py took 0.805 seconds
[2024-07-12T12:07:39.510+0100] {processor.py:161} INFO - Started process (PID=31804) to work on /home/victor/airflow_env/lib/python3.10/site-packages/airflow/example_dags/example_branch_python_dop_operator_3.py
[2024-07-12T12:07:39.574+0100] {processor.py:830} INFO - Processing file /home/victor/airflow_env/lib/python3.10/site-packages/airflow/example_dags/example_branch_python_dop_operator_3.py for tasks to queue
[2024-07-12T12:07:39.589+0100] {logging_mixin.py:188} INFO - [2024-07-12T12:07:39.587+0100] {dagbag.py:545} INFO - Filling up the DagBag from /home/victor/airflow_env/lib/python3.10/site-packages/airflow/example_dags/example_branch_python_dop_operator_3.py
[2024-07-12T12:07:39.719+0100] {processor.py:840} INFO - DAG(s) 'example_branch_dop_operator_v3' retrieved from /home/victor/airflow_env/lib/python3.10/site-packages/airflow/example_dags/example_branch_python_dop_operator_3.py
[2024-07-12T12:07:39.977+0100] {logging_mixin.py:188} INFO - [2024-07-12T12:07:39.976+0100] {dag.py:3096} INFO - Sync 1 DAGs
[2024-07-12T12:07:40.274+0100] {logging_mixin.py:188} INFO - [2024-07-12T12:07:40.272+0100] {dag.py:3954} INFO - Setting next_dagrun for example_branch_dop_operator_v3 to 2024-07-12 11:06:00+00:00, run_after=2024-07-12 11:07:00+00:00
[2024-07-12T12:07:41.276+0100] {processor.py:183} INFO - Processing /home/victor/airflow_env/lib/python3.10/site-packages/airflow/example_dags/example_branch_python_dop_operator_3.py took 1.827 seconds
[2024-07-12T12:10:35.028+0100] {processor.py:161} INFO - Started process (PID=32529) to work on /home/victor/airflow_env/lib/python3.10/site-packages/airflow/example_dags/example_branch_python_dop_operator_3.py
[2024-07-12T12:10:35.050+0100] {processor.py:830} INFO - Processing file /home/victor/airflow_env/lib/python3.10/site-packages/airflow/example_dags/example_branch_python_dop_operator_3.py for tasks to queue
[2024-07-12T12:10:35.078+0100] {logging_mixin.py:188} INFO - [2024-07-12T12:10:35.076+0100] {dagbag.py:545} INFO - Filling up the DagBag from /home/victor/airflow_env/lib/python3.10/site-packages/airflow/example_dags/example_branch_python_dop_operator_3.py
[2024-07-12T12:10:35.139+0100] {processor.py:840} INFO - DAG(s) 'example_branch_dop_operator_v3' retrieved from /home/victor/airflow_env/lib/python3.10/site-packages/airflow/example_dags/example_branch_python_dop_operator_3.py
[2024-07-12T12:10:35.272+0100] {logging_mixin.py:188} INFO - [2024-07-12T12:10:35.271+0100] {dag.py:3096} INFO - Sync 1 DAGs
[2024-07-12T12:10:35.498+0100] {logging_mixin.py:188} INFO - [2024-07-12T12:10:35.497+0100] {dag.py:3954} INFO - Setting next_dagrun for example_branch_dop_operator_v3 to 2024-07-12 11:09:00+00:00, run_after=2024-07-12 11:10:00+00:00
[2024-07-12T12:10:35.851+0100] {processor.py:183} INFO - Processing /home/victor/airflow_env/lib/python3.10/site-packages/airflow/example_dags/example_branch_python_dop_operator_3.py took 0.864 seconds
[2024-07-12T12:13:21.579+0100] {processor.py:161} INFO - Started process (PID=33219) to work on /home/victor/airflow_env/lib/python3.10/site-packages/airflow/example_dags/example_branch_python_dop_operator_3.py
[2024-07-12T12:13:21.586+0100] {processor.py:830} INFO - Processing file /home/victor/airflow_env/lib/python3.10/site-packages/airflow/example_dags/example_branch_python_dop_operator_3.py for tasks to queue
[2024-07-12T12:13:21.594+0100] {logging_mixin.py:188} INFO - [2024-07-12T12:13:21.592+0100] {dagbag.py:545} INFO - Filling up the DagBag from /home/victor/airflow_env/lib/python3.10/site-packages/airflow/example_dags/example_branch_python_dop_operator_3.py
[2024-07-12T12:13:21.654+0100] {processor.py:840} INFO - DAG(s) 'example_branch_dop_operator_v3' retrieved from /home/victor/airflow_env/lib/python3.10/site-packages/airflow/example_dags/example_branch_python_dop_operator_3.py
[2024-07-12T12:13:21.830+0100] {logging_mixin.py:188} INFO - [2024-07-12T12:13:21.829+0100] {dag.py:3096} INFO - Sync 1 DAGs
[2024-07-12T12:13:22.004+0100] {logging_mixin.py:188} INFO - [2024-07-12T12:13:22.003+0100] {dag.py:3954} INFO - Setting next_dagrun for example_branch_dop_operator_v3 to 2024-07-12 11:12:00+00:00, run_after=2024-07-12 11:13:00+00:00
[2024-07-12T12:13:22.307+0100] {processor.py:183} INFO - Processing /home/victor/airflow_env/lib/python3.10/site-packages/airflow/example_dags/example_branch_python_dop_operator_3.py took 0.761 seconds
[2024-07-12T12:16:39.881+0100] {processor.py:161} INFO - Started process (PID=34020) to work on /home/victor/airflow_env/lib/python3.10/site-packages/airflow/example_dags/example_branch_python_dop_operator_3.py
[2024-07-12T12:16:39.886+0100] {processor.py:830} INFO - Processing file /home/victor/airflow_env/lib/python3.10/site-packages/airflow/example_dags/example_branch_python_dop_operator_3.py for tasks to queue
[2024-07-12T12:16:39.894+0100] {logging_mixin.py:188} INFO - [2024-07-12T12:16:39.892+0100] {dagbag.py:545} INFO - Filling up the DagBag from /home/victor/airflow_env/lib/python3.10/site-packages/airflow/example_dags/example_branch_python_dop_operator_3.py
[2024-07-12T12:16:39.960+0100] {processor.py:840} INFO - DAG(s) 'example_branch_dop_operator_v3' retrieved from /home/victor/airflow_env/lib/python3.10/site-packages/airflow/example_dags/example_branch_python_dop_operator_3.py
[2024-07-12T12:16:40.086+0100] {logging_mixin.py:188} INFO - [2024-07-12T12:16:40.084+0100] {dag.py:3096} INFO - Sync 1 DAGs
[2024-07-12T12:16:40.233+0100] {logging_mixin.py:188} INFO - [2024-07-12T12:16:40.232+0100] {dag.py:3954} INFO - Setting next_dagrun for example_branch_dop_operator_v3 to 2024-07-12 11:15:00+00:00, run_after=2024-07-12 11:16:00+00:00
[2024-07-12T12:16:40.575+0100] {processor.py:183} INFO - Processing /home/victor/airflow_env/lib/python3.10/site-packages/airflow/example_dags/example_branch_python_dop_operator_3.py took 0.726 seconds
[2024-07-12T12:20:18.986+0100] {processor.py:161} INFO - Started process (PID=34907) to work on /home/victor/airflow_env/lib/python3.10/site-packages/airflow/example_dags/example_branch_python_dop_operator_3.py
[2024-07-12T12:20:18.991+0100] {processor.py:830} INFO - Processing file /home/victor/airflow_env/lib/python3.10/site-packages/airflow/example_dags/example_branch_python_dop_operator_3.py for tasks to queue
[2024-07-12T12:20:19.000+0100] {logging_mixin.py:188} INFO - [2024-07-12T12:20:18.998+0100] {dagbag.py:545} INFO - Filling up the DagBag from /home/victor/airflow_env/lib/python3.10/site-packages/airflow/example_dags/example_branch_python_dop_operator_3.py
[2024-07-12T12:20:19.049+0100] {processor.py:840} INFO - DAG(s) 'example_branch_dop_operator_v3' retrieved from /home/victor/airflow_env/lib/python3.10/site-packages/airflow/example_dags/example_branch_python_dop_operator_3.py
[2024-07-12T12:20:19.146+0100] {logging_mixin.py:188} INFO - [2024-07-12T12:20:19.145+0100] {dag.py:3096} INFO - Sync 1 DAGs
[2024-07-12T12:20:19.339+0100] {logging_mixin.py:188} INFO - [2024-07-12T12:20:19.338+0100] {dag.py:3954} INFO - Setting next_dagrun for example_branch_dop_operator_v3 to 2024-07-12 11:19:00+00:00, run_after=2024-07-12 11:20:00+00:00
[2024-07-12T12:20:19.735+0100] {processor.py:183} INFO - Processing /home/victor/airflow_env/lib/python3.10/site-packages/airflow/example_dags/example_branch_python_dop_operator_3.py took 0.782 seconds
[2024-07-12T12:23:16.671+0100] {processor.py:161} INFO - Started process (PID=35636) to work on /home/victor/airflow_env/lib/python3.10/site-packages/airflow/example_dags/example_branch_python_dop_operator_3.py
[2024-07-12T12:23:16.681+0100] {processor.py:830} INFO - Processing file /home/victor/airflow_env/lib/python3.10/site-packages/airflow/example_dags/example_branch_python_dop_operator_3.py for tasks to queue
[2024-07-12T12:23:16.691+0100] {logging_mixin.py:188} INFO - [2024-07-12T12:23:16.689+0100] {dagbag.py:545} INFO - Filling up the DagBag from /home/victor/airflow_env/lib/python3.10/site-packages/airflow/example_dags/example_branch_python_dop_operator_3.py
[2024-07-12T12:23:16.747+0100] {processor.py:840} INFO - DAG(s) 'example_branch_dop_operator_v3' retrieved from /home/victor/airflow_env/lib/python3.10/site-packages/airflow/example_dags/example_branch_python_dop_operator_3.py
[2024-07-12T12:23:16.864+0100] {logging_mixin.py:188} INFO - [2024-07-12T12:23:16.863+0100] {dag.py:3096} INFO - Sync 1 DAGs
[2024-07-12T12:23:17.024+0100] {logging_mixin.py:188} INFO - [2024-07-12T12:23:17.023+0100] {dag.py:3954} INFO - Setting next_dagrun for example_branch_dop_operator_v3 to 2024-07-12 11:22:00+00:00, run_after=2024-07-12 11:23:00+00:00
[2024-07-12T12:23:17.340+0100] {processor.py:183} INFO - Processing /home/victor/airflow_env/lib/python3.10/site-packages/airflow/example_dags/example_branch_python_dop_operator_3.py took 0.712 seconds
[2024-07-12T12:26:33.457+0100] {processor.py:161} INFO - Started process (PID=36433) to work on /home/victor/airflow_env/lib/python3.10/site-packages/airflow/example_dags/example_branch_python_dop_operator_3.py
[2024-07-12T12:26:33.462+0100] {processor.py:830} INFO - Processing file /home/victor/airflow_env/lib/python3.10/site-packages/airflow/example_dags/example_branch_python_dop_operator_3.py for tasks to queue
[2024-07-12T12:26:33.472+0100] {logging_mixin.py:188} INFO - [2024-07-12T12:26:33.471+0100] {dagbag.py:545} INFO - Filling up the DagBag from /home/victor/airflow_env/lib/python3.10/site-packages/airflow/example_dags/example_branch_python_dop_operator_3.py
[2024-07-12T12:26:33.543+0100] {processor.py:840} INFO - DAG(s) 'example_branch_dop_operator_v3' retrieved from /home/victor/airflow_env/lib/python3.10/site-packages/airflow/example_dags/example_branch_python_dop_operator_3.py
[2024-07-12T12:26:33.648+0100] {logging_mixin.py:188} INFO - [2024-07-12T12:26:33.647+0100] {dag.py:3096} INFO - Sync 1 DAGs
[2024-07-12T12:26:33.837+0100] {logging_mixin.py:188} INFO - [2024-07-12T12:26:33.836+0100] {dag.py:3954} INFO - Setting next_dagrun for example_branch_dop_operator_v3 to 2024-07-12 11:25:00+00:00, run_after=2024-07-12 11:26:00+00:00
[2024-07-12T12:26:34.149+0100] {processor.py:183} INFO - Processing /home/victor/airflow_env/lib/python3.10/site-packages/airflow/example_dags/example_branch_python_dop_operator_3.py took 0.723 seconds
[2024-07-12T12:29:28.576+0100] {processor.py:161} INFO - Started process (PID=37152) to work on /home/victor/airflow_env/lib/python3.10/site-packages/airflow/example_dags/example_branch_python_dop_operator_3.py
[2024-07-12T12:29:28.592+0100] {processor.py:830} INFO - Processing file /home/victor/airflow_env/lib/python3.10/site-packages/airflow/example_dags/example_branch_python_dop_operator_3.py for tasks to queue
[2024-07-12T12:29:28.605+0100] {logging_mixin.py:188} INFO - [2024-07-12T12:29:28.603+0100] {dagbag.py:545} INFO - Filling up the DagBag from /home/victor/airflow_env/lib/python3.10/site-packages/airflow/example_dags/example_branch_python_dop_operator_3.py
[2024-07-12T12:29:28.688+0100] {processor.py:840} INFO - DAG(s) 'example_branch_dop_operator_v3' retrieved from /home/victor/airflow_env/lib/python3.10/site-packages/airflow/example_dags/example_branch_python_dop_operator_3.py
[2024-07-12T12:29:28.862+0100] {logging_mixin.py:188} INFO - [2024-07-12T12:29:28.860+0100] {dag.py:3096} INFO - Sync 1 DAGs
[2024-07-12T12:29:29.374+0100] {logging_mixin.py:188} INFO - [2024-07-12T12:29:29.372+0100] {dag.py:3954} INFO - Setting next_dagrun for example_branch_dop_operator_v3 to 2024-07-12 11:28:00+00:00, run_after=2024-07-12 11:29:00+00:00
[2024-07-12T12:29:30.010+0100] {processor.py:183} INFO - Processing /home/victor/airflow_env/lib/python3.10/site-packages/airflow/example_dags/example_branch_python_dop_operator_3.py took 1.514 seconds
[2024-07-12T12:32:32.014+0100] {processor.py:161} INFO - Started process (PID=37903) to work on /home/victor/airflow_env/lib/python3.10/site-packages/airflow/example_dags/example_branch_python_dop_operator_3.py
[2024-07-12T12:32:32.019+0100] {processor.py:830} INFO - Processing file /home/victor/airflow_env/lib/python3.10/site-packages/airflow/example_dags/example_branch_python_dop_operator_3.py for tasks to queue
[2024-07-12T12:32:32.027+0100] {logging_mixin.py:188} INFO - [2024-07-12T12:32:32.025+0100] {dagbag.py:545} INFO - Filling up the DagBag from /home/victor/airflow_env/lib/python3.10/site-packages/airflow/example_dags/example_branch_python_dop_operator_3.py
[2024-07-12T12:32:32.083+0100] {processor.py:840} INFO - DAG(s) 'example_branch_dop_operator_v3' retrieved from /home/victor/airflow_env/lib/python3.10/site-packages/airflow/example_dags/example_branch_python_dop_operator_3.py
[2024-07-12T12:32:32.249+0100] {logging_mixin.py:188} INFO - [2024-07-12T12:32:32.248+0100] {dag.py:3096} INFO - Sync 1 DAGs
[2024-07-12T12:32:32.493+0100] {logging_mixin.py:188} INFO - [2024-07-12T12:32:32.492+0100] {dag.py:3954} INFO - Setting next_dagrun for example_branch_dop_operator_v3 to 2024-07-12 11:31:00+00:00, run_after=2024-07-12 11:32:00+00:00
[2024-07-12T12:32:32.902+0100] {processor.py:183} INFO - Processing /home/victor/airflow_env/lib/python3.10/site-packages/airflow/example_dags/example_branch_python_dop_operator_3.py took 0.921 seconds
