[2024-07-12T11:04:35.184+0100] {processor.py:161} INFO - Started process (PID=15914) to work on /home/victor/airflow_env/lib/python3.10/site-packages/airflow/example_dags/example_trigger_target_dag.py
[2024-07-12T11:04:35.190+0100] {processor.py:830} INFO - Processing file /home/victor/airflow_env/lib/python3.10/site-packages/airflow/example_dags/example_trigger_target_dag.py for tasks to queue
[2024-07-12T11:04:35.199+0100] {logging_mixin.py:188} INFO - [2024-07-12T11:04:35.197+0100] {dagbag.py:545} INFO - Filling up the DagBag from /home/victor/airflow_env/lib/python3.10/site-packages/airflow/example_dags/example_trigger_target_dag.py
[2024-07-12T11:04:35.252+0100] {processor.py:840} INFO - DAG(s) 'example_trigger_target_dag' retrieved from /home/victor/airflow_env/lib/python3.10/site-packages/airflow/example_dags/example_trigger_target_dag.py
[2024-07-12T11:04:36.552+0100] {logging_mixin.py:188} INFO - [2024-07-12T11:04:36.549+0100] {override.py:1847} INFO - Created Permission View: can edit on DAG:example_trigger_target_dag
[2024-07-12T11:04:36.768+0100] {logging_mixin.py:188} INFO - [2024-07-12T11:04:36.766+0100] {override.py:1847} INFO - Created Permission View: can read on DAG:example_trigger_target_dag
[2024-07-12T11:04:37.013+0100] {logging_mixin.py:188} INFO - [2024-07-12T11:04:37.010+0100] {override.py:1847} INFO - Created Permission View: can delete on DAG:example_trigger_target_dag
[2024-07-12T11:04:37.017+0100] {logging_mixin.py:188} INFO - [2024-07-12T11:04:37.015+0100] {dag.py:3096} INFO - Sync 1 DAGs
[2024-07-12T11:04:37.096+0100] {logging_mixin.py:188} INFO - [2024-07-12T11:04:37.095+0100] {dag.py:3118} INFO - Creating ORM DAG for example_trigger_target_dag
[2024-07-12T11:04:37.100+0100] {logging_mixin.py:188} INFO - [2024-07-12T11:04:37.099+0100] {dag.py:3954} INFO - Setting next_dagrun for example_trigger_target_dag to None, run_after=None
[2024-07-12T11:04:37.654+0100] {processor.py:183} INFO - Processing /home/victor/airflow_env/lib/python3.10/site-packages/airflow/example_dags/example_trigger_target_dag.py took 2.502 seconds
[2024-07-12T11:07:44.146+0100] {processor.py:161} INFO - Started process (PID=16664) to work on /home/victor/airflow_env/lib/python3.10/site-packages/airflow/example_dags/example_trigger_target_dag.py
[2024-07-12T11:07:44.151+0100] {processor.py:830} INFO - Processing file /home/victor/airflow_env/lib/python3.10/site-packages/airflow/example_dags/example_trigger_target_dag.py for tasks to queue
[2024-07-12T11:07:44.160+0100] {logging_mixin.py:188} INFO - [2024-07-12T11:07:44.159+0100] {dagbag.py:545} INFO - Filling up the DagBag from /home/victor/airflow_env/lib/python3.10/site-packages/airflow/example_dags/example_trigger_target_dag.py
[2024-07-12T11:07:44.192+0100] {processor.py:840} INFO - DAG(s) 'example_trigger_target_dag' retrieved from /home/victor/airflow_env/lib/python3.10/site-packages/airflow/example_dags/example_trigger_target_dag.py
[2024-07-12T11:07:44.299+0100] {logging_mixin.py:188} INFO - [2024-07-12T11:07:44.298+0100] {dag.py:3096} INFO - Sync 1 DAGs
[2024-07-12T11:07:44.391+0100] {logging_mixin.py:188} INFO - [2024-07-12T11:07:44.390+0100] {dag.py:3954} INFO - Setting next_dagrun for example_trigger_target_dag to None, run_after=None
[2024-07-12T11:07:44.688+0100] {processor.py:183} INFO - Processing /home/victor/airflow_env/lib/python3.10/site-packages/airflow/example_dags/example_trigger_target_dag.py took 0.571 seconds
[2024-07-12T11:10:19.738+0100] {processor.py:161} INFO - Started process (PID=17272) to work on /home/victor/airflow_env/lib/python3.10/site-packages/airflow/example_dags/example_trigger_target_dag.py
[2024-07-12T11:10:19.743+0100] {processor.py:830} INFO - Processing file /home/victor/airflow_env/lib/python3.10/site-packages/airflow/example_dags/example_trigger_target_dag.py for tasks to queue
[2024-07-12T11:10:19.751+0100] {logging_mixin.py:188} INFO - [2024-07-12T11:10:19.749+0100] {dagbag.py:545} INFO - Filling up the DagBag from /home/victor/airflow_env/lib/python3.10/site-packages/airflow/example_dags/example_trigger_target_dag.py
[2024-07-12T11:10:19.790+0100] {processor.py:840} INFO - DAG(s) 'example_trigger_target_dag' retrieved from /home/victor/airflow_env/lib/python3.10/site-packages/airflow/example_dags/example_trigger_target_dag.py
[2024-07-12T11:10:19.898+0100] {logging_mixin.py:188} INFO - [2024-07-12T11:10:19.898+0100] {dag.py:3096} INFO - Sync 1 DAGs
[2024-07-12T11:10:19.971+0100] {logging_mixin.py:188} INFO - [2024-07-12T11:10:19.968+0100] {dag.py:3954} INFO - Setting next_dagrun for example_trigger_target_dag to None, run_after=None
[2024-07-12T11:10:20.602+0100] {processor.py:183} INFO - Processing /home/victor/airflow_env/lib/python3.10/site-packages/airflow/example_dags/example_trigger_target_dag.py took 0.893 seconds
[2024-07-12T11:12:18.620+0100] {processor.py:161} INFO - Started process (PID=17755) to work on /home/victor/airflow_env/lib/python3.10/site-packages/airflow/example_dags/example_trigger_target_dag.py
[2024-07-12T11:12:18.626+0100] {processor.py:830} INFO - Processing file /home/victor/airflow_env/lib/python3.10/site-packages/airflow/example_dags/example_trigger_target_dag.py for tasks to queue
[2024-07-12T11:12:18.637+0100] {logging_mixin.py:188} INFO - [2024-07-12T11:12:18.635+0100] {dagbag.py:545} INFO - Filling up the DagBag from /home/victor/airflow_env/lib/python3.10/site-packages/airflow/example_dags/example_trigger_target_dag.py
[2024-07-12T11:12:18.675+0100] {processor.py:840} INFO - DAG(s) 'example_trigger_target_dag' retrieved from /home/victor/airflow_env/lib/python3.10/site-packages/airflow/example_dags/example_trigger_target_dag.py
[2024-07-12T11:12:18.910+0100] {logging_mixin.py:188} INFO - [2024-07-12T11:12:18.906+0100] {dag.py:3096} INFO - Sync 1 DAGs
[2024-07-12T11:12:19.102+0100] {logging_mixin.py:188} INFO - [2024-07-12T11:12:19.100+0100] {dag.py:3954} INFO - Setting next_dagrun for example_trigger_target_dag to None, run_after=None
[2024-07-12T11:12:19.462+0100] {processor.py:183} INFO - Processing /home/victor/airflow_env/lib/python3.10/site-packages/airflow/example_dags/example_trigger_target_dag.py took 0.911 seconds
[2024-07-12T11:13:42.915+0100] {processor.py:161} INFO - Started process (PID=18105) to work on /home/victor/airflow_env/lib/python3.10/site-packages/airflow/example_dags/example_trigger_target_dag.py
[2024-07-12T11:13:42.922+0100] {processor.py:830} INFO - Processing file /home/victor/airflow_env/lib/python3.10/site-packages/airflow/example_dags/example_trigger_target_dag.py for tasks to queue
[2024-07-12T11:13:42.936+0100] {logging_mixin.py:188} INFO - [2024-07-12T11:13:42.934+0100] {dagbag.py:545} INFO - Filling up the DagBag from /home/victor/airflow_env/lib/python3.10/site-packages/airflow/example_dags/example_trigger_target_dag.py
[2024-07-12T11:13:42.973+0100] {processor.py:840} INFO - DAG(s) 'example_trigger_target_dag' retrieved from /home/victor/airflow_env/lib/python3.10/site-packages/airflow/example_dags/example_trigger_target_dag.py
[2024-07-12T11:13:43.095+0100] {logging_mixin.py:188} INFO - [2024-07-12T11:13:43.094+0100] {dag.py:3096} INFO - Sync 1 DAGs
[2024-07-12T11:13:43.183+0100] {logging_mixin.py:188} INFO - [2024-07-12T11:13:43.182+0100] {dag.py:3954} INFO - Setting next_dagrun for example_trigger_target_dag to None, run_after=None
[2024-07-12T11:13:43.620+0100] {processor.py:183} INFO - Processing /home/victor/airflow_env/lib/python3.10/site-packages/airflow/example_dags/example_trigger_target_dag.py took 0.737 seconds
[2024-07-12T11:15:57.983+0100] {processor.py:161} INFO - Started process (PID=18654) to work on /home/victor/airflow_env/lib/python3.10/site-packages/airflow/example_dags/example_trigger_target_dag.py
[2024-07-12T11:15:57.989+0100] {processor.py:830} INFO - Processing file /home/victor/airflow_env/lib/python3.10/site-packages/airflow/example_dags/example_trigger_target_dag.py for tasks to queue
[2024-07-12T11:15:58.030+0100] {logging_mixin.py:188} INFO - [2024-07-12T11:15:58.028+0100] {dagbag.py:545} INFO - Filling up the DagBag from /home/victor/airflow_env/lib/python3.10/site-packages/airflow/example_dags/example_trigger_target_dag.py
[2024-07-12T11:15:58.113+0100] {processor.py:840} INFO - DAG(s) 'example_trigger_target_dag' retrieved from /home/victor/airflow_env/lib/python3.10/site-packages/airflow/example_dags/example_trigger_target_dag.py
[2024-07-12T11:15:58.274+0100] {logging_mixin.py:188} INFO - [2024-07-12T11:15:58.274+0100] {dag.py:3096} INFO - Sync 1 DAGs
[2024-07-12T11:15:58.409+0100] {logging_mixin.py:188} INFO - [2024-07-12T11:15:58.408+0100] {dag.py:3954} INFO - Setting next_dagrun for example_trigger_target_dag to None, run_after=None
[2024-07-12T11:15:59.062+0100] {processor.py:183} INFO - Processing /home/victor/airflow_env/lib/python3.10/site-packages/airflow/example_dags/example_trigger_target_dag.py took 1.158 seconds
[2024-07-12T11:18:18.750+0100] {processor.py:161} INFO - Started process (PID=19224) to work on /home/victor/airflow_env/lib/python3.10/site-packages/airflow/example_dags/example_trigger_target_dag.py
[2024-07-12T11:18:18.755+0100] {processor.py:830} INFO - Processing file /home/victor/airflow_env/lib/python3.10/site-packages/airflow/example_dags/example_trigger_target_dag.py for tasks to queue
[2024-07-12T11:18:18.764+0100] {logging_mixin.py:188} INFO - [2024-07-12T11:18:18.762+0100] {dagbag.py:545} INFO - Filling up the DagBag from /home/victor/airflow_env/lib/python3.10/site-packages/airflow/example_dags/example_trigger_target_dag.py
[2024-07-12T11:18:18.798+0100] {processor.py:840} INFO - DAG(s) 'example_trigger_target_dag' retrieved from /home/victor/airflow_env/lib/python3.10/site-packages/airflow/example_dags/example_trigger_target_dag.py
[2024-07-12T11:18:18.953+0100] {logging_mixin.py:188} INFO - [2024-07-12T11:18:18.951+0100] {dag.py:3096} INFO - Sync 1 DAGs
[2024-07-12T11:18:19.038+0100] {logging_mixin.py:188} INFO - [2024-07-12T11:18:19.037+0100] {dag.py:3954} INFO - Setting next_dagrun for example_trigger_target_dag to None, run_after=None
[2024-07-12T11:18:19.389+0100] {processor.py:183} INFO - Processing /home/victor/airflow_env/lib/python3.10/site-packages/airflow/example_dags/example_trigger_target_dag.py took 0.667 seconds
[2024-07-12T11:19:51.988+0100] {processor.py:161} INFO - Started process (PID=19612) to work on /home/victor/airflow_env/lib/python3.10/site-packages/airflow/example_dags/example_trigger_target_dag.py
[2024-07-12T11:19:51.995+0100] {processor.py:830} INFO - Processing file /home/victor/airflow_env/lib/python3.10/site-packages/airflow/example_dags/example_trigger_target_dag.py for tasks to queue
[2024-07-12T11:19:52.006+0100] {logging_mixin.py:188} INFO - [2024-07-12T11:19:52.004+0100] {dagbag.py:545} INFO - Filling up the DagBag from /home/victor/airflow_env/lib/python3.10/site-packages/airflow/example_dags/example_trigger_target_dag.py
[2024-07-12T11:19:52.044+0100] {processor.py:840} INFO - DAG(s) 'example_trigger_target_dag' retrieved from /home/victor/airflow_env/lib/python3.10/site-packages/airflow/example_dags/example_trigger_target_dag.py
[2024-07-12T11:19:52.158+0100] {logging_mixin.py:188} INFO - [2024-07-12T11:19:52.156+0100] {dag.py:3096} INFO - Sync 1 DAGs
[2024-07-12T11:19:52.239+0100] {logging_mixin.py:188} INFO - [2024-07-12T11:19:52.238+0100] {dag.py:3954} INFO - Setting next_dagrun for example_trigger_target_dag to None, run_after=None
[2024-07-12T11:19:52.644+0100] {processor.py:183} INFO - Processing /home/victor/airflow_env/lib/python3.10/site-packages/airflow/example_dags/example_trigger_target_dag.py took 0.709 seconds
[2024-07-12T11:21:36.636+0100] {processor.py:161} INFO - Started process (PID=20041) to work on /home/victor/airflow_env/lib/python3.10/site-packages/airflow/example_dags/example_trigger_target_dag.py
[2024-07-12T11:21:36.645+0100] {processor.py:830} INFO - Processing file /home/victor/airflow_env/lib/python3.10/site-packages/airflow/example_dags/example_trigger_target_dag.py for tasks to queue
[2024-07-12T11:21:36.653+0100] {logging_mixin.py:188} INFO - [2024-07-12T11:21:36.651+0100] {dagbag.py:545} INFO - Filling up the DagBag from /home/victor/airflow_env/lib/python3.10/site-packages/airflow/example_dags/example_trigger_target_dag.py
[2024-07-12T11:21:36.703+0100] {processor.py:840} INFO - DAG(s) 'example_trigger_target_dag' retrieved from /home/victor/airflow_env/lib/python3.10/site-packages/airflow/example_dags/example_trigger_target_dag.py
[2024-07-12T11:21:36.874+0100] {logging_mixin.py:188} INFO - [2024-07-12T11:21:36.873+0100] {dag.py:3096} INFO - Sync 1 DAGs
[2024-07-12T11:21:36.990+0100] {logging_mixin.py:188} INFO - [2024-07-12T11:21:36.988+0100] {dag.py:3954} INFO - Setting next_dagrun for example_trigger_target_dag to None, run_after=None
[2024-07-12T11:21:37.443+0100] {processor.py:183} INFO - Processing /home/victor/airflow_env/lib/python3.10/site-packages/airflow/example_dags/example_trigger_target_dag.py took 0.840 seconds
[2024-07-12T11:23:09.548+0100] {processor.py:161} INFO - Started process (PID=20427) to work on /home/victor/airflow_env/lib/python3.10/site-packages/airflow/example_dags/example_trigger_target_dag.py
[2024-07-12T11:23:09.553+0100] {processor.py:830} INFO - Processing file /home/victor/airflow_env/lib/python3.10/site-packages/airflow/example_dags/example_trigger_target_dag.py for tasks to queue
[2024-07-12T11:23:09.561+0100] {logging_mixin.py:188} INFO - [2024-07-12T11:23:09.559+0100] {dagbag.py:545} INFO - Filling up the DagBag from /home/victor/airflow_env/lib/python3.10/site-packages/airflow/example_dags/example_trigger_target_dag.py
[2024-07-12T11:23:09.598+0100] {processor.py:840} INFO - DAG(s) 'example_trigger_target_dag' retrieved from /home/victor/airflow_env/lib/python3.10/site-packages/airflow/example_dags/example_trigger_target_dag.py
[2024-07-12T11:23:09.699+0100] {logging_mixin.py:188} INFO - [2024-07-12T11:23:09.699+0100] {dag.py:3096} INFO - Sync 1 DAGs
[2024-07-12T11:23:09.768+0100] {logging_mixin.py:188} INFO - [2024-07-12T11:23:09.767+0100] {dag.py:3954} INFO - Setting next_dagrun for example_trigger_target_dag to None, run_after=None
[2024-07-12T11:23:10.063+0100] {processor.py:183} INFO - Processing /home/victor/airflow_env/lib/python3.10/site-packages/airflow/example_dags/example_trigger_target_dag.py took 0.543 seconds
[2024-07-12T11:24:44.759+0100] {processor.py:161} INFO - Started process (PID=20822) to work on /home/victor/airflow_env/lib/python3.10/site-packages/airflow/example_dags/example_trigger_target_dag.py
[2024-07-12T11:24:44.763+0100] {processor.py:830} INFO - Processing file /home/victor/airflow_env/lib/python3.10/site-packages/airflow/example_dags/example_trigger_target_dag.py for tasks to queue
[2024-07-12T11:24:44.772+0100] {logging_mixin.py:188} INFO - [2024-07-12T11:24:44.770+0100] {dagbag.py:545} INFO - Filling up the DagBag from /home/victor/airflow_env/lib/python3.10/site-packages/airflow/example_dags/example_trigger_target_dag.py
[2024-07-12T11:24:44.808+0100] {processor.py:840} INFO - DAG(s) 'example_trigger_target_dag' retrieved from /home/victor/airflow_env/lib/python3.10/site-packages/airflow/example_dags/example_trigger_target_dag.py
[2024-07-12T11:24:44.914+0100] {logging_mixin.py:188} INFO - [2024-07-12T11:24:44.913+0100] {dag.py:3096} INFO - Sync 1 DAGs
[2024-07-12T11:24:45.024+0100] {logging_mixin.py:188} INFO - [2024-07-12T11:24:45.023+0100] {dag.py:3954} INFO - Setting next_dagrun for example_trigger_target_dag to None, run_after=None
[2024-07-12T11:24:45.339+0100] {processor.py:183} INFO - Processing /home/victor/airflow_env/lib/python3.10/site-packages/airflow/example_dags/example_trigger_target_dag.py took 0.610 seconds
[2024-07-12T11:26:35.244+0100] {processor.py:161} INFO - Started process (PID=21268) to work on /home/victor/airflow_env/lib/python3.10/site-packages/airflow/example_dags/example_trigger_target_dag.py
[2024-07-12T11:26:35.248+0100] {processor.py:830} INFO - Processing file /home/victor/airflow_env/lib/python3.10/site-packages/airflow/example_dags/example_trigger_target_dag.py for tasks to queue
[2024-07-12T11:26:35.257+0100] {logging_mixin.py:188} INFO - [2024-07-12T11:26:35.255+0100] {dagbag.py:545} INFO - Filling up the DagBag from /home/victor/airflow_env/lib/python3.10/site-packages/airflow/example_dags/example_trigger_target_dag.py
[2024-07-12T11:26:35.287+0100] {processor.py:840} INFO - DAG(s) 'example_trigger_target_dag' retrieved from /home/victor/airflow_env/lib/python3.10/site-packages/airflow/example_dags/example_trigger_target_dag.py
[2024-07-12T11:26:35.382+0100] {logging_mixin.py:188} INFO - [2024-07-12T11:26:35.381+0100] {dag.py:3096} INFO - Sync 1 DAGs
[2024-07-12T11:26:35.454+0100] {logging_mixin.py:188} INFO - [2024-07-12T11:26:35.453+0100] {dag.py:3954} INFO - Setting next_dagrun for example_trigger_target_dag to None, run_after=None
[2024-07-12T11:26:35.738+0100] {processor.py:183} INFO - Processing /home/victor/airflow_env/lib/python3.10/site-packages/airflow/example_dags/example_trigger_target_dag.py took 0.523 seconds
[2024-07-12T11:28:05.461+0100] {processor.py:161} INFO - Started process (PID=21642) to work on /home/victor/airflow_env/lib/python3.10/site-packages/airflow/example_dags/example_trigger_target_dag.py
[2024-07-12T11:28:05.466+0100] {processor.py:830} INFO - Processing file /home/victor/airflow_env/lib/python3.10/site-packages/airflow/example_dags/example_trigger_target_dag.py for tasks to queue
[2024-07-12T11:28:05.474+0100] {logging_mixin.py:188} INFO - [2024-07-12T11:28:05.472+0100] {dagbag.py:545} INFO - Filling up the DagBag from /home/victor/airflow_env/lib/python3.10/site-packages/airflow/example_dags/example_trigger_target_dag.py
[2024-07-12T11:28:05.506+0100] {processor.py:840} INFO - DAG(s) 'example_trigger_target_dag' retrieved from /home/victor/airflow_env/lib/python3.10/site-packages/airflow/example_dags/example_trigger_target_dag.py
[2024-07-12T11:28:05.623+0100] {logging_mixin.py:188} INFO - [2024-07-12T11:28:05.621+0100] {dag.py:3096} INFO - Sync 1 DAGs
[2024-07-12T11:28:05.693+0100] {logging_mixin.py:188} INFO - [2024-07-12T11:28:05.692+0100] {dag.py:3954} INFO - Setting next_dagrun for example_trigger_target_dag to None, run_after=None
[2024-07-12T11:28:05.996+0100] {processor.py:183} INFO - Processing /home/victor/airflow_env/lib/python3.10/site-packages/airflow/example_dags/example_trigger_target_dag.py took 0.563 seconds
[2024-07-12T11:29:50.305+0100] {processor.py:161} INFO - Started process (PID=22063) to work on /home/victor/airflow_env/lib/python3.10/site-packages/airflow/example_dags/example_trigger_target_dag.py
[2024-07-12T11:29:50.362+0100] {processor.py:830} INFO - Processing file /home/victor/airflow_env/lib/python3.10/site-packages/airflow/example_dags/example_trigger_target_dag.py for tasks to queue
[2024-07-12T11:29:50.440+0100] {logging_mixin.py:188} INFO - [2024-07-12T11:29:50.437+0100] {dagbag.py:545} INFO - Filling up the DagBag from /home/victor/airflow_env/lib/python3.10/site-packages/airflow/example_dags/example_trigger_target_dag.py
[2024-07-12T11:29:50.549+0100] {processor.py:840} INFO - DAG(s) 'example_trigger_target_dag' retrieved from /home/victor/airflow_env/lib/python3.10/site-packages/airflow/example_dags/example_trigger_target_dag.py
[2024-07-12T11:29:51.133+0100] {logging_mixin.py:188} INFO - [2024-07-12T11:29:51.131+0100] {dag.py:3096} INFO - Sync 1 DAGs
[2024-07-12T11:29:51.572+0100] {logging_mixin.py:188} INFO - [2024-07-12T11:29:51.571+0100] {dag.py:3954} INFO - Setting next_dagrun for example_trigger_target_dag to None, run_after=None
[2024-07-12T11:29:54.261+0100] {processor.py:183} INFO - Processing /home/victor/airflow_env/lib/python3.10/site-packages/airflow/example_dags/example_trigger_target_dag.py took 4.049 seconds
[2024-07-12T11:32:13.382+0100] {processor.py:161} INFO - Started process (PID=23008) to work on /home/victor/airflow_env/lib/python3.10/site-packages/airflow/example_dags/example_trigger_target_dag.py
[2024-07-12T11:32:13.386+0100] {processor.py:830} INFO - Processing file /home/victor/airflow_env/lib/python3.10/site-packages/airflow/example_dags/example_trigger_target_dag.py for tasks to queue
[2024-07-12T11:32:13.395+0100] {logging_mixin.py:188} INFO - [2024-07-12T11:32:13.393+0100] {dagbag.py:545} INFO - Filling up the DagBag from /home/victor/airflow_env/lib/python3.10/site-packages/airflow/example_dags/example_trigger_target_dag.py
[2024-07-12T11:32:13.429+0100] {processor.py:840} INFO - DAG(s) 'example_trigger_target_dag' retrieved from /home/victor/airflow_env/lib/python3.10/site-packages/airflow/example_dags/example_trigger_target_dag.py
[2024-07-12T11:32:13.569+0100] {logging_mixin.py:188} INFO - [2024-07-12T11:32:13.568+0100] {dag.py:3096} INFO - Sync 1 DAGs
[2024-07-12T11:32:13.676+0100] {logging_mixin.py:188} INFO - [2024-07-12T11:32:13.675+0100] {dag.py:3954} INFO - Setting next_dagrun for example_trigger_target_dag to None, run_after=None
[2024-07-12T11:32:14.126+0100] {processor.py:183} INFO - Processing /home/victor/airflow_env/lib/python3.10/site-packages/airflow/example_dags/example_trigger_target_dag.py took 0.776 seconds
[2024-07-12T11:34:18.159+0100] {processor.py:161} INFO - Started process (PID=23545) to work on /home/victor/airflow_env/lib/python3.10/site-packages/airflow/example_dags/example_trigger_target_dag.py
[2024-07-12T11:34:18.164+0100] {processor.py:830} INFO - Processing file /home/victor/airflow_env/lib/python3.10/site-packages/airflow/example_dags/example_trigger_target_dag.py for tasks to queue
[2024-07-12T11:34:18.172+0100] {logging_mixin.py:188} INFO - [2024-07-12T11:34:18.170+0100] {dagbag.py:545} INFO - Filling up the DagBag from /home/victor/airflow_env/lib/python3.10/site-packages/airflow/example_dags/example_trigger_target_dag.py
[2024-07-12T11:34:18.202+0100] {processor.py:840} INFO - DAG(s) 'example_trigger_target_dag' retrieved from /home/victor/airflow_env/lib/python3.10/site-packages/airflow/example_dags/example_trigger_target_dag.py
[2024-07-12T11:34:18.321+0100] {logging_mixin.py:188} INFO - [2024-07-12T11:34:18.320+0100] {dag.py:3096} INFO - Sync 1 DAGs
[2024-07-12T11:34:18.399+0100] {logging_mixin.py:188} INFO - [2024-07-12T11:34:18.397+0100] {dag.py:3954} INFO - Setting next_dagrun for example_trigger_target_dag to None, run_after=None
[2024-07-12T11:34:18.843+0100] {processor.py:183} INFO - Processing /home/victor/airflow_env/lib/python3.10/site-packages/airflow/example_dags/example_trigger_target_dag.py took 0.714 seconds
[2024-07-12T11:36:12.295+0100] {processor.py:161} INFO - Started process (PID=24007) to work on /home/victor/airflow_env/lib/python3.10/site-packages/airflow/example_dags/example_trigger_target_dag.py
[2024-07-12T11:36:12.302+0100] {processor.py:830} INFO - Processing file /home/victor/airflow_env/lib/python3.10/site-packages/airflow/example_dags/example_trigger_target_dag.py for tasks to queue
[2024-07-12T11:36:12.311+0100] {logging_mixin.py:188} INFO - [2024-07-12T11:36:12.309+0100] {dagbag.py:545} INFO - Filling up the DagBag from /home/victor/airflow_env/lib/python3.10/site-packages/airflow/example_dags/example_trigger_target_dag.py
[2024-07-12T11:36:12.352+0100] {processor.py:840} INFO - DAG(s) 'example_trigger_target_dag' retrieved from /home/victor/airflow_env/lib/python3.10/site-packages/airflow/example_dags/example_trigger_target_dag.py
[2024-07-12T11:36:12.458+0100] {logging_mixin.py:188} INFO - [2024-07-12T11:36:12.457+0100] {dag.py:3096} INFO - Sync 1 DAGs
[2024-07-12T11:36:12.524+0100] {logging_mixin.py:188} INFO - [2024-07-12T11:36:12.522+0100] {dag.py:3954} INFO - Setting next_dagrun for example_trigger_target_dag to None, run_after=None
[2024-07-12T11:36:12.847+0100] {processor.py:183} INFO - Processing /home/victor/airflow_env/lib/python3.10/site-packages/airflow/example_dags/example_trigger_target_dag.py took 0.594 seconds
[2024-07-12T11:37:45.203+0100] {processor.py:161} INFO - Started process (PID=24429) to work on /home/victor/airflow_env/lib/python3.10/site-packages/airflow/example_dags/example_trigger_target_dag.py
[2024-07-12T11:37:45.219+0100] {processor.py:830} INFO - Processing file /home/victor/airflow_env/lib/python3.10/site-packages/airflow/example_dags/example_trigger_target_dag.py for tasks to queue
[2024-07-12T11:37:45.239+0100] {logging_mixin.py:188} INFO - [2024-07-12T11:37:45.237+0100] {dagbag.py:545} INFO - Filling up the DagBag from /home/victor/airflow_env/lib/python3.10/site-packages/airflow/example_dags/example_trigger_target_dag.py
[2024-07-12T11:37:45.335+0100] {processor.py:840} INFO - DAG(s) 'example_trigger_target_dag' retrieved from /home/victor/airflow_env/lib/python3.10/site-packages/airflow/example_dags/example_trigger_target_dag.py
[2024-07-12T11:37:45.557+0100] {logging_mixin.py:188} INFO - [2024-07-12T11:37:45.556+0100] {dag.py:3096} INFO - Sync 1 DAGs
[2024-07-12T11:37:45.674+0100] {logging_mixin.py:188} INFO - [2024-07-12T11:37:45.673+0100] {dag.py:3954} INFO - Setting next_dagrun for example_trigger_target_dag to None, run_after=None
[2024-07-12T11:37:46.219+0100] {processor.py:183} INFO - Processing /home/victor/airflow_env/lib/python3.10/site-packages/airflow/example_dags/example_trigger_target_dag.py took 1.069 seconds
[2024-07-12T11:39:10.625+0100] {processor.py:161} INFO - Started process (PID=24779) to work on /home/victor/airflow_env/lib/python3.10/site-packages/airflow/example_dags/example_trigger_target_dag.py
[2024-07-12T11:39:10.630+0100] {processor.py:830} INFO - Processing file /home/victor/airflow_env/lib/python3.10/site-packages/airflow/example_dags/example_trigger_target_dag.py for tasks to queue
[2024-07-12T11:39:10.639+0100] {logging_mixin.py:188} INFO - [2024-07-12T11:39:10.637+0100] {dagbag.py:545} INFO - Filling up the DagBag from /home/victor/airflow_env/lib/python3.10/site-packages/airflow/example_dags/example_trigger_target_dag.py
[2024-07-12T11:39:10.672+0100] {processor.py:840} INFO - DAG(s) 'example_trigger_target_dag' retrieved from /home/victor/airflow_env/lib/python3.10/site-packages/airflow/example_dags/example_trigger_target_dag.py
[2024-07-12T11:39:10.776+0100] {logging_mixin.py:188} INFO - [2024-07-12T11:39:10.775+0100] {dag.py:3096} INFO - Sync 1 DAGs
[2024-07-12T11:39:10.845+0100] {logging_mixin.py:188} INFO - [2024-07-12T11:39:10.844+0100] {dag.py:3954} INFO - Setting next_dagrun for example_trigger_target_dag to None, run_after=None
[2024-07-12T11:39:11.216+0100] {processor.py:183} INFO - Processing /home/victor/airflow_env/lib/python3.10/site-packages/airflow/example_dags/example_trigger_target_dag.py took 0.625 seconds
[2024-07-12T11:40:42.991+0100] {processor.py:161} INFO - Started process (PID=25155) to work on /home/victor/airflow_env/lib/python3.10/site-packages/airflow/example_dags/example_trigger_target_dag.py
[2024-07-12T11:40:42.997+0100] {processor.py:830} INFO - Processing file /home/victor/airflow_env/lib/python3.10/site-packages/airflow/example_dags/example_trigger_target_dag.py for tasks to queue
[2024-07-12T11:40:43.005+0100] {logging_mixin.py:188} INFO - [2024-07-12T11:40:43.003+0100] {dagbag.py:545} INFO - Filling up the DagBag from /home/victor/airflow_env/lib/python3.10/site-packages/airflow/example_dags/example_trigger_target_dag.py
[2024-07-12T11:40:43.036+0100] {processor.py:840} INFO - DAG(s) 'example_trigger_target_dag' retrieved from /home/victor/airflow_env/lib/python3.10/site-packages/airflow/example_dags/example_trigger_target_dag.py
[2024-07-12T11:40:43.140+0100] {logging_mixin.py:188} INFO - [2024-07-12T11:40:43.139+0100] {dag.py:3096} INFO - Sync 1 DAGs
[2024-07-12T11:40:43.207+0100] {logging_mixin.py:188} INFO - [2024-07-12T11:40:43.206+0100] {dag.py:3954} INFO - Setting next_dagrun for example_trigger_target_dag to None, run_after=None
[2024-07-12T11:40:43.643+0100] {processor.py:183} INFO - Processing /home/victor/airflow_env/lib/python3.10/site-packages/airflow/example_dags/example_trigger_target_dag.py took 0.686 seconds
[2024-07-12T11:42:09.482+0100] {processor.py:161} INFO - Started process (PID=25510) to work on /home/victor/airflow_env/lib/python3.10/site-packages/airflow/example_dags/example_trigger_target_dag.py
[2024-07-12T11:42:09.487+0100] {processor.py:830} INFO - Processing file /home/victor/airflow_env/lib/python3.10/site-packages/airflow/example_dags/example_trigger_target_dag.py for tasks to queue
[2024-07-12T11:42:09.495+0100] {logging_mixin.py:188} INFO - [2024-07-12T11:42:09.494+0100] {dagbag.py:545} INFO - Filling up the DagBag from /home/victor/airflow_env/lib/python3.10/site-packages/airflow/example_dags/example_trigger_target_dag.py
[2024-07-12T11:42:09.532+0100] {processor.py:840} INFO - DAG(s) 'example_trigger_target_dag' retrieved from /home/victor/airflow_env/lib/python3.10/site-packages/airflow/example_dags/example_trigger_target_dag.py
[2024-07-12T11:42:09.675+0100] {logging_mixin.py:188} INFO - [2024-07-12T11:42:09.673+0100] {dag.py:3096} INFO - Sync 1 DAGs
[2024-07-12T11:42:09.776+0100] {logging_mixin.py:188} INFO - [2024-07-12T11:42:09.776+0100] {dag.py:3954} INFO - Setting next_dagrun for example_trigger_target_dag to None, run_after=None
[2024-07-12T11:42:10.174+0100] {processor.py:183} INFO - Processing /home/victor/airflow_env/lib/python3.10/site-packages/airflow/example_dags/example_trigger_target_dag.py took 0.724 seconds
[2024-07-12T11:43:39.237+0100] {processor.py:161} INFO - Started process (PID=25879) to work on /home/victor/airflow_env/lib/python3.10/site-packages/airflow/example_dags/example_trigger_target_dag.py
[2024-07-12T11:43:39.243+0100] {processor.py:830} INFO - Processing file /home/victor/airflow_env/lib/python3.10/site-packages/airflow/example_dags/example_trigger_target_dag.py for tasks to queue
[2024-07-12T11:43:39.253+0100] {logging_mixin.py:188} INFO - [2024-07-12T11:43:39.251+0100] {dagbag.py:545} INFO - Filling up the DagBag from /home/victor/airflow_env/lib/python3.10/site-packages/airflow/example_dags/example_trigger_target_dag.py
[2024-07-12T11:43:39.297+0100] {processor.py:840} INFO - DAG(s) 'example_trigger_target_dag' retrieved from /home/victor/airflow_env/lib/python3.10/site-packages/airflow/example_dags/example_trigger_target_dag.py
[2024-07-12T11:43:39.426+0100] {logging_mixin.py:188} INFO - [2024-07-12T11:43:39.425+0100] {dag.py:3096} INFO - Sync 1 DAGs
[2024-07-12T11:43:39.538+0100] {logging_mixin.py:188} INFO - [2024-07-12T11:43:39.537+0100] {dag.py:3954} INFO - Setting next_dagrun for example_trigger_target_dag to None, run_after=None
[2024-07-12T11:43:39.917+0100] {processor.py:183} INFO - Processing /home/victor/airflow_env/lib/python3.10/site-packages/airflow/example_dags/example_trigger_target_dag.py took 0.719 seconds
[2024-07-12T11:45:03.230+0100] {processor.py:161} INFO - Started process (PID=26229) to work on /home/victor/airflow_env/lib/python3.10/site-packages/airflow/example_dags/example_trigger_target_dag.py
[2024-07-12T11:45:03.235+0100] {processor.py:830} INFO - Processing file /home/victor/airflow_env/lib/python3.10/site-packages/airflow/example_dags/example_trigger_target_dag.py for tasks to queue
[2024-07-12T11:45:03.244+0100] {logging_mixin.py:188} INFO - [2024-07-12T11:45:03.242+0100] {dagbag.py:545} INFO - Filling up the DagBag from /home/victor/airflow_env/lib/python3.10/site-packages/airflow/example_dags/example_trigger_target_dag.py
[2024-07-12T11:45:03.279+0100] {processor.py:840} INFO - DAG(s) 'example_trigger_target_dag' retrieved from /home/victor/airflow_env/lib/python3.10/site-packages/airflow/example_dags/example_trigger_target_dag.py
[2024-07-12T11:45:03.380+0100] {logging_mixin.py:188} INFO - [2024-07-12T11:45:03.379+0100] {dag.py:3096} INFO - Sync 1 DAGs
[2024-07-12T11:45:03.454+0100] {logging_mixin.py:188} INFO - [2024-07-12T11:45:03.454+0100] {dag.py:3954} INFO - Setting next_dagrun for example_trigger_target_dag to None, run_after=None
[2024-07-12T11:45:03.749+0100] {processor.py:183} INFO - Processing /home/victor/airflow_env/lib/python3.10/site-packages/airflow/example_dags/example_trigger_target_dag.py took 0.553 seconds
[2024-07-12T11:46:24.617+0100] {processor.py:161} INFO - Started process (PID=26566) to work on /home/victor/airflow_env/lib/python3.10/site-packages/airflow/example_dags/example_trigger_target_dag.py
[2024-07-12T11:46:24.640+0100] {processor.py:830} INFO - Processing file /home/victor/airflow_env/lib/python3.10/site-packages/airflow/example_dags/example_trigger_target_dag.py for tasks to queue
[2024-07-12T11:46:24.652+0100] {logging_mixin.py:188} INFO - [2024-07-12T11:46:24.647+0100] {dagbag.py:545} INFO - Filling up the DagBag from /home/victor/airflow_env/lib/python3.10/site-packages/airflow/example_dags/example_trigger_target_dag.py
[2024-07-12T11:46:24.713+0100] {processor.py:840} INFO - DAG(s) 'example_trigger_target_dag' retrieved from /home/victor/airflow_env/lib/python3.10/site-packages/airflow/example_dags/example_trigger_target_dag.py
[2024-07-12T11:46:25.024+0100] {logging_mixin.py:188} INFO - [2024-07-12T11:46:25.020+0100] {dag.py:3096} INFO - Sync 1 DAGs
[2024-07-12T11:46:25.124+0100] {logging_mixin.py:188} INFO - [2024-07-12T11:46:25.123+0100] {dag.py:3954} INFO - Setting next_dagrun for example_trigger_target_dag to None, run_after=None
[2024-07-12T11:46:25.425+0100] {processor.py:183} INFO - Processing /home/victor/airflow_env/lib/python3.10/site-packages/airflow/example_dags/example_trigger_target_dag.py took 0.845 seconds
[2024-07-12T11:47:44.463+0100] {processor.py:161} INFO - Started process (PID=26901) to work on /home/victor/airflow_env/lib/python3.10/site-packages/airflow/example_dags/example_trigger_target_dag.py
[2024-07-12T11:47:44.468+0100] {processor.py:830} INFO - Processing file /home/victor/airflow_env/lib/python3.10/site-packages/airflow/example_dags/example_trigger_target_dag.py for tasks to queue
[2024-07-12T11:47:44.476+0100] {logging_mixin.py:188} INFO - [2024-07-12T11:47:44.474+0100] {dagbag.py:545} INFO - Filling up the DagBag from /home/victor/airflow_env/lib/python3.10/site-packages/airflow/example_dags/example_trigger_target_dag.py
[2024-07-12T11:47:44.511+0100] {processor.py:840} INFO - DAG(s) 'example_trigger_target_dag' retrieved from /home/victor/airflow_env/lib/python3.10/site-packages/airflow/example_dags/example_trigger_target_dag.py
[2024-07-12T11:47:44.644+0100] {logging_mixin.py:188} INFO - [2024-07-12T11:47:44.643+0100] {dag.py:3096} INFO - Sync 1 DAGs
[2024-07-12T11:47:44.742+0100] {logging_mixin.py:188} INFO - [2024-07-12T11:47:44.741+0100] {dag.py:3954} INFO - Setting next_dagrun for example_trigger_target_dag to None, run_after=None
[2024-07-12T11:47:45.105+0100] {processor.py:183} INFO - Processing /home/victor/airflow_env/lib/python3.10/site-packages/airflow/example_dags/example_trigger_target_dag.py took 0.671 seconds
[2024-07-12T11:49:29.512+0100] {processor.py:161} INFO - Started process (PID=27327) to work on /home/victor/airflow_env/lib/python3.10/site-packages/airflow/example_dags/example_trigger_target_dag.py
[2024-07-12T11:49:29.530+0100] {processor.py:830} INFO - Processing file /home/victor/airflow_env/lib/python3.10/site-packages/airflow/example_dags/example_trigger_target_dag.py for tasks to queue
[2024-07-12T11:49:29.546+0100] {logging_mixin.py:188} INFO - [2024-07-12T11:49:29.544+0100] {dagbag.py:545} INFO - Filling up the DagBag from /home/victor/airflow_env/lib/python3.10/site-packages/airflow/example_dags/example_trigger_target_dag.py
[2024-07-12T11:49:29.618+0100] {processor.py:840} INFO - DAG(s) 'example_trigger_target_dag' retrieved from /home/victor/airflow_env/lib/python3.10/site-packages/airflow/example_dags/example_trigger_target_dag.py
[2024-07-12T11:49:29.817+0100] {logging_mixin.py:188} INFO - [2024-07-12T11:49:29.816+0100] {dag.py:3096} INFO - Sync 1 DAGs
[2024-07-12T11:49:29.911+0100] {logging_mixin.py:188} INFO - [2024-07-12T11:49:29.910+0100] {dag.py:3954} INFO - Setting next_dagrun for example_trigger_target_dag to None, run_after=None
[2024-07-12T11:49:30.200+0100] {processor.py:183} INFO - Processing /home/victor/airflow_env/lib/python3.10/site-packages/airflow/example_dags/example_trigger_target_dag.py took 0.756 seconds
[2024-07-12T11:50:59.692+0100] {processor.py:161} INFO - Started process (PID=27701) to work on /home/victor/airflow_env/lib/python3.10/site-packages/airflow/example_dags/example_trigger_target_dag.py
[2024-07-12T11:50:59.699+0100] {processor.py:830} INFO - Processing file /home/victor/airflow_env/lib/python3.10/site-packages/airflow/example_dags/example_trigger_target_dag.py for tasks to queue
[2024-07-12T11:50:59.708+0100] {logging_mixin.py:188} INFO - [2024-07-12T11:50:59.706+0100] {dagbag.py:545} INFO - Filling up the DagBag from /home/victor/airflow_env/lib/python3.10/site-packages/airflow/example_dags/example_trigger_target_dag.py
[2024-07-12T11:50:59.742+0100] {processor.py:840} INFO - DAG(s) 'example_trigger_target_dag' retrieved from /home/victor/airflow_env/lib/python3.10/site-packages/airflow/example_dags/example_trigger_target_dag.py
[2024-07-12T11:50:59.840+0100] {logging_mixin.py:188} INFO - [2024-07-12T11:50:59.838+0100] {dag.py:3096} INFO - Sync 1 DAGs
[2024-07-12T11:50:59.920+0100] {logging_mixin.py:188} INFO - [2024-07-12T11:50:59.919+0100] {dag.py:3954} INFO - Setting next_dagrun for example_trigger_target_dag to None, run_after=None
[2024-07-12T11:51:00.384+0100] {processor.py:183} INFO - Processing /home/victor/airflow_env/lib/python3.10/site-packages/airflow/example_dags/example_trigger_target_dag.py took 0.734 seconds
[2024-07-12T11:52:20.847+0100] {processor.py:161} INFO - Started process (PID=28036) to work on /home/victor/airflow_env/lib/python3.10/site-packages/airflow/example_dags/example_trigger_target_dag.py
[2024-07-12T11:52:20.852+0100] {processor.py:830} INFO - Processing file /home/victor/airflow_env/lib/python3.10/site-packages/airflow/example_dags/example_trigger_target_dag.py for tasks to queue
[2024-07-12T11:52:20.870+0100] {logging_mixin.py:188} INFO - [2024-07-12T11:52:20.868+0100] {dagbag.py:545} INFO - Filling up the DagBag from /home/victor/airflow_env/lib/python3.10/site-packages/airflow/example_dags/example_trigger_target_dag.py
[2024-07-12T11:52:20.935+0100] {processor.py:840} INFO - DAG(s) 'example_trigger_target_dag' retrieved from /home/victor/airflow_env/lib/python3.10/site-packages/airflow/example_dags/example_trigger_target_dag.py
[2024-07-12T11:52:21.064+0100] {logging_mixin.py:188} INFO - [2024-07-12T11:52:21.063+0100] {dag.py:3096} INFO - Sync 1 DAGs
[2024-07-12T11:52:21.131+0100] {logging_mixin.py:188} INFO - [2024-07-12T11:52:21.130+0100] {dag.py:3954} INFO - Setting next_dagrun for example_trigger_target_dag to None, run_after=None
[2024-07-12T11:52:21.417+0100] {processor.py:183} INFO - Processing /home/victor/airflow_env/lib/python3.10/site-packages/airflow/example_dags/example_trigger_target_dag.py took 0.636 seconds
[2024-07-12T11:53:40.708+0100] {processor.py:161} INFO - Started process (PID=28368) to work on /home/victor/airflow_env/lib/python3.10/site-packages/airflow/example_dags/example_trigger_target_dag.py
[2024-07-12T11:53:40.713+0100] {processor.py:830} INFO - Processing file /home/victor/airflow_env/lib/python3.10/site-packages/airflow/example_dags/example_trigger_target_dag.py for tasks to queue
[2024-07-12T11:53:40.720+0100] {logging_mixin.py:188} INFO - [2024-07-12T11:53:40.719+0100] {dagbag.py:545} INFO - Filling up the DagBag from /home/victor/airflow_env/lib/python3.10/site-packages/airflow/example_dags/example_trigger_target_dag.py
[2024-07-12T11:53:40.751+0100] {processor.py:840} INFO - DAG(s) 'example_trigger_target_dag' retrieved from /home/victor/airflow_env/lib/python3.10/site-packages/airflow/example_dags/example_trigger_target_dag.py
[2024-07-12T11:53:40.847+0100] {logging_mixin.py:188} INFO - [2024-07-12T11:53:40.846+0100] {dag.py:3096} INFO - Sync 1 DAGs
[2024-07-12T11:53:40.916+0100] {logging_mixin.py:188} INFO - [2024-07-12T11:53:40.915+0100] {dag.py:3954} INFO - Setting next_dagrun for example_trigger_target_dag to None, run_after=None
[2024-07-12T11:53:41.299+0100] {processor.py:183} INFO - Processing /home/victor/airflow_env/lib/python3.10/site-packages/airflow/example_dags/example_trigger_target_dag.py took 0.620 seconds
[2024-07-12T11:55:01.347+0100] {processor.py:161} INFO - Started process (PID=28701) to work on /home/victor/airflow_env/lib/python3.10/site-packages/airflow/example_dags/example_trigger_target_dag.py
[2024-07-12T11:55:01.358+0100] {processor.py:830} INFO - Processing file /home/victor/airflow_env/lib/python3.10/site-packages/airflow/example_dags/example_trigger_target_dag.py for tasks to queue
[2024-07-12T11:55:01.374+0100] {logging_mixin.py:188} INFO - [2024-07-12T11:55:01.368+0100] {dagbag.py:545} INFO - Filling up the DagBag from /home/victor/airflow_env/lib/python3.10/site-packages/airflow/example_dags/example_trigger_target_dag.py
[2024-07-12T11:55:01.427+0100] {processor.py:840} INFO - DAG(s) 'example_trigger_target_dag' retrieved from /home/victor/airflow_env/lib/python3.10/site-packages/airflow/example_dags/example_trigger_target_dag.py
[2024-07-12T11:55:01.642+0100] {logging_mixin.py:188} INFO - [2024-07-12T11:55:01.641+0100] {dag.py:3096} INFO - Sync 1 DAGs
[2024-07-12T11:55:01.746+0100] {logging_mixin.py:188} INFO - [2024-07-12T11:55:01.745+0100] {dag.py:3954} INFO - Setting next_dagrun for example_trigger_target_dag to None, run_after=None
[2024-07-12T11:55:02.128+0100] {processor.py:183} INFO - Processing /home/victor/airflow_env/lib/python3.10/site-packages/airflow/example_dags/example_trigger_target_dag.py took 0.827 seconds
[2024-07-12T11:56:25.685+0100] {processor.py:161} INFO - Started process (PID=29048) to work on /home/victor/airflow_env/lib/python3.10/site-packages/airflow/example_dags/example_trigger_target_dag.py
[2024-07-12T11:56:25.694+0100] {processor.py:830} INFO - Processing file /home/victor/airflow_env/lib/python3.10/site-packages/airflow/example_dags/example_trigger_target_dag.py for tasks to queue
[2024-07-12T11:56:25.707+0100] {logging_mixin.py:188} INFO - [2024-07-12T11:56:25.704+0100] {dagbag.py:545} INFO - Filling up the DagBag from /home/victor/airflow_env/lib/python3.10/site-packages/airflow/example_dags/example_trigger_target_dag.py
[2024-07-12T11:56:25.742+0100] {processor.py:840} INFO - DAG(s) 'example_trigger_target_dag' retrieved from /home/victor/airflow_env/lib/python3.10/site-packages/airflow/example_dags/example_trigger_target_dag.py
[2024-07-12T11:56:25.847+0100] {logging_mixin.py:188} INFO - [2024-07-12T11:56:25.846+0100] {dag.py:3096} INFO - Sync 1 DAGs
[2024-07-12T11:56:25.934+0100] {logging_mixin.py:188} INFO - [2024-07-12T11:56:25.933+0100] {dag.py:3954} INFO - Setting next_dagrun for example_trigger_target_dag to None, run_after=None
[2024-07-12T11:56:26.283+0100] {processor.py:183} INFO - Processing /home/victor/airflow_env/lib/python3.10/site-packages/airflow/example_dags/example_trigger_target_dag.py took 0.628 seconds
[2024-07-12T11:57:54.957+0100] {processor.py:161} INFO - Started process (PID=29409) to work on /home/victor/airflow_env/lib/python3.10/site-packages/airflow/example_dags/example_trigger_target_dag.py
[2024-07-12T11:57:54.971+0100] {processor.py:830} INFO - Processing file /home/victor/airflow_env/lib/python3.10/site-packages/airflow/example_dags/example_trigger_target_dag.py for tasks to queue
[2024-07-12T11:57:54.980+0100] {logging_mixin.py:188} INFO - [2024-07-12T11:57:54.978+0100] {dagbag.py:545} INFO - Filling up the DagBag from /home/victor/airflow_env/lib/python3.10/site-packages/airflow/example_dags/example_trigger_target_dag.py
[2024-07-12T11:57:55.022+0100] {processor.py:840} INFO - DAG(s) 'example_trigger_target_dag' retrieved from /home/victor/airflow_env/lib/python3.10/site-packages/airflow/example_dags/example_trigger_target_dag.py
[2024-07-12T11:57:55.126+0100] {logging_mixin.py:188} INFO - [2024-07-12T11:57:55.124+0100] {dag.py:3096} INFO - Sync 1 DAGs
[2024-07-12T11:57:55.220+0100] {logging_mixin.py:188} INFO - [2024-07-12T11:57:55.219+0100] {dag.py:3954} INFO - Setting next_dagrun for example_trigger_target_dag to None, run_after=None
[2024-07-12T11:57:55.522+0100] {processor.py:183} INFO - Processing /home/victor/airflow_env/lib/python3.10/site-packages/airflow/example_dags/example_trigger_target_dag.py took 0.604 seconds
[2024-07-12T11:59:14.505+0100] {processor.py:161} INFO - Started process (PID=29742) to work on /home/victor/airflow_env/lib/python3.10/site-packages/airflow/example_dags/example_trigger_target_dag.py
[2024-07-12T11:59:14.509+0100] {processor.py:830} INFO - Processing file /home/victor/airflow_env/lib/python3.10/site-packages/airflow/example_dags/example_trigger_target_dag.py for tasks to queue
[2024-07-12T11:59:14.526+0100] {logging_mixin.py:188} INFO - [2024-07-12T11:59:14.524+0100] {dagbag.py:545} INFO - Filling up the DagBag from /home/victor/airflow_env/lib/python3.10/site-packages/airflow/example_dags/example_trigger_target_dag.py
[2024-07-12T11:59:14.566+0100] {processor.py:840} INFO - DAG(s) 'example_trigger_target_dag' retrieved from /home/victor/airflow_env/lib/python3.10/site-packages/airflow/example_dags/example_trigger_target_dag.py
[2024-07-12T11:59:14.688+0100] {logging_mixin.py:188} INFO - [2024-07-12T11:59:14.687+0100] {dag.py:3096} INFO - Sync 1 DAGs
[2024-07-12T11:59:14.765+0100] {logging_mixin.py:188} INFO - [2024-07-12T11:59:14.764+0100] {dag.py:3954} INFO - Setting next_dagrun for example_trigger_target_dag to None, run_after=None
[2024-07-12T11:59:15.128+0100] {processor.py:183} INFO - Processing /home/victor/airflow_env/lib/python3.10/site-packages/airflow/example_dags/example_trigger_target_dag.py took 0.659 seconds
[2024-07-12T12:00:34.250+0100] {processor.py:161} INFO - Started process (PID=30072) to work on /home/victor/airflow_env/lib/python3.10/site-packages/airflow/example_dags/example_trigger_target_dag.py
[2024-07-12T12:00:34.254+0100] {processor.py:830} INFO - Processing file /home/victor/airflow_env/lib/python3.10/site-packages/airflow/example_dags/example_trigger_target_dag.py for tasks to queue
[2024-07-12T12:00:34.263+0100] {logging_mixin.py:188} INFO - [2024-07-12T12:00:34.262+0100] {dagbag.py:545} INFO - Filling up the DagBag from /home/victor/airflow_env/lib/python3.10/site-packages/airflow/example_dags/example_trigger_target_dag.py
[2024-07-12T12:00:34.298+0100] {processor.py:840} INFO - DAG(s) 'example_trigger_target_dag' retrieved from /home/victor/airflow_env/lib/python3.10/site-packages/airflow/example_dags/example_trigger_target_dag.py
[2024-07-12T12:00:34.403+0100] {logging_mixin.py:188} INFO - [2024-07-12T12:00:34.402+0100] {dag.py:3096} INFO - Sync 1 DAGs
[2024-07-12T12:00:34.477+0100] {logging_mixin.py:188} INFO - [2024-07-12T12:00:34.475+0100] {dag.py:3954} INFO - Setting next_dagrun for example_trigger_target_dag to None, run_after=None
[2024-07-12T12:00:34.835+0100] {processor.py:183} INFO - Processing /home/victor/airflow_env/lib/python3.10/site-packages/airflow/example_dags/example_trigger_target_dag.py took 0.613 seconds
[2024-07-12T12:02:16.570+0100] {processor.py:161} INFO - Started process (PID=30483) to work on /home/victor/airflow_env/lib/python3.10/site-packages/airflow/example_dags/example_trigger_target_dag.py
[2024-07-12T12:02:16.575+0100] {processor.py:830} INFO - Processing file /home/victor/airflow_env/lib/python3.10/site-packages/airflow/example_dags/example_trigger_target_dag.py for tasks to queue
[2024-07-12T12:02:16.583+0100] {logging_mixin.py:188} INFO - [2024-07-12T12:02:16.581+0100] {dagbag.py:545} INFO - Filling up the DagBag from /home/victor/airflow_env/lib/python3.10/site-packages/airflow/example_dags/example_trigger_target_dag.py
[2024-07-12T12:02:16.614+0100] {processor.py:840} INFO - DAG(s) 'example_trigger_target_dag' retrieved from /home/victor/airflow_env/lib/python3.10/site-packages/airflow/example_dags/example_trigger_target_dag.py
[2024-07-12T12:02:16.718+0100] {logging_mixin.py:188} INFO - [2024-07-12T12:02:16.717+0100] {dag.py:3096} INFO - Sync 1 DAGs
[2024-07-12T12:02:16.785+0100] {logging_mixin.py:188} INFO - [2024-07-12T12:02:16.785+0100] {dag.py:3954} INFO - Setting next_dagrun for example_trigger_target_dag to None, run_after=None
[2024-07-12T12:02:17.115+0100] {processor.py:183} INFO - Processing /home/victor/airflow_env/lib/python3.10/site-packages/airflow/example_dags/example_trigger_target_dag.py took 0.574 seconds
[2024-07-12T12:03:50.043+0100] {processor.py:161} INFO - Started process (PID=30865) to work on /home/victor/airflow_env/lib/python3.10/site-packages/airflow/example_dags/example_trigger_target_dag.py
[2024-07-12T12:03:50.049+0100] {processor.py:830} INFO - Processing file /home/victor/airflow_env/lib/python3.10/site-packages/airflow/example_dags/example_trigger_target_dag.py for tasks to queue
[2024-07-12T12:03:50.062+0100] {logging_mixin.py:188} INFO - [2024-07-12T12:03:50.059+0100] {dagbag.py:545} INFO - Filling up the DagBag from /home/victor/airflow_env/lib/python3.10/site-packages/airflow/example_dags/example_trigger_target_dag.py
[2024-07-12T12:03:50.121+0100] {processor.py:840} INFO - DAG(s) 'example_trigger_target_dag' retrieved from /home/victor/airflow_env/lib/python3.10/site-packages/airflow/example_dags/example_trigger_target_dag.py
[2024-07-12T12:03:50.231+0100] {logging_mixin.py:188} INFO - [2024-07-12T12:03:50.229+0100] {dag.py:3096} INFO - Sync 1 DAGs
[2024-07-12T12:03:50.309+0100] {logging_mixin.py:188} INFO - [2024-07-12T12:03:50.308+0100] {dag.py:3954} INFO - Setting next_dagrun for example_trigger_target_dag to None, run_after=None
[2024-07-12T12:03:50.691+0100] {processor.py:183} INFO - Processing /home/victor/airflow_env/lib/python3.10/site-packages/airflow/example_dags/example_trigger_target_dag.py took 0.687 seconds
[2024-07-12T12:05:27.099+0100] {processor.py:161} INFO - Started process (PID=31258) to work on /home/victor/airflow_env/lib/python3.10/site-packages/airflow/example_dags/example_trigger_target_dag.py
[2024-07-12T12:05:27.114+0100] {processor.py:830} INFO - Processing file /home/victor/airflow_env/lib/python3.10/site-packages/airflow/example_dags/example_trigger_target_dag.py for tasks to queue
[2024-07-12T12:05:27.124+0100] {logging_mixin.py:188} INFO - [2024-07-12T12:05:27.122+0100] {dagbag.py:545} INFO - Filling up the DagBag from /home/victor/airflow_env/lib/python3.10/site-packages/airflow/example_dags/example_trigger_target_dag.py
[2024-07-12T12:05:27.166+0100] {processor.py:840} INFO - DAG(s) 'example_trigger_target_dag' retrieved from /home/victor/airflow_env/lib/python3.10/site-packages/airflow/example_dags/example_trigger_target_dag.py
[2024-07-12T12:05:27.348+0100] {logging_mixin.py:188} INFO - [2024-07-12T12:05:27.347+0100] {dag.py:3096} INFO - Sync 1 DAGs
[2024-07-12T12:05:27.473+0100] {logging_mixin.py:188} INFO - [2024-07-12T12:05:27.471+0100] {dag.py:3954} INFO - Setting next_dagrun for example_trigger_target_dag to None, run_after=None
[2024-07-12T12:05:27.951+0100] {processor.py:183} INFO - Processing /home/victor/airflow_env/lib/python3.10/site-packages/airflow/example_dags/example_trigger_target_dag.py took 0.917 seconds
[2024-07-12T12:06:49.466+0100] {processor.py:161} INFO - Started process (PID=31599) to work on /home/victor/airflow_env/lib/python3.10/site-packages/airflow/example_dags/example_trigger_target_dag.py
[2024-07-12T12:06:49.472+0100] {processor.py:830} INFO - Processing file /home/victor/airflow_env/lib/python3.10/site-packages/airflow/example_dags/example_trigger_target_dag.py for tasks to queue
[2024-07-12T12:06:49.480+0100] {logging_mixin.py:188} INFO - [2024-07-12T12:06:49.478+0100] {dagbag.py:545} INFO - Filling up the DagBag from /home/victor/airflow_env/lib/python3.10/site-packages/airflow/example_dags/example_trigger_target_dag.py
[2024-07-12T12:06:49.516+0100] {processor.py:840} INFO - DAG(s) 'example_trigger_target_dag' retrieved from /home/victor/airflow_env/lib/python3.10/site-packages/airflow/example_dags/example_trigger_target_dag.py
[2024-07-12T12:06:49.627+0100] {logging_mixin.py:188} INFO - [2024-07-12T12:06:49.626+0100] {dag.py:3096} INFO - Sync 1 DAGs
[2024-07-12T12:06:49.693+0100] {logging_mixin.py:188} INFO - [2024-07-12T12:06:49.692+0100] {dag.py:3954} INFO - Setting next_dagrun for example_trigger_target_dag to None, run_after=None
[2024-07-12T12:06:49.995+0100] {processor.py:183} INFO - Processing /home/victor/airflow_env/lib/python3.10/site-packages/airflow/example_dags/example_trigger_target_dag.py took 0.580 seconds
[2024-07-12T12:08:13.868+0100] {processor.py:161} INFO - Started process (PID=31945) to work on /home/victor/airflow_env/lib/python3.10/site-packages/airflow/example_dags/example_trigger_target_dag.py
[2024-07-12T12:08:13.873+0100] {processor.py:830} INFO - Processing file /home/victor/airflow_env/lib/python3.10/site-packages/airflow/example_dags/example_trigger_target_dag.py for tasks to queue
[2024-07-12T12:08:13.882+0100] {logging_mixin.py:188} INFO - [2024-07-12T12:08:13.880+0100] {dagbag.py:545} INFO - Filling up the DagBag from /home/victor/airflow_env/lib/python3.10/site-packages/airflow/example_dags/example_trigger_target_dag.py
[2024-07-12T12:08:13.913+0100] {processor.py:840} INFO - DAG(s) 'example_trigger_target_dag' retrieved from /home/victor/airflow_env/lib/python3.10/site-packages/airflow/example_dags/example_trigger_target_dag.py
[2024-07-12T12:08:14.026+0100] {logging_mixin.py:188} INFO - [2024-07-12T12:08:14.024+0100] {dag.py:3096} INFO - Sync 1 DAGs
[2024-07-12T12:08:14.100+0100] {logging_mixin.py:188} INFO - [2024-07-12T12:08:14.099+0100] {dag.py:3954} INFO - Setting next_dagrun for example_trigger_target_dag to None, run_after=None
[2024-07-12T12:08:14.465+0100] {processor.py:183} INFO - Processing /home/victor/airflow_env/lib/python3.10/site-packages/airflow/example_dags/example_trigger_target_dag.py took 0.627 seconds
[2024-07-12T12:09:41.402+0100] {processor.py:161} INFO - Started process (PID=32307) to work on /home/victor/airflow_env/lib/python3.10/site-packages/airflow/example_dags/example_trigger_target_dag.py
[2024-07-12T12:09:41.408+0100] {processor.py:830} INFO - Processing file /home/victor/airflow_env/lib/python3.10/site-packages/airflow/example_dags/example_trigger_target_dag.py for tasks to queue
[2024-07-12T12:09:41.417+0100] {logging_mixin.py:188} INFO - [2024-07-12T12:09:41.415+0100] {dagbag.py:545} INFO - Filling up the DagBag from /home/victor/airflow_env/lib/python3.10/site-packages/airflow/example_dags/example_trigger_target_dag.py
[2024-07-12T12:09:41.464+0100] {processor.py:840} INFO - DAG(s) 'example_trigger_target_dag' retrieved from /home/victor/airflow_env/lib/python3.10/site-packages/airflow/example_dags/example_trigger_target_dag.py
[2024-07-12T12:09:41.567+0100] {logging_mixin.py:188} INFO - [2024-07-12T12:09:41.567+0100] {dag.py:3096} INFO - Sync 1 DAGs
[2024-07-12T12:09:41.659+0100] {logging_mixin.py:188} INFO - [2024-07-12T12:09:41.658+0100] {dag.py:3954} INFO - Setting next_dagrun for example_trigger_target_dag to None, run_after=None
[2024-07-12T12:09:41.976+0100] {processor.py:183} INFO - Processing /home/victor/airflow_env/lib/python3.10/site-packages/airflow/example_dags/example_trigger_target_dag.py took 0.608 seconds
[2024-07-12T12:11:09.097+0100] {processor.py:161} INFO - Started process (PID=32672) to work on /home/victor/airflow_env/lib/python3.10/site-packages/airflow/example_dags/example_trigger_target_dag.py
[2024-07-12T12:11:09.102+0100] {processor.py:830} INFO - Processing file /home/victor/airflow_env/lib/python3.10/site-packages/airflow/example_dags/example_trigger_target_dag.py for tasks to queue
[2024-07-12T12:11:09.115+0100] {logging_mixin.py:188} INFO - [2024-07-12T12:11:09.113+0100] {dagbag.py:545} INFO - Filling up the DagBag from /home/victor/airflow_env/lib/python3.10/site-packages/airflow/example_dags/example_trigger_target_dag.py
[2024-07-12T12:11:09.199+0100] {processor.py:840} INFO - DAG(s) 'example_trigger_target_dag' retrieved from /home/victor/airflow_env/lib/python3.10/site-packages/airflow/example_dags/example_trigger_target_dag.py
[2024-07-12T12:11:09.374+0100] {logging_mixin.py:188} INFO - [2024-07-12T12:11:09.371+0100] {dag.py:3096} INFO - Sync 1 DAGs
[2024-07-12T12:11:09.501+0100] {logging_mixin.py:188} INFO - [2024-07-12T12:11:09.499+0100] {dag.py:3954} INFO - Setting next_dagrun for example_trigger_target_dag to None, run_after=None
[2024-07-12T12:11:09.856+0100] {processor.py:183} INFO - Processing /home/victor/airflow_env/lib/python3.10/site-packages/airflow/example_dags/example_trigger_target_dag.py took 0.794 seconds
[2024-07-12T12:12:33.967+0100] {processor.py:161} INFO - Started process (PID=33022) to work on /home/victor/airflow_env/lib/python3.10/site-packages/airflow/example_dags/example_trigger_target_dag.py
[2024-07-12T12:12:33.972+0100] {processor.py:830} INFO - Processing file /home/victor/airflow_env/lib/python3.10/site-packages/airflow/example_dags/example_trigger_target_dag.py for tasks to queue
[2024-07-12T12:12:33.980+0100] {logging_mixin.py:188} INFO - [2024-07-12T12:12:33.978+0100] {dagbag.py:545} INFO - Filling up the DagBag from /home/victor/airflow_env/lib/python3.10/site-packages/airflow/example_dags/example_trigger_target_dag.py
[2024-07-12T12:12:34.011+0100] {processor.py:840} INFO - DAG(s) 'example_trigger_target_dag' retrieved from /home/victor/airflow_env/lib/python3.10/site-packages/airflow/example_dags/example_trigger_target_dag.py
[2024-07-12T12:12:34.116+0100] {logging_mixin.py:188} INFO - [2024-07-12T12:12:34.115+0100] {dag.py:3096} INFO - Sync 1 DAGs
[2024-07-12T12:12:34.182+0100] {logging_mixin.py:188} INFO - [2024-07-12T12:12:34.181+0100] {dag.py:3954} INFO - Setting next_dagrun for example_trigger_target_dag to None, run_after=None
[2024-07-12T12:12:34.544+0100] {processor.py:183} INFO - Processing /home/victor/airflow_env/lib/python3.10/site-packages/airflow/example_dags/example_trigger_target_dag.py took 0.606 seconds
[2024-07-12T12:13:53.004+0100] {processor.py:161} INFO - Started process (PID=33350) to work on /home/victor/airflow_env/lib/python3.10/site-packages/airflow/example_dags/example_trigger_target_dag.py
[2024-07-12T12:13:53.012+0100] {processor.py:830} INFO - Processing file /home/victor/airflow_env/lib/python3.10/site-packages/airflow/example_dags/example_trigger_target_dag.py for tasks to queue
[2024-07-12T12:13:53.025+0100] {logging_mixin.py:188} INFO - [2024-07-12T12:13:53.023+0100] {dagbag.py:545} INFO - Filling up the DagBag from /home/victor/airflow_env/lib/python3.10/site-packages/airflow/example_dags/example_trigger_target_dag.py
[2024-07-12T12:13:53.091+0100] {processor.py:840} INFO - DAG(s) 'example_trigger_target_dag' retrieved from /home/victor/airflow_env/lib/python3.10/site-packages/airflow/example_dags/example_trigger_target_dag.py
[2024-07-12T12:13:53.272+0100] {logging_mixin.py:188} INFO - [2024-07-12T12:13:53.271+0100] {dag.py:3096} INFO - Sync 1 DAGs
[2024-07-12T12:13:53.423+0100] {logging_mixin.py:188} INFO - [2024-07-12T12:13:53.422+0100] {dag.py:3954} INFO - Setting next_dagrun for example_trigger_target_dag to None, run_after=None
[2024-07-12T12:13:54.096+0100] {processor.py:183} INFO - Processing /home/victor/airflow_env/lib/python3.10/site-packages/airflow/example_dags/example_trigger_target_dag.py took 1.134 seconds
[2024-07-12T12:15:22.560+0100] {processor.py:161} INFO - Started process (PID=33715) to work on /home/victor/airflow_env/lib/python3.10/site-packages/airflow/example_dags/example_trigger_target_dag.py
[2024-07-12T12:15:22.565+0100] {processor.py:830} INFO - Processing file /home/victor/airflow_env/lib/python3.10/site-packages/airflow/example_dags/example_trigger_target_dag.py for tasks to queue
[2024-07-12T12:15:22.574+0100] {logging_mixin.py:188} INFO - [2024-07-12T12:15:22.572+0100] {dagbag.py:545} INFO - Filling up the DagBag from /home/victor/airflow_env/lib/python3.10/site-packages/airflow/example_dags/example_trigger_target_dag.py
[2024-07-12T12:15:22.612+0100] {processor.py:840} INFO - DAG(s) 'example_trigger_target_dag' retrieved from /home/victor/airflow_env/lib/python3.10/site-packages/airflow/example_dags/example_trigger_target_dag.py
[2024-07-12T12:15:22.780+0100] {logging_mixin.py:188} INFO - [2024-07-12T12:15:22.778+0100] {dag.py:3096} INFO - Sync 1 DAGs
[2024-07-12T12:15:23.145+0100] {logging_mixin.py:188} INFO - [2024-07-12T12:15:23.144+0100] {dag.py:3954} INFO - Setting next_dagrun for example_trigger_target_dag to None, run_after=None
[2024-07-12T12:15:23.646+0100] {processor.py:183} INFO - Processing /home/victor/airflow_env/lib/python3.10/site-packages/airflow/example_dags/example_trigger_target_dag.py took 1.132 seconds
[2024-07-12T12:17:27.539+0100] {processor.py:161} INFO - Started process (PID=34212) to work on /home/victor/airflow_env/lib/python3.10/site-packages/airflow/example_dags/example_trigger_target_dag.py
[2024-07-12T12:17:27.543+0100] {processor.py:830} INFO - Processing file /home/victor/airflow_env/lib/python3.10/site-packages/airflow/example_dags/example_trigger_target_dag.py for tasks to queue
[2024-07-12T12:17:27.552+0100] {logging_mixin.py:188} INFO - [2024-07-12T12:17:27.550+0100] {dagbag.py:545} INFO - Filling up the DagBag from /home/victor/airflow_env/lib/python3.10/site-packages/airflow/example_dags/example_trigger_target_dag.py
[2024-07-12T12:17:27.586+0100] {processor.py:840} INFO - DAG(s) 'example_trigger_target_dag' retrieved from /home/victor/airflow_env/lib/python3.10/site-packages/airflow/example_dags/example_trigger_target_dag.py
[2024-07-12T12:17:27.699+0100] {logging_mixin.py:188} INFO - [2024-07-12T12:17:27.698+0100] {dag.py:3096} INFO - Sync 1 DAGs
[2024-07-12T12:17:27.775+0100] {logging_mixin.py:188} INFO - [2024-07-12T12:17:27.774+0100] {dag.py:3954} INFO - Setting next_dagrun for example_trigger_target_dag to None, run_after=None
[2024-07-12T12:17:28.086+0100] {processor.py:183} INFO - Processing /home/victor/airflow_env/lib/python3.10/site-packages/airflow/example_dags/example_trigger_target_dag.py took 0.575 seconds
[2024-07-12T12:19:07.645+0100] {processor.py:161} INFO - Started process (PID=34623) to work on /home/victor/airflow_env/lib/python3.10/site-packages/airflow/example_dags/example_trigger_target_dag.py
[2024-07-12T12:19:07.654+0100] {processor.py:830} INFO - Processing file /home/victor/airflow_env/lib/python3.10/site-packages/airflow/example_dags/example_trigger_target_dag.py for tasks to queue
[2024-07-12T12:19:07.668+0100] {logging_mixin.py:188} INFO - [2024-07-12T12:19:07.666+0100] {dagbag.py:545} INFO - Filling up the DagBag from /home/victor/airflow_env/lib/python3.10/site-packages/airflow/example_dags/example_trigger_target_dag.py
[2024-07-12T12:19:07.720+0100] {processor.py:840} INFO - DAG(s) 'example_trigger_target_dag' retrieved from /home/victor/airflow_env/lib/python3.10/site-packages/airflow/example_dags/example_trigger_target_dag.py
[2024-07-12T12:19:07.866+0100] {logging_mixin.py:188} INFO - [2024-07-12T12:19:07.865+0100] {dag.py:3096} INFO - Sync 1 DAGs
[2024-07-12T12:19:07.943+0100] {logging_mixin.py:188} INFO - [2024-07-12T12:19:07.942+0100] {dag.py:3954} INFO - Setting next_dagrun for example_trigger_target_dag to None, run_after=None
[2024-07-12T12:19:08.391+0100] {processor.py:183} INFO - Processing /home/victor/airflow_env/lib/python3.10/site-packages/airflow/example_dags/example_trigger_target_dag.py took 0.823 seconds
[2024-07-12T12:20:51.627+0100] {processor.py:161} INFO - Started process (PID=35042) to work on /home/victor/airflow_env/lib/python3.10/site-packages/airflow/example_dags/example_trigger_target_dag.py
[2024-07-12T12:20:51.631+0100] {processor.py:830} INFO - Processing file /home/victor/airflow_env/lib/python3.10/site-packages/airflow/example_dags/example_trigger_target_dag.py for tasks to queue
[2024-07-12T12:20:51.639+0100] {logging_mixin.py:188} INFO - [2024-07-12T12:20:51.637+0100] {dagbag.py:545} INFO - Filling up the DagBag from /home/victor/airflow_env/lib/python3.10/site-packages/airflow/example_dags/example_trigger_target_dag.py
[2024-07-12T12:20:51.713+0100] {processor.py:840} INFO - DAG(s) 'example_trigger_target_dag' retrieved from /home/victor/airflow_env/lib/python3.10/site-packages/airflow/example_dags/example_trigger_target_dag.py
[2024-07-12T12:20:51.817+0100] {logging_mixin.py:188} INFO - [2024-07-12T12:20:51.816+0100] {dag.py:3096} INFO - Sync 1 DAGs
[2024-07-12T12:20:51.898+0100] {logging_mixin.py:188} INFO - [2024-07-12T12:20:51.897+0100] {dag.py:3954} INFO - Setting next_dagrun for example_trigger_target_dag to None, run_after=None
[2024-07-12T12:20:52.274+0100] {processor.py:183} INFO - Processing /home/victor/airflow_env/lib/python3.10/site-packages/airflow/example_dags/example_trigger_target_dag.py took 0.676 seconds
[2024-07-12T12:22:19.796+0100] {processor.py:161} INFO - Started process (PID=35405) to work on /home/victor/airflow_env/lib/python3.10/site-packages/airflow/example_dags/example_trigger_target_dag.py
[2024-07-12T12:22:19.800+0100] {processor.py:830} INFO - Processing file /home/victor/airflow_env/lib/python3.10/site-packages/airflow/example_dags/example_trigger_target_dag.py for tasks to queue
[2024-07-12T12:22:19.808+0100] {logging_mixin.py:188} INFO - [2024-07-12T12:22:19.807+0100] {dagbag.py:545} INFO - Filling up the DagBag from /home/victor/airflow_env/lib/python3.10/site-packages/airflow/example_dags/example_trigger_target_dag.py
[2024-07-12T12:22:19.841+0100] {processor.py:840} INFO - DAG(s) 'example_trigger_target_dag' retrieved from /home/victor/airflow_env/lib/python3.10/site-packages/airflow/example_dags/example_trigger_target_dag.py
[2024-07-12T12:22:19.935+0100] {logging_mixin.py:188} INFO - [2024-07-12T12:22:19.934+0100] {dag.py:3096} INFO - Sync 1 DAGs
[2024-07-12T12:22:20.002+0100] {logging_mixin.py:188} INFO - [2024-07-12T12:22:20.001+0100] {dag.py:3954} INFO - Setting next_dagrun for example_trigger_target_dag to None, run_after=None
[2024-07-12T12:22:20.297+0100] {processor.py:183} INFO - Processing /home/victor/airflow_env/lib/python3.10/site-packages/airflow/example_dags/example_trigger_target_dag.py took 0.532 seconds
[2024-07-12T12:23:47.143+0100] {processor.py:161} INFO - Started process (PID=35764) to work on /home/victor/airflow_env/lib/python3.10/site-packages/airflow/example_dags/example_trigger_target_dag.py
[2024-07-12T12:23:47.148+0100] {processor.py:830} INFO - Processing file /home/victor/airflow_env/lib/python3.10/site-packages/airflow/example_dags/example_trigger_target_dag.py for tasks to queue
[2024-07-12T12:23:47.156+0100] {logging_mixin.py:188} INFO - [2024-07-12T12:23:47.154+0100] {dagbag.py:545} INFO - Filling up the DagBag from /home/victor/airflow_env/lib/python3.10/site-packages/airflow/example_dags/example_trigger_target_dag.py
[2024-07-12T12:23:47.188+0100] {processor.py:840} INFO - DAG(s) 'example_trigger_target_dag' retrieved from /home/victor/airflow_env/lib/python3.10/site-packages/airflow/example_dags/example_trigger_target_dag.py
[2024-07-12T12:23:47.299+0100] {logging_mixin.py:188} INFO - [2024-07-12T12:23:47.298+0100] {dag.py:3096} INFO - Sync 1 DAGs
[2024-07-12T12:23:47.427+0100] {logging_mixin.py:188} INFO - [2024-07-12T12:23:47.423+0100] {dag.py:3954} INFO - Setting next_dagrun for example_trigger_target_dag to None, run_after=None
[2024-07-12T12:23:48.065+0100] {processor.py:183} INFO - Processing /home/victor/airflow_env/lib/python3.10/site-packages/airflow/example_dags/example_trigger_target_dag.py took 0.952 seconds
[2024-07-12T12:25:29.589+0100] {processor.py:161} INFO - Started process (PID=36177) to work on /home/victor/airflow_env/lib/python3.10/site-packages/airflow/example_dags/example_trigger_target_dag.py
[2024-07-12T12:25:29.594+0100] {processor.py:830} INFO - Processing file /home/victor/airflow_env/lib/python3.10/site-packages/airflow/example_dags/example_trigger_target_dag.py for tasks to queue
[2024-07-12T12:25:29.607+0100] {logging_mixin.py:188} INFO - [2024-07-12T12:25:29.604+0100] {dagbag.py:545} INFO - Filling up the DagBag from /home/victor/airflow_env/lib/python3.10/site-packages/airflow/example_dags/example_trigger_target_dag.py
[2024-07-12T12:25:29.654+0100] {processor.py:840} INFO - DAG(s) 'example_trigger_target_dag' retrieved from /home/victor/airflow_env/lib/python3.10/site-packages/airflow/example_dags/example_trigger_target_dag.py
[2024-07-12T12:25:29.757+0100] {logging_mixin.py:188} INFO - [2024-07-12T12:25:29.756+0100] {dag.py:3096} INFO - Sync 1 DAGs
[2024-07-12T12:25:29.829+0100] {logging_mixin.py:188} INFO - [2024-07-12T12:25:29.828+0100] {dag.py:3954} INFO - Setting next_dagrun for example_trigger_target_dag to None, run_after=None
[2024-07-12T12:25:30.193+0100] {processor.py:183} INFO - Processing /home/victor/airflow_env/lib/python3.10/site-packages/airflow/example_dags/example_trigger_target_dag.py took 0.646 seconds
[2024-07-12T12:27:04.983+0100] {processor.py:161} INFO - Started process (PID=36564) to work on /home/victor/airflow_env/lib/python3.10/site-packages/airflow/example_dags/example_trigger_target_dag.py
[2024-07-12T12:27:04.990+0100] {processor.py:830} INFO - Processing file /home/victor/airflow_env/lib/python3.10/site-packages/airflow/example_dags/example_trigger_target_dag.py for tasks to queue
[2024-07-12T12:27:04.999+0100] {logging_mixin.py:188} INFO - [2024-07-12T12:27:04.997+0100] {dagbag.py:545} INFO - Filling up the DagBag from /home/victor/airflow_env/lib/python3.10/site-packages/airflow/example_dags/example_trigger_target_dag.py
[2024-07-12T12:27:05.033+0100] {processor.py:840} INFO - DAG(s) 'example_trigger_target_dag' retrieved from /home/victor/airflow_env/lib/python3.10/site-packages/airflow/example_dags/example_trigger_target_dag.py
[2024-07-12T12:27:05.144+0100] {logging_mixin.py:188} INFO - [2024-07-12T12:27:05.143+0100] {dag.py:3096} INFO - Sync 1 DAGs
[2024-07-12T12:27:05.210+0100] {logging_mixin.py:188} INFO - [2024-07-12T12:27:05.209+0100] {dag.py:3954} INFO - Setting next_dagrun for example_trigger_target_dag to None, run_after=None
[2024-07-12T12:27:05.542+0100] {processor.py:183} INFO - Processing /home/victor/airflow_env/lib/python3.10/site-packages/airflow/example_dags/example_trigger_target_dag.py took 0.593 seconds
[2024-07-12T12:28:35.167+0100] {processor.py:161} INFO - Started process (PID=36931) to work on /home/victor/airflow_env/lib/python3.10/site-packages/airflow/example_dags/example_trigger_target_dag.py
[2024-07-12T12:28:35.172+0100] {processor.py:830} INFO - Processing file /home/victor/airflow_env/lib/python3.10/site-packages/airflow/example_dags/example_trigger_target_dag.py for tasks to queue
[2024-07-12T12:28:35.180+0100] {logging_mixin.py:188} INFO - [2024-07-12T12:28:35.178+0100] {dagbag.py:545} INFO - Filling up the DagBag from /home/victor/airflow_env/lib/python3.10/site-packages/airflow/example_dags/example_trigger_target_dag.py
[2024-07-12T12:28:35.211+0100] {processor.py:840} INFO - DAG(s) 'example_trigger_target_dag' retrieved from /home/victor/airflow_env/lib/python3.10/site-packages/airflow/example_dags/example_trigger_target_dag.py
[2024-07-12T12:28:35.311+0100] {logging_mixin.py:188} INFO - [2024-07-12T12:28:35.310+0100] {dag.py:3096} INFO - Sync 1 DAGs
[2024-07-12T12:28:35.380+0100] {logging_mixin.py:188} INFO - [2024-07-12T12:28:35.379+0100] {dag.py:3954} INFO - Setting next_dagrun for example_trigger_target_dag to None, run_after=None
[2024-07-12T12:28:35.744+0100] {processor.py:183} INFO - Processing /home/victor/airflow_env/lib/python3.10/site-packages/airflow/example_dags/example_trigger_target_dag.py took 0.607 seconds
[2024-07-12T12:30:08.876+0100] {processor.py:161} INFO - Started process (PID=37315) to work on /home/victor/airflow_env/lib/python3.10/site-packages/airflow/example_dags/example_trigger_target_dag.py
[2024-07-12T12:30:08.882+0100] {processor.py:830} INFO - Processing file /home/victor/airflow_env/lib/python3.10/site-packages/airflow/example_dags/example_trigger_target_dag.py for tasks to queue
[2024-07-12T12:30:08.901+0100] {logging_mixin.py:188} INFO - [2024-07-12T12:30:08.892+0100] {dagbag.py:545} INFO - Filling up the DagBag from /home/victor/airflow_env/lib/python3.10/site-packages/airflow/example_dags/example_trigger_target_dag.py
[2024-07-12T12:30:08.947+0100] {processor.py:840} INFO - DAG(s) 'example_trigger_target_dag' retrieved from /home/victor/airflow_env/lib/python3.10/site-packages/airflow/example_dags/example_trigger_target_dag.py
[2024-07-12T12:30:09.047+0100] {logging_mixin.py:188} INFO - [2024-07-12T12:30:09.046+0100] {dag.py:3096} INFO - Sync 1 DAGs
[2024-07-12T12:30:09.124+0100] {logging_mixin.py:188} INFO - [2024-07-12T12:30:09.123+0100] {dag.py:3954} INFO - Setting next_dagrun for example_trigger_target_dag to None, run_after=None
[2024-07-12T12:30:09.452+0100] {processor.py:183} INFO - Processing /home/victor/airflow_env/lib/python3.10/site-packages/airflow/example_dags/example_trigger_target_dag.py took 0.626 seconds
[2024-07-12T12:31:39.013+0100] {processor.py:161} INFO - Started process (PID=37688) to work on /home/victor/airflow_env/lib/python3.10/site-packages/airflow/example_dags/example_trigger_target_dag.py
[2024-07-12T12:31:39.017+0100] {processor.py:830} INFO - Processing file /home/victor/airflow_env/lib/python3.10/site-packages/airflow/example_dags/example_trigger_target_dag.py for tasks to queue
[2024-07-12T12:31:39.026+0100] {logging_mixin.py:188} INFO - [2024-07-12T12:31:39.024+0100] {dagbag.py:545} INFO - Filling up the DagBag from /home/victor/airflow_env/lib/python3.10/site-packages/airflow/example_dags/example_trigger_target_dag.py
[2024-07-12T12:31:39.063+0100] {processor.py:840} INFO - DAG(s) 'example_trigger_target_dag' retrieved from /home/victor/airflow_env/lib/python3.10/site-packages/airflow/example_dags/example_trigger_target_dag.py
[2024-07-12T12:31:39.166+0100] {logging_mixin.py:188} INFO - [2024-07-12T12:31:39.165+0100] {dag.py:3096} INFO - Sync 1 DAGs
[2024-07-12T12:31:39.239+0100] {logging_mixin.py:188} INFO - [2024-07-12T12:31:39.238+0100] {dag.py:3954} INFO - Setting next_dagrun for example_trigger_target_dag to None, run_after=None
[2024-07-12T12:31:39.617+0100] {processor.py:183} INFO - Processing /home/victor/airflow_env/lib/python3.10/site-packages/airflow/example_dags/example_trigger_target_dag.py took 0.634 seconds
[2024-07-12T12:33:04.691+0100] {processor.py:161} INFO - Started process (PID=38043) to work on /home/victor/airflow_env/lib/python3.10/site-packages/airflow/example_dags/example_trigger_target_dag.py
[2024-07-12T12:33:04.695+0100] {processor.py:830} INFO - Processing file /home/victor/airflow_env/lib/python3.10/site-packages/airflow/example_dags/example_trigger_target_dag.py for tasks to queue
[2024-07-12T12:33:04.704+0100] {logging_mixin.py:188} INFO - [2024-07-12T12:33:04.701+0100] {dagbag.py:545} INFO - Filling up the DagBag from /home/victor/airflow_env/lib/python3.10/site-packages/airflow/example_dags/example_trigger_target_dag.py
[2024-07-12T12:33:04.743+0100] {processor.py:840} INFO - DAG(s) 'example_trigger_target_dag' retrieved from /home/victor/airflow_env/lib/python3.10/site-packages/airflow/example_dags/example_trigger_target_dag.py
[2024-07-12T12:33:04.865+0100] {logging_mixin.py:188} INFO - [2024-07-12T12:33:04.864+0100] {dag.py:3096} INFO - Sync 1 DAGs
[2024-07-12T12:33:04.938+0100] {logging_mixin.py:188} INFO - [2024-07-12T12:33:04.937+0100] {dag.py:3954} INFO - Setting next_dagrun for example_trigger_target_dag to None, run_after=None
[2024-07-12T12:33:05.236+0100] {processor.py:183} INFO - Processing /home/victor/airflow_env/lib/python3.10/site-packages/airflow/example_dags/example_trigger_target_dag.py took 0.574 seconds
