[2024-07-12T11:07:06.166+0100] {processor.py:161} INFO - Started process (PID=16509) to work on /home/victor/airflow_env/lib/python3.10/site-packages/airflow/example_dags/example_branch_datetime_operator.py
[2024-07-12T11:07:06.171+0100] {processor.py:830} INFO - Processing file /home/victor/airflow_env/lib/python3.10/site-packages/airflow/example_dags/example_branch_datetime_operator.py for tasks to queue
[2024-07-12T11:07:06.179+0100] {logging_mixin.py:188} INFO - [2024-07-12T11:07:06.177+0100] {dagbag.py:545} INFO - Filling up the DagBag from /home/victor/airflow_env/lib/python3.10/site-packages/airflow/example_dags/example_branch_datetime_operator.py
[2024-07-12T11:07:06.232+0100] {processor.py:840} INFO - DAG(s) 'example_branch_datetime_operator_2', 'example_branch_datetime_operator', 'example_branch_datetime_operator_3' retrieved from /home/victor/airflow_env/lib/python3.10/site-packages/airflow/example_dags/example_branch_datetime_operator.py
[2024-07-12T11:07:06.999+0100] {logging_mixin.py:188} INFO - [2024-07-12T11:07:06.997+0100] {override.py:1847} INFO - Created Permission View: can edit on DAG:example_branch_datetime_operator_2
[2024-07-12T11:07:07.233+0100] {logging_mixin.py:188} INFO - [2024-07-12T11:07:07.231+0100] {override.py:1847} INFO - Created Permission View: can read on DAG:example_branch_datetime_operator_2
[2024-07-12T11:07:08.035+0100] {logging_mixin.py:188} INFO - [2024-07-12T11:07:08.033+0100] {override.py:1847} INFO - Created Permission View: can delete on DAG:example_branch_datetime_operator_2
[2024-07-12T11:07:08.811+0100] {logging_mixin.py:188} INFO - [2024-07-12T11:07:08.809+0100] {override.py:1847} INFO - Created Permission View: can edit on DAG:example_branch_datetime_operator
[2024-07-12T11:07:09.232+0100] {logging_mixin.py:188} INFO - [2024-07-12T11:07:09.230+0100] {override.py:1847} INFO - Created Permission View: can read on DAG:example_branch_datetime_operator
[2024-07-12T11:07:09.694+0100] {logging_mixin.py:188} INFO - [2024-07-12T11:07:09.692+0100] {override.py:1847} INFO - Created Permission View: can delete on DAG:example_branch_datetime_operator
[2024-07-12T11:07:10.733+0100] {logging_mixin.py:188} INFO - [2024-07-12T11:07:10.731+0100] {override.py:1847} INFO - Created Permission View: can edit on DAG:example_branch_datetime_operator_3
[2024-07-12T11:07:11.289+0100] {logging_mixin.py:188} INFO - [2024-07-12T11:07:11.288+0100] {override.py:1847} INFO - Created Permission View: can read on DAG:example_branch_datetime_operator_3
[2024-07-12T11:07:11.685+0100] {logging_mixin.py:188} INFO - [2024-07-12T11:07:11.683+0100] {override.py:1847} INFO - Created Permission View: can delete on DAG:example_branch_datetime_operator_3
[2024-07-12T11:07:11.689+0100] {logging_mixin.py:188} INFO - [2024-07-12T11:07:11.687+0100] {dag.py:3096} INFO - Sync 3 DAGs
[2024-07-12T11:07:11.818+0100] {logging_mixin.py:188} INFO - [2024-07-12T11:07:11.817+0100] {dag.py:3118} INFO - Creating ORM DAG for example_branch_datetime_operator
[2024-07-12T11:07:11.823+0100] {logging_mixin.py:188} INFO - [2024-07-12T11:07:11.822+0100] {dag.py:3118} INFO - Creating ORM DAG for example_branch_datetime_operator_2
[2024-07-12T11:07:11.829+0100] {logging_mixin.py:188} INFO - [2024-07-12T11:07:11.827+0100] {dag.py:3118} INFO - Creating ORM DAG for example_branch_datetime_operator_3
[2024-07-12T11:07:11.904+0100] {logging_mixin.py:188} INFO - [2024-07-12T11:07:11.903+0100] {dag.py:3954} INFO - Setting next_dagrun for example_branch_datetime_operator to 2024-07-11 00:00:00+00:00, run_after=2024-07-12 00:00:00+00:00
[2024-07-12T11:07:11.923+0100] {logging_mixin.py:188} INFO - [2024-07-12T11:07:11.922+0100] {dag.py:3954} INFO - Setting next_dagrun for example_branch_datetime_operator_2 to 2024-07-11 00:00:00+00:00, run_after=2024-07-12 00:00:00+00:00
[2024-07-12T11:07:11.958+0100] {logging_mixin.py:188} INFO - [2024-07-12T11:07:11.957+0100] {dag.py:3954} INFO - Setting next_dagrun for example_branch_datetime_operator_3 to 2024-07-11 00:00:00+00:00, run_after=2024-07-12 00:00:00+00:00
[2024-07-12T11:07:12.407+0100] {processor.py:183} INFO - Processing /home/victor/airflow_env/lib/python3.10/site-packages/airflow/example_dags/example_branch_datetime_operator.py took 6.273 seconds
[2024-07-12T11:11:45.168+0100] {processor.py:161} INFO - Started process (PID=17618) to work on /home/victor/airflow_env/lib/python3.10/site-packages/airflow/example_dags/example_branch_datetime_operator.py
[2024-07-12T11:11:45.172+0100] {processor.py:830} INFO - Processing file /home/victor/airflow_env/lib/python3.10/site-packages/airflow/example_dags/example_branch_datetime_operator.py for tasks to queue
[2024-07-12T11:11:45.181+0100] {logging_mixin.py:188} INFO - [2024-07-12T11:11:45.179+0100] {dagbag.py:545} INFO - Filling up the DagBag from /home/victor/airflow_env/lib/python3.10/site-packages/airflow/example_dags/example_branch_datetime_operator.py
[2024-07-12T11:11:45.615+0100] {processor.py:840} INFO - DAG(s) 'example_branch_datetime_operator_2', 'example_branch_datetime_operator', 'example_branch_datetime_operator_3' retrieved from /home/victor/airflow_env/lib/python3.10/site-packages/airflow/example_dags/example_branch_datetime_operator.py
[2024-07-12T11:11:45.738+0100] {logging_mixin.py:188} INFO - [2024-07-12T11:11:45.737+0100] {dag.py:3096} INFO - Sync 3 DAGs
[2024-07-12T11:11:45.849+0100] {logging_mixin.py:188} INFO - [2024-07-12T11:11:45.849+0100] {dag.py:3954} INFO - Setting next_dagrun for example_branch_datetime_operator to 2024-07-11 00:00:00+00:00, run_after=2024-07-12 00:00:00+00:00
[2024-07-12T11:11:45.876+0100] {logging_mixin.py:188} INFO - [2024-07-12T11:11:45.875+0100] {dag.py:3954} INFO - Setting next_dagrun for example_branch_datetime_operator_2 to 2024-07-11 00:00:00+00:00, run_after=2024-07-12 00:00:00+00:00
[2024-07-12T11:11:45.892+0100] {logging_mixin.py:188} INFO - [2024-07-12T11:11:45.891+0100] {dag.py:3954} INFO - Setting next_dagrun for example_branch_datetime_operator_3 to 2024-07-11 00:00:00+00:00, run_after=2024-07-12 00:00:00+00:00
[2024-07-12T11:11:46.162+0100] {processor.py:183} INFO - Processing /home/victor/airflow_env/lib/python3.10/site-packages/airflow/example_dags/example_branch_datetime_operator.py took 1.022 seconds
[2024-07-12T11:15:21.890+0100] {processor.py:161} INFO - Started process (PID=18502) to work on /home/victor/airflow_env/lib/python3.10/site-packages/airflow/example_dags/example_branch_datetime_operator.py
[2024-07-12T11:15:21.895+0100] {processor.py:830} INFO - Processing file /home/victor/airflow_env/lib/python3.10/site-packages/airflow/example_dags/example_branch_datetime_operator.py for tasks to queue
[2024-07-12T11:15:21.911+0100] {logging_mixin.py:188} INFO - [2024-07-12T11:15:21.907+0100] {dagbag.py:545} INFO - Filling up the DagBag from /home/victor/airflow_env/lib/python3.10/site-packages/airflow/example_dags/example_branch_datetime_operator.py
[2024-07-12T11:15:21.990+0100] {processor.py:840} INFO - DAG(s) 'example_branch_datetime_operator_2', 'example_branch_datetime_operator', 'example_branch_datetime_operator_3' retrieved from /home/victor/airflow_env/lib/python3.10/site-packages/airflow/example_dags/example_branch_datetime_operator.py
[2024-07-12T11:15:22.263+0100] {logging_mixin.py:188} INFO - [2024-07-12T11:15:22.261+0100] {dag.py:3096} INFO - Sync 3 DAGs
[2024-07-12T11:15:22.484+0100] {logging_mixin.py:188} INFO - [2024-07-12T11:15:22.482+0100] {dag.py:3954} INFO - Setting next_dagrun for example_branch_datetime_operator to 2024-07-11 00:00:00+00:00, run_after=2024-07-12 00:00:00+00:00
[2024-07-12T11:15:22.525+0100] {logging_mixin.py:188} INFO - [2024-07-12T11:15:22.523+0100] {dag.py:3954} INFO - Setting next_dagrun for example_branch_datetime_operator_2 to 2024-07-11 00:00:00+00:00, run_after=2024-07-12 00:00:00+00:00
[2024-07-12T11:15:22.555+0100] {logging_mixin.py:188} INFO - [2024-07-12T11:15:22.554+0100] {dag.py:3954} INFO - Setting next_dagrun for example_branch_datetime_operator_3 to 2024-07-11 00:00:00+00:00, run_after=2024-07-12 00:00:00+00:00
[2024-07-12T11:15:22.969+0100] {processor.py:183} INFO - Processing /home/victor/airflow_env/lib/python3.10/site-packages/airflow/example_dags/example_branch_datetime_operator.py took 1.120 seconds
[2024-07-12T11:19:21.224+0100] {processor.py:161} INFO - Started process (PID=19483) to work on /home/victor/airflow_env/lib/python3.10/site-packages/airflow/example_dags/example_branch_datetime_operator.py
[2024-07-12T11:19:21.228+0100] {processor.py:830} INFO - Processing file /home/victor/airflow_env/lib/python3.10/site-packages/airflow/example_dags/example_branch_datetime_operator.py for tasks to queue
[2024-07-12T11:19:21.237+0100] {logging_mixin.py:188} INFO - [2024-07-12T11:19:21.235+0100] {dagbag.py:545} INFO - Filling up the DagBag from /home/victor/airflow_env/lib/python3.10/site-packages/airflow/example_dags/example_branch_datetime_operator.py
[2024-07-12T11:19:21.294+0100] {processor.py:840} INFO - DAG(s) 'example_branch_datetime_operator_3', 'example_branch_datetime_operator', 'example_branch_datetime_operator_2' retrieved from /home/victor/airflow_env/lib/python3.10/site-packages/airflow/example_dags/example_branch_datetime_operator.py
[2024-07-12T11:19:21.484+0100] {logging_mixin.py:188} INFO - [2024-07-12T11:19:21.483+0100] {dag.py:3096} INFO - Sync 3 DAGs
[2024-07-12T11:19:21.625+0100] {logging_mixin.py:188} INFO - [2024-07-12T11:19:21.624+0100] {dag.py:3954} INFO - Setting next_dagrun for example_branch_datetime_operator to 2024-07-11 00:00:00+00:00, run_after=2024-07-12 00:00:00+00:00
[2024-07-12T11:19:21.656+0100] {logging_mixin.py:188} INFO - [2024-07-12T11:19:21.655+0100] {dag.py:3954} INFO - Setting next_dagrun for example_branch_datetime_operator_2 to 2024-07-11 00:00:00+00:00, run_after=2024-07-12 00:00:00+00:00
[2024-07-12T11:19:21.676+0100] {logging_mixin.py:188} INFO - [2024-07-12T11:19:21.675+0100] {dag.py:3954} INFO - Setting next_dagrun for example_branch_datetime_operator_3 to 2024-07-11 00:00:00+00:00, run_after=2024-07-12 00:00:00+00:00
[2024-07-12T11:19:21.994+0100] {processor.py:183} INFO - Processing /home/victor/airflow_env/lib/python3.10/site-packages/airflow/example_dags/example_branch_datetime_operator.py took 0.802 seconds
[2024-07-12T11:22:36.739+0100] {processor.py:161} INFO - Started process (PID=20291) to work on /home/victor/airflow_env/lib/python3.10/site-packages/airflow/example_dags/example_branch_datetime_operator.py
[2024-07-12T11:22:36.754+0100] {processor.py:830} INFO - Processing file /home/victor/airflow_env/lib/python3.10/site-packages/airflow/example_dags/example_branch_datetime_operator.py for tasks to queue
[2024-07-12T11:22:36.764+0100] {logging_mixin.py:188} INFO - [2024-07-12T11:22:36.762+0100] {dagbag.py:545} INFO - Filling up the DagBag from /home/victor/airflow_env/lib/python3.10/site-packages/airflow/example_dags/example_branch_datetime_operator.py
[2024-07-12T11:22:36.839+0100] {processor.py:840} INFO - DAG(s) 'example_branch_datetime_operator_2', 'example_branch_datetime_operator', 'example_branch_datetime_operator_3' retrieved from /home/victor/airflow_env/lib/python3.10/site-packages/airflow/example_dags/example_branch_datetime_operator.py
[2024-07-12T11:22:37.120+0100] {logging_mixin.py:188} INFO - [2024-07-12T11:22:37.119+0100] {dag.py:3096} INFO - Sync 3 DAGs
[2024-07-12T11:22:37.351+0100] {logging_mixin.py:188} INFO - [2024-07-12T11:22:37.349+0100] {dag.py:3954} INFO - Setting next_dagrun for example_branch_datetime_operator to 2024-07-11 00:00:00+00:00, run_after=2024-07-12 00:00:00+00:00
[2024-07-12T11:22:37.398+0100] {logging_mixin.py:188} INFO - [2024-07-12T11:22:37.398+0100] {dag.py:3954} INFO - Setting next_dagrun for example_branch_datetime_operator_2 to 2024-07-11 00:00:00+00:00, run_after=2024-07-12 00:00:00+00:00
[2024-07-12T11:22:37.418+0100] {logging_mixin.py:188} INFO - [2024-07-12T11:22:37.417+0100] {dag.py:3954} INFO - Setting next_dagrun for example_branch_datetime_operator_3 to 2024-07-11 00:00:00+00:00, run_after=2024-07-12 00:00:00+00:00
[2024-07-12T11:22:37.865+0100] {processor.py:183} INFO - Processing /home/victor/airflow_env/lib/python3.10/site-packages/airflow/example_dags/example_branch_datetime_operator.py took 1.184 seconds
[2024-07-12T11:25:44.040+0100] {processor.py:161} INFO - Started process (PID=21066) to work on /home/victor/airflow_env/lib/python3.10/site-packages/airflow/example_dags/example_branch_datetime_operator.py
[2024-07-12T11:25:44.045+0100] {processor.py:830} INFO - Processing file /home/victor/airflow_env/lib/python3.10/site-packages/airflow/example_dags/example_branch_datetime_operator.py for tasks to queue
[2024-07-12T11:25:44.058+0100] {logging_mixin.py:188} INFO - [2024-07-12T11:25:44.055+0100] {dagbag.py:545} INFO - Filling up the DagBag from /home/victor/airflow_env/lib/python3.10/site-packages/airflow/example_dags/example_branch_datetime_operator.py
[2024-07-12T11:25:44.147+0100] {processor.py:840} INFO - DAG(s) 'example_branch_datetime_operator_2', 'example_branch_datetime_operator', 'example_branch_datetime_operator_3' retrieved from /home/victor/airflow_env/lib/python3.10/site-packages/airflow/example_dags/example_branch_datetime_operator.py
[2024-07-12T11:25:44.460+0100] {logging_mixin.py:188} INFO - [2024-07-12T11:25:44.459+0100] {dag.py:3096} INFO - Sync 3 DAGs
[2024-07-12T11:25:44.834+0100] {logging_mixin.py:188} INFO - [2024-07-12T11:25:44.833+0100] {dag.py:3954} INFO - Setting next_dagrun for example_branch_datetime_operator to 2024-07-11 00:00:00+00:00, run_after=2024-07-12 00:00:00+00:00
[2024-07-12T11:25:44.928+0100] {logging_mixin.py:188} INFO - [2024-07-12T11:25:44.917+0100] {dag.py:3954} INFO - Setting next_dagrun for example_branch_datetime_operator_2 to 2024-07-11 00:00:00+00:00, run_after=2024-07-12 00:00:00+00:00
[2024-07-12T11:25:44.976+0100] {logging_mixin.py:188} INFO - [2024-07-12T11:25:44.965+0100] {dag.py:3954} INFO - Setting next_dagrun for example_branch_datetime_operator_3 to 2024-07-11 00:00:00+00:00, run_after=2024-07-12 00:00:00+00:00
[2024-07-12T11:25:45.521+0100] {processor.py:183} INFO - Processing /home/victor/airflow_env/lib/python3.10/site-packages/airflow/example_dags/example_branch_datetime_operator.py took 1.535 seconds
[2024-07-12T11:29:02.780+0100] {processor.py:161} INFO - Started process (PID=21875) to work on /home/victor/airflow_env/lib/python3.10/site-packages/airflow/example_dags/example_branch_datetime_operator.py
[2024-07-12T11:29:02.788+0100] {processor.py:830} INFO - Processing file /home/victor/airflow_env/lib/python3.10/site-packages/airflow/example_dags/example_branch_datetime_operator.py for tasks to queue
[2024-07-12T11:29:02.800+0100] {logging_mixin.py:188} INFO - [2024-07-12T11:29:02.797+0100] {dagbag.py:545} INFO - Filling up the DagBag from /home/victor/airflow_env/lib/python3.10/site-packages/airflow/example_dags/example_branch_datetime_operator.py
[2024-07-12T11:29:02.857+0100] {processor.py:840} INFO - DAG(s) 'example_branch_datetime_operator_2', 'example_branch_datetime_operator', 'example_branch_datetime_operator_3' retrieved from /home/victor/airflow_env/lib/python3.10/site-packages/airflow/example_dags/example_branch_datetime_operator.py
[2024-07-12T11:29:03.014+0100] {logging_mixin.py:188} INFO - [2024-07-12T11:29:03.014+0100] {dag.py:3096} INFO - Sync 3 DAGs
[2024-07-12T11:29:03.155+0100] {logging_mixin.py:188} INFO - [2024-07-12T11:29:03.154+0100] {dag.py:3954} INFO - Setting next_dagrun for example_branch_datetime_operator to 2024-07-11 00:00:00+00:00, run_after=2024-07-12 00:00:00+00:00
[2024-07-12T11:29:03.186+0100] {logging_mixin.py:188} INFO - [2024-07-12T11:29:03.185+0100] {dag.py:3954} INFO - Setting next_dagrun for example_branch_datetime_operator_2 to 2024-07-11 00:00:00+00:00, run_after=2024-07-12 00:00:00+00:00
[2024-07-12T11:29:03.206+0100] {logging_mixin.py:188} INFO - [2024-07-12T11:29:03.205+0100] {dag.py:3954} INFO - Setting next_dagrun for example_branch_datetime_operator_3 to 2024-07-11 00:00:00+00:00, run_after=2024-07-12 00:00:00+00:00
[2024-07-12T11:29:03.562+0100] {processor.py:183} INFO - Processing /home/victor/airflow_env/lib/python3.10/site-packages/airflow/example_dags/example_branch_datetime_operator.py took 0.813 seconds
[2024-07-12T11:33:46.385+0100] {processor.py:161} INFO - Started process (PID=23409) to work on /home/victor/airflow_env/lib/python3.10/site-packages/airflow/example_dags/example_branch_datetime_operator.py
[2024-07-12T11:33:46.390+0100] {processor.py:830} INFO - Processing file /home/victor/airflow_env/lib/python3.10/site-packages/airflow/example_dags/example_branch_datetime_operator.py for tasks to queue
[2024-07-12T11:33:46.399+0100] {logging_mixin.py:188} INFO - [2024-07-12T11:33:46.397+0100] {dagbag.py:545} INFO - Filling up the DagBag from /home/victor/airflow_env/lib/python3.10/site-packages/airflow/example_dags/example_branch_datetime_operator.py
[2024-07-12T11:33:46.464+0100] {processor.py:840} INFO - DAG(s) 'example_branch_datetime_operator', 'example_branch_datetime_operator_2', 'example_branch_datetime_operator_3' retrieved from /home/victor/airflow_env/lib/python3.10/site-packages/airflow/example_dags/example_branch_datetime_operator.py
[2024-07-12T11:33:46.631+0100] {logging_mixin.py:188} INFO - [2024-07-12T11:33:46.630+0100] {dag.py:3096} INFO - Sync 3 DAGs
[2024-07-12T11:33:46.856+0100] {logging_mixin.py:188} INFO - [2024-07-12T11:33:46.855+0100] {dag.py:3954} INFO - Setting next_dagrun for example_branch_datetime_operator to 2024-07-11 00:00:00+00:00, run_after=2024-07-12 00:00:00+00:00
[2024-07-12T11:33:46.892+0100] {logging_mixin.py:188} INFO - [2024-07-12T11:33:46.891+0100] {dag.py:3954} INFO - Setting next_dagrun for example_branch_datetime_operator_2 to 2024-07-11 00:00:00+00:00, run_after=2024-07-12 00:00:00+00:00
[2024-07-12T11:33:46.914+0100] {logging_mixin.py:188} INFO - [2024-07-12T11:33:46.913+0100] {dag.py:3954} INFO - Setting next_dagrun for example_branch_datetime_operator_3 to 2024-07-11 00:00:00+00:00, run_after=2024-07-12 00:00:00+00:00
[2024-07-12T11:33:47.307+0100] {processor.py:183} INFO - Processing /home/victor/airflow_env/lib/python3.10/site-packages/airflow/example_dags/example_branch_datetime_operator.py took 0.953 seconds
[2024-07-12T11:37:14.640+0100] {processor.py:161} INFO - Started process (PID=24299) to work on /home/victor/airflow_env/lib/python3.10/site-packages/airflow/example_dags/example_branch_datetime_operator.py
[2024-07-12T11:37:14.644+0100] {processor.py:830} INFO - Processing file /home/victor/airflow_env/lib/python3.10/site-packages/airflow/example_dags/example_branch_datetime_operator.py for tasks to queue
[2024-07-12T11:37:14.653+0100] {logging_mixin.py:188} INFO - [2024-07-12T11:37:14.651+0100] {dagbag.py:545} INFO - Filling up the DagBag from /home/victor/airflow_env/lib/python3.10/site-packages/airflow/example_dags/example_branch_datetime_operator.py
[2024-07-12T11:37:14.708+0100] {processor.py:840} INFO - DAG(s) 'example_branch_datetime_operator', 'example_branch_datetime_operator_3', 'example_branch_datetime_operator_2' retrieved from /home/victor/airflow_env/lib/python3.10/site-packages/airflow/example_dags/example_branch_datetime_operator.py
[2024-07-12T11:37:14.937+0100] {logging_mixin.py:188} INFO - [2024-07-12T11:37:14.936+0100] {dag.py:3096} INFO - Sync 3 DAGs
[2024-07-12T11:37:15.104+0100] {logging_mixin.py:188} INFO - [2024-07-12T11:37:15.102+0100] {dag.py:3954} INFO - Setting next_dagrun for example_branch_datetime_operator to 2024-07-11 00:00:00+00:00, run_after=2024-07-12 00:00:00+00:00
[2024-07-12T11:37:15.135+0100] {logging_mixin.py:188} INFO - [2024-07-12T11:37:15.134+0100] {dag.py:3954} INFO - Setting next_dagrun for example_branch_datetime_operator_2 to 2024-07-11 00:00:00+00:00, run_after=2024-07-12 00:00:00+00:00
[2024-07-12T11:37:15.153+0100] {logging_mixin.py:188} INFO - [2024-07-12T11:37:15.152+0100] {dag.py:3954} INFO - Setting next_dagrun for example_branch_datetime_operator_3 to 2024-07-11 00:00:00+00:00, run_after=2024-07-12 00:00:00+00:00
[2024-07-12T11:37:15.489+0100] {processor.py:183} INFO - Processing /home/victor/airflow_env/lib/python3.10/site-packages/airflow/example_dags/example_branch_datetime_operator.py took 0.877 seconds
[2024-07-12T11:40:05.939+0100] {processor.py:161} INFO - Started process (PID=25005) to work on /home/victor/airflow_env/lib/python3.10/site-packages/airflow/example_dags/example_branch_datetime_operator.py
[2024-07-12T11:40:05.953+0100] {processor.py:830} INFO - Processing file /home/victor/airflow_env/lib/python3.10/site-packages/airflow/example_dags/example_branch_datetime_operator.py for tasks to queue
[2024-07-12T11:40:05.964+0100] {logging_mixin.py:188} INFO - [2024-07-12T11:40:05.961+0100] {dagbag.py:545} INFO - Filling up the DagBag from /home/victor/airflow_env/lib/python3.10/site-packages/airflow/example_dags/example_branch_datetime_operator.py
[2024-07-12T11:40:06.037+0100] {processor.py:840} INFO - DAG(s) 'example_branch_datetime_operator', 'example_branch_datetime_operator_2', 'example_branch_datetime_operator_3' retrieved from /home/victor/airflow_env/lib/python3.10/site-packages/airflow/example_dags/example_branch_datetime_operator.py
[2024-07-12T11:40:06.235+0100] {logging_mixin.py:188} INFO - [2024-07-12T11:40:06.234+0100] {dag.py:3096} INFO - Sync 3 DAGs
[2024-07-12T11:40:06.376+0100] {logging_mixin.py:188} INFO - [2024-07-12T11:40:06.375+0100] {dag.py:3954} INFO - Setting next_dagrun for example_branch_datetime_operator to 2024-07-11 00:00:00+00:00, run_after=2024-07-12 00:00:00+00:00
[2024-07-12T11:40:06.407+0100] {logging_mixin.py:188} INFO - [2024-07-12T11:40:06.406+0100] {dag.py:3954} INFO - Setting next_dagrun for example_branch_datetime_operator_2 to 2024-07-11 00:00:00+00:00, run_after=2024-07-12 00:00:00+00:00
[2024-07-12T11:40:06.430+0100] {logging_mixin.py:188} INFO - [2024-07-12T11:40:06.429+0100] {dag.py:3954} INFO - Setting next_dagrun for example_branch_datetime_operator_3 to 2024-07-11 00:00:00+00:00, run_after=2024-07-12 00:00:00+00:00
[2024-07-12T11:40:06.736+0100] {processor.py:183} INFO - Processing /home/victor/airflow_env/lib/python3.10/site-packages/airflow/example_dags/example_branch_datetime_operator.py took 0.877 seconds
[2024-07-12T11:43:07.544+0100] {processor.py:161} INFO - Started process (PID=25745) to work on /home/victor/airflow_env/lib/python3.10/site-packages/airflow/example_dags/example_branch_datetime_operator.py
[2024-07-12T11:43:07.549+0100] {processor.py:830} INFO - Processing file /home/victor/airflow_env/lib/python3.10/site-packages/airflow/example_dags/example_branch_datetime_operator.py for tasks to queue
[2024-07-12T11:43:07.559+0100] {logging_mixin.py:188} INFO - [2024-07-12T11:43:07.557+0100] {dagbag.py:545} INFO - Filling up the DagBag from /home/victor/airflow_env/lib/python3.10/site-packages/airflow/example_dags/example_branch_datetime_operator.py
[2024-07-12T11:43:07.622+0100] {processor.py:840} INFO - DAG(s) 'example_branch_datetime_operator', 'example_branch_datetime_operator_3', 'example_branch_datetime_operator_2' retrieved from /home/victor/airflow_env/lib/python3.10/site-packages/airflow/example_dags/example_branch_datetime_operator.py
[2024-07-12T11:43:07.801+0100] {logging_mixin.py:188} INFO - [2024-07-12T11:43:07.800+0100] {dag.py:3096} INFO - Sync 3 DAGs
[2024-07-12T11:43:07.949+0100] {logging_mixin.py:188} INFO - [2024-07-12T11:43:07.948+0100] {dag.py:3954} INFO - Setting next_dagrun for example_branch_datetime_operator to 2024-07-11 00:00:00+00:00, run_after=2024-07-12 00:00:00+00:00
[2024-07-12T11:43:08.032+0100] {logging_mixin.py:188} INFO - [2024-07-12T11:43:08.024+0100] {dag.py:3954} INFO - Setting next_dagrun for example_branch_datetime_operator_2 to 2024-07-11 00:00:00+00:00, run_after=2024-07-12 00:00:00+00:00
[2024-07-12T11:43:08.064+0100] {logging_mixin.py:188} INFO - [2024-07-12T11:43:08.063+0100] {dag.py:3954} INFO - Setting next_dagrun for example_branch_datetime_operator_3 to 2024-07-11 00:00:00+00:00, run_after=2024-07-12 00:00:00+00:00
[2024-07-12T11:43:08.446+0100] {processor.py:183} INFO - Processing /home/victor/airflow_env/lib/python3.10/site-packages/airflow/example_dags/example_branch_datetime_operator.py took 0.936 seconds
[2024-07-12T11:45:55.252+0100] {processor.py:161} INFO - Started process (PID=26443) to work on /home/victor/airflow_env/lib/python3.10/site-packages/airflow/example_dags/example_branch_datetime_operator.py
[2024-07-12T11:45:55.257+0100] {processor.py:830} INFO - Processing file /home/victor/airflow_env/lib/python3.10/site-packages/airflow/example_dags/example_branch_datetime_operator.py for tasks to queue
[2024-07-12T11:45:55.275+0100] {logging_mixin.py:188} INFO - [2024-07-12T11:45:55.273+0100] {dagbag.py:545} INFO - Filling up the DagBag from /home/victor/airflow_env/lib/python3.10/site-packages/airflow/example_dags/example_branch_datetime_operator.py
[2024-07-12T11:45:55.416+0100] {processor.py:840} INFO - DAG(s) 'example_branch_datetime_operator_2', 'example_branch_datetime_operator', 'example_branch_datetime_operator_3' retrieved from /home/victor/airflow_env/lib/python3.10/site-packages/airflow/example_dags/example_branch_datetime_operator.py
[2024-07-12T11:45:55.763+0100] {logging_mixin.py:188} INFO - [2024-07-12T11:45:55.761+0100] {dag.py:3096} INFO - Sync 3 DAGs
[2024-07-12T11:45:55.976+0100] {logging_mixin.py:188} INFO - [2024-07-12T11:45:55.964+0100] {dag.py:3954} INFO - Setting next_dagrun for example_branch_datetime_operator to 2024-07-11 00:00:00+00:00, run_after=2024-07-12 00:00:00+00:00
[2024-07-12T11:45:56.016+0100] {logging_mixin.py:188} INFO - [2024-07-12T11:45:56.015+0100] {dag.py:3954} INFO - Setting next_dagrun for example_branch_datetime_operator_2 to 2024-07-11 00:00:00+00:00, run_after=2024-07-12 00:00:00+00:00
[2024-07-12T11:45:56.039+0100] {logging_mixin.py:188} INFO - [2024-07-12T11:45:56.038+0100] {dag.py:3954} INFO - Setting next_dagrun for example_branch_datetime_operator_3 to 2024-07-11 00:00:00+00:00, run_after=2024-07-12 00:00:00+00:00
[2024-07-12T11:45:56.466+0100] {processor.py:183} INFO - Processing /home/victor/airflow_env/lib/python3.10/site-packages/airflow/example_dags/example_branch_datetime_operator.py took 1.313 seconds
[2024-07-12T11:48:58.099+0100] {processor.py:161} INFO - Started process (PID=27196) to work on /home/victor/airflow_env/lib/python3.10/site-packages/airflow/example_dags/example_branch_datetime_operator.py
[2024-07-12T11:48:58.108+0100] {processor.py:830} INFO - Processing file /home/victor/airflow_env/lib/python3.10/site-packages/airflow/example_dags/example_branch_datetime_operator.py for tasks to queue
[2024-07-12T11:48:58.127+0100] {logging_mixin.py:188} INFO - [2024-07-12T11:48:58.125+0100] {dagbag.py:545} INFO - Filling up the DagBag from /home/victor/airflow_env/lib/python3.10/site-packages/airflow/example_dags/example_branch_datetime_operator.py
[2024-07-12T11:48:58.208+0100] {processor.py:840} INFO - DAG(s) 'example_branch_datetime_operator_3', 'example_branch_datetime_operator', 'example_branch_datetime_operator_2' retrieved from /home/victor/airflow_env/lib/python3.10/site-packages/airflow/example_dags/example_branch_datetime_operator.py
[2024-07-12T11:48:58.402+0100] {logging_mixin.py:188} INFO - [2024-07-12T11:48:58.400+0100] {dag.py:3096} INFO - Sync 3 DAGs
[2024-07-12T11:48:58.540+0100] {logging_mixin.py:188} INFO - [2024-07-12T11:48:58.539+0100] {dag.py:3954} INFO - Setting next_dagrun for example_branch_datetime_operator to 2024-07-11 00:00:00+00:00, run_after=2024-07-12 00:00:00+00:00
[2024-07-12T11:48:58.568+0100] {logging_mixin.py:188} INFO - [2024-07-12T11:48:58.567+0100] {dag.py:3954} INFO - Setting next_dagrun for example_branch_datetime_operator_2 to 2024-07-11 00:00:00+00:00, run_after=2024-07-12 00:00:00+00:00
[2024-07-12T11:48:58.586+0100] {logging_mixin.py:188} INFO - [2024-07-12T11:48:58.586+0100] {dag.py:3954} INFO - Setting next_dagrun for example_branch_datetime_operator_3 to 2024-07-11 00:00:00+00:00, run_after=2024-07-12 00:00:00+00:00
[2024-07-12T11:48:58.878+0100] {processor.py:183} INFO - Processing /home/victor/airflow_env/lib/python3.10/site-packages/airflow/example_dags/example_branch_datetime_operator.py took 0.819 seconds
[2024-07-12T11:51:51.713+0100] {processor.py:161} INFO - Started process (PID=27914) to work on /home/victor/airflow_env/lib/python3.10/site-packages/airflow/example_dags/example_branch_datetime_operator.py
[2024-07-12T11:51:51.718+0100] {processor.py:830} INFO - Processing file /home/victor/airflow_env/lib/python3.10/site-packages/airflow/example_dags/example_branch_datetime_operator.py for tasks to queue
[2024-07-12T11:51:51.726+0100] {logging_mixin.py:188} INFO - [2024-07-12T11:51:51.724+0100] {dagbag.py:545} INFO - Filling up the DagBag from /home/victor/airflow_env/lib/python3.10/site-packages/airflow/example_dags/example_branch_datetime_operator.py
[2024-07-12T11:51:51.790+0100] {processor.py:840} INFO - DAG(s) 'example_branch_datetime_operator_2', 'example_branch_datetime_operator_3', 'example_branch_datetime_operator' retrieved from /home/victor/airflow_env/lib/python3.10/site-packages/airflow/example_dags/example_branch_datetime_operator.py
[2024-07-12T11:51:51.957+0100] {logging_mixin.py:188} INFO - [2024-07-12T11:51:51.956+0100] {dag.py:3096} INFO - Sync 3 DAGs
[2024-07-12T11:51:52.096+0100] {logging_mixin.py:188} INFO - [2024-07-12T11:51:52.095+0100] {dag.py:3954} INFO - Setting next_dagrun for example_branch_datetime_operator to 2024-07-11 00:00:00+00:00, run_after=2024-07-12 00:00:00+00:00
[2024-07-12T11:51:52.133+0100] {logging_mixin.py:188} INFO - [2024-07-12T11:51:52.132+0100] {dag.py:3954} INFO - Setting next_dagrun for example_branch_datetime_operator_2 to 2024-07-11 00:00:00+00:00, run_after=2024-07-12 00:00:00+00:00
[2024-07-12T11:51:52.152+0100] {logging_mixin.py:188} INFO - [2024-07-12T11:51:52.152+0100] {dag.py:3954} INFO - Setting next_dagrun for example_branch_datetime_operator_3 to 2024-07-11 00:00:00+00:00, run_after=2024-07-12 00:00:00+00:00
[2024-07-12T11:51:52.466+0100] {processor.py:183} INFO - Processing /home/victor/airflow_env/lib/python3.10/site-packages/airflow/example_dags/example_branch_datetime_operator.py took 0.784 seconds
[2024-07-12T11:54:29.593+0100] {processor.py:161} INFO - Started process (PID=28570) to work on /home/victor/airflow_env/lib/python3.10/site-packages/airflow/example_dags/example_branch_datetime_operator.py
[2024-07-12T11:54:29.600+0100] {processor.py:830} INFO - Processing file /home/victor/airflow_env/lib/python3.10/site-packages/airflow/example_dags/example_branch_datetime_operator.py for tasks to queue
[2024-07-12T11:54:29.608+0100] {logging_mixin.py:188} INFO - [2024-07-12T11:54:29.607+0100] {dagbag.py:545} INFO - Filling up the DagBag from /home/victor/airflow_env/lib/python3.10/site-packages/airflow/example_dags/example_branch_datetime_operator.py
[2024-07-12T11:54:29.755+0100] {processor.py:840} INFO - DAG(s) 'example_branch_datetime_operator_3', 'example_branch_datetime_operator', 'example_branch_datetime_operator_2' retrieved from /home/victor/airflow_env/lib/python3.10/site-packages/airflow/example_dags/example_branch_datetime_operator.py
[2024-07-12T11:54:30.053+0100] {logging_mixin.py:188} INFO - [2024-07-12T11:54:30.053+0100] {dag.py:3096} INFO - Sync 3 DAGs
[2024-07-12T11:54:30.185+0100] {logging_mixin.py:188} INFO - [2024-07-12T11:54:30.184+0100] {dag.py:3954} INFO - Setting next_dagrun for example_branch_datetime_operator to 2024-07-11 00:00:00+00:00, run_after=2024-07-12 00:00:00+00:00
[2024-07-12T11:54:30.215+0100] {logging_mixin.py:188} INFO - [2024-07-12T11:54:30.215+0100] {dag.py:3954} INFO - Setting next_dagrun for example_branch_datetime_operator_2 to 2024-07-11 00:00:00+00:00, run_after=2024-07-12 00:00:00+00:00
[2024-07-12T11:54:30.234+0100] {logging_mixin.py:188} INFO - [2024-07-12T11:54:30.233+0100] {dag.py:3954} INFO - Setting next_dagrun for example_branch_datetime_operator_3 to 2024-07-11 00:00:00+00:00, run_after=2024-07-12 00:00:00+00:00
[2024-07-12T11:54:30.698+0100] {processor.py:183} INFO - Processing /home/victor/airflow_env/lib/python3.10/site-packages/airflow/example_dags/example_branch_datetime_operator.py took 1.147 seconds
[2024-07-12T11:57:23.196+0100] {processor.py:161} INFO - Started process (PID=29278) to work on /home/victor/airflow_env/lib/python3.10/site-packages/airflow/example_dags/example_branch_datetime_operator.py
[2024-07-12T11:57:23.204+0100] {processor.py:830} INFO - Processing file /home/victor/airflow_env/lib/python3.10/site-packages/airflow/example_dags/example_branch_datetime_operator.py for tasks to queue
[2024-07-12T11:57:23.215+0100] {logging_mixin.py:188} INFO - [2024-07-12T11:57:23.213+0100] {dagbag.py:545} INFO - Filling up the DagBag from /home/victor/airflow_env/lib/python3.10/site-packages/airflow/example_dags/example_branch_datetime_operator.py
[2024-07-12T11:57:23.286+0100] {processor.py:840} INFO - DAG(s) 'example_branch_datetime_operator', 'example_branch_datetime_operator_3', 'example_branch_datetime_operator_2' retrieved from /home/victor/airflow_env/lib/python3.10/site-packages/airflow/example_dags/example_branch_datetime_operator.py
[2024-07-12T11:57:23.464+0100] {logging_mixin.py:188} INFO - [2024-07-12T11:57:23.463+0100] {dag.py:3096} INFO - Sync 3 DAGs
[2024-07-12T11:57:23.619+0100] {logging_mixin.py:188} INFO - [2024-07-12T11:57:23.618+0100] {dag.py:3954} INFO - Setting next_dagrun for example_branch_datetime_operator to 2024-07-11 00:00:00+00:00, run_after=2024-07-12 00:00:00+00:00
[2024-07-12T11:57:23.651+0100] {logging_mixin.py:188} INFO - [2024-07-12T11:57:23.650+0100] {dag.py:3954} INFO - Setting next_dagrun for example_branch_datetime_operator_2 to 2024-07-11 00:00:00+00:00, run_after=2024-07-12 00:00:00+00:00
[2024-07-12T11:57:23.668+0100] {logging_mixin.py:188} INFO - [2024-07-12T11:57:23.667+0100] {dag.py:3954} INFO - Setting next_dagrun for example_branch_datetime_operator_3 to 2024-07-11 00:00:00+00:00, run_after=2024-07-12 00:00:00+00:00
[2024-07-12T11:57:23.983+0100] {processor.py:183} INFO - Processing /home/victor/airflow_env/lib/python3.10/site-packages/airflow/example_dags/example_branch_datetime_operator.py took 0.821 seconds
[2024-07-12T12:00:05.685+0100] {processor.py:161} INFO - Started process (PID=29953) to work on /home/victor/airflow_env/lib/python3.10/site-packages/airflow/example_dags/example_branch_datetime_operator.py
[2024-07-12T12:00:05.691+0100] {processor.py:830} INFO - Processing file /home/victor/airflow_env/lib/python3.10/site-packages/airflow/example_dags/example_branch_datetime_operator.py for tasks to queue
[2024-07-12T12:00:05.700+0100] {logging_mixin.py:188} INFO - [2024-07-12T12:00:05.698+0100] {dagbag.py:545} INFO - Filling up the DagBag from /home/victor/airflow_env/lib/python3.10/site-packages/airflow/example_dags/example_branch_datetime_operator.py
[2024-07-12T12:00:05.802+0100] {processor.py:840} INFO - DAG(s) 'example_branch_datetime_operator_2', 'example_branch_datetime_operator', 'example_branch_datetime_operator_3' retrieved from /home/victor/airflow_env/lib/python3.10/site-packages/airflow/example_dags/example_branch_datetime_operator.py
[2024-07-12T12:00:06.053+0100] {logging_mixin.py:188} INFO - [2024-07-12T12:00:06.052+0100] {dag.py:3096} INFO - Sync 3 DAGs
[2024-07-12T12:00:06.191+0100] {logging_mixin.py:188} INFO - [2024-07-12T12:00:06.189+0100] {dag.py:3954} INFO - Setting next_dagrun for example_branch_datetime_operator to 2024-07-11 00:00:00+00:00, run_after=2024-07-12 00:00:00+00:00
[2024-07-12T12:00:06.219+0100] {logging_mixin.py:188} INFO - [2024-07-12T12:00:06.218+0100] {dag.py:3954} INFO - Setting next_dagrun for example_branch_datetime_operator_2 to 2024-07-11 00:00:00+00:00, run_after=2024-07-12 00:00:00+00:00
[2024-07-12T12:00:06.236+0100] {logging_mixin.py:188} INFO - [2024-07-12T12:00:06.235+0100] {dag.py:3954} INFO - Setting next_dagrun for example_branch_datetime_operator_3 to 2024-07-11 00:00:00+00:00, run_after=2024-07-12 00:00:00+00:00
[2024-07-12T12:00:06.515+0100] {processor.py:183} INFO - Processing /home/victor/airflow_env/lib/python3.10/site-packages/airflow/example_dags/example_branch_datetime_operator.py took 0.866 seconds
[2024-07-12T12:03:14.971+0100] {processor.py:161} INFO - Started process (PID=30722) to work on /home/victor/airflow_env/lib/python3.10/site-packages/airflow/example_dags/example_branch_datetime_operator.py
[2024-07-12T12:03:14.977+0100] {processor.py:830} INFO - Processing file /home/victor/airflow_env/lib/python3.10/site-packages/airflow/example_dags/example_branch_datetime_operator.py for tasks to queue
[2024-07-12T12:03:14.986+0100] {logging_mixin.py:188} INFO - [2024-07-12T12:03:14.984+0100] {dagbag.py:545} INFO - Filling up the DagBag from /home/victor/airflow_env/lib/python3.10/site-packages/airflow/example_dags/example_branch_datetime_operator.py
[2024-07-12T12:03:15.046+0100] {processor.py:840} INFO - DAG(s) 'example_branch_datetime_operator_2', 'example_branch_datetime_operator', 'example_branch_datetime_operator_3' retrieved from /home/victor/airflow_env/lib/python3.10/site-packages/airflow/example_dags/example_branch_datetime_operator.py
[2024-07-12T12:03:15.231+0100] {logging_mixin.py:188} INFO - [2024-07-12T12:03:15.229+0100] {dag.py:3096} INFO - Sync 3 DAGs
[2024-07-12T12:03:15.370+0100] {logging_mixin.py:188} INFO - [2024-07-12T12:03:15.369+0100] {dag.py:3954} INFO - Setting next_dagrun for example_branch_datetime_operator to 2024-07-11 00:00:00+00:00, run_after=2024-07-12 00:00:00+00:00
[2024-07-12T12:03:15.404+0100] {logging_mixin.py:188} INFO - [2024-07-12T12:03:15.403+0100] {dag.py:3954} INFO - Setting next_dagrun for example_branch_datetime_operator_2 to 2024-07-11 00:00:00+00:00, run_after=2024-07-12 00:00:00+00:00
[2024-07-12T12:03:15.425+0100] {logging_mixin.py:188} INFO - [2024-07-12T12:03:15.424+0100] {dag.py:3954} INFO - Setting next_dagrun for example_branch_datetime_operator_3 to 2024-07-11 00:00:00+00:00, run_after=2024-07-12 00:00:00+00:00
[2024-07-12T12:03:15.775+0100] {processor.py:183} INFO - Processing /home/victor/airflow_env/lib/python3.10/site-packages/airflow/example_dags/example_branch_datetime_operator.py took 0.835 seconds
[2024-07-12T12:06:20.788+0100] {processor.py:161} INFO - Started process (PID=31478) to work on /home/victor/airflow_env/lib/python3.10/site-packages/airflow/example_dags/example_branch_datetime_operator.py
[2024-07-12T12:06:20.793+0100] {processor.py:830} INFO - Processing file /home/victor/airflow_env/lib/python3.10/site-packages/airflow/example_dags/example_branch_datetime_operator.py for tasks to queue
[2024-07-12T12:06:20.802+0100] {logging_mixin.py:188} INFO - [2024-07-12T12:06:20.799+0100] {dagbag.py:545} INFO - Filling up the DagBag from /home/victor/airflow_env/lib/python3.10/site-packages/airflow/example_dags/example_branch_datetime_operator.py
[2024-07-12T12:06:20.864+0100] {processor.py:840} INFO - DAG(s) 'example_branch_datetime_operator', 'example_branch_datetime_operator_3', 'example_branch_datetime_operator_2' retrieved from /home/victor/airflow_env/lib/python3.10/site-packages/airflow/example_dags/example_branch_datetime_operator.py
[2024-07-12T12:06:21.040+0100] {logging_mixin.py:188} INFO - [2024-07-12T12:06:21.039+0100] {dag.py:3096} INFO - Sync 3 DAGs
[2024-07-12T12:06:21.163+0100] {logging_mixin.py:188} INFO - [2024-07-12T12:06:21.162+0100] {dag.py:3954} INFO - Setting next_dagrun for example_branch_datetime_operator to 2024-07-11 00:00:00+00:00, run_after=2024-07-12 00:00:00+00:00
[2024-07-12T12:06:21.189+0100] {logging_mixin.py:188} INFO - [2024-07-12T12:06:21.189+0100] {dag.py:3954} INFO - Setting next_dagrun for example_branch_datetime_operator_2 to 2024-07-11 00:00:00+00:00, run_after=2024-07-12 00:00:00+00:00
[2024-07-12T12:06:21.207+0100] {logging_mixin.py:188} INFO - [2024-07-12T12:06:21.206+0100] {dag.py:3954} INFO - Setting next_dagrun for example_branch_datetime_operator_3 to 2024-07-11 00:00:00+00:00, run_after=2024-07-12 00:00:00+00:00
[2024-07-12T12:06:21.523+0100] {processor.py:183} INFO - Processing /home/victor/airflow_env/lib/python3.10/site-packages/airflow/example_dags/example_branch_datetime_operator.py took 0.766 seconds
[2024-07-12T12:09:11.126+0100] {processor.py:161} INFO - Started process (PID=32181) to work on /home/victor/airflow_env/lib/python3.10/site-packages/airflow/example_dags/example_branch_datetime_operator.py
[2024-07-12T12:09:11.130+0100] {processor.py:830} INFO - Processing file /home/victor/airflow_env/lib/python3.10/site-packages/airflow/example_dags/example_branch_datetime_operator.py for tasks to queue
[2024-07-12T12:09:11.138+0100] {logging_mixin.py:188} INFO - [2024-07-12T12:09:11.136+0100] {dagbag.py:545} INFO - Filling up the DagBag from /home/victor/airflow_env/lib/python3.10/site-packages/airflow/example_dags/example_branch_datetime_operator.py
[2024-07-12T12:09:11.194+0100] {processor.py:840} INFO - DAG(s) 'example_branch_datetime_operator_2', 'example_branch_datetime_operator', 'example_branch_datetime_operator_3' retrieved from /home/victor/airflow_env/lib/python3.10/site-packages/airflow/example_dags/example_branch_datetime_operator.py
[2024-07-12T12:09:11.358+0100] {logging_mixin.py:188} INFO - [2024-07-12T12:09:11.357+0100] {dag.py:3096} INFO - Sync 3 DAGs
[2024-07-12T12:09:11.498+0100] {logging_mixin.py:188} INFO - [2024-07-12T12:09:11.497+0100] {dag.py:3954} INFO - Setting next_dagrun for example_branch_datetime_operator to 2024-07-11 00:00:00+00:00, run_after=2024-07-12 00:00:00+00:00
[2024-07-12T12:09:11.525+0100] {logging_mixin.py:188} INFO - [2024-07-12T12:09:11.524+0100] {dag.py:3954} INFO - Setting next_dagrun for example_branch_datetime_operator_2 to 2024-07-11 00:00:00+00:00, run_after=2024-07-12 00:00:00+00:00
[2024-07-12T12:09:11.542+0100] {logging_mixin.py:188} INFO - [2024-07-12T12:09:11.541+0100] {dag.py:3954} INFO - Setting next_dagrun for example_branch_datetime_operator_3 to 2024-07-11 00:00:00+00:00, run_after=2024-07-12 00:00:00+00:00
[2024-07-12T12:09:11.956+0100] {processor.py:183} INFO - Processing /home/victor/airflow_env/lib/python3.10/site-packages/airflow/example_dags/example_branch_datetime_operator.py took 0.863 seconds
[2024-07-12T12:12:06.790+0100] {processor.py:161} INFO - Started process (PID=32906) to work on /home/victor/airflow_env/lib/python3.10/site-packages/airflow/example_dags/example_branch_datetime_operator.py
[2024-07-12T12:12:06.796+0100] {processor.py:830} INFO - Processing file /home/victor/airflow_env/lib/python3.10/site-packages/airflow/example_dags/example_branch_datetime_operator.py for tasks to queue
[2024-07-12T12:12:06.824+0100] {logging_mixin.py:188} INFO - [2024-07-12T12:12:06.820+0100] {dagbag.py:545} INFO - Filling up the DagBag from /home/victor/airflow_env/lib/python3.10/site-packages/airflow/example_dags/example_branch_datetime_operator.py
[2024-07-12T12:12:06.911+0100] {processor.py:840} INFO - DAG(s) 'example_branch_datetime_operator_2', 'example_branch_datetime_operator', 'example_branch_datetime_operator_3' retrieved from /home/victor/airflow_env/lib/python3.10/site-packages/airflow/example_dags/example_branch_datetime_operator.py
[2024-07-12T12:12:07.122+0100] {logging_mixin.py:188} INFO - [2024-07-12T12:12:07.121+0100] {dag.py:3096} INFO - Sync 3 DAGs
[2024-07-12T12:12:07.251+0100] {logging_mixin.py:188} INFO - [2024-07-12T12:12:07.250+0100] {dag.py:3954} INFO - Setting next_dagrun for example_branch_datetime_operator to 2024-07-11 00:00:00+00:00, run_after=2024-07-12 00:00:00+00:00
[2024-07-12T12:12:07.281+0100] {logging_mixin.py:188} INFO - [2024-07-12T12:12:07.280+0100] {dag.py:3954} INFO - Setting next_dagrun for example_branch_datetime_operator_2 to 2024-07-11 00:00:00+00:00, run_after=2024-07-12 00:00:00+00:00
[2024-07-12T12:12:07.298+0100] {logging_mixin.py:188} INFO - [2024-07-12T12:12:07.297+0100] {dag.py:3954} INFO - Setting next_dagrun for example_branch_datetime_operator_3 to 2024-07-11 00:00:00+00:00, run_after=2024-07-12 00:00:00+00:00
[2024-07-12T12:12:07.655+0100] {processor.py:183} INFO - Processing /home/victor/airflow_env/lib/python3.10/site-packages/airflow/example_dags/example_branch_datetime_operator.py took 0.914 seconds
[2024-07-12T12:14:47.137+0100] {processor.py:161} INFO - Started process (PID=33570) to work on /home/victor/airflow_env/lib/python3.10/site-packages/airflow/example_dags/example_branch_datetime_operator.py
[2024-07-12T12:14:47.142+0100] {processor.py:830} INFO - Processing file /home/victor/airflow_env/lib/python3.10/site-packages/airflow/example_dags/example_branch_datetime_operator.py for tasks to queue
[2024-07-12T12:14:47.153+0100] {logging_mixin.py:188} INFO - [2024-07-12T12:14:47.151+0100] {dagbag.py:545} INFO - Filling up the DagBag from /home/victor/airflow_env/lib/python3.10/site-packages/airflow/example_dags/example_branch_datetime_operator.py
[2024-07-12T12:14:47.224+0100] {processor.py:840} INFO - DAG(s) 'example_branch_datetime_operator', 'example_branch_datetime_operator_2', 'example_branch_datetime_operator_3' retrieved from /home/victor/airflow_env/lib/python3.10/site-packages/airflow/example_dags/example_branch_datetime_operator.py
[2024-07-12T12:14:47.390+0100] {logging_mixin.py:188} INFO - [2024-07-12T12:14:47.389+0100] {dag.py:3096} INFO - Sync 3 DAGs
[2024-07-12T12:14:47.535+0100] {logging_mixin.py:188} INFO - [2024-07-12T12:14:47.533+0100] {dag.py:3954} INFO - Setting next_dagrun for example_branch_datetime_operator to 2024-07-11 00:00:00+00:00, run_after=2024-07-12 00:00:00+00:00
[2024-07-12T12:14:47.566+0100] {logging_mixin.py:188} INFO - [2024-07-12T12:14:47.565+0100] {dag.py:3954} INFO - Setting next_dagrun for example_branch_datetime_operator_2 to 2024-07-11 00:00:00+00:00, run_after=2024-07-12 00:00:00+00:00
[2024-07-12T12:14:47.585+0100] {logging_mixin.py:188} INFO - [2024-07-12T12:14:47.584+0100] {dag.py:3954} INFO - Setting next_dagrun for example_branch_datetime_operator_3 to 2024-07-11 00:00:00+00:00, run_after=2024-07-12 00:00:00+00:00
[2024-07-12T12:14:47.955+0100] {processor.py:183} INFO - Processing /home/victor/airflow_env/lib/python3.10/site-packages/airflow/example_dags/example_branch_datetime_operator.py took 0.862 seconds
[2024-07-12T12:18:36.001+0100] {processor.py:161} INFO - Started process (PID=34492) to work on /home/victor/airflow_env/lib/python3.10/site-packages/airflow/example_dags/example_branch_datetime_operator.py
[2024-07-12T12:18:36.005+0100] {processor.py:830} INFO - Processing file /home/victor/airflow_env/lib/python3.10/site-packages/airflow/example_dags/example_branch_datetime_operator.py for tasks to queue
[2024-07-12T12:18:36.013+0100] {logging_mixin.py:188} INFO - [2024-07-12T12:18:36.011+0100] {dagbag.py:545} INFO - Filling up the DagBag from /home/victor/airflow_env/lib/python3.10/site-packages/airflow/example_dags/example_branch_datetime_operator.py
[2024-07-12T12:18:36.067+0100] {processor.py:840} INFO - DAG(s) 'example_branch_datetime_operator_2', 'example_branch_datetime_operator_3', 'example_branch_datetime_operator' retrieved from /home/victor/airflow_env/lib/python3.10/site-packages/airflow/example_dags/example_branch_datetime_operator.py
[2024-07-12T12:18:36.243+0100] {logging_mixin.py:188} INFO - [2024-07-12T12:18:36.242+0100] {dag.py:3096} INFO - Sync 3 DAGs
[2024-07-12T12:18:36.366+0100] {logging_mixin.py:188} INFO - [2024-07-12T12:18:36.365+0100] {dag.py:3954} INFO - Setting next_dagrun for example_branch_datetime_operator to 2024-07-11 00:00:00+00:00, run_after=2024-07-12 00:00:00+00:00
[2024-07-12T12:18:36.396+0100] {logging_mixin.py:188} INFO - [2024-07-12T12:18:36.395+0100] {dag.py:3954} INFO - Setting next_dagrun for example_branch_datetime_operator_2 to 2024-07-11 00:00:00+00:00, run_after=2024-07-12 00:00:00+00:00
[2024-07-12T12:18:36.412+0100] {logging_mixin.py:188} INFO - [2024-07-12T12:18:36.412+0100] {dag.py:3954} INFO - Setting next_dagrun for example_branch_datetime_operator_3 to 2024-07-11 00:00:00+00:00, run_after=2024-07-12 00:00:00+00:00
[2024-07-12T12:18:36.741+0100] {processor.py:183} INFO - Processing /home/victor/airflow_env/lib/python3.10/site-packages/airflow/example_dags/example_branch_datetime_operator.py took 0.771 seconds
[2024-07-12T12:21:48.623+0100] {processor.py:161} INFO - Started process (PID=35274) to work on /home/victor/airflow_env/lib/python3.10/site-packages/airflow/example_dags/example_branch_datetime_operator.py
[2024-07-12T12:21:48.628+0100] {processor.py:830} INFO - Processing file /home/victor/airflow_env/lib/python3.10/site-packages/airflow/example_dags/example_branch_datetime_operator.py for tasks to queue
[2024-07-12T12:21:48.637+0100] {logging_mixin.py:188} INFO - [2024-07-12T12:21:48.635+0100] {dagbag.py:545} INFO - Filling up the DagBag from /home/victor/airflow_env/lib/python3.10/site-packages/airflow/example_dags/example_branch_datetime_operator.py
[2024-07-12T12:21:48.696+0100] {processor.py:840} INFO - DAG(s) 'example_branch_datetime_operator_3', 'example_branch_datetime_operator_2', 'example_branch_datetime_operator' retrieved from /home/victor/airflow_env/lib/python3.10/site-packages/airflow/example_dags/example_branch_datetime_operator.py
[2024-07-12T12:21:48.874+0100] {logging_mixin.py:188} INFO - [2024-07-12T12:21:48.873+0100] {dag.py:3096} INFO - Sync 3 DAGs
[2024-07-12T12:21:48.993+0100] {logging_mixin.py:188} INFO - [2024-07-12T12:21:48.992+0100] {dag.py:3954} INFO - Setting next_dagrun for example_branch_datetime_operator to 2024-07-11 00:00:00+00:00, run_after=2024-07-12 00:00:00+00:00
[2024-07-12T12:21:49.023+0100] {logging_mixin.py:188} INFO - [2024-07-12T12:21:49.021+0100] {dag.py:3954} INFO - Setting next_dagrun for example_branch_datetime_operator_2 to 2024-07-11 00:00:00+00:00, run_after=2024-07-12 00:00:00+00:00
[2024-07-12T12:21:49.043+0100] {logging_mixin.py:188} INFO - [2024-07-12T12:21:49.042+0100] {dag.py:3954} INFO - Setting next_dagrun for example_branch_datetime_operator_3 to 2024-07-11 00:00:00+00:00, run_after=2024-07-12 00:00:00+00:00
[2024-07-12T12:21:49.377+0100] {processor.py:183} INFO - Processing /home/victor/airflow_env/lib/python3.10/site-packages/airflow/example_dags/example_branch_datetime_operator.py took 0.785 seconds
[2024-07-12T12:24:52.125+0100] {processor.py:161} INFO - Started process (PID=36025) to work on /home/victor/airflow_env/lib/python3.10/site-packages/airflow/example_dags/example_branch_datetime_operator.py
[2024-07-12T12:24:52.144+0100] {processor.py:830} INFO - Processing file /home/victor/airflow_env/lib/python3.10/site-packages/airflow/example_dags/example_branch_datetime_operator.py for tasks to queue
[2024-07-12T12:24:52.165+0100] {logging_mixin.py:188} INFO - [2024-07-12T12:24:52.153+0100] {dagbag.py:545} INFO - Filling up the DagBag from /home/victor/airflow_env/lib/python3.10/site-packages/airflow/example_dags/example_branch_datetime_operator.py
[2024-07-12T12:24:52.343+0100] {processor.py:840} INFO - DAG(s) 'example_branch_datetime_operator', 'example_branch_datetime_operator_2', 'example_branch_datetime_operator_3' retrieved from /home/victor/airflow_env/lib/python3.10/site-packages/airflow/example_dags/example_branch_datetime_operator.py
[2024-07-12T12:24:53.008+0100] {logging_mixin.py:188} INFO - [2024-07-12T12:24:53.007+0100] {dag.py:3096} INFO - Sync 3 DAGs
[2024-07-12T12:24:53.352+0100] {logging_mixin.py:188} INFO - [2024-07-12T12:24:53.351+0100] {dag.py:3954} INFO - Setting next_dagrun for example_branch_datetime_operator to 2024-07-11 00:00:00+00:00, run_after=2024-07-12 00:00:00+00:00
[2024-07-12T12:24:53.399+0100] {logging_mixin.py:188} INFO - [2024-07-12T12:24:53.398+0100] {dag.py:3954} INFO - Setting next_dagrun for example_branch_datetime_operator_2 to 2024-07-11 00:00:00+00:00, run_after=2024-07-12 00:00:00+00:00
[2024-07-12T12:24:53.423+0100] {logging_mixin.py:188} INFO - [2024-07-12T12:24:53.422+0100] {dag.py:3954} INFO - Setting next_dagrun for example_branch_datetime_operator_3 to 2024-07-11 00:00:00+00:00, run_after=2024-07-12 00:00:00+00:00
[2024-07-12T12:24:53.921+0100] {processor.py:183} INFO - Processing /home/victor/airflow_env/lib/python3.10/site-packages/airflow/example_dags/example_branch_datetime_operator.py took 1.860 seconds
[2024-07-12T12:27:58.143+0100] {processor.py:161} INFO - Started process (PID=36783) to work on /home/victor/airflow_env/lib/python3.10/site-packages/airflow/example_dags/example_branch_datetime_operator.py
[2024-07-12T12:27:58.148+0100] {processor.py:830} INFO - Processing file /home/victor/airflow_env/lib/python3.10/site-packages/airflow/example_dags/example_branch_datetime_operator.py for tasks to queue
[2024-07-12T12:27:58.159+0100] {logging_mixin.py:188} INFO - [2024-07-12T12:27:58.157+0100] {dagbag.py:545} INFO - Filling up the DagBag from /home/victor/airflow_env/lib/python3.10/site-packages/airflow/example_dags/example_branch_datetime_operator.py
[2024-07-12T12:27:58.223+0100] {processor.py:840} INFO - DAG(s) 'example_branch_datetime_operator', 'example_branch_datetime_operator_3', 'example_branch_datetime_operator_2' retrieved from /home/victor/airflow_env/lib/python3.10/site-packages/airflow/example_dags/example_branch_datetime_operator.py
[2024-07-12T12:27:58.372+0100] {logging_mixin.py:188} INFO - [2024-07-12T12:27:58.371+0100] {dag.py:3096} INFO - Sync 3 DAGs
[2024-07-12T12:27:58.505+0100] {logging_mixin.py:188} INFO - [2024-07-12T12:27:58.504+0100] {dag.py:3954} INFO - Setting next_dagrun for example_branch_datetime_operator to 2024-07-11 00:00:00+00:00, run_after=2024-07-12 00:00:00+00:00
[2024-07-12T12:27:58.532+0100] {logging_mixin.py:188} INFO - [2024-07-12T12:27:58.531+0100] {dag.py:3954} INFO - Setting next_dagrun for example_branch_datetime_operator_2 to 2024-07-11 00:00:00+00:00, run_after=2024-07-12 00:00:00+00:00
[2024-07-12T12:27:58.548+0100] {logging_mixin.py:188} INFO - [2024-07-12T12:27:58.547+0100] {dag.py:3954} INFO - Setting next_dagrun for example_branch_datetime_operator_3 to 2024-07-11 00:00:00+00:00, run_after=2024-07-12 00:00:00+00:00
[2024-07-12T12:27:58.937+0100] {processor.py:183} INFO - Processing /home/victor/airflow_env/lib/python3.10/site-packages/airflow/example_dags/example_branch_datetime_operator.py took 0.832 seconds
[2024-07-12T12:31:05.018+0100] {processor.py:161} INFO - Started process (PID=37547) to work on /home/victor/airflow_env/lib/python3.10/site-packages/airflow/example_dags/example_branch_datetime_operator.py
[2024-07-12T12:31:05.023+0100] {processor.py:830} INFO - Processing file /home/victor/airflow_env/lib/python3.10/site-packages/airflow/example_dags/example_branch_datetime_operator.py for tasks to queue
[2024-07-12T12:31:05.031+0100] {logging_mixin.py:188} INFO - [2024-07-12T12:31:05.029+0100] {dagbag.py:545} INFO - Filling up the DagBag from /home/victor/airflow_env/lib/python3.10/site-packages/airflow/example_dags/example_branch_datetime_operator.py
[2024-07-12T12:31:05.099+0100] {processor.py:840} INFO - DAG(s) 'example_branch_datetime_operator_2', 'example_branch_datetime_operator_3', 'example_branch_datetime_operator' retrieved from /home/victor/airflow_env/lib/python3.10/site-packages/airflow/example_dags/example_branch_datetime_operator.py
[2024-07-12T12:31:05.271+0100] {logging_mixin.py:188} INFO - [2024-07-12T12:31:05.270+0100] {dag.py:3096} INFO - Sync 3 DAGs
[2024-07-12T12:31:05.395+0100] {logging_mixin.py:188} INFO - [2024-07-12T12:31:05.394+0100] {dag.py:3954} INFO - Setting next_dagrun for example_branch_datetime_operator to 2024-07-11 00:00:00+00:00, run_after=2024-07-12 00:00:00+00:00
[2024-07-12T12:31:05.423+0100] {logging_mixin.py:188} INFO - [2024-07-12T12:31:05.422+0100] {dag.py:3954} INFO - Setting next_dagrun for example_branch_datetime_operator_2 to 2024-07-11 00:00:00+00:00, run_after=2024-07-12 00:00:00+00:00
[2024-07-12T12:31:05.442+0100] {logging_mixin.py:188} INFO - [2024-07-12T12:31:05.441+0100] {dag.py:3954} INFO - Setting next_dagrun for example_branch_datetime_operator_3 to 2024-07-11 00:00:00+00:00, run_after=2024-07-12 00:00:00+00:00
[2024-07-12T12:31:06.228+0100] {processor.py:183} INFO - Processing /home/victor/airflow_env/lib/python3.10/site-packages/airflow/example_dags/example_branch_datetime_operator.py took 1.239 seconds
