[2024-07-12T11:06:52.587+0100] {processor.py:161} INFO - Started process (PID=16456) to work on /home/victor/airflow_env/lib/python3.10/site-packages/airflow/example_dags/example_bash_operator.py
[2024-07-12T11:06:52.592+0100] {processor.py:830} INFO - Processing file /home/victor/airflow_env/lib/python3.10/site-packages/airflow/example_dags/example_bash_operator.py for tasks to queue
[2024-07-12T11:06:52.601+0100] {logging_mixin.py:188} INFO - [2024-07-12T11:06:52.599+0100] {dagbag.py:545} INFO - Filling up the DagBag from /home/victor/airflow_env/lib/python3.10/site-packages/airflow/example_dags/example_bash_operator.py
[2024-07-12T11:06:52.677+0100] {processor.py:840} INFO - DAG(s) 'example_bash_operator' retrieved from /home/victor/airflow_env/lib/python3.10/site-packages/airflow/example_dags/example_bash_operator.py
[2024-07-12T11:06:53.658+0100] {logging_mixin.py:188} INFO - [2024-07-12T11:06:53.655+0100] {override.py:1847} INFO - Created Permission View: can edit on DAG:example_bash_operator
[2024-07-12T11:06:53.882+0100] {logging_mixin.py:188} INFO - [2024-07-12T11:06:53.880+0100] {override.py:1847} INFO - Created Permission View: can read on DAG:example_bash_operator
[2024-07-12T11:06:54.129+0100] {logging_mixin.py:188} INFO - [2024-07-12T11:06:54.128+0100] {override.py:1847} INFO - Created Permission View: can delete on DAG:example_bash_operator
[2024-07-12T11:06:54.133+0100] {logging_mixin.py:188} INFO - [2024-07-12T11:06:54.132+0100] {dag.py:3096} INFO - Sync 1 DAGs
[2024-07-12T11:06:54.550+0100] {logging_mixin.py:188} INFO - [2024-07-12T11:06:54.549+0100] {dag.py:3118} INFO - Creating ORM DAG for example_bash_operator
[2024-07-12T11:06:54.611+0100] {logging_mixin.py:188} INFO - [2024-07-12T11:06:54.609+0100] {dag.py:3954} INFO - Setting next_dagrun for example_bash_operator to 2024-07-11 00:00:00+00:00, run_after=2024-07-12 00:00:00+00:00
[2024-07-12T11:06:55.062+0100] {processor.py:183} INFO - Processing /home/victor/airflow_env/lib/python3.10/site-packages/airflow/example_dags/example_bash_operator.py took 2.505 seconds
[2024-07-12T11:11:38.263+0100] {processor.py:161} INFO - Started process (PID=17589) to work on /home/victor/airflow_env/lib/python3.10/site-packages/airflow/example_dags/example_bash_operator.py
[2024-07-12T11:11:38.268+0100] {processor.py:830} INFO - Processing file /home/victor/airflow_env/lib/python3.10/site-packages/airflow/example_dags/example_bash_operator.py for tasks to queue
[2024-07-12T11:11:38.276+0100] {logging_mixin.py:188} INFO - [2024-07-12T11:11:38.274+0100] {dagbag.py:545} INFO - Filling up the DagBag from /home/victor/airflow_env/lib/python3.10/site-packages/airflow/example_dags/example_bash_operator.py
[2024-07-12T11:11:38.354+0100] {processor.py:840} INFO - DAG(s) 'example_bash_operator' retrieved from /home/victor/airflow_env/lib/python3.10/site-packages/airflow/example_dags/example_bash_operator.py
[2024-07-12T11:11:38.859+0100] {logging_mixin.py:188} INFO - [2024-07-12T11:11:38.857+0100] {dag.py:3096} INFO - Sync 1 DAGs
[2024-07-12T11:11:38.957+0100] {logging_mixin.py:188} INFO - [2024-07-12T11:11:38.956+0100] {dag.py:3954} INFO - Setting next_dagrun for example_bash_operator to 2024-07-11 00:00:00+00:00, run_after=2024-07-12 00:00:00+00:00
[2024-07-12T11:11:39.196+0100] {processor.py:183} INFO - Processing /home/victor/airflow_env/lib/python3.10/site-packages/airflow/example_dags/example_bash_operator.py took 0.962 seconds
[2024-07-12T11:15:09.335+0100] {processor.py:161} INFO - Started process (PID=18450) to work on /home/victor/airflow_env/lib/python3.10/site-packages/airflow/example_dags/example_bash_operator.py
[2024-07-12T11:15:09.359+0100] {processor.py:830} INFO - Processing file /home/victor/airflow_env/lib/python3.10/site-packages/airflow/example_dags/example_bash_operator.py for tasks to queue
[2024-07-12T11:15:09.379+0100] {logging_mixin.py:188} INFO - [2024-07-12T11:15:09.376+0100] {dagbag.py:545} INFO - Filling up the DagBag from /home/victor/airflow_env/lib/python3.10/site-packages/airflow/example_dags/example_bash_operator.py
[2024-07-12T11:15:09.655+0100] {processor.py:840} INFO - DAG(s) 'example_bash_operator' retrieved from /home/victor/airflow_env/lib/python3.10/site-packages/airflow/example_dags/example_bash_operator.py
[2024-07-12T11:15:10.216+0100] {logging_mixin.py:188} INFO - [2024-07-12T11:15:10.215+0100] {dag.py:3096} INFO - Sync 1 DAGs
[2024-07-12T11:15:10.611+0100] {logging_mixin.py:188} INFO - [2024-07-12T11:15:10.610+0100] {dag.py:3954} INFO - Setting next_dagrun for example_bash_operator to 2024-07-11 00:00:00+00:00, run_after=2024-07-12 00:00:00+00:00
[2024-07-12T11:15:11.133+0100] {processor.py:183} INFO - Processing /home/victor/airflow_env/lib/python3.10/site-packages/airflow/example_dags/example_bash_operator.py took 1.890 seconds
[2024-07-12T11:19:15.413+0100] {processor.py:161} INFO - Started process (PID=19459) to work on /home/victor/airflow_env/lib/python3.10/site-packages/airflow/example_dags/example_bash_operator.py
[2024-07-12T11:19:15.418+0100] {processor.py:830} INFO - Processing file /home/victor/airflow_env/lib/python3.10/site-packages/airflow/example_dags/example_bash_operator.py for tasks to queue
[2024-07-12T11:19:15.427+0100] {logging_mixin.py:188} INFO - [2024-07-12T11:19:15.425+0100] {dagbag.py:545} INFO - Filling up the DagBag from /home/victor/airflow_env/lib/python3.10/site-packages/airflow/example_dags/example_bash_operator.py
[2024-07-12T11:19:15.496+0100] {processor.py:840} INFO - DAG(s) 'example_bash_operator' retrieved from /home/victor/airflow_env/lib/python3.10/site-packages/airflow/example_dags/example_bash_operator.py
[2024-07-12T11:19:15.664+0100] {logging_mixin.py:188} INFO - [2024-07-12T11:19:15.663+0100] {dag.py:3096} INFO - Sync 1 DAGs
[2024-07-12T11:19:15.828+0100] {logging_mixin.py:188} INFO - [2024-07-12T11:19:15.827+0100] {dag.py:3954} INFO - Setting next_dagrun for example_bash_operator to 2024-07-11 00:00:00+00:00, run_after=2024-07-12 00:00:00+00:00
[2024-07-12T11:19:16.166+0100] {processor.py:183} INFO - Processing /home/victor/airflow_env/lib/python3.10/site-packages/airflow/example_dags/example_bash_operator.py took 0.793 seconds
[2024-07-12T11:22:29.729+0100] {processor.py:161} INFO - Started process (PID=20263) to work on /home/victor/airflow_env/lib/python3.10/site-packages/airflow/example_dags/example_bash_operator.py
[2024-07-12T11:22:29.733+0100] {processor.py:830} INFO - Processing file /home/victor/airflow_env/lib/python3.10/site-packages/airflow/example_dags/example_bash_operator.py for tasks to queue
[2024-07-12T11:22:29.741+0100] {logging_mixin.py:188} INFO - [2024-07-12T11:22:29.739+0100] {dagbag.py:545} INFO - Filling up the DagBag from /home/victor/airflow_env/lib/python3.10/site-packages/airflow/example_dags/example_bash_operator.py
[2024-07-12T11:22:29.825+0100] {processor.py:840} INFO - DAG(s) 'example_bash_operator' retrieved from /home/victor/airflow_env/lib/python3.10/site-packages/airflow/example_dags/example_bash_operator.py
[2024-07-12T11:22:30.018+0100] {logging_mixin.py:188} INFO - [2024-07-12T11:22:30.018+0100] {dag.py:3096} INFO - Sync 1 DAGs
[2024-07-12T11:22:30.157+0100] {logging_mixin.py:188} INFO - [2024-07-12T11:22:30.156+0100] {dag.py:3954} INFO - Setting next_dagrun for example_bash_operator to 2024-07-11 00:00:00+00:00, run_after=2024-07-12 00:00:00+00:00
[2024-07-12T11:22:30.456+0100] {processor.py:183} INFO - Processing /home/victor/airflow_env/lib/python3.10/site-packages/airflow/example_dags/example_bash_operator.py took 0.758 seconds
[2024-07-12T11:25:34.136+0100] {processor.py:161} INFO - Started process (PID=21027) to work on /home/victor/airflow_env/lib/python3.10/site-packages/airflow/example_dags/example_bash_operator.py
[2024-07-12T11:25:34.148+0100] {processor.py:830} INFO - Processing file /home/victor/airflow_env/lib/python3.10/site-packages/airflow/example_dags/example_bash_operator.py for tasks to queue
[2024-07-12T11:25:34.167+0100] {logging_mixin.py:188} INFO - [2024-07-12T11:25:34.156+0100] {dagbag.py:545} INFO - Filling up the DagBag from /home/victor/airflow_env/lib/python3.10/site-packages/airflow/example_dags/example_bash_operator.py
[2024-07-12T11:25:34.362+0100] {processor.py:840} INFO - DAG(s) 'example_bash_operator' retrieved from /home/victor/airflow_env/lib/python3.10/site-packages/airflow/example_dags/example_bash_operator.py
[2024-07-12T11:25:34.908+0100] {logging_mixin.py:188} INFO - [2024-07-12T11:25:34.907+0100] {dag.py:3096} INFO - Sync 1 DAGs
[2024-07-12T11:25:35.135+0100] {logging_mixin.py:188} INFO - [2024-07-12T11:25:35.134+0100] {dag.py:3954} INFO - Setting next_dagrun for example_bash_operator to 2024-07-11 00:00:00+00:00, run_after=2024-07-12 00:00:00+00:00
[2024-07-12T11:25:35.550+0100] {processor.py:183} INFO - Processing /home/victor/airflow_env/lib/python3.10/site-packages/airflow/example_dags/example_bash_operator.py took 1.494 seconds
[2024-07-12T11:28:56.258+0100] {processor.py:161} INFO - Started process (PID=21848) to work on /home/victor/airflow_env/lib/python3.10/site-packages/airflow/example_dags/example_bash_operator.py
[2024-07-12T11:28:56.263+0100] {processor.py:830} INFO - Processing file /home/victor/airflow_env/lib/python3.10/site-packages/airflow/example_dags/example_bash_operator.py for tasks to queue
[2024-07-12T11:28:56.272+0100] {logging_mixin.py:188} INFO - [2024-07-12T11:28:56.270+0100] {dagbag.py:545} INFO - Filling up the DagBag from /home/victor/airflow_env/lib/python3.10/site-packages/airflow/example_dags/example_bash_operator.py
[2024-07-12T11:28:56.346+0100] {processor.py:840} INFO - DAG(s) 'example_bash_operator' retrieved from /home/victor/airflow_env/lib/python3.10/site-packages/airflow/example_dags/example_bash_operator.py
[2024-07-12T11:28:56.502+0100] {logging_mixin.py:188} INFO - [2024-07-12T11:28:56.501+0100] {dag.py:3096} INFO - Sync 1 DAGs
[2024-07-12T11:28:56.629+0100] {logging_mixin.py:188} INFO - [2024-07-12T11:28:56.628+0100] {dag.py:3954} INFO - Setting next_dagrun for example_bash_operator to 2024-07-11 00:00:00+00:00, run_after=2024-07-12 00:00:00+00:00
[2024-07-12T11:28:56.939+0100] {processor.py:183} INFO - Processing /home/victor/airflow_env/lib/python3.10/site-packages/airflow/example_dags/example_bash_operator.py took 0.725 seconds
[2024-07-12T11:33:39.601+0100] {processor.py:161} INFO - Started process (PID=23380) to work on /home/victor/airflow_env/lib/python3.10/site-packages/airflow/example_dags/example_bash_operator.py
[2024-07-12T11:33:39.606+0100] {processor.py:830} INFO - Processing file /home/victor/airflow_env/lib/python3.10/site-packages/airflow/example_dags/example_bash_operator.py for tasks to queue
[2024-07-12T11:33:39.615+0100] {logging_mixin.py:188} INFO - [2024-07-12T11:33:39.613+0100] {dagbag.py:545} INFO - Filling up the DagBag from /home/victor/airflow_env/lib/python3.10/site-packages/airflow/example_dags/example_bash_operator.py
[2024-07-12T11:33:39.680+0100] {processor.py:840} INFO - DAG(s) 'example_bash_operator' retrieved from /home/victor/airflow_env/lib/python3.10/site-packages/airflow/example_dags/example_bash_operator.py
[2024-07-12T11:33:39.871+0100] {logging_mixin.py:188} INFO - [2024-07-12T11:33:39.869+0100] {dag.py:3096} INFO - Sync 1 DAGs
[2024-07-12T11:33:39.996+0100] {logging_mixin.py:188} INFO - [2024-07-12T11:33:39.995+0100] {dag.py:3954} INFO - Setting next_dagrun for example_bash_operator to 2024-07-11 00:00:00+00:00, run_after=2024-07-12 00:00:00+00:00
[2024-07-12T11:33:40.391+0100] {processor.py:183} INFO - Processing /home/victor/airflow_env/lib/python3.10/site-packages/airflow/example_dags/example_bash_operator.py took 0.842 seconds
[2024-07-12T11:37:08.277+0100] {processor.py:161} INFO - Started process (PID=24273) to work on /home/victor/airflow_env/lib/python3.10/site-packages/airflow/example_dags/example_bash_operator.py
[2024-07-12T11:37:08.281+0100] {processor.py:830} INFO - Processing file /home/victor/airflow_env/lib/python3.10/site-packages/airflow/example_dags/example_bash_operator.py for tasks to queue
[2024-07-12T11:37:08.290+0100] {logging_mixin.py:188} INFO - [2024-07-12T11:37:08.288+0100] {dagbag.py:545} INFO - Filling up the DagBag from /home/victor/airflow_env/lib/python3.10/site-packages/airflow/example_dags/example_bash_operator.py
[2024-07-12T11:37:08.347+0100] {processor.py:840} INFO - DAG(s) 'example_bash_operator' retrieved from /home/victor/airflow_env/lib/python3.10/site-packages/airflow/example_dags/example_bash_operator.py
[2024-07-12T11:37:08.500+0100] {logging_mixin.py:188} INFO - [2024-07-12T11:37:08.499+0100] {dag.py:3096} INFO - Sync 1 DAGs
[2024-07-12T11:37:08.629+0100] {logging_mixin.py:188} INFO - [2024-07-12T11:37:08.628+0100] {dag.py:3954} INFO - Setting next_dagrun for example_bash_operator to 2024-07-11 00:00:00+00:00, run_after=2024-07-12 00:00:00+00:00
[2024-07-12T11:37:08.941+0100] {processor.py:183} INFO - Processing /home/victor/airflow_env/lib/python3.10/site-packages/airflow/example_dags/example_bash_operator.py took 0.694 seconds
[2024-07-12T11:39:59.313+0100] {processor.py:161} INFO - Started process (PID=24978) to work on /home/victor/airflow_env/lib/python3.10/site-packages/airflow/example_dags/example_bash_operator.py
[2024-07-12T11:39:59.318+0100] {processor.py:830} INFO - Processing file /home/victor/airflow_env/lib/python3.10/site-packages/airflow/example_dags/example_bash_operator.py for tasks to queue
[2024-07-12T11:39:59.327+0100] {logging_mixin.py:188} INFO - [2024-07-12T11:39:59.325+0100] {dagbag.py:545} INFO - Filling up the DagBag from /home/victor/airflow_env/lib/python3.10/site-packages/airflow/example_dags/example_bash_operator.py
[2024-07-12T11:39:59.419+0100] {processor.py:840} INFO - DAG(s) 'example_bash_operator' retrieved from /home/victor/airflow_env/lib/python3.10/site-packages/airflow/example_dags/example_bash_operator.py
[2024-07-12T11:39:59.702+0100] {logging_mixin.py:188} INFO - [2024-07-12T11:39:59.701+0100] {dag.py:3096} INFO - Sync 1 DAGs
[2024-07-12T11:39:59.849+0100] {logging_mixin.py:188} INFO - [2024-07-12T11:39:59.848+0100] {dag.py:3954} INFO - Setting next_dagrun for example_bash_operator to 2024-07-11 00:00:00+00:00, run_after=2024-07-12 00:00:00+00:00
[2024-07-12T11:40:00.144+0100] {processor.py:183} INFO - Processing /home/victor/airflow_env/lib/python3.10/site-packages/airflow/example_dags/example_bash_operator.py took 0.875 seconds
[2024-07-12T11:43:00.880+0100] {processor.py:161} INFO - Started process (PID=25718) to work on /home/victor/airflow_env/lib/python3.10/site-packages/airflow/example_dags/example_bash_operator.py
[2024-07-12T11:43:00.892+0100] {processor.py:830} INFO - Processing file /home/victor/airflow_env/lib/python3.10/site-packages/airflow/example_dags/example_bash_operator.py for tasks to queue
[2024-07-12T11:43:00.912+0100] {logging_mixin.py:188} INFO - [2024-07-12T11:43:00.909+0100] {dagbag.py:545} INFO - Filling up the DagBag from /home/victor/airflow_env/lib/python3.10/site-packages/airflow/example_dags/example_bash_operator.py
[2024-07-12T11:43:00.979+0100] {processor.py:840} INFO - DAG(s) 'example_bash_operator' retrieved from /home/victor/airflow_env/lib/python3.10/site-packages/airflow/example_dags/example_bash_operator.py
[2024-07-12T11:43:01.222+0100] {logging_mixin.py:188} INFO - [2024-07-12T11:43:01.221+0100] {dag.py:3096} INFO - Sync 1 DAGs
[2024-07-12T11:43:01.379+0100] {logging_mixin.py:188} INFO - [2024-07-12T11:43:01.378+0100] {dag.py:3954} INFO - Setting next_dagrun for example_bash_operator to 2024-07-11 00:00:00+00:00, run_after=2024-07-12 00:00:00+00:00
[2024-07-12T11:43:01.805+0100] {processor.py:183} INFO - Processing /home/victor/airflow_env/lib/python3.10/site-packages/airflow/example_dags/example_bash_operator.py took 0.970 seconds
[2024-07-12T11:45:47.743+0100] {processor.py:161} INFO - Started process (PID=26413) to work on /home/victor/airflow_env/lib/python3.10/site-packages/airflow/example_dags/example_bash_operator.py
[2024-07-12T11:45:47.747+0100] {processor.py:830} INFO - Processing file /home/victor/airflow_env/lib/python3.10/site-packages/airflow/example_dags/example_bash_operator.py for tasks to queue
[2024-07-12T11:45:47.757+0100] {logging_mixin.py:188} INFO - [2024-07-12T11:45:47.755+0100] {dagbag.py:545} INFO - Filling up the DagBag from /home/victor/airflow_env/lib/python3.10/site-packages/airflow/example_dags/example_bash_operator.py
[2024-07-12T11:45:47.840+0100] {processor.py:840} INFO - DAG(s) 'example_bash_operator' retrieved from /home/victor/airflow_env/lib/python3.10/site-packages/airflow/example_dags/example_bash_operator.py
[2024-07-12T11:45:48.232+0100] {logging_mixin.py:188} INFO - [2024-07-12T11:45:48.231+0100] {dag.py:3096} INFO - Sync 1 DAGs
[2024-07-12T11:45:48.469+0100] {logging_mixin.py:188} INFO - [2024-07-12T11:45:48.468+0100] {dag.py:3954} INFO - Setting next_dagrun for example_bash_operator to 2024-07-11 00:00:00+00:00, run_after=2024-07-12 00:00:00+00:00
[2024-07-12T11:45:48.759+0100] {processor.py:183} INFO - Processing /home/victor/airflow_env/lib/python3.10/site-packages/airflow/example_dags/example_bash_operator.py took 1.046 seconds
[2024-07-12T11:48:50.486+0100] {processor.py:161} INFO - Started process (PID=27165) to work on /home/victor/airflow_env/lib/python3.10/site-packages/airflow/example_dags/example_bash_operator.py
[2024-07-12T11:48:50.491+0100] {processor.py:830} INFO - Processing file /home/victor/airflow_env/lib/python3.10/site-packages/airflow/example_dags/example_bash_operator.py for tasks to queue
[2024-07-12T11:48:50.502+0100] {logging_mixin.py:188} INFO - [2024-07-12T11:48:50.499+0100] {dagbag.py:545} INFO - Filling up the DagBag from /home/victor/airflow_env/lib/python3.10/site-packages/airflow/example_dags/example_bash_operator.py
[2024-07-12T11:48:50.578+0100] {processor.py:840} INFO - DAG(s) 'example_bash_operator' retrieved from /home/victor/airflow_env/lib/python3.10/site-packages/airflow/example_dags/example_bash_operator.py
[2024-07-12T11:48:50.792+0100] {logging_mixin.py:188} INFO - [2024-07-12T11:48:50.791+0100] {dag.py:3096} INFO - Sync 1 DAGs
[2024-07-12T11:48:50.940+0100] {logging_mixin.py:188} INFO - [2024-07-12T11:48:50.938+0100] {dag.py:3954} INFO - Setting next_dagrun for example_bash_operator to 2024-07-11 00:00:00+00:00, run_after=2024-07-12 00:00:00+00:00
[2024-07-12T11:48:51.252+0100] {processor.py:183} INFO - Processing /home/victor/airflow_env/lib/python3.10/site-packages/airflow/example_dags/example_bash_operator.py took 0.853 seconds
[2024-07-12T11:51:45.016+0100] {processor.py:161} INFO - Started process (PID=27886) to work on /home/victor/airflow_env/lib/python3.10/site-packages/airflow/example_dags/example_bash_operator.py
[2024-07-12T11:51:45.021+0100] {processor.py:830} INFO - Processing file /home/victor/airflow_env/lib/python3.10/site-packages/airflow/example_dags/example_bash_operator.py for tasks to queue
[2024-07-12T11:51:45.029+0100] {logging_mixin.py:188} INFO - [2024-07-12T11:51:45.027+0100] {dagbag.py:545} INFO - Filling up the DagBag from /home/victor/airflow_env/lib/python3.10/site-packages/airflow/example_dags/example_bash_operator.py
[2024-07-12T11:51:45.100+0100] {processor.py:840} INFO - DAG(s) 'example_bash_operator' retrieved from /home/victor/airflow_env/lib/python3.10/site-packages/airflow/example_dags/example_bash_operator.py
[2024-07-12T11:51:45.260+0100] {logging_mixin.py:188} INFO - [2024-07-12T11:51:45.259+0100] {dag.py:3096} INFO - Sync 1 DAGs
[2024-07-12T11:51:45.399+0100] {logging_mixin.py:188} INFO - [2024-07-12T11:51:45.398+0100] {dag.py:3954} INFO - Setting next_dagrun for example_bash_operator to 2024-07-11 00:00:00+00:00, run_after=2024-07-12 00:00:00+00:00
[2024-07-12T11:51:45.701+0100] {processor.py:183} INFO - Processing /home/victor/airflow_env/lib/python3.10/site-packages/airflow/example_dags/example_bash_operator.py took 0.714 seconds
[2024-07-12T11:54:22.706+0100] {processor.py:161} INFO - Started process (PID=28541) to work on /home/victor/airflow_env/lib/python3.10/site-packages/airflow/example_dags/example_bash_operator.py
[2024-07-12T11:54:22.722+0100] {processor.py:830} INFO - Processing file /home/victor/airflow_env/lib/python3.10/site-packages/airflow/example_dags/example_bash_operator.py for tasks to queue
[2024-07-12T11:54:22.736+0100] {logging_mixin.py:188} INFO - [2024-07-12T11:54:22.734+0100] {dagbag.py:545} INFO - Filling up the DagBag from /home/victor/airflow_env/lib/python3.10/site-packages/airflow/example_dags/example_bash_operator.py
[2024-07-12T11:54:22.825+0100] {processor.py:840} INFO - DAG(s) 'example_bash_operator' retrieved from /home/victor/airflow_env/lib/python3.10/site-packages/airflow/example_dags/example_bash_operator.py
[2024-07-12T11:54:22.994+0100] {logging_mixin.py:188} INFO - [2024-07-12T11:54:22.993+0100] {dag.py:3096} INFO - Sync 1 DAGs
[2024-07-12T11:54:23.111+0100] {logging_mixin.py:188} INFO - [2024-07-12T11:54:23.110+0100] {dag.py:3954} INFO - Setting next_dagrun for example_bash_operator to 2024-07-11 00:00:00+00:00, run_after=2024-07-12 00:00:00+00:00
[2024-07-12T11:54:23.373+0100] {processor.py:183} INFO - Processing /home/victor/airflow_env/lib/python3.10/site-packages/airflow/example_dags/example_bash_operator.py took 0.718 seconds
[2024-07-12T11:57:16.404+0100] {processor.py:161} INFO - Started process (PID=29250) to work on /home/victor/airflow_env/lib/python3.10/site-packages/airflow/example_dags/example_bash_operator.py
[2024-07-12T11:57:16.410+0100] {processor.py:830} INFO - Processing file /home/victor/airflow_env/lib/python3.10/site-packages/airflow/example_dags/example_bash_operator.py for tasks to queue
[2024-07-12T11:57:16.429+0100] {logging_mixin.py:188} INFO - [2024-07-12T11:57:16.425+0100] {dagbag.py:545} INFO - Filling up the DagBag from /home/victor/airflow_env/lib/python3.10/site-packages/airflow/example_dags/example_bash_operator.py
[2024-07-12T11:57:16.501+0100] {processor.py:840} INFO - DAG(s) 'example_bash_operator' retrieved from /home/victor/airflow_env/lib/python3.10/site-packages/airflow/example_dags/example_bash_operator.py
[2024-07-12T11:57:16.710+0100] {logging_mixin.py:188} INFO - [2024-07-12T11:57:16.709+0100] {dag.py:3096} INFO - Sync 1 DAGs
[2024-07-12T11:57:16.839+0100] {logging_mixin.py:188} INFO - [2024-07-12T11:57:16.838+0100] {dag.py:3954} INFO - Setting next_dagrun for example_bash_operator to 2024-07-11 00:00:00+00:00, run_after=2024-07-12 00:00:00+00:00
[2024-07-12T11:57:17.173+0100] {processor.py:183} INFO - Processing /home/victor/airflow_env/lib/python3.10/site-packages/airflow/example_dags/example_bash_operator.py took 0.805 seconds
[2024-07-12T11:59:59.034+0100] {processor.py:161} INFO - Started process (PID=29925) to work on /home/victor/airflow_env/lib/python3.10/site-packages/airflow/example_dags/example_bash_operator.py
[2024-07-12T11:59:59.039+0100] {processor.py:830} INFO - Processing file /home/victor/airflow_env/lib/python3.10/site-packages/airflow/example_dags/example_bash_operator.py for tasks to queue
[2024-07-12T11:59:59.048+0100] {logging_mixin.py:188} INFO - [2024-07-12T11:59:59.046+0100] {dagbag.py:545} INFO - Filling up the DagBag from /home/victor/airflow_env/lib/python3.10/site-packages/airflow/example_dags/example_bash_operator.py
[2024-07-12T11:59:59.121+0100] {processor.py:840} INFO - DAG(s) 'example_bash_operator' retrieved from /home/victor/airflow_env/lib/python3.10/site-packages/airflow/example_dags/example_bash_operator.py
[2024-07-12T11:59:59.339+0100] {logging_mixin.py:188} INFO - [2024-07-12T11:59:59.338+0100] {dag.py:3096} INFO - Sync 1 DAGs
[2024-07-12T11:59:59.520+0100] {logging_mixin.py:188} INFO - [2024-07-12T11:59:59.519+0100] {dag.py:3954} INFO - Setting next_dagrun for example_bash_operator to 2024-07-11 00:00:00+00:00, run_after=2024-07-12 00:00:00+00:00
[2024-07-12T11:59:59.842+0100] {processor.py:183} INFO - Processing /home/victor/airflow_env/lib/python3.10/site-packages/airflow/example_dags/example_bash_operator.py took 0.841 seconds
[2024-07-12T12:03:05.683+0100] {processor.py:161} INFO - Started process (PID=30685) to work on /home/victor/airflow_env/lib/python3.10/site-packages/airflow/example_dags/example_bash_operator.py
[2024-07-12T12:03:05.688+0100] {processor.py:830} INFO - Processing file /home/victor/airflow_env/lib/python3.10/site-packages/airflow/example_dags/example_bash_operator.py for tasks to queue
[2024-07-12T12:03:05.701+0100] {logging_mixin.py:188} INFO - [2024-07-12T12:03:05.698+0100] {dagbag.py:545} INFO - Filling up the DagBag from /home/victor/airflow_env/lib/python3.10/site-packages/airflow/example_dags/example_bash_operator.py
[2024-07-12T12:03:05.787+0100] {processor.py:840} INFO - DAG(s) 'example_bash_operator' retrieved from /home/victor/airflow_env/lib/python3.10/site-packages/airflow/example_dags/example_bash_operator.py
[2024-07-12T12:03:05.968+0100] {logging_mixin.py:188} INFO - [2024-07-12T12:03:05.967+0100] {dag.py:3096} INFO - Sync 1 DAGs
[2024-07-12T12:03:06.100+0100] {logging_mixin.py:188} INFO - [2024-07-12T12:03:06.099+0100] {dag.py:3954} INFO - Setting next_dagrun for example_bash_operator to 2024-07-11 00:00:00+00:00, run_after=2024-07-12 00:00:00+00:00
[2024-07-12T12:03:06.396+0100] {processor.py:183} INFO - Processing /home/victor/airflow_env/lib/python3.10/site-packages/airflow/example_dags/example_bash_operator.py took 0.753 seconds
[2024-07-12T12:06:14.216+0100] {processor.py:161} INFO - Started process (PID=31451) to work on /home/victor/airflow_env/lib/python3.10/site-packages/airflow/example_dags/example_bash_operator.py
[2024-07-12T12:06:14.221+0100] {processor.py:830} INFO - Processing file /home/victor/airflow_env/lib/python3.10/site-packages/airflow/example_dags/example_bash_operator.py for tasks to queue
[2024-07-12T12:06:14.235+0100] {logging_mixin.py:188} INFO - [2024-07-12T12:06:14.233+0100] {dagbag.py:545} INFO - Filling up the DagBag from /home/victor/airflow_env/lib/python3.10/site-packages/airflow/example_dags/example_bash_operator.py
[2024-07-12T12:06:14.341+0100] {processor.py:840} INFO - DAG(s) 'example_bash_operator' retrieved from /home/victor/airflow_env/lib/python3.10/site-packages/airflow/example_dags/example_bash_operator.py
[2024-07-12T12:06:14.557+0100] {logging_mixin.py:188} INFO - [2024-07-12T12:06:14.556+0100] {dag.py:3096} INFO - Sync 1 DAGs
[2024-07-12T12:06:14.676+0100] {logging_mixin.py:188} INFO - [2024-07-12T12:06:14.675+0100] {dag.py:3954} INFO - Setting next_dagrun for example_bash_operator to 2024-07-11 00:00:00+00:00, run_after=2024-07-12 00:00:00+00:00
[2024-07-12T12:06:14.976+0100] {processor.py:183} INFO - Processing /home/victor/airflow_env/lib/python3.10/site-packages/airflow/example_dags/example_bash_operator.py took 0.799 seconds
[2024-07-12T12:09:03.769+0100] {processor.py:161} INFO - Started process (PID=32151) to work on /home/victor/airflow_env/lib/python3.10/site-packages/airflow/example_dags/example_bash_operator.py
[2024-07-12T12:09:03.775+0100] {processor.py:830} INFO - Processing file /home/victor/airflow_env/lib/python3.10/site-packages/airflow/example_dags/example_bash_operator.py for tasks to queue
[2024-07-12T12:09:03.783+0100] {logging_mixin.py:188} INFO - [2024-07-12T12:09:03.781+0100] {dagbag.py:545} INFO - Filling up the DagBag from /home/victor/airflow_env/lib/python3.10/site-packages/airflow/example_dags/example_bash_operator.py
[2024-07-12T12:09:03.848+0100] {processor.py:840} INFO - DAG(s) 'example_bash_operator' retrieved from /home/victor/airflow_env/lib/python3.10/site-packages/airflow/example_dags/example_bash_operator.py
[2024-07-12T12:09:04.019+0100] {logging_mixin.py:188} INFO - [2024-07-12T12:09:04.018+0100] {dag.py:3096} INFO - Sync 1 DAGs
[2024-07-12T12:09:04.144+0100] {logging_mixin.py:188} INFO - [2024-07-12T12:09:04.143+0100] {dag.py:3954} INFO - Setting next_dagrun for example_bash_operator to 2024-07-11 00:00:00+00:00, run_after=2024-07-12 00:00:00+00:00
[2024-07-12T12:09:04.479+0100] {processor.py:183} INFO - Processing /home/victor/airflow_env/lib/python3.10/site-packages/airflow/example_dags/example_bash_operator.py took 0.743 seconds
[2024-07-12T12:12:00.117+0100] {processor.py:161} INFO - Started process (PID=32879) to work on /home/victor/airflow_env/lib/python3.10/site-packages/airflow/example_dags/example_bash_operator.py
[2024-07-12T12:12:00.138+0100] {processor.py:830} INFO - Processing file /home/victor/airflow_env/lib/python3.10/site-packages/airflow/example_dags/example_bash_operator.py for tasks to queue
[2024-07-12T12:12:00.181+0100] {logging_mixin.py:188} INFO - [2024-07-12T12:12:00.179+0100] {dagbag.py:545} INFO - Filling up the DagBag from /home/victor/airflow_env/lib/python3.10/site-packages/airflow/example_dags/example_bash_operator.py
[2024-07-12T12:12:00.363+0100] {processor.py:840} INFO - DAG(s) 'example_bash_operator' retrieved from /home/victor/airflow_env/lib/python3.10/site-packages/airflow/example_dags/example_bash_operator.py
[2024-07-12T12:12:00.540+0100] {logging_mixin.py:188} INFO - [2024-07-12T12:12:00.539+0100] {dag.py:3096} INFO - Sync 1 DAGs
[2024-07-12T12:12:00.666+0100] {logging_mixin.py:188} INFO - [2024-07-12T12:12:00.665+0100] {dag.py:3954} INFO - Setting next_dagrun for example_bash_operator to 2024-07-11 00:00:00+00:00, run_after=2024-07-12 00:00:00+00:00
[2024-07-12T12:12:01.062+0100] {processor.py:183} INFO - Processing /home/victor/airflow_env/lib/python3.10/site-packages/airflow/example_dags/example_bash_operator.py took 0.989 seconds
[2024-07-12T12:14:38.082+0100] {processor.py:161} INFO - Started process (PID=33535) to work on /home/victor/airflow_env/lib/python3.10/site-packages/airflow/example_dags/example_bash_operator.py
[2024-07-12T12:14:38.087+0100] {processor.py:830} INFO - Processing file /home/victor/airflow_env/lib/python3.10/site-packages/airflow/example_dags/example_bash_operator.py for tasks to queue
[2024-07-12T12:14:38.097+0100] {logging_mixin.py:188} INFO - [2024-07-12T12:14:38.094+0100] {dagbag.py:545} INFO - Filling up the DagBag from /home/victor/airflow_env/lib/python3.10/site-packages/airflow/example_dags/example_bash_operator.py
[2024-07-12T12:14:38.163+0100] {processor.py:840} INFO - DAG(s) 'example_bash_operator' retrieved from /home/victor/airflow_env/lib/python3.10/site-packages/airflow/example_dags/example_bash_operator.py
[2024-07-12T12:14:38.348+0100] {logging_mixin.py:188} INFO - [2024-07-12T12:14:38.347+0100] {dag.py:3096} INFO - Sync 1 DAGs
[2024-07-12T12:14:38.479+0100] {logging_mixin.py:188} INFO - [2024-07-12T12:14:38.478+0100] {dag.py:3954} INFO - Setting next_dagrun for example_bash_operator to 2024-07-11 00:00:00+00:00, run_after=2024-07-12 00:00:00+00:00
[2024-07-12T12:14:38.928+0100] {processor.py:183} INFO - Processing /home/victor/airflow_env/lib/python3.10/site-packages/airflow/example_dags/example_bash_operator.py took 0.876 seconds
[2024-07-12T12:18:29.293+0100] {processor.py:161} INFO - Started process (PID=34464) to work on /home/victor/airflow_env/lib/python3.10/site-packages/airflow/example_dags/example_bash_operator.py
[2024-07-12T12:18:29.300+0100] {processor.py:830} INFO - Processing file /home/victor/airflow_env/lib/python3.10/site-packages/airflow/example_dags/example_bash_operator.py for tasks to queue
[2024-07-12T12:18:29.315+0100] {logging_mixin.py:188} INFO - [2024-07-12T12:18:29.313+0100] {dagbag.py:545} INFO - Filling up the DagBag from /home/victor/airflow_env/lib/python3.10/site-packages/airflow/example_dags/example_bash_operator.py
[2024-07-12T12:18:29.413+0100] {processor.py:840} INFO - DAG(s) 'example_bash_operator' retrieved from /home/victor/airflow_env/lib/python3.10/site-packages/airflow/example_dags/example_bash_operator.py
[2024-07-12T12:18:29.606+0100] {logging_mixin.py:188} INFO - [2024-07-12T12:18:29.605+0100] {dag.py:3096} INFO - Sync 1 DAGs
[2024-07-12T12:18:29.722+0100] {logging_mixin.py:188} INFO - [2024-07-12T12:18:29.720+0100] {dag.py:3954} INFO - Setting next_dagrun for example_bash_operator to 2024-07-11 00:00:00+00:00, run_after=2024-07-12 00:00:00+00:00
[2024-07-12T12:18:30.024+0100] {processor.py:183} INFO - Processing /home/victor/airflow_env/lib/python3.10/site-packages/airflow/example_dags/example_bash_operator.py took 0.770 seconds
[2024-07-12T12:21:41.476+0100] {processor.py:161} INFO - Started process (PID=35245) to work on /home/victor/airflow_env/lib/python3.10/site-packages/airflow/example_dags/example_bash_operator.py
[2024-07-12T12:21:41.482+0100] {processor.py:830} INFO - Processing file /home/victor/airflow_env/lib/python3.10/site-packages/airflow/example_dags/example_bash_operator.py for tasks to queue
[2024-07-12T12:21:41.491+0100] {logging_mixin.py:188} INFO - [2024-07-12T12:21:41.489+0100] {dagbag.py:545} INFO - Filling up the DagBag from /home/victor/airflow_env/lib/python3.10/site-packages/airflow/example_dags/example_bash_operator.py
[2024-07-12T12:21:41.557+0100] {processor.py:840} INFO - DAG(s) 'example_bash_operator' retrieved from /home/victor/airflow_env/lib/python3.10/site-packages/airflow/example_dags/example_bash_operator.py
[2024-07-12T12:21:41.702+0100] {logging_mixin.py:188} INFO - [2024-07-12T12:21:41.701+0100] {dag.py:3096} INFO - Sync 1 DAGs
[2024-07-12T12:21:41.828+0100] {logging_mixin.py:188} INFO - [2024-07-12T12:21:41.827+0100] {dag.py:3954} INFO - Setting next_dagrun for example_bash_operator to 2024-07-11 00:00:00+00:00, run_after=2024-07-12 00:00:00+00:00
[2024-07-12T12:21:42.280+0100] {processor.py:183} INFO - Processing /home/victor/airflow_env/lib/python3.10/site-packages/airflow/example_dags/example_bash_operator.py took 0.836 seconds
[2024-07-12T12:24:44.871+0100] {processor.py:161} INFO - Started process (PID=35996) to work on /home/victor/airflow_env/lib/python3.10/site-packages/airflow/example_dags/example_bash_operator.py
[2024-07-12T12:24:44.876+0100] {processor.py:830} INFO - Processing file /home/victor/airflow_env/lib/python3.10/site-packages/airflow/example_dags/example_bash_operator.py for tasks to queue
[2024-07-12T12:24:44.885+0100] {logging_mixin.py:188} INFO - [2024-07-12T12:24:44.883+0100] {dagbag.py:545} INFO - Filling up the DagBag from /home/victor/airflow_env/lib/python3.10/site-packages/airflow/example_dags/example_bash_operator.py
[2024-07-12T12:24:44.959+0100] {processor.py:840} INFO - DAG(s) 'example_bash_operator' retrieved from /home/victor/airflow_env/lib/python3.10/site-packages/airflow/example_dags/example_bash_operator.py
[2024-07-12T12:24:45.129+0100] {logging_mixin.py:188} INFO - [2024-07-12T12:24:45.128+0100] {dag.py:3096} INFO - Sync 1 DAGs
[2024-07-12T12:24:45.247+0100] {logging_mixin.py:188} INFO - [2024-07-12T12:24:45.246+0100] {dag.py:3954} INFO - Setting next_dagrun for example_bash_operator to 2024-07-11 00:00:00+00:00, run_after=2024-07-12 00:00:00+00:00
[2024-07-12T12:24:45.591+0100] {processor.py:183} INFO - Processing /home/victor/airflow_env/lib/python3.10/site-packages/airflow/example_dags/example_bash_operator.py took 0.755 seconds
[2024-07-12T12:27:51.778+0100] {processor.py:161} INFO - Started process (PID=36756) to work on /home/victor/airflow_env/lib/python3.10/site-packages/airflow/example_dags/example_bash_operator.py
[2024-07-12T12:27:51.783+0100] {processor.py:830} INFO - Processing file /home/victor/airflow_env/lib/python3.10/site-packages/airflow/example_dags/example_bash_operator.py for tasks to queue
[2024-07-12T12:27:51.792+0100] {logging_mixin.py:188} INFO - [2024-07-12T12:27:51.790+0100] {dagbag.py:545} INFO - Filling up the DagBag from /home/victor/airflow_env/lib/python3.10/site-packages/airflow/example_dags/example_bash_operator.py
[2024-07-12T12:27:51.855+0100] {processor.py:840} INFO - DAG(s) 'example_bash_operator' retrieved from /home/victor/airflow_env/lib/python3.10/site-packages/airflow/example_dags/example_bash_operator.py
[2024-07-12T12:27:52.007+0100] {logging_mixin.py:188} INFO - [2024-07-12T12:27:52.006+0100] {dag.py:3096} INFO - Sync 1 DAGs
[2024-07-12T12:27:52.126+0100] {logging_mixin.py:188} INFO - [2024-07-12T12:27:52.124+0100] {dag.py:3954} INFO - Setting next_dagrun for example_bash_operator to 2024-07-11 00:00:00+00:00, run_after=2024-07-12 00:00:00+00:00
[2024-07-12T12:27:52.420+0100] {processor.py:183} INFO - Processing /home/victor/airflow_env/lib/python3.10/site-packages/airflow/example_dags/example_bash_operator.py took 0.683 seconds
[2024-07-12T12:30:58.721+0100] {processor.py:161} INFO - Started process (PID=37521) to work on /home/victor/airflow_env/lib/python3.10/site-packages/airflow/example_dags/example_bash_operator.py
[2024-07-12T12:30:58.726+0100] {processor.py:830} INFO - Processing file /home/victor/airflow_env/lib/python3.10/site-packages/airflow/example_dags/example_bash_operator.py for tasks to queue
[2024-07-12T12:30:58.734+0100] {logging_mixin.py:188} INFO - [2024-07-12T12:30:58.732+0100] {dagbag.py:545} INFO - Filling up the DagBag from /home/victor/airflow_env/lib/python3.10/site-packages/airflow/example_dags/example_bash_operator.py
[2024-07-12T12:30:58.791+0100] {processor.py:840} INFO - DAG(s) 'example_bash_operator' retrieved from /home/victor/airflow_env/lib/python3.10/site-packages/airflow/example_dags/example_bash_operator.py
[2024-07-12T12:30:58.974+0100] {logging_mixin.py:188} INFO - [2024-07-12T12:30:58.973+0100] {dag.py:3096} INFO - Sync 1 DAGs
[2024-07-12T12:30:59.103+0100] {logging_mixin.py:188} INFO - [2024-07-12T12:30:59.102+0100] {dag.py:3954} INFO - Setting next_dagrun for example_bash_operator to 2024-07-11 00:00:00+00:00, run_after=2024-07-12 00:00:00+00:00
[2024-07-12T12:30:59.481+0100] {processor.py:183} INFO - Processing /home/victor/airflow_env/lib/python3.10/site-packages/airflow/example_dags/example_bash_operator.py took 0.788 seconds
