[2024-07-12T11:06:15.859+0100] {processor.py:161} INFO - Started process (PID=16313) to work on /home/victor/airflow_env/lib/python3.10/site-packages/airflow/example_dags/example_dynamic_task_mapping.py
[2024-07-12T11:06:15.865+0100] {processor.py:830} INFO - Processing file /home/victor/airflow_env/lib/python3.10/site-packages/airflow/example_dags/example_dynamic_task_mapping.py for tasks to queue
[2024-07-12T11:06:15.874+0100] {logging_mixin.py:188} INFO - [2024-07-12T11:06:15.872+0100] {dagbag.py:545} INFO - Filling up the DagBag from /home/victor/airflow_env/lib/python3.10/site-packages/airflow/example_dags/example_dynamic_task_mapping.py
[2024-07-12T11:06:15.916+0100] {processor.py:840} INFO - DAG(s) 'example_dynamic_task_mapping' retrieved from /home/victor/airflow_env/lib/python3.10/site-packages/airflow/example_dags/example_dynamic_task_mapping.py
[2024-07-12T11:06:16.713+0100] {logging_mixin.py:188} INFO - [2024-07-12T11:06:16.708+0100] {override.py:1847} INFO - Created Permission View: can edit on DAG:example_dynamic_task_mapping
[2024-07-12T11:06:16.923+0100] {logging_mixin.py:188} INFO - [2024-07-12T11:06:16.921+0100] {override.py:1847} INFO - Created Permission View: can read on DAG:example_dynamic_task_mapping
[2024-07-12T11:06:17.157+0100] {logging_mixin.py:188} INFO - [2024-07-12T11:06:17.155+0100] {override.py:1847} INFO - Created Permission View: can delete on DAG:example_dynamic_task_mapping
[2024-07-12T11:06:17.159+0100] {logging_mixin.py:188} INFO - [2024-07-12T11:06:17.158+0100] {dag.py:3096} INFO - Sync 1 DAGs
[2024-07-12T11:06:17.249+0100] {logging_mixin.py:188} INFO - [2024-07-12T11:06:17.248+0100] {dag.py:3118} INFO - Creating ORM DAG for example_dynamic_task_mapping
[2024-07-12T11:06:17.625+0100] {logging_mixin.py:188} INFO - [2024-07-12T11:06:17.624+0100] {dag.py:3954} INFO - Setting next_dagrun for example_dynamic_task_mapping to 2022-03-04 00:00:00+00:00, run_after=2022-03-05 00:00:00+00:00
[2024-07-12T11:06:17.994+0100] {processor.py:183} INFO - Processing /home/victor/airflow_env/lib/python3.10/site-packages/airflow/example_dags/example_dynamic_task_mapping.py took 2.172 seconds
[2024-07-12T11:09:20.869+0100] {processor.py:161} INFO - Started process (PID=17034) to work on /home/victor/airflow_env/lib/python3.10/site-packages/airflow/example_dags/example_dynamic_task_mapping.py
[2024-07-12T11:09:20.874+0100] {processor.py:830} INFO - Processing file /home/victor/airflow_env/lib/python3.10/site-packages/airflow/example_dags/example_dynamic_task_mapping.py for tasks to queue
[2024-07-12T11:09:20.884+0100] {logging_mixin.py:188} INFO - [2024-07-12T11:09:20.882+0100] {dagbag.py:545} INFO - Filling up the DagBag from /home/victor/airflow_env/lib/python3.10/site-packages/airflow/example_dags/example_dynamic_task_mapping.py
[2024-07-12T11:09:20.929+0100] {processor.py:840} INFO - DAG(s) 'example_dynamic_task_mapping' retrieved from /home/victor/airflow_env/lib/python3.10/site-packages/airflow/example_dags/example_dynamic_task_mapping.py
[2024-07-12T11:09:21.184+0100] {logging_mixin.py:188} INFO - [2024-07-12T11:09:21.183+0100] {dag.py:3096} INFO - Sync 1 DAGs
[2024-07-12T11:09:21.496+0100] {logging_mixin.py:188} INFO - [2024-07-12T11:09:21.496+0100] {dag.py:3954} INFO - Setting next_dagrun for example_dynamic_task_mapping to 2022-03-04 00:00:00+00:00, run_after=2022-03-05 00:00:00+00:00
[2024-07-12T11:09:22.527+0100] {processor.py:183} INFO - Processing /home/victor/airflow_env/lib/python3.10/site-packages/airflow/example_dags/example_dynamic_task_mapping.py took 1.729 seconds
[2024-07-12T11:11:33.532+0100] {processor.py:161} INFO - Started process (PID=17570) to work on /home/victor/airflow_env/lib/python3.10/site-packages/airflow/example_dags/example_dynamic_task_mapping.py
[2024-07-12T11:11:33.537+0100] {processor.py:830} INFO - Processing file /home/victor/airflow_env/lib/python3.10/site-packages/airflow/example_dags/example_dynamic_task_mapping.py for tasks to queue
[2024-07-12T11:11:33.545+0100] {logging_mixin.py:188} INFO - [2024-07-12T11:11:33.544+0100] {dagbag.py:545} INFO - Filling up the DagBag from /home/victor/airflow_env/lib/python3.10/site-packages/airflow/example_dags/example_dynamic_task_mapping.py
[2024-07-12T11:11:33.578+0100] {processor.py:840} INFO - DAG(s) 'example_dynamic_task_mapping' retrieved from /home/victor/airflow_env/lib/python3.10/site-packages/airflow/example_dags/example_dynamic_task_mapping.py
[2024-07-12T11:11:34.122+0100] {logging_mixin.py:188} INFO - [2024-07-12T11:11:34.121+0100] {dag.py:3096} INFO - Sync 1 DAGs
[2024-07-12T11:11:34.216+0100] {logging_mixin.py:188} INFO - [2024-07-12T11:11:34.215+0100] {dag.py:3954} INFO - Setting next_dagrun for example_dynamic_task_mapping to 2022-03-04 00:00:00+00:00, run_after=2022-03-05 00:00:00+00:00
[2024-07-12T11:11:34.470+0100] {processor.py:183} INFO - Processing /home/victor/airflow_env/lib/python3.10/site-packages/airflow/example_dags/example_dynamic_task_mapping.py took 0.968 seconds
[2024-07-12T11:14:55.005+0100] {processor.py:161} INFO - Started process (PID=18394) to work on /home/victor/airflow_env/lib/python3.10/site-packages/airflow/example_dags/example_dynamic_task_mapping.py
[2024-07-12T11:14:55.010+0100] {processor.py:830} INFO - Processing file /home/victor/airflow_env/lib/python3.10/site-packages/airflow/example_dags/example_dynamic_task_mapping.py for tasks to queue
[2024-07-12T11:14:55.021+0100] {logging_mixin.py:188} INFO - [2024-07-12T11:14:55.018+0100] {dagbag.py:545} INFO - Filling up the DagBag from /home/victor/airflow_env/lib/python3.10/site-packages/airflow/example_dags/example_dynamic_task_mapping.py
[2024-07-12T11:14:55.056+0100] {processor.py:840} INFO - DAG(s) 'example_dynamic_task_mapping' retrieved from /home/victor/airflow_env/lib/python3.10/site-packages/airflow/example_dags/example_dynamic_task_mapping.py
[2024-07-12T11:14:55.213+0100] {logging_mixin.py:188} INFO - [2024-07-12T11:14:55.211+0100] {dag.py:3096} INFO - Sync 1 DAGs
[2024-07-12T11:14:55.493+0100] {logging_mixin.py:188} INFO - [2024-07-12T11:14:55.486+0100] {dag.py:3954} INFO - Setting next_dagrun for example_dynamic_task_mapping to 2022-03-04 00:00:00+00:00, run_after=2022-03-05 00:00:00+00:00
[2024-07-12T11:14:56.075+0100] {processor.py:183} INFO - Processing /home/victor/airflow_env/lib/python3.10/site-packages/airflow/example_dags/example_dynamic_task_mapping.py took 1.112 seconds
[2024-07-12T11:17:32.410+0100] {processor.py:161} INFO - Started process (PID=19036) to work on /home/victor/airflow_env/lib/python3.10/site-packages/airflow/example_dags/example_dynamic_task_mapping.py
[2024-07-12T11:17:32.415+0100] {processor.py:830} INFO - Processing file /home/victor/airflow_env/lib/python3.10/site-packages/airflow/example_dags/example_dynamic_task_mapping.py for tasks to queue
[2024-07-12T11:17:32.424+0100] {logging_mixin.py:188} INFO - [2024-07-12T11:17:32.422+0100] {dagbag.py:545} INFO - Filling up the DagBag from /home/victor/airflow_env/lib/python3.10/site-packages/airflow/example_dags/example_dynamic_task_mapping.py
[2024-07-12T11:17:32.457+0100] {processor.py:840} INFO - DAG(s) 'example_dynamic_task_mapping' retrieved from /home/victor/airflow_env/lib/python3.10/site-packages/airflow/example_dags/example_dynamic_task_mapping.py
[2024-07-12T11:17:32.577+0100] {logging_mixin.py:188} INFO - [2024-07-12T11:17:32.576+0100] {dag.py:3096} INFO - Sync 1 DAGs
[2024-07-12T11:17:32.772+0100] {logging_mixin.py:188} INFO - [2024-07-12T11:17:32.771+0100] {dag.py:3954} INFO - Setting next_dagrun for example_dynamic_task_mapping to 2022-03-04 00:00:00+00:00, run_after=2022-03-05 00:00:00+00:00
[2024-07-12T11:17:33.343+0100] {processor.py:183} INFO - Processing /home/victor/airflow_env/lib/python3.10/site-packages/airflow/example_dags/example_dynamic_task_mapping.py took 0.977 seconds
[2024-07-12T11:20:40.890+0100] {processor.py:161} INFO - Started process (PID=19813) to work on /home/victor/airflow_env/lib/python3.10/site-packages/airflow/example_dags/example_dynamic_task_mapping.py
[2024-07-12T11:20:40.898+0100] {processor.py:830} INFO - Processing file /home/victor/airflow_env/lib/python3.10/site-packages/airflow/example_dags/example_dynamic_task_mapping.py for tasks to queue
[2024-07-12T11:20:40.918+0100] {logging_mixin.py:188} INFO - [2024-07-12T11:20:40.916+0100] {dagbag.py:545} INFO - Filling up the DagBag from /home/victor/airflow_env/lib/python3.10/site-packages/airflow/example_dags/example_dynamic_task_mapping.py
[2024-07-12T11:20:40.984+0100] {processor.py:840} INFO - DAG(s) 'example_dynamic_task_mapping' retrieved from /home/victor/airflow_env/lib/python3.10/site-packages/airflow/example_dags/example_dynamic_task_mapping.py
[2024-07-12T11:20:41.230+0100] {logging_mixin.py:188} INFO - [2024-07-12T11:20:41.229+0100] {dag.py:3096} INFO - Sync 1 DAGs
[2024-07-12T11:20:41.586+0100] {logging_mixin.py:188} INFO - [2024-07-12T11:20:41.584+0100] {dag.py:3954} INFO - Setting next_dagrun for example_dynamic_task_mapping to 2022-03-04 00:00:00+00:00, run_after=2022-03-05 00:00:00+00:00
[2024-07-12T11:20:41.934+0100] {processor.py:183} INFO - Processing /home/victor/airflow_env/lib/python3.10/site-packages/airflow/example_dags/example_dynamic_task_mapping.py took 1.105 seconds
[2024-07-12T11:24:04.719+0100] {processor.py:161} INFO - Started process (PID=20655) to work on /home/victor/airflow_env/lib/python3.10/site-packages/airflow/example_dags/example_dynamic_task_mapping.py
[2024-07-12T11:24:04.725+0100] {processor.py:830} INFO - Processing file /home/victor/airflow_env/lib/python3.10/site-packages/airflow/example_dags/example_dynamic_task_mapping.py for tasks to queue
[2024-07-12T11:24:04.739+0100] {logging_mixin.py:188} INFO - [2024-07-12T11:24:04.736+0100] {dagbag.py:545} INFO - Filling up the DagBag from /home/victor/airflow_env/lib/python3.10/site-packages/airflow/example_dags/example_dynamic_task_mapping.py
[2024-07-12T11:24:04.788+0100] {processor.py:840} INFO - DAG(s) 'example_dynamic_task_mapping' retrieved from /home/victor/airflow_env/lib/python3.10/site-packages/airflow/example_dags/example_dynamic_task_mapping.py
[2024-07-12T11:24:04.908+0100] {logging_mixin.py:188} INFO - [2024-07-12T11:24:04.907+0100] {dag.py:3096} INFO - Sync 1 DAGs
[2024-07-12T11:24:05.023+0100] {logging_mixin.py:188} INFO - [2024-07-12T11:24:05.022+0100] {dag.py:3954} INFO - Setting next_dagrun for example_dynamic_task_mapping to 2022-03-04 00:00:00+00:00, run_after=2022-03-05 00:00:00+00:00
[2024-07-12T11:24:05.329+0100] {processor.py:183} INFO - Processing /home/victor/airflow_env/lib/python3.10/site-packages/airflow/example_dags/example_dynamic_task_mapping.py took 0.672 seconds
[2024-07-12T11:27:24.412+0100] {processor.py:161} INFO - Started process (PID=21471) to work on /home/victor/airflow_env/lib/python3.10/site-packages/airflow/example_dags/example_dynamic_task_mapping.py
[2024-07-12T11:27:24.417+0100] {processor.py:830} INFO - Processing file /home/victor/airflow_env/lib/python3.10/site-packages/airflow/example_dags/example_dynamic_task_mapping.py for tasks to queue
[2024-07-12T11:27:24.425+0100] {logging_mixin.py:188} INFO - [2024-07-12T11:27:24.423+0100] {dagbag.py:545} INFO - Filling up the DagBag from /home/victor/airflow_env/lib/python3.10/site-packages/airflow/example_dags/example_dynamic_task_mapping.py
[2024-07-12T11:27:24.458+0100] {processor.py:840} INFO - DAG(s) 'example_dynamic_task_mapping' retrieved from /home/victor/airflow_env/lib/python3.10/site-packages/airflow/example_dags/example_dynamic_task_mapping.py
[2024-07-12T11:27:24.552+0100] {logging_mixin.py:188} INFO - [2024-07-12T11:27:24.551+0100] {dag.py:3096} INFO - Sync 1 DAGs
[2024-07-12T11:27:24.682+0100] {logging_mixin.py:188} INFO - [2024-07-12T11:27:24.681+0100] {dag.py:3954} INFO - Setting next_dagrun for example_dynamic_task_mapping to 2022-03-04 00:00:00+00:00, run_after=2022-03-05 00:00:00+00:00
[2024-07-12T11:27:25.254+0100] {processor.py:183} INFO - Processing /home/victor/airflow_env/lib/python3.10/site-packages/airflow/example_dags/example_dynamic_task_mapping.py took 0.882 seconds
[2024-07-12T11:30:55.093+0100] {processor.py:161} INFO - Started process (PID=22325) to work on /home/victor/airflow_env/lib/python3.10/site-packages/airflow/example_dags/example_dynamic_task_mapping.py
[2024-07-12T11:30:55.099+0100] {processor.py:830} INFO - Processing file /home/victor/airflow_env/lib/python3.10/site-packages/airflow/example_dags/example_dynamic_task_mapping.py for tasks to queue
[2024-07-12T11:30:55.122+0100] {logging_mixin.py:188} INFO - [2024-07-12T11:30:55.111+0100] {dagbag.py:545} INFO - Filling up the DagBag from /home/victor/airflow_env/lib/python3.10/site-packages/airflow/example_dags/example_dynamic_task_mapping.py
[2024-07-12T11:30:55.228+0100] {processor.py:840} INFO - DAG(s) 'example_dynamic_task_mapping' retrieved from /home/victor/airflow_env/lib/python3.10/site-packages/airflow/example_dags/example_dynamic_task_mapping.py
[2024-07-12T11:30:55.861+0100] {logging_mixin.py:188} INFO - [2024-07-12T11:30:55.860+0100] {dag.py:3096} INFO - Sync 1 DAGs
[2024-07-12T11:30:56.126+0100] {logging_mixin.py:188} INFO - [2024-07-12T11:30:56.124+0100] {dag.py:3954} INFO - Setting next_dagrun for example_dynamic_task_mapping to 2022-03-04 00:00:00+00:00, run_after=2022-03-05 00:00:00+00:00
[2024-07-12T11:30:57.913+0100] {processor.py:183} INFO - Processing /home/victor/airflow_env/lib/python3.10/site-packages/airflow/example_dags/example_dynamic_task_mapping.py took 2.866 seconds
[2024-07-12T11:35:30.289+0100] {processor.py:161} INFO - Started process (PID=23833) to work on /home/victor/airflow_env/lib/python3.10/site-packages/airflow/example_dags/example_dynamic_task_mapping.py
[2024-07-12T11:35:30.294+0100] {processor.py:830} INFO - Processing file /home/victor/airflow_env/lib/python3.10/site-packages/airflow/example_dags/example_dynamic_task_mapping.py for tasks to queue
[2024-07-12T11:35:30.303+0100] {logging_mixin.py:188} INFO - [2024-07-12T11:35:30.301+0100] {dagbag.py:545} INFO - Filling up the DagBag from /home/victor/airflow_env/lib/python3.10/site-packages/airflow/example_dags/example_dynamic_task_mapping.py
[2024-07-12T11:35:30.337+0100] {processor.py:840} INFO - DAG(s) 'example_dynamic_task_mapping' retrieved from /home/victor/airflow_env/lib/python3.10/site-packages/airflow/example_dags/example_dynamic_task_mapping.py
[2024-07-12T11:35:30.445+0100] {logging_mixin.py:188} INFO - [2024-07-12T11:35:30.444+0100] {dag.py:3096} INFO - Sync 1 DAGs
[2024-07-12T11:35:30.602+0100] {logging_mixin.py:188} INFO - [2024-07-12T11:35:30.601+0100] {dag.py:3954} INFO - Setting next_dagrun for example_dynamic_task_mapping to 2022-03-04 00:00:00+00:00, run_after=2022-03-05 00:00:00+00:00
[2024-07-12T11:35:30.895+0100] {processor.py:183} INFO - Processing /home/victor/airflow_env/lib/python3.10/site-packages/airflow/example_dags/example_dynamic_task_mapping.py took 0.640 seconds
[2024-07-12T11:38:24.846+0100] {processor.py:161} INFO - Started process (PID=24593) to work on /home/victor/airflow_env/lib/python3.10/site-packages/airflow/example_dags/example_dynamic_task_mapping.py
[2024-07-12T11:38:24.851+0100] {processor.py:830} INFO - Processing file /home/victor/airflow_env/lib/python3.10/site-packages/airflow/example_dags/example_dynamic_task_mapping.py for tasks to queue
[2024-07-12T11:38:24.860+0100] {logging_mixin.py:188} INFO - [2024-07-12T11:38:24.858+0100] {dagbag.py:545} INFO - Filling up the DagBag from /home/victor/airflow_env/lib/python3.10/site-packages/airflow/example_dags/example_dynamic_task_mapping.py
[2024-07-12T11:38:24.905+0100] {processor.py:840} INFO - DAG(s) 'example_dynamic_task_mapping' retrieved from /home/victor/airflow_env/lib/python3.10/site-packages/airflow/example_dags/example_dynamic_task_mapping.py
[2024-07-12T11:38:25.055+0100] {logging_mixin.py:188} INFO - [2024-07-12T11:38:25.054+0100] {dag.py:3096} INFO - Sync 1 DAGs
[2024-07-12T11:38:25.223+0100] {logging_mixin.py:188} INFO - [2024-07-12T11:38:25.222+0100] {dag.py:3954} INFO - Setting next_dagrun for example_dynamic_task_mapping to 2022-03-04 00:00:00+00:00, run_after=2022-03-05 00:00:00+00:00
[2024-07-12T11:38:25.594+0100] {processor.py:183} INFO - Processing /home/victor/airflow_env/lib/python3.10/site-packages/airflow/example_dags/example_dynamic_task_mapping.py took 0.782 seconds
[2024-07-12T11:41:26.056+0100] {processor.py:161} INFO - Started process (PID=25332) to work on /home/victor/airflow_env/lib/python3.10/site-packages/airflow/example_dags/example_dynamic_task_mapping.py
[2024-07-12T11:41:26.149+0100] {processor.py:830} INFO - Processing file /home/victor/airflow_env/lib/python3.10/site-packages/airflow/example_dags/example_dynamic_task_mapping.py for tasks to queue
[2024-07-12T11:41:26.248+0100] {logging_mixin.py:188} INFO - [2024-07-12T11:41:26.246+0100] {dagbag.py:545} INFO - Filling up the DagBag from /home/victor/airflow_env/lib/python3.10/site-packages/airflow/example_dags/example_dynamic_task_mapping.py
[2024-07-12T11:41:26.398+0100] {processor.py:840} INFO - DAG(s) 'example_dynamic_task_mapping' retrieved from /home/victor/airflow_env/lib/python3.10/site-packages/airflow/example_dags/example_dynamic_task_mapping.py
[2024-07-12T11:41:26.694+0100] {logging_mixin.py:188} INFO - [2024-07-12T11:41:26.693+0100] {dag.py:3096} INFO - Sync 1 DAGs
[2024-07-12T11:41:26.969+0100] {logging_mixin.py:188} INFO - [2024-07-12T11:41:26.968+0100] {dag.py:3954} INFO - Setting next_dagrun for example_dynamic_task_mapping to 2022-03-04 00:00:00+00:00, run_after=2022-03-05 00:00:00+00:00
[2024-07-12T11:41:27.481+0100] {processor.py:183} INFO - Processing /home/victor/airflow_env/lib/python3.10/site-packages/airflow/example_dags/example_dynamic_task_mapping.py took 1.480 seconds
[2024-07-12T11:44:19.256+0100] {processor.py:161} INFO - Started process (PID=26043) to work on /home/victor/airflow_env/lib/python3.10/site-packages/airflow/example_dags/example_dynamic_task_mapping.py
[2024-07-12T11:44:19.261+0100] {processor.py:830} INFO - Processing file /home/victor/airflow_env/lib/python3.10/site-packages/airflow/example_dags/example_dynamic_task_mapping.py for tasks to queue
[2024-07-12T11:44:19.269+0100] {logging_mixin.py:188} INFO - [2024-07-12T11:44:19.267+0100] {dagbag.py:545} INFO - Filling up the DagBag from /home/victor/airflow_env/lib/python3.10/site-packages/airflow/example_dags/example_dynamic_task_mapping.py
[2024-07-12T11:44:19.308+0100] {processor.py:840} INFO - DAG(s) 'example_dynamic_task_mapping' retrieved from /home/victor/airflow_env/lib/python3.10/site-packages/airflow/example_dags/example_dynamic_task_mapping.py
[2024-07-12T11:44:19.427+0100] {logging_mixin.py:188} INFO - [2024-07-12T11:44:19.426+0100] {dag.py:3096} INFO - Sync 1 DAGs
[2024-07-12T11:44:19.587+0100] {logging_mixin.py:188} INFO - [2024-07-12T11:44:19.585+0100] {dag.py:3954} INFO - Setting next_dagrun for example_dynamic_task_mapping to 2022-03-04 00:00:00+00:00, run_after=2022-03-05 00:00:00+00:00
[2024-07-12T11:44:19.959+0100] {processor.py:183} INFO - Processing /home/victor/airflow_env/lib/python3.10/site-packages/airflow/example_dags/example_dynamic_task_mapping.py took 0.735 seconds
[2024-07-12T11:47:05.765+0100] {processor.py:161} INFO - Started process (PID=26739) to work on /home/victor/airflow_env/lib/python3.10/site-packages/airflow/example_dags/example_dynamic_task_mapping.py
[2024-07-12T11:47:05.770+0100] {processor.py:830} INFO - Processing file /home/victor/airflow_env/lib/python3.10/site-packages/airflow/example_dags/example_dynamic_task_mapping.py for tasks to queue
[2024-07-12T11:47:05.778+0100] {logging_mixin.py:188} INFO - [2024-07-12T11:47:05.776+0100] {dagbag.py:545} INFO - Filling up the DagBag from /home/victor/airflow_env/lib/python3.10/site-packages/airflow/example_dags/example_dynamic_task_mapping.py
[2024-07-12T11:47:05.812+0100] {processor.py:840} INFO - DAG(s) 'example_dynamic_task_mapping' retrieved from /home/victor/airflow_env/lib/python3.10/site-packages/airflow/example_dags/example_dynamic_task_mapping.py
[2024-07-12T11:47:05.926+0100] {logging_mixin.py:188} INFO - [2024-07-12T11:47:05.925+0100] {dag.py:3096} INFO - Sync 1 DAGs
[2024-07-12T11:47:06.059+0100] {logging_mixin.py:188} INFO - [2024-07-12T11:47:06.058+0100] {dag.py:3954} INFO - Setting next_dagrun for example_dynamic_task_mapping to 2022-03-04 00:00:00+00:00, run_after=2022-03-05 00:00:00+00:00
[2024-07-12T11:47:06.350+0100] {processor.py:183} INFO - Processing /home/victor/airflow_env/lib/python3.10/site-packages/airflow/example_dags/example_dynamic_task_mapping.py took 0.617 seconds
[2024-07-12T11:50:20.671+0100] {processor.py:161} INFO - Started process (PID=27539) to work on /home/victor/airflow_env/lib/python3.10/site-packages/airflow/example_dags/example_dynamic_task_mapping.py
[2024-07-12T11:50:20.676+0100] {processor.py:830} INFO - Processing file /home/victor/airflow_env/lib/python3.10/site-packages/airflow/example_dags/example_dynamic_task_mapping.py for tasks to queue
[2024-07-12T11:50:20.684+0100] {logging_mixin.py:188} INFO - [2024-07-12T11:50:20.682+0100] {dagbag.py:545} INFO - Filling up the DagBag from /home/victor/airflow_env/lib/python3.10/site-packages/airflow/example_dags/example_dynamic_task_mapping.py
[2024-07-12T11:50:20.717+0100] {processor.py:840} INFO - DAG(s) 'example_dynamic_task_mapping' retrieved from /home/victor/airflow_env/lib/python3.10/site-packages/airflow/example_dags/example_dynamic_task_mapping.py
[2024-07-12T11:50:20.819+0100] {logging_mixin.py:188} INFO - [2024-07-12T11:50:20.818+0100] {dag.py:3096} INFO - Sync 1 DAGs
[2024-07-12T11:50:20.925+0100] {logging_mixin.py:188} INFO - [2024-07-12T11:50:20.924+0100] {dag.py:3954} INFO - Setting next_dagrun for example_dynamic_task_mapping to 2022-03-04 00:00:00+00:00, run_after=2022-03-05 00:00:00+00:00
[2024-07-12T11:50:21.183+0100] {processor.py:183} INFO - Processing /home/victor/airflow_env/lib/python3.10/site-packages/airflow/example_dags/example_dynamic_task_mapping.py took 0.540 seconds
[2024-07-12T11:53:02.667+0100] {processor.py:161} INFO - Started process (PID=28209) to work on /home/victor/airflow_env/lib/python3.10/site-packages/airflow/example_dags/example_dynamic_task_mapping.py
[2024-07-12T11:53:02.672+0100] {processor.py:830} INFO - Processing file /home/victor/airflow_env/lib/python3.10/site-packages/airflow/example_dags/example_dynamic_task_mapping.py for tasks to queue
[2024-07-12T11:53:02.680+0100] {logging_mixin.py:188} INFO - [2024-07-12T11:53:02.678+0100] {dagbag.py:545} INFO - Filling up the DagBag from /home/victor/airflow_env/lib/python3.10/site-packages/airflow/example_dags/example_dynamic_task_mapping.py
[2024-07-12T11:53:02.737+0100] {processor.py:840} INFO - DAG(s) 'example_dynamic_task_mapping' retrieved from /home/victor/airflow_env/lib/python3.10/site-packages/airflow/example_dags/example_dynamic_task_mapping.py
[2024-07-12T11:53:03.061+0100] {logging_mixin.py:188} INFO - [2024-07-12T11:53:03.060+0100] {dag.py:3096} INFO - Sync 1 DAGs
[2024-07-12T11:53:03.192+0100] {logging_mixin.py:188} INFO - [2024-07-12T11:53:03.191+0100] {dag.py:3954} INFO - Setting next_dagrun for example_dynamic_task_mapping to 2022-03-04 00:00:00+00:00, run_after=2022-03-05 00:00:00+00:00
[2024-07-12T11:53:03.465+0100] {processor.py:183} INFO - Processing /home/victor/airflow_env/lib/python3.10/site-packages/airflow/example_dags/example_dynamic_task_mapping.py took 0.829 seconds
[2024-07-12T11:55:45.707+0100] {processor.py:161} INFO - Started process (PID=28883) to work on /home/victor/airflow_env/lib/python3.10/site-packages/airflow/example_dags/example_dynamic_task_mapping.py
[2024-07-12T11:55:45.712+0100] {processor.py:830} INFO - Processing file /home/victor/airflow_env/lib/python3.10/site-packages/airflow/example_dags/example_dynamic_task_mapping.py for tasks to queue
[2024-07-12T11:55:45.720+0100] {logging_mixin.py:188} INFO - [2024-07-12T11:55:45.718+0100] {dagbag.py:545} INFO - Filling up the DagBag from /home/victor/airflow_env/lib/python3.10/site-packages/airflow/example_dags/example_dynamic_task_mapping.py
[2024-07-12T11:55:45.755+0100] {processor.py:840} INFO - DAG(s) 'example_dynamic_task_mapping' retrieved from /home/victor/airflow_env/lib/python3.10/site-packages/airflow/example_dags/example_dynamic_task_mapping.py
[2024-07-12T11:55:45.871+0100] {logging_mixin.py:188} INFO - [2024-07-12T11:55:45.870+0100] {dag.py:3096} INFO - Sync 1 DAGs
[2024-07-12T11:55:45.983+0100] {logging_mixin.py:188} INFO - [2024-07-12T11:55:45.982+0100] {dag.py:3954} INFO - Setting next_dagrun for example_dynamic_task_mapping to 2022-03-04 00:00:00+00:00, run_after=2022-03-05 00:00:00+00:00
[2024-07-12T11:55:46.270+0100] {processor.py:183} INFO - Processing /home/victor/airflow_env/lib/python3.10/site-packages/airflow/example_dags/example_dynamic_task_mapping.py took 0.592 seconds
[2024-07-12T11:58:36.665+0100] {processor.py:161} INFO - Started process (PID=29583) to work on /home/victor/airflow_env/lib/python3.10/site-packages/airflow/example_dags/example_dynamic_task_mapping.py
[2024-07-12T11:58:36.672+0100] {processor.py:830} INFO - Processing file /home/victor/airflow_env/lib/python3.10/site-packages/airflow/example_dags/example_dynamic_task_mapping.py for tasks to queue
[2024-07-12T11:58:36.686+0100] {logging_mixin.py:188} INFO - [2024-07-12T11:58:36.684+0100] {dagbag.py:545} INFO - Filling up the DagBag from /home/victor/airflow_env/lib/python3.10/site-packages/airflow/example_dags/example_dynamic_task_mapping.py
[2024-07-12T11:58:36.748+0100] {processor.py:840} INFO - DAG(s) 'example_dynamic_task_mapping' retrieved from /home/victor/airflow_env/lib/python3.10/site-packages/airflow/example_dags/example_dynamic_task_mapping.py
[2024-07-12T11:58:36.871+0100] {logging_mixin.py:188} INFO - [2024-07-12T11:58:36.870+0100] {dag.py:3096} INFO - Sync 1 DAGs
[2024-07-12T11:58:37.083+0100] {logging_mixin.py:188} INFO - [2024-07-12T11:58:37.083+0100] {dag.py:3954} INFO - Setting next_dagrun for example_dynamic_task_mapping to 2022-03-04 00:00:00+00:00, run_after=2022-03-05 00:00:00+00:00
[2024-07-12T11:58:37.465+0100] {processor.py:183} INFO - Processing /home/victor/airflow_env/lib/python3.10/site-packages/airflow/example_dags/example_dynamic_task_mapping.py took 0.837 seconds
[2024-07-12T12:01:32.086+0100] {processor.py:161} INFO - Started process (PID=30301) to work on /home/victor/airflow_env/lib/python3.10/site-packages/airflow/example_dags/example_dynamic_task_mapping.py
[2024-07-12T12:01:32.090+0100] {processor.py:830} INFO - Processing file /home/victor/airflow_env/lib/python3.10/site-packages/airflow/example_dags/example_dynamic_task_mapping.py for tasks to queue
[2024-07-12T12:01:32.098+0100] {logging_mixin.py:188} INFO - [2024-07-12T12:01:32.097+0100] {dagbag.py:545} INFO - Filling up the DagBag from /home/victor/airflow_env/lib/python3.10/site-packages/airflow/example_dags/example_dynamic_task_mapping.py
[2024-07-12T12:01:32.144+0100] {processor.py:840} INFO - DAG(s) 'example_dynamic_task_mapping' retrieved from /home/victor/airflow_env/lib/python3.10/site-packages/airflow/example_dags/example_dynamic_task_mapping.py
[2024-07-12T12:01:32.392+0100] {logging_mixin.py:188} INFO - [2024-07-12T12:01:32.391+0100] {dag.py:3096} INFO - Sync 1 DAGs
[2024-07-12T12:01:32.509+0100] {logging_mixin.py:188} INFO - [2024-07-12T12:01:32.508+0100] {dag.py:3954} INFO - Setting next_dagrun for example_dynamic_task_mapping to 2022-03-04 00:00:00+00:00, run_after=2022-03-05 00:00:00+00:00
[2024-07-12T12:01:32.817+0100] {processor.py:183} INFO - Processing /home/victor/airflow_env/lib/python3.10/site-packages/airflow/example_dags/example_dynamic_task_mapping.py took 0.760 seconds
[2024-07-12T12:04:45.322+0100] {processor.py:161} INFO - Started process (PID=31087) to work on /home/victor/airflow_env/lib/python3.10/site-packages/airflow/example_dags/example_dynamic_task_mapping.py
[2024-07-12T12:04:45.327+0100] {processor.py:830} INFO - Processing file /home/victor/airflow_env/lib/python3.10/site-packages/airflow/example_dags/example_dynamic_task_mapping.py for tasks to queue
[2024-07-12T12:04:45.335+0100] {logging_mixin.py:188} INFO - [2024-07-12T12:04:45.333+0100] {dagbag.py:545} INFO - Filling up the DagBag from /home/victor/airflow_env/lib/python3.10/site-packages/airflow/example_dags/example_dynamic_task_mapping.py
[2024-07-12T12:04:45.378+0100] {processor.py:840} INFO - DAG(s) 'example_dynamic_task_mapping' retrieved from /home/victor/airflow_env/lib/python3.10/site-packages/airflow/example_dags/example_dynamic_task_mapping.py
[2024-07-12T12:04:45.498+0100] {logging_mixin.py:188} INFO - [2024-07-12T12:04:45.497+0100] {dag.py:3096} INFO - Sync 1 DAGs
[2024-07-12T12:04:45.643+0100] {logging_mixin.py:188} INFO - [2024-07-12T12:04:45.642+0100] {dag.py:3954} INFO - Setting next_dagrun for example_dynamic_task_mapping to 2022-03-04 00:00:00+00:00, run_after=2022-03-05 00:00:00+00:00
[2024-07-12T12:04:45.984+0100] {processor.py:183} INFO - Processing /home/victor/airflow_env/lib/python3.10/site-packages/airflow/example_dags/example_dynamic_task_mapping.py took 0.693 seconds
[2024-07-12T12:07:27.821+0100] {processor.py:161} INFO - Started process (PID=31758) to work on /home/victor/airflow_env/lib/python3.10/site-packages/airflow/example_dags/example_dynamic_task_mapping.py
[2024-07-12T12:07:27.837+0100] {processor.py:830} INFO - Processing file /home/victor/airflow_env/lib/python3.10/site-packages/airflow/example_dags/example_dynamic_task_mapping.py for tasks to queue
[2024-07-12T12:07:27.860+0100] {logging_mixin.py:188} INFO - [2024-07-12T12:07:27.858+0100] {dagbag.py:545} INFO - Filling up the DagBag from /home/victor/airflow_env/lib/python3.10/site-packages/airflow/example_dags/example_dynamic_task_mapping.py
[2024-07-12T12:07:27.898+0100] {processor.py:840} INFO - DAG(s) 'example_dynamic_task_mapping' retrieved from /home/victor/airflow_env/lib/python3.10/site-packages/airflow/example_dags/example_dynamic_task_mapping.py
[2024-07-12T12:07:28.029+0100] {logging_mixin.py:188} INFO - [2024-07-12T12:07:28.028+0100] {dag.py:3096} INFO - Sync 1 DAGs
[2024-07-12T12:07:28.248+0100] {logging_mixin.py:188} INFO - [2024-07-12T12:07:28.246+0100] {dag.py:3954} INFO - Setting next_dagrun for example_dynamic_task_mapping to 2022-03-04 00:00:00+00:00, run_after=2022-03-05 00:00:00+00:00
[2024-07-12T12:07:28.632+0100] {processor.py:183} INFO - Processing /home/victor/airflow_env/lib/python3.10/site-packages/airflow/example_dags/example_dynamic_task_mapping.py took 0.859 seconds
[2024-07-12T12:10:25.554+0100] {processor.py:161} INFO - Started process (PID=32491) to work on /home/victor/airflow_env/lib/python3.10/site-packages/airflow/example_dags/example_dynamic_task_mapping.py
[2024-07-12T12:10:25.560+0100] {processor.py:830} INFO - Processing file /home/victor/airflow_env/lib/python3.10/site-packages/airflow/example_dags/example_dynamic_task_mapping.py for tasks to queue
[2024-07-12T12:10:25.568+0100] {logging_mixin.py:188} INFO - [2024-07-12T12:10:25.566+0100] {dagbag.py:545} INFO - Filling up the DagBag from /home/victor/airflow_env/lib/python3.10/site-packages/airflow/example_dags/example_dynamic_task_mapping.py
[2024-07-12T12:10:25.685+0100] {processor.py:840} INFO - DAG(s) 'example_dynamic_task_mapping' retrieved from /home/victor/airflow_env/lib/python3.10/site-packages/airflow/example_dags/example_dynamic_task_mapping.py
[2024-07-12T12:10:25.806+0100] {logging_mixin.py:188} INFO - [2024-07-12T12:10:25.805+0100] {dag.py:3096} INFO - Sync 1 DAGs
[2024-07-12T12:10:25.934+0100] {logging_mixin.py:188} INFO - [2024-07-12T12:10:25.932+0100] {dag.py:3954} INFO - Setting next_dagrun for example_dynamic_task_mapping to 2022-03-04 00:00:00+00:00, run_after=2022-03-05 00:00:00+00:00
[2024-07-12T12:10:26.245+0100] {processor.py:183} INFO - Processing /home/victor/airflow_env/lib/python3.10/site-packages/airflow/example_dags/example_dynamic_task_mapping.py took 0.726 seconds
[2024-07-12T12:13:11.471+0100] {processor.py:161} INFO - Started process (PID=33178) to work on /home/victor/airflow_env/lib/python3.10/site-packages/airflow/example_dags/example_dynamic_task_mapping.py
[2024-07-12T12:13:11.479+0100] {processor.py:830} INFO - Processing file /home/victor/airflow_env/lib/python3.10/site-packages/airflow/example_dags/example_dynamic_task_mapping.py for tasks to queue
[2024-07-12T12:13:11.501+0100] {logging_mixin.py:188} INFO - [2024-07-12T12:13:11.490+0100] {dagbag.py:545} INFO - Filling up the DagBag from /home/victor/airflow_env/lib/python3.10/site-packages/airflow/example_dags/example_dynamic_task_mapping.py
[2024-07-12T12:13:11.560+0100] {processor.py:840} INFO - DAG(s) 'example_dynamic_task_mapping' retrieved from /home/victor/airflow_env/lib/python3.10/site-packages/airflow/example_dags/example_dynamic_task_mapping.py
[2024-07-12T12:13:11.700+0100] {logging_mixin.py:188} INFO - [2024-07-12T12:13:11.699+0100] {dag.py:3096} INFO - Sync 1 DAGs
[2024-07-12T12:13:11.833+0100] {logging_mixin.py:188} INFO - [2024-07-12T12:13:11.832+0100] {dag.py:3954} INFO - Setting next_dagrun for example_dynamic_task_mapping to 2022-03-04 00:00:00+00:00, run_after=2022-03-05 00:00:00+00:00
[2024-07-12T12:13:12.133+0100] {processor.py:183} INFO - Processing /home/victor/airflow_env/lib/python3.10/site-packages/airflow/example_dags/example_dynamic_task_mapping.py took 0.698 seconds
[2024-07-12T12:16:20.793+0100] {processor.py:161} INFO - Started process (PID=33943) to work on /home/victor/airflow_env/lib/python3.10/site-packages/airflow/example_dags/example_dynamic_task_mapping.py
[2024-07-12T12:16:20.824+0100] {processor.py:830} INFO - Processing file /home/victor/airflow_env/lib/python3.10/site-packages/airflow/example_dags/example_dynamic_task_mapping.py for tasks to queue
[2024-07-12T12:16:20.843+0100] {logging_mixin.py:188} INFO - [2024-07-12T12:16:20.840+0100] {dagbag.py:545} INFO - Filling up the DagBag from /home/victor/airflow_env/lib/python3.10/site-packages/airflow/example_dags/example_dynamic_task_mapping.py
[2024-07-12T12:16:20.945+0100] {processor.py:840} INFO - DAG(s) 'example_dynamic_task_mapping' retrieved from /home/victor/airflow_env/lib/python3.10/site-packages/airflow/example_dags/example_dynamic_task_mapping.py
[2024-07-12T12:16:21.179+0100] {logging_mixin.py:188} INFO - [2024-07-12T12:16:21.177+0100] {dag.py:3096} INFO - Sync 1 DAGs
[2024-07-12T12:16:21.436+0100] {logging_mixin.py:188} INFO - [2024-07-12T12:16:21.435+0100] {dag.py:3954} INFO - Setting next_dagrun for example_dynamic_task_mapping to 2022-03-04 00:00:00+00:00, run_after=2022-03-05 00:00:00+00:00
[2024-07-12T12:16:21.989+0100] {processor.py:183} INFO - Processing /home/victor/airflow_env/lib/python3.10/site-packages/airflow/example_dags/example_dynamic_task_mapping.py took 1.299 seconds
[2024-07-12T12:20:09.006+0100] {processor.py:161} INFO - Started process (PID=34866) to work on /home/victor/airflow_env/lib/python3.10/site-packages/airflow/example_dags/example_dynamic_task_mapping.py
[2024-07-12T12:20:09.010+0100] {processor.py:830} INFO - Processing file /home/victor/airflow_env/lib/python3.10/site-packages/airflow/example_dags/example_dynamic_task_mapping.py for tasks to queue
[2024-07-12T12:20:09.022+0100] {logging_mixin.py:188} INFO - [2024-07-12T12:20:09.020+0100] {dagbag.py:545} INFO - Filling up the DagBag from /home/victor/airflow_env/lib/python3.10/site-packages/airflow/example_dags/example_dynamic_task_mapping.py
[2024-07-12T12:20:09.075+0100] {processor.py:840} INFO - DAG(s) 'example_dynamic_task_mapping' retrieved from /home/victor/airflow_env/lib/python3.10/site-packages/airflow/example_dags/example_dynamic_task_mapping.py
[2024-07-12T12:20:09.179+0100] {logging_mixin.py:188} INFO - [2024-07-12T12:20:09.178+0100] {dag.py:3096} INFO - Sync 1 DAGs
[2024-07-12T12:20:09.324+0100] {logging_mixin.py:188} INFO - [2024-07-12T12:20:09.323+0100] {dag.py:3954} INFO - Setting next_dagrun for example_dynamic_task_mapping to 2022-03-04 00:00:00+00:00, run_after=2022-03-05 00:00:00+00:00
[2024-07-12T12:20:09.779+0100] {processor.py:183} INFO - Processing /home/victor/airflow_env/lib/python3.10/site-packages/airflow/example_dags/example_dynamic_task_mapping.py took 0.803 seconds
[2024-07-12T12:23:07.774+0100] {processor.py:161} INFO - Started process (PID=35599) to work on /home/victor/airflow_env/lib/python3.10/site-packages/airflow/example_dags/example_dynamic_task_mapping.py
[2024-07-12T12:23:07.780+0100] {processor.py:830} INFO - Processing file /home/victor/airflow_env/lib/python3.10/site-packages/airflow/example_dags/example_dynamic_task_mapping.py for tasks to queue
[2024-07-12T12:23:07.791+0100] {logging_mixin.py:188} INFO - [2024-07-12T12:23:07.789+0100] {dagbag.py:545} INFO - Filling up the DagBag from /home/victor/airflow_env/lib/python3.10/site-packages/airflow/example_dags/example_dynamic_task_mapping.py
[2024-07-12T12:23:07.837+0100] {processor.py:840} INFO - DAG(s) 'example_dynamic_task_mapping' retrieved from /home/victor/airflow_env/lib/python3.10/site-packages/airflow/example_dags/example_dynamic_task_mapping.py
[2024-07-12T12:23:07.955+0100] {logging_mixin.py:188} INFO - [2024-07-12T12:23:07.954+0100] {dag.py:3096} INFO - Sync 1 DAGs
[2024-07-12T12:23:08.100+0100] {logging_mixin.py:188} INFO - [2024-07-12T12:23:08.099+0100] {dag.py:3954} INFO - Setting next_dagrun for example_dynamic_task_mapping to 2022-03-04 00:00:00+00:00, run_after=2022-03-05 00:00:00+00:00
[2024-07-12T12:23:08.431+0100] {processor.py:183} INFO - Processing /home/victor/airflow_env/lib/python3.10/site-packages/airflow/example_dags/example_dynamic_task_mapping.py took 0.693 seconds
[2024-07-12T12:26:24.273+0100] {processor.py:161} INFO - Started process (PID=36396) to work on /home/victor/airflow_env/lib/python3.10/site-packages/airflow/example_dags/example_dynamic_task_mapping.py
[2024-07-12T12:26:24.279+0100] {processor.py:830} INFO - Processing file /home/victor/airflow_env/lib/python3.10/site-packages/airflow/example_dags/example_dynamic_task_mapping.py for tasks to queue
[2024-07-12T12:26:24.310+0100] {logging_mixin.py:188} INFO - [2024-07-12T12:26:24.308+0100] {dagbag.py:545} INFO - Filling up the DagBag from /home/victor/airflow_env/lib/python3.10/site-packages/airflow/example_dags/example_dynamic_task_mapping.py
[2024-07-12T12:26:24.356+0100] {processor.py:840} INFO - DAG(s) 'example_dynamic_task_mapping' retrieved from /home/victor/airflow_env/lib/python3.10/site-packages/airflow/example_dags/example_dynamic_task_mapping.py
[2024-07-12T12:26:24.460+0100] {logging_mixin.py:188} INFO - [2024-07-12T12:26:24.459+0100] {dag.py:3096} INFO - Sync 1 DAGs
[2024-07-12T12:26:24.586+0100] {logging_mixin.py:188} INFO - [2024-07-12T12:26:24.585+0100] {dag.py:3954} INFO - Setting next_dagrun for example_dynamic_task_mapping to 2022-03-04 00:00:00+00:00, run_after=2022-03-05 00:00:00+00:00
[2024-07-12T12:26:25.127+0100] {processor.py:183} INFO - Processing /home/victor/airflow_env/lib/python3.10/site-packages/airflow/example_dags/example_dynamic_task_mapping.py took 0.891 seconds
[2024-07-12T12:29:16.843+0100] {processor.py:161} INFO - Started process (PID=37104) to work on /home/victor/airflow_env/lib/python3.10/site-packages/airflow/example_dags/example_dynamic_task_mapping.py
[2024-07-12T12:29:16.848+0100] {processor.py:830} INFO - Processing file /home/victor/airflow_env/lib/python3.10/site-packages/airflow/example_dags/example_dynamic_task_mapping.py for tasks to queue
[2024-07-12T12:29:16.856+0100] {logging_mixin.py:188} INFO - [2024-07-12T12:29:16.855+0100] {dagbag.py:545} INFO - Filling up the DagBag from /home/victor/airflow_env/lib/python3.10/site-packages/airflow/example_dags/example_dynamic_task_mapping.py
[2024-07-12T12:29:16.897+0100] {processor.py:840} INFO - DAG(s) 'example_dynamic_task_mapping' retrieved from /home/victor/airflow_env/lib/python3.10/site-packages/airflow/example_dags/example_dynamic_task_mapping.py
[2024-07-12T12:29:17.023+0100] {logging_mixin.py:188} INFO - [2024-07-12T12:29:17.022+0100] {dag.py:3096} INFO - Sync 1 DAGs
[2024-07-12T12:29:17.146+0100] {logging_mixin.py:188} INFO - [2024-07-12T12:29:17.145+0100] {dag.py:3954} INFO - Setting next_dagrun for example_dynamic_task_mapping to 2022-03-04 00:00:00+00:00, run_after=2022-03-05 00:00:00+00:00
[2024-07-12T12:29:17.445+0100] {processor.py:183} INFO - Processing /home/victor/airflow_env/lib/python3.10/site-packages/airflow/example_dags/example_dynamic_task_mapping.py took 0.634 seconds
[2024-07-12T12:32:20.505+0100] {processor.py:161} INFO - Started process (PID=37857) to work on /home/victor/airflow_env/lib/python3.10/site-packages/airflow/example_dags/example_dynamic_task_mapping.py
[2024-07-12T12:32:20.519+0100] {processor.py:830} INFO - Processing file /home/victor/airflow_env/lib/python3.10/site-packages/airflow/example_dags/example_dynamic_task_mapping.py for tasks to queue
[2024-07-12T12:32:20.531+0100] {logging_mixin.py:188} INFO - [2024-07-12T12:32:20.526+0100] {dagbag.py:545} INFO - Filling up the DagBag from /home/victor/airflow_env/lib/python3.10/site-packages/airflow/example_dags/example_dynamic_task_mapping.py
[2024-07-12T12:32:20.583+0100] {processor.py:840} INFO - DAG(s) 'example_dynamic_task_mapping' retrieved from /home/victor/airflow_env/lib/python3.10/site-packages/airflow/example_dags/example_dynamic_task_mapping.py
[2024-07-12T12:32:20.693+0100] {logging_mixin.py:188} INFO - [2024-07-12T12:32:20.692+0100] {dag.py:3096} INFO - Sync 1 DAGs
[2024-07-12T12:32:20.816+0100] {logging_mixin.py:188} INFO - [2024-07-12T12:32:20.815+0100] {dag.py:3954} INFO - Setting next_dagrun for example_dynamic_task_mapping to 2022-03-04 00:00:00+00:00, run_after=2022-03-05 00:00:00+00:00
[2024-07-12T12:32:21.261+0100] {processor.py:183} INFO - Processing /home/victor/airflow_env/lib/python3.10/site-packages/airflow/example_dags/example_dynamic_task_mapping.py took 0.820 seconds
