[2024-07-12T11:04:51.196+0100] {processor.py:161} INFO - Started process (PID=15977) to work on /home/victor/airflow_env/lib/python3.10/site-packages/airflow/example_dags/example_setup_teardown_taskflow.py
[2024-07-12T11:04:51.201+0100] {processor.py:830} INFO - Processing file /home/victor/airflow_env/lib/python3.10/site-packages/airflow/example_dags/example_setup_teardown_taskflow.py for tasks to queue
[2024-07-12T11:04:51.209+0100] {logging_mixin.py:188} INFO - [2024-07-12T11:04:51.207+0100] {dagbag.py:545} INFO - Filling up the DagBag from /home/victor/airflow_env/lib/python3.10/site-packages/airflow/example_dags/example_setup_teardown_taskflow.py
[2024-07-12T11:04:51.270+0100] {processor.py:840} INFO - DAG(s) 'example_setup_teardown_taskflow' retrieved from /home/victor/airflow_env/lib/python3.10/site-packages/airflow/example_dags/example_setup_teardown_taskflow.py
[2024-07-12T11:04:52.067+0100] {logging_mixin.py:188} INFO - [2024-07-12T11:04:52.065+0100] {override.py:1847} INFO - Created Permission View: can edit on DAG:example_setup_teardown_taskflow
[2024-07-12T11:04:52.284+0100] {logging_mixin.py:188} INFO - [2024-07-12T11:04:52.282+0100] {override.py:1847} INFO - Created Permission View: can read on DAG:example_setup_teardown_taskflow
[2024-07-12T11:04:52.491+0100] {logging_mixin.py:188} INFO - [2024-07-12T11:04:52.489+0100] {override.py:1847} INFO - Created Permission View: can delete on DAG:example_setup_teardown_taskflow
[2024-07-12T11:04:52.494+0100] {logging_mixin.py:188} INFO - [2024-07-12T11:04:52.493+0100] {dag.py:3096} INFO - Sync 1 DAGs
[2024-07-12T11:04:52.569+0100] {logging_mixin.py:188} INFO - [2024-07-12T11:04:52.567+0100] {dag.py:3118} INFO - Creating ORM DAG for example_setup_teardown_taskflow
[2024-07-12T11:04:52.642+0100] {logging_mixin.py:188} INFO - [2024-07-12T11:04:52.641+0100] {dag.py:3954} INFO - Setting next_dagrun for example_setup_teardown_taskflow to 2024-07-11 00:00:00+00:00, run_after=2024-07-12 00:00:00+00:00
[2024-07-12T11:04:52.981+0100] {processor.py:183} INFO - Processing /home/victor/airflow_env/lib/python3.10/site-packages/airflow/example_dags/example_setup_teardown_taskflow.py took 1.813 seconds
[2024-07-12T11:07:53.089+0100] {processor.py:161} INFO - Started process (PID=16701) to work on /home/victor/airflow_env/lib/python3.10/site-packages/airflow/example_dags/example_setup_teardown_taskflow.py
[2024-07-12T11:07:53.104+0100] {processor.py:830} INFO - Processing file /home/victor/airflow_env/lib/python3.10/site-packages/airflow/example_dags/example_setup_teardown_taskflow.py for tasks to queue
[2024-07-12T11:07:53.116+0100] {logging_mixin.py:188} INFO - [2024-07-12T11:07:53.114+0100] {dagbag.py:545} INFO - Filling up the DagBag from /home/victor/airflow_env/lib/python3.10/site-packages/airflow/example_dags/example_setup_teardown_taskflow.py
[2024-07-12T11:07:53.197+0100] {processor.py:840} INFO - DAG(s) 'example_setup_teardown_taskflow' retrieved from /home/victor/airflow_env/lib/python3.10/site-packages/airflow/example_dags/example_setup_teardown_taskflow.py
[2024-07-12T11:07:53.342+0100] {logging_mixin.py:188} INFO - [2024-07-12T11:07:53.341+0100] {dag.py:3096} INFO - Sync 1 DAGs
[2024-07-12T11:07:53.483+0100] {logging_mixin.py:188} INFO - [2024-07-12T11:07:53.482+0100] {dag.py:3954} INFO - Setting next_dagrun for example_setup_teardown_taskflow to 2024-07-11 00:00:00+00:00, run_after=2024-07-12 00:00:00+00:00
[2024-07-12T11:07:53.977+0100] {processor.py:183} INFO - Processing /home/victor/airflow_env/lib/python3.10/site-packages/airflow/example_dags/example_setup_teardown_taskflow.py took 0.925 seconds
[2024-07-12T11:10:29.370+0100] {processor.py:161} INFO - Started process (PID=17311) to work on /home/victor/airflow_env/lib/python3.10/site-packages/airflow/example_dags/example_setup_teardown_taskflow.py
[2024-07-12T11:10:29.376+0100] {processor.py:830} INFO - Processing file /home/victor/airflow_env/lib/python3.10/site-packages/airflow/example_dags/example_setup_teardown_taskflow.py for tasks to queue
[2024-07-12T11:10:29.393+0100] {logging_mixin.py:188} INFO - [2024-07-12T11:10:29.391+0100] {dagbag.py:545} INFO - Filling up the DagBag from /home/victor/airflow_env/lib/python3.10/site-packages/airflow/example_dags/example_setup_teardown_taskflow.py
[2024-07-12T11:10:29.464+0100] {processor.py:840} INFO - DAG(s) 'example_setup_teardown_taskflow' retrieved from /home/victor/airflow_env/lib/python3.10/site-packages/airflow/example_dags/example_setup_teardown_taskflow.py
[2024-07-12T11:10:29.599+0100] {logging_mixin.py:188} INFO - [2024-07-12T11:10:29.598+0100] {dag.py:3096} INFO - Sync 1 DAGs
[2024-07-12T11:10:30.068+0100] {logging_mixin.py:188} INFO - [2024-07-12T11:10:30.067+0100] {dag.py:3954} INFO - Setting next_dagrun for example_setup_teardown_taskflow to 2024-07-11 00:00:00+00:00, run_after=2024-07-12 00:00:00+00:00
[2024-07-12T11:10:30.414+0100] {processor.py:183} INFO - Processing /home/victor/airflow_env/lib/python3.10/site-packages/airflow/example_dags/example_setup_teardown_taskflow.py took 1.085 seconds
[2024-07-12T11:12:27.313+0100] {processor.py:161} INFO - Started process (PID=17791) to work on /home/victor/airflow_env/lib/python3.10/site-packages/airflow/example_dags/example_setup_teardown_taskflow.py
[2024-07-12T11:12:27.318+0100] {processor.py:830} INFO - Processing file /home/victor/airflow_env/lib/python3.10/site-packages/airflow/example_dags/example_setup_teardown_taskflow.py for tasks to queue
[2024-07-12T11:12:27.330+0100] {logging_mixin.py:188} INFO - [2024-07-12T11:12:27.328+0100] {dagbag.py:545} INFO - Filling up the DagBag from /home/victor/airflow_env/lib/python3.10/site-packages/airflow/example_dags/example_setup_teardown_taskflow.py
[2024-07-12T11:12:27.387+0100] {processor.py:840} INFO - DAG(s) 'example_setup_teardown_taskflow' retrieved from /home/victor/airflow_env/lib/python3.10/site-packages/airflow/example_dags/example_setup_teardown_taskflow.py
[2024-07-12T11:12:27.507+0100] {logging_mixin.py:188} INFO - [2024-07-12T11:12:27.506+0100] {dag.py:3096} INFO - Sync 1 DAGs
[2024-07-12T11:12:27.629+0100] {logging_mixin.py:188} INFO - [2024-07-12T11:12:27.628+0100] {dag.py:3954} INFO - Setting next_dagrun for example_setup_teardown_taskflow to 2024-07-11 00:00:00+00:00, run_after=2024-07-12 00:00:00+00:00
[2024-07-12T11:12:27.934+0100] {processor.py:183} INFO - Processing /home/victor/airflow_env/lib/python3.10/site-packages/airflow/example_dags/example_setup_teardown_taskflow.py took 0.654 seconds
[2024-07-12T11:13:53.919+0100] {processor.py:161} INFO - Started process (PID=18152) to work on /home/victor/airflow_env/lib/python3.10/site-packages/airflow/example_dags/example_setup_teardown_taskflow.py
[2024-07-12T11:13:53.924+0100] {processor.py:830} INFO - Processing file /home/victor/airflow_env/lib/python3.10/site-packages/airflow/example_dags/example_setup_teardown_taskflow.py for tasks to queue
[2024-07-12T11:13:53.939+0100] {logging_mixin.py:188} INFO - [2024-07-12T11:13:53.937+0100] {dagbag.py:545} INFO - Filling up the DagBag from /home/victor/airflow_env/lib/python3.10/site-packages/airflow/example_dags/example_setup_teardown_taskflow.py
[2024-07-12T11:13:54.005+0100] {processor.py:840} INFO - DAG(s) 'example_setup_teardown_taskflow' retrieved from /home/victor/airflow_env/lib/python3.10/site-packages/airflow/example_dags/example_setup_teardown_taskflow.py
[2024-07-12T11:13:54.207+0100] {logging_mixin.py:188} INFO - [2024-07-12T11:13:54.206+0100] {dag.py:3096} INFO - Sync 1 DAGs
[2024-07-12T11:13:54.335+0100] {logging_mixin.py:188} INFO - [2024-07-12T11:13:54.334+0100] {dag.py:3954} INFO - Setting next_dagrun for example_setup_teardown_taskflow to 2024-07-11 00:00:00+00:00, run_after=2024-07-12 00:00:00+00:00
[2024-07-12T11:13:54.653+0100] {processor.py:183} INFO - Processing /home/victor/airflow_env/lib/python3.10/site-packages/airflow/example_dags/example_setup_teardown_taskflow.py took 0.784 seconds
[2024-07-12T11:16:06.671+0100] {processor.py:161} INFO - Started process (PID=18690) to work on /home/victor/airflow_env/lib/python3.10/site-packages/airflow/example_dags/example_setup_teardown_taskflow.py
[2024-07-12T11:16:06.677+0100] {processor.py:830} INFO - Processing file /home/victor/airflow_env/lib/python3.10/site-packages/airflow/example_dags/example_setup_teardown_taskflow.py for tasks to queue
[2024-07-12T11:16:06.694+0100] {logging_mixin.py:188} INFO - [2024-07-12T11:16:06.692+0100] {dagbag.py:545} INFO - Filling up the DagBag from /home/victor/airflow_env/lib/python3.10/site-packages/airflow/example_dags/example_setup_teardown_taskflow.py
[2024-07-12T11:16:06.789+0100] {processor.py:840} INFO - DAG(s) 'example_setup_teardown_taskflow' retrieved from /home/victor/airflow_env/lib/python3.10/site-packages/airflow/example_dags/example_setup_teardown_taskflow.py
[2024-07-12T11:16:07.145+0100] {logging_mixin.py:188} INFO - [2024-07-12T11:16:07.144+0100] {dag.py:3096} INFO - Sync 1 DAGs
[2024-07-12T11:16:07.282+0100] {logging_mixin.py:188} INFO - [2024-07-12T11:16:07.281+0100] {dag.py:3954} INFO - Setting next_dagrun for example_setup_teardown_taskflow to 2024-07-11 00:00:00+00:00, run_after=2024-07-12 00:00:00+00:00
[2024-07-12T11:16:07.586+0100] {processor.py:183} INFO - Processing /home/victor/airflow_env/lib/python3.10/site-packages/airflow/example_dags/example_setup_teardown_taskflow.py took 0.977 seconds
[2024-07-12T11:18:27.560+0100] {processor.py:161} INFO - Started process (PID=19261) to work on /home/victor/airflow_env/lib/python3.10/site-packages/airflow/example_dags/example_setup_teardown_taskflow.py
[2024-07-12T11:18:27.565+0100] {processor.py:830} INFO - Processing file /home/victor/airflow_env/lib/python3.10/site-packages/airflow/example_dags/example_setup_teardown_taskflow.py for tasks to queue
[2024-07-12T11:18:27.574+0100] {logging_mixin.py:188} INFO - [2024-07-12T11:18:27.572+0100] {dagbag.py:545} INFO - Filling up the DagBag from /home/victor/airflow_env/lib/python3.10/site-packages/airflow/example_dags/example_setup_teardown_taskflow.py
[2024-07-12T11:18:27.685+0100] {processor.py:840} INFO - DAG(s) 'example_setup_teardown_taskflow' retrieved from /home/victor/airflow_env/lib/python3.10/site-packages/airflow/example_dags/example_setup_teardown_taskflow.py
[2024-07-12T11:18:27.953+0100] {logging_mixin.py:188} INFO - [2024-07-12T11:18:27.951+0100] {dag.py:3096} INFO - Sync 1 DAGs
[2024-07-12T11:18:28.091+0100] {logging_mixin.py:188} INFO - [2024-07-12T11:18:28.090+0100] {dag.py:3954} INFO - Setting next_dagrun for example_setup_teardown_taskflow to 2024-07-11 00:00:00+00:00, run_after=2024-07-12 00:00:00+00:00
[2024-07-12T11:18:28.536+0100] {processor.py:183} INFO - Processing /home/victor/airflow_env/lib/python3.10/site-packages/airflow/example_dags/example_setup_teardown_taskflow.py took 1.004 seconds
[2024-07-12T11:20:00.875+0100] {processor.py:161} INFO - Started process (PID=19648) to work on /home/victor/airflow_env/lib/python3.10/site-packages/airflow/example_dags/example_setup_teardown_taskflow.py
[2024-07-12T11:20:00.879+0100] {processor.py:830} INFO - Processing file /home/victor/airflow_env/lib/python3.10/site-packages/airflow/example_dags/example_setup_teardown_taskflow.py for tasks to queue
[2024-07-12T11:20:00.888+0100] {logging_mixin.py:188} INFO - [2024-07-12T11:20:00.886+0100] {dagbag.py:545} INFO - Filling up the DagBag from /home/victor/airflow_env/lib/python3.10/site-packages/airflow/example_dags/example_setup_teardown_taskflow.py
[2024-07-12T11:20:00.959+0100] {processor.py:840} INFO - DAG(s) 'example_setup_teardown_taskflow' retrieved from /home/victor/airflow_env/lib/python3.10/site-packages/airflow/example_dags/example_setup_teardown_taskflow.py
[2024-07-12T11:20:01.094+0100] {logging_mixin.py:188} INFO - [2024-07-12T11:20:01.093+0100] {dag.py:3096} INFO - Sync 1 DAGs
[2024-07-12T11:20:01.212+0100] {logging_mixin.py:188} INFO - [2024-07-12T11:20:01.211+0100] {dag.py:3954} INFO - Setting next_dagrun for example_setup_teardown_taskflow to 2024-07-11 00:00:00+00:00, run_after=2024-07-12 00:00:00+00:00
[2024-07-12T11:20:01.495+0100] {processor.py:183} INFO - Processing /home/victor/airflow_env/lib/python3.10/site-packages/airflow/example_dags/example_setup_teardown_taskflow.py took 0.653 seconds
[2024-07-12T11:21:46.321+0100] {processor.py:161} INFO - Started process (PID=20083) to work on /home/victor/airflow_env/lib/python3.10/site-packages/airflow/example_dags/example_setup_teardown_taskflow.py
[2024-07-12T11:21:46.326+0100] {processor.py:830} INFO - Processing file /home/victor/airflow_env/lib/python3.10/site-packages/airflow/example_dags/example_setup_teardown_taskflow.py for tasks to queue
[2024-07-12T11:21:46.334+0100] {logging_mixin.py:188} INFO - [2024-07-12T11:21:46.333+0100] {dagbag.py:545} INFO - Filling up the DagBag from /home/victor/airflow_env/lib/python3.10/site-packages/airflow/example_dags/example_setup_teardown_taskflow.py
[2024-07-12T11:21:46.393+0100] {processor.py:840} INFO - DAG(s) 'example_setup_teardown_taskflow' retrieved from /home/victor/airflow_env/lib/python3.10/site-packages/airflow/example_dags/example_setup_teardown_taskflow.py
[2024-07-12T11:21:46.524+0100] {logging_mixin.py:188} INFO - [2024-07-12T11:21:46.523+0100] {dag.py:3096} INFO - Sync 1 DAGs
[2024-07-12T11:21:46.651+0100] {logging_mixin.py:188} INFO - [2024-07-12T11:21:46.650+0100] {dag.py:3954} INFO - Setting next_dagrun for example_setup_teardown_taskflow to 2024-07-11 00:00:00+00:00, run_after=2024-07-12 00:00:00+00:00
[2024-07-12T11:21:46.963+0100] {processor.py:183} INFO - Processing /home/victor/airflow_env/lib/python3.10/site-packages/airflow/example_dags/example_setup_teardown_taskflow.py took 0.676 seconds
[2024-07-12T11:23:19.263+0100] {processor.py:161} INFO - Started process (PID=20468) to work on /home/victor/airflow_env/lib/python3.10/site-packages/airflow/example_dags/example_setup_teardown_taskflow.py
[2024-07-12T11:23:19.268+0100] {processor.py:830} INFO - Processing file /home/victor/airflow_env/lib/python3.10/site-packages/airflow/example_dags/example_setup_teardown_taskflow.py for tasks to queue
[2024-07-12T11:23:19.278+0100] {logging_mixin.py:188} INFO - [2024-07-12T11:23:19.276+0100] {dagbag.py:545} INFO - Filling up the DagBag from /home/victor/airflow_env/lib/python3.10/site-packages/airflow/example_dags/example_setup_teardown_taskflow.py
[2024-07-12T11:23:19.347+0100] {processor.py:840} INFO - DAG(s) 'example_setup_teardown_taskflow' retrieved from /home/victor/airflow_env/lib/python3.10/site-packages/airflow/example_dags/example_setup_teardown_taskflow.py
[2024-07-12T11:23:19.480+0100] {logging_mixin.py:188} INFO - [2024-07-12T11:23:19.479+0100] {dag.py:3096} INFO - Sync 1 DAGs
[2024-07-12T11:23:19.624+0100] {logging_mixin.py:188} INFO - [2024-07-12T11:23:19.623+0100] {dag.py:3954} INFO - Setting next_dagrun for example_setup_teardown_taskflow to 2024-07-11 00:00:00+00:00, run_after=2024-07-12 00:00:00+00:00
[2024-07-12T11:23:19.935+0100] {processor.py:183} INFO - Processing /home/victor/airflow_env/lib/python3.10/site-packages/airflow/example_dags/example_setup_teardown_taskflow.py took 0.714 seconds
[2024-07-12T11:24:53.621+0100] {processor.py:161} INFO - Started process (PID=20858) to work on /home/victor/airflow_env/lib/python3.10/site-packages/airflow/example_dags/example_setup_teardown_taskflow.py
[2024-07-12T11:24:53.629+0100] {processor.py:830} INFO - Processing file /home/victor/airflow_env/lib/python3.10/site-packages/airflow/example_dags/example_setup_teardown_taskflow.py for tasks to queue
[2024-07-12T11:24:53.639+0100] {logging_mixin.py:188} INFO - [2024-07-12T11:24:53.637+0100] {dagbag.py:545} INFO - Filling up the DagBag from /home/victor/airflow_env/lib/python3.10/site-packages/airflow/example_dags/example_setup_teardown_taskflow.py
[2024-07-12T11:24:53.708+0100] {processor.py:840} INFO - DAG(s) 'example_setup_teardown_taskflow' retrieved from /home/victor/airflow_env/lib/python3.10/site-packages/airflow/example_dags/example_setup_teardown_taskflow.py
[2024-07-12T11:24:53.851+0100] {logging_mixin.py:188} INFO - [2024-07-12T11:24:53.850+0100] {dag.py:3096} INFO - Sync 1 DAGs
[2024-07-12T11:24:53.963+0100] {logging_mixin.py:188} INFO - [2024-07-12T11:24:53.962+0100] {dag.py:3954} INFO - Setting next_dagrun for example_setup_teardown_taskflow to 2024-07-11 00:00:00+00:00, run_after=2024-07-12 00:00:00+00:00
[2024-07-12T11:24:54.268+0100] {processor.py:183} INFO - Processing /home/victor/airflow_env/lib/python3.10/site-packages/airflow/example_dags/example_setup_teardown_taskflow.py took 0.686 seconds
[2024-07-12T11:26:44.490+0100] {processor.py:161} INFO - Started process (PID=21306) to work on /home/victor/airflow_env/lib/python3.10/site-packages/airflow/example_dags/example_setup_teardown_taskflow.py
[2024-07-12T11:26:44.498+0100] {processor.py:830} INFO - Processing file /home/victor/airflow_env/lib/python3.10/site-packages/airflow/example_dags/example_setup_teardown_taskflow.py for tasks to queue
[2024-07-12T11:26:44.509+0100] {logging_mixin.py:188} INFO - [2024-07-12T11:26:44.507+0100] {dagbag.py:545} INFO - Filling up the DagBag from /home/victor/airflow_env/lib/python3.10/site-packages/airflow/example_dags/example_setup_teardown_taskflow.py
[2024-07-12T11:26:44.583+0100] {processor.py:840} INFO - DAG(s) 'example_setup_teardown_taskflow' retrieved from /home/victor/airflow_env/lib/python3.10/site-packages/airflow/example_dags/example_setup_teardown_taskflow.py
[2024-07-12T11:26:44.747+0100] {logging_mixin.py:188} INFO - [2024-07-12T11:26:44.740+0100] {dag.py:3096} INFO - Sync 1 DAGs
[2024-07-12T11:26:45.157+0100] {logging_mixin.py:188} INFO - [2024-07-12T11:26:45.156+0100] {dag.py:3954} INFO - Setting next_dagrun for example_setup_teardown_taskflow to 2024-07-11 00:00:00+00:00, run_after=2024-07-12 00:00:00+00:00
[2024-07-12T11:26:45.725+0100] {processor.py:183} INFO - Processing /home/victor/airflow_env/lib/python3.10/site-packages/airflow/example_dags/example_setup_teardown_taskflow.py took 1.325 seconds
[2024-07-12T11:28:13.295+0100] {processor.py:161} INFO - Started process (PID=21675) to work on /home/victor/airflow_env/lib/python3.10/site-packages/airflow/example_dags/example_setup_teardown_taskflow.py
[2024-07-12T11:28:13.306+0100] {processor.py:830} INFO - Processing file /home/victor/airflow_env/lib/python3.10/site-packages/airflow/example_dags/example_setup_teardown_taskflow.py for tasks to queue
[2024-07-12T11:28:13.318+0100] {logging_mixin.py:188} INFO - [2024-07-12T11:28:13.314+0100] {dagbag.py:545} INFO - Filling up the DagBag from /home/victor/airflow_env/lib/python3.10/site-packages/airflow/example_dags/example_setup_teardown_taskflow.py
[2024-07-12T11:28:13.374+0100] {processor.py:840} INFO - DAG(s) 'example_setup_teardown_taskflow' retrieved from /home/victor/airflow_env/lib/python3.10/site-packages/airflow/example_dags/example_setup_teardown_taskflow.py
[2024-07-12T11:28:13.515+0100] {logging_mixin.py:188} INFO - [2024-07-12T11:28:13.514+0100] {dag.py:3096} INFO - Sync 1 DAGs
[2024-07-12T11:28:13.649+0100] {logging_mixin.py:188} INFO - [2024-07-12T11:28:13.648+0100] {dag.py:3954} INFO - Setting next_dagrun for example_setup_teardown_taskflow to 2024-07-11 00:00:00+00:00, run_after=2024-07-12 00:00:00+00:00
[2024-07-12T11:28:13.951+0100] {processor.py:183} INFO - Processing /home/victor/airflow_env/lib/python3.10/site-packages/airflow/example_dags/example_setup_teardown_taskflow.py took 0.698 seconds
[2024-07-12T11:30:05.905+0100] {processor.py:161} INFO - Started process (PID=22127) to work on /home/victor/airflow_env/lib/python3.10/site-packages/airflow/example_dags/example_setup_teardown_taskflow.py
[2024-07-12T11:30:05.910+0100] {processor.py:830} INFO - Processing file /home/victor/airflow_env/lib/python3.10/site-packages/airflow/example_dags/example_setup_teardown_taskflow.py for tasks to queue
[2024-07-12T11:30:05.918+0100] {logging_mixin.py:188} INFO - [2024-07-12T11:30:05.916+0100] {dagbag.py:545} INFO - Filling up the DagBag from /home/victor/airflow_env/lib/python3.10/site-packages/airflow/example_dags/example_setup_teardown_taskflow.py
[2024-07-12T11:30:05.983+0100] {processor.py:840} INFO - DAG(s) 'example_setup_teardown_taskflow' retrieved from /home/victor/airflow_env/lib/python3.10/site-packages/airflow/example_dags/example_setup_teardown_taskflow.py
[2024-07-12T11:30:06.145+0100] {logging_mixin.py:188} INFO - [2024-07-12T11:30:06.144+0100] {dag.py:3096} INFO - Sync 1 DAGs
[2024-07-12T11:30:06.376+0100] {logging_mixin.py:188} INFO - [2024-07-12T11:30:06.373+0100] {dag.py:3954} INFO - Setting next_dagrun for example_setup_teardown_taskflow to 2024-07-11 00:00:00+00:00, run_after=2024-07-12 00:00:00+00:00
[2024-07-12T11:30:06.890+0100] {processor.py:183} INFO - Processing /home/victor/airflow_env/lib/python3.10/site-packages/airflow/example_dags/example_setup_teardown_taskflow.py took 1.017 seconds
[2024-07-12T11:32:23.360+0100] {processor.py:161} INFO - Started process (PID=23051) to work on /home/victor/airflow_env/lib/python3.10/site-packages/airflow/example_dags/example_setup_teardown_taskflow.py
[2024-07-12T11:32:23.367+0100] {processor.py:830} INFO - Processing file /home/victor/airflow_env/lib/python3.10/site-packages/airflow/example_dags/example_setup_teardown_taskflow.py for tasks to queue
[2024-07-12T11:32:23.377+0100] {logging_mixin.py:188} INFO - [2024-07-12T11:32:23.374+0100] {dagbag.py:545} INFO - Filling up the DagBag from /home/victor/airflow_env/lib/python3.10/site-packages/airflow/example_dags/example_setup_teardown_taskflow.py
[2024-07-12T11:32:23.447+0100] {processor.py:840} INFO - DAG(s) 'example_setup_teardown_taskflow' retrieved from /home/victor/airflow_env/lib/python3.10/site-packages/airflow/example_dags/example_setup_teardown_taskflow.py
[2024-07-12T11:32:23.728+0100] {logging_mixin.py:188} INFO - [2024-07-12T11:32:23.726+0100] {dag.py:3096} INFO - Sync 1 DAGs
[2024-07-12T11:32:23.947+0100] {logging_mixin.py:188} INFO - [2024-07-12T11:32:23.946+0100] {dag.py:3954} INFO - Setting next_dagrun for example_setup_teardown_taskflow to 2024-07-11 00:00:00+00:00, run_after=2024-07-12 00:00:00+00:00
[2024-07-12T11:32:24.429+0100] {processor.py:183} INFO - Processing /home/victor/airflow_env/lib/python3.10/site-packages/airflow/example_dags/example_setup_teardown_taskflow.py took 1.106 seconds
[2024-07-12T11:34:27.710+0100] {processor.py:161} INFO - Started process (PID=23586) to work on /home/victor/airflow_env/lib/python3.10/site-packages/airflow/example_dags/example_setup_teardown_taskflow.py
[2024-07-12T11:34:27.715+0100] {processor.py:830} INFO - Processing file /home/victor/airflow_env/lib/python3.10/site-packages/airflow/example_dags/example_setup_teardown_taskflow.py for tasks to queue
[2024-07-12T11:34:27.724+0100] {logging_mixin.py:188} INFO - [2024-07-12T11:34:27.722+0100] {dagbag.py:545} INFO - Filling up the DagBag from /home/victor/airflow_env/lib/python3.10/site-packages/airflow/example_dags/example_setup_teardown_taskflow.py
[2024-07-12T11:34:27.804+0100] {processor.py:840} INFO - DAG(s) 'example_setup_teardown_taskflow' retrieved from /home/victor/airflow_env/lib/python3.10/site-packages/airflow/example_dags/example_setup_teardown_taskflow.py
[2024-07-12T11:34:27.940+0100] {logging_mixin.py:188} INFO - [2024-07-12T11:34:27.939+0100] {dag.py:3096} INFO - Sync 1 DAGs
[2024-07-12T11:34:28.090+0100] {logging_mixin.py:188} INFO - [2024-07-12T11:34:28.089+0100] {dag.py:3954} INFO - Setting next_dagrun for example_setup_teardown_taskflow to 2024-07-11 00:00:00+00:00, run_after=2024-07-12 00:00:00+00:00
[2024-07-12T11:34:28.423+0100] {processor.py:183} INFO - Processing /home/victor/airflow_env/lib/python3.10/site-packages/airflow/example_dags/example_setup_teardown_taskflow.py took 0.748 seconds
[2024-07-12T11:36:25.375+0100] {processor.py:161} INFO - Started process (PID=24089) to work on /home/victor/airflow_env/lib/python3.10/site-packages/airflow/example_dags/example_setup_teardown_taskflow.py
[2024-07-12T11:36:25.379+0100] {processor.py:830} INFO - Processing file /home/victor/airflow_env/lib/python3.10/site-packages/airflow/example_dags/example_setup_teardown_taskflow.py for tasks to queue
[2024-07-12T11:36:25.389+0100] {logging_mixin.py:188} INFO - [2024-07-12T11:36:25.387+0100] {dagbag.py:545} INFO - Filling up the DagBag from /home/victor/airflow_env/lib/python3.10/site-packages/airflow/example_dags/example_setup_teardown_taskflow.py
[2024-07-12T11:36:25.450+0100] {processor.py:840} INFO - DAG(s) 'example_setup_teardown_taskflow' retrieved from /home/victor/airflow_env/lib/python3.10/site-packages/airflow/example_dags/example_setup_teardown_taskflow.py
[2024-07-12T11:36:25.598+0100] {logging_mixin.py:188} INFO - [2024-07-12T11:36:25.597+0100] {dag.py:3096} INFO - Sync 1 DAGs
[2024-07-12T11:36:25.742+0100] {logging_mixin.py:188} INFO - [2024-07-12T11:36:25.741+0100] {dag.py:3954} INFO - Setting next_dagrun for example_setup_teardown_taskflow to 2024-07-11 00:00:00+00:00, run_after=2024-07-12 00:00:00+00:00
[2024-07-12T11:36:26.206+0100] {processor.py:183} INFO - Processing /home/victor/airflow_env/lib/python3.10/site-packages/airflow/example_dags/example_setup_teardown_taskflow.py took 0.862 seconds
[2024-07-12T11:37:54.949+0100] {processor.py:161} INFO - Started process (PID=24469) to work on /home/victor/airflow_env/lib/python3.10/site-packages/airflow/example_dags/example_setup_teardown_taskflow.py
[2024-07-12T11:37:54.955+0100] {processor.py:830} INFO - Processing file /home/victor/airflow_env/lib/python3.10/site-packages/airflow/example_dags/example_setup_teardown_taskflow.py for tasks to queue
[2024-07-12T11:37:54.963+0100] {logging_mixin.py:188} INFO - [2024-07-12T11:37:54.961+0100] {dagbag.py:545} INFO - Filling up the DagBag from /home/victor/airflow_env/lib/python3.10/site-packages/airflow/example_dags/example_setup_teardown_taskflow.py
[2024-07-12T11:37:55.016+0100] {processor.py:840} INFO - DAG(s) 'example_setup_teardown_taskflow' retrieved from /home/victor/airflow_env/lib/python3.10/site-packages/airflow/example_dags/example_setup_teardown_taskflow.py
[2024-07-12T11:37:55.140+0100] {logging_mixin.py:188} INFO - [2024-07-12T11:37:55.139+0100] {dag.py:3096} INFO - Sync 1 DAGs
[2024-07-12T11:37:55.277+0100] {logging_mixin.py:188} INFO - [2024-07-12T11:37:55.275+0100] {dag.py:3954} INFO - Setting next_dagrun for example_setup_teardown_taskflow to 2024-07-11 00:00:00+00:00, run_after=2024-07-12 00:00:00+00:00
[2024-07-12T11:37:55.746+0100] {processor.py:183} INFO - Processing /home/victor/airflow_env/lib/python3.10/site-packages/airflow/example_dags/example_setup_teardown_taskflow.py took 0.831 seconds
[2024-07-12T11:39:20.158+0100] {processor.py:161} INFO - Started process (PID=24817) to work on /home/victor/airflow_env/lib/python3.10/site-packages/airflow/example_dags/example_setup_teardown_taskflow.py
[2024-07-12T11:39:20.163+0100] {processor.py:830} INFO - Processing file /home/victor/airflow_env/lib/python3.10/site-packages/airflow/example_dags/example_setup_teardown_taskflow.py for tasks to queue
[2024-07-12T11:39:20.171+0100] {logging_mixin.py:188} INFO - [2024-07-12T11:39:20.169+0100] {dagbag.py:545} INFO - Filling up the DagBag from /home/victor/airflow_env/lib/python3.10/site-packages/airflow/example_dags/example_setup_teardown_taskflow.py
[2024-07-12T11:39:20.225+0100] {processor.py:840} INFO - DAG(s) 'example_setup_teardown_taskflow' retrieved from /home/victor/airflow_env/lib/python3.10/site-packages/airflow/example_dags/example_setup_teardown_taskflow.py
[2024-07-12T11:39:20.373+0100] {logging_mixin.py:188} INFO - [2024-07-12T11:39:20.365+0100] {dag.py:3096} INFO - Sync 1 DAGs
[2024-07-12T11:39:20.528+0100] {logging_mixin.py:188} INFO - [2024-07-12T11:39:20.527+0100] {dag.py:3954} INFO - Setting next_dagrun for example_setup_teardown_taskflow to 2024-07-11 00:00:00+00:00, run_after=2024-07-12 00:00:00+00:00
[2024-07-12T11:39:21.001+0100] {processor.py:183} INFO - Processing /home/victor/airflow_env/lib/python3.10/site-packages/airflow/example_dags/example_setup_teardown_taskflow.py took 0.871 seconds
[2024-07-12T11:40:51.897+0100] {processor.py:161} INFO - Started process (PID=25192) to work on /home/victor/airflow_env/lib/python3.10/site-packages/airflow/example_dags/example_setup_teardown_taskflow.py
[2024-07-12T11:40:51.903+0100] {processor.py:830} INFO - Processing file /home/victor/airflow_env/lib/python3.10/site-packages/airflow/example_dags/example_setup_teardown_taskflow.py for tasks to queue
[2024-07-12T11:40:51.913+0100] {logging_mixin.py:188} INFO - [2024-07-12T11:40:51.911+0100] {dagbag.py:545} INFO - Filling up the DagBag from /home/victor/airflow_env/lib/python3.10/site-packages/airflow/example_dags/example_setup_teardown_taskflow.py
[2024-07-12T11:40:51.975+0100] {processor.py:840} INFO - DAG(s) 'example_setup_teardown_taskflow' retrieved from /home/victor/airflow_env/lib/python3.10/site-packages/airflow/example_dags/example_setup_teardown_taskflow.py
[2024-07-12T11:40:52.119+0100] {logging_mixin.py:188} INFO - [2024-07-12T11:40:52.119+0100] {dag.py:3096} INFO - Sync 1 DAGs
[2024-07-12T11:40:52.251+0100] {logging_mixin.py:188} INFO - [2024-07-12T11:40:52.250+0100] {dag.py:3954} INFO - Setting next_dagrun for example_setup_teardown_taskflow to 2024-07-11 00:00:00+00:00, run_after=2024-07-12 00:00:00+00:00
[2024-07-12T11:40:52.562+0100] {processor.py:183} INFO - Processing /home/victor/airflow_env/lib/python3.10/site-packages/airflow/example_dags/example_setup_teardown_taskflow.py took 0.696 seconds
[2024-07-12T11:42:21.357+0100] {processor.py:161} INFO - Started process (PID=25556) to work on /home/victor/airflow_env/lib/python3.10/site-packages/airflow/example_dags/example_setup_teardown_taskflow.py
[2024-07-12T11:42:21.362+0100] {processor.py:830} INFO - Processing file /home/victor/airflow_env/lib/python3.10/site-packages/airflow/example_dags/example_setup_teardown_taskflow.py for tasks to queue
[2024-07-12T11:42:21.380+0100] {logging_mixin.py:188} INFO - [2024-07-12T11:42:21.370+0100] {dagbag.py:545} INFO - Filling up the DagBag from /home/victor/airflow_env/lib/python3.10/site-packages/airflow/example_dags/example_setup_teardown_taskflow.py
[2024-07-12T11:42:21.493+0100] {processor.py:840} INFO - DAG(s) 'example_setup_teardown_taskflow' retrieved from /home/victor/airflow_env/lib/python3.10/site-packages/airflow/example_dags/example_setup_teardown_taskflow.py
[2024-07-12T11:42:21.724+0100] {logging_mixin.py:188} INFO - [2024-07-12T11:42:21.722+0100] {dag.py:3096} INFO - Sync 1 DAGs
[2024-07-12T11:42:22.009+0100] {logging_mixin.py:188} INFO - [2024-07-12T11:42:22.007+0100] {dag.py:3954} INFO - Setting next_dagrun for example_setup_teardown_taskflow to 2024-07-11 00:00:00+00:00, run_after=2024-07-12 00:00:00+00:00
[2024-07-12T11:42:22.535+0100] {processor.py:183} INFO - Processing /home/victor/airflow_env/lib/python3.10/site-packages/airflow/example_dags/example_setup_teardown_taskflow.py took 1.252 seconds
[2024-07-12T11:43:48.282+0100] {processor.py:161} INFO - Started process (PID=25916) to work on /home/victor/airflow_env/lib/python3.10/site-packages/airflow/example_dags/example_setup_teardown_taskflow.py
[2024-07-12T11:43:48.287+0100] {processor.py:830} INFO - Processing file /home/victor/airflow_env/lib/python3.10/site-packages/airflow/example_dags/example_setup_teardown_taskflow.py for tasks to queue
[2024-07-12T11:43:48.296+0100] {logging_mixin.py:188} INFO - [2024-07-12T11:43:48.293+0100] {dagbag.py:545} INFO - Filling up the DagBag from /home/victor/airflow_env/lib/python3.10/site-packages/airflow/example_dags/example_setup_teardown_taskflow.py
[2024-07-12T11:43:48.349+0100] {processor.py:840} INFO - DAG(s) 'example_setup_teardown_taskflow' retrieved from /home/victor/airflow_env/lib/python3.10/site-packages/airflow/example_dags/example_setup_teardown_taskflow.py
[2024-07-12T11:43:48.464+0100] {logging_mixin.py:188} INFO - [2024-07-12T11:43:48.463+0100] {dag.py:3096} INFO - Sync 1 DAGs
[2024-07-12T11:43:48.572+0100] {logging_mixin.py:188} INFO - [2024-07-12T11:43:48.571+0100] {dag.py:3954} INFO - Setting next_dagrun for example_setup_teardown_taskflow to 2024-07-11 00:00:00+00:00, run_after=2024-07-12 00:00:00+00:00
[2024-07-12T11:43:48.860+0100] {processor.py:183} INFO - Processing /home/victor/airflow_env/lib/python3.10/site-packages/airflow/example_dags/example_setup_teardown_taskflow.py took 0.610 seconds
[2024-07-12T11:45:12.008+0100] {processor.py:161} INFO - Started process (PID=26266) to work on /home/victor/airflow_env/lib/python3.10/site-packages/airflow/example_dags/example_setup_teardown_taskflow.py
[2024-07-12T11:45:12.012+0100] {processor.py:830} INFO - Processing file /home/victor/airflow_env/lib/python3.10/site-packages/airflow/example_dags/example_setup_teardown_taskflow.py for tasks to queue
[2024-07-12T11:45:12.020+0100] {logging_mixin.py:188} INFO - [2024-07-12T11:45:12.019+0100] {dagbag.py:545} INFO - Filling up the DagBag from /home/victor/airflow_env/lib/python3.10/site-packages/airflow/example_dags/example_setup_teardown_taskflow.py
[2024-07-12T11:45:12.068+0100] {processor.py:840} INFO - DAG(s) 'example_setup_teardown_taskflow' retrieved from /home/victor/airflow_env/lib/python3.10/site-packages/airflow/example_dags/example_setup_teardown_taskflow.py
[2024-07-12T11:45:12.193+0100] {logging_mixin.py:188} INFO - [2024-07-12T11:45:12.192+0100] {dag.py:3096} INFO - Sync 1 DAGs
[2024-07-12T11:45:12.364+0100] {logging_mixin.py:188} INFO - [2024-07-12T11:45:12.363+0100] {dag.py:3954} INFO - Setting next_dagrun for example_setup_teardown_taskflow to 2024-07-11 00:00:00+00:00, run_after=2024-07-12 00:00:00+00:00
[2024-07-12T11:45:12.803+0100] {processor.py:183} INFO - Processing /home/victor/airflow_env/lib/python3.10/site-packages/airflow/example_dags/example_setup_teardown_taskflow.py took 0.826 seconds
[2024-07-12T11:46:33.247+0100] {processor.py:161} INFO - Started process (PID=26601) to work on /home/victor/airflow_env/lib/python3.10/site-packages/airflow/example_dags/example_setup_teardown_taskflow.py
[2024-07-12T11:46:33.252+0100] {processor.py:830} INFO - Processing file /home/victor/airflow_env/lib/python3.10/site-packages/airflow/example_dags/example_setup_teardown_taskflow.py for tasks to queue
[2024-07-12T11:46:33.260+0100] {logging_mixin.py:188} INFO - [2024-07-12T11:46:33.258+0100] {dagbag.py:545} INFO - Filling up the DagBag from /home/victor/airflow_env/lib/python3.10/site-packages/airflow/example_dags/example_setup_teardown_taskflow.py
[2024-07-12T11:46:33.307+0100] {processor.py:840} INFO - DAG(s) 'example_setup_teardown_taskflow' retrieved from /home/victor/airflow_env/lib/python3.10/site-packages/airflow/example_dags/example_setup_teardown_taskflow.py
[2024-07-12T11:46:33.417+0100] {logging_mixin.py:188} INFO - [2024-07-12T11:46:33.415+0100] {dag.py:3096} INFO - Sync 1 DAGs
[2024-07-12T11:46:33.530+0100] {logging_mixin.py:188} INFO - [2024-07-12T11:46:33.529+0100] {dag.py:3954} INFO - Setting next_dagrun for example_setup_teardown_taskflow to 2024-07-11 00:00:00+00:00, run_after=2024-07-12 00:00:00+00:00
[2024-07-12T11:46:33.820+0100] {processor.py:183} INFO - Processing /home/victor/airflow_env/lib/python3.10/site-packages/airflow/example_dags/example_setup_teardown_taskflow.py took 0.603 seconds
[2024-07-12T11:47:54.657+0100] {processor.py:161} INFO - Started process (PID=26945) to work on /home/victor/airflow_env/lib/python3.10/site-packages/airflow/example_dags/example_setup_teardown_taskflow.py
[2024-07-12T11:47:54.673+0100] {processor.py:830} INFO - Processing file /home/victor/airflow_env/lib/python3.10/site-packages/airflow/example_dags/example_setup_teardown_taskflow.py for tasks to queue
[2024-07-12T11:47:54.702+0100] {logging_mixin.py:188} INFO - [2024-07-12T11:47:54.694+0100] {dagbag.py:545} INFO - Filling up the DagBag from /home/victor/airflow_env/lib/python3.10/site-packages/airflow/example_dags/example_setup_teardown_taskflow.py
[2024-07-12T11:47:54.882+0100] {processor.py:840} INFO - DAG(s) 'example_setup_teardown_taskflow' retrieved from /home/victor/airflow_env/lib/python3.10/site-packages/airflow/example_dags/example_setup_teardown_taskflow.py
[2024-07-12T11:47:55.377+0100] {logging_mixin.py:188} INFO - [2024-07-12T11:47:55.376+0100] {dag.py:3096} INFO - Sync 1 DAGs
[2024-07-12T11:47:55.876+0100] {logging_mixin.py:188} INFO - [2024-07-12T11:47:55.875+0100] {dag.py:3954} INFO - Setting next_dagrun for example_setup_teardown_taskflow to 2024-07-11 00:00:00+00:00, run_after=2024-07-12 00:00:00+00:00
[2024-07-12T11:47:56.829+0100] {processor.py:183} INFO - Processing /home/victor/airflow_env/lib/python3.10/site-packages/airflow/example_dags/example_setup_teardown_taskflow.py took 2.264 seconds
[2024-07-12T11:49:38.012+0100] {processor.py:161} INFO - Started process (PID=27362) to work on /home/victor/airflow_env/lib/python3.10/site-packages/airflow/example_dags/example_setup_teardown_taskflow.py
[2024-07-12T11:49:38.017+0100] {processor.py:830} INFO - Processing file /home/victor/airflow_env/lib/python3.10/site-packages/airflow/example_dags/example_setup_teardown_taskflow.py for tasks to queue
[2024-07-12T11:49:38.025+0100] {logging_mixin.py:188} INFO - [2024-07-12T11:49:38.023+0100] {dagbag.py:545} INFO - Filling up the DagBag from /home/victor/airflow_env/lib/python3.10/site-packages/airflow/example_dags/example_setup_teardown_taskflow.py
[2024-07-12T11:49:38.078+0100] {processor.py:840} INFO - DAG(s) 'example_setup_teardown_taskflow' retrieved from /home/victor/airflow_env/lib/python3.10/site-packages/airflow/example_dags/example_setup_teardown_taskflow.py
[2024-07-12T11:49:38.207+0100] {logging_mixin.py:188} INFO - [2024-07-12T11:49:38.206+0100] {dag.py:3096} INFO - Sync 1 DAGs
[2024-07-12T11:49:38.335+0100] {logging_mixin.py:188} INFO - [2024-07-12T11:49:38.334+0100] {dag.py:3954} INFO - Setting next_dagrun for example_setup_teardown_taskflow to 2024-07-11 00:00:00+00:00, run_after=2024-07-12 00:00:00+00:00
[2024-07-12T11:49:38.734+0100] {processor.py:183} INFO - Processing /home/victor/airflow_env/lib/python3.10/site-packages/airflow/example_dags/example_setup_teardown_taskflow.py took 0.753 seconds
[2024-07-12T11:51:09.371+0100] {processor.py:161} INFO - Started process (PID=27741) to work on /home/victor/airflow_env/lib/python3.10/site-packages/airflow/example_dags/example_setup_teardown_taskflow.py
[2024-07-12T11:51:09.377+0100] {processor.py:830} INFO - Processing file /home/victor/airflow_env/lib/python3.10/site-packages/airflow/example_dags/example_setup_teardown_taskflow.py for tasks to queue
[2024-07-12T11:51:09.389+0100] {logging_mixin.py:188} INFO - [2024-07-12T11:51:09.387+0100] {dagbag.py:545} INFO - Filling up the DagBag from /home/victor/airflow_env/lib/python3.10/site-packages/airflow/example_dags/example_setup_teardown_taskflow.py
[2024-07-12T11:51:09.453+0100] {processor.py:840} INFO - DAG(s) 'example_setup_teardown_taskflow' retrieved from /home/victor/airflow_env/lib/python3.10/site-packages/airflow/example_dags/example_setup_teardown_taskflow.py
[2024-07-12T11:51:09.599+0100] {logging_mixin.py:188} INFO - [2024-07-12T11:51:09.598+0100] {dag.py:3096} INFO - Sync 1 DAGs
[2024-07-12T11:51:09.877+0100] {logging_mixin.py:188} INFO - [2024-07-12T11:51:09.874+0100] {dag.py:3954} INFO - Setting next_dagrun for example_setup_teardown_taskflow to 2024-07-11 00:00:00+00:00, run_after=2024-07-12 00:00:00+00:00
[2024-07-12T11:51:10.278+0100] {processor.py:183} INFO - Processing /home/victor/airflow_env/lib/python3.10/site-packages/airflow/example_dags/example_setup_teardown_taskflow.py took 0.943 seconds
[2024-07-12T11:52:29.106+0100] {processor.py:161} INFO - Started process (PID=28070) to work on /home/victor/airflow_env/lib/python3.10/site-packages/airflow/example_dags/example_setup_teardown_taskflow.py
[2024-07-12T11:52:29.111+0100] {processor.py:830} INFO - Processing file /home/victor/airflow_env/lib/python3.10/site-packages/airflow/example_dags/example_setup_teardown_taskflow.py for tasks to queue
[2024-07-12T11:52:29.119+0100] {logging_mixin.py:188} INFO - [2024-07-12T11:52:29.117+0100] {dagbag.py:545} INFO - Filling up the DagBag from /home/victor/airflow_env/lib/python3.10/site-packages/airflow/example_dags/example_setup_teardown_taskflow.py
[2024-07-12T11:52:29.168+0100] {processor.py:840} INFO - DAG(s) 'example_setup_teardown_taskflow' retrieved from /home/victor/airflow_env/lib/python3.10/site-packages/airflow/example_dags/example_setup_teardown_taskflow.py
[2024-07-12T11:52:29.325+0100] {logging_mixin.py:188} INFO - [2024-07-12T11:52:29.324+0100] {dag.py:3096} INFO - Sync 1 DAGs
[2024-07-12T11:52:29.439+0100] {logging_mixin.py:188} INFO - [2024-07-12T11:52:29.438+0100] {dag.py:3954} INFO - Setting next_dagrun for example_setup_teardown_taskflow to 2024-07-11 00:00:00+00:00, run_after=2024-07-12 00:00:00+00:00
[2024-07-12T11:52:29.716+0100] {processor.py:183} INFO - Processing /home/victor/airflow_env/lib/python3.10/site-packages/airflow/example_dags/example_setup_teardown_taskflow.py took 0.639 seconds
[2024-07-12T11:53:48.857+0100] {processor.py:161} INFO - Started process (PID=28402) to work on /home/victor/airflow_env/lib/python3.10/site-packages/airflow/example_dags/example_setup_teardown_taskflow.py
[2024-07-12T11:53:48.863+0100] {processor.py:830} INFO - Processing file /home/victor/airflow_env/lib/python3.10/site-packages/airflow/example_dags/example_setup_teardown_taskflow.py for tasks to queue
[2024-07-12T11:53:48.872+0100] {logging_mixin.py:188} INFO - [2024-07-12T11:53:48.870+0100] {dagbag.py:545} INFO - Filling up the DagBag from /home/victor/airflow_env/lib/python3.10/site-packages/airflow/example_dags/example_setup_teardown_taskflow.py
[2024-07-12T11:53:48.929+0100] {processor.py:840} INFO - DAG(s) 'example_setup_teardown_taskflow' retrieved from /home/victor/airflow_env/lib/python3.10/site-packages/airflow/example_dags/example_setup_teardown_taskflow.py
[2024-07-12T11:53:49.105+0100] {logging_mixin.py:188} INFO - [2024-07-12T11:53:49.104+0100] {dag.py:3096} INFO - Sync 1 DAGs
[2024-07-12T11:53:49.315+0100] {logging_mixin.py:188} INFO - [2024-07-12T11:53:49.312+0100] {dag.py:3954} INFO - Setting next_dagrun for example_setup_teardown_taskflow to 2024-07-11 00:00:00+00:00, run_after=2024-07-12 00:00:00+00:00
[2024-07-12T11:53:49.764+0100] {processor.py:183} INFO - Processing /home/victor/airflow_env/lib/python3.10/site-packages/airflow/example_dags/example_setup_teardown_taskflow.py took 0.951 seconds
[2024-07-12T11:55:10.999+0100] {processor.py:161} INFO - Started process (PID=28740) to work on /home/victor/airflow_env/lib/python3.10/site-packages/airflow/example_dags/example_setup_teardown_taskflow.py
[2024-07-12T11:55:11.003+0100] {processor.py:830} INFO - Processing file /home/victor/airflow_env/lib/python3.10/site-packages/airflow/example_dags/example_setup_teardown_taskflow.py for tasks to queue
[2024-07-12T11:55:11.011+0100] {logging_mixin.py:188} INFO - [2024-07-12T11:55:11.009+0100] {dagbag.py:545} INFO - Filling up the DagBag from /home/victor/airflow_env/lib/python3.10/site-packages/airflow/example_dags/example_setup_teardown_taskflow.py
[2024-07-12T11:55:11.065+0100] {processor.py:840} INFO - DAG(s) 'example_setup_teardown_taskflow' retrieved from /home/victor/airflow_env/lib/python3.10/site-packages/airflow/example_dags/example_setup_teardown_taskflow.py
[2024-07-12T11:55:11.190+0100] {logging_mixin.py:188} INFO - [2024-07-12T11:55:11.189+0100] {dag.py:3096} INFO - Sync 1 DAGs
[2024-07-12T11:55:11.325+0100] {logging_mixin.py:188} INFO - [2024-07-12T11:55:11.324+0100] {dag.py:3954} INFO - Setting next_dagrun for example_setup_teardown_taskflow to 2024-07-11 00:00:00+00:00, run_after=2024-07-12 00:00:00+00:00
[2024-07-12T11:55:11.652+0100] {processor.py:183} INFO - Processing /home/victor/airflow_env/lib/python3.10/site-packages/airflow/example_dags/example_setup_teardown_taskflow.py took 0.684 seconds
[2024-07-12T11:56:34.908+0100] {processor.py:161} INFO - Started process (PID=29086) to work on /home/victor/airflow_env/lib/python3.10/site-packages/airflow/example_dags/example_setup_teardown_taskflow.py
[2024-07-12T11:56:34.915+0100] {processor.py:830} INFO - Processing file /home/victor/airflow_env/lib/python3.10/site-packages/airflow/example_dags/example_setup_teardown_taskflow.py for tasks to queue
[2024-07-12T11:56:34.924+0100] {logging_mixin.py:188} INFO - [2024-07-12T11:56:34.922+0100] {dagbag.py:545} INFO - Filling up the DagBag from /home/victor/airflow_env/lib/python3.10/site-packages/airflow/example_dags/example_setup_teardown_taskflow.py
[2024-07-12T11:56:34.990+0100] {processor.py:840} INFO - DAG(s) 'example_setup_teardown_taskflow' retrieved from /home/victor/airflow_env/lib/python3.10/site-packages/airflow/example_dags/example_setup_teardown_taskflow.py
[2024-07-12T11:56:35.122+0100] {logging_mixin.py:188} INFO - [2024-07-12T11:56:35.121+0100] {dag.py:3096} INFO - Sync 1 DAGs
[2024-07-12T11:56:35.241+0100] {logging_mixin.py:188} INFO - [2024-07-12T11:56:35.239+0100] {dag.py:3954} INFO - Setting next_dagrun for example_setup_teardown_taskflow to 2024-07-11 00:00:00+00:00, run_after=2024-07-12 00:00:00+00:00
[2024-07-12T11:56:35.569+0100] {processor.py:183} INFO - Processing /home/victor/airflow_env/lib/python3.10/site-packages/airflow/example_dags/example_setup_teardown_taskflow.py took 0.704 seconds
[2024-07-12T11:58:02.831+0100] {processor.py:161} INFO - Started process (PID=29443) to work on /home/victor/airflow_env/lib/python3.10/site-packages/airflow/example_dags/example_setup_teardown_taskflow.py
[2024-07-12T11:58:02.836+0100] {processor.py:830} INFO - Processing file /home/victor/airflow_env/lib/python3.10/site-packages/airflow/example_dags/example_setup_teardown_taskflow.py for tasks to queue
[2024-07-12T11:58:02.843+0100] {logging_mixin.py:188} INFO - [2024-07-12T11:58:02.842+0100] {dagbag.py:545} INFO - Filling up the DagBag from /home/victor/airflow_env/lib/python3.10/site-packages/airflow/example_dags/example_setup_teardown_taskflow.py
[2024-07-12T11:58:02.890+0100] {processor.py:840} INFO - DAG(s) 'example_setup_teardown_taskflow' retrieved from /home/victor/airflow_env/lib/python3.10/site-packages/airflow/example_dags/example_setup_teardown_taskflow.py
[2024-07-12T11:58:03.009+0100] {logging_mixin.py:188} INFO - [2024-07-12T11:58:03.008+0100] {dag.py:3096} INFO - Sync 1 DAGs
[2024-07-12T11:58:03.121+0100] {logging_mixin.py:188} INFO - [2024-07-12T11:58:03.120+0100] {dag.py:3954} INFO - Setting next_dagrun for example_setup_teardown_taskflow to 2024-07-11 00:00:00+00:00, run_after=2024-07-12 00:00:00+00:00
[2024-07-12T11:58:03.417+0100] {processor.py:183} INFO - Processing /home/victor/airflow_env/lib/python3.10/site-packages/airflow/example_dags/example_setup_teardown_taskflow.py took 0.614 seconds
[2024-07-12T11:59:22.372+0100] {processor.py:161} INFO - Started process (PID=29775) to work on /home/victor/airflow_env/lib/python3.10/site-packages/airflow/example_dags/example_setup_teardown_taskflow.py
[2024-07-12T11:59:22.377+0100] {processor.py:830} INFO - Processing file /home/victor/airflow_env/lib/python3.10/site-packages/airflow/example_dags/example_setup_teardown_taskflow.py for tasks to queue
[2024-07-12T11:59:22.388+0100] {logging_mixin.py:188} INFO - [2024-07-12T11:59:22.386+0100] {dagbag.py:545} INFO - Filling up the DagBag from /home/victor/airflow_env/lib/python3.10/site-packages/airflow/example_dags/example_setup_teardown_taskflow.py
[2024-07-12T11:59:22.439+0100] {processor.py:840} INFO - DAG(s) 'example_setup_teardown_taskflow' retrieved from /home/victor/airflow_env/lib/python3.10/site-packages/airflow/example_dags/example_setup_teardown_taskflow.py
[2024-07-12T11:59:22.552+0100] {logging_mixin.py:188} INFO - [2024-07-12T11:59:22.551+0100] {dag.py:3096} INFO - Sync 1 DAGs
[2024-07-12T11:59:22.705+0100] {logging_mixin.py:188} INFO - [2024-07-12T11:59:22.704+0100] {dag.py:3954} INFO - Setting next_dagrun for example_setup_teardown_taskflow to 2024-07-11 00:00:00+00:00, run_after=2024-07-12 00:00:00+00:00
[2024-07-12T11:59:23.108+0100] {processor.py:183} INFO - Processing /home/victor/airflow_env/lib/python3.10/site-packages/airflow/example_dags/example_setup_teardown_taskflow.py took 0.774 seconds
[2024-07-12T12:00:43.165+0100] {processor.py:161} INFO - Started process (PID=30109) to work on /home/victor/airflow_env/lib/python3.10/site-packages/airflow/example_dags/example_setup_teardown_taskflow.py
[2024-07-12T12:00:43.170+0100] {processor.py:830} INFO - Processing file /home/victor/airflow_env/lib/python3.10/site-packages/airflow/example_dags/example_setup_teardown_taskflow.py for tasks to queue
[2024-07-12T12:00:43.179+0100] {logging_mixin.py:188} INFO - [2024-07-12T12:00:43.177+0100] {dagbag.py:545} INFO - Filling up the DagBag from /home/victor/airflow_env/lib/python3.10/site-packages/airflow/example_dags/example_setup_teardown_taskflow.py
[2024-07-12T12:00:43.241+0100] {processor.py:840} INFO - DAG(s) 'example_setup_teardown_taskflow' retrieved from /home/victor/airflow_env/lib/python3.10/site-packages/airflow/example_dags/example_setup_teardown_taskflow.py
[2024-07-12T12:00:43.417+0100] {logging_mixin.py:188} INFO - [2024-07-12T12:00:43.416+0100] {dag.py:3096} INFO - Sync 1 DAGs
[2024-07-12T12:00:43.561+0100] {logging_mixin.py:188} INFO - [2024-07-12T12:00:43.560+0100] {dag.py:3954} INFO - Setting next_dagrun for example_setup_teardown_taskflow to 2024-07-11 00:00:00+00:00, run_after=2024-07-12 00:00:00+00:00
[2024-07-12T12:00:43.878+0100] {processor.py:183} INFO - Processing /home/victor/airflow_env/lib/python3.10/site-packages/airflow/example_dags/example_setup_teardown_taskflow.py took 0.743 seconds
[2024-07-12T12:02:25.119+0100] {processor.py:161} INFO - Started process (PID=30518) to work on /home/victor/airflow_env/lib/python3.10/site-packages/airflow/example_dags/example_setup_teardown_taskflow.py
[2024-07-12T12:02:25.127+0100] {processor.py:830} INFO - Processing file /home/victor/airflow_env/lib/python3.10/site-packages/airflow/example_dags/example_setup_teardown_taskflow.py for tasks to queue
[2024-07-12T12:02:25.143+0100] {logging_mixin.py:188} INFO - [2024-07-12T12:02:25.141+0100] {dagbag.py:545} INFO - Filling up the DagBag from /home/victor/airflow_env/lib/python3.10/site-packages/airflow/example_dags/example_setup_teardown_taskflow.py
[2024-07-12T12:02:25.200+0100] {processor.py:840} INFO - DAG(s) 'example_setup_teardown_taskflow' retrieved from /home/victor/airflow_env/lib/python3.10/site-packages/airflow/example_dags/example_setup_teardown_taskflow.py
[2024-07-12T12:02:25.338+0100] {logging_mixin.py:188} INFO - [2024-07-12T12:02:25.337+0100] {dag.py:3096} INFO - Sync 1 DAGs
[2024-07-12T12:02:25.521+0100] {logging_mixin.py:188} INFO - [2024-07-12T12:02:25.520+0100] {dag.py:3954} INFO - Setting next_dagrun for example_setup_teardown_taskflow to 2024-07-11 00:00:00+00:00, run_after=2024-07-12 00:00:00+00:00
[2024-07-12T12:02:25.858+0100] {processor.py:183} INFO - Processing /home/victor/airflow_env/lib/python3.10/site-packages/airflow/example_dags/example_setup_teardown_taskflow.py took 0.771 seconds
[2024-07-12T12:03:59.959+0100] {processor.py:161} INFO - Started process (PID=30905) to work on /home/victor/airflow_env/lib/python3.10/site-packages/airflow/example_dags/example_setup_teardown_taskflow.py
[2024-07-12T12:03:59.964+0100] {processor.py:830} INFO - Processing file /home/victor/airflow_env/lib/python3.10/site-packages/airflow/example_dags/example_setup_teardown_taskflow.py for tasks to queue
[2024-07-12T12:03:59.973+0100] {logging_mixin.py:188} INFO - [2024-07-12T12:03:59.971+0100] {dagbag.py:545} INFO - Filling up the DagBag from /home/victor/airflow_env/lib/python3.10/site-packages/airflow/example_dags/example_setup_teardown_taskflow.py
[2024-07-12T12:04:00.062+0100] {processor.py:840} INFO - DAG(s) 'example_setup_teardown_taskflow' retrieved from /home/victor/airflow_env/lib/python3.10/site-packages/airflow/example_dags/example_setup_teardown_taskflow.py
[2024-07-12T12:04:00.214+0100] {logging_mixin.py:188} INFO - [2024-07-12T12:04:00.213+0100] {dag.py:3096} INFO - Sync 1 DAGs
[2024-07-12T12:04:00.443+0100] {logging_mixin.py:188} INFO - [2024-07-12T12:04:00.441+0100] {dag.py:3954} INFO - Setting next_dagrun for example_setup_teardown_taskflow to 2024-07-11 00:00:00+00:00, run_after=2024-07-12 00:00:00+00:00
[2024-07-12T12:04:02.132+0100] {processor.py:183} INFO - Processing /home/victor/airflow_env/lib/python3.10/site-packages/airflow/example_dags/example_setup_teardown_taskflow.py took 2.210 seconds
[2024-07-12T12:05:38.272+0100] {processor.py:161} INFO - Started process (PID=31303) to work on /home/victor/airflow_env/lib/python3.10/site-packages/airflow/example_dags/example_setup_teardown_taskflow.py
[2024-07-12T12:05:38.278+0100] {processor.py:830} INFO - Processing file /home/victor/airflow_env/lib/python3.10/site-packages/airflow/example_dags/example_setup_teardown_taskflow.py for tasks to queue
[2024-07-12T12:05:38.290+0100] {logging_mixin.py:188} INFO - [2024-07-12T12:05:38.285+0100] {dagbag.py:545} INFO - Filling up the DagBag from /home/victor/airflow_env/lib/python3.10/site-packages/airflow/example_dags/example_setup_teardown_taskflow.py
[2024-07-12T12:05:38.405+0100] {processor.py:840} INFO - DAG(s) 'example_setup_teardown_taskflow' retrieved from /home/victor/airflow_env/lib/python3.10/site-packages/airflow/example_dags/example_setup_teardown_taskflow.py
[2024-07-12T12:05:38.542+0100] {logging_mixin.py:188} INFO - [2024-07-12T12:05:38.541+0100] {dag.py:3096} INFO - Sync 1 DAGs
[2024-07-12T12:05:38.689+0100] {logging_mixin.py:188} INFO - [2024-07-12T12:05:38.688+0100] {dag.py:3954} INFO - Setting next_dagrun for example_setup_teardown_taskflow to 2024-07-11 00:00:00+00:00, run_after=2024-07-12 00:00:00+00:00
[2024-07-12T12:05:39.096+0100] {processor.py:183} INFO - Processing /home/victor/airflow_env/lib/python3.10/site-packages/airflow/example_dags/example_setup_teardown_taskflow.py took 0.860 seconds
[2024-07-12T12:06:58.164+0100] {processor.py:161} INFO - Started process (PID=31635) to work on /home/victor/airflow_env/lib/python3.10/site-packages/airflow/example_dags/example_setup_teardown_taskflow.py
[2024-07-12T12:06:58.170+0100] {processor.py:830} INFO - Processing file /home/victor/airflow_env/lib/python3.10/site-packages/airflow/example_dags/example_setup_teardown_taskflow.py for tasks to queue
[2024-07-12T12:06:58.180+0100] {logging_mixin.py:188} INFO - [2024-07-12T12:06:58.178+0100] {dagbag.py:545} INFO - Filling up the DagBag from /home/victor/airflow_env/lib/python3.10/site-packages/airflow/example_dags/example_setup_teardown_taskflow.py
[2024-07-12T12:06:58.244+0100] {processor.py:840} INFO - DAG(s) 'example_setup_teardown_taskflow' retrieved from /home/victor/airflow_env/lib/python3.10/site-packages/airflow/example_dags/example_setup_teardown_taskflow.py
[2024-07-12T12:06:58.362+0100] {logging_mixin.py:188} INFO - [2024-07-12T12:06:58.361+0100] {dag.py:3096} INFO - Sync 1 DAGs
[2024-07-12T12:06:58.484+0100] {logging_mixin.py:188} INFO - [2024-07-12T12:06:58.483+0100] {dag.py:3954} INFO - Setting next_dagrun for example_setup_teardown_taskflow to 2024-07-11 00:00:00+00:00, run_after=2024-07-12 00:00:00+00:00
[2024-07-12T12:06:58.767+0100] {processor.py:183} INFO - Processing /home/victor/airflow_env/lib/python3.10/site-packages/airflow/example_dags/example_setup_teardown_taskflow.py took 0.633 seconds
[2024-07-12T12:08:22.593+0100] {processor.py:161} INFO - Started process (PID=31982) to work on /home/victor/airflow_env/lib/python3.10/site-packages/airflow/example_dags/example_setup_teardown_taskflow.py
[2024-07-12T12:08:22.598+0100] {processor.py:830} INFO - Processing file /home/victor/airflow_env/lib/python3.10/site-packages/airflow/example_dags/example_setup_teardown_taskflow.py for tasks to queue
[2024-07-12T12:08:22.606+0100] {logging_mixin.py:188} INFO - [2024-07-12T12:08:22.604+0100] {dagbag.py:545} INFO - Filling up the DagBag from /home/victor/airflow_env/lib/python3.10/site-packages/airflow/example_dags/example_setup_teardown_taskflow.py
[2024-07-12T12:08:22.657+0100] {processor.py:840} INFO - DAG(s) 'example_setup_teardown_taskflow' retrieved from /home/victor/airflow_env/lib/python3.10/site-packages/airflow/example_dags/example_setup_teardown_taskflow.py
[2024-07-12T12:08:22.778+0100] {logging_mixin.py:188} INFO - [2024-07-12T12:08:22.777+0100] {dag.py:3096} INFO - Sync 1 DAGs
[2024-07-12T12:08:22.893+0100] {logging_mixin.py:188} INFO - [2024-07-12T12:08:22.892+0100] {dag.py:3954} INFO - Setting next_dagrun for example_setup_teardown_taskflow to 2024-07-11 00:00:00+00:00, run_after=2024-07-12 00:00:00+00:00
[2024-07-12T12:08:23.196+0100] {processor.py:183} INFO - Processing /home/victor/airflow_env/lib/python3.10/site-packages/airflow/example_dags/example_setup_teardown_taskflow.py took 0.632 seconds
[2024-07-12T12:09:51.192+0100] {processor.py:161} INFO - Started process (PID=32349) to work on /home/victor/airflow_env/lib/python3.10/site-packages/airflow/example_dags/example_setup_teardown_taskflow.py
[2024-07-12T12:09:51.197+0100] {processor.py:830} INFO - Processing file /home/victor/airflow_env/lib/python3.10/site-packages/airflow/example_dags/example_setup_teardown_taskflow.py for tasks to queue
[2024-07-12T12:09:51.206+0100] {logging_mixin.py:188} INFO - [2024-07-12T12:09:51.204+0100] {dagbag.py:545} INFO - Filling up the DagBag from /home/victor/airflow_env/lib/python3.10/site-packages/airflow/example_dags/example_setup_teardown_taskflow.py
[2024-07-12T12:09:51.262+0100] {processor.py:840} INFO - DAG(s) 'example_setup_teardown_taskflow' retrieved from /home/victor/airflow_env/lib/python3.10/site-packages/airflow/example_dags/example_setup_teardown_taskflow.py
[2024-07-12T12:09:51.382+0100] {logging_mixin.py:188} INFO - [2024-07-12T12:09:51.381+0100] {dag.py:3096} INFO - Sync 1 DAGs
[2024-07-12T12:09:51.496+0100] {logging_mixin.py:188} INFO - [2024-07-12T12:09:51.495+0100] {dag.py:3954} INFO - Setting next_dagrun for example_setup_teardown_taskflow to 2024-07-11 00:00:00+00:00, run_after=2024-07-12 00:00:00+00:00
[2024-07-12T12:09:51.953+0100] {processor.py:183} INFO - Processing /home/victor/airflow_env/lib/python3.10/site-packages/airflow/example_dags/example_setup_teardown_taskflow.py took 0.806 seconds
[2024-07-12T12:11:19.794+0100] {processor.py:161} INFO - Started process (PID=32714) to work on /home/victor/airflow_env/lib/python3.10/site-packages/airflow/example_dags/example_setup_teardown_taskflow.py
[2024-07-12T12:11:19.800+0100] {processor.py:830} INFO - Processing file /home/victor/airflow_env/lib/python3.10/site-packages/airflow/example_dags/example_setup_teardown_taskflow.py for tasks to queue
[2024-07-12T12:11:19.815+0100] {logging_mixin.py:188} INFO - [2024-07-12T12:11:19.810+0100] {dagbag.py:545} INFO - Filling up the DagBag from /home/victor/airflow_env/lib/python3.10/site-packages/airflow/example_dags/example_setup_teardown_taskflow.py
[2024-07-12T12:11:19.891+0100] {processor.py:840} INFO - DAG(s) 'example_setup_teardown_taskflow' retrieved from /home/victor/airflow_env/lib/python3.10/site-packages/airflow/example_dags/example_setup_teardown_taskflow.py
[2024-07-12T12:11:20.015+0100] {logging_mixin.py:188} INFO - [2024-07-12T12:11:20.014+0100] {dag.py:3096} INFO - Sync 1 DAGs
[2024-07-12T12:11:20.138+0100] {logging_mixin.py:188} INFO - [2024-07-12T12:11:20.137+0100] {dag.py:3954} INFO - Setting next_dagrun for example_setup_teardown_taskflow to 2024-07-11 00:00:00+00:00, run_after=2024-07-12 00:00:00+00:00
[2024-07-12T12:11:20.509+0100] {processor.py:183} INFO - Processing /home/victor/airflow_env/lib/python3.10/site-packages/airflow/example_dags/example_setup_teardown_taskflow.py took 0.757 seconds
[2024-07-12T12:12:41.595+0100] {processor.py:161} INFO - Started process (PID=33054) to work on /home/victor/airflow_env/lib/python3.10/site-packages/airflow/example_dags/example_setup_teardown_taskflow.py
[2024-07-12T12:12:41.600+0100] {processor.py:830} INFO - Processing file /home/victor/airflow_env/lib/python3.10/site-packages/airflow/example_dags/example_setup_teardown_taskflow.py for tasks to queue
[2024-07-12T12:12:41.608+0100] {logging_mixin.py:188} INFO - [2024-07-12T12:12:41.607+0100] {dagbag.py:545} INFO - Filling up the DagBag from /home/victor/airflow_env/lib/python3.10/site-packages/airflow/example_dags/example_setup_teardown_taskflow.py
[2024-07-12T12:12:41.667+0100] {processor.py:840} INFO - DAG(s) 'example_setup_teardown_taskflow' retrieved from /home/victor/airflow_env/lib/python3.10/site-packages/airflow/example_dags/example_setup_teardown_taskflow.py
[2024-07-12T12:12:41.811+0100] {logging_mixin.py:188} INFO - [2024-07-12T12:12:41.810+0100] {dag.py:3096} INFO - Sync 1 DAGs
[2024-07-12T12:12:42.017+0100] {logging_mixin.py:188} INFO - [2024-07-12T12:12:42.016+0100] {dag.py:3954} INFO - Setting next_dagrun for example_setup_teardown_taskflow to 2024-07-11 00:00:00+00:00, run_after=2024-07-12 00:00:00+00:00
[2024-07-12T12:12:42.310+0100] {processor.py:183} INFO - Processing /home/victor/airflow_env/lib/python3.10/site-packages/airflow/example_dags/example_setup_teardown_taskflow.py took 0.743 seconds
[2024-07-12T12:14:03.100+0100] {processor.py:161} INFO - Started process (PID=33390) to work on /home/victor/airflow_env/lib/python3.10/site-packages/airflow/example_dags/example_setup_teardown_taskflow.py
[2024-07-12T12:14:03.106+0100] {processor.py:830} INFO - Processing file /home/victor/airflow_env/lib/python3.10/site-packages/airflow/example_dags/example_setup_teardown_taskflow.py for tasks to queue
[2024-07-12T12:14:03.115+0100] {logging_mixin.py:188} INFO - [2024-07-12T12:14:03.113+0100] {dagbag.py:545} INFO - Filling up the DagBag from /home/victor/airflow_env/lib/python3.10/site-packages/airflow/example_dags/example_setup_teardown_taskflow.py
[2024-07-12T12:14:03.169+0100] {processor.py:840} INFO - DAG(s) 'example_setup_teardown_taskflow' retrieved from /home/victor/airflow_env/lib/python3.10/site-packages/airflow/example_dags/example_setup_teardown_taskflow.py
[2024-07-12T12:14:03.313+0100] {logging_mixin.py:188} INFO - [2024-07-12T12:14:03.312+0100] {dag.py:3096} INFO - Sync 1 DAGs
[2024-07-12T12:14:03.491+0100] {logging_mixin.py:188} INFO - [2024-07-12T12:14:03.490+0100] {dag.py:3954} INFO - Setting next_dagrun for example_setup_teardown_taskflow to 2024-07-11 00:00:00+00:00, run_after=2024-07-12 00:00:00+00:00
[2024-07-12T12:14:03.882+0100] {processor.py:183} INFO - Processing /home/victor/airflow_env/lib/python3.10/site-packages/airflow/example_dags/example_setup_teardown_taskflow.py took 0.816 seconds
[2024-07-12T12:15:31.675+0100] {processor.py:161} INFO - Started process (PID=33752) to work on /home/victor/airflow_env/lib/python3.10/site-packages/airflow/example_dags/example_setup_teardown_taskflow.py
[2024-07-12T12:15:31.680+0100] {processor.py:830} INFO - Processing file /home/victor/airflow_env/lib/python3.10/site-packages/airflow/example_dags/example_setup_teardown_taskflow.py for tasks to queue
[2024-07-12T12:15:31.688+0100] {logging_mixin.py:188} INFO - [2024-07-12T12:15:31.687+0100] {dagbag.py:545} INFO - Filling up the DagBag from /home/victor/airflow_env/lib/python3.10/site-packages/airflow/example_dags/example_setup_teardown_taskflow.py
[2024-07-12T12:15:31.742+0100] {processor.py:840} INFO - DAG(s) 'example_setup_teardown_taskflow' retrieved from /home/victor/airflow_env/lib/python3.10/site-packages/airflow/example_dags/example_setup_teardown_taskflow.py
[2024-07-12T12:15:31.943+0100] {logging_mixin.py:188} INFO - [2024-07-12T12:15:31.942+0100] {dag.py:3096} INFO - Sync 1 DAGs
[2024-07-12T12:15:32.102+0100] {logging_mixin.py:188} INFO - [2024-07-12T12:15:32.100+0100] {dag.py:3954} INFO - Setting next_dagrun for example_setup_teardown_taskflow to 2024-07-11 00:00:00+00:00, run_after=2024-07-12 00:00:00+00:00
[2024-07-12T12:15:32.465+0100] {processor.py:183} INFO - Processing /home/victor/airflow_env/lib/python3.10/site-packages/airflow/example_dags/example_setup_teardown_taskflow.py took 0.835 seconds
[2024-07-12T12:17:35.583+0100] {processor.py:161} INFO - Started process (PID=34245) to work on /home/victor/airflow_env/lib/python3.10/site-packages/airflow/example_dags/example_setup_teardown_taskflow.py
[2024-07-12T12:17:35.588+0100] {processor.py:830} INFO - Processing file /home/victor/airflow_env/lib/python3.10/site-packages/airflow/example_dags/example_setup_teardown_taskflow.py for tasks to queue
[2024-07-12T12:17:35.598+0100] {logging_mixin.py:188} INFO - [2024-07-12T12:17:35.596+0100] {dagbag.py:545} INFO - Filling up the DagBag from /home/victor/airflow_env/lib/python3.10/site-packages/airflow/example_dags/example_setup_teardown_taskflow.py
[2024-07-12T12:17:35.661+0100] {processor.py:840} INFO - DAG(s) 'example_setup_teardown_taskflow' retrieved from /home/victor/airflow_env/lib/python3.10/site-packages/airflow/example_dags/example_setup_teardown_taskflow.py
[2024-07-12T12:17:35.805+0100] {logging_mixin.py:188} INFO - [2024-07-12T12:17:35.803+0100] {dag.py:3096} INFO - Sync 1 DAGs
[2024-07-12T12:17:35.940+0100] {logging_mixin.py:188} INFO - [2024-07-12T12:17:35.939+0100] {dag.py:3954} INFO - Setting next_dagrun for example_setup_teardown_taskflow to 2024-07-11 00:00:00+00:00, run_after=2024-07-12 00:00:00+00:00
[2024-07-12T12:17:36.320+0100] {processor.py:183} INFO - Processing /home/victor/airflow_env/lib/python3.10/site-packages/airflow/example_dags/example_setup_teardown_taskflow.py took 0.766 seconds
[2024-07-12T12:19:17.214+0100] {processor.py:161} INFO - Started process (PID=34662) to work on /home/victor/airflow_env/lib/python3.10/site-packages/airflow/example_dags/example_setup_teardown_taskflow.py
[2024-07-12T12:19:17.227+0100] {processor.py:830} INFO - Processing file /home/victor/airflow_env/lib/python3.10/site-packages/airflow/example_dags/example_setup_teardown_taskflow.py for tasks to queue
[2024-07-12T12:19:17.236+0100] {logging_mixin.py:188} INFO - [2024-07-12T12:19:17.234+0100] {dagbag.py:545} INFO - Filling up the DagBag from /home/victor/airflow_env/lib/python3.10/site-packages/airflow/example_dags/example_setup_teardown_taskflow.py
[2024-07-12T12:19:17.323+0100] {processor.py:840} INFO - DAG(s) 'example_setup_teardown_taskflow' retrieved from /home/victor/airflow_env/lib/python3.10/site-packages/airflow/example_dags/example_setup_teardown_taskflow.py
[2024-07-12T12:19:17.451+0100] {logging_mixin.py:188} INFO - [2024-07-12T12:19:17.450+0100] {dag.py:3096} INFO - Sync 1 DAGs
[2024-07-12T12:19:17.619+0100] {logging_mixin.py:188} INFO - [2024-07-12T12:19:17.617+0100] {dag.py:3954} INFO - Setting next_dagrun for example_setup_teardown_taskflow to 2024-07-11 00:00:00+00:00, run_after=2024-07-12 00:00:00+00:00
[2024-07-12T12:19:18.066+0100] {processor.py:183} INFO - Processing /home/victor/airflow_env/lib/python3.10/site-packages/airflow/example_dags/example_setup_teardown_taskflow.py took 0.886 seconds
[2024-07-12T12:20:59.779+0100] {processor.py:161} INFO - Started process (PID=35076) to work on /home/victor/airflow_env/lib/python3.10/site-packages/airflow/example_dags/example_setup_teardown_taskflow.py
[2024-07-12T12:20:59.785+0100] {processor.py:830} INFO - Processing file /home/victor/airflow_env/lib/python3.10/site-packages/airflow/example_dags/example_setup_teardown_taskflow.py for tasks to queue
[2024-07-12T12:20:59.795+0100] {logging_mixin.py:188} INFO - [2024-07-12T12:20:59.791+0100] {dagbag.py:545} INFO - Filling up the DagBag from /home/victor/airflow_env/lib/python3.10/site-packages/airflow/example_dags/example_setup_teardown_taskflow.py
[2024-07-12T12:20:59.911+0100] {processor.py:840} INFO - DAG(s) 'example_setup_teardown_taskflow' retrieved from /home/victor/airflow_env/lib/python3.10/site-packages/airflow/example_dags/example_setup_teardown_taskflow.py
[2024-07-12T12:21:00.076+0100] {logging_mixin.py:188} INFO - [2024-07-12T12:21:00.075+0100] {dag.py:3096} INFO - Sync 1 DAGs
[2024-07-12T12:21:00.202+0100] {logging_mixin.py:188} INFO - [2024-07-12T12:21:00.201+0100] {dag.py:3954} INFO - Setting next_dagrun for example_setup_teardown_taskflow to 2024-07-11 00:00:00+00:00, run_after=2024-07-12 00:00:00+00:00
[2024-07-12T12:21:00.532+0100] {processor.py:183} INFO - Processing /home/victor/airflow_env/lib/python3.10/site-packages/airflow/example_dags/example_setup_teardown_taskflow.py took 0.799 seconds
[2024-07-12T12:22:27.935+0100] {processor.py:161} INFO - Started process (PID=35439) to work on /home/victor/airflow_env/lib/python3.10/site-packages/airflow/example_dags/example_setup_teardown_taskflow.py
[2024-07-12T12:22:27.939+0100] {processor.py:830} INFO - Processing file /home/victor/airflow_env/lib/python3.10/site-packages/airflow/example_dags/example_setup_teardown_taskflow.py for tasks to queue
[2024-07-12T12:22:27.948+0100] {logging_mixin.py:188} INFO - [2024-07-12T12:22:27.946+0100] {dagbag.py:545} INFO - Filling up the DagBag from /home/victor/airflow_env/lib/python3.10/site-packages/airflow/example_dags/example_setup_teardown_taskflow.py
[2024-07-12T12:22:27.996+0100] {processor.py:840} INFO - DAG(s) 'example_setup_teardown_taskflow' retrieved from /home/victor/airflow_env/lib/python3.10/site-packages/airflow/example_dags/example_setup_teardown_taskflow.py
[2024-07-12T12:22:28.137+0100] {logging_mixin.py:188} INFO - [2024-07-12T12:22:28.137+0100] {dag.py:3096} INFO - Sync 1 DAGs
[2024-07-12T12:22:28.280+0100] {logging_mixin.py:188} INFO - [2024-07-12T12:22:28.279+0100] {dag.py:3954} INFO - Setting next_dagrun for example_setup_teardown_taskflow to 2024-07-11 00:00:00+00:00, run_after=2024-07-12 00:00:00+00:00
[2024-07-12T12:22:29.043+0100] {processor.py:183} INFO - Processing /home/victor/airflow_env/lib/python3.10/site-packages/airflow/example_dags/example_setup_teardown_taskflow.py took 1.137 seconds
[2024-07-12T12:23:58.037+0100] {processor.py:161} INFO - Started process (PID=35807) to work on /home/victor/airflow_env/lib/python3.10/site-packages/airflow/example_dags/example_setup_teardown_taskflow.py
[2024-07-12T12:23:58.043+0100] {processor.py:830} INFO - Processing file /home/victor/airflow_env/lib/python3.10/site-packages/airflow/example_dags/example_setup_teardown_taskflow.py for tasks to queue
[2024-07-12T12:23:58.060+0100] {logging_mixin.py:188} INFO - [2024-07-12T12:23:58.057+0100] {dagbag.py:545} INFO - Filling up the DagBag from /home/victor/airflow_env/lib/python3.10/site-packages/airflow/example_dags/example_setup_teardown_taskflow.py
[2024-07-12T12:23:58.128+0100] {processor.py:840} INFO - DAG(s) 'example_setup_teardown_taskflow' retrieved from /home/victor/airflow_env/lib/python3.10/site-packages/airflow/example_dags/example_setup_teardown_taskflow.py
[2024-07-12T12:23:58.339+0100] {logging_mixin.py:188} INFO - [2024-07-12T12:23:58.338+0100] {dag.py:3096} INFO - Sync 1 DAGs
[2024-07-12T12:23:58.465+0100] {logging_mixin.py:188} INFO - [2024-07-12T12:23:58.464+0100] {dag.py:3954} INFO - Setting next_dagrun for example_setup_teardown_taskflow to 2024-07-11 00:00:00+00:00, run_after=2024-07-12 00:00:00+00:00
[2024-07-12T12:23:58.857+0100] {processor.py:183} INFO - Processing /home/victor/airflow_env/lib/python3.10/site-packages/airflow/example_dags/example_setup_teardown_taskflow.py took 0.906 seconds
[2024-07-12T12:25:40.565+0100] {processor.py:161} INFO - Started process (PID=36221) to work on /home/victor/airflow_env/lib/python3.10/site-packages/airflow/example_dags/example_setup_teardown_taskflow.py
[2024-07-12T12:25:40.570+0100] {processor.py:830} INFO - Processing file /home/victor/airflow_env/lib/python3.10/site-packages/airflow/example_dags/example_setup_teardown_taskflow.py for tasks to queue
[2024-07-12T12:25:40.579+0100] {logging_mixin.py:188} INFO - [2024-07-12T12:25:40.577+0100] {dagbag.py:545} INFO - Filling up the DagBag from /home/victor/airflow_env/lib/python3.10/site-packages/airflow/example_dags/example_setup_teardown_taskflow.py
[2024-07-12T12:25:40.649+0100] {processor.py:840} INFO - DAG(s) 'example_setup_teardown_taskflow' retrieved from /home/victor/airflow_env/lib/python3.10/site-packages/airflow/example_dags/example_setup_teardown_taskflow.py
[2024-07-12T12:25:40.812+0100] {logging_mixin.py:188} INFO - [2024-07-12T12:25:40.811+0100] {dag.py:3096} INFO - Sync 1 DAGs
[2024-07-12T12:25:40.955+0100] {logging_mixin.py:188} INFO - [2024-07-12T12:25:40.954+0100] {dag.py:3954} INFO - Setting next_dagrun for example_setup_teardown_taskflow to 2024-07-11 00:00:00+00:00, run_after=2024-07-12 00:00:00+00:00
[2024-07-12T12:25:41.422+0100] {processor.py:183} INFO - Processing /home/victor/airflow_env/lib/python3.10/site-packages/airflow/example_dags/example_setup_teardown_taskflow.py took 0.891 seconds
[2024-07-12T12:27:14.001+0100] {processor.py:161} INFO - Started process (PID=36600) to work on /home/victor/airflow_env/lib/python3.10/site-packages/airflow/example_dags/example_setup_teardown_taskflow.py
[2024-07-12T12:27:14.005+0100] {processor.py:830} INFO - Processing file /home/victor/airflow_env/lib/python3.10/site-packages/airflow/example_dags/example_setup_teardown_taskflow.py for tasks to queue
[2024-07-12T12:27:14.013+0100] {logging_mixin.py:188} INFO - [2024-07-12T12:27:14.011+0100] {dagbag.py:545} INFO - Filling up the DagBag from /home/victor/airflow_env/lib/python3.10/site-packages/airflow/example_dags/example_setup_teardown_taskflow.py
[2024-07-12T12:27:14.060+0100] {processor.py:840} INFO - DAG(s) 'example_setup_teardown_taskflow' retrieved from /home/victor/airflow_env/lib/python3.10/site-packages/airflow/example_dags/example_setup_teardown_taskflow.py
[2024-07-12T12:27:14.188+0100] {logging_mixin.py:188} INFO - [2024-07-12T12:27:14.186+0100] {dag.py:3096} INFO - Sync 1 DAGs
[2024-07-12T12:27:14.317+0100] {logging_mixin.py:188} INFO - [2024-07-12T12:27:14.316+0100] {dag.py:3954} INFO - Setting next_dagrun for example_setup_teardown_taskflow to 2024-07-11 00:00:00+00:00, run_after=2024-07-12 00:00:00+00:00
[2024-07-12T12:27:14.621+0100] {processor.py:183} INFO - Processing /home/victor/airflow_env/lib/python3.10/site-packages/airflow/example_dags/example_setup_teardown_taskflow.py took 0.660 seconds
[2024-07-12T12:28:42.158+0100] {processor.py:161} INFO - Started process (PID=36961) to work on /home/victor/airflow_env/lib/python3.10/site-packages/airflow/example_dags/example_setup_teardown_taskflow.py
[2024-07-12T12:28:42.163+0100] {processor.py:830} INFO - Processing file /home/victor/airflow_env/lib/python3.10/site-packages/airflow/example_dags/example_setup_teardown_taskflow.py for tasks to queue
[2024-07-12T12:28:42.171+0100] {logging_mixin.py:188} INFO - [2024-07-12T12:28:42.169+0100] {dagbag.py:545} INFO - Filling up the DagBag from /home/victor/airflow_env/lib/python3.10/site-packages/airflow/example_dags/example_setup_teardown_taskflow.py
[2024-07-12T12:28:42.218+0100] {processor.py:840} INFO - DAG(s) 'example_setup_teardown_taskflow' retrieved from /home/victor/airflow_env/lib/python3.10/site-packages/airflow/example_dags/example_setup_teardown_taskflow.py
[2024-07-12T12:28:42.331+0100] {logging_mixin.py:188} INFO - [2024-07-12T12:28:42.330+0100] {dag.py:3096} INFO - Sync 1 DAGs
[2024-07-12T12:28:42.460+0100] {logging_mixin.py:188} INFO - [2024-07-12T12:28:42.459+0100] {dag.py:3954} INFO - Setting next_dagrun for example_setup_teardown_taskflow to 2024-07-11 00:00:00+00:00, run_after=2024-07-12 00:00:00+00:00
[2024-07-12T12:28:42.883+0100] {processor.py:183} INFO - Processing /home/victor/airflow_env/lib/python3.10/site-packages/airflow/example_dags/example_setup_teardown_taskflow.py took 0.755 seconds
[2024-07-12T12:30:18.041+0100] {processor.py:161} INFO - Started process (PID=37352) to work on /home/victor/airflow_env/lib/python3.10/site-packages/airflow/example_dags/example_setup_teardown_taskflow.py
[2024-07-12T12:30:18.046+0100] {processor.py:830} INFO - Processing file /home/victor/airflow_env/lib/python3.10/site-packages/airflow/example_dags/example_setup_teardown_taskflow.py for tasks to queue
[2024-07-12T12:30:18.055+0100] {logging_mixin.py:188} INFO - [2024-07-12T12:30:18.053+0100] {dagbag.py:545} INFO - Filling up the DagBag from /home/victor/airflow_env/lib/python3.10/site-packages/airflow/example_dags/example_setup_teardown_taskflow.py
[2024-07-12T12:30:18.108+0100] {processor.py:840} INFO - DAG(s) 'example_setup_teardown_taskflow' retrieved from /home/victor/airflow_env/lib/python3.10/site-packages/airflow/example_dags/example_setup_teardown_taskflow.py
[2024-07-12T12:30:18.218+0100] {logging_mixin.py:188} INFO - [2024-07-12T12:30:18.217+0100] {dag.py:3096} INFO - Sync 1 DAGs
[2024-07-12T12:30:18.358+0100] {logging_mixin.py:188} INFO - [2024-07-12T12:30:18.357+0100] {dag.py:3954} INFO - Setting next_dagrun for example_setup_teardown_taskflow to 2024-07-11 00:00:00+00:00, run_after=2024-07-12 00:00:00+00:00
[2024-07-12T12:30:18.674+0100] {processor.py:183} INFO - Processing /home/victor/airflow_env/lib/python3.10/site-packages/airflow/example_dags/example_setup_teardown_taskflow.py took 0.667 seconds
[2024-07-12T12:31:47.511+0100] {processor.py:161} INFO - Started process (PID=37723) to work on /home/victor/airflow_env/lib/python3.10/site-packages/airflow/example_dags/example_setup_teardown_taskflow.py
[2024-07-12T12:31:47.515+0100] {processor.py:830} INFO - Processing file /home/victor/airflow_env/lib/python3.10/site-packages/airflow/example_dags/example_setup_teardown_taskflow.py for tasks to queue
[2024-07-12T12:31:47.523+0100] {logging_mixin.py:188} INFO - [2024-07-12T12:31:47.521+0100] {dagbag.py:545} INFO - Filling up the DagBag from /home/victor/airflow_env/lib/python3.10/site-packages/airflow/example_dags/example_setup_teardown_taskflow.py
[2024-07-12T12:31:47.573+0100] {processor.py:840} INFO - DAG(s) 'example_setup_teardown_taskflow' retrieved from /home/victor/airflow_env/lib/python3.10/site-packages/airflow/example_dags/example_setup_teardown_taskflow.py
[2024-07-12T12:31:47.692+0100] {logging_mixin.py:188} INFO - [2024-07-12T12:31:47.691+0100] {dag.py:3096} INFO - Sync 1 DAGs
[2024-07-12T12:31:47.813+0100] {logging_mixin.py:188} INFO - [2024-07-12T12:31:47.812+0100] {dag.py:3954} INFO - Setting next_dagrun for example_setup_teardown_taskflow to 2024-07-11 00:00:00+00:00, run_after=2024-07-12 00:00:00+00:00
[2024-07-12T12:31:48.143+0100] {processor.py:183} INFO - Processing /home/victor/airflow_env/lib/python3.10/site-packages/airflow/example_dags/example_setup_teardown_taskflow.py took 0.668 seconds
[2024-07-12T12:33:12.486+0100] {processor.py:161} INFO - Started process (PID=38079) to work on /home/victor/airflow_env/lib/python3.10/site-packages/airflow/example_dags/example_setup_teardown_taskflow.py
[2024-07-12T12:33:12.491+0100] {processor.py:830} INFO - Processing file /home/victor/airflow_env/lib/python3.10/site-packages/airflow/example_dags/example_setup_teardown_taskflow.py for tasks to queue
[2024-07-12T12:33:12.502+0100] {logging_mixin.py:188} INFO - [2024-07-12T12:33:12.500+0100] {dagbag.py:545} INFO - Filling up the DagBag from /home/victor/airflow_env/lib/python3.10/site-packages/airflow/example_dags/example_setup_teardown_taskflow.py
[2024-07-12T12:33:12.565+0100] {processor.py:840} INFO - DAG(s) 'example_setup_teardown_taskflow' retrieved from /home/victor/airflow_env/lib/python3.10/site-packages/airflow/example_dags/example_setup_teardown_taskflow.py
[2024-07-12T12:33:12.728+0100] {logging_mixin.py:188} INFO - [2024-07-12T12:33:12.727+0100] {dag.py:3096} INFO - Sync 1 DAGs
[2024-07-12T12:33:12.903+0100] {logging_mixin.py:188} INFO - [2024-07-12T12:33:12.903+0100] {dag.py:3954} INFO - Setting next_dagrun for example_setup_teardown_taskflow to 2024-07-11 00:00:00+00:00, run_after=2024-07-12 00:00:00+00:00
[2024-07-12T12:33:13.215+0100] {processor.py:183} INFO - Processing /home/victor/airflow_env/lib/python3.10/site-packages/airflow/example_dags/example_setup_teardown_taskflow.py took 0.760 seconds
