[2024-07-12T11:05:25.509+0100] {processor.py:161} INFO - Started process (PID=16112) to work on /home/victor/airflow_env/lib/python3.10/site-packages/airflow/example_dags/example_python_operator.py
[2024-07-12T11:05:25.515+0100] {processor.py:830} INFO - Processing file /home/victor/airflow_env/lib/python3.10/site-packages/airflow/example_dags/example_python_operator.py for tasks to queue
[2024-07-12T11:05:25.530+0100] {logging_mixin.py:188} INFO - [2024-07-12T11:05:25.528+0100] {dagbag.py:545} INFO - Filling up the DagBag from /home/victor/airflow_env/lib/python3.10/site-packages/airflow/example_dags/example_python_operator.py
[2024-07-12T11:05:25.598+0100] {processor.py:840} INFO - DAG(s) 'example_python_operator' retrieved from /home/victor/airflow_env/lib/python3.10/site-packages/airflow/example_dags/example_python_operator.py
[2024-07-12T11:05:26.600+0100] {logging_mixin.py:188} INFO - [2024-07-12T11:05:26.596+0100] {override.py:1847} INFO - Created Permission View: can edit on DAG:example_python_operator
[2024-07-12T11:05:26.901+0100] {logging_mixin.py:188} INFO - [2024-07-12T11:05:26.899+0100] {override.py:1847} INFO - Created Permission View: can read on DAG:example_python_operator
[2024-07-12T11:05:27.141+0100] {logging_mixin.py:188} INFO - [2024-07-12T11:05:27.139+0100] {override.py:1847} INFO - Created Permission View: can delete on DAG:example_python_operator
[2024-07-12T11:05:27.144+0100] {logging_mixin.py:188} INFO - [2024-07-12T11:05:27.143+0100] {dag.py:3096} INFO - Sync 1 DAGs
[2024-07-12T11:05:27.240+0100] {logging_mixin.py:188} INFO - [2024-07-12T11:05:27.239+0100] {dag.py:3118} INFO - Creating ORM DAG for example_python_operator
[2024-07-12T11:05:27.245+0100] {logging_mixin.py:188} INFO - [2024-07-12T11:05:27.244+0100] {dag.py:3954} INFO - Setting next_dagrun for example_python_operator to None, run_after=None
[2024-07-12T11:05:27.696+0100] {processor.py:183} INFO - Processing /home/victor/airflow_env/lib/python3.10/site-packages/airflow/example_dags/example_python_operator.py took 2.226 seconds
[2024-07-12T11:08:20.675+0100] {processor.py:161} INFO - Started process (PID=16811) to work on /home/victor/airflow_env/lib/python3.10/site-packages/airflow/example_dags/example_python_operator.py
[2024-07-12T11:08:20.681+0100] {processor.py:830} INFO - Processing file /home/victor/airflow_env/lib/python3.10/site-packages/airflow/example_dags/example_python_operator.py for tasks to queue
[2024-07-12T11:08:20.691+0100] {logging_mixin.py:188} INFO - [2024-07-12T11:08:20.689+0100] {dagbag.py:545} INFO - Filling up the DagBag from /home/victor/airflow_env/lib/python3.10/site-packages/airflow/example_dags/example_python_operator.py
[2024-07-12T11:08:20.811+0100] {processor.py:840} INFO - DAG(s) 'example_python_operator' retrieved from /home/victor/airflow_env/lib/python3.10/site-packages/airflow/example_dags/example_python_operator.py
[2024-07-12T11:08:21.176+0100] {logging_mixin.py:188} INFO - [2024-07-12T11:08:21.175+0100] {dag.py:3096} INFO - Sync 1 DAGs
[2024-07-12T11:08:21.474+0100] {logging_mixin.py:188} INFO - [2024-07-12T11:08:21.473+0100] {dag.py:3954} INFO - Setting next_dagrun for example_python_operator to None, run_after=None
[2024-07-12T11:08:22.764+0100] {processor.py:183} INFO - Processing /home/victor/airflow_env/lib/python3.10/site-packages/airflow/example_dags/example_python_operator.py took 2.127 seconds
[2024-07-12T11:10:52.795+0100] {processor.py:161} INFO - Started process (PID=17407) to work on /home/victor/airflow_env/lib/python3.10/site-packages/airflow/example_dags/example_python_operator.py
[2024-07-12T11:10:52.800+0100] {processor.py:830} INFO - Processing file /home/victor/airflow_env/lib/python3.10/site-packages/airflow/example_dags/example_python_operator.py for tasks to queue
[2024-07-12T11:10:52.812+0100] {logging_mixin.py:188} INFO - [2024-07-12T11:10:52.810+0100] {dagbag.py:545} INFO - Filling up the DagBag from /home/victor/airflow_env/lib/python3.10/site-packages/airflow/example_dags/example_python_operator.py
[2024-07-12T11:10:52.866+0100] {processor.py:840} INFO - DAG(s) 'example_python_operator' retrieved from /home/victor/airflow_env/lib/python3.10/site-packages/airflow/example_dags/example_python_operator.py
[2024-07-12T11:10:53.009+0100] {logging_mixin.py:188} INFO - [2024-07-12T11:10:53.008+0100] {dag.py:3096} INFO - Sync 1 DAGs
[2024-07-12T11:10:53.397+0100] {logging_mixin.py:188} INFO - [2024-07-12T11:10:53.396+0100] {dag.py:3954} INFO - Setting next_dagrun for example_python_operator to None, run_after=None
[2024-07-12T11:10:53.682+0100] {processor.py:183} INFO - Processing /home/victor/airflow_env/lib/python3.10/site-packages/airflow/example_dags/example_python_operator.py took 0.919 seconds
[2024-07-12T11:12:47.293+0100] {processor.py:161} INFO - Started process (PID=17873) to work on /home/victor/airflow_env/lib/python3.10/site-packages/airflow/example_dags/example_python_operator.py
[2024-07-12T11:12:47.299+0100] {processor.py:830} INFO - Processing file /home/victor/airflow_env/lib/python3.10/site-packages/airflow/example_dags/example_python_operator.py for tasks to queue
[2024-07-12T11:12:47.314+0100] {logging_mixin.py:188} INFO - [2024-07-12T11:12:47.312+0100] {dagbag.py:545} INFO - Filling up the DagBag from /home/victor/airflow_env/lib/python3.10/site-packages/airflow/example_dags/example_python_operator.py
[2024-07-12T11:12:47.388+0100] {processor.py:840} INFO - DAG(s) 'example_python_operator' retrieved from /home/victor/airflow_env/lib/python3.10/site-packages/airflow/example_dags/example_python_operator.py
[2024-07-12T11:12:47.554+0100] {logging_mixin.py:188} INFO - [2024-07-12T11:12:47.552+0100] {dag.py:3096} INFO - Sync 1 DAGs
[2024-07-12T11:12:47.635+0100] {logging_mixin.py:188} INFO - [2024-07-12T11:12:47.634+0100] {dag.py:3954} INFO - Setting next_dagrun for example_python_operator to None, run_after=None
[2024-07-12T11:12:47.999+0100] {processor.py:183} INFO - Processing /home/victor/airflow_env/lib/python3.10/site-packages/airflow/example_dags/example_python_operator.py took 0.750 seconds
[2024-07-12T11:16:53.427+0100] {processor.py:161} INFO - Started process (PID=18873) to work on /home/victor/airflow_env/lib/python3.10/site-packages/airflow/example_dags/example_python_operator.py
[2024-07-12T11:16:53.445+0100] {processor.py:830} INFO - Processing file /home/victor/airflow_env/lib/python3.10/site-packages/airflow/example_dags/example_python_operator.py for tasks to queue
[2024-07-12T11:16:53.468+0100] {logging_mixin.py:188} INFO - [2024-07-12T11:16:53.456+0100] {dagbag.py:545} INFO - Filling up the DagBag from /home/victor/airflow_env/lib/python3.10/site-packages/airflow/example_dags/example_python_operator.py
[2024-07-12T11:16:53.645+0100] {processor.py:840} INFO - DAG(s) 'example_python_operator' retrieved from /home/victor/airflow_env/lib/python3.10/site-packages/airflow/example_dags/example_python_operator.py
[2024-07-12T11:16:54.000+0100] {logging_mixin.py:188} INFO - [2024-07-12T11:16:53.997+0100] {dag.py:3096} INFO - Sync 1 DAGs
[2024-07-12T11:16:54.141+0100] {logging_mixin.py:188} INFO - [2024-07-12T11:16:54.140+0100] {dag.py:3954} INFO - Setting next_dagrun for example_python_operator to None, run_after=None
[2024-07-12T11:16:54.844+0100] {processor.py:183} INFO - Processing /home/victor/airflow_env/lib/python3.10/site-packages/airflow/example_dags/example_python_operator.py took 1.482 seconds
[2024-07-12T11:18:47.465+0100] {processor.py:161} INFO - Started process (PID=19343) to work on /home/victor/airflow_env/lib/python3.10/site-packages/airflow/example_dags/example_python_operator.py
[2024-07-12T11:18:47.471+0100] {processor.py:830} INFO - Processing file /home/victor/airflow_env/lib/python3.10/site-packages/airflow/example_dags/example_python_operator.py for tasks to queue
[2024-07-12T11:18:47.483+0100] {logging_mixin.py:188} INFO - [2024-07-12T11:18:47.478+0100] {dagbag.py:545} INFO - Filling up the DagBag from /home/victor/airflow_env/lib/python3.10/site-packages/airflow/example_dags/example_python_operator.py
[2024-07-12T11:18:47.549+0100] {processor.py:840} INFO - DAG(s) 'example_python_operator' retrieved from /home/victor/airflow_env/lib/python3.10/site-packages/airflow/example_dags/example_python_operator.py
[2024-07-12T11:18:47.671+0100] {logging_mixin.py:188} INFO - [2024-07-12T11:18:47.669+0100] {dag.py:3096} INFO - Sync 1 DAGs
[2024-07-12T11:18:47.734+0100] {logging_mixin.py:188} INFO - [2024-07-12T11:18:47.733+0100] {dag.py:3954} INFO - Setting next_dagrun for example_python_operator to None, run_after=None
[2024-07-12T11:18:48.040+0100] {processor.py:183} INFO - Processing /home/victor/airflow_env/lib/python3.10/site-packages/airflow/example_dags/example_python_operator.py took 0.611 seconds
[2024-07-12T11:20:24.326+0100] {processor.py:161} INFO - Started process (PID=19744) to work on /home/victor/airflow_env/lib/python3.10/site-packages/airflow/example_dags/example_python_operator.py
[2024-07-12T11:20:24.331+0100] {processor.py:830} INFO - Processing file /home/victor/airflow_env/lib/python3.10/site-packages/airflow/example_dags/example_python_operator.py for tasks to queue
[2024-07-12T11:20:24.340+0100] {logging_mixin.py:188} INFO - [2024-07-12T11:20:24.338+0100] {dagbag.py:545} INFO - Filling up the DagBag from /home/victor/airflow_env/lib/python3.10/site-packages/airflow/example_dags/example_python_operator.py
[2024-07-12T11:20:24.414+0100] {processor.py:840} INFO - DAG(s) 'example_python_operator' retrieved from /home/victor/airflow_env/lib/python3.10/site-packages/airflow/example_dags/example_python_operator.py
[2024-07-12T11:20:24.573+0100] {logging_mixin.py:188} INFO - [2024-07-12T11:20:24.572+0100] {dag.py:3096} INFO - Sync 1 DAGs
[2024-07-12T11:20:24.713+0100] {logging_mixin.py:188} INFO - [2024-07-12T11:20:24.712+0100] {dag.py:3954} INFO - Setting next_dagrun for example_python_operator to None, run_after=None
[2024-07-12T11:20:25.150+0100] {processor.py:183} INFO - Processing /home/victor/airflow_env/lib/python3.10/site-packages/airflow/example_dags/example_python_operator.py took 0.856 seconds
[2024-07-12T11:23:38.806+0100] {processor.py:161} INFO - Started process (PID=20549) to work on /home/victor/airflow_env/lib/python3.10/site-packages/airflow/example_dags/example_python_operator.py
[2024-07-12T11:23:38.889+0100] {processor.py:830} INFO - Processing file /home/victor/airflow_env/lib/python3.10/site-packages/airflow/example_dags/example_python_operator.py for tasks to queue
[2024-07-12T11:23:38.908+0100] {logging_mixin.py:188} INFO - [2024-07-12T11:23:38.902+0100] {dagbag.py:545} INFO - Filling up the DagBag from /home/victor/airflow_env/lib/python3.10/site-packages/airflow/example_dags/example_python_operator.py
[2024-07-12T11:23:39.005+0100] {processor.py:840} INFO - DAG(s) 'example_python_operator' retrieved from /home/victor/airflow_env/lib/python3.10/site-packages/airflow/example_dags/example_python_operator.py
[2024-07-12T11:23:39.155+0100] {logging_mixin.py:188} INFO - [2024-07-12T11:23:39.154+0100] {dag.py:3096} INFO - Sync 1 DAGs
[2024-07-12T11:23:39.240+0100] {logging_mixin.py:188} INFO - [2024-07-12T11:23:39.236+0100] {dag.py:3954} INFO - Setting next_dagrun for example_python_operator to None, run_after=None
[2024-07-12T11:23:39.519+0100] {processor.py:183} INFO - Processing /home/victor/airflow_env/lib/python3.10/site-packages/airflow/example_dags/example_python_operator.py took 0.766 seconds
[2024-07-12T11:25:10.339+0100] {processor.py:161} INFO - Started process (PID=20929) to work on /home/victor/airflow_env/lib/python3.10/site-packages/airflow/example_dags/example_python_operator.py
[2024-07-12T11:25:10.344+0100] {processor.py:830} INFO - Processing file /home/victor/airflow_env/lib/python3.10/site-packages/airflow/example_dags/example_python_operator.py for tasks to queue
[2024-07-12T11:25:10.352+0100] {logging_mixin.py:188} INFO - [2024-07-12T11:25:10.350+0100] {dagbag.py:545} INFO - Filling up the DagBag from /home/victor/airflow_env/lib/python3.10/site-packages/airflow/example_dags/example_python_operator.py
[2024-07-12T11:25:10.410+0100] {processor.py:840} INFO - DAG(s) 'example_python_operator' retrieved from /home/victor/airflow_env/lib/python3.10/site-packages/airflow/example_dags/example_python_operator.py
[2024-07-12T11:25:10.541+0100] {logging_mixin.py:188} INFO - [2024-07-12T11:25:10.540+0100] {dag.py:3096} INFO - Sync 1 DAGs
[2024-07-12T11:25:10.608+0100] {logging_mixin.py:188} INFO - [2024-07-12T11:25:10.608+0100] {dag.py:3954} INFO - Setting next_dagrun for example_python_operator to None, run_after=None
[2024-07-12T11:25:10.926+0100] {processor.py:183} INFO - Processing /home/victor/airflow_env/lib/python3.10/site-packages/airflow/example_dags/example_python_operator.py took 0.616 seconds
[2024-07-12T11:27:05.357+0100] {processor.py:161} INFO - Started process (PID=21391) to work on /home/victor/airflow_env/lib/python3.10/site-packages/airflow/example_dags/example_python_operator.py
[2024-07-12T11:27:05.366+0100] {processor.py:830} INFO - Processing file /home/victor/airflow_env/lib/python3.10/site-packages/airflow/example_dags/example_python_operator.py for tasks to queue
[2024-07-12T11:27:05.378+0100] {logging_mixin.py:188} INFO - [2024-07-12T11:27:05.376+0100] {dagbag.py:545} INFO - Filling up the DagBag from /home/victor/airflow_env/lib/python3.10/site-packages/airflow/example_dags/example_python_operator.py
[2024-07-12T11:27:05.478+0100] {processor.py:840} INFO - DAG(s) 'example_python_operator' retrieved from /home/victor/airflow_env/lib/python3.10/site-packages/airflow/example_dags/example_python_operator.py
[2024-07-12T11:27:05.678+0100] {logging_mixin.py:188} INFO - [2024-07-12T11:27:05.677+0100] {dag.py:3096} INFO - Sync 1 DAGs
[2024-07-12T11:27:05.760+0100] {logging_mixin.py:188} INFO - [2024-07-12T11:27:05.759+0100] {dag.py:3954} INFO - Setting next_dagrun for example_python_operator to None, run_after=None
[2024-07-12T11:27:06.049+0100] {processor.py:183} INFO - Processing /home/victor/airflow_env/lib/python3.10/site-packages/airflow/example_dags/example_python_operator.py took 0.738 seconds
[2024-07-12T11:28:36.108+0100] {processor.py:161} INFO - Started process (PID=21766) to work on /home/victor/airflow_env/lib/python3.10/site-packages/airflow/example_dags/example_python_operator.py
[2024-07-12T11:28:36.115+0100] {processor.py:830} INFO - Processing file /home/victor/airflow_env/lib/python3.10/site-packages/airflow/example_dags/example_python_operator.py for tasks to queue
[2024-07-12T11:28:36.124+0100] {logging_mixin.py:188} INFO - [2024-07-12T11:28:36.122+0100] {dagbag.py:545} INFO - Filling up the DagBag from /home/victor/airflow_env/lib/python3.10/site-packages/airflow/example_dags/example_python_operator.py
[2024-07-12T11:28:36.189+0100] {processor.py:840} INFO - DAG(s) 'example_python_operator' retrieved from /home/victor/airflow_env/lib/python3.10/site-packages/airflow/example_dags/example_python_operator.py
[2024-07-12T11:28:36.453+0100] {logging_mixin.py:188} INFO - [2024-07-12T11:28:36.452+0100] {dag.py:3096} INFO - Sync 1 DAGs
[2024-07-12T11:28:36.588+0100] {logging_mixin.py:188} INFO - [2024-07-12T11:28:36.587+0100] {dag.py:3954} INFO - Setting next_dagrun for example_python_operator to None, run_after=None
[2024-07-12T11:28:36.942+0100] {processor.py:183} INFO - Processing /home/victor/airflow_env/lib/python3.10/site-packages/airflow/example_dags/example_python_operator.py took 0.898 seconds
[2024-07-12T11:30:32.414+0100] {processor.py:161} INFO - Started process (PID=22234) to work on /home/victor/airflow_env/lib/python3.10/site-packages/airflow/example_dags/example_python_operator.py
[2024-07-12T11:30:32.419+0100] {processor.py:830} INFO - Processing file /home/victor/airflow_env/lib/python3.10/site-packages/airflow/example_dags/example_python_operator.py for tasks to queue
[2024-07-12T11:30:32.427+0100] {logging_mixin.py:188} INFO - [2024-07-12T11:30:32.425+0100] {dagbag.py:545} INFO - Filling up the DagBag from /home/victor/airflow_env/lib/python3.10/site-packages/airflow/example_dags/example_python_operator.py
[2024-07-12T11:30:32.481+0100] {processor.py:840} INFO - DAG(s) 'example_python_operator' retrieved from /home/victor/airflow_env/lib/python3.10/site-packages/airflow/example_dags/example_python_operator.py
[2024-07-12T11:30:32.607+0100] {logging_mixin.py:188} INFO - [2024-07-12T11:30:32.606+0100] {dag.py:3096} INFO - Sync 1 DAGs
[2024-07-12T11:30:32.699+0100] {logging_mixin.py:188} INFO - [2024-07-12T11:30:32.698+0100] {dag.py:3954} INFO - Setting next_dagrun for example_python_operator to None, run_after=None
[2024-07-12T11:30:33.079+0100] {processor.py:183} INFO - Processing /home/victor/airflow_env/lib/python3.10/site-packages/airflow/example_dags/example_python_operator.py took 0.695 seconds
[2024-07-12T11:32:50.756+0100] {processor.py:161} INFO - Started process (PID=23180) to work on /home/victor/airflow_env/lib/python3.10/site-packages/airflow/example_dags/example_python_operator.py
[2024-07-12T11:32:50.771+0100] {processor.py:830} INFO - Processing file /home/victor/airflow_env/lib/python3.10/site-packages/airflow/example_dags/example_python_operator.py for tasks to queue
[2024-07-12T11:32:50.789+0100] {logging_mixin.py:188} INFO - [2024-07-12T11:32:50.787+0100] {dagbag.py:545} INFO - Filling up the DagBag from /home/victor/airflow_env/lib/python3.10/site-packages/airflow/example_dags/example_python_operator.py
[2024-07-12T11:32:50.938+0100] {processor.py:840} INFO - DAG(s) 'example_python_operator' retrieved from /home/victor/airflow_env/lib/python3.10/site-packages/airflow/example_dags/example_python_operator.py
[2024-07-12T11:32:51.091+0100] {logging_mixin.py:188} INFO - [2024-07-12T11:32:51.090+0100] {dag.py:3096} INFO - Sync 1 DAGs
[2024-07-12T11:32:51.198+0100] {logging_mixin.py:188} INFO - [2024-07-12T11:32:51.197+0100] {dag.py:3954} INFO - Setting next_dagrun for example_python_operator to None, run_after=None
[2024-07-12T11:32:51.611+0100] {processor.py:183} INFO - Processing /home/victor/airflow_env/lib/python3.10/site-packages/airflow/example_dags/example_python_operator.py took 0.942 seconds
[2024-07-12T11:34:52.572+0100] {processor.py:161} INFO - Started process (PID=23685) to work on /home/victor/airflow_env/lib/python3.10/site-packages/airflow/example_dags/example_python_operator.py
[2024-07-12T11:34:52.623+0100] {processor.py:830} INFO - Processing file /home/victor/airflow_env/lib/python3.10/site-packages/airflow/example_dags/example_python_operator.py for tasks to queue
[2024-07-12T11:34:52.665+0100] {logging_mixin.py:188} INFO - [2024-07-12T11:34:52.663+0100] {dagbag.py:545} INFO - Filling up the DagBag from /home/victor/airflow_env/lib/python3.10/site-packages/airflow/example_dags/example_python_operator.py
[2024-07-12T11:34:52.893+0100] {processor.py:840} INFO - DAG(s) 'example_python_operator' retrieved from /home/victor/airflow_env/lib/python3.10/site-packages/airflow/example_dags/example_python_operator.py
[2024-07-12T11:34:53.438+0100] {logging_mixin.py:188} INFO - [2024-07-12T11:34:53.436+0100] {dag.py:3096} INFO - Sync 1 DAGs
[2024-07-12T11:34:53.583+0100] {logging_mixin.py:188} INFO - [2024-07-12T11:34:53.582+0100] {dag.py:3954} INFO - Setting next_dagrun for example_python_operator to None, run_after=None
[2024-07-12T11:34:54.108+0100] {processor.py:183} INFO - Processing /home/victor/airflow_env/lib/python3.10/site-packages/airflow/example_dags/example_python_operator.py took 1.606 seconds
[2024-07-12T11:36:45.603+0100] {processor.py:161} INFO - Started process (PID=24177) to work on /home/victor/airflow_env/lib/python3.10/site-packages/airflow/example_dags/example_python_operator.py
[2024-07-12T11:36:45.608+0100] {processor.py:830} INFO - Processing file /home/victor/airflow_env/lib/python3.10/site-packages/airflow/example_dags/example_python_operator.py for tasks to queue
[2024-07-12T11:36:45.618+0100] {logging_mixin.py:188} INFO - [2024-07-12T11:36:45.616+0100] {dagbag.py:545} INFO - Filling up the DagBag from /home/victor/airflow_env/lib/python3.10/site-packages/airflow/example_dags/example_python_operator.py
[2024-07-12T11:36:45.706+0100] {processor.py:840} INFO - DAG(s) 'example_python_operator' retrieved from /home/victor/airflow_env/lib/python3.10/site-packages/airflow/example_dags/example_python_operator.py
[2024-07-12T11:36:45.851+0100] {logging_mixin.py:188} INFO - [2024-07-12T11:36:45.850+0100] {dag.py:3096} INFO - Sync 1 DAGs
[2024-07-12T11:36:45.922+0100] {logging_mixin.py:188} INFO - [2024-07-12T11:36:45.921+0100] {dag.py:3954} INFO - Setting next_dagrun for example_python_operator to None, run_after=None
[2024-07-12T11:36:46.235+0100] {processor.py:183} INFO - Processing /home/victor/airflow_env/lib/python3.10/site-packages/airflow/example_dags/example_python_operator.py took 0.666 seconds
[2024-07-12T11:38:14.560+0100] {processor.py:161} INFO - Started process (PID=24550) to work on /home/victor/airflow_env/lib/python3.10/site-packages/airflow/example_dags/example_python_operator.py
[2024-07-12T11:38:14.564+0100] {processor.py:830} INFO - Processing file /home/victor/airflow_env/lib/python3.10/site-packages/airflow/example_dags/example_python_operator.py for tasks to queue
[2024-07-12T11:38:14.573+0100] {logging_mixin.py:188} INFO - [2024-07-12T11:38:14.571+0100] {dagbag.py:545} INFO - Filling up the DagBag from /home/victor/airflow_env/lib/python3.10/site-packages/airflow/example_dags/example_python_operator.py
[2024-07-12T11:38:14.636+0100] {processor.py:840} INFO - DAG(s) 'example_python_operator' retrieved from /home/victor/airflow_env/lib/python3.10/site-packages/airflow/example_dags/example_python_operator.py
[2024-07-12T11:38:14.753+0100] {logging_mixin.py:188} INFO - [2024-07-12T11:38:14.753+0100] {dag.py:3096} INFO - Sync 1 DAGs
[2024-07-12T11:38:14.822+0100] {logging_mixin.py:188} INFO - [2024-07-12T11:38:14.821+0100] {dag.py:3954} INFO - Setting next_dagrun for example_python_operator to None, run_after=None
[2024-07-12T11:38:15.173+0100] {processor.py:183} INFO - Processing /home/victor/airflow_env/lib/python3.10/site-packages/airflow/example_dags/example_python_operator.py took 0.645 seconds
[2024-07-12T11:41:11.975+0100] {processor.py:161} INFO - Started process (PID=25274) to work on /home/victor/airflow_env/lib/python3.10/site-packages/airflow/example_dags/example_python_operator.py
[2024-07-12T11:41:11.991+0100] {processor.py:830} INFO - Processing file /home/victor/airflow_env/lib/python3.10/site-packages/airflow/example_dags/example_python_operator.py for tasks to queue
[2024-07-12T11:41:12.020+0100] {logging_mixin.py:188} INFO - [2024-07-12T11:41:12.008+0100] {dagbag.py:545} INFO - Filling up the DagBag from /home/victor/airflow_env/lib/python3.10/site-packages/airflow/example_dags/example_python_operator.py
[2024-07-12T11:41:12.174+0100] {processor.py:840} INFO - DAG(s) 'example_python_operator' retrieved from /home/victor/airflow_env/lib/python3.10/site-packages/airflow/example_dags/example_python_operator.py
[2024-07-12T11:41:12.379+0100] {logging_mixin.py:188} INFO - [2024-07-12T11:41:12.378+0100] {dag.py:3096} INFO - Sync 1 DAGs
[2024-07-12T11:41:12.446+0100] {logging_mixin.py:188} INFO - [2024-07-12T11:41:12.445+0100] {dag.py:3954} INFO - Setting next_dagrun for example_python_operator to None, run_after=None
[2024-07-12T11:41:12.727+0100] {processor.py:183} INFO - Processing /home/victor/airflow_env/lib/python3.10/site-packages/airflow/example_dags/example_python_operator.py took 0.849 seconds
[2024-07-12T11:44:05.588+0100] {processor.py:161} INFO - Started process (PID=25987) to work on /home/victor/airflow_env/lib/python3.10/site-packages/airflow/example_dags/example_python_operator.py
[2024-07-12T11:44:05.593+0100] {processor.py:830} INFO - Processing file /home/victor/airflow_env/lib/python3.10/site-packages/airflow/example_dags/example_python_operator.py for tasks to queue
[2024-07-12T11:44:05.602+0100] {logging_mixin.py:188} INFO - [2024-07-12T11:44:05.600+0100] {dagbag.py:545} INFO - Filling up the DagBag from /home/victor/airflow_env/lib/python3.10/site-packages/airflow/example_dags/example_python_operator.py
[2024-07-12T11:44:05.751+0100] {processor.py:840} INFO - DAG(s) 'example_python_operator' retrieved from /home/victor/airflow_env/lib/python3.10/site-packages/airflow/example_dags/example_python_operator.py
[2024-07-12T11:44:06.034+0100] {logging_mixin.py:188} INFO - [2024-07-12T11:44:06.033+0100] {dag.py:3096} INFO - Sync 1 DAGs
[2024-07-12T11:44:06.126+0100] {logging_mixin.py:188} INFO - [2024-07-12T11:44:06.125+0100] {dag.py:3954} INFO - Setting next_dagrun for example_python_operator to None, run_after=None
[2024-07-12T11:44:06.492+0100] {processor.py:183} INFO - Processing /home/victor/airflow_env/lib/python3.10/site-packages/airflow/example_dags/example_python_operator.py took 0.938 seconds
[2024-07-12T11:46:52.566+0100] {processor.py:161} INFO - Started process (PID=26683) to work on /home/victor/airflow_env/lib/python3.10/site-packages/airflow/example_dags/example_python_operator.py
[2024-07-12T11:46:52.573+0100] {processor.py:830} INFO - Processing file /home/victor/airflow_env/lib/python3.10/site-packages/airflow/example_dags/example_python_operator.py for tasks to queue
[2024-07-12T11:46:52.585+0100] {logging_mixin.py:188} INFO - [2024-07-12T11:46:52.583+0100] {dagbag.py:545} INFO - Filling up the DagBag from /home/victor/airflow_env/lib/python3.10/site-packages/airflow/example_dags/example_python_operator.py
[2024-07-12T11:46:52.675+0100] {processor.py:840} INFO - DAG(s) 'example_python_operator' retrieved from /home/victor/airflow_env/lib/python3.10/site-packages/airflow/example_dags/example_python_operator.py
[2024-07-12T11:46:52.873+0100] {logging_mixin.py:188} INFO - [2024-07-12T11:46:52.873+0100] {dag.py:3096} INFO - Sync 1 DAGs
[2024-07-12T11:46:52.971+0100] {logging_mixin.py:188} INFO - [2024-07-12T11:46:52.970+0100] {dag.py:3954} INFO - Setting next_dagrun for example_python_operator to None, run_after=None
[2024-07-12T11:46:53.296+0100] {processor.py:183} INFO - Processing /home/victor/airflow_env/lib/python3.10/site-packages/airflow/example_dags/example_python_operator.py took 0.770 seconds
[2024-07-12T11:49:58.566+0100] {processor.py:161} INFO - Started process (PID=27446) to work on /home/victor/airflow_env/lib/python3.10/site-packages/airflow/example_dags/example_python_operator.py
[2024-07-12T11:49:58.579+0100] {processor.py:830} INFO - Processing file /home/victor/airflow_env/lib/python3.10/site-packages/airflow/example_dags/example_python_operator.py for tasks to queue
[2024-07-12T11:49:58.591+0100] {logging_mixin.py:188} INFO - [2024-07-12T11:49:58.589+0100] {dagbag.py:545} INFO - Filling up the DagBag from /home/victor/airflow_env/lib/python3.10/site-packages/airflow/example_dags/example_python_operator.py
[2024-07-12T11:49:58.662+0100] {processor.py:840} INFO - DAG(s) 'example_python_operator' retrieved from /home/victor/airflow_env/lib/python3.10/site-packages/airflow/example_dags/example_python_operator.py
[2024-07-12T11:49:58.781+0100] {logging_mixin.py:188} INFO - [2024-07-12T11:49:58.779+0100] {dag.py:3096} INFO - Sync 1 DAGs
[2024-07-12T11:49:58.848+0100] {logging_mixin.py:188} INFO - [2024-07-12T11:49:58.847+0100] {dag.py:3954} INFO - Setting next_dagrun for example_python_operator to None, run_after=None
[2024-07-12T11:49:59.195+0100] {processor.py:183} INFO - Processing /home/victor/airflow_env/lib/python3.10/site-packages/airflow/example_dags/example_python_operator.py took 0.674 seconds
[2024-07-12T11:51:31.698+0100] {processor.py:161} INFO - Started process (PID=27831) to work on /home/victor/airflow_env/lib/python3.10/site-packages/airflow/example_dags/example_python_operator.py
[2024-07-12T11:51:31.703+0100] {processor.py:830} INFO - Processing file /home/victor/airflow_env/lib/python3.10/site-packages/airflow/example_dags/example_python_operator.py for tasks to queue
[2024-07-12T11:51:31.712+0100] {logging_mixin.py:188} INFO - [2024-07-12T11:51:31.710+0100] {dagbag.py:545} INFO - Filling up the DagBag from /home/victor/airflow_env/lib/python3.10/site-packages/airflow/example_dags/example_python_operator.py
[2024-07-12T11:51:31.795+0100] {processor.py:840} INFO - DAG(s) 'example_python_operator' retrieved from /home/victor/airflow_env/lib/python3.10/site-packages/airflow/example_dags/example_python_operator.py
[2024-07-12T11:51:32.050+0100] {logging_mixin.py:188} INFO - [2024-07-12T11:51:32.049+0100] {dag.py:3096} INFO - Sync 1 DAGs
[2024-07-12T11:51:32.158+0100] {logging_mixin.py:188} INFO - [2024-07-12T11:51:32.157+0100] {dag.py:3954} INFO - Setting next_dagrun for example_python_operator to None, run_after=None
[2024-07-12T11:51:32.429+0100] {processor.py:183} INFO - Processing /home/victor/airflow_env/lib/python3.10/site-packages/airflow/example_dags/example_python_operator.py took 0.765 seconds
[2024-07-12T11:54:09.379+0100] {processor.py:161} INFO - Started process (PID=28487) to work on /home/victor/airflow_env/lib/python3.10/site-packages/airflow/example_dags/example_python_operator.py
[2024-07-12T11:54:09.384+0100] {processor.py:830} INFO - Processing file /home/victor/airflow_env/lib/python3.10/site-packages/airflow/example_dags/example_python_operator.py for tasks to queue
[2024-07-12T11:54:09.394+0100] {logging_mixin.py:188} INFO - [2024-07-12T11:54:09.392+0100] {dagbag.py:545} INFO - Filling up the DagBag from /home/victor/airflow_env/lib/python3.10/site-packages/airflow/example_dags/example_python_operator.py
[2024-07-12T11:54:09.465+0100] {processor.py:840} INFO - DAG(s) 'example_python_operator' retrieved from /home/victor/airflow_env/lib/python3.10/site-packages/airflow/example_dags/example_python_operator.py
[2024-07-12T11:54:09.577+0100] {logging_mixin.py:188} INFO - [2024-07-12T11:54:09.576+0100] {dag.py:3096} INFO - Sync 1 DAGs
[2024-07-12T11:54:09.642+0100] {logging_mixin.py:188} INFO - [2024-07-12T11:54:09.641+0100] {dag.py:3954} INFO - Setting next_dagrun for example_python_operator to None, run_after=None
[2024-07-12T11:54:09.918+0100] {processor.py:183} INFO - Processing /home/victor/airflow_env/lib/python3.10/site-packages/airflow/example_dags/example_python_operator.py took 0.570 seconds
[2024-07-12T11:56:57.938+0100] {processor.py:161} INFO - Started process (PID=29176) to work on /home/victor/airflow_env/lib/python3.10/site-packages/airflow/example_dags/example_python_operator.py
[2024-07-12T11:56:57.952+0100] {processor.py:830} INFO - Processing file /home/victor/airflow_env/lib/python3.10/site-packages/airflow/example_dags/example_python_operator.py for tasks to queue
[2024-07-12T11:56:57.972+0100] {logging_mixin.py:188} INFO - [2024-07-12T11:56:57.960+0100] {dagbag.py:545} INFO - Filling up the DagBag from /home/victor/airflow_env/lib/python3.10/site-packages/airflow/example_dags/example_python_operator.py
[2024-07-12T11:56:58.125+0100] {processor.py:840} INFO - DAG(s) 'example_python_operator' retrieved from /home/victor/airflow_env/lib/python3.10/site-packages/airflow/example_dags/example_python_operator.py
[2024-07-12T11:56:58.269+0100] {logging_mixin.py:188} INFO - [2024-07-12T11:56:58.268+0100] {dag.py:3096} INFO - Sync 1 DAGs
[2024-07-12T11:56:58.351+0100] {logging_mixin.py:188} INFO - [2024-07-12T11:56:58.349+0100] {dag.py:3954} INFO - Setting next_dagrun for example_python_operator to None, run_after=None
[2024-07-12T11:56:58.909+0100] {processor.py:183} INFO - Processing /home/victor/airflow_env/lib/python3.10/site-packages/airflow/example_dags/example_python_operator.py took 1.020 seconds
[2024-07-12T11:59:43.422+0100] {processor.py:161} INFO - Started process (PID=29861) to work on /home/victor/airflow_env/lib/python3.10/site-packages/airflow/example_dags/example_python_operator.py
[2024-07-12T11:59:43.427+0100] {processor.py:830} INFO - Processing file /home/victor/airflow_env/lib/python3.10/site-packages/airflow/example_dags/example_python_operator.py for tasks to queue
[2024-07-12T11:59:43.435+0100] {logging_mixin.py:188} INFO - [2024-07-12T11:59:43.433+0100] {dagbag.py:545} INFO - Filling up the DagBag from /home/victor/airflow_env/lib/python3.10/site-packages/airflow/example_dags/example_python_operator.py
[2024-07-12T11:59:43.492+0100] {processor.py:840} INFO - DAG(s) 'example_python_operator' retrieved from /home/victor/airflow_env/lib/python3.10/site-packages/airflow/example_dags/example_python_operator.py
[2024-07-12T11:59:43.607+0100] {logging_mixin.py:188} INFO - [2024-07-12T11:59:43.606+0100] {dag.py:3096} INFO - Sync 1 DAGs
[2024-07-12T11:59:43.677+0100] {logging_mixin.py:188} INFO - [2024-07-12T11:59:43.676+0100] {dag.py:3954} INFO - Setting next_dagrun for example_python_operator to None, run_after=None
[2024-07-12T11:59:43.994+0100] {processor.py:183} INFO - Processing /home/victor/airflow_env/lib/python3.10/site-packages/airflow/example_dags/example_python_operator.py took 0.602 seconds
[2024-07-12T12:02:44.978+0100] {processor.py:161} INFO - Started process (PID=30601) to work on /home/victor/airflow_env/lib/python3.10/site-packages/airflow/example_dags/example_python_operator.py
[2024-07-12T12:02:44.982+0100] {processor.py:830} INFO - Processing file /home/victor/airflow_env/lib/python3.10/site-packages/airflow/example_dags/example_python_operator.py for tasks to queue
[2024-07-12T12:02:44.991+0100] {logging_mixin.py:188} INFO - [2024-07-12T12:02:44.989+0100] {dagbag.py:545} INFO - Filling up the DagBag from /home/victor/airflow_env/lib/python3.10/site-packages/airflow/example_dags/example_python_operator.py
[2024-07-12T12:02:45.046+0100] {processor.py:840} INFO - DAG(s) 'example_python_operator' retrieved from /home/victor/airflow_env/lib/python3.10/site-packages/airflow/example_dags/example_python_operator.py
[2024-07-12T12:02:45.223+0100] {logging_mixin.py:188} INFO - [2024-07-12T12:02:45.222+0100] {dag.py:3096} INFO - Sync 1 DAGs
[2024-07-12T12:02:45.351+0100] {logging_mixin.py:188} INFO - [2024-07-12T12:02:45.350+0100] {dag.py:3954} INFO - Setting next_dagrun for example_python_operator to None, run_after=None
[2024-07-12T12:02:45.765+0100] {processor.py:183} INFO - Processing /home/victor/airflow_env/lib/python3.10/site-packages/airflow/example_dags/example_python_operator.py took 0.820 seconds
[2024-07-12T12:04:30.804+0100] {processor.py:161} INFO - Started process (PID=31026) to work on /home/victor/airflow_env/lib/python3.10/site-packages/airflow/example_dags/example_python_operator.py
[2024-07-12T12:04:30.810+0100] {processor.py:830} INFO - Processing file /home/victor/airflow_env/lib/python3.10/site-packages/airflow/example_dags/example_python_operator.py for tasks to queue
[2024-07-12T12:04:30.818+0100] {logging_mixin.py:188} INFO - [2024-07-12T12:04:30.816+0100] {dagbag.py:545} INFO - Filling up the DagBag from /home/victor/airflow_env/lib/python3.10/site-packages/airflow/example_dags/example_python_operator.py
[2024-07-12T12:04:30.888+0100] {processor.py:840} INFO - DAG(s) 'example_python_operator' retrieved from /home/victor/airflow_env/lib/python3.10/site-packages/airflow/example_dags/example_python_operator.py
[2024-07-12T12:04:31.035+0100] {logging_mixin.py:188} INFO - [2024-07-12T12:04:31.034+0100] {dag.py:3096} INFO - Sync 1 DAGs
[2024-07-12T12:04:31.136+0100] {logging_mixin.py:188} INFO - [2024-07-12T12:04:31.135+0100] {dag.py:3954} INFO - Setting next_dagrun for example_python_operator to None, run_after=None
[2024-07-12T12:04:31.433+0100] {processor.py:183} INFO - Processing /home/victor/airflow_env/lib/python3.10/site-packages/airflow/example_dags/example_python_operator.py took 0.666 seconds
[2024-07-12T12:07:13.317+0100] {processor.py:161} INFO - Started process (PID=31698) to work on /home/victor/airflow_env/lib/python3.10/site-packages/airflow/example_dags/example_python_operator.py
[2024-07-12T12:07:13.324+0100] {processor.py:830} INFO - Processing file /home/victor/airflow_env/lib/python3.10/site-packages/airflow/example_dags/example_python_operator.py for tasks to queue
[2024-07-12T12:07:13.332+0100] {logging_mixin.py:188} INFO - [2024-07-12T12:07:13.330+0100] {dagbag.py:545} INFO - Filling up the DagBag from /home/victor/airflow_env/lib/python3.10/site-packages/airflow/example_dags/example_python_operator.py
[2024-07-12T12:07:13.385+0100] {processor.py:840} INFO - DAG(s) 'example_python_operator' retrieved from /home/victor/airflow_env/lib/python3.10/site-packages/airflow/example_dags/example_python_operator.py
[2024-07-12T12:07:13.501+0100] {logging_mixin.py:188} INFO - [2024-07-12T12:07:13.500+0100] {dag.py:3096} INFO - Sync 1 DAGs
[2024-07-12T12:07:13.573+0100] {logging_mixin.py:188} INFO - [2024-07-12T12:07:13.572+0100] {dag.py:3954} INFO - Setting next_dagrun for example_python_operator to None, run_after=None
[2024-07-12T12:07:13.873+0100] {processor.py:183} INFO - Processing /home/victor/airflow_env/lib/python3.10/site-packages/airflow/example_dags/example_python_operator.py took 0.586 seconds
[2024-07-12T12:08:42.278+0100] {processor.py:161} INFO - Started process (PID=32062) to work on /home/victor/airflow_env/lib/python3.10/site-packages/airflow/example_dags/example_python_operator.py
[2024-07-12T12:08:42.283+0100] {processor.py:830} INFO - Processing file /home/victor/airflow_env/lib/python3.10/site-packages/airflow/example_dags/example_python_operator.py for tasks to queue
[2024-07-12T12:08:42.291+0100] {logging_mixin.py:188} INFO - [2024-07-12T12:08:42.289+0100] {dagbag.py:545} INFO - Filling up the DagBag from /home/victor/airflow_env/lib/python3.10/site-packages/airflow/example_dags/example_python_operator.py
[2024-07-12T12:08:42.351+0100] {processor.py:840} INFO - DAG(s) 'example_python_operator' retrieved from /home/victor/airflow_env/lib/python3.10/site-packages/airflow/example_dags/example_python_operator.py
[2024-07-12T12:08:42.463+0100] {logging_mixin.py:188} INFO - [2024-07-12T12:08:42.463+0100] {dag.py:3096} INFO - Sync 1 DAGs
[2024-07-12T12:08:42.530+0100] {logging_mixin.py:188} INFO - [2024-07-12T12:08:42.529+0100] {dag.py:3954} INFO - Setting next_dagrun for example_python_operator to None, run_after=None
[2024-07-12T12:08:42.835+0100] {processor.py:183} INFO - Processing /home/victor/airflow_env/lib/python3.10/site-packages/airflow/example_dags/example_python_operator.py took 0.589 seconds
[2024-07-12T12:10:11.877+0100] {processor.py:161} INFO - Started process (PID=32434) to work on /home/victor/airflow_env/lib/python3.10/site-packages/airflow/example_dags/example_python_operator.py
[2024-07-12T12:10:11.882+0100] {processor.py:830} INFO - Processing file /home/victor/airflow_env/lib/python3.10/site-packages/airflow/example_dags/example_python_operator.py for tasks to queue
[2024-07-12T12:10:11.896+0100] {logging_mixin.py:188} INFO - [2024-07-12T12:10:11.893+0100] {dagbag.py:545} INFO - Filling up the DagBag from /home/victor/airflow_env/lib/python3.10/site-packages/airflow/example_dags/example_python_operator.py
[2024-07-12T12:10:11.967+0100] {processor.py:840} INFO - DAG(s) 'example_python_operator' retrieved from /home/victor/airflow_env/lib/python3.10/site-packages/airflow/example_dags/example_python_operator.py
[2024-07-12T12:10:12.099+0100] {logging_mixin.py:188} INFO - [2024-07-12T12:10:12.098+0100] {dag.py:3096} INFO - Sync 1 DAGs
[2024-07-12T12:10:12.165+0100] {logging_mixin.py:188} INFO - [2024-07-12T12:10:12.164+0100] {dag.py:3954} INFO - Setting next_dagrun for example_python_operator to None, run_after=None
[2024-07-12T12:10:12.480+0100] {processor.py:183} INFO - Processing /home/victor/airflow_env/lib/python3.10/site-packages/airflow/example_dags/example_python_operator.py took 0.642 seconds
[2024-07-12T12:12:59.147+0100] {processor.py:161} INFO - Started process (PID=33127) to work on /home/victor/airflow_env/lib/python3.10/site-packages/airflow/example_dags/example_python_operator.py
[2024-07-12T12:12:59.152+0100] {processor.py:830} INFO - Processing file /home/victor/airflow_env/lib/python3.10/site-packages/airflow/example_dags/example_python_operator.py for tasks to queue
[2024-07-12T12:12:59.161+0100] {logging_mixin.py:188} INFO - [2024-07-12T12:12:59.159+0100] {dagbag.py:545} INFO - Filling up the DagBag from /home/victor/airflow_env/lib/python3.10/site-packages/airflow/example_dags/example_python_operator.py
[2024-07-12T12:12:59.237+0100] {processor.py:840} INFO - DAG(s) 'example_python_operator' retrieved from /home/victor/airflow_env/lib/python3.10/site-packages/airflow/example_dags/example_python_operator.py
[2024-07-12T12:12:59.390+0100] {logging_mixin.py:188} INFO - [2024-07-12T12:12:59.389+0100] {dag.py:3096} INFO - Sync 1 DAGs
[2024-07-12T12:12:59.475+0100] {logging_mixin.py:188} INFO - [2024-07-12T12:12:59.474+0100] {dag.py:3954} INFO - Setting next_dagrun for example_python_operator to None, run_after=None
[2024-07-12T12:12:59.789+0100] {processor.py:183} INFO - Processing /home/victor/airflow_env/lib/python3.10/site-packages/airflow/example_dags/example_python_operator.py took 0.676 seconds
[2024-07-12T12:15:58.672+0100] {processor.py:161} INFO - Started process (PID=33854) to work on /home/victor/airflow_env/lib/python3.10/site-packages/airflow/example_dags/example_python_operator.py
[2024-07-12T12:15:58.685+0100] {processor.py:830} INFO - Processing file /home/victor/airflow_env/lib/python3.10/site-packages/airflow/example_dags/example_python_operator.py for tasks to queue
[2024-07-12T12:15:58.707+0100] {logging_mixin.py:188} INFO - [2024-07-12T12:15:58.705+0100] {dagbag.py:545} INFO - Filling up the DagBag from /home/victor/airflow_env/lib/python3.10/site-packages/airflow/example_dags/example_python_operator.py
[2024-07-12T12:15:58.781+0100] {processor.py:840} INFO - DAG(s) 'example_python_operator' retrieved from /home/victor/airflow_env/lib/python3.10/site-packages/airflow/example_dags/example_python_operator.py
[2024-07-12T12:15:58.990+0100] {logging_mixin.py:188} INFO - [2024-07-12T12:15:58.989+0100] {dag.py:3096} INFO - Sync 1 DAGs
[2024-07-12T12:15:59.076+0100] {logging_mixin.py:188} INFO - [2024-07-12T12:15:59.075+0100] {dag.py:3954} INFO - Setting next_dagrun for example_python_operator to None, run_after=None
[2024-07-12T12:15:59.451+0100] {processor.py:183} INFO - Processing /home/victor/airflow_env/lib/python3.10/site-packages/airflow/example_dags/example_python_operator.py took 0.861 seconds
[2024-07-12T12:17:58.029+0100] {processor.py:161} INFO - Started process (PID=34337) to work on /home/victor/airflow_env/lib/python3.10/site-packages/airflow/example_dags/example_python_operator.py
[2024-07-12T12:17:58.042+0100] {processor.py:830} INFO - Processing file /home/victor/airflow_env/lib/python3.10/site-packages/airflow/example_dags/example_python_operator.py for tasks to queue
[2024-07-12T12:17:58.058+0100] {logging_mixin.py:188} INFO - [2024-07-12T12:17:58.056+0100] {dagbag.py:545} INFO - Filling up the DagBag from /home/victor/airflow_env/lib/python3.10/site-packages/airflow/example_dags/example_python_operator.py
[2024-07-12T12:17:58.125+0100] {processor.py:840} INFO - DAG(s) 'example_python_operator' retrieved from /home/victor/airflow_env/lib/python3.10/site-packages/airflow/example_dags/example_python_operator.py
[2024-07-12T12:17:58.295+0100] {logging_mixin.py:188} INFO - [2024-07-12T12:17:58.294+0100] {dag.py:3096} INFO - Sync 1 DAGs
[2024-07-12T12:17:58.378+0100] {logging_mixin.py:188} INFO - [2024-07-12T12:17:58.378+0100] {dag.py:3954} INFO - Setting next_dagrun for example_python_operator to None, run_after=None
[2024-07-12T12:17:58.743+0100] {processor.py:183} INFO - Processing /home/victor/airflow_env/lib/python3.10/site-packages/airflow/example_dags/example_python_operator.py took 0.751 seconds
[2024-07-12T12:19:50.955+0100] {processor.py:161} INFO - Started process (PID=34792) to work on /home/victor/airflow_env/lib/python3.10/site-packages/airflow/example_dags/example_python_operator.py
[2024-07-12T12:19:51.014+0100] {processor.py:830} INFO - Processing file /home/victor/airflow_env/lib/python3.10/site-packages/airflow/example_dags/example_python_operator.py for tasks to queue
[2024-07-12T12:19:51.030+0100] {logging_mixin.py:188} INFO - [2024-07-12T12:19:51.026+0100] {dagbag.py:545} INFO - Filling up the DagBag from /home/victor/airflow_env/lib/python3.10/site-packages/airflow/example_dags/example_python_operator.py
[2024-07-12T12:19:51.136+0100] {processor.py:840} INFO - DAG(s) 'example_python_operator' retrieved from /home/victor/airflow_env/lib/python3.10/site-packages/airflow/example_dags/example_python_operator.py
[2024-07-12T12:19:51.352+0100] {logging_mixin.py:188} INFO - [2024-07-12T12:19:51.351+0100] {dag.py:3096} INFO - Sync 1 DAGs
[2024-07-12T12:19:51.481+0100] {logging_mixin.py:188} INFO - [2024-07-12T12:19:51.480+0100] {dag.py:3954} INFO - Setting next_dagrun for example_python_operator to None, run_after=None
[2024-07-12T12:19:51.848+0100] {processor.py:183} INFO - Processing /home/victor/airflow_env/lib/python3.10/site-packages/airflow/example_dags/example_python_operator.py took 0.948 seconds
[2024-07-12T12:21:22.709+0100] {processor.py:161} INFO - Started process (PID=35169) to work on /home/victor/airflow_env/lib/python3.10/site-packages/airflow/example_dags/example_python_operator.py
[2024-07-12T12:21:22.728+0100] {processor.py:830} INFO - Processing file /home/victor/airflow_env/lib/python3.10/site-packages/airflow/example_dags/example_python_operator.py for tasks to queue
[2024-07-12T12:21:22.743+0100] {logging_mixin.py:188} INFO - [2024-07-12T12:21:22.741+0100] {dagbag.py:545} INFO - Filling up the DagBag from /home/victor/airflow_env/lib/python3.10/site-packages/airflow/example_dags/example_python_operator.py
[2024-07-12T12:21:22.895+0100] {processor.py:840} INFO - DAG(s) 'example_python_operator' retrieved from /home/victor/airflow_env/lib/python3.10/site-packages/airflow/example_dags/example_python_operator.py
[2024-07-12T12:21:23.153+0100] {logging_mixin.py:188} INFO - [2024-07-12T12:21:23.152+0100] {dag.py:3096} INFO - Sync 1 DAGs
[2024-07-12T12:21:23.285+0100] {logging_mixin.py:188} INFO - [2024-07-12T12:21:23.284+0100] {dag.py:3954} INFO - Setting next_dagrun for example_python_operator to None, run_after=None
[2024-07-12T12:21:23.756+0100] {processor.py:183} INFO - Processing /home/victor/airflow_env/lib/python3.10/site-packages/airflow/example_dags/example_python_operator.py took 1.143 seconds
[2024-07-12T12:24:23.344+0100] {processor.py:161} INFO - Started process (PID=35908) to work on /home/victor/airflow_env/lib/python3.10/site-packages/airflow/example_dags/example_python_operator.py
[2024-07-12T12:24:23.349+0100] {processor.py:830} INFO - Processing file /home/victor/airflow_env/lib/python3.10/site-packages/airflow/example_dags/example_python_operator.py for tasks to queue
[2024-07-12T12:24:23.360+0100] {logging_mixin.py:188} INFO - [2024-07-12T12:24:23.357+0100] {dagbag.py:545} INFO - Filling up the DagBag from /home/victor/airflow_env/lib/python3.10/site-packages/airflow/example_dags/example_python_operator.py
[2024-07-12T12:24:23.426+0100] {processor.py:840} INFO - DAG(s) 'example_python_operator' retrieved from /home/victor/airflow_env/lib/python3.10/site-packages/airflow/example_dags/example_python_operator.py
[2024-07-12T12:24:23.545+0100] {logging_mixin.py:188} INFO - [2024-07-12T12:24:23.543+0100] {dag.py:3096} INFO - Sync 1 DAGs
[2024-07-12T12:24:23.631+0100] {logging_mixin.py:188} INFO - [2024-07-12T12:24:23.630+0100] {dag.py:3954} INFO - Setting next_dagrun for example_python_operator to None, run_after=None
[2024-07-12T12:24:23.937+0100] {processor.py:183} INFO - Processing /home/victor/airflow_env/lib/python3.10/site-packages/airflow/example_dags/example_python_operator.py took 0.630 seconds
[2024-07-12T12:26:04.490+0100] {processor.py:161} INFO - Started process (PID=36317) to work on /home/victor/airflow_env/lib/python3.10/site-packages/airflow/example_dags/example_python_operator.py
[2024-07-12T12:26:04.495+0100] {processor.py:830} INFO - Processing file /home/victor/airflow_env/lib/python3.10/site-packages/airflow/example_dags/example_python_operator.py for tasks to queue
[2024-07-12T12:26:04.504+0100] {logging_mixin.py:188} INFO - [2024-07-12T12:26:04.502+0100] {dagbag.py:545} INFO - Filling up the DagBag from /home/victor/airflow_env/lib/python3.10/site-packages/airflow/example_dags/example_python_operator.py
[2024-07-12T12:26:04.559+0100] {processor.py:840} INFO - DAG(s) 'example_python_operator' retrieved from /home/victor/airflow_env/lib/python3.10/site-packages/airflow/example_dags/example_python_operator.py
[2024-07-12T12:26:04.684+0100] {logging_mixin.py:188} INFO - [2024-07-12T12:26:04.683+0100] {dag.py:3096} INFO - Sync 1 DAGs
[2024-07-12T12:26:04.751+0100] {logging_mixin.py:188} INFO - [2024-07-12T12:26:04.750+0100] {dag.py:3954} INFO - Setting next_dagrun for example_python_operator to None, run_after=None
[2024-07-12T12:26:05.159+0100] {processor.py:183} INFO - Processing /home/victor/airflow_env/lib/python3.10/site-packages/airflow/example_dags/example_python_operator.py took 0.699 seconds
[2024-07-12T12:27:33.529+0100] {processor.py:161} INFO - Started process (PID=36681) to work on /home/victor/airflow_env/lib/python3.10/site-packages/airflow/example_dags/example_python_operator.py
[2024-07-12T12:27:33.545+0100] {processor.py:830} INFO - Processing file /home/victor/airflow_env/lib/python3.10/site-packages/airflow/example_dags/example_python_operator.py for tasks to queue
[2024-07-12T12:27:33.556+0100] {logging_mixin.py:188} INFO - [2024-07-12T12:27:33.554+0100] {dagbag.py:545} INFO - Filling up the DagBag from /home/victor/airflow_env/lib/python3.10/site-packages/airflow/example_dags/example_python_operator.py
[2024-07-12T12:27:33.647+0100] {processor.py:840} INFO - DAG(s) 'example_python_operator' retrieved from /home/victor/airflow_env/lib/python3.10/site-packages/airflow/example_dags/example_python_operator.py
[2024-07-12T12:27:33.819+0100] {logging_mixin.py:188} INFO - [2024-07-12T12:27:33.818+0100] {dag.py:3096} INFO - Sync 1 DAGs
[2024-07-12T12:27:33.897+0100] {logging_mixin.py:188} INFO - [2024-07-12T12:27:33.896+0100] {dag.py:3954} INFO - Setting next_dagrun for example_python_operator to None, run_after=None
[2024-07-12T12:27:34.221+0100] {processor.py:183} INFO - Processing /home/victor/airflow_env/lib/python3.10/site-packages/airflow/example_dags/example_python_operator.py took 0.734 seconds
[2024-07-12T12:30:38.243+0100] {processor.py:161} INFO - Started process (PID=37436) to work on /home/victor/airflow_env/lib/python3.10/site-packages/airflow/example_dags/example_python_operator.py
[2024-07-12T12:30:38.248+0100] {processor.py:830} INFO - Processing file /home/victor/airflow_env/lib/python3.10/site-packages/airflow/example_dags/example_python_operator.py for tasks to queue
[2024-07-12T12:30:38.264+0100] {logging_mixin.py:188} INFO - [2024-07-12T12:30:38.256+0100] {dagbag.py:545} INFO - Filling up the DagBag from /home/victor/airflow_env/lib/python3.10/site-packages/airflow/example_dags/example_python_operator.py
[2024-07-12T12:30:38.351+0100] {processor.py:840} INFO - DAG(s) 'example_python_operator' retrieved from /home/victor/airflow_env/lib/python3.10/site-packages/airflow/example_dags/example_python_operator.py
[2024-07-12T12:30:38.580+0100] {logging_mixin.py:188} INFO - [2024-07-12T12:30:38.578+0100] {dag.py:3096} INFO - Sync 1 DAGs
[2024-07-12T12:30:38.663+0100] {logging_mixin.py:188} INFO - [2024-07-12T12:30:38.662+0100] {dag.py:3954} INFO - Setting next_dagrun for example_python_operator to None, run_after=None
[2024-07-12T12:30:38.938+0100] {processor.py:183} INFO - Processing /home/victor/airflow_env/lib/python3.10/site-packages/airflow/example_dags/example_python_operator.py took 0.734 seconds
[2024-07-12T12:32:06.009+0100] {processor.py:161} INFO - Started process (PID=37801) to work on /home/victor/airflow_env/lib/python3.10/site-packages/airflow/example_dags/example_python_operator.py
[2024-07-12T12:32:06.014+0100] {processor.py:830} INFO - Processing file /home/victor/airflow_env/lib/python3.10/site-packages/airflow/example_dags/example_python_operator.py for tasks to queue
[2024-07-12T12:32:06.021+0100] {logging_mixin.py:188} INFO - [2024-07-12T12:32:06.020+0100] {dagbag.py:545} INFO - Filling up the DagBag from /home/victor/airflow_env/lib/python3.10/site-packages/airflow/example_dags/example_python_operator.py
[2024-07-12T12:32:06.076+0100] {processor.py:840} INFO - DAG(s) 'example_python_operator' retrieved from /home/victor/airflow_env/lib/python3.10/site-packages/airflow/example_dags/example_python_operator.py
[2024-07-12T12:32:06.202+0100] {logging_mixin.py:188} INFO - [2024-07-12T12:32:06.201+0100] {dag.py:3096} INFO - Sync 1 DAGs
[2024-07-12T12:32:06.278+0100] {logging_mixin.py:188} INFO - [2024-07-12T12:32:06.277+0100] {dag.py:3954} INFO - Setting next_dagrun for example_python_operator to None, run_after=None
[2024-07-12T12:32:06.605+0100] {processor.py:183} INFO - Processing /home/victor/airflow_env/lib/python3.10/site-packages/airflow/example_dags/example_python_operator.py took 0.624 seconds
