[2024-07-12T11:05:10.146+0100] {processor.py:161} INFO - Started process (PID=16052) to work on /home/victor/airflow_env/lib/python3.10/site-packages/airflow/example_dags/example_skip_dag.py
[2024-07-12T11:05:10.151+0100] {processor.py:830} INFO - Processing file /home/victor/airflow_env/lib/python3.10/site-packages/airflow/example_dags/example_skip_dag.py for tasks to queue
[2024-07-12T11:05:10.159+0100] {logging_mixin.py:188} INFO - [2024-07-12T11:05:10.158+0100] {dagbag.py:545} INFO - Filling up the DagBag from /home/victor/airflow_env/lib/python3.10/site-packages/airflow/example_dags/example_skip_dag.py
[2024-07-12T11:05:10.194+0100] {processor.py:840} INFO - DAG(s) 'example_skip_dag' retrieved from /home/victor/airflow_env/lib/python3.10/site-packages/airflow/example_dags/example_skip_dag.py
[2024-07-12T11:05:11.041+0100] {logging_mixin.py:188} INFO - [2024-07-12T11:05:11.038+0100] {override.py:1847} INFO - Created Permission View: can edit on DAG:example_skip_dag
[2024-07-12T11:05:11.419+0100] {logging_mixin.py:188} INFO - [2024-07-12T11:05:11.417+0100] {override.py:1847} INFO - Created Permission View: can read on DAG:example_skip_dag
[2024-07-12T11:05:11.857+0100] {logging_mixin.py:188} INFO - [2024-07-12T11:05:11.855+0100] {override.py:1847} INFO - Created Permission View: can delete on DAG:example_skip_dag
[2024-07-12T11:05:11.861+0100] {logging_mixin.py:188} INFO - [2024-07-12T11:05:11.860+0100] {dag.py:3096} INFO - Sync 1 DAGs
[2024-07-12T11:05:12.084+0100] {logging_mixin.py:188} INFO - [2024-07-12T11:05:12.082+0100] {dag.py:3118} INFO - Creating ORM DAG for example_skip_dag
[2024-07-12T11:05:12.172+0100] {logging_mixin.py:188} INFO - [2024-07-12T11:05:12.171+0100] {dag.py:3954} INFO - Setting next_dagrun for example_skip_dag to 2024-07-11 00:00:00+00:00, run_after=2024-07-12 00:00:00+00:00
[2024-07-12T11:05:12.634+0100] {processor.py:183} INFO - Processing /home/victor/airflow_env/lib/python3.10/site-packages/airflow/example_dags/example_skip_dag.py took 2.513 seconds
[2024-07-12T11:08:04.910+0100] {processor.py:161} INFO - Started process (PID=16750) to work on /home/victor/airflow_env/lib/python3.10/site-packages/airflow/example_dags/example_skip_dag.py
[2024-07-12T11:08:04.916+0100] {processor.py:830} INFO - Processing file /home/victor/airflow_env/lib/python3.10/site-packages/airflow/example_dags/example_skip_dag.py for tasks to queue
[2024-07-12T11:08:04.924+0100] {logging_mixin.py:188} INFO - [2024-07-12T11:08:04.922+0100] {dagbag.py:545} INFO - Filling up the DagBag from /home/victor/airflow_env/lib/python3.10/site-packages/airflow/example_dags/example_skip_dag.py
[2024-07-12T11:08:04.965+0100] {processor.py:840} INFO - DAG(s) 'example_skip_dag' retrieved from /home/victor/airflow_env/lib/python3.10/site-packages/airflow/example_dags/example_skip_dag.py
[2024-07-12T11:08:05.086+0100] {logging_mixin.py:188} INFO - [2024-07-12T11:08:05.085+0100] {dag.py:3096} INFO - Sync 1 DAGs
[2024-07-12T11:08:05.348+0100] {logging_mixin.py:188} INFO - [2024-07-12T11:08:05.347+0100] {dag.py:3954} INFO - Setting next_dagrun for example_skip_dag to 2024-07-11 00:00:00+00:00, run_after=2024-07-12 00:00:00+00:00
[2024-07-12T11:08:05.841+0100] {processor.py:183} INFO - Processing /home/victor/airflow_env/lib/python3.10/site-packages/airflow/example_dags/example_skip_dag.py took 0.964 seconds
[2024-07-12T11:10:42.810+0100] {processor.py:161} INFO - Started process (PID=17366) to work on /home/victor/airflow_env/lib/python3.10/site-packages/airflow/example_dags/example_skip_dag.py
[2024-07-12T11:10:42.815+0100] {processor.py:830} INFO - Processing file /home/victor/airflow_env/lib/python3.10/site-packages/airflow/example_dags/example_skip_dag.py for tasks to queue
[2024-07-12T11:10:42.831+0100] {logging_mixin.py:188} INFO - [2024-07-12T11:10:42.829+0100] {dagbag.py:545} INFO - Filling up the DagBag from /home/victor/airflow_env/lib/python3.10/site-packages/airflow/example_dags/example_skip_dag.py
[2024-07-12T11:10:42.872+0100] {processor.py:840} INFO - DAG(s) 'example_skip_dag' retrieved from /home/victor/airflow_env/lib/python3.10/site-packages/airflow/example_dags/example_skip_dag.py
[2024-07-12T11:10:42.997+0100] {logging_mixin.py:188} INFO - [2024-07-12T11:10:42.996+0100] {dag.py:3096} INFO - Sync 1 DAGs
[2024-07-12T11:10:43.422+0100] {logging_mixin.py:188} INFO - [2024-07-12T11:10:43.421+0100] {dag.py:3954} INFO - Setting next_dagrun for example_skip_dag to 2024-07-11 00:00:00+00:00, run_after=2024-07-12 00:00:00+00:00
[2024-07-12T11:10:43.701+0100] {processor.py:183} INFO - Processing /home/victor/airflow_env/lib/python3.10/site-packages/airflow/example_dags/example_skip_dag.py took 0.918 seconds
[2024-07-12T11:12:38.440+0100] {processor.py:161} INFO - Started process (PID=17837) to work on /home/victor/airflow_env/lib/python3.10/site-packages/airflow/example_dags/example_skip_dag.py
[2024-07-12T11:12:38.444+0100] {processor.py:830} INFO - Processing file /home/victor/airflow_env/lib/python3.10/site-packages/airflow/example_dags/example_skip_dag.py for tasks to queue
[2024-07-12T11:12:38.452+0100] {logging_mixin.py:188} INFO - [2024-07-12T11:12:38.450+0100] {dagbag.py:545} INFO - Filling up the DagBag from /home/victor/airflow_env/lib/python3.10/site-packages/airflow/example_dags/example_skip_dag.py
[2024-07-12T11:12:38.488+0100] {processor.py:840} INFO - DAG(s) 'example_skip_dag' retrieved from /home/victor/airflow_env/lib/python3.10/site-packages/airflow/example_dags/example_skip_dag.py
[2024-07-12T11:12:38.596+0100] {logging_mixin.py:188} INFO - [2024-07-12T11:12:38.595+0100] {dag.py:3096} INFO - Sync 1 DAGs
[2024-07-12T11:12:38.709+0100] {logging_mixin.py:188} INFO - [2024-07-12T11:12:38.708+0100] {dag.py:3954} INFO - Setting next_dagrun for example_skip_dag to 2024-07-11 00:00:00+00:00, run_after=2024-07-12 00:00:00+00:00
[2024-07-12T11:12:39.077+0100] {processor.py:183} INFO - Processing /home/victor/airflow_env/lib/python3.10/site-packages/airflow/example_dags/example_skip_dag.py took 0.666 seconds
[2024-07-12T11:14:18.498+0100] {processor.py:161} INFO - Started process (PID=18248) to work on /home/victor/airflow_env/lib/python3.10/site-packages/airflow/example_dags/example_skip_dag.py
[2024-07-12T11:14:18.503+0100] {processor.py:830} INFO - Processing file /home/victor/airflow_env/lib/python3.10/site-packages/airflow/example_dags/example_skip_dag.py for tasks to queue
[2024-07-12T11:14:18.515+0100] {logging_mixin.py:188} INFO - [2024-07-12T11:14:18.513+0100] {dagbag.py:545} INFO - Filling up the DagBag from /home/victor/airflow_env/lib/python3.10/site-packages/airflow/example_dags/example_skip_dag.py
[2024-07-12T11:14:18.559+0100] {processor.py:840} INFO - DAG(s) 'example_skip_dag' retrieved from /home/victor/airflow_env/lib/python3.10/site-packages/airflow/example_dags/example_skip_dag.py
[2024-07-12T11:14:18.717+0100] {logging_mixin.py:188} INFO - [2024-07-12T11:14:18.716+0100] {dag.py:3096} INFO - Sync 1 DAGs
[2024-07-12T11:14:18.856+0100] {logging_mixin.py:188} INFO - [2024-07-12T11:14:18.855+0100] {dag.py:3954} INFO - Setting next_dagrun for example_skip_dag to 2024-07-11 00:00:00+00:00, run_after=2024-07-12 00:00:00+00:00
[2024-07-12T11:14:19.209+0100] {processor.py:183} INFO - Processing /home/victor/airflow_env/lib/python3.10/site-packages/airflow/example_dags/example_skip_dag.py took 0.750 seconds
[2024-07-12T11:16:33.254+0100] {processor.py:161} INFO - Started process (PID=18796) to work on /home/victor/airflow_env/lib/python3.10/site-packages/airflow/example_dags/example_skip_dag.py
[2024-07-12T11:16:33.260+0100] {processor.py:830} INFO - Processing file /home/victor/airflow_env/lib/python3.10/site-packages/airflow/example_dags/example_skip_dag.py for tasks to queue
[2024-07-12T11:16:33.270+0100] {logging_mixin.py:188} INFO - [2024-07-12T11:16:33.268+0100] {dagbag.py:545} INFO - Filling up the DagBag from /home/victor/airflow_env/lib/python3.10/site-packages/airflow/example_dags/example_skip_dag.py
[2024-07-12T11:16:33.339+0100] {processor.py:840} INFO - DAG(s) 'example_skip_dag' retrieved from /home/victor/airflow_env/lib/python3.10/site-packages/airflow/example_dags/example_skip_dag.py
[2024-07-12T11:16:33.582+0100] {logging_mixin.py:188} INFO - [2024-07-12T11:16:33.581+0100] {dag.py:3096} INFO - Sync 1 DAGs
[2024-07-12T11:16:33.886+0100] {logging_mixin.py:188} INFO - [2024-07-12T11:16:33.875+0100] {dag.py:3954} INFO - Setting next_dagrun for example_skip_dag to 2024-07-11 00:00:00+00:00, run_after=2024-07-12 00:00:00+00:00
[2024-07-12T11:16:34.842+0100] {processor.py:183} INFO - Processing /home/victor/airflow_env/lib/python3.10/site-packages/airflow/example_dags/example_skip_dag.py took 1.670 seconds
[2024-07-12T11:18:38.144+0100] {processor.py:161} INFO - Started process (PID=19305) to work on /home/victor/airflow_env/lib/python3.10/site-packages/airflow/example_dags/example_skip_dag.py
[2024-07-12T11:18:38.148+0100] {processor.py:830} INFO - Processing file /home/victor/airflow_env/lib/python3.10/site-packages/airflow/example_dags/example_skip_dag.py for tasks to queue
[2024-07-12T11:18:38.157+0100] {logging_mixin.py:188} INFO - [2024-07-12T11:18:38.155+0100] {dagbag.py:545} INFO - Filling up the DagBag from /home/victor/airflow_env/lib/python3.10/site-packages/airflow/example_dags/example_skip_dag.py
[2024-07-12T11:18:38.197+0100] {processor.py:840} INFO - DAG(s) 'example_skip_dag' retrieved from /home/victor/airflow_env/lib/python3.10/site-packages/airflow/example_dags/example_skip_dag.py
[2024-07-12T11:18:38.316+0100] {logging_mixin.py:188} INFO - [2024-07-12T11:18:38.315+0100] {dag.py:3096} INFO - Sync 1 DAGs
[2024-07-12T11:18:38.430+0100] {logging_mixin.py:188} INFO - [2024-07-12T11:18:38.429+0100] {dag.py:3954} INFO - Setting next_dagrun for example_skip_dag to 2024-07-11 00:00:00+00:00, run_after=2024-07-12 00:00:00+00:00
[2024-07-12T11:18:39.020+0100] {processor.py:183} INFO - Processing /home/victor/airflow_env/lib/python3.10/site-packages/airflow/example_dags/example_skip_dag.py took 0.907 seconds
[2024-07-12T11:20:14.591+0100] {processor.py:161} INFO - Started process (PID=19704) to work on /home/victor/airflow_env/lib/python3.10/site-packages/airflow/example_dags/example_skip_dag.py
[2024-07-12T11:20:14.595+0100] {processor.py:830} INFO - Processing file /home/victor/airflow_env/lib/python3.10/site-packages/airflow/example_dags/example_skip_dag.py for tasks to queue
[2024-07-12T11:20:14.603+0100] {logging_mixin.py:188} INFO - [2024-07-12T11:20:14.602+0100] {dagbag.py:545} INFO - Filling up the DagBag from /home/victor/airflow_env/lib/python3.10/site-packages/airflow/example_dags/example_skip_dag.py
[2024-07-12T11:20:14.661+0100] {processor.py:840} INFO - DAG(s) 'example_skip_dag' retrieved from /home/victor/airflow_env/lib/python3.10/site-packages/airflow/example_dags/example_skip_dag.py
[2024-07-12T11:20:14.823+0100] {logging_mixin.py:188} INFO - [2024-07-12T11:20:14.818+0100] {dag.py:3096} INFO - Sync 1 DAGs
[2024-07-12T11:20:14.988+0100] {logging_mixin.py:188} INFO - [2024-07-12T11:20:14.985+0100] {dag.py:3954} INFO - Setting next_dagrun for example_skip_dag to 2024-07-11 00:00:00+00:00, run_after=2024-07-12 00:00:00+00:00
[2024-07-12T11:20:15.435+0100] {processor.py:183} INFO - Processing /home/victor/airflow_env/lib/python3.10/site-packages/airflow/example_dags/example_skip_dag.py took 0.875 seconds
[2024-07-12T11:21:57.504+0100] {processor.py:161} INFO - Started process (PID=20129) to work on /home/victor/airflow_env/lib/python3.10/site-packages/airflow/example_dags/example_skip_dag.py
[2024-07-12T11:21:57.509+0100] {processor.py:830} INFO - Processing file /home/victor/airflow_env/lib/python3.10/site-packages/airflow/example_dags/example_skip_dag.py for tasks to queue
[2024-07-12T11:21:57.516+0100] {logging_mixin.py:188} INFO - [2024-07-12T11:21:57.515+0100] {dagbag.py:545} INFO - Filling up the DagBag from /home/victor/airflow_env/lib/python3.10/site-packages/airflow/example_dags/example_skip_dag.py
[2024-07-12T11:21:57.550+0100] {processor.py:840} INFO - DAG(s) 'example_skip_dag' retrieved from /home/victor/airflow_env/lib/python3.10/site-packages/airflow/example_dags/example_skip_dag.py
[2024-07-12T11:21:57.692+0100] {logging_mixin.py:188} INFO - [2024-07-12T11:21:57.691+0100] {dag.py:3096} INFO - Sync 1 DAGs
[2024-07-12T11:21:57.814+0100] {logging_mixin.py:188} INFO - [2024-07-12T11:21:57.813+0100] {dag.py:3954} INFO - Setting next_dagrun for example_skip_dag to 2024-07-11 00:00:00+00:00, run_after=2024-07-12 00:00:00+00:00
[2024-07-12T11:21:58.163+0100] {processor.py:183} INFO - Processing /home/victor/airflow_env/lib/python3.10/site-packages/airflow/example_dags/example_skip_dag.py took 0.687 seconds
[2024-07-12T11:23:29.749+0100] {processor.py:161} INFO - Started process (PID=20512) to work on /home/victor/airflow_env/lib/python3.10/site-packages/airflow/example_dags/example_skip_dag.py
[2024-07-12T11:23:29.754+0100] {processor.py:830} INFO - Processing file /home/victor/airflow_env/lib/python3.10/site-packages/airflow/example_dags/example_skip_dag.py for tasks to queue
[2024-07-12T11:23:29.762+0100] {logging_mixin.py:188} INFO - [2024-07-12T11:23:29.760+0100] {dagbag.py:545} INFO - Filling up the DagBag from /home/victor/airflow_env/lib/python3.10/site-packages/airflow/example_dags/example_skip_dag.py
[2024-07-12T11:23:29.799+0100] {processor.py:840} INFO - DAG(s) 'example_skip_dag' retrieved from /home/victor/airflow_env/lib/python3.10/site-packages/airflow/example_dags/example_skip_dag.py
[2024-07-12T11:23:30.040+0100] {logging_mixin.py:188} INFO - [2024-07-12T11:23:30.039+0100] {dag.py:3096} INFO - Sync 1 DAGs
[2024-07-12T11:23:30.192+0100] {logging_mixin.py:188} INFO - [2024-07-12T11:23:30.191+0100] {dag.py:3954} INFO - Setting next_dagrun for example_skip_dag to 2024-07-11 00:00:00+00:00, run_after=2024-07-12 00:00:00+00:00
[2024-07-12T11:23:30.511+0100] {processor.py:183} INFO - Processing /home/victor/airflow_env/lib/python3.10/site-packages/airflow/example_dags/example_skip_dag.py took 0.792 seconds
[2024-07-12T11:25:03.933+0100] {processor.py:161} INFO - Started process (PID=20902) to work on /home/victor/airflow_env/lib/python3.10/site-packages/airflow/example_dags/example_skip_dag.py
[2024-07-12T11:25:03.938+0100] {processor.py:830} INFO - Processing file /home/victor/airflow_env/lib/python3.10/site-packages/airflow/example_dags/example_skip_dag.py for tasks to queue
[2024-07-12T11:25:03.946+0100] {logging_mixin.py:188} INFO - [2024-07-12T11:25:03.944+0100] {dagbag.py:545} INFO - Filling up the DagBag from /home/victor/airflow_env/lib/python3.10/site-packages/airflow/example_dags/example_skip_dag.py
[2024-07-12T11:25:03.980+0100] {processor.py:840} INFO - DAG(s) 'example_skip_dag' retrieved from /home/victor/airflow_env/lib/python3.10/site-packages/airflow/example_dags/example_skip_dag.py
[2024-07-12T11:25:04.116+0100] {logging_mixin.py:188} INFO - [2024-07-12T11:25:04.115+0100] {dag.py:3096} INFO - Sync 1 DAGs
[2024-07-12T11:25:04.238+0100] {logging_mixin.py:188} INFO - [2024-07-12T11:25:04.237+0100] {dag.py:3954} INFO - Setting next_dagrun for example_skip_dag to 2024-07-11 00:00:00+00:00, run_after=2024-07-12 00:00:00+00:00
[2024-07-12T11:25:04.551+0100] {processor.py:183} INFO - Processing /home/victor/airflow_env/lib/python3.10/site-packages/airflow/example_dags/example_skip_dag.py took 0.654 seconds
[2024-07-12T11:26:56.408+0100] {processor.py:161} INFO - Started process (PID=21355) to work on /home/victor/airflow_env/lib/python3.10/site-packages/airflow/example_dags/example_skip_dag.py
[2024-07-12T11:26:56.413+0100] {processor.py:830} INFO - Processing file /home/victor/airflow_env/lib/python3.10/site-packages/airflow/example_dags/example_skip_dag.py for tasks to queue
[2024-07-12T11:26:56.421+0100] {logging_mixin.py:188} INFO - [2024-07-12T11:26:56.419+0100] {dagbag.py:545} INFO - Filling up the DagBag from /home/victor/airflow_env/lib/python3.10/site-packages/airflow/example_dags/example_skip_dag.py
[2024-07-12T11:26:56.460+0100] {processor.py:840} INFO - DAG(s) 'example_skip_dag' retrieved from /home/victor/airflow_env/lib/python3.10/site-packages/airflow/example_dags/example_skip_dag.py
[2024-07-12T11:26:56.569+0100] {logging_mixin.py:188} INFO - [2024-07-12T11:26:56.568+0100] {dag.py:3096} INFO - Sync 1 DAGs
[2024-07-12T11:26:56.681+0100] {logging_mixin.py:188} INFO - [2024-07-12T11:26:56.679+0100] {dag.py:3954} INFO - Setting next_dagrun for example_skip_dag to 2024-07-11 00:00:00+00:00, run_after=2024-07-12 00:00:00+00:00
[2024-07-12T11:26:56.963+0100] {processor.py:183} INFO - Processing /home/victor/airflow_env/lib/python3.10/site-packages/airflow/example_dags/example_skip_dag.py took 0.584 seconds
[2024-07-12T11:28:25.074+0100] {processor.py:161} INFO - Started process (PID=21723) to work on /home/victor/airflow_env/lib/python3.10/site-packages/airflow/example_dags/example_skip_dag.py
[2024-07-12T11:28:25.079+0100] {processor.py:830} INFO - Processing file /home/victor/airflow_env/lib/python3.10/site-packages/airflow/example_dags/example_skip_dag.py for tasks to queue
[2024-07-12T11:28:25.086+0100] {logging_mixin.py:188} INFO - [2024-07-12T11:28:25.085+0100] {dagbag.py:545} INFO - Filling up the DagBag from /home/victor/airflow_env/lib/python3.10/site-packages/airflow/example_dags/example_skip_dag.py
[2024-07-12T11:28:25.120+0100] {processor.py:840} INFO - DAG(s) 'example_skip_dag' retrieved from /home/victor/airflow_env/lib/python3.10/site-packages/airflow/example_dags/example_skip_dag.py
[2024-07-12T11:28:25.303+0100] {logging_mixin.py:188} INFO - [2024-07-12T11:28:25.302+0100] {dag.py:3096} INFO - Sync 1 DAGs
[2024-07-12T11:28:25.484+0100] {logging_mixin.py:188} INFO - [2024-07-12T11:28:25.483+0100] {dag.py:3954} INFO - Setting next_dagrun for example_skip_dag to 2024-07-11 00:00:00+00:00, run_after=2024-07-12 00:00:00+00:00
[2024-07-12T11:28:26.172+0100] {processor.py:183} INFO - Processing /home/victor/airflow_env/lib/python3.10/site-packages/airflow/example_dags/example_skip_dag.py took 1.133 seconds
[2024-07-12T11:30:17.972+0100] {processor.py:161} INFO - Started process (PID=22176) to work on /home/victor/airflow_env/lib/python3.10/site-packages/airflow/example_dags/example_skip_dag.py
[2024-07-12T11:30:17.978+0100] {processor.py:830} INFO - Processing file /home/victor/airflow_env/lib/python3.10/site-packages/airflow/example_dags/example_skip_dag.py for tasks to queue
[2024-07-12T11:30:17.989+0100] {logging_mixin.py:188} INFO - [2024-07-12T11:30:17.987+0100] {dagbag.py:545} INFO - Filling up the DagBag from /home/victor/airflow_env/lib/python3.10/site-packages/airflow/example_dags/example_skip_dag.py
[2024-07-12T11:30:18.063+0100] {processor.py:840} INFO - DAG(s) 'example_skip_dag' retrieved from /home/victor/airflow_env/lib/python3.10/site-packages/airflow/example_dags/example_skip_dag.py
[2024-07-12T11:30:18.223+0100] {logging_mixin.py:188} INFO - [2024-07-12T11:30:18.222+0100] {dag.py:3096} INFO - Sync 1 DAGs
[2024-07-12T11:30:18.357+0100] {logging_mixin.py:188} INFO - [2024-07-12T11:30:18.355+0100] {dag.py:3954} INFO - Setting next_dagrun for example_skip_dag to 2024-07-11 00:00:00+00:00, run_after=2024-07-12 00:00:00+00:00
[2024-07-12T11:30:18.775+0100] {processor.py:183} INFO - Processing /home/victor/airflow_env/lib/python3.10/site-packages/airflow/example_dags/example_skip_dag.py took 0.858 seconds
[2024-07-12T11:32:39.544+0100] {processor.py:161} INFO - Started process (PID=23136) to work on /home/victor/airflow_env/lib/python3.10/site-packages/airflow/example_dags/example_skip_dag.py
[2024-07-12T11:32:39.568+0100] {processor.py:830} INFO - Processing file /home/victor/airflow_env/lib/python3.10/site-packages/airflow/example_dags/example_skip_dag.py for tasks to queue
[2024-07-12T11:32:39.587+0100] {logging_mixin.py:188} INFO - [2024-07-12T11:32:39.578+0100] {dagbag.py:545} INFO - Filling up the DagBag from /home/victor/airflow_env/lib/python3.10/site-packages/airflow/example_dags/example_skip_dag.py
[2024-07-12T11:32:39.698+0100] {processor.py:840} INFO - DAG(s) 'example_skip_dag' retrieved from /home/victor/airflow_env/lib/python3.10/site-packages/airflow/example_dags/example_skip_dag.py
[2024-07-12T11:32:40.002+0100] {logging_mixin.py:188} INFO - [2024-07-12T11:32:40.001+0100] {dag.py:3096} INFO - Sync 1 DAGs
[2024-07-12T11:32:40.139+0100] {logging_mixin.py:188} INFO - [2024-07-12T11:32:40.138+0100] {dag.py:3954} INFO - Setting next_dagrun for example_skip_dag to 2024-07-11 00:00:00+00:00, run_after=2024-07-12 00:00:00+00:00
[2024-07-12T11:32:40.534+0100] {processor.py:183} INFO - Processing /home/victor/airflow_env/lib/python3.10/site-packages/airflow/example_dags/example_skip_dag.py took 1.138 seconds
[2024-07-12T11:34:39.402+0100] {processor.py:161} INFO - Started process (PID=23633) to work on /home/victor/airflow_env/lib/python3.10/site-packages/airflow/example_dags/example_skip_dag.py
[2024-07-12T11:34:39.407+0100] {processor.py:830} INFO - Processing file /home/victor/airflow_env/lib/python3.10/site-packages/airflow/example_dags/example_skip_dag.py for tasks to queue
[2024-07-12T11:34:39.415+0100] {logging_mixin.py:188} INFO - [2024-07-12T11:34:39.413+0100] {dagbag.py:545} INFO - Filling up the DagBag from /home/victor/airflow_env/lib/python3.10/site-packages/airflow/example_dags/example_skip_dag.py
[2024-07-12T11:34:39.456+0100] {processor.py:840} INFO - DAG(s) 'example_skip_dag' retrieved from /home/victor/airflow_env/lib/python3.10/site-packages/airflow/example_dags/example_skip_dag.py
[2024-07-12T11:34:39.581+0100] {logging_mixin.py:188} INFO - [2024-07-12T11:34:39.580+0100] {dag.py:3096} INFO - Sync 1 DAGs
[2024-07-12T11:34:39.711+0100] {logging_mixin.py:188} INFO - [2024-07-12T11:34:39.710+0100] {dag.py:3954} INFO - Setting next_dagrun for example_skip_dag to 2024-07-11 00:00:00+00:00, run_after=2024-07-12 00:00:00+00:00
[2024-07-12T11:34:40.024+0100] {processor.py:183} INFO - Processing /home/victor/airflow_env/lib/python3.10/site-packages/airflow/example_dags/example_skip_dag.py took 0.654 seconds
[2024-07-12T11:36:37.614+0100] {processor.py:161} INFO - Started process (PID=24144) to work on /home/victor/airflow_env/lib/python3.10/site-packages/airflow/example_dags/example_skip_dag.py
[2024-07-12T11:36:37.621+0100] {processor.py:830} INFO - Processing file /home/victor/airflow_env/lib/python3.10/site-packages/airflow/example_dags/example_skip_dag.py for tasks to queue
[2024-07-12T11:36:37.633+0100] {logging_mixin.py:188} INFO - [2024-07-12T11:36:37.631+0100] {dagbag.py:545} INFO - Filling up the DagBag from /home/victor/airflow_env/lib/python3.10/site-packages/airflow/example_dags/example_skip_dag.py
[2024-07-12T11:36:37.676+0100] {processor.py:840} INFO - DAG(s) 'example_skip_dag' retrieved from /home/victor/airflow_env/lib/python3.10/site-packages/airflow/example_dags/example_skip_dag.py
[2024-07-12T11:36:37.836+0100] {logging_mixin.py:188} INFO - [2024-07-12T11:36:37.835+0100] {dag.py:3096} INFO - Sync 1 DAGs
[2024-07-12T11:36:37.957+0100] {logging_mixin.py:188} INFO - [2024-07-12T11:36:37.956+0100] {dag.py:3954} INFO - Setting next_dagrun for example_skip_dag to 2024-07-11 00:00:00+00:00, run_after=2024-07-12 00:00:00+00:00
[2024-07-12T11:36:38.268+0100] {processor.py:183} INFO - Processing /home/victor/airflow_env/lib/python3.10/site-packages/airflow/example_dags/example_skip_dag.py took 0.697 seconds
[2024-07-12T11:38:05.550+0100] {processor.py:161} INFO - Started process (PID=24513) to work on /home/victor/airflow_env/lib/python3.10/site-packages/airflow/example_dags/example_skip_dag.py
[2024-07-12T11:38:05.554+0100] {processor.py:830} INFO - Processing file /home/victor/airflow_env/lib/python3.10/site-packages/airflow/example_dags/example_skip_dag.py for tasks to queue
[2024-07-12T11:38:05.562+0100] {logging_mixin.py:188} INFO - [2024-07-12T11:38:05.561+0100] {dagbag.py:545} INFO - Filling up the DagBag from /home/victor/airflow_env/lib/python3.10/site-packages/airflow/example_dags/example_skip_dag.py
[2024-07-12T11:38:05.595+0100] {processor.py:840} INFO - DAG(s) 'example_skip_dag' retrieved from /home/victor/airflow_env/lib/python3.10/site-packages/airflow/example_dags/example_skip_dag.py
[2024-07-12T11:38:05.724+0100] {logging_mixin.py:188} INFO - [2024-07-12T11:38:05.723+0100] {dag.py:3096} INFO - Sync 1 DAGs
[2024-07-12T11:38:05.861+0100] {logging_mixin.py:188} INFO - [2024-07-12T11:38:05.859+0100] {dag.py:3954} INFO - Setting next_dagrun for example_skip_dag to 2024-07-11 00:00:00+00:00, run_after=2024-07-12 00:00:00+00:00
[2024-07-12T11:38:06.260+0100] {processor.py:183} INFO - Processing /home/victor/airflow_env/lib/python3.10/site-packages/airflow/example_dags/example_skip_dag.py took 0.739 seconds
[2024-07-12T11:39:31.724+0100] {processor.py:161} INFO - Started process (PID=24865) to work on /home/victor/airflow_env/lib/python3.10/site-packages/airflow/example_dags/example_skip_dag.py
[2024-07-12T11:39:31.729+0100] {processor.py:830} INFO - Processing file /home/victor/airflow_env/lib/python3.10/site-packages/airflow/example_dags/example_skip_dag.py for tasks to queue
[2024-07-12T11:39:31.742+0100] {logging_mixin.py:188} INFO - [2024-07-12T11:39:31.739+0100] {dagbag.py:545} INFO - Filling up the DagBag from /home/victor/airflow_env/lib/python3.10/site-packages/airflow/example_dags/example_skip_dag.py
[2024-07-12T11:39:31.806+0100] {processor.py:840} INFO - DAG(s) 'example_skip_dag' retrieved from /home/victor/airflow_env/lib/python3.10/site-packages/airflow/example_dags/example_skip_dag.py
[2024-07-12T11:39:31.940+0100] {logging_mixin.py:188} INFO - [2024-07-12T11:39:31.939+0100] {dag.py:3096} INFO - Sync 1 DAGs
[2024-07-12T11:39:32.089+0100] {logging_mixin.py:188} INFO - [2024-07-12T11:39:32.088+0100] {dag.py:3954} INFO - Setting next_dagrun for example_skip_dag to 2024-07-11 00:00:00+00:00, run_after=2024-07-12 00:00:00+00:00
[2024-07-12T11:39:32.477+0100] {processor.py:183} INFO - Processing /home/victor/airflow_env/lib/python3.10/site-packages/airflow/example_dags/example_skip_dag.py took 0.802 seconds
[2024-07-12T11:41:03.119+0100] {processor.py:161} INFO - Started process (PID=25238) to work on /home/victor/airflow_env/lib/python3.10/site-packages/airflow/example_dags/example_skip_dag.py
[2024-07-12T11:41:03.124+0100] {processor.py:830} INFO - Processing file /home/victor/airflow_env/lib/python3.10/site-packages/airflow/example_dags/example_skip_dag.py for tasks to queue
[2024-07-12T11:41:03.132+0100] {logging_mixin.py:188} INFO - [2024-07-12T11:41:03.130+0100] {dagbag.py:545} INFO - Filling up the DagBag from /home/victor/airflow_env/lib/python3.10/site-packages/airflow/example_dags/example_skip_dag.py
[2024-07-12T11:41:03.166+0100] {processor.py:840} INFO - DAG(s) 'example_skip_dag' retrieved from /home/victor/airflow_env/lib/python3.10/site-packages/airflow/example_dags/example_skip_dag.py
[2024-07-12T11:41:03.296+0100] {logging_mixin.py:188} INFO - [2024-07-12T11:41:03.295+0100] {dag.py:3096} INFO - Sync 1 DAGs
[2024-07-12T11:41:03.424+0100] {logging_mixin.py:188} INFO - [2024-07-12T11:41:03.422+0100] {dag.py:3954} INFO - Setting next_dagrun for example_skip_dag to 2024-07-11 00:00:00+00:00, run_after=2024-07-12 00:00:00+00:00
[2024-07-12T11:41:03.715+0100] {processor.py:183} INFO - Processing /home/victor/airflow_env/lib/python3.10/site-packages/airflow/example_dags/example_skip_dag.py took 0.628 seconds
[2024-07-12T11:42:35.071+0100] {processor.py:161} INFO - Started process (PID=25611) to work on /home/victor/airflow_env/lib/python3.10/site-packages/airflow/example_dags/example_skip_dag.py
[2024-07-12T11:42:35.076+0100] {processor.py:830} INFO - Processing file /home/victor/airflow_env/lib/python3.10/site-packages/airflow/example_dags/example_skip_dag.py for tasks to queue
[2024-07-12T11:42:35.086+0100] {logging_mixin.py:188} INFO - [2024-07-12T11:42:35.084+0100] {dagbag.py:545} INFO - Filling up the DagBag from /home/victor/airflow_env/lib/python3.10/site-packages/airflow/example_dags/example_skip_dag.py
[2024-07-12T11:42:35.127+0100] {processor.py:840} INFO - DAG(s) 'example_skip_dag' retrieved from /home/victor/airflow_env/lib/python3.10/site-packages/airflow/example_dags/example_skip_dag.py
[2024-07-12T11:42:35.273+0100] {logging_mixin.py:188} INFO - [2024-07-12T11:42:35.271+0100] {dag.py:3096} INFO - Sync 1 DAGs
[2024-07-12T11:42:35.415+0100] {logging_mixin.py:188} INFO - [2024-07-12T11:42:35.414+0100] {dag.py:3954} INFO - Setting next_dagrun for example_skip_dag to 2024-07-11 00:00:00+00:00, run_after=2024-07-12 00:00:00+00:00
[2024-07-12T11:42:35.821+0100] {processor.py:183} INFO - Processing /home/victor/airflow_env/lib/python3.10/site-packages/airflow/example_dags/example_skip_dag.py took 0.802 seconds
[2024-07-12T11:43:58.686+0100] {processor.py:161} INFO - Started process (PID=25959) to work on /home/victor/airflow_env/lib/python3.10/site-packages/airflow/example_dags/example_skip_dag.py
[2024-07-12T11:43:58.692+0100] {processor.py:830} INFO - Processing file /home/victor/airflow_env/lib/python3.10/site-packages/airflow/example_dags/example_skip_dag.py for tasks to queue
[2024-07-12T11:43:58.718+0100] {logging_mixin.py:188} INFO - [2024-07-12T11:43:58.707+0100] {dagbag.py:545} INFO - Filling up the DagBag from /home/victor/airflow_env/lib/python3.10/site-packages/airflow/example_dags/example_skip_dag.py
[2024-07-12T11:43:58.803+0100] {processor.py:840} INFO - DAG(s) 'example_skip_dag' retrieved from /home/victor/airflow_env/lib/python3.10/site-packages/airflow/example_dags/example_skip_dag.py
[2024-07-12T11:43:59.088+0100] {logging_mixin.py:188} INFO - [2024-07-12T11:43:59.087+0100] {dag.py:3096} INFO - Sync 1 DAGs
[2024-07-12T11:43:59.266+0100] {logging_mixin.py:188} INFO - [2024-07-12T11:43:59.264+0100] {dag.py:3954} INFO - Setting next_dagrun for example_skip_dag to 2024-07-11 00:00:00+00:00, run_after=2024-07-12 00:00:00+00:00
[2024-07-12T11:43:59.610+0100] {processor.py:183} INFO - Processing /home/victor/airflow_env/lib/python3.10/site-packages/airflow/example_dags/example_skip_dag.py took 1.004 seconds
[2024-07-12T11:45:23.812+0100] {processor.py:161} INFO - Started process (PID=26314) to work on /home/victor/airflow_env/lib/python3.10/site-packages/airflow/example_dags/example_skip_dag.py
[2024-07-12T11:45:23.820+0100] {processor.py:830} INFO - Processing file /home/victor/airflow_env/lib/python3.10/site-packages/airflow/example_dags/example_skip_dag.py for tasks to queue
[2024-07-12T11:45:23.836+0100] {logging_mixin.py:188} INFO - [2024-07-12T11:45:23.834+0100] {dagbag.py:545} INFO - Filling up the DagBag from /home/victor/airflow_env/lib/python3.10/site-packages/airflow/example_dags/example_skip_dag.py
[2024-07-12T11:45:23.901+0100] {processor.py:840} INFO - DAG(s) 'example_skip_dag' retrieved from /home/victor/airflow_env/lib/python3.10/site-packages/airflow/example_dags/example_skip_dag.py
[2024-07-12T11:45:24.035+0100] {logging_mixin.py:188} INFO - [2024-07-12T11:45:24.033+0100] {dag.py:3096} INFO - Sync 1 DAGs
[2024-07-12T11:45:24.159+0100] {logging_mixin.py:188} INFO - [2024-07-12T11:45:24.158+0100] {dag.py:3954} INFO - Setting next_dagrun for example_skip_dag to 2024-07-11 00:00:00+00:00, run_after=2024-07-12 00:00:00+00:00
[2024-07-12T11:45:24.582+0100] {processor.py:183} INFO - Processing /home/victor/airflow_env/lib/python3.10/site-packages/airflow/example_dags/example_skip_dag.py took 0.815 seconds
[2024-07-12T11:46:43.846+0100] {processor.py:161} INFO - Started process (PID=26645) to work on /home/victor/airflow_env/lib/python3.10/site-packages/airflow/example_dags/example_skip_dag.py
[2024-07-12T11:46:43.851+0100] {processor.py:830} INFO - Processing file /home/victor/airflow_env/lib/python3.10/site-packages/airflow/example_dags/example_skip_dag.py for tasks to queue
[2024-07-12T11:46:43.859+0100] {logging_mixin.py:188} INFO - [2024-07-12T11:46:43.857+0100] {dagbag.py:545} INFO - Filling up the DagBag from /home/victor/airflow_env/lib/python3.10/site-packages/airflow/example_dags/example_skip_dag.py
[2024-07-12T11:46:43.896+0100] {processor.py:840} INFO - DAG(s) 'example_skip_dag' retrieved from /home/victor/airflow_env/lib/python3.10/site-packages/airflow/example_dags/example_skip_dag.py
[2024-07-12T11:46:44.026+0100] {logging_mixin.py:188} INFO - [2024-07-12T11:46:44.025+0100] {dag.py:3096} INFO - Sync 1 DAGs
[2024-07-12T11:46:44.136+0100] {logging_mixin.py:188} INFO - [2024-07-12T11:46:44.134+0100] {dag.py:3954} INFO - Setting next_dagrun for example_skip_dag to 2024-07-11 00:00:00+00:00, run_after=2024-07-12 00:00:00+00:00
[2024-07-12T11:46:44.427+0100] {processor.py:183} INFO - Processing /home/victor/airflow_env/lib/python3.10/site-packages/airflow/example_dags/example_skip_dag.py took 0.612 seconds
[2024-07-12T11:48:16.383+0100] {processor.py:161} INFO - Started process (PID=27030) to work on /home/victor/airflow_env/lib/python3.10/site-packages/airflow/example_dags/example_skip_dag.py
[2024-07-12T11:48:16.388+0100] {processor.py:830} INFO - Processing file /home/victor/airflow_env/lib/python3.10/site-packages/airflow/example_dags/example_skip_dag.py for tasks to queue
[2024-07-12T11:48:16.397+0100] {logging_mixin.py:188} INFO - [2024-07-12T11:48:16.395+0100] {dagbag.py:545} INFO - Filling up the DagBag from /home/victor/airflow_env/lib/python3.10/site-packages/airflow/example_dags/example_skip_dag.py
[2024-07-12T11:48:16.439+0100] {processor.py:840} INFO - DAG(s) 'example_skip_dag' retrieved from /home/victor/airflow_env/lib/python3.10/site-packages/airflow/example_dags/example_skip_dag.py
[2024-07-12T11:48:16.567+0100] {logging_mixin.py:188} INFO - [2024-07-12T11:48:16.566+0100] {dag.py:3096} INFO - Sync 1 DAGs
[2024-07-12T11:48:16.717+0100] {logging_mixin.py:188} INFO - [2024-07-12T11:48:16.716+0100] {dag.py:3954} INFO - Setting next_dagrun for example_skip_dag to 2024-07-11 00:00:00+00:00, run_after=2024-07-12 00:00:00+00:00
[2024-07-12T11:48:17.060+0100] {processor.py:183} INFO - Processing /home/victor/airflow_env/lib/python3.10/site-packages/airflow/example_dags/example_skip_dag.py took 0.711 seconds
[2024-07-12T11:49:48.969+0100] {processor.py:161} INFO - Started process (PID=27407) to work on /home/victor/airflow_env/lib/python3.10/site-packages/airflow/example_dags/example_skip_dag.py
[2024-07-12T11:49:48.978+0100] {processor.py:830} INFO - Processing file /home/victor/airflow_env/lib/python3.10/site-packages/airflow/example_dags/example_skip_dag.py for tasks to queue
[2024-07-12T11:49:48.991+0100] {logging_mixin.py:188} INFO - [2024-07-12T11:49:48.989+0100] {dagbag.py:545} INFO - Filling up the DagBag from /home/victor/airflow_env/lib/python3.10/site-packages/airflow/example_dags/example_skip_dag.py
[2024-07-12T11:49:49.048+0100] {processor.py:840} INFO - DAG(s) 'example_skip_dag' retrieved from /home/victor/airflow_env/lib/python3.10/site-packages/airflow/example_dags/example_skip_dag.py
[2024-07-12T11:49:49.276+0100] {logging_mixin.py:188} INFO - [2024-07-12T11:49:49.275+0100] {dag.py:3096} INFO - Sync 1 DAGs
[2024-07-12T11:49:49.535+0100] {logging_mixin.py:188} INFO - [2024-07-12T11:49:49.523+0100] {dag.py:3954} INFO - Setting next_dagrun for example_skip_dag to 2024-07-11 00:00:00+00:00, run_after=2024-07-12 00:00:00+00:00
[2024-07-12T11:49:49.866+0100] {processor.py:183} INFO - Processing /home/victor/airflow_env/lib/python3.10/site-packages/airflow/example_dags/example_skip_dag.py took 0.945 seconds
[2024-07-12T11:51:21.407+0100] {processor.py:161} INFO - Started process (PID=27789) to work on /home/victor/airflow_env/lib/python3.10/site-packages/airflow/example_dags/example_skip_dag.py
[2024-07-12T11:51:21.413+0100] {processor.py:830} INFO - Processing file /home/victor/airflow_env/lib/python3.10/site-packages/airflow/example_dags/example_skip_dag.py for tasks to queue
[2024-07-12T11:51:21.421+0100] {logging_mixin.py:188} INFO - [2024-07-12T11:51:21.419+0100] {dagbag.py:545} INFO - Filling up the DagBag from /home/victor/airflow_env/lib/python3.10/site-packages/airflow/example_dags/example_skip_dag.py
[2024-07-12T11:51:21.457+0100] {processor.py:840} INFO - DAG(s) 'example_skip_dag' retrieved from /home/victor/airflow_env/lib/python3.10/site-packages/airflow/example_dags/example_skip_dag.py
[2024-07-12T11:51:21.588+0100] {logging_mixin.py:188} INFO - [2024-07-12T11:51:21.587+0100] {dag.py:3096} INFO - Sync 1 DAGs
[2024-07-12T11:51:21.722+0100] {logging_mixin.py:188} INFO - [2024-07-12T11:51:21.720+0100] {dag.py:3954} INFO - Setting next_dagrun for example_skip_dag to 2024-07-11 00:00:00+00:00, run_after=2024-07-12 00:00:00+00:00
[2024-07-12T11:51:22.063+0100] {processor.py:183} INFO - Processing /home/victor/airflow_env/lib/python3.10/site-packages/airflow/example_dags/example_skip_dag.py took 0.685 seconds
[2024-07-12T11:52:40.338+0100] {processor.py:161} INFO - Started process (PID=28117) to work on /home/victor/airflow_env/lib/python3.10/site-packages/airflow/example_dags/example_skip_dag.py
[2024-07-12T11:52:40.343+0100] {processor.py:830} INFO - Processing file /home/victor/airflow_env/lib/python3.10/site-packages/airflow/example_dags/example_skip_dag.py for tasks to queue
[2024-07-12T11:52:40.352+0100] {logging_mixin.py:188} INFO - [2024-07-12T11:52:40.350+0100] {dagbag.py:545} INFO - Filling up the DagBag from /home/victor/airflow_env/lib/python3.10/site-packages/airflow/example_dags/example_skip_dag.py
[2024-07-12T11:52:40.393+0100] {processor.py:840} INFO - DAG(s) 'example_skip_dag' retrieved from /home/victor/airflow_env/lib/python3.10/site-packages/airflow/example_dags/example_skip_dag.py
[2024-07-12T11:52:40.522+0100] {logging_mixin.py:188} INFO - [2024-07-12T11:52:40.522+0100] {dag.py:3096} INFO - Sync 1 DAGs
[2024-07-12T11:52:40.641+0100] {logging_mixin.py:188} INFO - [2024-07-12T11:52:40.640+0100] {dag.py:3954} INFO - Setting next_dagrun for example_skip_dag to 2024-07-11 00:00:00+00:00, run_after=2024-07-12 00:00:00+00:00
[2024-07-12T11:52:41.025+0100] {processor.py:183} INFO - Processing /home/victor/airflow_env/lib/python3.10/site-packages/airflow/example_dags/example_skip_dag.py took 0.718 seconds
[2024-07-12T11:54:00.422+0100] {processor.py:161} INFO - Started process (PID=28450) to work on /home/victor/airflow_env/lib/python3.10/site-packages/airflow/example_dags/example_skip_dag.py
[2024-07-12T11:54:00.427+0100] {processor.py:830} INFO - Processing file /home/victor/airflow_env/lib/python3.10/site-packages/airflow/example_dags/example_skip_dag.py for tasks to queue
[2024-07-12T11:54:00.435+0100] {logging_mixin.py:188} INFO - [2024-07-12T11:54:00.434+0100] {dagbag.py:545} INFO - Filling up the DagBag from /home/victor/airflow_env/lib/python3.10/site-packages/airflow/example_dags/example_skip_dag.py
[2024-07-12T11:54:00.470+0100] {processor.py:840} INFO - DAG(s) 'example_skip_dag' retrieved from /home/victor/airflow_env/lib/python3.10/site-packages/airflow/example_dags/example_skip_dag.py
[2024-07-12T11:54:00.595+0100] {logging_mixin.py:188} INFO - [2024-07-12T11:54:00.594+0100] {dag.py:3096} INFO - Sync 1 DAGs
[2024-07-12T11:54:00.704+0100] {logging_mixin.py:188} INFO - [2024-07-12T11:54:00.703+0100] {dag.py:3954} INFO - Setting next_dagrun for example_skip_dag to 2024-07-11 00:00:00+00:00, run_after=2024-07-12 00:00:00+00:00
[2024-07-12T11:54:00.996+0100] {processor.py:183} INFO - Processing /home/victor/airflow_env/lib/python3.10/site-packages/airflow/example_dags/example_skip_dag.py took 0.611 seconds
[2024-07-12T11:55:21.477+0100] {processor.py:161} INFO - Started process (PID=28784) to work on /home/victor/airflow_env/lib/python3.10/site-packages/airflow/example_dags/example_skip_dag.py
[2024-07-12T11:55:21.483+0100] {processor.py:830} INFO - Processing file /home/victor/airflow_env/lib/python3.10/site-packages/airflow/example_dags/example_skip_dag.py for tasks to queue
[2024-07-12T11:55:21.497+0100] {logging_mixin.py:188} INFO - [2024-07-12T11:55:21.495+0100] {dagbag.py:545} INFO - Filling up the DagBag from /home/victor/airflow_env/lib/python3.10/site-packages/airflow/example_dags/example_skip_dag.py
[2024-07-12T11:55:21.542+0100] {processor.py:840} INFO - DAG(s) 'example_skip_dag' retrieved from /home/victor/airflow_env/lib/python3.10/site-packages/airflow/example_dags/example_skip_dag.py
[2024-07-12T11:55:21.659+0100] {logging_mixin.py:188} INFO - [2024-07-12T11:55:21.658+0100] {dag.py:3096} INFO - Sync 1 DAGs
[2024-07-12T11:55:21.855+0100] {logging_mixin.py:188} INFO - [2024-07-12T11:55:21.853+0100] {dag.py:3954} INFO - Setting next_dagrun for example_skip_dag to 2024-07-11 00:00:00+00:00, run_after=2024-07-12 00:00:00+00:00
[2024-07-12T11:55:22.280+0100] {processor.py:183} INFO - Processing /home/victor/airflow_env/lib/python3.10/site-packages/airflow/example_dags/example_skip_dag.py took 0.850 seconds
[2024-07-12T11:56:45.994+0100] {processor.py:161} INFO - Started process (PID=29132) to work on /home/victor/airflow_env/lib/python3.10/site-packages/airflow/example_dags/example_skip_dag.py
[2024-07-12T11:56:46.000+0100] {processor.py:830} INFO - Processing file /home/victor/airflow_env/lib/python3.10/site-packages/airflow/example_dags/example_skip_dag.py for tasks to queue
[2024-07-12T11:56:46.010+0100] {logging_mixin.py:188} INFO - [2024-07-12T11:56:46.008+0100] {dagbag.py:545} INFO - Filling up the DagBag from /home/victor/airflow_env/lib/python3.10/site-packages/airflow/example_dags/example_skip_dag.py
[2024-07-12T11:56:46.047+0100] {processor.py:840} INFO - DAG(s) 'example_skip_dag' retrieved from /home/victor/airflow_env/lib/python3.10/site-packages/airflow/example_dags/example_skip_dag.py
[2024-07-12T11:56:46.230+0100] {logging_mixin.py:188} INFO - [2024-07-12T11:56:46.228+0100] {dag.py:3096} INFO - Sync 1 DAGs
[2024-07-12T11:56:46.420+0100] {logging_mixin.py:188} INFO - [2024-07-12T11:56:46.418+0100] {dag.py:3954} INFO - Setting next_dagrun for example_skip_dag to 2024-07-11 00:00:00+00:00, run_after=2024-07-12 00:00:00+00:00
[2024-07-12T11:56:46.773+0100] {processor.py:183} INFO - Processing /home/victor/airflow_env/lib/python3.10/site-packages/airflow/example_dags/example_skip_dag.py took 0.809 seconds
[2024-07-12T11:58:13.209+0100] {processor.py:161} INFO - Started process (PID=29486) to work on /home/victor/airflow_env/lib/python3.10/site-packages/airflow/example_dags/example_skip_dag.py
[2024-07-12T11:58:13.215+0100] {processor.py:830} INFO - Processing file /home/victor/airflow_env/lib/python3.10/site-packages/airflow/example_dags/example_skip_dag.py for tasks to queue
[2024-07-12T11:58:13.227+0100] {logging_mixin.py:188} INFO - [2024-07-12T11:58:13.224+0100] {dagbag.py:545} INFO - Filling up the DagBag from /home/victor/airflow_env/lib/python3.10/site-packages/airflow/example_dags/example_skip_dag.py
[2024-07-12T11:58:13.264+0100] {processor.py:840} INFO - DAG(s) 'example_skip_dag' retrieved from /home/victor/airflow_env/lib/python3.10/site-packages/airflow/example_dags/example_skip_dag.py
[2024-07-12T11:58:13.405+0100] {logging_mixin.py:188} INFO - [2024-07-12T11:58:13.404+0100] {dag.py:3096} INFO - Sync 1 DAGs
[2024-07-12T11:58:13.536+0100] {logging_mixin.py:188} INFO - [2024-07-12T11:58:13.535+0100] {dag.py:3954} INFO - Setting next_dagrun for example_skip_dag to 2024-07-11 00:00:00+00:00, run_after=2024-07-12 00:00:00+00:00
[2024-07-12T11:58:13.821+0100] {processor.py:183} INFO - Processing /home/victor/airflow_env/lib/python3.10/site-packages/airflow/example_dags/example_skip_dag.py took 0.645 seconds
[2024-07-12T11:59:34.681+0100] {processor.py:161} INFO - Started process (PID=29825) to work on /home/victor/airflow_env/lib/python3.10/site-packages/airflow/example_dags/example_skip_dag.py
[2024-07-12T11:59:34.686+0100] {processor.py:830} INFO - Processing file /home/victor/airflow_env/lib/python3.10/site-packages/airflow/example_dags/example_skip_dag.py for tasks to queue
[2024-07-12T11:59:34.695+0100] {logging_mixin.py:188} INFO - [2024-07-12T11:59:34.693+0100] {dagbag.py:545} INFO - Filling up the DagBag from /home/victor/airflow_env/lib/python3.10/site-packages/airflow/example_dags/example_skip_dag.py
[2024-07-12T11:59:34.731+0100] {processor.py:840} INFO - DAG(s) 'example_skip_dag' retrieved from /home/victor/airflow_env/lib/python3.10/site-packages/airflow/example_dags/example_skip_dag.py
[2024-07-12T11:59:34.844+0100] {logging_mixin.py:188} INFO - [2024-07-12T11:59:34.843+0100] {dag.py:3096} INFO - Sync 1 DAGs
[2024-07-12T11:59:34.976+0100] {logging_mixin.py:188} INFO - [2024-07-12T11:59:34.975+0100] {dag.py:3954} INFO - Setting next_dagrun for example_skip_dag to 2024-07-11 00:00:00+00:00, run_after=2024-07-12 00:00:00+00:00
[2024-07-12T11:59:35.304+0100] {processor.py:183} INFO - Processing /home/victor/airflow_env/lib/python3.10/site-packages/airflow/example_dags/example_skip_dag.py took 0.653 seconds
[2024-07-12T12:00:59.008+0100] {processor.py:161} INFO - Started process (PID=30171) to work on /home/victor/airflow_env/lib/python3.10/site-packages/airflow/example_dags/example_skip_dag.py
[2024-07-12T12:00:59.013+0100] {processor.py:830} INFO - Processing file /home/victor/airflow_env/lib/python3.10/site-packages/airflow/example_dags/example_skip_dag.py for tasks to queue
[2024-07-12T12:00:59.040+0100] {logging_mixin.py:188} INFO - [2024-07-12T12:00:59.029+0100] {dagbag.py:545} INFO - Filling up the DagBag from /home/victor/airflow_env/lib/python3.10/site-packages/airflow/example_dags/example_skip_dag.py
[2024-07-12T12:00:59.117+0100] {processor.py:840} INFO - DAG(s) 'example_skip_dag' retrieved from /home/victor/airflow_env/lib/python3.10/site-packages/airflow/example_dags/example_skip_dag.py
[2024-07-12T12:00:59.269+0100] {logging_mixin.py:188} INFO - [2024-07-12T12:00:59.268+0100] {dag.py:3096} INFO - Sync 1 DAGs
[2024-07-12T12:00:59.476+0100] {logging_mixin.py:188} INFO - [2024-07-12T12:00:59.466+0100] {dag.py:3954} INFO - Setting next_dagrun for example_skip_dag to 2024-07-11 00:00:00+00:00, run_after=2024-07-12 00:00:00+00:00
[2024-07-12T12:00:59.901+0100] {processor.py:183} INFO - Processing /home/victor/airflow_env/lib/python3.10/site-packages/airflow/example_dags/example_skip_dag.py took 0.960 seconds
[2024-07-12T12:02:36.007+0100] {processor.py:161} INFO - Started process (PID=30563) to work on /home/victor/airflow_env/lib/python3.10/site-packages/airflow/example_dags/example_skip_dag.py
[2024-07-12T12:02:36.013+0100] {processor.py:830} INFO - Processing file /home/victor/airflow_env/lib/python3.10/site-packages/airflow/example_dags/example_skip_dag.py for tasks to queue
[2024-07-12T12:02:36.021+0100] {logging_mixin.py:188} INFO - [2024-07-12T12:02:36.019+0100] {dagbag.py:545} INFO - Filling up the DagBag from /home/victor/airflow_env/lib/python3.10/site-packages/airflow/example_dags/example_skip_dag.py
[2024-07-12T12:02:36.061+0100] {processor.py:840} INFO - DAG(s) 'example_skip_dag' retrieved from /home/victor/airflow_env/lib/python3.10/site-packages/airflow/example_dags/example_skip_dag.py
[2024-07-12T12:02:36.330+0100] {logging_mixin.py:188} INFO - [2024-07-12T12:02:36.329+0100] {dag.py:3096} INFO - Sync 1 DAGs
[2024-07-12T12:02:36.535+0100] {logging_mixin.py:188} INFO - [2024-07-12T12:02:36.534+0100] {dag.py:3954} INFO - Setting next_dagrun for example_skip_dag to 2024-07-11 00:00:00+00:00, run_after=2024-07-12 00:00:00+00:00
[2024-07-12T12:02:36.828+0100] {processor.py:183} INFO - Processing /home/victor/airflow_env/lib/python3.10/site-packages/airflow/example_dags/example_skip_dag.py took 0.853 seconds
[2024-07-12T12:04:21.773+0100] {processor.py:161} INFO - Started process (PID=30989) to work on /home/victor/airflow_env/lib/python3.10/site-packages/airflow/example_dags/example_skip_dag.py
[2024-07-12T12:04:21.778+0100] {processor.py:830} INFO - Processing file /home/victor/airflow_env/lib/python3.10/site-packages/airflow/example_dags/example_skip_dag.py for tasks to queue
[2024-07-12T12:04:21.786+0100] {logging_mixin.py:188} INFO - [2024-07-12T12:04:21.784+0100] {dagbag.py:545} INFO - Filling up the DagBag from /home/victor/airflow_env/lib/python3.10/site-packages/airflow/example_dags/example_skip_dag.py
[2024-07-12T12:04:21.832+0100] {processor.py:840} INFO - DAG(s) 'example_skip_dag' retrieved from /home/victor/airflow_env/lib/python3.10/site-packages/airflow/example_dags/example_skip_dag.py
[2024-07-12T12:04:21.948+0100] {logging_mixin.py:188} INFO - [2024-07-12T12:04:21.947+0100] {dag.py:3096} INFO - Sync 1 DAGs
[2024-07-12T12:04:22.075+0100] {logging_mixin.py:188} INFO - [2024-07-12T12:04:22.074+0100] {dag.py:3954} INFO - Setting next_dagrun for example_skip_dag to 2024-07-11 00:00:00+00:00, run_after=2024-07-12 00:00:00+00:00
[2024-07-12T12:04:22.526+0100] {processor.py:183} INFO - Processing /home/victor/airflow_env/lib/python3.10/site-packages/airflow/example_dags/example_skip_dag.py took 0.788 seconds
[2024-07-12T12:05:49.676+0100] {processor.py:161} INFO - Started process (PID=31350) to work on /home/victor/airflow_env/lib/python3.10/site-packages/airflow/example_dags/example_skip_dag.py
[2024-07-12T12:05:49.681+0100] {processor.py:830} INFO - Processing file /home/victor/airflow_env/lib/python3.10/site-packages/airflow/example_dags/example_skip_dag.py for tasks to queue
[2024-07-12T12:05:49.690+0100] {logging_mixin.py:188} INFO - [2024-07-12T12:05:49.688+0100] {dagbag.py:545} INFO - Filling up the DagBag from /home/victor/airflow_env/lib/python3.10/site-packages/airflow/example_dags/example_skip_dag.py
[2024-07-12T12:05:49.735+0100] {processor.py:840} INFO - DAG(s) 'example_skip_dag' retrieved from /home/victor/airflow_env/lib/python3.10/site-packages/airflow/example_dags/example_skip_dag.py
[2024-07-12T12:05:49.864+0100] {logging_mixin.py:188} INFO - [2024-07-12T12:05:49.863+0100] {dag.py:3096} INFO - Sync 1 DAGs
[2024-07-12T12:05:49.978+0100] {logging_mixin.py:188} INFO - [2024-07-12T12:05:49.977+0100] {dag.py:3954} INFO - Setting next_dagrun for example_skip_dag to 2024-07-11 00:00:00+00:00, run_after=2024-07-12 00:00:00+00:00
[2024-07-12T12:05:50.257+0100] {processor.py:183} INFO - Processing /home/victor/airflow_env/lib/python3.10/site-packages/airflow/example_dags/example_skip_dag.py took 0.613 seconds
[2024-07-12T12:07:08.526+0100] {processor.py:161} INFO - Started process (PID=31679) to work on /home/victor/airflow_env/lib/python3.10/site-packages/airflow/example_dags/example_skip_dag.py
[2024-07-12T12:07:08.531+0100] {processor.py:830} INFO - Processing file /home/victor/airflow_env/lib/python3.10/site-packages/airflow/example_dags/example_skip_dag.py for tasks to queue
[2024-07-12T12:07:08.539+0100] {logging_mixin.py:188} INFO - [2024-07-12T12:07:08.537+0100] {dagbag.py:545} INFO - Filling up the DagBag from /home/victor/airflow_env/lib/python3.10/site-packages/airflow/example_dags/example_skip_dag.py
[2024-07-12T12:07:08.573+0100] {processor.py:840} INFO - DAG(s) 'example_skip_dag' retrieved from /home/victor/airflow_env/lib/python3.10/site-packages/airflow/example_dags/example_skip_dag.py
[2024-07-12T12:07:08.882+0100] {logging_mixin.py:188} INFO - [2024-07-12T12:07:08.881+0100] {dag.py:3096} INFO - Sync 1 DAGs
[2024-07-12T12:07:09.079+0100] {logging_mixin.py:188} INFO - [2024-07-12T12:07:09.078+0100] {dag.py:3954} INFO - Setting next_dagrun for example_skip_dag to 2024-07-11 00:00:00+00:00, run_after=2024-07-12 00:00:00+00:00
[2024-07-12T12:07:09.431+0100] {processor.py:183} INFO - Processing /home/victor/airflow_env/lib/python3.10/site-packages/airflow/example_dags/example_skip_dag.py took 0.934 seconds
[2024-07-12T12:08:33.787+0100] {processor.py:161} INFO - Started process (PID=32027) to work on /home/victor/airflow_env/lib/python3.10/site-packages/airflow/example_dags/example_skip_dag.py
[2024-07-12T12:08:33.792+0100] {processor.py:830} INFO - Processing file /home/victor/airflow_env/lib/python3.10/site-packages/airflow/example_dags/example_skip_dag.py for tasks to queue
[2024-07-12T12:08:33.813+0100] {logging_mixin.py:188} INFO - [2024-07-12T12:08:33.811+0100] {dagbag.py:545} INFO - Filling up the DagBag from /home/victor/airflow_env/lib/python3.10/site-packages/airflow/example_dags/example_skip_dag.py
[2024-07-12T12:08:33.876+0100] {processor.py:840} INFO - DAG(s) 'example_skip_dag' retrieved from /home/victor/airflow_env/lib/python3.10/site-packages/airflow/example_dags/example_skip_dag.py
[2024-07-12T12:08:34.017+0100] {logging_mixin.py:188} INFO - [2024-07-12T12:08:34.016+0100] {dag.py:3096} INFO - Sync 1 DAGs
[2024-07-12T12:08:34.153+0100] {logging_mixin.py:188} INFO - [2024-07-12T12:08:34.152+0100] {dag.py:3954} INFO - Setting next_dagrun for example_skip_dag to 2024-07-11 00:00:00+00:00, run_after=2024-07-12 00:00:00+00:00
[2024-07-12T12:08:34.487+0100] {processor.py:183} INFO - Processing /home/victor/airflow_env/lib/python3.10/site-packages/airflow/example_dags/example_skip_dag.py took 0.772 seconds
[2024-07-12T12:10:02.713+0100] {processor.py:161} INFO - Started process (PID=32396) to work on /home/victor/airflow_env/lib/python3.10/site-packages/airflow/example_dags/example_skip_dag.py
[2024-07-12T12:10:02.718+0100] {processor.py:830} INFO - Processing file /home/victor/airflow_env/lib/python3.10/site-packages/airflow/example_dags/example_skip_dag.py for tasks to queue
[2024-07-12T12:10:02.726+0100] {logging_mixin.py:188} INFO - [2024-07-12T12:10:02.725+0100] {dagbag.py:545} INFO - Filling up the DagBag from /home/victor/airflow_env/lib/python3.10/site-packages/airflow/example_dags/example_skip_dag.py
[2024-07-12T12:10:02.764+0100] {processor.py:840} INFO - DAG(s) 'example_skip_dag' retrieved from /home/victor/airflow_env/lib/python3.10/site-packages/airflow/example_dags/example_skip_dag.py
[2024-07-12T12:10:02.942+0100] {logging_mixin.py:188} INFO - [2024-07-12T12:10:02.941+0100] {dag.py:3096} INFO - Sync 1 DAGs
[2024-07-12T12:10:03.089+0100] {logging_mixin.py:188} INFO - [2024-07-12T12:10:03.088+0100] {dag.py:3954} INFO - Setting next_dagrun for example_skip_dag to 2024-07-11 00:00:00+00:00, run_after=2024-07-12 00:00:00+00:00
[2024-07-12T12:10:03.546+0100] {processor.py:183} INFO - Processing /home/victor/airflow_env/lib/python3.10/site-packages/airflow/example_dags/example_skip_dag.py took 0.865 seconds
[2024-07-12T12:11:31.806+0100] {processor.py:161} INFO - Started process (PID=32763) to work on /home/victor/airflow_env/lib/python3.10/site-packages/airflow/example_dags/example_skip_dag.py
[2024-07-12T12:11:31.812+0100] {processor.py:830} INFO - Processing file /home/victor/airflow_env/lib/python3.10/site-packages/airflow/example_dags/example_skip_dag.py for tasks to queue
[2024-07-12T12:11:31.822+0100] {logging_mixin.py:188} INFO - [2024-07-12T12:11:31.818+0100] {dagbag.py:545} INFO - Filling up the DagBag from /home/victor/airflow_env/lib/python3.10/site-packages/airflow/example_dags/example_skip_dag.py
[2024-07-12T12:11:31.903+0100] {processor.py:840} INFO - DAG(s) 'example_skip_dag' retrieved from /home/victor/airflow_env/lib/python3.10/site-packages/airflow/example_dags/example_skip_dag.py
[2024-07-12T12:11:32.054+0100] {logging_mixin.py:188} INFO - [2024-07-12T12:11:32.053+0100] {dag.py:3096} INFO - Sync 1 DAGs
[2024-07-12T12:11:32.328+0100] {logging_mixin.py:188} INFO - [2024-07-12T12:11:32.326+0100] {dag.py:3954} INFO - Setting next_dagrun for example_skip_dag to 2024-07-11 00:00:00+00:00, run_after=2024-07-12 00:00:00+00:00
[2024-07-12T12:11:32.741+0100] {processor.py:183} INFO - Processing /home/victor/airflow_env/lib/python3.10/site-packages/airflow/example_dags/example_skip_dag.py took 0.972 seconds
[2024-07-12T12:12:52.646+0100] {processor.py:161} INFO - Started process (PID=33100) to work on /home/victor/airflow_env/lib/python3.10/site-packages/airflow/example_dags/example_skip_dag.py
[2024-07-12T12:12:52.652+0100] {processor.py:830} INFO - Processing file /home/victor/airflow_env/lib/python3.10/site-packages/airflow/example_dags/example_skip_dag.py for tasks to queue
[2024-07-12T12:12:52.662+0100] {logging_mixin.py:188} INFO - [2024-07-12T12:12:52.660+0100] {dagbag.py:545} INFO - Filling up the DagBag from /home/victor/airflow_env/lib/python3.10/site-packages/airflow/example_dags/example_skip_dag.py
[2024-07-12T12:12:52.700+0100] {processor.py:840} INFO - DAG(s) 'example_skip_dag' retrieved from /home/victor/airflow_env/lib/python3.10/site-packages/airflow/example_dags/example_skip_dag.py
[2024-07-12T12:12:52.822+0100] {logging_mixin.py:188} INFO - [2024-07-12T12:12:52.821+0100] {dag.py:3096} INFO - Sync 1 DAGs
[2024-07-12T12:12:52.950+0100] {logging_mixin.py:188} INFO - [2024-07-12T12:12:52.949+0100] {dag.py:3954} INFO - Setting next_dagrun for example_skip_dag to 2024-07-11 00:00:00+00:00, run_after=2024-07-12 00:00:00+00:00
[2024-07-12T12:12:53.271+0100] {processor.py:183} INFO - Processing /home/victor/airflow_env/lib/python3.10/site-packages/airflow/example_dags/example_skip_dag.py took 0.669 seconds
[2024-07-12T12:14:15.595+0100] {processor.py:161} INFO - Started process (PID=33441) to work on /home/victor/airflow_env/lib/python3.10/site-packages/airflow/example_dags/example_skip_dag.py
[2024-07-12T12:14:15.600+0100] {processor.py:830} INFO - Processing file /home/victor/airflow_env/lib/python3.10/site-packages/airflow/example_dags/example_skip_dag.py for tasks to queue
[2024-07-12T12:14:15.608+0100] {logging_mixin.py:188} INFO - [2024-07-12T12:14:15.607+0100] {dagbag.py:545} INFO - Filling up the DagBag from /home/victor/airflow_env/lib/python3.10/site-packages/airflow/example_dags/example_skip_dag.py
[2024-07-12T12:14:15.649+0100] {processor.py:840} INFO - DAG(s) 'example_skip_dag' retrieved from /home/victor/airflow_env/lib/python3.10/site-packages/airflow/example_dags/example_skip_dag.py
[2024-07-12T12:14:15.774+0100] {logging_mixin.py:188} INFO - [2024-07-12T12:14:15.773+0100] {dag.py:3096} INFO - Sync 1 DAGs
[2024-07-12T12:14:15.888+0100] {logging_mixin.py:188} INFO - [2024-07-12T12:14:15.887+0100] {dag.py:3954} INFO - Setting next_dagrun for example_skip_dag to 2024-07-11 00:00:00+00:00, run_after=2024-07-12 00:00:00+00:00
[2024-07-12T12:14:16.440+0100] {processor.py:183} INFO - Processing /home/victor/airflow_env/lib/python3.10/site-packages/airflow/example_dags/example_skip_dag.py took 0.877 seconds
[2024-07-12T12:15:48.237+0100] {processor.py:161} INFO - Started process (PID=33814) to work on /home/victor/airflow_env/lib/python3.10/site-packages/airflow/example_dags/example_skip_dag.py
[2024-07-12T12:15:48.251+0100] {processor.py:830} INFO - Processing file /home/victor/airflow_env/lib/python3.10/site-packages/airflow/example_dags/example_skip_dag.py for tasks to queue
[2024-07-12T12:15:48.261+0100] {logging_mixin.py:188} INFO - [2024-07-12T12:15:48.259+0100] {dagbag.py:545} INFO - Filling up the DagBag from /home/victor/airflow_env/lib/python3.10/site-packages/airflow/example_dags/example_skip_dag.py
[2024-07-12T12:15:48.343+0100] {processor.py:840} INFO - DAG(s) 'example_skip_dag' retrieved from /home/victor/airflow_env/lib/python3.10/site-packages/airflow/example_dags/example_skip_dag.py
[2024-07-12T12:15:48.558+0100] {logging_mixin.py:188} INFO - [2024-07-12T12:15:48.557+0100] {dag.py:3096} INFO - Sync 1 DAGs
[2024-07-12T12:15:48.726+0100] {logging_mixin.py:188} INFO - [2024-07-12T12:15:48.724+0100] {dag.py:3954} INFO - Setting next_dagrun for example_skip_dag to 2024-07-11 00:00:00+00:00, run_after=2024-07-12 00:00:00+00:00
[2024-07-12T12:15:49.102+0100] {processor.py:183} INFO - Processing /home/victor/airflow_env/lib/python3.10/site-packages/airflow/example_dags/example_skip_dag.py took 0.969 seconds
[2024-07-12T12:17:48.775+0100] {processor.py:161} INFO - Started process (PID=34298) to work on /home/victor/airflow_env/lib/python3.10/site-packages/airflow/example_dags/example_skip_dag.py
[2024-07-12T12:17:48.780+0100] {processor.py:830} INFO - Processing file /home/victor/airflow_env/lib/python3.10/site-packages/airflow/example_dags/example_skip_dag.py for tasks to queue
[2024-07-12T12:17:48.789+0100] {logging_mixin.py:188} INFO - [2024-07-12T12:17:48.787+0100] {dagbag.py:545} INFO - Filling up the DagBag from /home/victor/airflow_env/lib/python3.10/site-packages/airflow/example_dags/example_skip_dag.py
[2024-07-12T12:17:48.829+0100] {processor.py:840} INFO - DAG(s) 'example_skip_dag' retrieved from /home/victor/airflow_env/lib/python3.10/site-packages/airflow/example_dags/example_skip_dag.py
[2024-07-12T12:17:49.003+0100] {logging_mixin.py:188} INFO - [2024-07-12T12:17:49.002+0100] {dag.py:3096} INFO - Sync 1 DAGs
[2024-07-12T12:17:49.157+0100] {logging_mixin.py:188} INFO - [2024-07-12T12:17:49.149+0100] {dag.py:3954} INFO - Setting next_dagrun for example_skip_dag to 2024-07-11 00:00:00+00:00, run_after=2024-07-12 00:00:00+00:00
[2024-07-12T12:17:49.577+0100] {processor.py:183} INFO - Processing /home/victor/airflow_env/lib/python3.10/site-packages/airflow/example_dags/example_skip_dag.py took 0.848 seconds
[2024-07-12T12:19:41.347+0100] {processor.py:161} INFO - Started process (PID=34752) to work on /home/victor/airflow_env/lib/python3.10/site-packages/airflow/example_dags/example_skip_dag.py
[2024-07-12T12:19:41.360+0100] {processor.py:830} INFO - Processing file /home/victor/airflow_env/lib/python3.10/site-packages/airflow/example_dags/example_skip_dag.py for tasks to queue
[2024-07-12T12:19:41.379+0100] {logging_mixin.py:188} INFO - [2024-07-12T12:19:41.377+0100] {dagbag.py:545} INFO - Filling up the DagBag from /home/victor/airflow_env/lib/python3.10/site-packages/airflow/example_dags/example_skip_dag.py
[2024-07-12T12:19:41.477+0100] {processor.py:840} INFO - DAG(s) 'example_skip_dag' retrieved from /home/victor/airflow_env/lib/python3.10/site-packages/airflow/example_dags/example_skip_dag.py
[2024-07-12T12:19:41.785+0100] {logging_mixin.py:188} INFO - [2024-07-12T12:19:41.783+0100] {dag.py:3096} INFO - Sync 1 DAGs
[2024-07-12T12:19:42.126+0100] {logging_mixin.py:188} INFO - [2024-07-12T12:19:42.125+0100] {dag.py:3954} INFO - Setting next_dagrun for example_skip_dag to 2024-07-11 00:00:00+00:00, run_after=2024-07-12 00:00:00+00:00
[2024-07-12T12:19:42.592+0100] {processor.py:183} INFO - Processing /home/victor/airflow_env/lib/python3.10/site-packages/airflow/example_dags/example_skip_dag.py took 1.328 seconds
[2024-07-12T12:21:12.126+0100] {processor.py:161} INFO - Started process (PID=35126) to work on /home/victor/airflow_env/lib/python3.10/site-packages/airflow/example_dags/example_skip_dag.py
[2024-07-12T12:21:12.131+0100] {processor.py:830} INFO - Processing file /home/victor/airflow_env/lib/python3.10/site-packages/airflow/example_dags/example_skip_dag.py for tasks to queue
[2024-07-12T12:21:12.143+0100] {logging_mixin.py:188} INFO - [2024-07-12T12:21:12.140+0100] {dagbag.py:545} INFO - Filling up the DagBag from /home/victor/airflow_env/lib/python3.10/site-packages/airflow/example_dags/example_skip_dag.py
[2024-07-12T12:21:12.190+0100] {processor.py:840} INFO - DAG(s) 'example_skip_dag' retrieved from /home/victor/airflow_env/lib/python3.10/site-packages/airflow/example_dags/example_skip_dag.py
[2024-07-12T12:21:12.332+0100] {logging_mixin.py:188} INFO - [2024-07-12T12:21:12.331+0100] {dag.py:3096} INFO - Sync 1 DAGs
[2024-07-12T12:21:12.474+0100] {logging_mixin.py:188} INFO - [2024-07-12T12:21:12.473+0100] {dag.py:3954} INFO - Setting next_dagrun for example_skip_dag to 2024-07-11 00:00:00+00:00, run_after=2024-07-12 00:00:00+00:00
[2024-07-12T12:21:13.490+0100] {processor.py:183} INFO - Processing /home/victor/airflow_env/lib/python3.10/site-packages/airflow/example_dags/example_skip_dag.py took 1.417 seconds
[2024-07-12T12:22:40.149+0100] {processor.py:161} INFO - Started process (PID=35489) to work on /home/victor/airflow_env/lib/python3.10/site-packages/airflow/example_dags/example_skip_dag.py
[2024-07-12T12:22:40.154+0100] {processor.py:830} INFO - Processing file /home/victor/airflow_env/lib/python3.10/site-packages/airflow/example_dags/example_skip_dag.py for tasks to queue
[2024-07-12T12:22:40.165+0100] {logging_mixin.py:188} INFO - [2024-07-12T12:22:40.163+0100] {dagbag.py:545} INFO - Filling up the DagBag from /home/victor/airflow_env/lib/python3.10/site-packages/airflow/example_dags/example_skip_dag.py
[2024-07-12T12:22:40.239+0100] {processor.py:840} INFO - DAG(s) 'example_skip_dag' retrieved from /home/victor/airflow_env/lib/python3.10/site-packages/airflow/example_dags/example_skip_dag.py
[2024-07-12T12:22:40.399+0100] {logging_mixin.py:188} INFO - [2024-07-12T12:22:40.398+0100] {dag.py:3096} INFO - Sync 1 DAGs
[2024-07-12T12:22:40.638+0100] {logging_mixin.py:188} INFO - [2024-07-12T12:22:40.631+0100] {dag.py:3954} INFO - Setting next_dagrun for example_skip_dag to 2024-07-11 00:00:00+00:00, run_after=2024-07-12 00:00:00+00:00
[2024-07-12T12:22:41.038+0100] {processor.py:183} INFO - Processing /home/victor/airflow_env/lib/python3.10/site-packages/airflow/example_dags/example_skip_dag.py took 0.926 seconds
[2024-07-12T12:24:12.332+0100] {processor.py:161} INFO - Started process (PID=35863) to work on /home/victor/airflow_env/lib/python3.10/site-packages/airflow/example_dags/example_skip_dag.py
[2024-07-12T12:24:12.338+0100] {processor.py:830} INFO - Processing file /home/victor/airflow_env/lib/python3.10/site-packages/airflow/example_dags/example_skip_dag.py for tasks to queue
[2024-07-12T12:24:12.350+0100] {logging_mixin.py:188} INFO - [2024-07-12T12:24:12.348+0100] {dagbag.py:545} INFO - Filling up the DagBag from /home/victor/airflow_env/lib/python3.10/site-packages/airflow/example_dags/example_skip_dag.py
[2024-07-12T12:24:12.404+0100] {processor.py:840} INFO - DAG(s) 'example_skip_dag' retrieved from /home/victor/airflow_env/lib/python3.10/site-packages/airflow/example_dags/example_skip_dag.py
[2024-07-12T12:24:12.592+0100] {logging_mixin.py:188} INFO - [2024-07-12T12:24:12.591+0100] {dag.py:3096} INFO - Sync 1 DAGs
[2024-07-12T12:24:12.777+0100] {logging_mixin.py:188} INFO - [2024-07-12T12:24:12.775+0100] {dag.py:3954} INFO - Setting next_dagrun for example_skip_dag to 2024-07-11 00:00:00+00:00, run_after=2024-07-12 00:00:00+00:00
[2024-07-12T12:24:13.279+0100] {processor.py:183} INFO - Processing /home/victor/airflow_env/lib/python3.10/site-packages/airflow/example_dags/example_skip_dag.py took 0.982 seconds
[2024-07-12T12:25:53.512+0100] {processor.py:161} INFO - Started process (PID=36273) to work on /home/victor/airflow_env/lib/python3.10/site-packages/airflow/example_dags/example_skip_dag.py
[2024-07-12T12:25:53.516+0100] {processor.py:830} INFO - Processing file /home/victor/airflow_env/lib/python3.10/site-packages/airflow/example_dags/example_skip_dag.py for tasks to queue
[2024-07-12T12:25:53.524+0100] {logging_mixin.py:188} INFO - [2024-07-12T12:25:53.522+0100] {dagbag.py:545} INFO - Filling up the DagBag from /home/victor/airflow_env/lib/python3.10/site-packages/airflow/example_dags/example_skip_dag.py
[2024-07-12T12:25:53.559+0100] {processor.py:840} INFO - DAG(s) 'example_skip_dag' retrieved from /home/victor/airflow_env/lib/python3.10/site-packages/airflow/example_dags/example_skip_dag.py
[2024-07-12T12:25:53.676+0100] {logging_mixin.py:188} INFO - [2024-07-12T12:25:53.675+0100] {dag.py:3096} INFO - Sync 1 DAGs
[2024-07-12T12:25:53.789+0100] {logging_mixin.py:188} INFO - [2024-07-12T12:25:53.788+0100] {dag.py:3954} INFO - Setting next_dagrun for example_skip_dag to 2024-07-11 00:00:00+00:00, run_after=2024-07-12 00:00:00+00:00
[2024-07-12T12:25:54.189+0100] {processor.py:183} INFO - Processing /home/victor/airflow_env/lib/python3.10/site-packages/airflow/example_dags/example_skip_dag.py took 0.713 seconds
[2024-07-12T12:27:24.873+0100] {processor.py:161} INFO - Started process (PID=36645) to work on /home/victor/airflow_env/lib/python3.10/site-packages/airflow/example_dags/example_skip_dag.py
[2024-07-12T12:27:24.879+0100] {processor.py:830} INFO - Processing file /home/victor/airflow_env/lib/python3.10/site-packages/airflow/example_dags/example_skip_dag.py for tasks to queue
[2024-07-12T12:27:24.888+0100] {logging_mixin.py:188} INFO - [2024-07-12T12:27:24.886+0100] {dagbag.py:545} INFO - Filling up the DagBag from /home/victor/airflow_env/lib/python3.10/site-packages/airflow/example_dags/example_skip_dag.py
[2024-07-12T12:27:24.921+0100] {processor.py:840} INFO - DAG(s) 'example_skip_dag' retrieved from /home/victor/airflow_env/lib/python3.10/site-packages/airflow/example_dags/example_skip_dag.py
[2024-07-12T12:27:25.027+0100] {logging_mixin.py:188} INFO - [2024-07-12T12:27:25.026+0100] {dag.py:3096} INFO - Sync 1 DAGs
[2024-07-12T12:27:25.144+0100] {logging_mixin.py:188} INFO - [2024-07-12T12:27:25.143+0100] {dag.py:3954} INFO - Setting next_dagrun for example_skip_dag to 2024-07-11 00:00:00+00:00, run_after=2024-07-12 00:00:00+00:00
[2024-07-12T12:27:25.447+0100] {processor.py:183} INFO - Processing /home/victor/airflow_env/lib/python3.10/site-packages/airflow/example_dags/example_skip_dag.py took 0.608 seconds
[2024-07-12T12:28:53.024+0100] {processor.py:161} INFO - Started process (PID=37006) to work on /home/victor/airflow_env/lib/python3.10/site-packages/airflow/example_dags/example_skip_dag.py
[2024-07-12T12:28:53.028+0100] {processor.py:830} INFO - Processing file /home/victor/airflow_env/lib/python3.10/site-packages/airflow/example_dags/example_skip_dag.py for tasks to queue
[2024-07-12T12:28:53.042+0100] {logging_mixin.py:188} INFO - [2024-07-12T12:28:53.039+0100] {dagbag.py:545} INFO - Filling up the DagBag from /home/victor/airflow_env/lib/python3.10/site-packages/airflow/example_dags/example_skip_dag.py
[2024-07-12T12:28:53.105+0100] {processor.py:840} INFO - DAG(s) 'example_skip_dag' retrieved from /home/victor/airflow_env/lib/python3.10/site-packages/airflow/example_dags/example_skip_dag.py
[2024-07-12T12:28:53.440+0100] {logging_mixin.py:188} INFO - [2024-07-12T12:28:53.439+0100] {dag.py:3096} INFO - Sync 1 DAGs
[2024-07-12T12:28:53.624+0100] {logging_mixin.py:188} INFO - [2024-07-12T12:28:53.623+0100] {dag.py:3954} INFO - Setting next_dagrun for example_skip_dag to 2024-07-11 00:00:00+00:00, run_after=2024-07-12 00:00:00+00:00
[2024-07-12T12:28:53.974+0100] {processor.py:183} INFO - Processing /home/victor/airflow_env/lib/python3.10/site-packages/airflow/example_dags/example_skip_dag.py took 1.002 seconds
[2024-07-12T12:30:29.714+0100] {processor.py:161} INFO - Started process (PID=37400) to work on /home/victor/airflow_env/lib/python3.10/site-packages/airflow/example_dags/example_skip_dag.py
[2024-07-12T12:30:29.725+0100] {processor.py:830} INFO - Processing file /home/victor/airflow_env/lib/python3.10/site-packages/airflow/example_dags/example_skip_dag.py for tasks to queue
[2024-07-12T12:30:29.736+0100] {logging_mixin.py:188} INFO - [2024-07-12T12:30:29.733+0100] {dagbag.py:545} INFO - Filling up the DagBag from /home/victor/airflow_env/lib/python3.10/site-packages/airflow/example_dags/example_skip_dag.py
[2024-07-12T12:30:29.774+0100] {processor.py:840} INFO - DAG(s) 'example_skip_dag' retrieved from /home/victor/airflow_env/lib/python3.10/site-packages/airflow/example_dags/example_skip_dag.py
[2024-07-12T12:30:29.902+0100] {logging_mixin.py:188} INFO - [2024-07-12T12:30:29.901+0100] {dag.py:3096} INFO - Sync 1 DAGs
[2024-07-12T12:30:30.034+0100] {logging_mixin.py:188} INFO - [2024-07-12T12:30:30.033+0100] {dag.py:3954} INFO - Setting next_dagrun for example_skip_dag to 2024-07-11 00:00:00+00:00, run_after=2024-07-12 00:00:00+00:00
[2024-07-12T12:30:30.349+0100] {processor.py:183} INFO - Processing /home/victor/airflow_env/lib/python3.10/site-packages/airflow/example_dags/example_skip_dag.py took 0.679 seconds
[2024-07-12T12:31:58.476+0100] {processor.py:161} INFO - Started process (PID=37769) to work on /home/victor/airflow_env/lib/python3.10/site-packages/airflow/example_dags/example_skip_dag.py
[2024-07-12T12:31:58.481+0100] {processor.py:830} INFO - Processing file /home/victor/airflow_env/lib/python3.10/site-packages/airflow/example_dags/example_skip_dag.py for tasks to queue
[2024-07-12T12:31:58.489+0100] {logging_mixin.py:188} INFO - [2024-07-12T12:31:58.487+0100] {dagbag.py:545} INFO - Filling up the DagBag from /home/victor/airflow_env/lib/python3.10/site-packages/airflow/example_dags/example_skip_dag.py
[2024-07-12T12:31:58.521+0100] {processor.py:840} INFO - DAG(s) 'example_skip_dag' retrieved from /home/victor/airflow_env/lib/python3.10/site-packages/airflow/example_dags/example_skip_dag.py
[2024-07-12T12:31:58.632+0100] {logging_mixin.py:188} INFO - [2024-07-12T12:31:58.631+0100] {dag.py:3096} INFO - Sync 1 DAGs
[2024-07-12T12:31:58.764+0100] {logging_mixin.py:188} INFO - [2024-07-12T12:31:58.763+0100] {dag.py:3954} INFO - Setting next_dagrun for example_skip_dag to 2024-07-11 00:00:00+00:00, run_after=2024-07-12 00:00:00+00:00
[2024-07-12T12:31:59.150+0100] {processor.py:183} INFO - Processing /home/victor/airflow_env/lib/python3.10/site-packages/airflow/example_dags/example_skip_dag.py took 0.702 seconds
