[2024-07-12T11:06:11.062+0100] {processor.py:161} INFO - Started process (PID=16294) to work on /home/victor/airflow_env/lib/python3.10/site-packages/airflow/example_dags/example_dag_decorator.py
[2024-07-12T11:06:11.068+0100] {processor.py:830} INFO - Processing file /home/victor/airflow_env/lib/python3.10/site-packages/airflow/example_dags/example_dag_decorator.py for tasks to queue
[2024-07-12T11:06:11.078+0100] {logging_mixin.py:188} INFO - [2024-07-12T11:06:11.075+0100] {dagbag.py:545} INFO - Filling up the DagBag from /home/victor/airflow_env/lib/python3.10/site-packages/airflow/example_dags/example_dag_decorator.py
[2024-07-12T11:06:11.607+0100] {processor.py:840} INFO - DAG(s) 'example_dag_decorator' retrieved from /home/victor/airflow_env/lib/python3.10/site-packages/airflow/example_dags/example_dag_decorator.py
[2024-07-12T11:06:12.855+0100] {logging_mixin.py:188} INFO - [2024-07-12T11:06:12.852+0100] {override.py:1847} INFO - Created Permission View: can edit on DAG:example_dag_decorator
[2024-07-12T11:06:13.061+0100] {logging_mixin.py:188} INFO - [2024-07-12T11:06:13.059+0100] {override.py:1847} INFO - Created Permission View: can read on DAG:example_dag_decorator
[2024-07-12T11:06:13.247+0100] {logging_mixin.py:188} INFO - [2024-07-12T11:06:13.245+0100] {override.py:1847} INFO - Created Permission View: can delete on DAG:example_dag_decorator
[2024-07-12T11:06:13.254+0100] {logging_mixin.py:188} INFO - [2024-07-12T11:06:13.252+0100] {dag.py:3096} INFO - Sync 1 DAGs
[2024-07-12T11:06:13.354+0100] {logging_mixin.py:188} INFO - [2024-07-12T11:06:13.352+0100] {dag.py:3118} INFO - Creating ORM DAG for example_dag_decorator
[2024-07-12T11:06:13.359+0100] {logging_mixin.py:188} INFO - [2024-07-12T11:06:13.358+0100] {dag.py:3954} INFO - Setting next_dagrun for example_dag_decorator to None, run_after=None
[2024-07-12T11:06:13.794+0100] {processor.py:183} INFO - Processing /home/victor/airflow_env/lib/python3.10/site-packages/airflow/example_dags/example_dag_decorator.py took 2.765 seconds
[2024-07-12T11:09:13.844+0100] {processor.py:161} INFO - Started process (PID=17009) to work on /home/victor/airflow_env/lib/python3.10/site-packages/airflow/example_dags/example_dag_decorator.py
[2024-07-12T11:09:13.850+0100] {processor.py:830} INFO - Processing file /home/victor/airflow_env/lib/python3.10/site-packages/airflow/example_dags/example_dag_decorator.py for tasks to queue
[2024-07-12T11:09:13.870+0100] {logging_mixin.py:188} INFO - [2024-07-12T11:09:13.860+0100] {dagbag.py:545} INFO - Filling up the DagBag from /home/victor/airflow_env/lib/python3.10/site-packages/airflow/example_dags/example_dag_decorator.py
[2024-07-12T11:09:14.823+0100] {processor.py:840} INFO - DAG(s) 'example_dag_decorator' retrieved from /home/victor/airflow_env/lib/python3.10/site-packages/airflow/example_dags/example_dag_decorator.py
[2024-07-12T11:09:15.926+0100] {logging_mixin.py:188} INFO - [2024-07-12T11:09:15.924+0100] {dag.py:3096} INFO - Sync 1 DAGs
[2024-07-12T11:09:16.064+0100] {logging_mixin.py:188} INFO - [2024-07-12T11:09:16.062+0100] {dag.py:3954} INFO - Setting next_dagrun for example_dag_decorator to None, run_after=None
[2024-07-12T11:09:17.168+0100] {processor.py:183} INFO - Processing /home/victor/airflow_env/lib/python3.10/site-packages/airflow/example_dags/example_dag_decorator.py took 3.372 seconds
[2024-07-12T11:11:31.028+0100] {processor.py:161} INFO - Started process (PID=17560) to work on /home/victor/airflow_env/lib/python3.10/site-packages/airflow/example_dags/example_dag_decorator.py
[2024-07-12T11:11:31.032+0100] {processor.py:830} INFO - Processing file /home/victor/airflow_env/lib/python3.10/site-packages/airflow/example_dags/example_dag_decorator.py for tasks to queue
[2024-07-12T11:11:31.041+0100] {logging_mixin.py:188} INFO - [2024-07-12T11:11:31.039+0100] {dagbag.py:545} INFO - Filling up the DagBag from /home/victor/airflow_env/lib/python3.10/site-packages/airflow/example_dags/example_dag_decorator.py
[2024-07-12T11:11:31.796+0100] {processor.py:840} INFO - DAG(s) 'example_dag_decorator' retrieved from /home/victor/airflow_env/lib/python3.10/site-packages/airflow/example_dags/example_dag_decorator.py
[2024-07-12T11:11:32.323+0100] {logging_mixin.py:188} INFO - [2024-07-12T11:11:32.322+0100] {dag.py:3096} INFO - Sync 1 DAGs
[2024-07-12T11:11:32.383+0100] {logging_mixin.py:188} INFO - [2024-07-12T11:11:32.382+0100] {dag.py:3954} INFO - Setting next_dagrun for example_dag_decorator to None, run_after=None
[2024-07-12T11:11:32.676+0100] {processor.py:183} INFO - Processing /home/victor/airflow_env/lib/python3.10/site-packages/airflow/example_dags/example_dag_decorator.py took 1.675 seconds
[2024-07-12T11:14:52.073+0100] {processor.py:161} INFO - Started process (PID=18382) to work on /home/victor/airflow_env/lib/python3.10/site-packages/airflow/example_dags/example_dag_decorator.py
[2024-07-12T11:14:52.078+0100] {processor.py:830} INFO - Processing file /home/victor/airflow_env/lib/python3.10/site-packages/airflow/example_dags/example_dag_decorator.py for tasks to queue
[2024-07-12T11:14:52.087+0100] {logging_mixin.py:188} INFO - [2024-07-12T11:14:52.085+0100] {dagbag.py:545} INFO - Filling up the DagBag from /home/victor/airflow_env/lib/python3.10/site-packages/airflow/example_dags/example_dag_decorator.py
[2024-07-12T11:14:52.625+0100] {processor.py:840} INFO - DAG(s) 'example_dag_decorator' retrieved from /home/victor/airflow_env/lib/python3.10/site-packages/airflow/example_dags/example_dag_decorator.py
[2024-07-12T11:14:53.275+0100] {logging_mixin.py:188} INFO - [2024-07-12T11:14:53.274+0100] {dag.py:3096} INFO - Sync 1 DAGs
[2024-07-12T11:14:53.330+0100] {logging_mixin.py:188} INFO - [2024-07-12T11:14:53.329+0100] {dag.py:3954} INFO - Setting next_dagrun for example_dag_decorator to None, run_after=None
[2024-07-12T11:14:53.734+0100] {processor.py:183} INFO - Processing /home/victor/airflow_env/lib/python3.10/site-packages/airflow/example_dags/example_dag_decorator.py took 1.699 seconds
[2024-07-12T11:17:27.137+0100] {processor.py:161} INFO - Started process (PID=19016) to work on /home/victor/airflow_env/lib/python3.10/site-packages/airflow/example_dags/example_dag_decorator.py
[2024-07-12T11:17:27.144+0100] {processor.py:830} INFO - Processing file /home/victor/airflow_env/lib/python3.10/site-packages/airflow/example_dags/example_dag_decorator.py for tasks to queue
[2024-07-12T11:17:27.169+0100] {logging_mixin.py:188} INFO - [2024-07-12T11:17:27.158+0100] {dagbag.py:545} INFO - Filling up the DagBag from /home/victor/airflow_env/lib/python3.10/site-packages/airflow/example_dags/example_dag_decorator.py
[2024-07-12T11:17:27.953+0100] {processor.py:840} INFO - DAG(s) 'example_dag_decorator' retrieved from /home/victor/airflow_env/lib/python3.10/site-packages/airflow/example_dags/example_dag_decorator.py
[2024-07-12T11:17:28.921+0100] {logging_mixin.py:188} INFO - [2024-07-12T11:17:28.920+0100] {dag.py:3096} INFO - Sync 1 DAGs
[2024-07-12T11:17:29.003+0100] {logging_mixin.py:188} INFO - [2024-07-12T11:17:29.002+0100] {dag.py:3954} INFO - Setting next_dagrun for example_dag_decorator to None, run_after=None
[2024-07-12T11:17:29.973+0100] {processor.py:183} INFO - Processing /home/victor/airflow_env/lib/python3.10/site-packages/airflow/example_dags/example_dag_decorator.py took 2.895 seconds
[2024-07-12T11:20:37.393+0100] {processor.py:161} INFO - Started process (PID=19798) to work on /home/victor/airflow_env/lib/python3.10/site-packages/airflow/example_dags/example_dag_decorator.py
[2024-07-12T11:20:37.398+0100] {processor.py:830} INFO - Processing file /home/victor/airflow_env/lib/python3.10/site-packages/airflow/example_dags/example_dag_decorator.py for tasks to queue
[2024-07-12T11:20:37.412+0100] {logging_mixin.py:188} INFO - [2024-07-12T11:20:37.410+0100] {dagbag.py:545} INFO - Filling up the DagBag from /home/victor/airflow_env/lib/python3.10/site-packages/airflow/example_dags/example_dag_decorator.py
[2024-07-12T11:20:37.858+0100] {processor.py:840} INFO - DAG(s) 'example_dag_decorator' retrieved from /home/victor/airflow_env/lib/python3.10/site-packages/airflow/example_dags/example_dag_decorator.py
[2024-07-12T11:20:38.912+0100] {logging_mixin.py:188} INFO - [2024-07-12T11:20:38.911+0100] {dag.py:3096} INFO - Sync 1 DAGs
[2024-07-12T11:20:38.986+0100] {logging_mixin.py:188} INFO - [2024-07-12T11:20:38.985+0100] {dag.py:3954} INFO - Setting next_dagrun for example_dag_decorator to None, run_after=None
[2024-07-12T11:20:39.599+0100] {processor.py:183} INFO - Processing /home/victor/airflow_env/lib/python3.10/site-packages/airflow/example_dags/example_dag_decorator.py took 2.278 seconds
[2024-07-12T11:24:00.770+0100] {processor.py:161} INFO - Started process (PID=20636) to work on /home/victor/airflow_env/lib/python3.10/site-packages/airflow/example_dags/example_dag_decorator.py
[2024-07-12T11:24:00.776+0100] {processor.py:830} INFO - Processing file /home/victor/airflow_env/lib/python3.10/site-packages/airflow/example_dags/example_dag_decorator.py for tasks to queue
[2024-07-12T11:24:00.786+0100] {logging_mixin.py:188} INFO - [2024-07-12T11:24:00.784+0100] {dagbag.py:545} INFO - Filling up the DagBag from /home/victor/airflow_env/lib/python3.10/site-packages/airflow/example_dags/example_dag_decorator.py
[2024-07-12T11:24:01.519+0100] {processor.py:840} INFO - DAG(s) 'example_dag_decorator' retrieved from /home/victor/airflow_env/lib/python3.10/site-packages/airflow/example_dags/example_dag_decorator.py
[2024-07-12T11:24:01.788+0100] {logging_mixin.py:188} INFO - [2024-07-12T11:24:01.787+0100] {dag.py:3096} INFO - Sync 1 DAGs
[2024-07-12T11:24:01.937+0100] {logging_mixin.py:188} INFO - [2024-07-12T11:24:01.936+0100] {dag.py:3954} INFO - Setting next_dagrun for example_dag_decorator to None, run_after=None
[2024-07-12T11:24:02.983+0100] {processor.py:183} INFO - Processing /home/victor/airflow_env/lib/python3.10/site-packages/airflow/example_dags/example_dag_decorator.py took 2.260 seconds
[2024-07-12T11:27:21.173+0100] {processor.py:161} INFO - Started process (PID=21458) to work on /home/victor/airflow_env/lib/python3.10/site-packages/airflow/example_dags/example_dag_decorator.py
[2024-07-12T11:27:21.178+0100] {processor.py:830} INFO - Processing file /home/victor/airflow_env/lib/python3.10/site-packages/airflow/example_dags/example_dag_decorator.py for tasks to queue
[2024-07-12T11:27:21.186+0100] {logging_mixin.py:188} INFO - [2024-07-12T11:27:21.184+0100] {dagbag.py:545} INFO - Filling up the DagBag from /home/victor/airflow_env/lib/python3.10/site-packages/airflow/example_dags/example_dag_decorator.py
[2024-07-12T11:27:21.600+0100] {processor.py:840} INFO - DAG(s) 'example_dag_decorator' retrieved from /home/victor/airflow_env/lib/python3.10/site-packages/airflow/example_dags/example_dag_decorator.py
[2024-07-12T11:27:22.183+0100] {logging_mixin.py:188} INFO - [2024-07-12T11:27:22.182+0100] {dag.py:3096} INFO - Sync 1 DAGs
[2024-07-12T11:27:22.238+0100] {logging_mixin.py:188} INFO - [2024-07-12T11:27:22.237+0100] {dag.py:3954} INFO - Setting next_dagrun for example_dag_decorator to None, run_after=None
[2024-07-12T11:27:22.503+0100] {processor.py:183} INFO - Processing /home/victor/airflow_env/lib/python3.10/site-packages/airflow/example_dags/example_dag_decorator.py took 1.358 seconds
[2024-07-12T11:30:49.168+0100] {processor.py:161} INFO - Started process (PID=22302) to work on /home/victor/airflow_env/lib/python3.10/site-packages/airflow/example_dags/example_dag_decorator.py
[2024-07-12T11:30:49.176+0100] {processor.py:830} INFO - Processing file /home/victor/airflow_env/lib/python3.10/site-packages/airflow/example_dags/example_dag_decorator.py for tasks to queue
[2024-07-12T11:30:49.192+0100] {logging_mixin.py:188} INFO - [2024-07-12T11:30:49.189+0100] {dagbag.py:545} INFO - Filling up the DagBag from /home/victor/airflow_env/lib/python3.10/site-packages/airflow/example_dags/example_dag_decorator.py
[2024-07-12T11:30:50.012+0100] {processor.py:840} INFO - DAG(s) 'example_dag_decorator' retrieved from /home/victor/airflow_env/lib/python3.10/site-packages/airflow/example_dags/example_dag_decorator.py
[2024-07-12T11:30:51.666+0100] {logging_mixin.py:188} INFO - [2024-07-12T11:30:51.665+0100] {dag.py:3096} INFO - Sync 1 DAGs
[2024-07-12T11:30:51.985+0100] {logging_mixin.py:188} INFO - [2024-07-12T11:30:51.984+0100] {dag.py:3954} INFO - Setting next_dagrun for example_dag_decorator to None, run_after=None
[2024-07-12T11:30:52.655+0100] {processor.py:183} INFO - Processing /home/victor/airflow_env/lib/python3.10/site-packages/airflow/example_dags/example_dag_decorator.py took 3.545 seconds
[2024-07-12T11:33:32.999+0100] {processor.py:161} INFO - Started process (PID=23351) to work on /home/victor/airflow_env/lib/python3.10/site-packages/airflow/example_dags/example_dag_decorator.py
[2024-07-12T11:33:33.005+0100] {processor.py:830} INFO - Processing file /home/victor/airflow_env/lib/python3.10/site-packages/airflow/example_dags/example_dag_decorator.py for tasks to queue
[2024-07-12T11:33:33.020+0100] {logging_mixin.py:188} INFO - [2024-07-12T11:33:33.018+0100] {dagbag.py:545} INFO - Filling up the DagBag from /home/victor/airflow_env/lib/python3.10/site-packages/airflow/example_dags/example_dag_decorator.py
[2024-07-12T11:33:33.714+0100] {processor.py:840} INFO - DAG(s) 'example_dag_decorator' retrieved from /home/victor/airflow_env/lib/python3.10/site-packages/airflow/example_dags/example_dag_decorator.py
[2024-07-12T11:33:33.836+0100] {logging_mixin.py:188} INFO - [2024-07-12T11:33:33.835+0100] {dag.py:3096} INFO - Sync 1 DAGs
[2024-07-12T11:33:33.920+0100] {logging_mixin.py:188} INFO - [2024-07-12T11:33:33.910+0100] {dag.py:3954} INFO - Setting next_dagrun for example_dag_decorator to None, run_after=None
[2024-07-12T11:33:34.263+0100] {processor.py:183} INFO - Processing /home/victor/airflow_env/lib/python3.10/site-packages/airflow/example_dags/example_dag_decorator.py took 1.327 seconds
[2024-07-12T11:37:03.442+0100] {processor.py:161} INFO - Started process (PID=24252) to work on /home/victor/airflow_env/lib/python3.10/site-packages/airflow/example_dags/example_dag_decorator.py
[2024-07-12T11:37:03.446+0100] {processor.py:830} INFO - Processing file /home/victor/airflow_env/lib/python3.10/site-packages/airflow/example_dags/example_dag_decorator.py for tasks to queue
[2024-07-12T11:37:03.455+0100] {logging_mixin.py:188} INFO - [2024-07-12T11:37:03.453+0100] {dagbag.py:545} INFO - Filling up the DagBag from /home/victor/airflow_env/lib/python3.10/site-packages/airflow/example_dags/example_dag_decorator.py
[2024-07-12T11:37:03.937+0100] {processor.py:840} INFO - DAG(s) 'example_dag_decorator' retrieved from /home/victor/airflow_env/lib/python3.10/site-packages/airflow/example_dags/example_dag_decorator.py
[2024-07-12T11:37:04.081+0100] {logging_mixin.py:188} INFO - [2024-07-12T11:37:04.080+0100] {dag.py:3096} INFO - Sync 1 DAGs
[2024-07-12T11:37:04.149+0100] {logging_mixin.py:188} INFO - [2024-07-12T11:37:04.149+0100] {dag.py:3954} INFO - Setting next_dagrun for example_dag_decorator to None, run_after=None
[2024-07-12T11:37:04.495+0100] {processor.py:183} INFO - Processing /home/victor/airflow_env/lib/python3.10/site-packages/airflow/example_dags/example_dag_decorator.py took 1.083 seconds
[2024-07-12T11:39:53.317+0100] {processor.py:161} INFO - Started process (PID=24954) to work on /home/victor/airflow_env/lib/python3.10/site-packages/airflow/example_dags/example_dag_decorator.py
[2024-07-12T11:39:53.322+0100] {processor.py:830} INFO - Processing file /home/victor/airflow_env/lib/python3.10/site-packages/airflow/example_dags/example_dag_decorator.py for tasks to queue
[2024-07-12T11:39:53.331+0100] {logging_mixin.py:188} INFO - [2024-07-12T11:39:53.329+0100] {dagbag.py:545} INFO - Filling up the DagBag from /home/victor/airflow_env/lib/python3.10/site-packages/airflow/example_dags/example_dag_decorator.py
[2024-07-12T11:39:53.787+0100] {processor.py:840} INFO - DAG(s) 'example_dag_decorator' retrieved from /home/victor/airflow_env/lib/python3.10/site-packages/airflow/example_dags/example_dag_decorator.py
[2024-07-12T11:39:54.638+0100] {logging_mixin.py:188} INFO - [2024-07-12T11:39:54.637+0100] {dag.py:3096} INFO - Sync 1 DAGs
[2024-07-12T11:39:54.719+0100] {logging_mixin.py:188} INFO - [2024-07-12T11:39:54.718+0100] {dag.py:3954} INFO - Setting next_dagrun for example_dag_decorator to None, run_after=None
[2024-07-12T11:39:55.082+0100] {processor.py:183} INFO - Processing /home/victor/airflow_env/lib/python3.10/site-packages/airflow/example_dags/example_dag_decorator.py took 1.800 seconds
[2024-07-12T11:42:55.153+0100] {processor.py:161} INFO - Started process (PID=25695) to work on /home/victor/airflow_env/lib/python3.10/site-packages/airflow/example_dags/example_dag_decorator.py
[2024-07-12T11:42:55.158+0100] {processor.py:830} INFO - Processing file /home/victor/airflow_env/lib/python3.10/site-packages/airflow/example_dags/example_dag_decorator.py for tasks to queue
[2024-07-12T11:42:55.166+0100] {logging_mixin.py:188} INFO - [2024-07-12T11:42:55.164+0100] {dagbag.py:545} INFO - Filling up the DagBag from /home/victor/airflow_env/lib/python3.10/site-packages/airflow/example_dags/example_dag_decorator.py
[2024-07-12T11:42:55.794+0100] {processor.py:840} INFO - DAG(s) 'example_dag_decorator' retrieved from /home/victor/airflow_env/lib/python3.10/site-packages/airflow/example_dags/example_dag_decorator.py
[2024-07-12T11:42:56.439+0100] {logging_mixin.py:188} INFO - [2024-07-12T11:42:56.438+0100] {dag.py:3096} INFO - Sync 1 DAGs
[2024-07-12T11:42:56.500+0100] {logging_mixin.py:188} INFO - [2024-07-12T11:42:56.499+0100] {dag.py:3954} INFO - Setting next_dagrun for example_dag_decorator to None, run_after=None
[2024-07-12T11:42:56.844+0100] {processor.py:183} INFO - Processing /home/victor/airflow_env/lib/python3.10/site-packages/airflow/example_dags/example_dag_decorator.py took 1.721 seconds
[2024-07-12T11:45:43.343+0100] {processor.py:161} INFO - Started process (PID=26394) to work on /home/victor/airflow_env/lib/python3.10/site-packages/airflow/example_dags/example_dag_decorator.py
[2024-07-12T11:45:43.348+0100] {processor.py:830} INFO - Processing file /home/victor/airflow_env/lib/python3.10/site-packages/airflow/example_dags/example_dag_decorator.py for tasks to queue
[2024-07-12T11:45:43.357+0100] {logging_mixin.py:188} INFO - [2024-07-12T11:45:43.355+0100] {dagbag.py:545} INFO - Filling up the DagBag from /home/victor/airflow_env/lib/python3.10/site-packages/airflow/example_dags/example_dag_decorator.py
[2024-07-12T11:45:43.852+0100] {processor.py:840} INFO - DAG(s) 'example_dag_decorator' retrieved from /home/victor/airflow_env/lib/python3.10/site-packages/airflow/example_dags/example_dag_decorator.py
[2024-07-12T11:45:44.395+0100] {logging_mixin.py:188} INFO - [2024-07-12T11:45:44.394+0100] {dag.py:3096} INFO - Sync 1 DAGs
[2024-07-12T11:45:44.454+0100] {logging_mixin.py:188} INFO - [2024-07-12T11:45:44.453+0100] {dag.py:3954} INFO - Setting next_dagrun for example_dag_decorator to None, run_after=None
[2024-07-12T11:45:44.755+0100] {processor.py:183} INFO - Processing /home/victor/airflow_env/lib/python3.10/site-packages/airflow/example_dags/example_dag_decorator.py took 1.441 seconds
[2024-07-12T11:48:36.597+0100] {processor.py:161} INFO - Started process (PID=27113) to work on /home/victor/airflow_env/lib/python3.10/site-packages/airflow/example_dags/example_dag_decorator.py
[2024-07-12T11:48:36.604+0100] {processor.py:830} INFO - Processing file /home/victor/airflow_env/lib/python3.10/site-packages/airflow/example_dags/example_dag_decorator.py for tasks to queue
[2024-07-12T11:48:36.613+0100] {logging_mixin.py:188} INFO - [2024-07-12T11:48:36.611+0100] {dagbag.py:545} INFO - Filling up the DagBag from /home/victor/airflow_env/lib/python3.10/site-packages/airflow/example_dags/example_dag_decorator.py
[2024-07-12T11:48:37.221+0100] {processor.py:840} INFO - DAG(s) 'example_dag_decorator' retrieved from /home/victor/airflow_env/lib/python3.10/site-packages/airflow/example_dags/example_dag_decorator.py
[2024-07-12T11:48:38.262+0100] {logging_mixin.py:188} INFO - [2024-07-12T11:48:38.261+0100] {dag.py:3096} INFO - Sync 1 DAGs
[2024-07-12T11:48:38.355+0100] {logging_mixin.py:188} INFO - [2024-07-12T11:48:38.353+0100] {dag.py:3954} INFO - Setting next_dagrun for example_dag_decorator to None, run_after=None
[2024-07-12T11:48:40.022+0100] {processor.py:183} INFO - Processing /home/victor/airflow_env/lib/python3.10/site-packages/airflow/example_dags/example_dag_decorator.py took 3.467 seconds
[2024-07-12T11:51:39.834+0100] {processor.py:161} INFO - Started process (PID=27865) to work on /home/victor/airflow_env/lib/python3.10/site-packages/airflow/example_dags/example_dag_decorator.py
[2024-07-12T11:51:39.839+0100] {processor.py:830} INFO - Processing file /home/victor/airflow_env/lib/python3.10/site-packages/airflow/example_dags/example_dag_decorator.py for tasks to queue
[2024-07-12T11:51:39.847+0100] {logging_mixin.py:188} INFO - [2024-07-12T11:51:39.846+0100] {dagbag.py:545} INFO - Filling up the DagBag from /home/victor/airflow_env/lib/python3.10/site-packages/airflow/example_dags/example_dag_decorator.py
[2024-07-12T11:51:40.258+0100] {processor.py:840} INFO - DAG(s) 'example_dag_decorator' retrieved from /home/victor/airflow_env/lib/python3.10/site-packages/airflow/example_dags/example_dag_decorator.py
[2024-07-12T11:51:40.812+0100] {logging_mixin.py:188} INFO - [2024-07-12T11:51:40.811+0100] {dag.py:3096} INFO - Sync 1 DAGs
[2024-07-12T11:51:40.885+0100] {logging_mixin.py:188} INFO - [2024-07-12T11:51:40.883+0100] {dag.py:3954} INFO - Setting next_dagrun for example_dag_decorator to None, run_after=None
[2024-07-12T11:51:41.308+0100] {processor.py:183} INFO - Processing /home/victor/airflow_env/lib/python3.10/site-packages/airflow/example_dags/example_dag_decorator.py took 1.504 seconds
[2024-07-12T11:54:17.689+0100] {processor.py:161} INFO - Started process (PID=28522) to work on /home/victor/airflow_env/lib/python3.10/site-packages/airflow/example_dags/example_dag_decorator.py
[2024-07-12T11:54:17.694+0100] {processor.py:830} INFO - Processing file /home/victor/airflow_env/lib/python3.10/site-packages/airflow/example_dags/example_dag_decorator.py for tasks to queue
[2024-07-12T11:54:17.701+0100] {logging_mixin.py:188} INFO - [2024-07-12T11:54:17.699+0100] {dagbag.py:545} INFO - Filling up the DagBag from /home/victor/airflow_env/lib/python3.10/site-packages/airflow/example_dags/example_dag_decorator.py
[2024-07-12T11:54:18.108+0100] {processor.py:840} INFO - DAG(s) 'example_dag_decorator' retrieved from /home/victor/airflow_env/lib/python3.10/site-packages/airflow/example_dags/example_dag_decorator.py
[2024-07-12T11:54:18.709+0100] {logging_mixin.py:188} INFO - [2024-07-12T11:54:18.708+0100] {dag.py:3096} INFO - Sync 1 DAGs
[2024-07-12T11:54:18.767+0100] {logging_mixin.py:188} INFO - [2024-07-12T11:54:18.766+0100] {dag.py:3954} INFO - Setting next_dagrun for example_dag_decorator to None, run_after=None
[2024-07-12T11:54:19.063+0100] {processor.py:183} INFO - Processing /home/victor/airflow_env/lib/python3.10/site-packages/airflow/example_dags/example_dag_decorator.py took 1.403 seconds
[2024-07-12T11:57:10.145+0100] {processor.py:161} INFO - Started process (PID=29225) to work on /home/victor/airflow_env/lib/python3.10/site-packages/airflow/example_dags/example_dag_decorator.py
[2024-07-12T11:57:10.156+0100] {processor.py:830} INFO - Processing file /home/victor/airflow_env/lib/python3.10/site-packages/airflow/example_dags/example_dag_decorator.py for tasks to queue
[2024-07-12T11:57:10.165+0100] {logging_mixin.py:188} INFO - [2024-07-12T11:57:10.164+0100] {dagbag.py:545} INFO - Filling up the DagBag from /home/victor/airflow_env/lib/python3.10/site-packages/airflow/example_dags/example_dag_decorator.py
[2024-07-12T11:57:11.007+0100] {processor.py:840} INFO - DAG(s) 'example_dag_decorator' retrieved from /home/victor/airflow_env/lib/python3.10/site-packages/airflow/example_dags/example_dag_decorator.py
[2024-07-12T11:57:11.896+0100] {logging_mixin.py:188} INFO - [2024-07-12T11:57:11.895+0100] {dag.py:3096} INFO - Sync 1 DAGs
[2024-07-12T11:57:11.976+0100] {logging_mixin.py:188} INFO - [2024-07-12T11:57:11.975+0100] {dag.py:3954} INFO - Setting next_dagrun for example_dag_decorator to None, run_after=None
[2024-07-12T11:57:12.340+0100] {processor.py:183} INFO - Processing /home/victor/airflow_env/lib/python3.10/site-packages/airflow/example_dags/example_dag_decorator.py took 2.243 seconds
[2024-07-12T11:59:54.478+0100] {processor.py:161} INFO - Started process (PID=29907) to work on /home/victor/airflow_env/lib/python3.10/site-packages/airflow/example_dags/example_dag_decorator.py
[2024-07-12T11:59:54.483+0100] {processor.py:830} INFO - Processing file /home/victor/airflow_env/lib/python3.10/site-packages/airflow/example_dags/example_dag_decorator.py for tasks to queue
[2024-07-12T11:59:54.492+0100] {logging_mixin.py:188} INFO - [2024-07-12T11:59:54.490+0100] {dagbag.py:545} INFO - Filling up the DagBag from /home/victor/airflow_env/lib/python3.10/site-packages/airflow/example_dags/example_dag_decorator.py
[2024-07-12T11:59:54.929+0100] {processor.py:840} INFO - DAG(s) 'example_dag_decorator' retrieved from /home/victor/airflow_env/lib/python3.10/site-packages/airflow/example_dags/example_dag_decorator.py
[2024-07-12T11:59:55.552+0100] {logging_mixin.py:188} INFO - [2024-07-12T11:59:55.551+0100] {dag.py:3096} INFO - Sync 1 DAGs
[2024-07-12T11:59:55.637+0100] {logging_mixin.py:188} INFO - [2024-07-12T11:59:55.636+0100] {dag.py:3954} INFO - Setting next_dagrun for example_dag_decorator to None, run_after=None
[2024-07-12T11:59:56.011+0100] {processor.py:183} INFO - Processing /home/victor/airflow_env/lib/python3.10/site-packages/airflow/example_dags/example_dag_decorator.py took 1.564 seconds
[2024-07-12T12:03:00.323+0100] {processor.py:161} INFO - Started process (PID=30664) to work on /home/victor/airflow_env/lib/python3.10/site-packages/airflow/example_dags/example_dag_decorator.py
[2024-07-12T12:03:00.328+0100] {processor.py:830} INFO - Processing file /home/victor/airflow_env/lib/python3.10/site-packages/airflow/example_dags/example_dag_decorator.py for tasks to queue
[2024-07-12T12:03:00.337+0100] {logging_mixin.py:188} INFO - [2024-07-12T12:03:00.335+0100] {dagbag.py:545} INFO - Filling up the DagBag from /home/victor/airflow_env/lib/python3.10/site-packages/airflow/example_dags/example_dag_decorator.py
[2024-07-12T12:03:00.916+0100] {processor.py:840} INFO - DAG(s) 'example_dag_decorator' retrieved from /home/victor/airflow_env/lib/python3.10/site-packages/airflow/example_dags/example_dag_decorator.py
[2024-07-12T12:03:01.608+0100] {logging_mixin.py:188} INFO - [2024-07-12T12:03:01.607+0100] {dag.py:3096} INFO - Sync 1 DAGs
[2024-07-12T12:03:01.683+0100] {logging_mixin.py:188} INFO - [2024-07-12T12:03:01.682+0100] {dag.py:3954} INFO - Setting next_dagrun for example_dag_decorator to None, run_after=None
[2024-07-12T12:03:02.025+0100] {processor.py:183} INFO - Processing /home/victor/airflow_env/lib/python3.10/site-packages/airflow/example_dags/example_dag_decorator.py took 1.741 seconds
[2024-07-12T12:06:08.435+0100] {processor.py:161} INFO - Started process (PID=31428) to work on /home/victor/airflow_env/lib/python3.10/site-packages/airflow/example_dags/example_dag_decorator.py
[2024-07-12T12:06:08.439+0100] {processor.py:830} INFO - Processing file /home/victor/airflow_env/lib/python3.10/site-packages/airflow/example_dags/example_dag_decorator.py for tasks to queue
[2024-07-12T12:06:08.450+0100] {logging_mixin.py:188} INFO - [2024-07-12T12:06:08.447+0100] {dagbag.py:545} INFO - Filling up the DagBag from /home/victor/airflow_env/lib/python3.10/site-packages/airflow/example_dags/example_dag_decorator.py
[2024-07-12T12:06:08.862+0100] {processor.py:840} INFO - DAG(s) 'example_dag_decorator' retrieved from /home/victor/airflow_env/lib/python3.10/site-packages/airflow/example_dags/example_dag_decorator.py
[2024-07-12T12:06:09.735+0100] {logging_mixin.py:188} INFO - [2024-07-12T12:06:09.734+0100] {dag.py:3096} INFO - Sync 1 DAGs
[2024-07-12T12:06:09.791+0100] {logging_mixin.py:188} INFO - [2024-07-12T12:06:09.790+0100] {dag.py:3954} INFO - Setting next_dagrun for example_dag_decorator to None, run_after=None
[2024-07-12T12:06:10.339+0100] {processor.py:183} INFO - Processing /home/victor/airflow_env/lib/python3.10/site-packages/airflow/example_dags/example_dag_decorator.py took 1.934 seconds
[2024-07-12T12:08:58.916+0100] {processor.py:161} INFO - Started process (PID=32131) to work on /home/victor/airflow_env/lib/python3.10/site-packages/airflow/example_dags/example_dag_decorator.py
[2024-07-12T12:08:58.921+0100] {processor.py:830} INFO - Processing file /home/victor/airflow_env/lib/python3.10/site-packages/airflow/example_dags/example_dag_decorator.py for tasks to queue
[2024-07-12T12:08:58.929+0100] {logging_mixin.py:188} INFO - [2024-07-12T12:08:58.927+0100] {dagbag.py:545} INFO - Filling up the DagBag from /home/victor/airflow_env/lib/python3.10/site-packages/airflow/example_dags/example_dag_decorator.py
[2024-07-12T12:08:59.356+0100] {processor.py:840} INFO - DAG(s) 'example_dag_decorator' retrieved from /home/victor/airflow_env/lib/python3.10/site-packages/airflow/example_dags/example_dag_decorator.py
[2024-07-12T12:08:59.962+0100] {logging_mixin.py:188} INFO - [2024-07-12T12:08:59.961+0100] {dag.py:3096} INFO - Sync 1 DAGs
[2024-07-12T12:09:00.049+0100] {logging_mixin.py:188} INFO - [2024-07-12T12:09:00.048+0100] {dag.py:3954} INFO - Setting next_dagrun for example_dag_decorator to None, run_after=None
[2024-07-12T12:09:00.428+0100] {processor.py:183} INFO - Processing /home/victor/airflow_env/lib/python3.10/site-packages/airflow/example_dags/example_dag_decorator.py took 1.542 seconds
[2024-07-12T12:11:55.500+0100] {processor.py:161} INFO - Started process (PID=32860) to work on /home/victor/airflow_env/lib/python3.10/site-packages/airflow/example_dags/example_dag_decorator.py
[2024-07-12T12:11:55.504+0100] {processor.py:830} INFO - Processing file /home/victor/airflow_env/lib/python3.10/site-packages/airflow/example_dags/example_dag_decorator.py for tasks to queue
[2024-07-12T12:11:55.512+0100] {logging_mixin.py:188} INFO - [2024-07-12T12:11:55.510+0100] {dagbag.py:545} INFO - Filling up the DagBag from /home/victor/airflow_env/lib/python3.10/site-packages/airflow/example_dags/example_dag_decorator.py
[2024-07-12T12:11:55.930+0100] {processor.py:840} INFO - DAG(s) 'example_dag_decorator' retrieved from /home/victor/airflow_env/lib/python3.10/site-packages/airflow/example_dags/example_dag_decorator.py
[2024-07-12T12:11:56.515+0100] {logging_mixin.py:188} INFO - [2024-07-12T12:11:56.514+0100] {dag.py:3096} INFO - Sync 1 DAGs
[2024-07-12T12:11:56.573+0100] {logging_mixin.py:188} INFO - [2024-07-12T12:11:56.572+0100] {dag.py:3954} INFO - Setting next_dagrun for example_dag_decorator to None, run_after=None
[2024-07-12T12:11:56.944+0100] {processor.py:183} INFO - Processing /home/victor/airflow_env/lib/python3.10/site-packages/airflow/example_dags/example_dag_decorator.py took 1.473 seconds
[2024-07-12T12:14:32.795+0100] {processor.py:161} INFO - Started process (PID=33513) to work on /home/victor/airflow_env/lib/python3.10/site-packages/airflow/example_dags/example_dag_decorator.py
[2024-07-12T12:14:32.799+0100] {processor.py:830} INFO - Processing file /home/victor/airflow_env/lib/python3.10/site-packages/airflow/example_dags/example_dag_decorator.py for tasks to queue
[2024-07-12T12:14:32.807+0100] {logging_mixin.py:188} INFO - [2024-07-12T12:14:32.806+0100] {dagbag.py:545} INFO - Filling up the DagBag from /home/victor/airflow_env/lib/python3.10/site-packages/airflow/example_dags/example_dag_decorator.py
[2024-07-12T12:14:33.223+0100] {processor.py:840} INFO - DAG(s) 'example_dag_decorator' retrieved from /home/victor/airflow_env/lib/python3.10/site-packages/airflow/example_dags/example_dag_decorator.py
[2024-07-12T12:14:33.864+0100] {logging_mixin.py:188} INFO - [2024-07-12T12:14:33.863+0100] {dag.py:3096} INFO - Sync 1 DAGs
[2024-07-12T12:14:33.939+0100] {logging_mixin.py:188} INFO - [2024-07-12T12:14:33.938+0100] {dag.py:3954} INFO - Setting next_dagrun for example_dag_decorator to None, run_after=None
[2024-07-12T12:14:34.439+0100] {processor.py:183} INFO - Processing /home/victor/airflow_env/lib/python3.10/site-packages/airflow/example_dags/example_dag_decorator.py took 1.674 seconds
[2024-07-12T12:18:23.534+0100] {processor.py:161} INFO - Started process (PID=34441) to work on /home/victor/airflow_env/lib/python3.10/site-packages/airflow/example_dags/example_dag_decorator.py
[2024-07-12T12:18:23.539+0100] {processor.py:830} INFO - Processing file /home/victor/airflow_env/lib/python3.10/site-packages/airflow/example_dags/example_dag_decorator.py for tasks to queue
[2024-07-12T12:18:23.547+0100] {logging_mixin.py:188} INFO - [2024-07-12T12:18:23.545+0100] {dagbag.py:545} INFO - Filling up the DagBag from /home/victor/airflow_env/lib/python3.10/site-packages/airflow/example_dags/example_dag_decorator.py
[2024-07-12T12:18:24.312+0100] {processor.py:840} INFO - DAG(s) 'example_dag_decorator' retrieved from /home/victor/airflow_env/lib/python3.10/site-packages/airflow/example_dags/example_dag_decorator.py
[2024-07-12T12:18:24.912+0100] {logging_mixin.py:188} INFO - [2024-07-12T12:18:24.911+0100] {dag.py:3096} INFO - Sync 1 DAGs
[2024-07-12T12:18:24.969+0100] {logging_mixin.py:188} INFO - [2024-07-12T12:18:24.969+0100] {dag.py:3954} INFO - Setting next_dagrun for example_dag_decorator to None, run_after=None
[2024-07-12T12:18:25.296+0100] {processor.py:183} INFO - Processing /home/victor/airflow_env/lib/python3.10/site-packages/airflow/example_dags/example_dag_decorator.py took 1.797 seconds
[2024-07-12T12:21:36.229+0100] {processor.py:161} INFO - Started process (PID=35224) to work on /home/victor/airflow_env/lib/python3.10/site-packages/airflow/example_dags/example_dag_decorator.py
[2024-07-12T12:21:36.243+0100] {processor.py:830} INFO - Processing file /home/victor/airflow_env/lib/python3.10/site-packages/airflow/example_dags/example_dag_decorator.py for tasks to queue
[2024-07-12T12:21:36.257+0100] {logging_mixin.py:188} INFO - [2024-07-12T12:21:36.251+0100] {dagbag.py:545} INFO - Filling up the DagBag from /home/victor/airflow_env/lib/python3.10/site-packages/airflow/example_dags/example_dag_decorator.py
[2024-07-12T12:21:36.777+0100] {processor.py:840} INFO - DAG(s) 'example_dag_decorator' retrieved from /home/victor/airflow_env/lib/python3.10/site-packages/airflow/example_dags/example_dag_decorator.py
[2024-07-12T12:21:37.361+0100] {logging_mixin.py:188} INFO - [2024-07-12T12:21:37.360+0100] {dag.py:3096} INFO - Sync 1 DAGs
[2024-07-12T12:21:37.417+0100] {logging_mixin.py:188} INFO - [2024-07-12T12:21:37.416+0100] {dag.py:3954} INFO - Setting next_dagrun for example_dag_decorator to None, run_after=None
[2024-07-12T12:21:37.746+0100] {processor.py:183} INFO - Processing /home/victor/airflow_env/lib/python3.10/site-packages/airflow/example_dags/example_dag_decorator.py took 1.560 seconds
[2024-07-12T12:24:38.845+0100] {processor.py:161} INFO - Started process (PID=35972) to work on /home/victor/airflow_env/lib/python3.10/site-packages/airflow/example_dags/example_dag_decorator.py
[2024-07-12T12:24:38.851+0100] {processor.py:830} INFO - Processing file /home/victor/airflow_env/lib/python3.10/site-packages/airflow/example_dags/example_dag_decorator.py for tasks to queue
[2024-07-12T12:24:38.866+0100] {logging_mixin.py:188} INFO - [2024-07-12T12:24:38.864+0100] {dagbag.py:545} INFO - Filling up the DagBag from /home/victor/airflow_env/lib/python3.10/site-packages/airflow/example_dags/example_dag_decorator.py
[2024-07-12T12:24:39.334+0100] {processor.py:840} INFO - DAG(s) 'example_dag_decorator' retrieved from /home/victor/airflow_env/lib/python3.10/site-packages/airflow/example_dags/example_dag_decorator.py
[2024-07-12T12:24:40.118+0100] {logging_mixin.py:188} INFO - [2024-07-12T12:24:40.116+0100] {dag.py:3096} INFO - Sync 1 DAGs
[2024-07-12T12:24:40.209+0100] {logging_mixin.py:188} INFO - [2024-07-12T12:24:40.208+0100] {dag.py:3954} INFO - Setting next_dagrun for example_dag_decorator to None, run_after=None
[2024-07-12T12:24:40.796+0100] {processor.py:183} INFO - Processing /home/victor/airflow_env/lib/python3.10/site-packages/airflow/example_dags/example_dag_decorator.py took 1.992 seconds
[2024-07-12T12:27:46.541+0100] {processor.py:161} INFO - Started process (PID=36736) to work on /home/victor/airflow_env/lib/python3.10/site-packages/airflow/example_dags/example_dag_decorator.py
[2024-07-12T12:27:46.546+0100] {processor.py:830} INFO - Processing file /home/victor/airflow_env/lib/python3.10/site-packages/airflow/example_dags/example_dag_decorator.py for tasks to queue
[2024-07-12T12:27:46.555+0100] {logging_mixin.py:188} INFO - [2024-07-12T12:27:46.552+0100] {dagbag.py:545} INFO - Filling up the DagBag from /home/victor/airflow_env/lib/python3.10/site-packages/airflow/example_dags/example_dag_decorator.py
[2024-07-12T12:27:47.038+0100] {processor.py:840} INFO - DAG(s) 'example_dag_decorator' retrieved from /home/victor/airflow_env/lib/python3.10/site-packages/airflow/example_dags/example_dag_decorator.py
[2024-07-12T12:27:47.622+0100] {logging_mixin.py:188} INFO - [2024-07-12T12:27:47.622+0100] {dag.py:3096} INFO - Sync 1 DAGs
[2024-07-12T12:27:47.685+0100] {logging_mixin.py:188} INFO - [2024-07-12T12:27:47.684+0100] {dag.py:3954} INFO - Setting next_dagrun for example_dag_decorator to None, run_after=None
[2024-07-12T12:27:48.113+0100] {processor.py:183} INFO - Processing /home/victor/airflow_env/lib/python3.10/site-packages/airflow/example_dags/example_dag_decorator.py took 1.603 seconds
[2024-07-12T12:30:54.664+0100] {processor.py:161} INFO - Started process (PID=37504) to work on /home/victor/airflow_env/lib/python3.10/site-packages/airflow/example_dags/example_dag_decorator.py
[2024-07-12T12:30:54.668+0100] {processor.py:830} INFO - Processing file /home/victor/airflow_env/lib/python3.10/site-packages/airflow/example_dags/example_dag_decorator.py for tasks to queue
[2024-07-12T12:30:54.677+0100] {logging_mixin.py:188} INFO - [2024-07-12T12:30:54.675+0100] {dagbag.py:545} INFO - Filling up the DagBag from /home/victor/airflow_env/lib/python3.10/site-packages/airflow/example_dags/example_dag_decorator.py
[2024-07-12T12:30:55.074+0100] {processor.py:840} INFO - DAG(s) 'example_dag_decorator' retrieved from /home/victor/airflow_env/lib/python3.10/site-packages/airflow/example_dags/example_dag_decorator.py
[2024-07-12T12:30:55.196+0100] {logging_mixin.py:188} INFO - [2024-07-12T12:30:55.195+0100] {dag.py:3096} INFO - Sync 1 DAGs
[2024-07-12T12:30:55.256+0100] {logging_mixin.py:188} INFO - [2024-07-12T12:30:55.255+0100] {dag.py:3954} INFO - Setting next_dagrun for example_dag_decorator to None, run_after=None
[2024-07-12T12:30:55.532+0100] {processor.py:183} INFO - Processing /home/victor/airflow_env/lib/python3.10/site-packages/airflow/example_dags/example_dag_decorator.py took 0.899 seconds
