[2024-07-12T11:04:58.696+0100] {processor.py:161} INFO - Started process (PID=16006) to work on /home/victor/airflow_env/lib/python3.10/site-packages/airflow/example_dags/example_sensors.py
[2024-07-12T11:04:58.701+0100] {processor.py:830} INFO - Processing file /home/victor/airflow_env/lib/python3.10/site-packages/airflow/example_dags/example_sensors.py for tasks to queue
[2024-07-12T11:04:58.710+0100] {logging_mixin.py:188} INFO - [2024-07-12T11:04:58.708+0100] {dagbag.py:545} INFO - Filling up the DagBag from /home/victor/airflow_env/lib/python3.10/site-packages/airflow/example_dags/example_sensors.py
[2024-07-12T11:04:58.807+0100] {processor.py:840} INFO - DAG(s) 'example_sensors' retrieved from /home/victor/airflow_env/lib/python3.10/site-packages/airflow/example_dags/example_sensors.py
[2024-07-12T11:04:59.777+0100] {logging_mixin.py:188} INFO - [2024-07-12T11:04:59.775+0100] {override.py:1847} INFO - Created Permission View: can edit on DAG:example_sensors
[2024-07-12T11:05:00.040+0100] {logging_mixin.py:188} INFO - [2024-07-12T11:05:00.038+0100] {override.py:1847} INFO - Created Permission View: can read on DAG:example_sensors
[2024-07-12T11:05:00.295+0100] {logging_mixin.py:188} INFO - [2024-07-12T11:05:00.293+0100] {override.py:1847} INFO - Created Permission View: can delete on DAG:example_sensors
[2024-07-12T11:05:00.298+0100] {logging_mixin.py:188} INFO - [2024-07-12T11:05:00.297+0100] {dag.py:3096} INFO - Sync 1 DAGs
[2024-07-12T11:05:00.404+0100] {logging_mixin.py:188} INFO - [2024-07-12T11:05:00.402+0100] {dag.py:3118} INFO - Creating ORM DAG for example_sensors
[2024-07-12T11:05:00.407+0100] {logging_mixin.py:188} INFO - [2024-07-12T11:05:00.406+0100] {dag.py:3954} INFO - Setting next_dagrun for example_sensors to None, run_after=None
[2024-07-12T11:05:00.800+0100] {processor.py:183} INFO - Processing /home/victor/airflow_env/lib/python3.10/site-packages/airflow/example_dags/example_sensors.py took 2.153 seconds
[2024-07-12T11:07:58.082+0100] {processor.py:161} INFO - Started process (PID=16722) to work on /home/victor/airflow_env/lib/python3.10/site-packages/airflow/example_dags/example_sensors.py
[2024-07-12T11:07:58.090+0100] {processor.py:830} INFO - Processing file /home/victor/airflow_env/lib/python3.10/site-packages/airflow/example_dags/example_sensors.py for tasks to queue
[2024-07-12T11:07:58.105+0100] {logging_mixin.py:188} INFO - [2024-07-12T11:07:58.103+0100] {dagbag.py:545} INFO - Filling up the DagBag from /home/victor/airflow_env/lib/python3.10/site-packages/airflow/example_dags/example_sensors.py
[2024-07-12T11:07:58.173+0100] {processor.py:840} INFO - DAG(s) 'example_sensors' retrieved from /home/victor/airflow_env/lib/python3.10/site-packages/airflow/example_dags/example_sensors.py
[2024-07-12T11:07:58.329+0100] {logging_mixin.py:188} INFO - [2024-07-12T11:07:58.328+0100] {dag.py:3096} INFO - Sync 1 DAGs
[2024-07-12T11:07:58.403+0100] {logging_mixin.py:188} INFO - [2024-07-12T11:07:58.402+0100] {dag.py:3954} INFO - Setting next_dagrun for example_sensors to None, run_after=None
[2024-07-12T11:07:58.731+0100] {processor.py:183} INFO - Processing /home/victor/airflow_env/lib/python3.10/site-packages/airflow/example_dags/example_sensors.py took 0.682 seconds
[2024-07-12T11:10:34.940+0100] {processor.py:161} INFO - Started process (PID=17333) to work on /home/victor/airflow_env/lib/python3.10/site-packages/airflow/example_dags/example_sensors.py
[2024-07-12T11:10:34.945+0100] {processor.py:830} INFO - Processing file /home/victor/airflow_env/lib/python3.10/site-packages/airflow/example_dags/example_sensors.py for tasks to queue
[2024-07-12T11:10:34.953+0100] {logging_mixin.py:188} INFO - [2024-07-12T11:10:34.951+0100] {dagbag.py:545} INFO - Filling up the DagBag from /home/victor/airflow_env/lib/python3.10/site-packages/airflow/example_dags/example_sensors.py
[2024-07-12T11:10:35.006+0100] {processor.py:840} INFO - DAG(s) 'example_sensors' retrieved from /home/victor/airflow_env/lib/python3.10/site-packages/airflow/example_dags/example_sensors.py
[2024-07-12T11:10:35.160+0100] {logging_mixin.py:188} INFO - [2024-07-12T11:10:35.159+0100] {dag.py:3096} INFO - Sync 1 DAGs
[2024-07-12T11:10:35.601+0100] {logging_mixin.py:188} INFO - [2024-07-12T11:10:35.600+0100] {dag.py:3954} INFO - Setting next_dagrun for example_sensors to None, run_after=None
[2024-07-12T11:10:35.924+0100] {processor.py:183} INFO - Processing /home/victor/airflow_env/lib/python3.10/site-packages/airflow/example_dags/example_sensors.py took 1.014 seconds
[2024-07-12T11:12:31.972+0100] {processor.py:161} INFO - Started process (PID=17809) to work on /home/victor/airflow_env/lib/python3.10/site-packages/airflow/example_dags/example_sensors.py
[2024-07-12T11:12:32.018+0100] {processor.py:830} INFO - Processing file /home/victor/airflow_env/lib/python3.10/site-packages/airflow/example_dags/example_sensors.py for tasks to queue
[2024-07-12T11:12:32.038+0100] {logging_mixin.py:188} INFO - [2024-07-12T11:12:32.036+0100] {dagbag.py:545} INFO - Filling up the DagBag from /home/victor/airflow_env/lib/python3.10/site-packages/airflow/example_dags/example_sensors.py
[2024-07-12T11:12:32.186+0100] {processor.py:840} INFO - DAG(s) 'example_sensors' retrieved from /home/victor/airflow_env/lib/python3.10/site-packages/airflow/example_dags/example_sensors.py
[2024-07-12T11:12:32.598+0100] {logging_mixin.py:188} INFO - [2024-07-12T11:12:32.597+0100] {dag.py:3096} INFO - Sync 1 DAGs
[2024-07-12T11:12:32.711+0100] {logging_mixin.py:188} INFO - [2024-07-12T11:12:32.710+0100] {dag.py:3954} INFO - Setting next_dagrun for example_sensors to None, run_after=None
[2024-07-12T11:12:33.035+0100] {processor.py:183} INFO - Processing /home/victor/airflow_env/lib/python3.10/site-packages/airflow/example_dags/example_sensors.py took 1.153 seconds
[2024-07-12T11:14:04.206+0100] {processor.py:161} INFO - Started process (PID=18190) to work on /home/victor/airflow_env/lib/python3.10/site-packages/airflow/example_dags/example_sensors.py
[2024-07-12T11:14:04.221+0100] {processor.py:830} INFO - Processing file /home/victor/airflow_env/lib/python3.10/site-packages/airflow/example_dags/example_sensors.py for tasks to queue
[2024-07-12T11:14:04.243+0100] {logging_mixin.py:188} INFO - [2024-07-12T11:14:04.240+0100] {dagbag.py:545} INFO - Filling up the DagBag from /home/victor/airflow_env/lib/python3.10/site-packages/airflow/example_dags/example_sensors.py
[2024-07-12T11:14:04.416+0100] {processor.py:840} INFO - DAG(s) 'example_sensors' retrieved from /home/victor/airflow_env/lib/python3.10/site-packages/airflow/example_dags/example_sensors.py
[2024-07-12T11:14:04.788+0100] {logging_mixin.py:188} INFO - [2024-07-12T11:14:04.787+0100] {dag.py:3096} INFO - Sync 1 DAGs
[2024-07-12T11:14:04.911+0100] {logging_mixin.py:188} INFO - [2024-07-12T11:14:04.910+0100] {dag.py:3954} INFO - Setting next_dagrun for example_sensors to None, run_after=None
[2024-07-12T11:14:05.497+0100] {processor.py:183} INFO - Processing /home/victor/airflow_env/lib/python3.10/site-packages/airflow/example_dags/example_sensors.py took 1.390 seconds
[2024-07-12T11:16:12.446+0100] {processor.py:161} INFO - Started process (PID=18717) to work on /home/victor/airflow_env/lib/python3.10/site-packages/airflow/example_dags/example_sensors.py
[2024-07-12T11:16:12.461+0100] {processor.py:830} INFO - Processing file /home/victor/airflow_env/lib/python3.10/site-packages/airflow/example_dags/example_sensors.py for tasks to queue
[2024-07-12T11:16:12.490+0100] {logging_mixin.py:188} INFO - [2024-07-12T11:16:12.479+0100] {dagbag.py:545} INFO - Filling up the DagBag from /home/victor/airflow_env/lib/python3.10/site-packages/airflow/example_dags/example_sensors.py
[2024-07-12T11:16:12.672+0100] {processor.py:840} INFO - DAG(s) 'example_sensors' retrieved from /home/victor/airflow_env/lib/python3.10/site-packages/airflow/example_dags/example_sensors.py
[2024-07-12T11:16:13.233+0100] {logging_mixin.py:188} INFO - [2024-07-12T11:16:13.227+0100] {dag.py:3096} INFO - Sync 1 DAGs
[2024-07-12T11:16:13.539+0100] {logging_mixin.py:188} INFO - [2024-07-12T11:16:13.538+0100] {dag.py:3954} INFO - Setting next_dagrun for example_sensors to None, run_after=None
[2024-07-12T11:16:14.147+0100] {processor.py:183} INFO - Processing /home/victor/airflow_env/lib/python3.10/site-packages/airflow/example_dags/example_sensors.py took 1.785 seconds
[2024-07-12T11:18:31.619+0100] {processor.py:161} INFO - Started process (PID=19278) to work on /home/victor/airflow_env/lib/python3.10/site-packages/airflow/example_dags/example_sensors.py
[2024-07-12T11:18:31.625+0100] {processor.py:830} INFO - Processing file /home/victor/airflow_env/lib/python3.10/site-packages/airflow/example_dags/example_sensors.py for tasks to queue
[2024-07-12T11:18:31.641+0100] {logging_mixin.py:188} INFO - [2024-07-12T11:18:31.637+0100] {dagbag.py:545} INFO - Filling up the DagBag from /home/victor/airflow_env/lib/python3.10/site-packages/airflow/example_dags/example_sensors.py
[2024-07-12T11:18:31.744+0100] {processor.py:840} INFO - DAG(s) 'example_sensors' retrieved from /home/victor/airflow_env/lib/python3.10/site-packages/airflow/example_dags/example_sensors.py
[2024-07-12T11:18:31.888+0100] {logging_mixin.py:188} INFO - [2024-07-12T11:18:31.887+0100] {dag.py:3096} INFO - Sync 1 DAGs
[2024-07-12T11:18:31.956+0100] {logging_mixin.py:188} INFO - [2024-07-12T11:18:31.954+0100] {dag.py:3954} INFO - Setting next_dagrun for example_sensors to None, run_after=None
[2024-07-12T11:18:32.367+0100] {processor.py:183} INFO - Processing /home/victor/airflow_env/lib/python3.10/site-packages/airflow/example_dags/example_sensors.py took 0.795 seconds
[2024-07-12T11:20:05.618+0100] {processor.py:161} INFO - Started process (PID=19668) to work on /home/victor/airflow_env/lib/python3.10/site-packages/airflow/example_dags/example_sensors.py
[2024-07-12T11:20:05.634+0100] {processor.py:830} INFO - Processing file /home/victor/airflow_env/lib/python3.10/site-packages/airflow/example_dags/example_sensors.py for tasks to queue
[2024-07-12T11:20:05.652+0100] {logging_mixin.py:188} INFO - [2024-07-12T11:20:05.650+0100] {dagbag.py:545} INFO - Filling up the DagBag from /home/victor/airflow_env/lib/python3.10/site-packages/airflow/example_dags/example_sensors.py
[2024-07-12T11:20:05.718+0100] {processor.py:840} INFO - DAG(s) 'example_sensors' retrieved from /home/victor/airflow_env/lib/python3.10/site-packages/airflow/example_dags/example_sensors.py
[2024-07-12T11:20:05.989+0100] {logging_mixin.py:188} INFO - [2024-07-12T11:20:05.988+0100] {dag.py:3096} INFO - Sync 1 DAGs
[2024-07-12T11:20:06.275+0100] {logging_mixin.py:188} INFO - [2024-07-12T11:20:06.274+0100] {dag.py:3954} INFO - Setting next_dagrun for example_sensors to None, run_after=None
[2024-07-12T11:20:06.994+0100] {processor.py:183} INFO - Processing /home/victor/airflow_env/lib/python3.10/site-packages/airflow/example_dags/example_sensors.py took 1.433 seconds
[2024-07-12T11:21:50.487+0100] {processor.py:161} INFO - Started process (PID=20100) to work on /home/victor/airflow_env/lib/python3.10/site-packages/airflow/example_dags/example_sensors.py
[2024-07-12T11:21:50.493+0100] {processor.py:830} INFO - Processing file /home/victor/airflow_env/lib/python3.10/site-packages/airflow/example_dags/example_sensors.py for tasks to queue
[2024-07-12T11:21:50.502+0100] {logging_mixin.py:188} INFO - [2024-07-12T11:21:50.500+0100] {dagbag.py:545} INFO - Filling up the DagBag from /home/victor/airflow_env/lib/python3.10/site-packages/airflow/example_dags/example_sensors.py
[2024-07-12T11:21:50.560+0100] {processor.py:840} INFO - DAG(s) 'example_sensors' retrieved from /home/victor/airflow_env/lib/python3.10/site-packages/airflow/example_dags/example_sensors.py
[2024-07-12T11:21:50.755+0100] {logging_mixin.py:188} INFO - [2024-07-12T11:21:50.754+0100] {dag.py:3096} INFO - Sync 1 DAGs
[2024-07-12T11:21:50.868+0100] {logging_mixin.py:188} INFO - [2024-07-12T11:21:50.867+0100] {dag.py:3954} INFO - Setting next_dagrun for example_sensors to None, run_after=None
[2024-07-12T11:21:51.229+0100] {processor.py:183} INFO - Processing /home/victor/airflow_env/lib/python3.10/site-packages/airflow/example_dags/example_sensors.py took 0.773 seconds
[2024-07-12T11:23:23.170+0100] {processor.py:161} INFO - Started process (PID=20485) to work on /home/victor/airflow_env/lib/python3.10/site-packages/airflow/example_dags/example_sensors.py
[2024-07-12T11:23:23.176+0100] {processor.py:830} INFO - Processing file /home/victor/airflow_env/lib/python3.10/site-packages/airflow/example_dags/example_sensors.py for tasks to queue
[2024-07-12T11:23:23.186+0100] {logging_mixin.py:188} INFO - [2024-07-12T11:23:23.184+0100] {dagbag.py:545} INFO - Filling up the DagBag from /home/victor/airflow_env/lib/python3.10/site-packages/airflow/example_dags/example_sensors.py
[2024-07-12T11:23:23.242+0100] {processor.py:840} INFO - DAG(s) 'example_sensors' retrieved from /home/victor/airflow_env/lib/python3.10/site-packages/airflow/example_dags/example_sensors.py
[2024-07-12T11:23:23.486+0100] {logging_mixin.py:188} INFO - [2024-07-12T11:23:23.485+0100] {dag.py:3096} INFO - Sync 1 DAGs
[2024-07-12T11:23:23.592+0100] {logging_mixin.py:188} INFO - [2024-07-12T11:23:23.590+0100] {dag.py:3954} INFO - Setting next_dagrun for example_sensors to None, run_after=None
[2024-07-12T11:23:23.992+0100] {processor.py:183} INFO - Processing /home/victor/airflow_env/lib/python3.10/site-packages/airflow/example_dags/example_sensors.py took 0.854 seconds
[2024-07-12T11:24:57.421+0100] {processor.py:161} INFO - Started process (PID=20875) to work on /home/victor/airflow_env/lib/python3.10/site-packages/airflow/example_dags/example_sensors.py
[2024-07-12T11:24:57.435+0100] {processor.py:830} INFO - Processing file /home/victor/airflow_env/lib/python3.10/site-packages/airflow/example_dags/example_sensors.py for tasks to queue
[2024-07-12T11:24:57.448+0100] {logging_mixin.py:188} INFO - [2024-07-12T11:24:57.445+0100] {dagbag.py:545} INFO - Filling up the DagBag from /home/victor/airflow_env/lib/python3.10/site-packages/airflow/example_dags/example_sensors.py
[2024-07-12T11:24:57.527+0100] {processor.py:840} INFO - DAG(s) 'example_sensors' retrieved from /home/victor/airflow_env/lib/python3.10/site-packages/airflow/example_dags/example_sensors.py
[2024-07-12T11:24:57.715+0100] {logging_mixin.py:188} INFO - [2024-07-12T11:24:57.714+0100] {dag.py:3096} INFO - Sync 1 DAGs
[2024-07-12T11:24:57.795+0100] {logging_mixin.py:188} INFO - [2024-07-12T11:24:57.794+0100] {dag.py:3954} INFO - Setting next_dagrun for example_sensors to None, run_after=None
[2024-07-12T11:24:58.128+0100] {processor.py:183} INFO - Processing /home/victor/airflow_env/lib/python3.10/site-packages/airflow/example_dags/example_sensors.py took 0.749 seconds
[2024-07-12T11:26:50.557+0100] {processor.py:161} INFO - Started process (PID=21331) to work on /home/victor/airflow_env/lib/python3.10/site-packages/airflow/example_dags/example_sensors.py
[2024-07-12T11:26:50.562+0100] {processor.py:830} INFO - Processing file /home/victor/airflow_env/lib/python3.10/site-packages/airflow/example_dags/example_sensors.py for tasks to queue
[2024-07-12T11:26:50.571+0100] {logging_mixin.py:188} INFO - [2024-07-12T11:26:50.568+0100] {dagbag.py:545} INFO - Filling up the DagBag from /home/victor/airflow_env/lib/python3.10/site-packages/airflow/example_dags/example_sensors.py
[2024-07-12T11:26:50.646+0100] {processor.py:840} INFO - DAG(s) 'example_sensors' retrieved from /home/victor/airflow_env/lib/python3.10/site-packages/airflow/example_dags/example_sensors.py
[2024-07-12T11:26:50.820+0100] {logging_mixin.py:188} INFO - [2024-07-12T11:26:50.819+0100] {dag.py:3096} INFO - Sync 1 DAGs
[2024-07-12T11:26:50.909+0100] {logging_mixin.py:188} INFO - [2024-07-12T11:26:50.907+0100] {dag.py:3954} INFO - Setting next_dagrun for example_sensors to None, run_after=None
[2024-07-12T11:26:51.304+0100] {processor.py:183} INFO - Processing /home/victor/airflow_env/lib/python3.10/site-packages/airflow/example_dags/example_sensors.py took 0.783 seconds
[2024-07-12T11:28:18.574+0100] {processor.py:161} INFO - Started process (PID=21696) to work on /home/victor/airflow_env/lib/python3.10/site-packages/airflow/example_dags/example_sensors.py
[2024-07-12T11:28:18.579+0100] {processor.py:830} INFO - Processing file /home/victor/airflow_env/lib/python3.10/site-packages/airflow/example_dags/example_sensors.py for tasks to queue
[2024-07-12T11:28:18.588+0100] {logging_mixin.py:188} INFO - [2024-07-12T11:28:18.586+0100] {dagbag.py:545} INFO - Filling up the DagBag from /home/victor/airflow_env/lib/python3.10/site-packages/airflow/example_dags/example_sensors.py
[2024-07-12T11:28:18.657+0100] {processor.py:840} INFO - DAG(s) 'example_sensors' retrieved from /home/victor/airflow_env/lib/python3.10/site-packages/airflow/example_dags/example_sensors.py
[2024-07-12T11:28:18.836+0100] {logging_mixin.py:188} INFO - [2024-07-12T11:28:18.835+0100] {dag.py:3096} INFO - Sync 1 DAGs
[2024-07-12T11:28:18.927+0100] {logging_mixin.py:188} INFO - [2024-07-12T11:28:18.926+0100] {dag.py:3954} INFO - Setting next_dagrun for example_sensors to None, run_after=None
[2024-07-12T11:28:19.349+0100] {processor.py:183} INFO - Processing /home/victor/airflow_env/lib/python3.10/site-packages/airflow/example_dags/example_sensors.py took 0.837 seconds
[2024-07-12T11:30:11.108+0100] {processor.py:161} INFO - Started process (PID=22149) to work on /home/victor/airflow_env/lib/python3.10/site-packages/airflow/example_dags/example_sensors.py
[2024-07-12T11:30:11.114+0100] {processor.py:830} INFO - Processing file /home/victor/airflow_env/lib/python3.10/site-packages/airflow/example_dags/example_sensors.py for tasks to queue
[2024-07-12T11:30:11.126+0100] {logging_mixin.py:188} INFO - [2024-07-12T11:30:11.124+0100] {dagbag.py:545} INFO - Filling up the DagBag from /home/victor/airflow_env/lib/python3.10/site-packages/airflow/example_dags/example_sensors.py
[2024-07-12T11:30:11.182+0100] {processor.py:840} INFO - DAG(s) 'example_sensors' retrieved from /home/victor/airflow_env/lib/python3.10/site-packages/airflow/example_dags/example_sensors.py
[2024-07-12T11:30:11.383+0100] {logging_mixin.py:188} INFO - [2024-07-12T11:30:11.382+0100] {dag.py:3096} INFO - Sync 1 DAGs
[2024-07-12T11:30:11.456+0100] {logging_mixin.py:188} INFO - [2024-07-12T11:30:11.454+0100] {dag.py:3954} INFO - Setting next_dagrun for example_sensors to None, run_after=None
[2024-07-12T11:30:11.951+0100] {processor.py:183} INFO - Processing /home/victor/airflow_env/lib/python3.10/site-packages/airflow/example_dags/example_sensors.py took 0.878 seconds
[2024-07-12T11:32:28.797+0100] {processor.py:161} INFO - Started process (PID=23071) to work on /home/victor/airflow_env/lib/python3.10/site-packages/airflow/example_dags/example_sensors.py
[2024-07-12T11:32:28.824+0100] {processor.py:830} INFO - Processing file /home/victor/airflow_env/lib/python3.10/site-packages/airflow/example_dags/example_sensors.py for tasks to queue
[2024-07-12T11:32:28.845+0100] {logging_mixin.py:188} INFO - [2024-07-12T11:32:28.839+0100] {dagbag.py:545} INFO - Filling up the DagBag from /home/victor/airflow_env/lib/python3.10/site-packages/airflow/example_dags/example_sensors.py
[2024-07-12T11:32:29.065+0100] {processor.py:840} INFO - DAG(s) 'example_sensors' retrieved from /home/victor/airflow_env/lib/python3.10/site-packages/airflow/example_dags/example_sensors.py
[2024-07-12T11:32:29.416+0100] {logging_mixin.py:188} INFO - [2024-07-12T11:32:29.415+0100] {dag.py:3096} INFO - Sync 1 DAGs
[2024-07-12T11:32:29.493+0100] {logging_mixin.py:188} INFO - [2024-07-12T11:32:29.492+0100] {dag.py:3954} INFO - Setting next_dagrun for example_sensors to None, run_after=None
[2024-07-12T11:32:29.836+0100] {processor.py:183} INFO - Processing /home/victor/airflow_env/lib/python3.10/site-packages/airflow/example_dags/example_sensors.py took 1.215 seconds
[2024-07-12T11:34:32.126+0100] {processor.py:161} INFO - Started process (PID=23604) to work on /home/victor/airflow_env/lib/python3.10/site-packages/airflow/example_dags/example_sensors.py
[2024-07-12T11:34:32.137+0100] {processor.py:830} INFO - Processing file /home/victor/airflow_env/lib/python3.10/site-packages/airflow/example_dags/example_sensors.py for tasks to queue
[2024-07-12T11:34:32.158+0100] {logging_mixin.py:188} INFO - [2024-07-12T11:34:32.156+0100] {dagbag.py:545} INFO - Filling up the DagBag from /home/victor/airflow_env/lib/python3.10/site-packages/airflow/example_dags/example_sensors.py
[2024-07-12T11:34:32.230+0100] {processor.py:840} INFO - DAG(s) 'example_sensors' retrieved from /home/victor/airflow_env/lib/python3.10/site-packages/airflow/example_dags/example_sensors.py
[2024-07-12T11:34:32.394+0100] {logging_mixin.py:188} INFO - [2024-07-12T11:34:32.393+0100] {dag.py:3096} INFO - Sync 1 DAGs
[2024-07-12T11:34:32.514+0100] {logging_mixin.py:188} INFO - [2024-07-12T11:34:32.513+0100] {dag.py:3954} INFO - Setting next_dagrun for example_sensors to None, run_after=None
[2024-07-12T11:34:33.274+0100] {processor.py:183} INFO - Processing /home/victor/airflow_env/lib/python3.10/site-packages/airflow/example_dags/example_sensors.py took 1.203 seconds
[2024-07-12T11:36:30.418+0100] {processor.py:161} INFO - Started process (PID=24110) to work on /home/victor/airflow_env/lib/python3.10/site-packages/airflow/example_dags/example_sensors.py
[2024-07-12T11:36:30.423+0100] {processor.py:830} INFO - Processing file /home/victor/airflow_env/lib/python3.10/site-packages/airflow/example_dags/example_sensors.py for tasks to queue
[2024-07-12T11:36:30.432+0100] {logging_mixin.py:188} INFO - [2024-07-12T11:36:30.429+0100] {dagbag.py:545} INFO - Filling up the DagBag from /home/victor/airflow_env/lib/python3.10/site-packages/airflow/example_dags/example_sensors.py
[2024-07-12T11:36:30.481+0100] {processor.py:840} INFO - DAG(s) 'example_sensors' retrieved from /home/victor/airflow_env/lib/python3.10/site-packages/airflow/example_dags/example_sensors.py
[2024-07-12T11:36:30.642+0100] {logging_mixin.py:188} INFO - [2024-07-12T11:36:30.641+0100] {dag.py:3096} INFO - Sync 1 DAGs
[2024-07-12T11:36:30.721+0100] {logging_mixin.py:188} INFO - [2024-07-12T11:36:30.720+0100] {dag.py:3954} INFO - Setting next_dagrun for example_sensors to None, run_after=None
[2024-07-12T11:36:31.165+0100] {processor.py:183} INFO - Processing /home/victor/airflow_env/lib/python3.10/site-packages/airflow/example_dags/example_sensors.py took 0.777 seconds
[2024-07-12T11:37:58.927+0100] {processor.py:161} INFO - Started process (PID=24486) to work on /home/victor/airflow_env/lib/python3.10/site-packages/airflow/example_dags/example_sensors.py
[2024-07-12T11:37:58.940+0100] {processor.py:830} INFO - Processing file /home/victor/airflow_env/lib/python3.10/site-packages/airflow/example_dags/example_sensors.py for tasks to queue
[2024-07-12T11:37:58.960+0100] {logging_mixin.py:188} INFO - [2024-07-12T11:37:58.956+0100] {dagbag.py:545} INFO - Filling up the DagBag from /home/victor/airflow_env/lib/python3.10/site-packages/airflow/example_dags/example_sensors.py
[2024-07-12T11:37:59.027+0100] {processor.py:840} INFO - DAG(s) 'example_sensors' retrieved from /home/victor/airflow_env/lib/python3.10/site-packages/airflow/example_dags/example_sensors.py
[2024-07-12T11:37:59.207+0100] {logging_mixin.py:188} INFO - [2024-07-12T11:37:59.206+0100] {dag.py:3096} INFO - Sync 1 DAGs
[2024-07-12T11:37:59.323+0100] {logging_mixin.py:188} INFO - [2024-07-12T11:37:59.322+0100] {dag.py:3954} INFO - Setting next_dagrun for example_sensors to None, run_after=None
[2024-07-12T11:37:59.774+0100] {processor.py:183} INFO - Processing /home/victor/airflow_env/lib/python3.10/site-packages/airflow/example_dags/example_sensors.py took 0.898 seconds
[2024-07-12T11:39:24.722+0100] {processor.py:161} INFO - Started process (PID=24836) to work on /home/victor/airflow_env/lib/python3.10/site-packages/airflow/example_dags/example_sensors.py
[2024-07-12T11:39:24.726+0100] {processor.py:830} INFO - Processing file /home/victor/airflow_env/lib/python3.10/site-packages/airflow/example_dags/example_sensors.py for tasks to queue
[2024-07-12T11:39:24.735+0100] {logging_mixin.py:188} INFO - [2024-07-12T11:39:24.733+0100] {dagbag.py:545} INFO - Filling up the DagBag from /home/victor/airflow_env/lib/python3.10/site-packages/airflow/example_dags/example_sensors.py
[2024-07-12T11:39:24.784+0100] {processor.py:840} INFO - DAG(s) 'example_sensors' retrieved from /home/victor/airflow_env/lib/python3.10/site-packages/airflow/example_dags/example_sensors.py
[2024-07-12T11:39:24.943+0100] {logging_mixin.py:188} INFO - [2024-07-12T11:39:24.942+0100] {dag.py:3096} INFO - Sync 1 DAGs
[2024-07-12T11:39:25.033+0100] {logging_mixin.py:188} INFO - [2024-07-12T11:39:25.032+0100] {dag.py:3954} INFO - Setting next_dagrun for example_sensors to None, run_after=None
[2024-07-12T11:39:25.375+0100] {processor.py:183} INFO - Processing /home/victor/airflow_env/lib/python3.10/site-packages/airflow/example_dags/example_sensors.py took 0.688 seconds
[2024-07-12T11:40:56.139+0100] {processor.py:161} INFO - Started process (PID=25209) to work on /home/victor/airflow_env/lib/python3.10/site-packages/airflow/example_dags/example_sensors.py
[2024-07-12T11:40:56.146+0100] {processor.py:830} INFO - Processing file /home/victor/airflow_env/lib/python3.10/site-packages/airflow/example_dags/example_sensors.py for tasks to queue
[2024-07-12T11:40:56.154+0100] {logging_mixin.py:188} INFO - [2024-07-12T11:40:56.152+0100] {dagbag.py:545} INFO - Filling up the DagBag from /home/victor/airflow_env/lib/python3.10/site-packages/airflow/example_dags/example_sensors.py
[2024-07-12T11:40:56.208+0100] {processor.py:840} INFO - DAG(s) 'example_sensors' retrieved from /home/victor/airflow_env/lib/python3.10/site-packages/airflow/example_dags/example_sensors.py
[2024-07-12T11:40:56.368+0100] {logging_mixin.py:188} INFO - [2024-07-12T11:40:56.367+0100] {dag.py:3096} INFO - Sync 1 DAGs
[2024-07-12T11:40:56.438+0100] {logging_mixin.py:188} INFO - [2024-07-12T11:40:56.437+0100] {dag.py:3954} INFO - Setting next_dagrun for example_sensors to None, run_after=None
[2024-07-12T11:40:56.725+0100] {processor.py:183} INFO - Processing /home/victor/airflow_env/lib/python3.10/site-packages/airflow/example_dags/example_sensors.py took 0.619 seconds
[2024-07-12T11:42:27.753+0100] {processor.py:161} INFO - Started process (PID=25581) to work on /home/victor/airflow_env/lib/python3.10/site-packages/airflow/example_dags/example_sensors.py
[2024-07-12T11:42:27.759+0100] {processor.py:830} INFO - Processing file /home/victor/airflow_env/lib/python3.10/site-packages/airflow/example_dags/example_sensors.py for tasks to queue
[2024-07-12T11:42:27.769+0100] {logging_mixin.py:188} INFO - [2024-07-12T11:42:27.766+0100] {dagbag.py:545} INFO - Filling up the DagBag from /home/victor/airflow_env/lib/python3.10/site-packages/airflow/example_dags/example_sensors.py
[2024-07-12T11:42:27.837+0100] {processor.py:840} INFO - DAG(s) 'example_sensors' retrieved from /home/victor/airflow_env/lib/python3.10/site-packages/airflow/example_dags/example_sensors.py
[2024-07-12T11:42:28.046+0100] {logging_mixin.py:188} INFO - [2024-07-12T11:42:28.045+0100] {dag.py:3096} INFO - Sync 1 DAGs
[2024-07-12T11:42:28.143+0100] {logging_mixin.py:188} INFO - [2024-07-12T11:42:28.142+0100] {dag.py:3954} INFO - Setting next_dagrun for example_sensors to None, run_after=None
[2024-07-12T11:42:28.682+0100] {processor.py:183} INFO - Processing /home/victor/airflow_env/lib/python3.10/site-packages/airflow/example_dags/example_sensors.py took 0.966 seconds
[2024-07-12T11:43:52.263+0100] {processor.py:161} INFO - Started process (PID=25933) to work on /home/victor/airflow_env/lib/python3.10/site-packages/airflow/example_dags/example_sensors.py
[2024-07-12T11:43:52.268+0100] {processor.py:830} INFO - Processing file /home/victor/airflow_env/lib/python3.10/site-packages/airflow/example_dags/example_sensors.py for tasks to queue
[2024-07-12T11:43:52.276+0100] {logging_mixin.py:188} INFO - [2024-07-12T11:43:52.275+0100] {dagbag.py:545} INFO - Filling up the DagBag from /home/victor/airflow_env/lib/python3.10/site-packages/airflow/example_dags/example_sensors.py
[2024-07-12T11:43:52.332+0100] {processor.py:840} INFO - DAG(s) 'example_sensors' retrieved from /home/victor/airflow_env/lib/python3.10/site-packages/airflow/example_dags/example_sensors.py
[2024-07-12T11:43:52.494+0100] {logging_mixin.py:188} INFO - [2024-07-12T11:43:52.493+0100] {dag.py:3096} INFO - Sync 1 DAGs
[2024-07-12T11:43:52.560+0100] {logging_mixin.py:188} INFO - [2024-07-12T11:43:52.559+0100] {dag.py:3954} INFO - Setting next_dagrun for example_sensors to None, run_after=None
[2024-07-12T11:43:52.866+0100] {processor.py:183} INFO - Processing /home/victor/airflow_env/lib/python3.10/site-packages/airflow/example_dags/example_sensors.py took 0.634 seconds
[2024-07-12T11:45:17.525+0100] {processor.py:161} INFO - Started process (PID=26288) to work on /home/victor/airflow_env/lib/python3.10/site-packages/airflow/example_dags/example_sensors.py
[2024-07-12T11:45:17.530+0100] {processor.py:830} INFO - Processing file /home/victor/airflow_env/lib/python3.10/site-packages/airflow/example_dags/example_sensors.py for tasks to queue
[2024-07-12T11:45:17.538+0100] {logging_mixin.py:188} INFO - [2024-07-12T11:45:17.536+0100] {dagbag.py:545} INFO - Filling up the DagBag from /home/victor/airflow_env/lib/python3.10/site-packages/airflow/example_dags/example_sensors.py
[2024-07-12T11:45:17.594+0100] {processor.py:840} INFO - DAG(s) 'example_sensors' retrieved from /home/victor/airflow_env/lib/python3.10/site-packages/airflow/example_dags/example_sensors.py
[2024-07-12T11:45:17.784+0100] {logging_mixin.py:188} INFO - [2024-07-12T11:45:17.783+0100] {dag.py:3096} INFO - Sync 1 DAGs
[2024-07-12T11:45:17.868+0100] {logging_mixin.py:188} INFO - [2024-07-12T11:45:17.867+0100] {dag.py:3954} INFO - Setting next_dagrun for example_sensors to None, run_after=None
[2024-07-12T11:45:18.197+0100] {processor.py:183} INFO - Processing /home/victor/airflow_env/lib/python3.10/site-packages/airflow/example_dags/example_sensors.py took 0.702 seconds
[2024-07-12T11:46:37.193+0100] {processor.py:161} INFO - Started process (PID=26618) to work on /home/victor/airflow_env/lib/python3.10/site-packages/airflow/example_dags/example_sensors.py
[2024-07-12T11:46:37.288+0100] {processor.py:830} INFO - Processing file /home/victor/airflow_env/lib/python3.10/site-packages/airflow/example_dags/example_sensors.py for tasks to queue
[2024-07-12T11:46:37.311+0100] {logging_mixin.py:188} INFO - [2024-07-12T11:46:37.306+0100] {dagbag.py:545} INFO - Filling up the DagBag from /home/victor/airflow_env/lib/python3.10/site-packages/airflow/example_dags/example_sensors.py
[2024-07-12T11:46:37.397+0100] {processor.py:840} INFO - DAG(s) 'example_sensors' retrieved from /home/victor/airflow_env/lib/python3.10/site-packages/airflow/example_dags/example_sensors.py
[2024-07-12T11:46:37.580+0100] {logging_mixin.py:188} INFO - [2024-07-12T11:46:37.579+0100] {dag.py:3096} INFO - Sync 1 DAGs
[2024-07-12T11:46:37.683+0100] {logging_mixin.py:188} INFO - [2024-07-12T11:46:37.682+0100] {dag.py:3954} INFO - Setting next_dagrun for example_sensors to None, run_after=None
[2024-07-12T11:46:37.967+0100] {processor.py:183} INFO - Processing /home/victor/airflow_env/lib/python3.10/site-packages/airflow/example_dags/example_sensors.py took 0.841 seconds
[2024-07-12T11:48:05.515+0100] {processor.py:161} INFO - Started process (PID=26985) to work on /home/victor/airflow_env/lib/python3.10/site-packages/airflow/example_dags/example_sensors.py
[2024-07-12T11:48:05.525+0100] {processor.py:830} INFO - Processing file /home/victor/airflow_env/lib/python3.10/site-packages/airflow/example_dags/example_sensors.py for tasks to queue
[2024-07-12T11:48:05.549+0100] {logging_mixin.py:188} INFO - [2024-07-12T11:48:05.538+0100] {dagbag.py:545} INFO - Filling up the DagBag from /home/victor/airflow_env/lib/python3.10/site-packages/airflow/example_dags/example_sensors.py
[2024-07-12T11:48:05.722+0100] {processor.py:840} INFO - DAG(s) 'example_sensors' retrieved from /home/victor/airflow_env/lib/python3.10/site-packages/airflow/example_dags/example_sensors.py
[2024-07-12T11:48:06.136+0100] {logging_mixin.py:188} INFO - [2024-07-12T11:48:06.134+0100] {dag.py:3096} INFO - Sync 1 DAGs
[2024-07-12T11:48:06.511+0100] {logging_mixin.py:188} INFO - [2024-07-12T11:48:06.509+0100] {dag.py:3954} INFO - Setting next_dagrun for example_sensors to None, run_after=None
[2024-07-12T11:48:09.650+0100] {processor.py:183} INFO - Processing /home/victor/airflow_env/lib/python3.10/site-packages/airflow/example_dags/example_sensors.py took 4.220 seconds
[2024-07-12T11:49:42.710+0100] {processor.py:161} INFO - Started process (PID=27381) to work on /home/victor/airflow_env/lib/python3.10/site-packages/airflow/example_dags/example_sensors.py
[2024-07-12T11:49:42.715+0100] {processor.py:830} INFO - Processing file /home/victor/airflow_env/lib/python3.10/site-packages/airflow/example_dags/example_sensors.py for tasks to queue
[2024-07-12T11:49:42.723+0100] {logging_mixin.py:188} INFO - [2024-07-12T11:49:42.721+0100] {dagbag.py:545} INFO - Filling up the DagBag from /home/victor/airflow_env/lib/python3.10/site-packages/airflow/example_dags/example_sensors.py
[2024-07-12T11:49:42.773+0100] {processor.py:840} INFO - DAG(s) 'example_sensors' retrieved from /home/victor/airflow_env/lib/python3.10/site-packages/airflow/example_dags/example_sensors.py
[2024-07-12T11:49:42.926+0100] {logging_mixin.py:188} INFO - [2024-07-12T11:49:42.924+0100] {dag.py:3096} INFO - Sync 1 DAGs
[2024-07-12T11:49:43.022+0100] {logging_mixin.py:188} INFO - [2024-07-12T11:49:43.019+0100] {dag.py:3954} INFO - Setting next_dagrun for example_sensors to None, run_after=None
[2024-07-12T11:49:43.377+0100] {processor.py:183} INFO - Processing /home/victor/airflow_env/lib/python3.10/site-packages/airflow/example_dags/example_sensors.py took 0.704 seconds
[2024-07-12T11:51:15.000+0100] {processor.py:161} INFO - Started process (PID=27763) to work on /home/victor/airflow_env/lib/python3.10/site-packages/airflow/example_dags/example_sensors.py
[2024-07-12T11:51:15.007+0100] {processor.py:830} INFO - Processing file /home/victor/airflow_env/lib/python3.10/site-packages/airflow/example_dags/example_sensors.py for tasks to queue
[2024-07-12T11:51:15.015+0100] {logging_mixin.py:188} INFO - [2024-07-12T11:51:15.013+0100] {dagbag.py:545} INFO - Filling up the DagBag from /home/victor/airflow_env/lib/python3.10/site-packages/airflow/example_dags/example_sensors.py
[2024-07-12T11:51:15.086+0100] {processor.py:840} INFO - DAG(s) 'example_sensors' retrieved from /home/victor/airflow_env/lib/python3.10/site-packages/airflow/example_dags/example_sensors.py
[2024-07-12T11:51:15.246+0100] {logging_mixin.py:188} INFO - [2024-07-12T11:51:15.246+0100] {dag.py:3096} INFO - Sync 1 DAGs
[2024-07-12T11:51:15.309+0100] {logging_mixin.py:188} INFO - [2024-07-12T11:51:15.308+0100] {dag.py:3954} INFO - Setting next_dagrun for example_sensors to None, run_after=None
[2024-07-12T11:51:15.704+0100] {processor.py:183} INFO - Processing /home/victor/airflow_env/lib/python3.10/site-packages/airflow/example_dags/example_sensors.py took 0.741 seconds
[2024-07-12T11:52:33.531+0100] {processor.py:161} INFO - Started process (PID=28089) to work on /home/victor/airflow_env/lib/python3.10/site-packages/airflow/example_dags/example_sensors.py
[2024-07-12T11:52:33.536+0100] {processor.py:830} INFO - Processing file /home/victor/airflow_env/lib/python3.10/site-packages/airflow/example_dags/example_sensors.py for tasks to queue
[2024-07-12T11:52:33.547+0100] {logging_mixin.py:188} INFO - [2024-07-12T11:52:33.545+0100] {dagbag.py:545} INFO - Filling up the DagBag from /home/victor/airflow_env/lib/python3.10/site-packages/airflow/example_dags/example_sensors.py
[2024-07-12T11:52:33.606+0100] {processor.py:840} INFO - DAG(s) 'example_sensors' retrieved from /home/victor/airflow_env/lib/python3.10/site-packages/airflow/example_dags/example_sensors.py
[2024-07-12T11:52:33.768+0100] {logging_mixin.py:188} INFO - [2024-07-12T11:52:33.767+0100] {dag.py:3096} INFO - Sync 1 DAGs
[2024-07-12T11:52:33.835+0100] {logging_mixin.py:188} INFO - [2024-07-12T11:52:33.834+0100] {dag.py:3954} INFO - Setting next_dagrun for example_sensors to None, run_after=None
[2024-07-12T11:52:34.181+0100] {processor.py:183} INFO - Processing /home/victor/airflow_env/lib/python3.10/site-packages/airflow/example_dags/example_sensors.py took 0.683 seconds
[2024-07-12T11:53:53.191+0100] {processor.py:161} INFO - Started process (PID=28420) to work on /home/victor/airflow_env/lib/python3.10/site-packages/airflow/example_dags/example_sensors.py
[2024-07-12T11:53:53.201+0100] {processor.py:830} INFO - Processing file /home/victor/airflow_env/lib/python3.10/site-packages/airflow/example_dags/example_sensors.py for tasks to queue
[2024-07-12T11:53:53.209+0100] {logging_mixin.py:188} INFO - [2024-07-12T11:53:53.207+0100] {dagbag.py:545} INFO - Filling up the DagBag from /home/victor/airflow_env/lib/python3.10/site-packages/airflow/example_dags/example_sensors.py
[2024-07-12T11:53:53.260+0100] {processor.py:840} INFO - DAG(s) 'example_sensors' retrieved from /home/victor/airflow_env/lib/python3.10/site-packages/airflow/example_dags/example_sensors.py
[2024-07-12T11:53:53.448+0100] {logging_mixin.py:188} INFO - [2024-07-12T11:53:53.447+0100] {dag.py:3096} INFO - Sync 1 DAGs
[2024-07-12T11:53:53.551+0100] {logging_mixin.py:188} INFO - [2024-07-12T11:53:53.550+0100] {dag.py:3954} INFO - Setting next_dagrun for example_sensors to None, run_after=None
[2024-07-12T11:53:53.930+0100] {processor.py:183} INFO - Processing /home/victor/airflow_env/lib/python3.10/site-packages/airflow/example_dags/example_sensors.py took 0.771 seconds
[2024-07-12T11:55:14.977+0100] {processor.py:161} INFO - Started process (PID=28757) to work on /home/victor/airflow_env/lib/python3.10/site-packages/airflow/example_dags/example_sensors.py
[2024-07-12T11:55:14.994+0100] {processor.py:830} INFO - Processing file /home/victor/airflow_env/lib/python3.10/site-packages/airflow/example_dags/example_sensors.py for tasks to queue
[2024-07-12T11:55:15.012+0100] {logging_mixin.py:188} INFO - [2024-07-12T11:55:15.000+0100] {dagbag.py:545} INFO - Filling up the DagBag from /home/victor/airflow_env/lib/python3.10/site-packages/airflow/example_dags/example_sensors.py
[2024-07-12T11:55:15.108+0100] {processor.py:840} INFO - DAG(s) 'example_sensors' retrieved from /home/victor/airflow_env/lib/python3.10/site-packages/airflow/example_dags/example_sensors.py
[2024-07-12T11:55:15.347+0100] {logging_mixin.py:188} INFO - [2024-07-12T11:55:15.346+0100] {dag.py:3096} INFO - Sync 1 DAGs
[2024-07-12T11:55:15.408+0100] {logging_mixin.py:188} INFO - [2024-07-12T11:55:15.407+0100] {dag.py:3954} INFO - Setting next_dagrun for example_sensors to None, run_after=None
[2024-07-12T11:55:15.718+0100] {processor.py:183} INFO - Processing /home/victor/airflow_env/lib/python3.10/site-packages/airflow/example_dags/example_sensors.py took 0.823 seconds
[2024-07-12T11:56:38.971+0100] {processor.py:161} INFO - Started process (PID=29103) to work on /home/victor/airflow_env/lib/python3.10/site-packages/airflow/example_dags/example_sensors.py
[2024-07-12T11:56:38.976+0100] {processor.py:830} INFO - Processing file /home/victor/airflow_env/lib/python3.10/site-packages/airflow/example_dags/example_sensors.py for tasks to queue
[2024-07-12T11:56:38.994+0100] {logging_mixin.py:188} INFO - [2024-07-12T11:56:38.992+0100] {dagbag.py:545} INFO - Filling up the DagBag from /home/victor/airflow_env/lib/python3.10/site-packages/airflow/example_dags/example_sensors.py
[2024-07-12T11:56:39.066+0100] {processor.py:840} INFO - DAG(s) 'example_sensors' retrieved from /home/victor/airflow_env/lib/python3.10/site-packages/airflow/example_dags/example_sensors.py
[2024-07-12T11:56:39.236+0100] {logging_mixin.py:188} INFO - [2024-07-12T11:56:39.235+0100] {dag.py:3096} INFO - Sync 1 DAGs
[2024-07-12T11:56:39.328+0100] {logging_mixin.py:188} INFO - [2024-07-12T11:56:39.327+0100] {dag.py:3954} INFO - Setting next_dagrun for example_sensors to None, run_after=None
[2024-07-12T11:56:39.740+0100] {processor.py:183} INFO - Processing /home/victor/airflow_env/lib/python3.10/site-packages/airflow/example_dags/example_sensors.py took 0.801 seconds
[2024-07-12T11:58:06.792+0100] {processor.py:161} INFO - Started process (PID=29459) to work on /home/victor/airflow_env/lib/python3.10/site-packages/airflow/example_dags/example_sensors.py
[2024-07-12T11:58:06.814+0100] {processor.py:830} INFO - Processing file /home/victor/airflow_env/lib/python3.10/site-packages/airflow/example_dags/example_sensors.py for tasks to queue
[2024-07-12T11:58:06.825+0100] {logging_mixin.py:188} INFO - [2024-07-12T11:58:06.822+0100] {dagbag.py:545} INFO - Filling up the DagBag from /home/victor/airflow_env/lib/python3.10/site-packages/airflow/example_dags/example_sensors.py
[2024-07-12T11:58:06.881+0100] {processor.py:840} INFO - DAG(s) 'example_sensors' retrieved from /home/victor/airflow_env/lib/python3.10/site-packages/airflow/example_dags/example_sensors.py
[2024-07-12T11:58:07.026+0100] {logging_mixin.py:188} INFO - [2024-07-12T11:58:07.025+0100] {dag.py:3096} INFO - Sync 1 DAGs
[2024-07-12T11:58:07.093+0100] {logging_mixin.py:188} INFO - [2024-07-12T11:58:07.092+0100] {dag.py:3954} INFO - Setting next_dagrun for example_sensors to None, run_after=None
[2024-07-12T11:58:07.474+0100] {processor.py:183} INFO - Processing /home/victor/airflow_env/lib/python3.10/site-packages/airflow/example_dags/example_sensors.py took 0.714 seconds
[2024-07-12T11:59:27.678+0100] {processor.py:161} INFO - Started process (PID=29796) to work on /home/victor/airflow_env/lib/python3.10/site-packages/airflow/example_dags/example_sensors.py
[2024-07-12T11:59:27.685+0100] {processor.py:830} INFO - Processing file /home/victor/airflow_env/lib/python3.10/site-packages/airflow/example_dags/example_sensors.py for tasks to queue
[2024-07-12T11:59:27.695+0100] {logging_mixin.py:188} INFO - [2024-07-12T11:59:27.693+0100] {dagbag.py:545} INFO - Filling up the DagBag from /home/victor/airflow_env/lib/python3.10/site-packages/airflow/example_dags/example_sensors.py
[2024-07-12T11:59:27.756+0100] {processor.py:840} INFO - DAG(s) 'example_sensors' retrieved from /home/victor/airflow_env/lib/python3.10/site-packages/airflow/example_dags/example_sensors.py
[2024-07-12T11:59:27.940+0100] {logging_mixin.py:188} INFO - [2024-07-12T11:59:27.939+0100] {dag.py:3096} INFO - Sync 1 DAGs
[2024-07-12T11:59:28.005+0100] {logging_mixin.py:188} INFO - [2024-07-12T11:59:28.004+0100] {dag.py:3954} INFO - Setting next_dagrun for example_sensors to None, run_after=None
[2024-07-12T11:59:28.278+0100] {processor.py:183} INFO - Processing /home/victor/airflow_env/lib/python3.10/site-packages/airflow/example_dags/example_sensors.py took 0.641 seconds
[2024-07-12T12:00:49.417+0100] {processor.py:161} INFO - Started process (PID=30133) to work on /home/victor/airflow_env/lib/python3.10/site-packages/airflow/example_dags/example_sensors.py
[2024-07-12T12:00:49.432+0100] {processor.py:830} INFO - Processing file /home/victor/airflow_env/lib/python3.10/site-packages/airflow/example_dags/example_sensors.py for tasks to queue
[2024-07-12T12:00:49.461+0100] {logging_mixin.py:188} INFO - [2024-07-12T12:00:49.449+0100] {dagbag.py:545} INFO - Filling up the DagBag from /home/victor/airflow_env/lib/python3.10/site-packages/airflow/example_dags/example_sensors.py
[2024-07-12T12:00:49.558+0100] {processor.py:840} INFO - DAG(s) 'example_sensors' retrieved from /home/victor/airflow_env/lib/python3.10/site-packages/airflow/example_dags/example_sensors.py
[2024-07-12T12:00:49.792+0100] {logging_mixin.py:188} INFO - [2024-07-12T12:00:49.791+0100] {dag.py:3096} INFO - Sync 1 DAGs
[2024-07-12T12:00:49.862+0100] {logging_mixin.py:188} INFO - [2024-07-12T12:00:49.862+0100] {dag.py:3954} INFO - Setting next_dagrun for example_sensors to None, run_after=None
[2024-07-12T12:00:50.192+0100] {processor.py:183} INFO - Processing /home/victor/airflow_env/lib/python3.10/site-packages/airflow/example_dags/example_sensors.py took 0.850 seconds
[2024-07-12T12:02:29.733+0100] {processor.py:161} INFO - Started process (PID=30537) to work on /home/victor/airflow_env/lib/python3.10/site-packages/airflow/example_dags/example_sensors.py
[2024-07-12T12:02:29.765+0100] {processor.py:830} INFO - Processing file /home/victor/airflow_env/lib/python3.10/site-packages/airflow/example_dags/example_sensors.py for tasks to queue
[2024-07-12T12:02:29.783+0100] {logging_mixin.py:188} INFO - [2024-07-12T12:02:29.781+0100] {dagbag.py:545} INFO - Filling up the DagBag from /home/victor/airflow_env/lib/python3.10/site-packages/airflow/example_dags/example_sensors.py
[2024-07-12T12:02:29.875+0100] {processor.py:840} INFO - DAG(s) 'example_sensors' retrieved from /home/victor/airflow_env/lib/python3.10/site-packages/airflow/example_dags/example_sensors.py
[2024-07-12T12:02:30.048+0100] {logging_mixin.py:188} INFO - [2024-07-12T12:02:30.047+0100] {dag.py:3096} INFO - Sync 1 DAGs
[2024-07-12T12:02:30.126+0100] {logging_mixin.py:188} INFO - [2024-07-12T12:02:30.125+0100] {dag.py:3954} INFO - Setting next_dagrun for example_sensors to None, run_after=None
[2024-07-12T12:02:30.484+0100] {processor.py:183} INFO - Processing /home/victor/airflow_env/lib/python3.10/site-packages/airflow/example_dags/example_sensors.py took 0.815 seconds
[2024-07-12T12:04:10.530+0100] {processor.py:161} INFO - Started process (PID=30945) to work on /home/victor/airflow_env/lib/python3.10/site-packages/airflow/example_dags/example_sensors.py
[2024-07-12T12:04:10.535+0100] {processor.py:830} INFO - Processing file /home/victor/airflow_env/lib/python3.10/site-packages/airflow/example_dags/example_sensors.py for tasks to queue
[2024-07-12T12:04:10.553+0100] {logging_mixin.py:188} INFO - [2024-07-12T12:04:10.543+0100] {dagbag.py:545} INFO - Filling up the DagBag from /home/victor/airflow_env/lib/python3.10/site-packages/airflow/example_dags/example_sensors.py
[2024-07-12T12:04:10.707+0100] {processor.py:840} INFO - DAG(s) 'example_sensors' retrieved from /home/victor/airflow_env/lib/python3.10/site-packages/airflow/example_dags/example_sensors.py
[2024-07-12T12:04:11.509+0100] {logging_mixin.py:188} INFO - [2024-07-12T12:04:11.507+0100] {dag.py:3096} INFO - Sync 1 DAGs
[2024-07-12T12:04:11.777+0100] {logging_mixin.py:188} INFO - [2024-07-12T12:04:11.776+0100] {dag.py:3954} INFO - Setting next_dagrun for example_sensors to None, run_after=None
[2024-07-12T12:04:12.889+0100] {processor.py:183} INFO - Processing /home/victor/airflow_env/lib/python3.10/site-packages/airflow/example_dags/example_sensors.py took 2.428 seconds
[2024-07-12T12:05:43.170+0100] {processor.py:161} INFO - Started process (PID=31323) to work on /home/victor/airflow_env/lib/python3.10/site-packages/airflow/example_dags/example_sensors.py
[2024-07-12T12:05:43.185+0100] {processor.py:830} INFO - Processing file /home/victor/airflow_env/lib/python3.10/site-packages/airflow/example_dags/example_sensors.py for tasks to queue
[2024-07-12T12:05:43.204+0100] {logging_mixin.py:188} INFO - [2024-07-12T12:05:43.202+0100] {dagbag.py:545} INFO - Filling up the DagBag from /home/victor/airflow_env/lib/python3.10/site-packages/airflow/example_dags/example_sensors.py
[2024-07-12T12:05:43.284+0100] {processor.py:840} INFO - DAG(s) 'example_sensors' retrieved from /home/victor/airflow_env/lib/python3.10/site-packages/airflow/example_dags/example_sensors.py
[2024-07-12T12:05:43.457+0100] {logging_mixin.py:188} INFO - [2024-07-12T12:05:43.456+0100] {dag.py:3096} INFO - Sync 1 DAGs
[2024-07-12T12:05:43.557+0100] {logging_mixin.py:188} INFO - [2024-07-12T12:05:43.556+0100] {dag.py:3954} INFO - Setting next_dagrun for example_sensors to None, run_after=None
[2024-07-12T12:05:43.944+0100] {processor.py:183} INFO - Processing /home/victor/airflow_env/lib/python3.10/site-packages/airflow/example_dags/example_sensors.py took 0.855 seconds
[2024-07-12T12:07:02.205+0100] {processor.py:161} INFO - Started process (PID=31652) to work on /home/victor/airflow_env/lib/python3.10/site-packages/airflow/example_dags/example_sensors.py
[2024-07-12T12:07:02.289+0100] {processor.py:830} INFO - Processing file /home/victor/airflow_env/lib/python3.10/site-packages/airflow/example_dags/example_sensors.py for tasks to queue
[2024-07-12T12:07:02.300+0100] {logging_mixin.py:188} INFO - [2024-07-12T12:07:02.297+0100] {dagbag.py:545} INFO - Filling up the DagBag from /home/victor/airflow_env/lib/python3.10/site-packages/airflow/example_dags/example_sensors.py
[2024-07-12T12:07:02.415+0100] {processor.py:840} INFO - DAG(s) 'example_sensors' retrieved from /home/victor/airflow_env/lib/python3.10/site-packages/airflow/example_dags/example_sensors.py
[2024-07-12T12:07:02.604+0100] {logging_mixin.py:188} INFO - [2024-07-12T12:07:02.603+0100] {dag.py:3096} INFO - Sync 1 DAGs
[2024-07-12T12:07:02.718+0100] {logging_mixin.py:188} INFO - [2024-07-12T12:07:02.708+0100] {dag.py:3954} INFO - Setting next_dagrun for example_sensors to None, run_after=None
[2024-07-12T12:07:03.047+0100] {processor.py:183} INFO - Processing /home/victor/airflow_env/lib/python3.10/site-packages/airflow/example_dags/example_sensors.py took 0.899 seconds
[2024-07-12T12:08:26.991+0100] {processor.py:161} INFO - Started process (PID=32000) to work on /home/victor/airflow_env/lib/python3.10/site-packages/airflow/example_dags/example_sensors.py
[2024-07-12T12:08:26.996+0100] {processor.py:830} INFO - Processing file /home/victor/airflow_env/lib/python3.10/site-packages/airflow/example_dags/example_sensors.py for tasks to queue
[2024-07-12T12:08:27.004+0100] {logging_mixin.py:188} INFO - [2024-07-12T12:08:27.003+0100] {dagbag.py:545} INFO - Filling up the DagBag from /home/victor/airflow_env/lib/python3.10/site-packages/airflow/example_dags/example_sensors.py
[2024-07-12T12:08:27.052+0100] {processor.py:840} INFO - DAG(s) 'example_sensors' retrieved from /home/victor/airflow_env/lib/python3.10/site-packages/airflow/example_dags/example_sensors.py
[2024-07-12T12:08:27.191+0100] {logging_mixin.py:188} INFO - [2024-07-12T12:08:27.190+0100] {dag.py:3096} INFO - Sync 1 DAGs
[2024-07-12T12:08:27.259+0100] {logging_mixin.py:188} INFO - [2024-07-12T12:08:27.258+0100] {dag.py:3954} INFO - Setting next_dagrun for example_sensors to None, run_after=None
[2024-07-12T12:08:27.553+0100] {processor.py:183} INFO - Processing /home/victor/airflow_env/lib/python3.10/site-packages/airflow/example_dags/example_sensors.py took 0.590 seconds
[2024-07-12T12:09:55.797+0100] {processor.py:161} INFO - Started process (PID=32369) to work on /home/victor/airflow_env/lib/python3.10/site-packages/airflow/example_dags/example_sensors.py
[2024-07-12T12:09:55.803+0100] {processor.py:830} INFO - Processing file /home/victor/airflow_env/lib/python3.10/site-packages/airflow/example_dags/example_sensors.py for tasks to queue
[2024-07-12T12:09:55.817+0100] {logging_mixin.py:188} INFO - [2024-07-12T12:09:55.810+0100] {dagbag.py:545} INFO - Filling up the DagBag from /home/victor/airflow_env/lib/python3.10/site-packages/airflow/example_dags/example_sensors.py
[2024-07-12T12:09:55.912+0100] {processor.py:840} INFO - DAG(s) 'example_sensors' retrieved from /home/victor/airflow_env/lib/python3.10/site-packages/airflow/example_dags/example_sensors.py
[2024-07-12T12:09:56.315+0100] {logging_mixin.py:188} INFO - [2024-07-12T12:09:56.314+0100] {dag.py:3096} INFO - Sync 1 DAGs
[2024-07-12T12:09:56.443+0100] {logging_mixin.py:188} INFO - [2024-07-12T12:09:56.442+0100] {dag.py:3954} INFO - Setting next_dagrun for example_sensors to None, run_after=None
[2024-07-12T12:09:56.864+0100] {processor.py:183} INFO - Processing /home/victor/airflow_env/lib/python3.10/site-packages/airflow/example_dags/example_sensors.py took 1.102 seconds
[2024-07-12T12:11:23.502+0100] {processor.py:161} INFO - Started process (PID=32730) to work on /home/victor/airflow_env/lib/python3.10/site-packages/airflow/example_dags/example_sensors.py
[2024-07-12T12:11:23.506+0100] {processor.py:830} INFO - Processing file /home/victor/airflow_env/lib/python3.10/site-packages/airflow/example_dags/example_sensors.py for tasks to queue
[2024-07-12T12:11:23.515+0100] {logging_mixin.py:188} INFO - [2024-07-12T12:11:23.513+0100] {dagbag.py:545} INFO - Filling up the DagBag from /home/victor/airflow_env/lib/python3.10/site-packages/airflow/example_dags/example_sensors.py
[2024-07-12T12:11:23.568+0100] {processor.py:840} INFO - DAG(s) 'example_sensors' retrieved from /home/victor/airflow_env/lib/python3.10/site-packages/airflow/example_dags/example_sensors.py
[2024-07-12T12:11:23.741+0100] {logging_mixin.py:188} INFO - [2024-07-12T12:11:23.740+0100] {dag.py:3096} INFO - Sync 1 DAGs
[2024-07-12T12:11:23.865+0100] {logging_mixin.py:188} INFO - [2024-07-12T12:11:23.864+0100] {dag.py:3954} INFO - Setting next_dagrun for example_sensors to None, run_after=None
[2024-07-12T12:11:24.352+0100] {processor.py:183} INFO - Processing /home/victor/airflow_env/lib/python3.10/site-packages/airflow/example_dags/example_sensors.py took 0.881 seconds
[2024-07-12T12:12:46.097+0100] {processor.py:161} INFO - Started process (PID=33072) to work on /home/victor/airflow_env/lib/python3.10/site-packages/airflow/example_dags/example_sensors.py
[2024-07-12T12:12:46.101+0100] {processor.py:830} INFO - Processing file /home/victor/airflow_env/lib/python3.10/site-packages/airflow/example_dags/example_sensors.py for tasks to queue
[2024-07-12T12:12:46.110+0100] {logging_mixin.py:188} INFO - [2024-07-12T12:12:46.108+0100] {dagbag.py:545} INFO - Filling up the DagBag from /home/victor/airflow_env/lib/python3.10/site-packages/airflow/example_dags/example_sensors.py
[2024-07-12T12:12:46.172+0100] {processor.py:840} INFO - DAG(s) 'example_sensors' retrieved from /home/victor/airflow_env/lib/python3.10/site-packages/airflow/example_dags/example_sensors.py
[2024-07-12T12:12:46.353+0100] {logging_mixin.py:188} INFO - [2024-07-12T12:12:46.352+0100] {dag.py:3096} INFO - Sync 1 DAGs
[2024-07-12T12:12:46.428+0100] {logging_mixin.py:188} INFO - [2024-07-12T12:12:46.427+0100] {dag.py:3954} INFO - Setting next_dagrun for example_sensors to None, run_after=None
[2024-07-12T12:12:46.858+0100] {processor.py:183} INFO - Processing /home/victor/airflow_env/lib/python3.10/site-packages/airflow/example_dags/example_sensors.py took 0.790 seconds
[2024-07-12T12:14:08.231+0100] {processor.py:161} INFO - Started process (PID=33411) to work on /home/victor/airflow_env/lib/python3.10/site-packages/airflow/example_dags/example_sensors.py
[2024-07-12T12:14:08.235+0100] {processor.py:830} INFO - Processing file /home/victor/airflow_env/lib/python3.10/site-packages/airflow/example_dags/example_sensors.py for tasks to queue
[2024-07-12T12:14:08.244+0100] {logging_mixin.py:188} INFO - [2024-07-12T12:14:08.242+0100] {dagbag.py:545} INFO - Filling up the DagBag from /home/victor/airflow_env/lib/python3.10/site-packages/airflow/example_dags/example_sensors.py
[2024-07-12T12:14:08.300+0100] {processor.py:840} INFO - DAG(s) 'example_sensors' retrieved from /home/victor/airflow_env/lib/python3.10/site-packages/airflow/example_dags/example_sensors.py
[2024-07-12T12:14:08.469+0100] {logging_mixin.py:188} INFO - [2024-07-12T12:14:08.468+0100] {dag.py:3096} INFO - Sync 1 DAGs
[2024-07-12T12:14:08.553+0100] {logging_mixin.py:188} INFO - [2024-07-12T12:14:08.552+0100] {dag.py:3954} INFO - Setting next_dagrun for example_sensors to None, run_after=None
[2024-07-12T12:14:08.999+0100] {processor.py:183} INFO - Processing /home/victor/airflow_env/lib/python3.10/site-packages/airflow/example_dags/example_sensors.py took 0.802 seconds
[2024-07-12T12:15:39.177+0100] {processor.py:161} INFO - Started process (PID=33779) to work on /home/victor/airflow_env/lib/python3.10/site-packages/airflow/example_dags/example_sensors.py
[2024-07-12T12:15:39.192+0100] {processor.py:830} INFO - Processing file /home/victor/airflow_env/lib/python3.10/site-packages/airflow/example_dags/example_sensors.py for tasks to queue
[2024-07-12T12:15:39.203+0100] {logging_mixin.py:188} INFO - [2024-07-12T12:15:39.200+0100] {dagbag.py:545} INFO - Filling up the DagBag from /home/victor/airflow_env/lib/python3.10/site-packages/airflow/example_dags/example_sensors.py
[2024-07-12T12:15:39.369+0100] {processor.py:840} INFO - DAG(s) 'example_sensors' retrieved from /home/victor/airflow_env/lib/python3.10/site-packages/airflow/example_dags/example_sensors.py
[2024-07-12T12:15:39.712+0100] {logging_mixin.py:188} INFO - [2024-07-12T12:15:39.711+0100] {dag.py:3096} INFO - Sync 1 DAGs
[2024-07-12T12:15:39.943+0100] {logging_mixin.py:188} INFO - [2024-07-12T12:15:39.942+0100] {dag.py:3954} INFO - Setting next_dagrun for example_sensors to None, run_after=None
[2024-07-12T12:15:40.397+0100] {processor.py:183} INFO - Processing /home/victor/airflow_env/lib/python3.10/site-packages/airflow/example_dags/example_sensors.py took 1.322 seconds
[2024-07-12T12:17:40.494+0100] {processor.py:161} INFO - Started process (PID=34265) to work on /home/victor/airflow_env/lib/python3.10/site-packages/airflow/example_dags/example_sensors.py
[2024-07-12T12:17:40.499+0100] {processor.py:830} INFO - Processing file /home/victor/airflow_env/lib/python3.10/site-packages/airflow/example_dags/example_sensors.py for tasks to queue
[2024-07-12T12:17:40.507+0100] {logging_mixin.py:188} INFO - [2024-07-12T12:17:40.505+0100] {dagbag.py:545} INFO - Filling up the DagBag from /home/victor/airflow_env/lib/python3.10/site-packages/airflow/example_dags/example_sensors.py
[2024-07-12T12:17:40.574+0100] {processor.py:840} INFO - DAG(s) 'example_sensors' retrieved from /home/victor/airflow_env/lib/python3.10/site-packages/airflow/example_dags/example_sensors.py
[2024-07-12T12:17:40.731+0100] {logging_mixin.py:188} INFO - [2024-07-12T12:17:40.730+0100] {dag.py:3096} INFO - Sync 1 DAGs
[2024-07-12T12:17:40.812+0100] {logging_mixin.py:188} INFO - [2024-07-12T12:17:40.811+0100] {dag.py:3954} INFO - Setting next_dagrun for example_sensors to None, run_after=None
[2024-07-12T12:17:41.559+0100] {processor.py:183} INFO - Processing /home/victor/airflow_env/lib/python3.10/site-packages/airflow/example_dags/example_sensors.py took 1.097 seconds
[2024-07-12T12:19:23.869+0100] {processor.py:161} INFO - Started process (PID=34687) to work on /home/victor/airflow_env/lib/python3.10/site-packages/airflow/example_dags/example_sensors.py
[2024-07-12T12:19:23.892+0100] {processor.py:830} INFO - Processing file /home/victor/airflow_env/lib/python3.10/site-packages/airflow/example_dags/example_sensors.py for tasks to queue
[2024-07-12T12:19:23.902+0100] {logging_mixin.py:188} INFO - [2024-07-12T12:19:23.900+0100] {dagbag.py:545} INFO - Filling up the DagBag from /home/victor/airflow_env/lib/python3.10/site-packages/airflow/example_dags/example_sensors.py
[2024-07-12T12:19:24.065+0100] {processor.py:840} INFO - DAG(s) 'example_sensors' retrieved from /home/victor/airflow_env/lib/python3.10/site-packages/airflow/example_dags/example_sensors.py
[2024-07-12T12:19:24.499+0100] {logging_mixin.py:188} INFO - [2024-07-12T12:19:24.498+0100] {dag.py:3096} INFO - Sync 1 DAGs
[2024-07-12T12:19:24.739+0100] {logging_mixin.py:188} INFO - [2024-07-12T12:19:24.738+0100] {dag.py:3954} INFO - Setting next_dagrun for example_sensors to None, run_after=None
[2024-07-12T12:19:26.074+0100] {processor.py:183} INFO - Processing /home/victor/airflow_env/lib/python3.10/site-packages/airflow/example_dags/example_sensors.py took 2.279 seconds
[2024-07-12T12:21:04.748+0100] {processor.py:161} INFO - Started process (PID=35096) to work on /home/victor/airflow_env/lib/python3.10/site-packages/airflow/example_dags/example_sensors.py
[2024-07-12T12:21:04.753+0100] {processor.py:830} INFO - Processing file /home/victor/airflow_env/lib/python3.10/site-packages/airflow/example_dags/example_sensors.py for tasks to queue
[2024-07-12T12:21:04.762+0100] {logging_mixin.py:188} INFO - [2024-07-12T12:21:04.760+0100] {dagbag.py:545} INFO - Filling up the DagBag from /home/victor/airflow_env/lib/python3.10/site-packages/airflow/example_dags/example_sensors.py
[2024-07-12T12:21:04.838+0100] {processor.py:840} INFO - DAG(s) 'example_sensors' retrieved from /home/victor/airflow_env/lib/python3.10/site-packages/airflow/example_dags/example_sensors.py
[2024-07-12T12:21:05.076+0100] {logging_mixin.py:188} INFO - [2024-07-12T12:21:05.075+0100] {dag.py:3096} INFO - Sync 1 DAGs
[2024-07-12T12:21:05.210+0100] {logging_mixin.py:188} INFO - [2024-07-12T12:21:05.209+0100] {dag.py:3954} INFO - Setting next_dagrun for example_sensors to None, run_after=None
[2024-07-12T12:21:05.595+0100] {processor.py:183} INFO - Processing /home/victor/airflow_env/lib/python3.10/site-packages/airflow/example_dags/example_sensors.py took 0.894 seconds
[2024-07-12T12:22:33.005+0100] {processor.py:161} INFO - Started process (PID=35460) to work on /home/victor/airflow_env/lib/python3.10/site-packages/airflow/example_dags/example_sensors.py
[2024-07-12T12:22:33.010+0100] {processor.py:830} INFO - Processing file /home/victor/airflow_env/lib/python3.10/site-packages/airflow/example_dags/example_sensors.py for tasks to queue
[2024-07-12T12:22:33.018+0100] {logging_mixin.py:188} INFO - [2024-07-12T12:22:33.016+0100] {dagbag.py:545} INFO - Filling up the DagBag from /home/victor/airflow_env/lib/python3.10/site-packages/airflow/example_dags/example_sensors.py
[2024-07-12T12:22:33.067+0100] {processor.py:840} INFO - DAG(s) 'example_sensors' retrieved from /home/victor/airflow_env/lib/python3.10/site-packages/airflow/example_dags/example_sensors.py
[2024-07-12T12:22:33.211+0100] {logging_mixin.py:188} INFO - [2024-07-12T12:22:33.210+0100] {dag.py:3096} INFO - Sync 1 DAGs
[2024-07-12T12:22:33.276+0100] {logging_mixin.py:188} INFO - [2024-07-12T12:22:33.275+0100] {dag.py:3954} INFO - Setting next_dagrun for example_sensors to None, run_after=None
[2024-07-12T12:22:33.623+0100] {processor.py:183} INFO - Processing /home/victor/airflow_env/lib/python3.10/site-packages/airflow/example_dags/example_sensors.py took 0.647 seconds
[2024-07-12T12:24:02.111+0100] {processor.py:161} INFO - Started process (PID=35824) to work on /home/victor/airflow_env/lib/python3.10/site-packages/airflow/example_dags/example_sensors.py
[2024-07-12T12:24:02.116+0100] {processor.py:830} INFO - Processing file /home/victor/airflow_env/lib/python3.10/site-packages/airflow/example_dags/example_sensors.py for tasks to queue
[2024-07-12T12:24:02.129+0100] {logging_mixin.py:188} INFO - [2024-07-12T12:24:02.123+0100] {dagbag.py:545} INFO - Filling up the DagBag from /home/victor/airflow_env/lib/python3.10/site-packages/airflow/example_dags/example_sensors.py
[2024-07-12T12:24:02.209+0100] {processor.py:840} INFO - DAG(s) 'example_sensors' retrieved from /home/victor/airflow_env/lib/python3.10/site-packages/airflow/example_dags/example_sensors.py
[2024-07-12T12:24:02.484+0100] {logging_mixin.py:188} INFO - [2024-07-12T12:24:02.483+0100] {dag.py:3096} INFO - Sync 1 DAGs
[2024-07-12T12:24:02.551+0100] {logging_mixin.py:188} INFO - [2024-07-12T12:24:02.550+0100] {dag.py:3954} INFO - Setting next_dagrun for example_sensors to None, run_after=None
[2024-07-12T12:24:02.959+0100] {processor.py:183} INFO - Processing /home/victor/airflow_env/lib/python3.10/site-packages/airflow/example_dags/example_sensors.py took 0.901 seconds
[2024-07-12T12:25:45.995+0100] {processor.py:161} INFO - Started process (PID=36242) to work on /home/victor/airflow_env/lib/python3.10/site-packages/airflow/example_dags/example_sensors.py
[2024-07-12T12:25:46.000+0100] {processor.py:830} INFO - Processing file /home/victor/airflow_env/lib/python3.10/site-packages/airflow/example_dags/example_sensors.py for tasks to queue
[2024-07-12T12:25:46.007+0100] {logging_mixin.py:188} INFO - [2024-07-12T12:25:46.006+0100] {dagbag.py:545} INFO - Filling up the DagBag from /home/victor/airflow_env/lib/python3.10/site-packages/airflow/example_dags/example_sensors.py
[2024-07-12T12:25:46.058+0100] {processor.py:840} INFO - DAG(s) 'example_sensors' retrieved from /home/victor/airflow_env/lib/python3.10/site-packages/airflow/example_dags/example_sensors.py
[2024-07-12T12:25:46.197+0100] {logging_mixin.py:188} INFO - [2024-07-12T12:25:46.196+0100] {dag.py:3096} INFO - Sync 1 DAGs
[2024-07-12T12:25:46.269+0100] {logging_mixin.py:188} INFO - [2024-07-12T12:25:46.268+0100] {dag.py:3954} INFO - Setting next_dagrun for example_sensors to None, run_after=None
[2024-07-12T12:25:46.584+0100] {processor.py:183} INFO - Processing /home/victor/airflow_env/lib/python3.10/site-packages/airflow/example_dags/example_sensors.py took 0.622 seconds
[2024-07-12T12:27:18.190+0100] {processor.py:161} INFO - Started process (PID=36618) to work on /home/victor/airflow_env/lib/python3.10/site-packages/airflow/example_dags/example_sensors.py
[2024-07-12T12:27:18.196+0100] {processor.py:830} INFO - Processing file /home/victor/airflow_env/lib/python3.10/site-packages/airflow/example_dags/example_sensors.py for tasks to queue
[2024-07-12T12:27:18.205+0100] {logging_mixin.py:188} INFO - [2024-07-12T12:27:18.203+0100] {dagbag.py:545} INFO - Filling up the DagBag from /home/victor/airflow_env/lib/python3.10/site-packages/airflow/example_dags/example_sensors.py
[2024-07-12T12:27:18.256+0100] {processor.py:840} INFO - DAG(s) 'example_sensors' retrieved from /home/victor/airflow_env/lib/python3.10/site-packages/airflow/example_dags/example_sensors.py
[2024-07-12T12:27:18.409+0100] {logging_mixin.py:188} INFO - [2024-07-12T12:27:18.408+0100] {dag.py:3096} INFO - Sync 1 DAGs
[2024-07-12T12:27:18.483+0100] {logging_mixin.py:188} INFO - [2024-07-12T12:27:18.483+0100] {dag.py:3954} INFO - Setting next_dagrun for example_sensors to None, run_after=None
[2024-07-12T12:27:18.828+0100] {processor.py:183} INFO - Processing /home/victor/airflow_env/lib/python3.10/site-packages/airflow/example_dags/example_sensors.py took 0.675 seconds
[2024-07-12T12:28:47.005+0100] {processor.py:161} INFO - Started process (PID=36981) to work on /home/victor/airflow_env/lib/python3.10/site-packages/airflow/example_dags/example_sensors.py
[2024-07-12T12:28:47.009+0100] {processor.py:830} INFO - Processing file /home/victor/airflow_env/lib/python3.10/site-packages/airflow/example_dags/example_sensors.py for tasks to queue
[2024-07-12T12:28:47.018+0100] {logging_mixin.py:188} INFO - [2024-07-12T12:28:47.016+0100] {dagbag.py:545} INFO - Filling up the DagBag from /home/victor/airflow_env/lib/python3.10/site-packages/airflow/example_dags/example_sensors.py
[2024-07-12T12:28:47.067+0100] {processor.py:840} INFO - DAG(s) 'example_sensors' retrieved from /home/victor/airflow_env/lib/python3.10/site-packages/airflow/example_dags/example_sensors.py
[2024-07-12T12:28:47.201+0100] {logging_mixin.py:188} INFO - [2024-07-12T12:28:47.200+0100] {dag.py:3096} INFO - Sync 1 DAGs
[2024-07-12T12:28:47.275+0100] {logging_mixin.py:188} INFO - [2024-07-12T12:28:47.274+0100] {dag.py:3954} INFO - Setting next_dagrun for example_sensors to None, run_after=None
[2024-07-12T12:28:47.617+0100] {processor.py:183} INFO - Processing /home/victor/airflow_env/lib/python3.10/site-packages/airflow/example_dags/example_sensors.py took 0.642 seconds
[2024-07-12T12:30:21.917+0100] {processor.py:161} INFO - Started process (PID=37369) to work on /home/victor/airflow_env/lib/python3.10/site-packages/airflow/example_dags/example_sensors.py
[2024-07-12T12:30:21.932+0100] {processor.py:830} INFO - Processing file /home/victor/airflow_env/lib/python3.10/site-packages/airflow/example_dags/example_sensors.py for tasks to queue
[2024-07-12T12:30:21.953+0100] {logging_mixin.py:188} INFO - [2024-07-12T12:30:21.951+0100] {dagbag.py:545} INFO - Filling up the DagBag from /home/victor/airflow_env/lib/python3.10/site-packages/airflow/example_dags/example_sensors.py
[2024-07-12T12:30:22.072+0100] {processor.py:840} INFO - DAG(s) 'example_sensors' retrieved from /home/victor/airflow_env/lib/python3.10/site-packages/airflow/example_dags/example_sensors.py
[2024-07-12T12:30:22.335+0100] {logging_mixin.py:188} INFO - [2024-07-12T12:30:22.332+0100] {dag.py:3096} INFO - Sync 1 DAGs
[2024-07-12T12:30:22.413+0100] {logging_mixin.py:188} INFO - [2024-07-12T12:30:22.413+0100] {dag.py:3954} INFO - Setting next_dagrun for example_sensors to None, run_after=None
[2024-07-12T12:30:22.751+0100] {processor.py:183} INFO - Processing /home/victor/airflow_env/lib/python3.10/site-packages/airflow/example_dags/example_sensors.py took 0.886 seconds
[2024-07-12T12:31:52.010+0100] {processor.py:161} INFO - Started process (PID=37742) to work on /home/victor/airflow_env/lib/python3.10/site-packages/airflow/example_dags/example_sensors.py
[2024-07-12T12:31:52.015+0100] {processor.py:830} INFO - Processing file /home/victor/airflow_env/lib/python3.10/site-packages/airflow/example_dags/example_sensors.py for tasks to queue
[2024-07-12T12:31:52.023+0100] {logging_mixin.py:188} INFO - [2024-07-12T12:31:52.021+0100] {dagbag.py:545} INFO - Filling up the DagBag from /home/victor/airflow_env/lib/python3.10/site-packages/airflow/example_dags/example_sensors.py
[2024-07-12T12:31:52.071+0100] {processor.py:840} INFO - DAG(s) 'example_sensors' retrieved from /home/victor/airflow_env/lib/python3.10/site-packages/airflow/example_dags/example_sensors.py
[2024-07-12T12:31:52.201+0100] {logging_mixin.py:188} INFO - [2024-07-12T12:31:52.201+0100] {dag.py:3096} INFO - Sync 1 DAGs
[2024-07-12T12:31:52.270+0100] {logging_mixin.py:188} INFO - [2024-07-12T12:31:52.269+0100] {dag.py:3954} INFO - Setting next_dagrun for example_sensors to None, run_after=None
[2024-07-12T12:31:52.589+0100] {processor.py:183} INFO - Processing /home/victor/airflow_env/lib/python3.10/site-packages/airflow/example_dags/example_sensors.py took 0.607 seconds
