[2024-07-12T11:06:44.494+0100] {processor.py:161} INFO - Started process (PID=16424) to work on /home/victor/airflow_env/lib/python3.10/site-packages/airflow/example_dags/example_branch_operator_decorator.py
[2024-07-12T11:06:44.498+0100] {processor.py:830} INFO - Processing file /home/victor/airflow_env/lib/python3.10/site-packages/airflow/example_dags/example_branch_operator_decorator.py for tasks to queue
[2024-07-12T11:06:44.507+0100] {logging_mixin.py:188} INFO - [2024-07-12T11:06:44.505+0100] {dagbag.py:545} INFO - Filling up the DagBag from /home/victor/airflow_env/lib/python3.10/site-packages/airflow/example_dags/example_branch_operator_decorator.py
[2024-07-12T11:06:44.636+0100] {processor.py:840} INFO - DAG(s) 'example_branch_python_operator_decorator' retrieved from /home/victor/airflow_env/lib/python3.10/site-packages/airflow/example_dags/example_branch_operator_decorator.py
[2024-07-12T11:06:45.482+0100] {logging_mixin.py:188} INFO - [2024-07-12T11:06:45.479+0100] {override.py:1847} INFO - Created Permission View: can edit on DAG:example_branch_python_operator_decorator
[2024-07-12T11:06:45.991+0100] {logging_mixin.py:188} INFO - [2024-07-12T11:06:45.989+0100] {override.py:1847} INFO - Created Permission View: can read on DAG:example_branch_python_operator_decorator
[2024-07-12T11:06:46.190+0100] {logging_mixin.py:188} INFO - [2024-07-12T11:06:46.188+0100] {override.py:1847} INFO - Created Permission View: can delete on DAG:example_branch_python_operator_decorator
[2024-07-12T11:06:46.193+0100] {logging_mixin.py:188} INFO - [2024-07-12T11:06:46.192+0100] {dag.py:3096} INFO - Sync 1 DAGs
[2024-07-12T11:06:46.267+0100] {logging_mixin.py:188} INFO - [2024-07-12T11:06:46.266+0100] {dag.py:3118} INFO - Creating ORM DAG for example_branch_python_operator_decorator
[2024-07-12T11:06:46.320+0100] {logging_mixin.py:188} INFO - [2024-07-12T11:06:46.320+0100] {dag.py:3954} INFO - Setting next_dagrun for example_branch_python_operator_decorator to 2024-07-11 00:00:00+00:00, run_after=2024-07-12 00:00:00+00:00
[2024-07-12T11:06:46.660+0100] {processor.py:183} INFO - Processing /home/victor/airflow_env/lib/python3.10/site-packages/airflow/example_dags/example_branch_operator_decorator.py took 2.193 seconds
[2024-07-12T11:09:49.954+0100] {processor.py:161} INFO - Started process (PID=17144) to work on /home/victor/airflow_env/lib/python3.10/site-packages/airflow/example_dags/example_branch_operator_decorator.py
[2024-07-12T11:09:49.961+0100] {processor.py:830} INFO - Processing file /home/victor/airflow_env/lib/python3.10/site-packages/airflow/example_dags/example_branch_operator_decorator.py for tasks to queue
[2024-07-12T11:09:49.970+0100] {logging_mixin.py:188} INFO - [2024-07-12T11:09:49.968+0100] {dagbag.py:545} INFO - Filling up the DagBag from /home/victor/airflow_env/lib/python3.10/site-packages/airflow/example_dags/example_branch_operator_decorator.py
[2024-07-12T11:09:50.114+0100] {processor.py:840} INFO - DAG(s) 'example_branch_python_operator_decorator' retrieved from /home/victor/airflow_env/lib/python3.10/site-packages/airflow/example_dags/example_branch_operator_decorator.py
[2024-07-12T11:09:50.386+0100] {logging_mixin.py:188} INFO - [2024-07-12T11:09:50.385+0100] {dag.py:3096} INFO - Sync 1 DAGs
[2024-07-12T11:09:50.870+0100] {logging_mixin.py:188} INFO - [2024-07-12T11:09:50.869+0100] {dag.py:3954} INFO - Setting next_dagrun for example_branch_python_operator_decorator to 2024-07-11 00:00:00+00:00, run_after=2024-07-12 00:00:00+00:00
[2024-07-12T11:09:51.225+0100] {processor.py:183} INFO - Processing /home/victor/airflow_env/lib/python3.10/site-packages/airflow/example_dags/example_branch_operator_decorator.py took 1.311 seconds
[2024-07-12T11:13:15.219+0100] {processor.py:161} INFO - Started process (PID=17989) to work on /home/victor/airflow_env/lib/python3.10/site-packages/airflow/example_dags/example_branch_operator_decorator.py
[2024-07-12T11:13:15.228+0100] {processor.py:830} INFO - Processing file /home/victor/airflow_env/lib/python3.10/site-packages/airflow/example_dags/example_branch_operator_decorator.py for tasks to queue
[2024-07-12T11:13:15.240+0100] {logging_mixin.py:188} INFO - [2024-07-12T11:13:15.236+0100] {dagbag.py:545} INFO - Filling up the DagBag from /home/victor/airflow_env/lib/python3.10/site-packages/airflow/example_dags/example_branch_operator_decorator.py
[2024-07-12T11:13:15.389+0100] {processor.py:840} INFO - DAG(s) 'example_branch_python_operator_decorator' retrieved from /home/victor/airflow_env/lib/python3.10/site-packages/airflow/example_dags/example_branch_operator_decorator.py
[2024-07-12T11:13:15.569+0100] {logging_mixin.py:188} INFO - [2024-07-12T11:13:15.568+0100] {dag.py:3096} INFO - Sync 1 DAGs
[2024-07-12T11:13:15.703+0100] {logging_mixin.py:188} INFO - [2024-07-12T11:13:15.702+0100] {dag.py:3954} INFO - Setting next_dagrun for example_branch_python_operator_decorator to 2024-07-11 00:00:00+00:00, run_after=2024-07-12 00:00:00+00:00
[2024-07-12T11:13:16.001+0100] {processor.py:183} INFO - Processing /home/victor/airflow_env/lib/python3.10/site-packages/airflow/example_dags/example_branch_operator_decorator.py took 0.843 seconds
[2024-07-12T11:17:47.695+0100] {processor.py:161} INFO - Started process (PID=19097) to work on /home/victor/airflow_env/lib/python3.10/site-packages/airflow/example_dags/example_branch_operator_decorator.py
[2024-07-12T11:17:47.703+0100] {processor.py:830} INFO - Processing file /home/victor/airflow_env/lib/python3.10/site-packages/airflow/example_dags/example_branch_operator_decorator.py for tasks to queue
[2024-07-12T11:17:47.716+0100] {logging_mixin.py:188} INFO - [2024-07-12T11:17:47.711+0100] {dagbag.py:545} INFO - Filling up the DagBag from /home/victor/airflow_env/lib/python3.10/site-packages/airflow/example_dags/example_branch_operator_decorator.py
[2024-07-12T11:17:47.944+0100] {processor.py:840} INFO - DAG(s) 'example_branch_python_operator_decorator' retrieved from /home/victor/airflow_env/lib/python3.10/site-packages/airflow/example_dags/example_branch_operator_decorator.py
[2024-07-12T11:17:48.210+0100] {logging_mixin.py:188} INFO - [2024-07-12T11:17:48.209+0100] {dag.py:3096} INFO - Sync 1 DAGs
[2024-07-12T11:17:48.351+0100] {logging_mixin.py:188} INFO - [2024-07-12T11:17:48.350+0100] {dag.py:3954} INFO - Setting next_dagrun for example_branch_python_operator_decorator to 2024-07-11 00:00:00+00:00, run_after=2024-07-12 00:00:00+00:00
[2024-07-12T11:17:48.837+0100] {processor.py:183} INFO - Processing /home/victor/airflow_env/lib/python3.10/site-packages/airflow/example_dags/example_branch_operator_decorator.py took 1.175 seconds
[2024-07-12T11:20:52.666+0100] {processor.py:161} INFO - Started process (PID=19862) to work on /home/victor/airflow_env/lib/python3.10/site-packages/airflow/example_dags/example_branch_operator_decorator.py
[2024-07-12T11:20:52.671+0100] {processor.py:830} INFO - Processing file /home/victor/airflow_env/lib/python3.10/site-packages/airflow/example_dags/example_branch_operator_decorator.py for tasks to queue
[2024-07-12T11:20:52.679+0100] {logging_mixin.py:188} INFO - [2024-07-12T11:20:52.677+0100] {dagbag.py:545} INFO - Filling up the DagBag from /home/victor/airflow_env/lib/python3.10/site-packages/airflow/example_dags/example_branch_operator_decorator.py
[2024-07-12T11:20:52.831+0100] {processor.py:840} INFO - DAG(s) 'example_branch_python_operator_decorator' retrieved from /home/victor/airflow_env/lib/python3.10/site-packages/airflow/example_dags/example_branch_operator_decorator.py
[2024-07-12T11:20:53.013+0100] {logging_mixin.py:188} INFO - [2024-07-12T11:20:53.012+0100] {dag.py:3096} INFO - Sync 1 DAGs
[2024-07-12T11:20:53.152+0100] {logging_mixin.py:188} INFO - [2024-07-12T11:20:53.150+0100] {dag.py:3954} INFO - Setting next_dagrun for example_branch_python_operator_decorator to 2024-07-11 00:00:00+00:00, run_after=2024-07-12 00:00:00+00:00
[2024-07-12T11:20:53.431+0100] {processor.py:183} INFO - Processing /home/victor/airflow_env/lib/python3.10/site-packages/airflow/example_dags/example_branch_operator_decorator.py took 0.799 seconds
[2024-07-12T11:24:16.078+0100] {processor.py:161} INFO - Started process (PID=20702) to work on /home/victor/airflow_env/lib/python3.10/site-packages/airflow/example_dags/example_branch_operator_decorator.py
[2024-07-12T11:24:16.084+0100] {processor.py:830} INFO - Processing file /home/victor/airflow_env/lib/python3.10/site-packages/airflow/example_dags/example_branch_operator_decorator.py for tasks to queue
[2024-07-12T11:24:16.092+0100] {logging_mixin.py:188} INFO - [2024-07-12T11:24:16.090+0100] {dagbag.py:545} INFO - Filling up the DagBag from /home/victor/airflow_env/lib/python3.10/site-packages/airflow/example_dags/example_branch_operator_decorator.py
[2024-07-12T11:24:16.238+0100] {processor.py:840} INFO - DAG(s) 'example_branch_python_operator_decorator' retrieved from /home/victor/airflow_env/lib/python3.10/site-packages/airflow/example_dags/example_branch_operator_decorator.py
[2024-07-12T11:24:16.398+0100] {logging_mixin.py:188} INFO - [2024-07-12T11:24:16.397+0100] {dag.py:3096} INFO - Sync 1 DAGs
[2024-07-12T11:24:16.539+0100] {logging_mixin.py:188} INFO - [2024-07-12T11:24:16.537+0100] {dag.py:3954} INFO - Setting next_dagrun for example_branch_python_operator_decorator to 2024-07-11 00:00:00+00:00, run_after=2024-07-12 00:00:00+00:00
[2024-07-12T11:24:16.856+0100] {processor.py:183} INFO - Processing /home/victor/airflow_env/lib/python3.10/site-packages/airflow/example_dags/example_branch_operator_decorator.py took 0.808 seconds
[2024-07-12T11:27:38.484+0100] {processor.py:161} INFO - Started process (PID=21528) to work on /home/victor/airflow_env/lib/python3.10/site-packages/airflow/example_dags/example_branch_operator_decorator.py
[2024-07-12T11:27:38.488+0100] {processor.py:830} INFO - Processing file /home/victor/airflow_env/lib/python3.10/site-packages/airflow/example_dags/example_branch_operator_decorator.py for tasks to queue
[2024-07-12T11:27:38.496+0100] {logging_mixin.py:188} INFO - [2024-07-12T11:27:38.494+0100] {dagbag.py:545} INFO - Filling up the DagBag from /home/victor/airflow_env/lib/python3.10/site-packages/airflow/example_dags/example_branch_operator_decorator.py
[2024-07-12T11:27:38.619+0100] {processor.py:840} INFO - DAG(s) 'example_branch_python_operator_decorator' retrieved from /home/victor/airflow_env/lib/python3.10/site-packages/airflow/example_dags/example_branch_operator_decorator.py
[2024-07-12T11:27:38.785+0100] {logging_mixin.py:188} INFO - [2024-07-12T11:27:38.784+0100] {dag.py:3096} INFO - Sync 1 DAGs
[2024-07-12T11:27:38.905+0100] {logging_mixin.py:188} INFO - [2024-07-12T11:27:38.903+0100] {dag.py:3954} INFO - Setting next_dagrun for example_branch_python_operator_decorator to 2024-07-11 00:00:00+00:00, run_after=2024-07-12 00:00:00+00:00
[2024-07-12T11:27:39.178+0100] {processor.py:183} INFO - Processing /home/victor/airflow_env/lib/python3.10/site-packages/airflow/example_dags/example_branch_operator_decorator.py took 0.724 seconds
[2024-07-12T11:31:23.556+0100] {processor.py:161} INFO - Started process (PID=22437) to work on /home/victor/airflow_env/lib/python3.10/site-packages/airflow/example_dags/example_branch_operator_decorator.py
[2024-07-12T11:31:23.561+0100] {processor.py:830} INFO - Processing file /home/victor/airflow_env/lib/python3.10/site-packages/airflow/example_dags/example_branch_operator_decorator.py for tasks to queue
[2024-07-12T11:31:23.569+0100] {logging_mixin.py:188} INFO - [2024-07-12T11:31:23.567+0100] {dagbag.py:545} INFO - Filling up the DagBag from /home/victor/airflow_env/lib/python3.10/site-packages/airflow/example_dags/example_branch_operator_decorator.py
[2024-07-12T11:31:23.698+0100] {processor.py:840} INFO - DAG(s) 'example_branch_python_operator_decorator' retrieved from /home/victor/airflow_env/lib/python3.10/site-packages/airflow/example_dags/example_branch_operator_decorator.py
[2024-07-12T11:31:23.890+0100] {logging_mixin.py:188} INFO - [2024-07-12T11:31:23.889+0100] {dag.py:3096} INFO - Sync 1 DAGs
[2024-07-12T11:31:24.096+0100] {logging_mixin.py:188} INFO - [2024-07-12T11:31:24.095+0100] {dag.py:3954} INFO - Setting next_dagrun for example_branch_python_operator_decorator to 2024-07-11 00:00:00+00:00, run_after=2024-07-12 00:00:00+00:00
[2024-07-12T11:31:24.491+0100] {processor.py:183} INFO - Processing /home/victor/airflow_env/lib/python3.10/site-packages/airflow/example_dags/example_branch_operator_decorator.py took 0.965 seconds
[2024-07-12T11:35:42.499+0100] {processor.py:161} INFO - Started process (PID=23883) to work on /home/victor/airflow_env/lib/python3.10/site-packages/airflow/example_dags/example_branch_operator_decorator.py
[2024-07-12T11:35:42.505+0100] {processor.py:830} INFO - Processing file /home/victor/airflow_env/lib/python3.10/site-packages/airflow/example_dags/example_branch_operator_decorator.py for tasks to queue
[2024-07-12T11:35:42.518+0100] {logging_mixin.py:188} INFO - [2024-07-12T11:35:42.512+0100] {dagbag.py:545} INFO - Filling up the DagBag from /home/victor/airflow_env/lib/python3.10/site-packages/airflow/example_dags/example_branch_operator_decorator.py
[2024-07-12T11:35:42.632+0100] {processor.py:840} INFO - DAG(s) 'example_branch_python_operator_decorator' retrieved from /home/victor/airflow_env/lib/python3.10/site-packages/airflow/example_dags/example_branch_operator_decorator.py
[2024-07-12T11:35:42.823+0100] {logging_mixin.py:188} INFO - [2024-07-12T11:35:42.822+0100] {dag.py:3096} INFO - Sync 1 DAGs
[2024-07-12T11:35:42.970+0100] {logging_mixin.py:188} INFO - [2024-07-12T11:35:42.969+0100] {dag.py:3954} INFO - Setting next_dagrun for example_branch_python_operator_decorator to 2024-07-11 00:00:00+00:00, run_after=2024-07-12 00:00:00+00:00
[2024-07-12T11:35:43.381+0100] {processor.py:183} INFO - Processing /home/victor/airflow_env/lib/python3.10/site-packages/airflow/example_dags/example_branch_operator_decorator.py took 0.912 seconds
[2024-07-12T11:38:36.579+0100] {processor.py:161} INFO - Started process (PID=24641) to work on /home/victor/airflow_env/lib/python3.10/site-packages/airflow/example_dags/example_branch_operator_decorator.py
[2024-07-12T11:38:36.592+0100] {processor.py:830} INFO - Processing file /home/victor/airflow_env/lib/python3.10/site-packages/airflow/example_dags/example_branch_operator_decorator.py for tasks to queue
[2024-07-12T11:38:36.609+0100] {logging_mixin.py:188} INFO - [2024-07-12T11:38:36.607+0100] {dagbag.py:545} INFO - Filling up the DagBag from /home/victor/airflow_env/lib/python3.10/site-packages/airflow/example_dags/example_branch_operator_decorator.py
[2024-07-12T11:38:36.775+0100] {processor.py:840} INFO - DAG(s) 'example_branch_python_operator_decorator' retrieved from /home/victor/airflow_env/lib/python3.10/site-packages/airflow/example_dags/example_branch_operator_decorator.py
[2024-07-12T11:38:37.121+0100] {logging_mixin.py:188} INFO - [2024-07-12T11:38:37.120+0100] {dag.py:3096} INFO - Sync 1 DAGs
[2024-07-12T11:38:37.259+0100] {logging_mixin.py:188} INFO - [2024-07-12T11:38:37.258+0100] {dag.py:3954} INFO - Setting next_dagrun for example_branch_python_operator_decorator to 2024-07-11 00:00:00+00:00, run_after=2024-07-12 00:00:00+00:00
[2024-07-12T11:38:37.633+0100] {processor.py:183} INFO - Processing /home/victor/airflow_env/lib/python3.10/site-packages/airflow/example_dags/example_branch_operator_decorator.py took 1.115 seconds
[2024-07-12T11:41:40.219+0100] {processor.py:161} INFO - Started process (PID=25388) to work on /home/victor/airflow_env/lib/python3.10/site-packages/airflow/example_dags/example_branch_operator_decorator.py
[2024-07-12T11:41:40.226+0100] {processor.py:830} INFO - Processing file /home/victor/airflow_env/lib/python3.10/site-packages/airflow/example_dags/example_branch_operator_decorator.py for tasks to queue
[2024-07-12T11:41:40.239+0100] {logging_mixin.py:188} INFO - [2024-07-12T11:41:40.237+0100] {dagbag.py:545} INFO - Filling up the DagBag from /home/victor/airflow_env/lib/python3.10/site-packages/airflow/example_dags/example_branch_operator_decorator.py
[2024-07-12T11:41:40.408+0100] {processor.py:840} INFO - DAG(s) 'example_branch_python_operator_decorator' retrieved from /home/victor/airflow_env/lib/python3.10/site-packages/airflow/example_dags/example_branch_operator_decorator.py
[2024-07-12T11:41:40.602+0100] {logging_mixin.py:188} INFO - [2024-07-12T11:41:40.601+0100] {dag.py:3096} INFO - Sync 1 DAGs
[2024-07-12T11:41:40.743+0100] {logging_mixin.py:188} INFO - [2024-07-12T11:41:40.742+0100] {dag.py:3954} INFO - Setting next_dagrun for example_branch_python_operator_decorator to 2024-07-11 00:00:00+00:00, run_after=2024-07-12 00:00:00+00:00
[2024-07-12T11:41:41.098+0100] {processor.py:183} INFO - Processing /home/victor/airflow_env/lib/python3.10/site-packages/airflow/example_dags/example_branch_operator_decorator.py took 0.916 seconds
[2024-07-12T11:44:31.237+0100] {processor.py:161} INFO - Started process (PID=26092) to work on /home/victor/airflow_env/lib/python3.10/site-packages/airflow/example_dags/example_branch_operator_decorator.py
[2024-07-12T11:44:31.242+0100] {processor.py:830} INFO - Processing file /home/victor/airflow_env/lib/python3.10/site-packages/airflow/example_dags/example_branch_operator_decorator.py for tasks to queue
[2024-07-12T11:44:31.250+0100] {logging_mixin.py:188} INFO - [2024-07-12T11:44:31.248+0100] {dagbag.py:545} INFO - Filling up the DagBag from /home/victor/airflow_env/lib/python3.10/site-packages/airflow/example_dags/example_branch_operator_decorator.py
[2024-07-12T11:44:31.364+0100] {processor.py:840} INFO - DAG(s) 'example_branch_python_operator_decorator' retrieved from /home/victor/airflow_env/lib/python3.10/site-packages/airflow/example_dags/example_branch_operator_decorator.py
[2024-07-12T11:44:31.573+0100] {logging_mixin.py:188} INFO - [2024-07-12T11:44:31.572+0100] {dag.py:3096} INFO - Sync 1 DAGs
[2024-07-12T11:44:31.703+0100] {logging_mixin.py:188} INFO - [2024-07-12T11:44:31.702+0100] {dag.py:3954} INFO - Setting next_dagrun for example_branch_python_operator_decorator to 2024-07-11 00:00:00+00:00, run_after=2024-07-12 00:00:00+00:00
[2024-07-12T11:44:32.109+0100] {processor.py:183} INFO - Processing /home/victor/airflow_env/lib/python3.10/site-packages/airflow/example_dags/example_branch_operator_decorator.py took 0.909 seconds
[2024-07-12T11:47:17.151+0100] {processor.py:161} INFO - Started process (PID=26786) to work on /home/victor/airflow_env/lib/python3.10/site-packages/airflow/example_dags/example_branch_operator_decorator.py
[2024-07-12T11:47:17.156+0100] {processor.py:830} INFO - Processing file /home/victor/airflow_env/lib/python3.10/site-packages/airflow/example_dags/example_branch_operator_decorator.py for tasks to queue
[2024-07-12T11:47:17.165+0100] {logging_mixin.py:188} INFO - [2024-07-12T11:47:17.163+0100] {dagbag.py:545} INFO - Filling up the DagBag from /home/victor/airflow_env/lib/python3.10/site-packages/airflow/example_dags/example_branch_operator_decorator.py
[2024-07-12T11:47:17.344+0100] {processor.py:840} INFO - DAG(s) 'example_branch_python_operator_decorator' retrieved from /home/victor/airflow_env/lib/python3.10/site-packages/airflow/example_dags/example_branch_operator_decorator.py
[2024-07-12T11:47:17.577+0100] {logging_mixin.py:188} INFO - [2024-07-12T11:47:17.576+0100] {dag.py:3096} INFO - Sync 1 DAGs
[2024-07-12T11:47:17.714+0100] {logging_mixin.py:188} INFO - [2024-07-12T11:47:17.713+0100] {dag.py:3954} INFO - Setting next_dagrun for example_branch_python_operator_decorator to 2024-07-11 00:00:00+00:00, run_after=2024-07-12 00:00:00+00:00
[2024-07-12T11:47:17.997+0100] {processor.py:183} INFO - Processing /home/victor/airflow_env/lib/python3.10/site-packages/airflow/example_dags/example_branch_operator_decorator.py took 0.893 seconds
[2024-07-12T11:50:31.519+0100] {processor.py:161} INFO - Started process (PID=27584) to work on /home/victor/airflow_env/lib/python3.10/site-packages/airflow/example_dags/example_branch_operator_decorator.py
[2024-07-12T11:50:31.543+0100] {processor.py:830} INFO - Processing file /home/victor/airflow_env/lib/python3.10/site-packages/airflow/example_dags/example_branch_operator_decorator.py for tasks to queue
[2024-07-12T11:50:31.556+0100] {logging_mixin.py:188} INFO - [2024-07-12T11:50:31.554+0100] {dagbag.py:545} INFO - Filling up the DagBag from /home/victor/airflow_env/lib/python3.10/site-packages/airflow/example_dags/example_branch_operator_decorator.py
[2024-07-12T11:50:31.694+0100] {processor.py:840} INFO - DAG(s) 'example_branch_python_operator_decorator' retrieved from /home/victor/airflow_env/lib/python3.10/site-packages/airflow/example_dags/example_branch_operator_decorator.py
[2024-07-12T11:50:31.879+0100] {logging_mixin.py:188} INFO - [2024-07-12T11:50:31.878+0100] {dag.py:3096} INFO - Sync 1 DAGs
[2024-07-12T11:50:31.998+0100] {logging_mixin.py:188} INFO - [2024-07-12T11:50:31.997+0100] {dag.py:3954} INFO - Setting next_dagrun for example_branch_python_operator_decorator to 2024-07-11 00:00:00+00:00, run_after=2024-07-12 00:00:00+00:00
[2024-07-12T11:50:32.280+0100] {processor.py:183} INFO - Processing /home/victor/airflow_env/lib/python3.10/site-packages/airflow/example_dags/example_branch_operator_decorator.py took 0.797 seconds
[2024-07-12T11:53:12.745+0100] {processor.py:161} INFO - Started process (PID=28251) to work on /home/victor/airflow_env/lib/python3.10/site-packages/airflow/example_dags/example_branch_operator_decorator.py
[2024-07-12T11:53:12.755+0100] {processor.py:830} INFO - Processing file /home/victor/airflow_env/lib/python3.10/site-packages/airflow/example_dags/example_branch_operator_decorator.py for tasks to queue
[2024-07-12T11:53:12.764+0100] {logging_mixin.py:188} INFO - [2024-07-12T11:53:12.762+0100] {dagbag.py:545} INFO - Filling up the DagBag from /home/victor/airflow_env/lib/python3.10/site-packages/airflow/example_dags/example_branch_operator_decorator.py
[2024-07-12T11:53:12.914+0100] {processor.py:840} INFO - DAG(s) 'example_branch_python_operator_decorator' retrieved from /home/victor/airflow_env/lib/python3.10/site-packages/airflow/example_dags/example_branch_operator_decorator.py
[2024-07-12T11:53:13.119+0100] {logging_mixin.py:188} INFO - [2024-07-12T11:53:13.118+0100] {dag.py:3096} INFO - Sync 1 DAGs
[2024-07-12T11:53:13.270+0100] {logging_mixin.py:188} INFO - [2024-07-12T11:53:13.263+0100] {dag.py:3954} INFO - Setting next_dagrun for example_branch_python_operator_decorator to 2024-07-11 00:00:00+00:00, run_after=2024-07-12 00:00:00+00:00
[2024-07-12T11:53:13.551+0100] {processor.py:183} INFO - Processing /home/victor/airflow_env/lib/python3.10/site-packages/airflow/example_dags/example_branch_operator_decorator.py took 0.837 seconds
[2024-07-12T11:55:56.054+0100] {processor.py:161} INFO - Started process (PID=28926) to work on /home/victor/airflow_env/lib/python3.10/site-packages/airflow/example_dags/example_branch_operator_decorator.py
[2024-07-12T11:55:56.068+0100] {processor.py:830} INFO - Processing file /home/victor/airflow_env/lib/python3.10/site-packages/airflow/example_dags/example_branch_operator_decorator.py for tasks to queue
[2024-07-12T11:55:56.078+0100] {logging_mixin.py:188} INFO - [2024-07-12T11:55:56.076+0100] {dagbag.py:545} INFO - Filling up the DagBag from /home/victor/airflow_env/lib/python3.10/site-packages/airflow/example_dags/example_branch_operator_decorator.py
[2024-07-12T11:55:56.329+0100] {processor.py:840} INFO - DAG(s) 'example_branch_python_operator_decorator' retrieved from /home/victor/airflow_env/lib/python3.10/site-packages/airflow/example_dags/example_branch_operator_decorator.py
[2024-07-12T11:55:56.522+0100] {logging_mixin.py:188} INFO - [2024-07-12T11:55:56.521+0100] {dag.py:3096} INFO - Sync 1 DAGs
[2024-07-12T11:55:56.664+0100] {logging_mixin.py:188} INFO - [2024-07-12T11:55:56.663+0100] {dag.py:3954} INFO - Setting next_dagrun for example_branch_python_operator_decorator to 2024-07-11 00:00:00+00:00, run_after=2024-07-12 00:00:00+00:00
[2024-07-12T11:55:57.013+0100] {processor.py:183} INFO - Processing /home/victor/airflow_env/lib/python3.10/site-packages/airflow/example_dags/example_branch_operator_decorator.py took 1.026 seconds
[2024-07-12T11:58:48.311+0100] {processor.py:161} INFO - Started process (PID=29630) to work on /home/victor/airflow_env/lib/python3.10/site-packages/airflow/example_dags/example_branch_operator_decorator.py
[2024-07-12T11:58:48.327+0100] {processor.py:830} INFO - Processing file /home/victor/airflow_env/lib/python3.10/site-packages/airflow/example_dags/example_branch_operator_decorator.py for tasks to queue
[2024-07-12T11:58:48.347+0100] {logging_mixin.py:188} INFO - [2024-07-12T11:58:48.345+0100] {dagbag.py:545} INFO - Filling up the DagBag from /home/victor/airflow_env/lib/python3.10/site-packages/airflow/example_dags/example_branch_operator_decorator.py
[2024-07-12T11:58:48.480+0100] {processor.py:840} INFO - DAG(s) 'example_branch_python_operator_decorator' retrieved from /home/victor/airflow_env/lib/python3.10/site-packages/airflow/example_dags/example_branch_operator_decorator.py
[2024-07-12T11:58:48.642+0100] {logging_mixin.py:188} INFO - [2024-07-12T11:58:48.641+0100] {dag.py:3096} INFO - Sync 1 DAGs
[2024-07-12T11:58:48.777+0100] {logging_mixin.py:188} INFO - [2024-07-12T11:58:48.776+0100] {dag.py:3954} INFO - Setting next_dagrun for example_branch_python_operator_decorator to 2024-07-11 00:00:00+00:00, run_after=2024-07-12 00:00:00+00:00
[2024-07-12T11:58:49.125+0100] {processor.py:183} INFO - Processing /home/victor/airflow_env/lib/python3.10/site-packages/airflow/example_dags/example_branch_operator_decorator.py took 0.872 seconds
[2024-07-12T12:01:46.064+0100] {processor.py:161} INFO - Started process (PID=30357) to work on /home/victor/airflow_env/lib/python3.10/site-packages/airflow/example_dags/example_branch_operator_decorator.py
[2024-07-12T12:01:46.069+0100] {processor.py:830} INFO - Processing file /home/victor/airflow_env/lib/python3.10/site-packages/airflow/example_dags/example_branch_operator_decorator.py for tasks to queue
[2024-07-12T12:01:46.079+0100] {logging_mixin.py:188} INFO - [2024-07-12T12:01:46.077+0100] {dagbag.py:545} INFO - Filling up the DagBag from /home/victor/airflow_env/lib/python3.10/site-packages/airflow/example_dags/example_branch_operator_decorator.py
[2024-07-12T12:01:46.274+0100] {processor.py:840} INFO - DAG(s) 'example_branch_python_operator_decorator' retrieved from /home/victor/airflow_env/lib/python3.10/site-packages/airflow/example_dags/example_branch_operator_decorator.py
[2024-07-12T12:01:46.598+0100] {logging_mixin.py:188} INFO - [2024-07-12T12:01:46.597+0100] {dag.py:3096} INFO - Sync 1 DAGs
[2024-07-12T12:01:46.890+0100] {logging_mixin.py:188} INFO - [2024-07-12T12:01:46.889+0100] {dag.py:3954} INFO - Setting next_dagrun for example_branch_python_operator_decorator to 2024-07-11 00:00:00+00:00, run_after=2024-07-12 00:00:00+00:00
[2024-07-12T12:01:47.501+0100] {processor.py:183} INFO - Processing /home/victor/airflow_env/lib/python3.10/site-packages/airflow/example_dags/example_branch_operator_decorator.py took 1.478 seconds
[2024-07-12T12:04:57.391+0100] {processor.py:161} INFO - Started process (PID=31136) to work on /home/victor/airflow_env/lib/python3.10/site-packages/airflow/example_dags/example_branch_operator_decorator.py
[2024-07-12T12:04:57.399+0100] {processor.py:830} INFO - Processing file /home/victor/airflow_env/lib/python3.10/site-packages/airflow/example_dags/example_branch_operator_decorator.py for tasks to queue
[2024-07-12T12:04:57.409+0100] {logging_mixin.py:188} INFO - [2024-07-12T12:04:57.407+0100] {dagbag.py:545} INFO - Filling up the DagBag from /home/victor/airflow_env/lib/python3.10/site-packages/airflow/example_dags/example_branch_operator_decorator.py
[2024-07-12T12:04:57.586+0100] {processor.py:840} INFO - DAG(s) 'example_branch_python_operator_decorator' retrieved from /home/victor/airflow_env/lib/python3.10/site-packages/airflow/example_dags/example_branch_operator_decorator.py
[2024-07-12T12:04:57.856+0100] {logging_mixin.py:188} INFO - [2024-07-12T12:04:57.855+0100] {dag.py:3096} INFO - Sync 1 DAGs
[2024-07-12T12:04:58.054+0100] {logging_mixin.py:188} INFO - [2024-07-12T12:04:58.053+0100] {dag.py:3954} INFO - Setting next_dagrun for example_branch_python_operator_decorator to 2024-07-11 00:00:00+00:00, run_after=2024-07-12 00:00:00+00:00
[2024-07-12T12:04:58.458+0100] {processor.py:183} INFO - Processing /home/victor/airflow_env/lib/python3.10/site-packages/airflow/example_dags/example_branch_operator_decorator.py took 1.114 seconds
[2024-07-12T12:07:44.011+0100] {processor.py:161} INFO - Started process (PID=31822) to work on /home/victor/airflow_env/lib/python3.10/site-packages/airflow/example_dags/example_branch_operator_decorator.py
[2024-07-12T12:07:44.025+0100] {processor.py:830} INFO - Processing file /home/victor/airflow_env/lib/python3.10/site-packages/airflow/example_dags/example_branch_operator_decorator.py for tasks to queue
[2024-07-12T12:07:44.045+0100] {logging_mixin.py:188} INFO - [2024-07-12T12:07:44.043+0100] {dagbag.py:545} INFO - Filling up the DagBag from /home/victor/airflow_env/lib/python3.10/site-packages/airflow/example_dags/example_branch_operator_decorator.py
[2024-07-12T12:07:44.293+0100] {processor.py:840} INFO - DAG(s) 'example_branch_python_operator_decorator' retrieved from /home/victor/airflow_env/lib/python3.10/site-packages/airflow/example_dags/example_branch_operator_decorator.py
[2024-07-12T12:07:44.550+0100] {logging_mixin.py:188} INFO - [2024-07-12T12:07:44.549+0100] {dag.py:3096} INFO - Sync 1 DAGs
[2024-07-12T12:07:44.728+0100] {logging_mixin.py:188} INFO - [2024-07-12T12:07:44.727+0100] {dag.py:3954} INFO - Setting next_dagrun for example_branch_python_operator_decorator to 2024-07-11 00:00:00+00:00, run_after=2024-07-12 00:00:00+00:00
[2024-07-12T12:07:45.204+0100] {processor.py:183} INFO - Processing /home/victor/airflow_env/lib/python3.10/site-packages/airflow/example_dags/example_branch_operator_decorator.py took 1.251 seconds
[2024-07-12T12:10:38.026+0100] {processor.py:161} INFO - Started process (PID=32541) to work on /home/victor/airflow_env/lib/python3.10/site-packages/airflow/example_dags/example_branch_operator_decorator.py
[2024-07-12T12:10:38.118+0100] {processor.py:830} INFO - Processing file /home/victor/airflow_env/lib/python3.10/site-packages/airflow/example_dags/example_branch_operator_decorator.py for tasks to queue
[2024-07-12T12:10:38.141+0100] {logging_mixin.py:188} INFO - [2024-07-12T12:10:38.137+0100] {dagbag.py:545} INFO - Filling up the DagBag from /home/victor/airflow_env/lib/python3.10/site-packages/airflow/example_dags/example_branch_operator_decorator.py
[2024-07-12T12:10:38.484+0100] {processor.py:840} INFO - DAG(s) 'example_branch_python_operator_decorator' retrieved from /home/victor/airflow_env/lib/python3.10/site-packages/airflow/example_dags/example_branch_operator_decorator.py
[2024-07-12T12:10:38.779+0100] {logging_mixin.py:188} INFO - [2024-07-12T12:10:38.778+0100] {dag.py:3096} INFO - Sync 1 DAGs
[2024-07-12T12:10:39.242+0100] {logging_mixin.py:188} INFO - [2024-07-12T12:10:39.241+0100] {dag.py:3954} INFO - Setting next_dagrun for example_branch_python_operator_decorator to 2024-07-11 00:00:00+00:00, run_after=2024-07-12 00:00:00+00:00
[2024-07-12T12:10:39.870+0100] {processor.py:183} INFO - Processing /home/victor/airflow_env/lib/python3.10/site-packages/airflow/example_dags/example_branch_operator_decorator.py took 1.946 seconds
[2024-07-12T12:13:23.173+0100] {processor.py:161} INFO - Started process (PID=33226) to work on /home/victor/airflow_env/lib/python3.10/site-packages/airflow/example_dags/example_branch_operator_decorator.py
[2024-07-12T12:13:23.177+0100] {processor.py:830} INFO - Processing file /home/victor/airflow_env/lib/python3.10/site-packages/airflow/example_dags/example_branch_operator_decorator.py for tasks to queue
[2024-07-12T12:13:23.189+0100] {logging_mixin.py:188} INFO - [2024-07-12T12:13:23.187+0100] {dagbag.py:545} INFO - Filling up the DagBag from /home/victor/airflow_env/lib/python3.10/site-packages/airflow/example_dags/example_branch_operator_decorator.py
[2024-07-12T12:13:23.326+0100] {processor.py:840} INFO - DAG(s) 'example_branch_python_operator_decorator' retrieved from /home/victor/airflow_env/lib/python3.10/site-packages/airflow/example_dags/example_branch_operator_decorator.py
[2024-07-12T12:13:23.506+0100] {logging_mixin.py:188} INFO - [2024-07-12T12:13:23.505+0100] {dag.py:3096} INFO - Sync 1 DAGs
[2024-07-12T12:13:23.636+0100] {logging_mixin.py:188} INFO - [2024-07-12T12:13:23.635+0100] {dag.py:3954} INFO - Setting next_dagrun for example_branch_python_operator_decorator to 2024-07-11 00:00:00+00:00, run_after=2024-07-12 00:00:00+00:00
[2024-07-12T12:13:23.937+0100] {processor.py:183} INFO - Processing /home/victor/airflow_env/lib/python3.10/site-packages/airflow/example_dags/example_branch_operator_decorator.py took 0.797 seconds
[2024-07-12T12:16:42.176+0100] {processor.py:161} INFO - Started process (PID=34029) to work on /home/victor/airflow_env/lib/python3.10/site-packages/airflow/example_dags/example_branch_operator_decorator.py
[2024-07-12T12:16:42.185+0100] {processor.py:830} INFO - Processing file /home/victor/airflow_env/lib/python3.10/site-packages/airflow/example_dags/example_branch_operator_decorator.py for tasks to queue
[2024-07-12T12:16:42.195+0100] {logging_mixin.py:188} INFO - [2024-07-12T12:16:42.193+0100] {dagbag.py:545} INFO - Filling up the DagBag from /home/victor/airflow_env/lib/python3.10/site-packages/airflow/example_dags/example_branch_operator_decorator.py
[2024-07-12T12:16:42.389+0100] {processor.py:840} INFO - DAG(s) 'example_branch_python_operator_decorator' retrieved from /home/victor/airflow_env/lib/python3.10/site-packages/airflow/example_dags/example_branch_operator_decorator.py
[2024-07-12T12:16:42.637+0100] {logging_mixin.py:188} INFO - [2024-07-12T12:16:42.636+0100] {dag.py:3096} INFO - Sync 1 DAGs
[2024-07-12T12:16:42.793+0100] {logging_mixin.py:188} INFO - [2024-07-12T12:16:42.792+0100] {dag.py:3954} INFO - Setting next_dagrun for example_branch_python_operator_decorator to 2024-07-11 00:00:00+00:00, run_after=2024-07-12 00:00:00+00:00
[2024-07-12T12:16:43.238+0100] {processor.py:183} INFO - Processing /home/victor/airflow_env/lib/python3.10/site-packages/airflow/example_dags/example_branch_operator_decorator.py took 1.115 seconds
[2024-07-12T12:20:20.952+0100] {processor.py:161} INFO - Started process (PID=34916) to work on /home/victor/airflow_env/lib/python3.10/site-packages/airflow/example_dags/example_branch_operator_decorator.py
[2024-07-12T12:20:20.957+0100] {processor.py:830} INFO - Processing file /home/victor/airflow_env/lib/python3.10/site-packages/airflow/example_dags/example_branch_operator_decorator.py for tasks to queue
[2024-07-12T12:20:20.968+0100] {logging_mixin.py:188} INFO - [2024-07-12T12:20:20.966+0100] {dagbag.py:545} INFO - Filling up the DagBag from /home/victor/airflow_env/lib/python3.10/site-packages/airflow/example_dags/example_branch_operator_decorator.py
[2024-07-12T12:20:21.124+0100] {processor.py:840} INFO - DAG(s) 'example_branch_python_operator_decorator' retrieved from /home/victor/airflow_env/lib/python3.10/site-packages/airflow/example_dags/example_branch_operator_decorator.py
[2024-07-12T12:20:21.326+0100] {logging_mixin.py:188} INFO - [2024-07-12T12:20:21.325+0100] {dag.py:3096} INFO - Sync 1 DAGs
[2024-07-12T12:20:21.450+0100] {logging_mixin.py:188} INFO - [2024-07-12T12:20:21.449+0100] {dag.py:3954} INFO - Setting next_dagrun for example_branch_python_operator_decorator to 2024-07-11 00:00:00+00:00, run_after=2024-07-12 00:00:00+00:00
[2024-07-12T12:20:21.777+0100] {processor.py:183} INFO - Processing /home/victor/airflow_env/lib/python3.10/site-packages/airflow/example_dags/example_branch_operator_decorator.py took 0.858 seconds
[2024-07-12T12:23:19.407+0100] {processor.py:161} INFO - Started process (PID=35647) to work on /home/victor/airflow_env/lib/python3.10/site-packages/airflow/example_dags/example_branch_operator_decorator.py
[2024-07-12T12:23:19.412+0100] {processor.py:830} INFO - Processing file /home/victor/airflow_env/lib/python3.10/site-packages/airflow/example_dags/example_branch_operator_decorator.py for tasks to queue
[2024-07-12T12:23:19.421+0100] {logging_mixin.py:188} INFO - [2024-07-12T12:23:19.419+0100] {dagbag.py:545} INFO - Filling up the DagBag from /home/victor/airflow_env/lib/python3.10/site-packages/airflow/example_dags/example_branch_operator_decorator.py
[2024-07-12T12:23:19.553+0100] {processor.py:840} INFO - DAG(s) 'example_branch_python_operator_decorator' retrieved from /home/victor/airflow_env/lib/python3.10/site-packages/airflow/example_dags/example_branch_operator_decorator.py
[2024-07-12T12:23:19.725+0100] {logging_mixin.py:188} INFO - [2024-07-12T12:23:19.724+0100] {dag.py:3096} INFO - Sync 1 DAGs
[2024-07-12T12:23:19.845+0100] {logging_mixin.py:188} INFO - [2024-07-12T12:23:19.844+0100] {dag.py:3954} INFO - Setting next_dagrun for example_branch_python_operator_decorator to 2024-07-11 00:00:00+00:00, run_after=2024-07-12 00:00:00+00:00
[2024-07-12T12:23:20.159+0100] {processor.py:183} INFO - Processing /home/victor/airflow_env/lib/python3.10/site-packages/airflow/example_dags/example_branch_operator_decorator.py took 0.823 seconds
[2024-07-12T12:26:35.528+0100] {processor.py:161} INFO - Started process (PID=36442) to work on /home/victor/airflow_env/lib/python3.10/site-packages/airflow/example_dags/example_branch_operator_decorator.py
[2024-07-12T12:26:35.533+0100] {processor.py:830} INFO - Processing file /home/victor/airflow_env/lib/python3.10/site-packages/airflow/example_dags/example_branch_operator_decorator.py for tasks to queue
[2024-07-12T12:26:35.542+0100] {logging_mixin.py:188} INFO - [2024-07-12T12:26:35.540+0100] {dagbag.py:545} INFO - Filling up the DagBag from /home/victor/airflow_env/lib/python3.10/site-packages/airflow/example_dags/example_branch_operator_decorator.py
[2024-07-12T12:26:35.682+0100] {processor.py:840} INFO - DAG(s) 'example_branch_python_operator_decorator' retrieved from /home/victor/airflow_env/lib/python3.10/site-packages/airflow/example_dags/example_branch_operator_decorator.py
[2024-07-12T12:26:35.849+0100] {logging_mixin.py:188} INFO - [2024-07-12T12:26:35.848+0100] {dag.py:3096} INFO - Sync 1 DAGs
[2024-07-12T12:26:35.977+0100] {logging_mixin.py:188} INFO - [2024-07-12T12:26:35.975+0100] {dag.py:3954} INFO - Setting next_dagrun for example_branch_python_operator_decorator to 2024-07-11 00:00:00+00:00, run_after=2024-07-12 00:00:00+00:00
[2024-07-12T12:26:36.334+0100] {processor.py:183} INFO - Processing /home/victor/airflow_env/lib/python3.10/site-packages/airflow/example_dags/example_branch_operator_decorator.py took 0.846 seconds
[2024-07-12T12:29:32.263+0100] {processor.py:161} INFO - Started process (PID=37166) to work on /home/victor/airflow_env/lib/python3.10/site-packages/airflow/example_dags/example_branch_operator_decorator.py
[2024-07-12T12:29:32.269+0100] {processor.py:830} INFO - Processing file /home/victor/airflow_env/lib/python3.10/site-packages/airflow/example_dags/example_branch_operator_decorator.py for tasks to queue
[2024-07-12T12:29:32.284+0100] {logging_mixin.py:188} INFO - [2024-07-12T12:29:32.282+0100] {dagbag.py:545} INFO - Filling up the DagBag from /home/victor/airflow_env/lib/python3.10/site-packages/airflow/example_dags/example_branch_operator_decorator.py
[2024-07-12T12:29:32.585+0100] {processor.py:840} INFO - DAG(s) 'example_branch_python_operator_decorator' retrieved from /home/victor/airflow_env/lib/python3.10/site-packages/airflow/example_dags/example_branch_operator_decorator.py
[2024-07-12T12:29:33.613+0100] {logging_mixin.py:188} INFO - [2024-07-12T12:29:33.612+0100] {dag.py:3096} INFO - Sync 1 DAGs
[2024-07-12T12:29:34.097+0100] {logging_mixin.py:188} INFO - [2024-07-12T12:29:34.095+0100] {dag.py:3954} INFO - Setting next_dagrun for example_branch_python_operator_decorator to 2024-07-11 00:00:00+00:00, run_after=2024-07-12 00:00:00+00:00
[2024-07-12T12:29:34.780+0100] {processor.py:183} INFO - Processing /home/victor/airflow_env/lib/python3.10/site-packages/airflow/example_dags/example_branch_operator_decorator.py took 2.568 seconds
[2024-07-12T12:32:34.879+0100] {processor.py:161} INFO - Started process (PID=37916) to work on /home/victor/airflow_env/lib/python3.10/site-packages/airflow/example_dags/example_branch_operator_decorator.py
[2024-07-12T12:32:34.916+0100] {processor.py:830} INFO - Processing file /home/victor/airflow_env/lib/python3.10/site-packages/airflow/example_dags/example_branch_operator_decorator.py for tasks to queue
[2024-07-12T12:32:34.985+0100] {logging_mixin.py:188} INFO - [2024-07-12T12:32:34.982+0100] {dagbag.py:545} INFO - Filling up the DagBag from /home/victor/airflow_env/lib/python3.10/site-packages/airflow/example_dags/example_branch_operator_decorator.py
[2024-07-12T12:32:35.964+0100] {processor.py:840} INFO - DAG(s) 'example_branch_python_operator_decorator' retrieved from /home/victor/airflow_env/lib/python3.10/site-packages/airflow/example_dags/example_branch_operator_decorator.py
[2024-07-12T12:32:37.004+0100] {logging_mixin.py:188} INFO - [2024-07-12T12:32:37.002+0100] {dag.py:3096} INFO - Sync 1 DAGs
[2024-07-12T12:32:37.767+0100] {logging_mixin.py:188} INFO - [2024-07-12T12:32:37.766+0100] {dag.py:3954} INFO - Setting next_dagrun for example_branch_python_operator_decorator to 2024-07-11 00:00:00+00:00, run_after=2024-07-12 00:00:00+00:00
[2024-07-12T12:32:38.512+0100] {processor.py:183} INFO - Processing /home/victor/airflow_env/lib/python3.10/site-packages/airflow/example_dags/example_branch_operator_decorator.py took 3.959 seconds
