[2024-07-12T11:03:56.045+0100] {processor.py:161} INFO - Started process (PID=15732) to work on /home/victor/airflow_env/lib/python3.10/site-packages/airflow/example_dags/tutorial_taskflow_api_virtualenv.py
[2024-07-12T11:03:56.050+0100] {processor.py:830} INFO - Processing file /home/victor/airflow_env/lib/python3.10/site-packages/airflow/example_dags/tutorial_taskflow_api_virtualenv.py for tasks to queue
[2024-07-12T11:03:56.058+0100] {logging_mixin.py:188} INFO - [2024-07-12T11:03:56.057+0100] {dagbag.py:545} INFO - Filling up the DagBag from /home/victor/airflow_env/lib/python3.10/site-packages/airflow/example_dags/tutorial_taskflow_api_virtualenv.py
[2024-07-12T11:03:56.133+0100] {processor.py:840} INFO - DAG(s) 'tutorial_taskflow_api_virtualenv' retrieved from /home/victor/airflow_env/lib/python3.10/site-packages/airflow/example_dags/tutorial_taskflow_api_virtualenv.py
[2024-07-12T11:03:57.216+0100] {logging_mixin.py:188} INFO - [2024-07-12T11:03:57.214+0100] {override.py:1847} INFO - Created Permission View: can edit on DAG:tutorial_taskflow_api_virtualenv
[2024-07-12T11:03:57.720+0100] {logging_mixin.py:188} INFO - [2024-07-12T11:03:57.718+0100] {override.py:1847} INFO - Created Permission View: can read on DAG:tutorial_taskflow_api_virtualenv
[2024-07-12T11:03:57.975+0100] {logging_mixin.py:188} INFO - [2024-07-12T11:03:57.974+0100] {override.py:1847} INFO - Created Permission View: can delete on DAG:tutorial_taskflow_api_virtualenv
[2024-07-12T11:03:57.979+0100] {logging_mixin.py:188} INFO - [2024-07-12T11:03:57.977+0100] {dag.py:3096} INFO - Sync 1 DAGs
[2024-07-12T11:03:58.091+0100] {logging_mixin.py:188} INFO - [2024-07-12T11:03:58.090+0100] {dag.py:3118} INFO - Creating ORM DAG for tutorial_taskflow_api_virtualenv
[2024-07-12T11:03:58.098+0100] {logging_mixin.py:188} INFO - [2024-07-12T11:03:58.098+0100] {dag.py:3954} INFO - Setting next_dagrun for tutorial_taskflow_api_virtualenv to None, run_after=None
[2024-07-12T11:03:58.567+0100] {processor.py:183} INFO - Processing /home/victor/airflow_env/lib/python3.10/site-packages/airflow/example_dags/tutorial_taskflow_api_virtualenv.py took 2.564 seconds
[2024-07-12T11:07:26.088+0100] {processor.py:161} INFO - Started process (PID=16589) to work on /home/victor/airflow_env/lib/python3.10/site-packages/airflow/example_dags/tutorial_taskflow_api_virtualenv.py
[2024-07-12T11:07:26.093+0100] {processor.py:830} INFO - Processing file /home/victor/airflow_env/lib/python3.10/site-packages/airflow/example_dags/tutorial_taskflow_api_virtualenv.py for tasks to queue
[2024-07-12T11:07:26.101+0100] {logging_mixin.py:188} INFO - [2024-07-12T11:07:26.099+0100] {dagbag.py:545} INFO - Filling up the DagBag from /home/victor/airflow_env/lib/python3.10/site-packages/airflow/example_dags/tutorial_taskflow_api_virtualenv.py
[2024-07-12T11:07:26.150+0100] {processor.py:840} INFO - DAG(s) 'tutorial_taskflow_api_virtualenv' retrieved from /home/victor/airflow_env/lib/python3.10/site-packages/airflow/example_dags/tutorial_taskflow_api_virtualenv.py
[2024-07-12T11:07:26.267+0100] {logging_mixin.py:188} INFO - [2024-07-12T11:07:26.266+0100] {dag.py:3096} INFO - Sync 1 DAGs
[2024-07-12T11:07:26.357+0100] {logging_mixin.py:188} INFO - [2024-07-12T11:07:26.356+0100] {dag.py:3954} INFO - Setting next_dagrun for tutorial_taskflow_api_virtualenv to None, run_after=None
[2024-07-12T11:07:26.713+0100] {processor.py:183} INFO - Processing /home/victor/airflow_env/lib/python3.10/site-packages/airflow/example_dags/tutorial_taskflow_api_virtualenv.py took 0.652 seconds
[2024-07-12T11:10:00.638+0100] {processor.py:161} INFO - Started process (PID=17193) to work on /home/victor/airflow_env/lib/python3.10/site-packages/airflow/example_dags/tutorial_taskflow_api_virtualenv.py
[2024-07-12T11:10:00.643+0100] {processor.py:830} INFO - Processing file /home/victor/airflow_env/lib/python3.10/site-packages/airflow/example_dags/tutorial_taskflow_api_virtualenv.py for tasks to queue
[2024-07-12T11:10:00.651+0100] {logging_mixin.py:188} INFO - [2024-07-12T11:10:00.649+0100] {dagbag.py:545} INFO - Filling up the DagBag from /home/victor/airflow_env/lib/python3.10/site-packages/airflow/example_dags/tutorial_taskflow_api_virtualenv.py
[2024-07-12T11:10:00.699+0100] {processor.py:840} INFO - DAG(s) 'tutorial_taskflow_api_virtualenv' retrieved from /home/victor/airflow_env/lib/python3.10/site-packages/airflow/example_dags/tutorial_taskflow_api_virtualenv.py
[2024-07-12T11:10:00.798+0100] {logging_mixin.py:188} INFO - [2024-07-12T11:10:00.797+0100] {dag.py:3096} INFO - Sync 1 DAGs
[2024-07-12T11:10:00.861+0100] {logging_mixin.py:188} INFO - [2024-07-12T11:10:00.860+0100] {dag.py:3954} INFO - Setting next_dagrun for tutorial_taskflow_api_virtualenv to None, run_after=None
[2024-07-12T11:10:01.466+0100] {processor.py:183} INFO - Processing /home/victor/airflow_env/lib/python3.10/site-packages/airflow/example_dags/tutorial_taskflow_api_virtualenv.py took 0.856 seconds
[2024-07-12T11:11:59.547+0100] {processor.py:161} INFO - Started process (PID=17678) to work on /home/victor/airflow_env/lib/python3.10/site-packages/airflow/example_dags/tutorial_taskflow_api_virtualenv.py
[2024-07-12T11:11:59.551+0100] {processor.py:830} INFO - Processing file /home/victor/airflow_env/lib/python3.10/site-packages/airflow/example_dags/tutorial_taskflow_api_virtualenv.py for tasks to queue
[2024-07-12T11:11:59.559+0100] {logging_mixin.py:188} INFO - [2024-07-12T11:11:59.557+0100] {dagbag.py:545} INFO - Filling up the DagBag from /home/victor/airflow_env/lib/python3.10/site-packages/airflow/example_dags/tutorial_taskflow_api_virtualenv.py
[2024-07-12T11:11:59.613+0100] {processor.py:840} INFO - DAG(s) 'tutorial_taskflow_api_virtualenv' retrieved from /home/victor/airflow_env/lib/python3.10/site-packages/airflow/example_dags/tutorial_taskflow_api_virtualenv.py
[2024-07-12T11:11:59.712+0100] {logging_mixin.py:188} INFO - [2024-07-12T11:11:59.711+0100] {dag.py:3096} INFO - Sync 1 DAGs
[2024-07-12T11:11:59.776+0100] {logging_mixin.py:188} INFO - [2024-07-12T11:11:59.775+0100] {dag.py:3954} INFO - Setting next_dagrun for tutorial_taskflow_api_virtualenv to None, run_after=None
[2024-07-12T11:12:00.070+0100] {processor.py:183} INFO - Processing /home/victor/airflow_env/lib/python3.10/site-packages/airflow/example_dags/tutorial_taskflow_api_virtualenv.py took 0.550 seconds
[2024-07-12T11:13:24.203+0100] {processor.py:161} INFO - Started process (PID=18029) to work on /home/victor/airflow_env/lib/python3.10/site-packages/airflow/example_dags/tutorial_taskflow_api_virtualenv.py
[2024-07-12T11:13:24.207+0100] {processor.py:830} INFO - Processing file /home/victor/airflow_env/lib/python3.10/site-packages/airflow/example_dags/tutorial_taskflow_api_virtualenv.py for tasks to queue
[2024-07-12T11:13:24.216+0100] {logging_mixin.py:188} INFO - [2024-07-12T11:13:24.215+0100] {dagbag.py:545} INFO - Filling up the DagBag from /home/victor/airflow_env/lib/python3.10/site-packages/airflow/example_dags/tutorial_taskflow_api_virtualenv.py
[2024-07-12T11:13:24.269+0100] {processor.py:840} INFO - DAG(s) 'tutorial_taskflow_api_virtualenv' retrieved from /home/victor/airflow_env/lib/python3.10/site-packages/airflow/example_dags/tutorial_taskflow_api_virtualenv.py
[2024-07-12T11:13:24.380+0100] {logging_mixin.py:188} INFO - [2024-07-12T11:13:24.379+0100] {dag.py:3096} INFO - Sync 1 DAGs
[2024-07-12T11:13:24.445+0100] {logging_mixin.py:188} INFO - [2024-07-12T11:13:24.444+0100] {dag.py:3954} INFO - Setting next_dagrun for tutorial_taskflow_api_virtualenv to None, run_after=None
[2024-07-12T11:13:24.737+0100] {processor.py:183} INFO - Processing /home/victor/airflow_env/lib/python3.10/site-packages/airflow/example_dags/tutorial_taskflow_api_virtualenv.py took 0.566 seconds
[2024-07-12T11:15:38.122+0100] {processor.py:161} INFO - Started process (PID=18572) to work on /home/victor/airflow_env/lib/python3.10/site-packages/airflow/example_dags/tutorial_taskflow_api_virtualenv.py
[2024-07-12T11:15:38.126+0100] {processor.py:830} INFO - Processing file /home/victor/airflow_env/lib/python3.10/site-packages/airflow/example_dags/tutorial_taskflow_api_virtualenv.py for tasks to queue
[2024-07-12T11:15:38.134+0100] {logging_mixin.py:188} INFO - [2024-07-12T11:15:38.132+0100] {dagbag.py:545} INFO - Filling up the DagBag from /home/victor/airflow_env/lib/python3.10/site-packages/airflow/example_dags/tutorial_taskflow_api_virtualenv.py
[2024-07-12T11:15:38.190+0100] {processor.py:840} INFO - DAG(s) 'tutorial_taskflow_api_virtualenv' retrieved from /home/victor/airflow_env/lib/python3.10/site-packages/airflow/example_dags/tutorial_taskflow_api_virtualenv.py
[2024-07-12T11:15:38.343+0100] {logging_mixin.py:188} INFO - [2024-07-12T11:15:38.342+0100] {dag.py:3096} INFO - Sync 1 DAGs
[2024-07-12T11:15:38.409+0100] {logging_mixin.py:188} INFO - [2024-07-12T11:15:38.408+0100] {dag.py:3954} INFO - Setting next_dagrun for tutorial_taskflow_api_virtualenv to None, run_after=None
[2024-07-12T11:15:38.710+0100] {processor.py:183} INFO - Processing /home/victor/airflow_env/lib/python3.10/site-packages/airflow/example_dags/tutorial_taskflow_api_virtualenv.py took 0.617 seconds
[2024-07-12T11:17:59.278+0100] {processor.py:161} INFO - Started process (PID=19145) to work on /home/victor/airflow_env/lib/python3.10/site-packages/airflow/example_dags/tutorial_taskflow_api_virtualenv.py
[2024-07-12T11:17:59.282+0100] {processor.py:830} INFO - Processing file /home/victor/airflow_env/lib/python3.10/site-packages/airflow/example_dags/tutorial_taskflow_api_virtualenv.py for tasks to queue
[2024-07-12T11:17:59.294+0100] {logging_mixin.py:188} INFO - [2024-07-12T11:17:59.291+0100] {dagbag.py:545} INFO - Filling up the DagBag from /home/victor/airflow_env/lib/python3.10/site-packages/airflow/example_dags/tutorial_taskflow_api_virtualenv.py
[2024-07-12T11:17:59.359+0100] {processor.py:840} INFO - DAG(s) 'tutorial_taskflow_api_virtualenv' retrieved from /home/victor/airflow_env/lib/python3.10/site-packages/airflow/example_dags/tutorial_taskflow_api_virtualenv.py
[2024-07-12T11:17:59.466+0100] {logging_mixin.py:188} INFO - [2024-07-12T11:17:59.465+0100] {dag.py:3096} INFO - Sync 1 DAGs
[2024-07-12T11:17:59.553+0100] {logging_mixin.py:188} INFO - [2024-07-12T11:17:59.552+0100] {dag.py:3954} INFO - Setting next_dagrun for tutorial_taskflow_api_virtualenv to None, run_after=None
[2024-07-12T11:17:59.869+0100] {processor.py:183} INFO - Processing /home/victor/airflow_env/lib/python3.10/site-packages/airflow/example_dags/tutorial_taskflow_api_virtualenv.py took 0.620 seconds
[2024-07-12T11:19:34.300+0100] {processor.py:161} INFO - Started process (PID=19539) to work on /home/victor/airflow_env/lib/python3.10/site-packages/airflow/example_dags/tutorial_taskflow_api_virtualenv.py
[2024-07-12T11:19:34.305+0100] {processor.py:830} INFO - Processing file /home/victor/airflow_env/lib/python3.10/site-packages/airflow/example_dags/tutorial_taskflow_api_virtualenv.py for tasks to queue
[2024-07-12T11:19:34.314+0100] {logging_mixin.py:188} INFO - [2024-07-12T11:19:34.312+0100] {dagbag.py:545} INFO - Filling up the DagBag from /home/victor/airflow_env/lib/python3.10/site-packages/airflow/example_dags/tutorial_taskflow_api_virtualenv.py
[2024-07-12T11:19:34.366+0100] {processor.py:840} INFO - DAG(s) 'tutorial_taskflow_api_virtualenv' retrieved from /home/victor/airflow_env/lib/python3.10/site-packages/airflow/example_dags/tutorial_taskflow_api_virtualenv.py
[2024-07-12T11:19:34.486+0100] {logging_mixin.py:188} INFO - [2024-07-12T11:19:34.485+0100] {dag.py:3096} INFO - Sync 1 DAGs
[2024-07-12T11:19:34.559+0100] {logging_mixin.py:188} INFO - [2024-07-12T11:19:34.558+0100] {dag.py:3954} INFO - Setting next_dagrun for tutorial_taskflow_api_virtualenv to None, run_after=None
[2024-07-12T11:19:35.007+0100] {processor.py:183} INFO - Processing /home/victor/airflow_env/lib/python3.10/site-packages/airflow/example_dags/tutorial_taskflow_api_virtualenv.py took 0.738 seconds
[2024-07-12T11:21:03.665+0100] {processor.py:161} INFO - Started process (PID=19910) to work on /home/victor/airflow_env/lib/python3.10/site-packages/airflow/example_dags/tutorial_taskflow_api_virtualenv.py
[2024-07-12T11:21:03.670+0100] {processor.py:830} INFO - Processing file /home/victor/airflow_env/lib/python3.10/site-packages/airflow/example_dags/tutorial_taskflow_api_virtualenv.py for tasks to queue
[2024-07-12T11:21:03.678+0100] {logging_mixin.py:188} INFO - [2024-07-12T11:21:03.677+0100] {dagbag.py:545} INFO - Filling up the DagBag from /home/victor/airflow_env/lib/python3.10/site-packages/airflow/example_dags/tutorial_taskflow_api_virtualenv.py
[2024-07-12T11:21:03.728+0100] {processor.py:840} INFO - DAG(s) 'tutorial_taskflow_api_virtualenv' retrieved from /home/victor/airflow_env/lib/python3.10/site-packages/airflow/example_dags/tutorial_taskflow_api_virtualenv.py
[2024-07-12T11:21:03.884+0100] {logging_mixin.py:188} INFO - [2024-07-12T11:21:03.883+0100] {dag.py:3096} INFO - Sync 1 DAGs
[2024-07-12T11:21:03.961+0100] {logging_mixin.py:188} INFO - [2024-07-12T11:21:03.960+0100] {dag.py:3954} INFO - Setting next_dagrun for tutorial_taskflow_api_virtualenv to None, run_after=None
[2024-07-12T11:21:04.528+0100] {processor.py:183} INFO - Processing /home/victor/airflow_env/lib/python3.10/site-packages/airflow/example_dags/tutorial_taskflow_api_virtualenv.py took 0.897 seconds
[2024-07-12T11:22:52.205+0100] {processor.py:161} INFO - Started process (PID=20355) to work on /home/victor/airflow_env/lib/python3.10/site-packages/airflow/example_dags/tutorial_taskflow_api_virtualenv.py
[2024-07-12T11:22:52.216+0100] {processor.py:830} INFO - Processing file /home/victor/airflow_env/lib/python3.10/site-packages/airflow/example_dags/tutorial_taskflow_api_virtualenv.py for tasks to queue
[2024-07-12T11:22:52.226+0100] {logging_mixin.py:188} INFO - [2024-07-12T11:22:52.224+0100] {dagbag.py:545} INFO - Filling up the DagBag from /home/victor/airflow_env/lib/python3.10/site-packages/airflow/example_dags/tutorial_taskflow_api_virtualenv.py
[2024-07-12T11:22:52.283+0100] {processor.py:840} INFO - DAG(s) 'tutorial_taskflow_api_virtualenv' retrieved from /home/victor/airflow_env/lib/python3.10/site-packages/airflow/example_dags/tutorial_taskflow_api_virtualenv.py
[2024-07-12T11:22:52.389+0100] {logging_mixin.py:188} INFO - [2024-07-12T11:22:52.388+0100] {dag.py:3096} INFO - Sync 1 DAGs
[2024-07-12T11:22:52.468+0100] {logging_mixin.py:188} INFO - [2024-07-12T11:22:52.467+0100] {dag.py:3954} INFO - Setting next_dagrun for tutorial_taskflow_api_virtualenv to None, run_after=None
[2024-07-12T11:22:52.789+0100] {processor.py:183} INFO - Processing /home/victor/airflow_env/lib/python3.10/site-packages/airflow/example_dags/tutorial_taskflow_api_virtualenv.py took 0.629 seconds
[2024-07-12T11:24:26.786+0100] {processor.py:161} INFO - Started process (PID=20748) to work on /home/victor/airflow_env/lib/python3.10/site-packages/airflow/example_dags/tutorial_taskflow_api_virtualenv.py
[2024-07-12T11:24:26.790+0100] {processor.py:830} INFO - Processing file /home/victor/airflow_env/lib/python3.10/site-packages/airflow/example_dags/tutorial_taskflow_api_virtualenv.py for tasks to queue
[2024-07-12T11:24:26.799+0100] {logging_mixin.py:188} INFO - [2024-07-12T11:24:26.797+0100] {dagbag.py:545} INFO - Filling up the DagBag from /home/victor/airflow_env/lib/python3.10/site-packages/airflow/example_dags/tutorial_taskflow_api_virtualenv.py
[2024-07-12T11:24:26.852+0100] {processor.py:840} INFO - DAG(s) 'tutorial_taskflow_api_virtualenv' retrieved from /home/victor/airflow_env/lib/python3.10/site-packages/airflow/example_dags/tutorial_taskflow_api_virtualenv.py
[2024-07-12T11:24:26.959+0100] {logging_mixin.py:188} INFO - [2024-07-12T11:24:26.958+0100] {dag.py:3096} INFO - Sync 1 DAGs
[2024-07-12T11:24:27.027+0100] {logging_mixin.py:188} INFO - [2024-07-12T11:24:27.027+0100] {dag.py:3954} INFO - Setting next_dagrun for tutorial_taskflow_api_virtualenv to None, run_after=None
[2024-07-12T11:24:27.327+0100] {processor.py:183} INFO - Processing /home/victor/airflow_env/lib/python3.10/site-packages/airflow/example_dags/tutorial_taskflow_api_virtualenv.py took 0.569 seconds
[2024-07-12T11:26:15.606+0100] {processor.py:161} INFO - Started process (PID=21188) to work on /home/victor/airflow_env/lib/python3.10/site-packages/airflow/example_dags/tutorial_taskflow_api_virtualenv.py
[2024-07-12T11:26:15.610+0100] {processor.py:830} INFO - Processing file /home/victor/airflow_env/lib/python3.10/site-packages/airflow/example_dags/tutorial_taskflow_api_virtualenv.py for tasks to queue
[2024-07-12T11:26:15.618+0100] {logging_mixin.py:188} INFO - [2024-07-12T11:26:15.616+0100] {dagbag.py:545} INFO - Filling up the DagBag from /home/victor/airflow_env/lib/python3.10/site-packages/airflow/example_dags/tutorial_taskflow_api_virtualenv.py
[2024-07-12T11:26:15.671+0100] {processor.py:840} INFO - DAG(s) 'tutorial_taskflow_api_virtualenv' retrieved from /home/victor/airflow_env/lib/python3.10/site-packages/airflow/example_dags/tutorial_taskflow_api_virtualenv.py
[2024-07-12T11:26:15.780+0100] {logging_mixin.py:188} INFO - [2024-07-12T11:26:15.779+0100] {dag.py:3096} INFO - Sync 1 DAGs
[2024-07-12T11:26:15.873+0100] {logging_mixin.py:188} INFO - [2024-07-12T11:26:15.873+0100] {dag.py:3954} INFO - Setting next_dagrun for tutorial_taskflow_api_virtualenv to None, run_after=None
[2024-07-12T11:26:16.277+0100] {processor.py:183} INFO - Processing /home/victor/airflow_env/lib/python3.10/site-packages/airflow/example_dags/tutorial_taskflow_api_virtualenv.py took 0.701 seconds
[2024-07-12T11:27:48.139+0100] {processor.py:161} INFO - Started process (PID=21569) to work on /home/victor/airflow_env/lib/python3.10/site-packages/airflow/example_dags/tutorial_taskflow_api_virtualenv.py
[2024-07-12T11:27:48.145+0100] {processor.py:830} INFO - Processing file /home/victor/airflow_env/lib/python3.10/site-packages/airflow/example_dags/tutorial_taskflow_api_virtualenv.py for tasks to queue
[2024-07-12T11:27:48.153+0100] {logging_mixin.py:188} INFO - [2024-07-12T11:27:48.151+0100] {dagbag.py:545} INFO - Filling up the DagBag from /home/victor/airflow_env/lib/python3.10/site-packages/airflow/example_dags/tutorial_taskflow_api_virtualenv.py
[2024-07-12T11:27:48.212+0100] {processor.py:840} INFO - DAG(s) 'tutorial_taskflow_api_virtualenv' retrieved from /home/victor/airflow_env/lib/python3.10/site-packages/airflow/example_dags/tutorial_taskflow_api_virtualenv.py
[2024-07-12T11:27:48.323+0100] {logging_mixin.py:188} INFO - [2024-07-12T11:27:48.322+0100] {dag.py:3096} INFO - Sync 1 DAGs
[2024-07-12T11:27:48.399+0100] {logging_mixin.py:188} INFO - [2024-07-12T11:27:48.398+0100] {dag.py:3954} INFO - Setting next_dagrun for tutorial_taskflow_api_virtualenv to None, run_after=None
[2024-07-12T11:27:48.753+0100] {processor.py:183} INFO - Processing /home/victor/airflow_env/lib/python3.10/site-packages/airflow/example_dags/tutorial_taskflow_api_virtualenv.py took 0.654 seconds
[2024-07-12T11:29:17.339+0100] {processor.py:161} INFO - Started process (PID=21935) to work on /home/victor/airflow_env/lib/python3.10/site-packages/airflow/example_dags/tutorial_taskflow_api_virtualenv.py
[2024-07-12T11:29:17.344+0100] {processor.py:830} INFO - Processing file /home/victor/airflow_env/lib/python3.10/site-packages/airflow/example_dags/tutorial_taskflow_api_virtualenv.py for tasks to queue
[2024-07-12T11:29:17.359+0100] {logging_mixin.py:188} INFO - [2024-07-12T11:29:17.357+0100] {dagbag.py:545} INFO - Filling up the DagBag from /home/victor/airflow_env/lib/python3.10/site-packages/airflow/example_dags/tutorial_taskflow_api_virtualenv.py
[2024-07-12T11:29:17.429+0100] {processor.py:840} INFO - DAG(s) 'tutorial_taskflow_api_virtualenv' retrieved from /home/victor/airflow_env/lib/python3.10/site-packages/airflow/example_dags/tutorial_taskflow_api_virtualenv.py
[2024-07-12T11:29:17.565+0100] {logging_mixin.py:188} INFO - [2024-07-12T11:29:17.565+0100] {dag.py:3096} INFO - Sync 1 DAGs
[2024-07-12T11:29:17.640+0100] {logging_mixin.py:188} INFO - [2024-07-12T11:29:17.639+0100] {dag.py:3954} INFO - Setting next_dagrun for tutorial_taskflow_api_virtualenv to None, run_after=None
[2024-07-12T11:29:18.049+0100] {processor.py:183} INFO - Processing /home/victor/airflow_env/lib/python3.10/site-packages/airflow/example_dags/tutorial_taskflow_api_virtualenv.py took 0.755 seconds
[2024-07-12T11:31:51.976+0100] {processor.py:161} INFO - Started process (PID=22912) to work on /home/victor/airflow_env/lib/python3.10/site-packages/airflow/example_dags/tutorial_taskflow_api_virtualenv.py
[2024-07-12T11:31:51.992+0100] {processor.py:830} INFO - Processing file /home/victor/airflow_env/lib/python3.10/site-packages/airflow/example_dags/tutorial_taskflow_api_virtualenv.py for tasks to queue
[2024-07-12T11:31:52.034+0100] {logging_mixin.py:188} INFO - [2024-07-12T11:31:52.026+0100] {dagbag.py:545} INFO - Filling up the DagBag from /home/victor/airflow_env/lib/python3.10/site-packages/airflow/example_dags/tutorial_taskflow_api_virtualenv.py
[2024-07-12T11:31:52.196+0100] {processor.py:840} INFO - DAG(s) 'tutorial_taskflow_api_virtualenv' retrieved from /home/victor/airflow_env/lib/python3.10/site-packages/airflow/example_dags/tutorial_taskflow_api_virtualenv.py
[2024-07-12T11:31:52.775+0100] {logging_mixin.py:188} INFO - [2024-07-12T11:31:52.774+0100] {dag.py:3096} INFO - Sync 1 DAGs
[2024-07-12T11:31:53.620+0100] {logging_mixin.py:188} INFO - [2024-07-12T11:31:53.608+0100] {dag.py:3954} INFO - Setting next_dagrun for tutorial_taskflow_api_virtualenv to None, run_after=None
[2024-07-12T11:31:55.618+0100] {processor.py:183} INFO - Processing /home/victor/airflow_env/lib/python3.10/site-packages/airflow/example_dags/tutorial_taskflow_api_virtualenv.py took 3.939 seconds
[2024-07-12T11:33:59.187+0100] {processor.py:161} INFO - Started process (PID=23465) to work on /home/victor/airflow_env/lib/python3.10/site-packages/airflow/example_dags/tutorial_taskflow_api_virtualenv.py
[2024-07-12T11:33:59.200+0100] {processor.py:830} INFO - Processing file /home/victor/airflow_env/lib/python3.10/site-packages/airflow/example_dags/tutorial_taskflow_api_virtualenv.py for tasks to queue
[2024-07-12T11:33:59.208+0100] {logging_mixin.py:188} INFO - [2024-07-12T11:33:59.206+0100] {dagbag.py:545} INFO - Filling up the DagBag from /home/victor/airflow_env/lib/python3.10/site-packages/airflow/example_dags/tutorial_taskflow_api_virtualenv.py
[2024-07-12T11:33:59.269+0100] {processor.py:840} INFO - DAG(s) 'tutorial_taskflow_api_virtualenv' retrieved from /home/victor/airflow_env/lib/python3.10/site-packages/airflow/example_dags/tutorial_taskflow_api_virtualenv.py
[2024-07-12T11:33:59.435+0100] {logging_mixin.py:188} INFO - [2024-07-12T11:33:59.434+0100] {dag.py:3096} INFO - Sync 1 DAGs
[2024-07-12T11:33:59.515+0100] {logging_mixin.py:188} INFO - [2024-07-12T11:33:59.514+0100] {dag.py:3954} INFO - Setting next_dagrun for tutorial_taskflow_api_virtualenv to None, run_after=None
[2024-07-12T11:34:00.260+0100] {processor.py:183} INFO - Processing /home/victor/airflow_env/lib/python3.10/site-packages/airflow/example_dags/tutorial_taskflow_api_virtualenv.py took 1.103 seconds
[2024-07-12T11:35:53.942+0100] {processor.py:161} INFO - Started process (PID=23931) to work on /home/victor/airflow_env/lib/python3.10/site-packages/airflow/example_dags/tutorial_taskflow_api_virtualenv.py
[2024-07-12T11:35:53.946+0100] {processor.py:830} INFO - Processing file /home/victor/airflow_env/lib/python3.10/site-packages/airflow/example_dags/tutorial_taskflow_api_virtualenv.py for tasks to queue
[2024-07-12T11:35:53.955+0100] {logging_mixin.py:188} INFO - [2024-07-12T11:35:53.953+0100] {dagbag.py:545} INFO - Filling up the DagBag from /home/victor/airflow_env/lib/python3.10/site-packages/airflow/example_dags/tutorial_taskflow_api_virtualenv.py
[2024-07-12T11:35:54.020+0100] {processor.py:840} INFO - DAG(s) 'tutorial_taskflow_api_virtualenv' retrieved from /home/victor/airflow_env/lib/python3.10/site-packages/airflow/example_dags/tutorial_taskflow_api_virtualenv.py
[2024-07-12T11:35:54.166+0100] {logging_mixin.py:188} INFO - [2024-07-12T11:35:54.164+0100] {dag.py:3096} INFO - Sync 1 DAGs
[2024-07-12T11:35:54.244+0100] {logging_mixin.py:188} INFO - [2024-07-12T11:35:54.243+0100] {dag.py:3954} INFO - Setting next_dagrun for tutorial_taskflow_api_virtualenv to None, run_after=None
[2024-07-12T11:35:54.932+0100] {processor.py:183} INFO - Processing /home/victor/airflow_env/lib/python3.10/site-packages/airflow/example_dags/tutorial_taskflow_api_virtualenv.py took 1.022 seconds
[2024-07-12T11:37:26.142+0100] {processor.py:161} INFO - Started process (PID=24351) to work on /home/victor/airflow_env/lib/python3.10/site-packages/airflow/example_dags/tutorial_taskflow_api_virtualenv.py
[2024-07-12T11:37:26.146+0100] {processor.py:830} INFO - Processing file /home/victor/airflow_env/lib/python3.10/site-packages/airflow/example_dags/tutorial_taskflow_api_virtualenv.py for tasks to queue
[2024-07-12T11:37:26.154+0100] {logging_mixin.py:188} INFO - [2024-07-12T11:37:26.153+0100] {dagbag.py:545} INFO - Filling up the DagBag from /home/victor/airflow_env/lib/python3.10/site-packages/airflow/example_dags/tutorial_taskflow_api_virtualenv.py
[2024-07-12T11:37:26.209+0100] {processor.py:840} INFO - DAG(s) 'tutorial_taskflow_api_virtualenv' retrieved from /home/victor/airflow_env/lib/python3.10/site-packages/airflow/example_dags/tutorial_taskflow_api_virtualenv.py
[2024-07-12T11:37:26.309+0100] {logging_mixin.py:188} INFO - [2024-07-12T11:37:26.308+0100] {dag.py:3096} INFO - Sync 1 DAGs
[2024-07-12T11:37:26.379+0100] {logging_mixin.py:188} INFO - [2024-07-12T11:37:26.378+0100] {dag.py:3954} INFO - Setting next_dagrun for tutorial_taskflow_api_virtualenv to None, run_after=None
[2024-07-12T11:37:26.704+0100] {processor.py:183} INFO - Processing /home/victor/airflow_env/lib/python3.10/site-packages/airflow/example_dags/tutorial_taskflow_api_virtualenv.py took 0.593 seconds
[2024-07-12T11:38:49.994+0100] {processor.py:161} INFO - Started process (PID=24695) to work on /home/victor/airflow_env/lib/python3.10/site-packages/airflow/example_dags/tutorial_taskflow_api_virtualenv.py
[2024-07-12T11:38:50.002+0100] {processor.py:830} INFO - Processing file /home/victor/airflow_env/lib/python3.10/site-packages/airflow/example_dags/tutorial_taskflow_api_virtualenv.py for tasks to queue
[2024-07-12T11:38:50.012+0100] {logging_mixin.py:188} INFO - [2024-07-12T11:38:50.010+0100] {dagbag.py:545} INFO - Filling up the DagBag from /home/victor/airflow_env/lib/python3.10/site-packages/airflow/example_dags/tutorial_taskflow_api_virtualenv.py
[2024-07-12T11:38:50.126+0100] {processor.py:840} INFO - DAG(s) 'tutorial_taskflow_api_virtualenv' retrieved from /home/victor/airflow_env/lib/python3.10/site-packages/airflow/example_dags/tutorial_taskflow_api_virtualenv.py
[2024-07-12T11:38:50.370+0100] {logging_mixin.py:188} INFO - [2024-07-12T11:38:50.364+0100] {dag.py:3096} INFO - Sync 1 DAGs
[2024-07-12T11:38:50.506+0100] {logging_mixin.py:188} INFO - [2024-07-12T11:38:50.505+0100] {dag.py:3954} INFO - Setting next_dagrun for tutorial_taskflow_api_virtualenv to None, run_after=None
[2024-07-12T11:38:50.945+0100] {processor.py:183} INFO - Processing /home/victor/airflow_env/lib/python3.10/site-packages/airflow/example_dags/tutorial_taskflow_api_virtualenv.py took 0.990 seconds
[2024-07-12T11:40:20.135+0100] {processor.py:161} INFO - Started process (PID=25064) to work on /home/victor/airflow_env/lib/python3.10/site-packages/airflow/example_dags/tutorial_taskflow_api_virtualenv.py
[2024-07-12T11:40:20.146+0100] {processor.py:830} INFO - Processing file /home/victor/airflow_env/lib/python3.10/site-packages/airflow/example_dags/tutorial_taskflow_api_virtualenv.py for tasks to queue
[2024-07-12T11:40:20.157+0100] {logging_mixin.py:188} INFO - [2024-07-12T11:40:20.155+0100] {dagbag.py:545} INFO - Filling up the DagBag from /home/victor/airflow_env/lib/python3.10/site-packages/airflow/example_dags/tutorial_taskflow_api_virtualenv.py
[2024-07-12T11:40:20.264+0100] {processor.py:840} INFO - DAG(s) 'tutorial_taskflow_api_virtualenv' retrieved from /home/victor/airflow_env/lib/python3.10/site-packages/airflow/example_dags/tutorial_taskflow_api_virtualenv.py
[2024-07-12T11:40:20.453+0100] {logging_mixin.py:188} INFO - [2024-07-12T11:40:20.452+0100] {dag.py:3096} INFO - Sync 1 DAGs
[2024-07-12T11:40:20.619+0100] {logging_mixin.py:188} INFO - [2024-07-12T11:40:20.617+0100] {dag.py:3954} INFO - Setting next_dagrun for tutorial_taskflow_api_virtualenv to None, run_after=None
[2024-07-12T11:40:21.627+0100] {processor.py:183} INFO - Processing /home/victor/airflow_env/lib/python3.10/site-packages/airflow/example_dags/tutorial_taskflow_api_virtualenv.py took 1.567 seconds
[2024-07-12T11:41:51.497+0100] {processor.py:161} INFO - Started process (PID=25437) to work on /home/victor/airflow_env/lib/python3.10/site-packages/airflow/example_dags/tutorial_taskflow_api_virtualenv.py
[2024-07-12T11:41:51.502+0100] {processor.py:830} INFO - Processing file /home/victor/airflow_env/lib/python3.10/site-packages/airflow/example_dags/tutorial_taskflow_api_virtualenv.py for tasks to queue
[2024-07-12T11:41:51.511+0100] {logging_mixin.py:188} INFO - [2024-07-12T11:41:51.509+0100] {dagbag.py:545} INFO - Filling up the DagBag from /home/victor/airflow_env/lib/python3.10/site-packages/airflow/example_dags/tutorial_taskflow_api_virtualenv.py
[2024-07-12T11:41:51.595+0100] {processor.py:840} INFO - DAG(s) 'tutorial_taskflow_api_virtualenv' retrieved from /home/victor/airflow_env/lib/python3.10/site-packages/airflow/example_dags/tutorial_taskflow_api_virtualenv.py
[2024-07-12T11:41:51.731+0100] {logging_mixin.py:188} INFO - [2024-07-12T11:41:51.730+0100] {dag.py:3096} INFO - Sync 1 DAGs
[2024-07-12T11:41:51.921+0100] {logging_mixin.py:188} INFO - [2024-07-12T11:41:51.909+0100] {dag.py:3954} INFO - Setting next_dagrun for tutorial_taskflow_api_virtualenv to None, run_after=None
[2024-07-12T11:41:52.299+0100] {processor.py:183} INFO - Processing /home/victor/airflow_env/lib/python3.10/site-packages/airflow/example_dags/tutorial_taskflow_api_virtualenv.py took 0.833 seconds
[2024-07-12T11:43:20.689+0100] {processor.py:161} INFO - Started process (PID=25801) to work on /home/victor/airflow_env/lib/python3.10/site-packages/airflow/example_dags/tutorial_taskflow_api_virtualenv.py
[2024-07-12T11:43:20.695+0100] {processor.py:830} INFO - Processing file /home/victor/airflow_env/lib/python3.10/site-packages/airflow/example_dags/tutorial_taskflow_api_virtualenv.py for tasks to queue
[2024-07-12T11:43:20.708+0100] {logging_mixin.py:188} INFO - [2024-07-12T11:43:20.706+0100] {dagbag.py:545} INFO - Filling up the DagBag from /home/victor/airflow_env/lib/python3.10/site-packages/airflow/example_dags/tutorial_taskflow_api_virtualenv.py
[2024-07-12T11:43:20.765+0100] {processor.py:840} INFO - DAG(s) 'tutorial_taskflow_api_virtualenv' retrieved from /home/victor/airflow_env/lib/python3.10/site-packages/airflow/example_dags/tutorial_taskflow_api_virtualenv.py
[2024-07-12T11:43:20.877+0100] {logging_mixin.py:188} INFO - [2024-07-12T11:43:20.875+0100] {dag.py:3096} INFO - Sync 1 DAGs
[2024-07-12T11:43:20.945+0100] {logging_mixin.py:188} INFO - [2024-07-12T11:43:20.944+0100] {dag.py:3954} INFO - Setting next_dagrun for tutorial_taskflow_api_virtualenv to None, run_after=None
[2024-07-12T11:43:21.243+0100] {processor.py:183} INFO - Processing /home/victor/airflow_env/lib/python3.10/site-packages/airflow/example_dags/tutorial_taskflow_api_virtualenv.py took 0.592 seconds
[2024-07-12T11:44:42.328+0100] {processor.py:161} INFO - Started process (PID=26140) to work on /home/victor/airflow_env/lib/python3.10/site-packages/airflow/example_dags/tutorial_taskflow_api_virtualenv.py
[2024-07-12T11:44:42.334+0100] {processor.py:830} INFO - Processing file /home/victor/airflow_env/lib/python3.10/site-packages/airflow/example_dags/tutorial_taskflow_api_virtualenv.py for tasks to queue
[2024-07-12T11:44:42.343+0100] {logging_mixin.py:188} INFO - [2024-07-12T11:44:42.341+0100] {dagbag.py:545} INFO - Filling up the DagBag from /home/victor/airflow_env/lib/python3.10/site-packages/airflow/example_dags/tutorial_taskflow_api_virtualenv.py
[2024-07-12T11:44:42.405+0100] {processor.py:840} INFO - DAG(s) 'tutorial_taskflow_api_virtualenv' retrieved from /home/victor/airflow_env/lib/python3.10/site-packages/airflow/example_dags/tutorial_taskflow_api_virtualenv.py
[2024-07-12T11:44:42.537+0100] {logging_mixin.py:188} INFO - [2024-07-12T11:44:42.536+0100] {dag.py:3096} INFO - Sync 1 DAGs
[2024-07-12T11:44:42.636+0100] {logging_mixin.py:188} INFO - [2024-07-12T11:44:42.635+0100] {dag.py:3954} INFO - Setting next_dagrun for tutorial_taskflow_api_virtualenv to None, run_after=None
[2024-07-12T11:44:42.976+0100] {processor.py:183} INFO - Processing /home/victor/airflow_env/lib/python3.10/site-packages/airflow/example_dags/tutorial_taskflow_api_virtualenv.py took 0.720 seconds
[2024-07-12T11:46:07.864+0100] {processor.py:161} INFO - Started process (PID=26496) to work on /home/victor/airflow_env/lib/python3.10/site-packages/airflow/example_dags/tutorial_taskflow_api_virtualenv.py
[2024-07-12T11:46:07.868+0100] {processor.py:830} INFO - Processing file /home/victor/airflow_env/lib/python3.10/site-packages/airflow/example_dags/tutorial_taskflow_api_virtualenv.py for tasks to queue
[2024-07-12T11:46:07.877+0100] {logging_mixin.py:188} INFO - [2024-07-12T11:46:07.875+0100] {dagbag.py:545} INFO - Filling up the DagBag from /home/victor/airflow_env/lib/python3.10/site-packages/airflow/example_dags/tutorial_taskflow_api_virtualenv.py
[2024-07-12T11:46:07.933+0100] {processor.py:840} INFO - DAG(s) 'tutorial_taskflow_api_virtualenv' retrieved from /home/victor/airflow_env/lib/python3.10/site-packages/airflow/example_dags/tutorial_taskflow_api_virtualenv.py
[2024-07-12T11:46:08.043+0100] {logging_mixin.py:188} INFO - [2024-07-12T11:46:08.042+0100] {dag.py:3096} INFO - Sync 1 DAGs
[2024-07-12T11:46:08.108+0100] {logging_mixin.py:188} INFO - [2024-07-12T11:46:08.107+0100] {dag.py:3954} INFO - Setting next_dagrun for tutorial_taskflow_api_virtualenv to None, run_after=None
[2024-07-12T11:46:08.399+0100] {processor.py:183} INFO - Processing /home/victor/airflow_env/lib/python3.10/site-packages/airflow/example_dags/tutorial_taskflow_api_virtualenv.py took 0.566 seconds
[2024-07-12T11:47:27.855+0100] {processor.py:161} INFO - Started process (PID=26832) to work on /home/victor/airflow_env/lib/python3.10/site-packages/airflow/example_dags/tutorial_taskflow_api_virtualenv.py
[2024-07-12T11:47:27.860+0100] {processor.py:830} INFO - Processing file /home/victor/airflow_env/lib/python3.10/site-packages/airflow/example_dags/tutorial_taskflow_api_virtualenv.py for tasks to queue
[2024-07-12T11:47:27.868+0100] {logging_mixin.py:188} INFO - [2024-07-12T11:47:27.866+0100] {dagbag.py:545} INFO - Filling up the DagBag from /home/victor/airflow_env/lib/python3.10/site-packages/airflow/example_dags/tutorial_taskflow_api_virtualenv.py
[2024-07-12T11:47:27.951+0100] {processor.py:840} INFO - DAG(s) 'tutorial_taskflow_api_virtualenv' retrieved from /home/victor/airflow_env/lib/python3.10/site-packages/airflow/example_dags/tutorial_taskflow_api_virtualenv.py
[2024-07-12T11:47:28.083+0100] {logging_mixin.py:188} INFO - [2024-07-12T11:47:28.082+0100] {dag.py:3096} INFO - Sync 1 DAGs
[2024-07-12T11:47:28.169+0100] {logging_mixin.py:188} INFO - [2024-07-12T11:47:28.168+0100] {dag.py:3954} INFO - Setting next_dagrun for tutorial_taskflow_api_virtualenv to None, run_after=None
[2024-07-12T11:47:28.555+0100] {processor.py:183} INFO - Processing /home/victor/airflow_env/lib/python3.10/site-packages/airflow/example_dags/tutorial_taskflow_api_virtualenv.py took 0.734 seconds
[2024-07-12T11:49:09.427+0100] {processor.py:161} INFO - Started process (PID=27245) to work on /home/victor/airflow_env/lib/python3.10/site-packages/airflow/example_dags/tutorial_taskflow_api_virtualenv.py
[2024-07-12T11:49:09.433+0100] {processor.py:830} INFO - Processing file /home/victor/airflow_env/lib/python3.10/site-packages/airflow/example_dags/tutorial_taskflow_api_virtualenv.py for tasks to queue
[2024-07-12T11:49:09.447+0100] {logging_mixin.py:188} INFO - [2024-07-12T11:49:09.444+0100] {dagbag.py:545} INFO - Filling up the DagBag from /home/victor/airflow_env/lib/python3.10/site-packages/airflow/example_dags/tutorial_taskflow_api_virtualenv.py
[2024-07-12T11:49:09.520+0100] {processor.py:840} INFO - DAG(s) 'tutorial_taskflow_api_virtualenv' retrieved from /home/victor/airflow_env/lib/python3.10/site-packages/airflow/example_dags/tutorial_taskflow_api_virtualenv.py
[2024-07-12T11:49:09.631+0100] {logging_mixin.py:188} INFO - [2024-07-12T11:49:09.630+0100] {dag.py:3096} INFO - Sync 1 DAGs
[2024-07-12T11:49:09.709+0100] {logging_mixin.py:188} INFO - [2024-07-12T11:49:09.709+0100] {dag.py:3954} INFO - Setting next_dagrun for tutorial_taskflow_api_virtualenv to None, run_after=None
[2024-07-12T11:49:10.496+0100] {processor.py:183} INFO - Processing /home/victor/airflow_env/lib/python3.10/site-packages/airflow/example_dags/tutorial_taskflow_api_virtualenv.py took 1.105 seconds
[2024-07-12T11:50:42.206+0100] {processor.py:161} INFO - Started process (PID=27629) to work on /home/victor/airflow_env/lib/python3.10/site-packages/airflow/example_dags/tutorial_taskflow_api_virtualenv.py
[2024-07-12T11:50:42.212+0100] {processor.py:830} INFO - Processing file /home/victor/airflow_env/lib/python3.10/site-packages/airflow/example_dags/tutorial_taskflow_api_virtualenv.py for tasks to queue
[2024-07-12T11:50:42.222+0100] {logging_mixin.py:188} INFO - [2024-07-12T11:50:42.221+0100] {dagbag.py:545} INFO - Filling up the DagBag from /home/victor/airflow_env/lib/python3.10/site-packages/airflow/example_dags/tutorial_taskflow_api_virtualenv.py
[2024-07-12T11:50:42.274+0100] {processor.py:840} INFO - DAG(s) 'tutorial_taskflow_api_virtualenv' retrieved from /home/victor/airflow_env/lib/python3.10/site-packages/airflow/example_dags/tutorial_taskflow_api_virtualenv.py
[2024-07-12T11:50:42.375+0100] {logging_mixin.py:188} INFO - [2024-07-12T11:50:42.374+0100] {dag.py:3096} INFO - Sync 1 DAGs
[2024-07-12T11:50:42.446+0100] {logging_mixin.py:188} INFO - [2024-07-12T11:50:42.445+0100] {dag.py:3954} INFO - Setting next_dagrun for tutorial_taskflow_api_virtualenv to None, run_after=None
[2024-07-12T11:50:42.929+0100] {processor.py:183} INFO - Processing /home/victor/airflow_env/lib/python3.10/site-packages/airflow/example_dags/tutorial_taskflow_api_virtualenv.py took 0.759 seconds
[2024-07-12T11:52:04.024+0100] {processor.py:161} INFO - Started process (PID=27966) to work on /home/victor/airflow_env/lib/python3.10/site-packages/airflow/example_dags/tutorial_taskflow_api_virtualenv.py
[2024-07-12T11:52:04.029+0100] {processor.py:830} INFO - Processing file /home/victor/airflow_env/lib/python3.10/site-packages/airflow/example_dags/tutorial_taskflow_api_virtualenv.py for tasks to queue
[2024-07-12T11:52:04.037+0100] {logging_mixin.py:188} INFO - [2024-07-12T11:52:04.036+0100] {dagbag.py:545} INFO - Filling up the DagBag from /home/victor/airflow_env/lib/python3.10/site-packages/airflow/example_dags/tutorial_taskflow_api_virtualenv.py
[2024-07-12T11:52:04.088+0100] {processor.py:840} INFO - DAG(s) 'tutorial_taskflow_api_virtualenv' retrieved from /home/victor/airflow_env/lib/python3.10/site-packages/airflow/example_dags/tutorial_taskflow_api_virtualenv.py
[2024-07-12T11:52:04.191+0100] {logging_mixin.py:188} INFO - [2024-07-12T11:52:04.190+0100] {dag.py:3096} INFO - Sync 1 DAGs
[2024-07-12T11:52:04.260+0100] {logging_mixin.py:188} INFO - [2024-07-12T11:52:04.259+0100] {dag.py:3954} INFO - Setting next_dagrun for tutorial_taskflow_api_virtualenv to None, run_after=None
[2024-07-12T11:52:04.574+0100] {processor.py:183} INFO - Processing /home/victor/airflow_env/lib/python3.10/site-packages/airflow/example_dags/tutorial_taskflow_api_virtualenv.py took 0.579 seconds
[2024-07-12T11:53:23.596+0100] {processor.py:161} INFO - Started process (PID=28297) to work on /home/victor/airflow_env/lib/python3.10/site-packages/airflow/example_dags/tutorial_taskflow_api_virtualenv.py
[2024-07-12T11:53:23.600+0100] {processor.py:830} INFO - Processing file /home/victor/airflow_env/lib/python3.10/site-packages/airflow/example_dags/tutorial_taskflow_api_virtualenv.py for tasks to queue
[2024-07-12T11:53:23.607+0100] {logging_mixin.py:188} INFO - [2024-07-12T11:53:23.606+0100] {dagbag.py:545} INFO - Filling up the DagBag from /home/victor/airflow_env/lib/python3.10/site-packages/airflow/example_dags/tutorial_taskflow_api_virtualenv.py
[2024-07-12T11:53:23.657+0100] {processor.py:840} INFO - DAG(s) 'tutorial_taskflow_api_virtualenv' retrieved from /home/victor/airflow_env/lib/python3.10/site-packages/airflow/example_dags/tutorial_taskflow_api_virtualenv.py
[2024-07-12T11:53:23.765+0100] {logging_mixin.py:188} INFO - [2024-07-12T11:53:23.765+0100] {dag.py:3096} INFO - Sync 1 DAGs
[2024-07-12T11:53:23.837+0100] {logging_mixin.py:188} INFO - [2024-07-12T11:53:23.836+0100] {dag.py:3954} INFO - Setting next_dagrun for tutorial_taskflow_api_virtualenv to None, run_after=None
[2024-07-12T11:53:24.122+0100] {processor.py:183} INFO - Processing /home/victor/airflow_env/lib/python3.10/site-packages/airflow/example_dags/tutorial_taskflow_api_virtualenv.py took 0.556 seconds
[2024-07-12T11:54:42.833+0100] {processor.py:161} INFO - Started process (PID=28626) to work on /home/victor/airflow_env/lib/python3.10/site-packages/airflow/example_dags/tutorial_taskflow_api_virtualenv.py
[2024-07-12T11:54:42.838+0100] {processor.py:830} INFO - Processing file /home/victor/airflow_env/lib/python3.10/site-packages/airflow/example_dags/tutorial_taskflow_api_virtualenv.py for tasks to queue
[2024-07-12T11:54:42.847+0100] {logging_mixin.py:188} INFO - [2024-07-12T11:54:42.845+0100] {dagbag.py:545} INFO - Filling up the DagBag from /home/victor/airflow_env/lib/python3.10/site-packages/airflow/example_dags/tutorial_taskflow_api_virtualenv.py
[2024-07-12T11:54:42.915+0100] {processor.py:840} INFO - DAG(s) 'tutorial_taskflow_api_virtualenv' retrieved from /home/victor/airflow_env/lib/python3.10/site-packages/airflow/example_dags/tutorial_taskflow_api_virtualenv.py
[2024-07-12T11:54:43.109+0100] {logging_mixin.py:188} INFO - [2024-07-12T11:54:43.108+0100] {dag.py:3096} INFO - Sync 1 DAGs
[2024-07-12T11:54:43.292+0100] {logging_mixin.py:188} INFO - [2024-07-12T11:54:43.291+0100] {dag.py:3954} INFO - Setting next_dagrun for tutorial_taskflow_api_virtualenv to None, run_after=None
[2024-07-12T11:54:43.978+0100] {processor.py:183} INFO - Processing /home/victor/airflow_env/lib/python3.10/site-packages/airflow/example_dags/tutorial_taskflow_api_virtualenv.py took 1.199 seconds
[2024-07-12T11:56:08.415+0100] {processor.py:161} INFO - Started process (PID=28977) to work on /home/victor/airflow_env/lib/python3.10/site-packages/airflow/example_dags/tutorial_taskflow_api_virtualenv.py
[2024-07-12T11:56:08.421+0100] {processor.py:830} INFO - Processing file /home/victor/airflow_env/lib/python3.10/site-packages/airflow/example_dags/tutorial_taskflow_api_virtualenv.py for tasks to queue
[2024-07-12T11:56:08.429+0100] {logging_mixin.py:188} INFO - [2024-07-12T11:56:08.427+0100] {dagbag.py:545} INFO - Filling up the DagBag from /home/victor/airflow_env/lib/python3.10/site-packages/airflow/example_dags/tutorial_taskflow_api_virtualenv.py
[2024-07-12T11:56:08.485+0100] {processor.py:840} INFO - DAG(s) 'tutorial_taskflow_api_virtualenv' retrieved from /home/victor/airflow_env/lib/python3.10/site-packages/airflow/example_dags/tutorial_taskflow_api_virtualenv.py
[2024-07-12T11:56:08.601+0100] {logging_mixin.py:188} INFO - [2024-07-12T11:56:08.600+0100] {dag.py:3096} INFO - Sync 1 DAGs
[2024-07-12T11:56:08.687+0100] {logging_mixin.py:188} INFO - [2024-07-12T11:56:08.685+0100] {dag.py:3954} INFO - Setting next_dagrun for tutorial_taskflow_api_virtualenv to None, run_after=None
[2024-07-12T11:56:09.000+0100] {processor.py:183} INFO - Processing /home/victor/airflow_env/lib/python3.10/site-packages/airflow/example_dags/tutorial_taskflow_api_virtualenv.py took 0.617 seconds
[2024-07-12T11:57:36.546+0100] {processor.py:161} INFO - Started process (PID=29335) to work on /home/victor/airflow_env/lib/python3.10/site-packages/airflow/example_dags/tutorial_taskflow_api_virtualenv.py
[2024-07-12T11:57:36.551+0100] {processor.py:830} INFO - Processing file /home/victor/airflow_env/lib/python3.10/site-packages/airflow/example_dags/tutorial_taskflow_api_virtualenv.py for tasks to queue
[2024-07-12T11:57:36.560+0100] {logging_mixin.py:188} INFO - [2024-07-12T11:57:36.558+0100] {dagbag.py:545} INFO - Filling up the DagBag from /home/victor/airflow_env/lib/python3.10/site-packages/airflow/example_dags/tutorial_taskflow_api_virtualenv.py
[2024-07-12T11:57:36.623+0100] {processor.py:840} INFO - DAG(s) 'tutorial_taskflow_api_virtualenv' retrieved from /home/victor/airflow_env/lib/python3.10/site-packages/airflow/example_dags/tutorial_taskflow_api_virtualenv.py
[2024-07-12T11:57:36.782+0100] {logging_mixin.py:188} INFO - [2024-07-12T11:57:36.781+0100] {dag.py:3096} INFO - Sync 1 DAGs
[2024-07-12T11:57:36.867+0100] {logging_mixin.py:188} INFO - [2024-07-12T11:57:36.866+0100] {dag.py:3954} INFO - Setting next_dagrun for tutorial_taskflow_api_virtualenv to None, run_after=None
[2024-07-12T11:57:37.248+0100] {processor.py:183} INFO - Processing /home/victor/airflow_env/lib/python3.10/site-packages/airflow/example_dags/tutorial_taskflow_api_virtualenv.py took 0.738 seconds
[2024-07-12T11:58:57.776+0100] {processor.py:161} INFO - Started process (PID=29672) to work on /home/victor/airflow_env/lib/python3.10/site-packages/airflow/example_dags/tutorial_taskflow_api_virtualenv.py
[2024-07-12T11:58:57.782+0100] {processor.py:830} INFO - Processing file /home/victor/airflow_env/lib/python3.10/site-packages/airflow/example_dags/tutorial_taskflow_api_virtualenv.py for tasks to queue
[2024-07-12T11:58:57.790+0100] {logging_mixin.py:188} INFO - [2024-07-12T11:58:57.788+0100] {dagbag.py:545} INFO - Filling up the DagBag from /home/victor/airflow_env/lib/python3.10/site-packages/airflow/example_dags/tutorial_taskflow_api_virtualenv.py
[2024-07-12T11:58:57.853+0100] {processor.py:840} INFO - DAG(s) 'tutorial_taskflow_api_virtualenv' retrieved from /home/victor/airflow_env/lib/python3.10/site-packages/airflow/example_dags/tutorial_taskflow_api_virtualenv.py
[2024-07-12T11:58:57.948+0100] {logging_mixin.py:188} INFO - [2024-07-12T11:58:57.947+0100] {dag.py:3096} INFO - Sync 1 DAGs
[2024-07-12T11:58:58.016+0100] {logging_mixin.py:188} INFO - [2024-07-12T11:58:58.015+0100] {dag.py:3954} INFO - Setting next_dagrun for tutorial_taskflow_api_virtualenv to None, run_after=None
[2024-07-12T11:58:58.289+0100] {processor.py:183} INFO - Processing /home/victor/airflow_env/lib/python3.10/site-packages/airflow/example_dags/tutorial_taskflow_api_virtualenv.py took 0.543 seconds
[2024-07-12T12:00:17.282+0100] {processor.py:161} INFO - Started process (PID=30003) to work on /home/victor/airflow_env/lib/python3.10/site-packages/airflow/example_dags/tutorial_taskflow_api_virtualenv.py
[2024-07-12T12:00:17.286+0100] {processor.py:830} INFO - Processing file /home/victor/airflow_env/lib/python3.10/site-packages/airflow/example_dags/tutorial_taskflow_api_virtualenv.py for tasks to queue
[2024-07-12T12:00:17.294+0100] {logging_mixin.py:188} INFO - [2024-07-12T12:00:17.292+0100] {dagbag.py:545} INFO - Filling up the DagBag from /home/victor/airflow_env/lib/python3.10/site-packages/airflow/example_dags/tutorial_taskflow_api_virtualenv.py
[2024-07-12T12:00:17.345+0100] {processor.py:840} INFO - DAG(s) 'tutorial_taskflow_api_virtualenv' retrieved from /home/victor/airflow_env/lib/python3.10/site-packages/airflow/example_dags/tutorial_taskflow_api_virtualenv.py
[2024-07-12T12:00:17.462+0100] {logging_mixin.py:188} INFO - [2024-07-12T12:00:17.461+0100] {dag.py:3096} INFO - Sync 1 DAGs
[2024-07-12T12:00:17.531+0100] {logging_mixin.py:188} INFO - [2024-07-12T12:00:17.530+0100] {dag.py:3954} INFO - Setting next_dagrun for tutorial_taskflow_api_virtualenv to None, run_after=None
[2024-07-12T12:00:17.836+0100] {processor.py:183} INFO - Processing /home/victor/airflow_env/lib/python3.10/site-packages/airflow/example_dags/tutorial_taskflow_api_virtualenv.py took 0.584 seconds
[2024-07-12T12:01:58.071+0100] {processor.py:161} INFO - Started process (PID=30407) to work on /home/victor/airflow_env/lib/python3.10/site-packages/airflow/example_dags/tutorial_taskflow_api_virtualenv.py
[2024-07-12T12:01:58.076+0100] {processor.py:830} INFO - Processing file /home/victor/airflow_env/lib/python3.10/site-packages/airflow/example_dags/tutorial_taskflow_api_virtualenv.py for tasks to queue
[2024-07-12T12:01:58.083+0100] {logging_mixin.py:188} INFO - [2024-07-12T12:01:58.082+0100] {dagbag.py:545} INFO - Filling up the DagBag from /home/victor/airflow_env/lib/python3.10/site-packages/airflow/example_dags/tutorial_taskflow_api_virtualenv.py
[2024-07-12T12:01:58.146+0100] {processor.py:840} INFO - DAG(s) 'tutorial_taskflow_api_virtualenv' retrieved from /home/victor/airflow_env/lib/python3.10/site-packages/airflow/example_dags/tutorial_taskflow_api_virtualenv.py
[2024-07-12T12:01:58.264+0100] {logging_mixin.py:188} INFO - [2024-07-12T12:01:58.264+0100] {dag.py:3096} INFO - Sync 1 DAGs
[2024-07-12T12:01:58.332+0100] {logging_mixin.py:188} INFO - [2024-07-12T12:01:58.331+0100] {dag.py:3954} INFO - Setting next_dagrun for tutorial_taskflow_api_virtualenv to None, run_after=None
[2024-07-12T12:01:58.632+0100] {processor.py:183} INFO - Processing /home/victor/airflow_env/lib/python3.10/site-packages/airflow/example_dags/tutorial_taskflow_api_virtualenv.py took 0.591 seconds
[2024-07-12T12:03:28.969+0100] {processor.py:161} INFO - Started process (PID=30780) to work on /home/victor/airflow_env/lib/python3.10/site-packages/airflow/example_dags/tutorial_taskflow_api_virtualenv.py
[2024-07-12T12:03:28.975+0100] {processor.py:830} INFO - Processing file /home/victor/airflow_env/lib/python3.10/site-packages/airflow/example_dags/tutorial_taskflow_api_virtualenv.py for tasks to queue
[2024-07-12T12:03:28.988+0100] {logging_mixin.py:188} INFO - [2024-07-12T12:03:28.985+0100] {dagbag.py:545} INFO - Filling up the DagBag from /home/victor/airflow_env/lib/python3.10/site-packages/airflow/example_dags/tutorial_taskflow_api_virtualenv.py
[2024-07-12T12:03:29.050+0100] {processor.py:840} INFO - DAG(s) 'tutorial_taskflow_api_virtualenv' retrieved from /home/victor/airflow_env/lib/python3.10/site-packages/airflow/example_dags/tutorial_taskflow_api_virtualenv.py
[2024-07-12T12:03:29.604+0100] {logging_mixin.py:188} INFO - [2024-07-12T12:03:29.602+0100] {dag.py:3096} INFO - Sync 1 DAGs
[2024-07-12T12:03:29.762+0100] {logging_mixin.py:188} INFO - [2024-07-12T12:03:29.760+0100] {dag.py:3954} INFO - Setting next_dagrun for tutorial_taskflow_api_virtualenv to None, run_after=None
[2024-07-12T12:03:30.251+0100] {processor.py:183} INFO - Processing /home/victor/airflow_env/lib/python3.10/site-packages/airflow/example_dags/tutorial_taskflow_api_virtualenv.py took 1.380 seconds
[2024-07-12T12:05:08.601+0100] {processor.py:161} INFO - Started process (PID=31183) to work on /home/victor/airflow_env/lib/python3.10/site-packages/airflow/example_dags/tutorial_taskflow_api_virtualenv.py
[2024-07-12T12:05:08.605+0100] {processor.py:830} INFO - Processing file /home/victor/airflow_env/lib/python3.10/site-packages/airflow/example_dags/tutorial_taskflow_api_virtualenv.py for tasks to queue
[2024-07-12T12:05:08.614+0100] {logging_mixin.py:188} INFO - [2024-07-12T12:05:08.612+0100] {dagbag.py:545} INFO - Filling up the DagBag from /home/victor/airflow_env/lib/python3.10/site-packages/airflow/example_dags/tutorial_taskflow_api_virtualenv.py
[2024-07-12T12:05:08.669+0100] {processor.py:840} INFO - DAG(s) 'tutorial_taskflow_api_virtualenv' retrieved from /home/victor/airflow_env/lib/python3.10/site-packages/airflow/example_dags/tutorial_taskflow_api_virtualenv.py
[2024-07-12T12:05:08.789+0100] {logging_mixin.py:188} INFO - [2024-07-12T12:05:08.788+0100] {dag.py:3096} INFO - Sync 1 DAGs
[2024-07-12T12:05:08.859+0100] {logging_mixin.py:188} INFO - [2024-07-12T12:05:08.858+0100] {dag.py:3954} INFO - Setting next_dagrun for tutorial_taskflow_api_virtualenv to None, run_after=None
[2024-07-12T12:05:09.218+0100] {processor.py:183} INFO - Processing /home/victor/airflow_env/lib/python3.10/site-packages/airflow/example_dags/tutorial_taskflow_api_virtualenv.py took 0.645 seconds
[2024-07-12T12:06:32.405+0100] {processor.py:161} INFO - Started process (PID=31528) to work on /home/victor/airflow_env/lib/python3.10/site-packages/airflow/example_dags/tutorial_taskflow_api_virtualenv.py
[2024-07-12T12:06:32.409+0100] {processor.py:830} INFO - Processing file /home/victor/airflow_env/lib/python3.10/site-packages/airflow/example_dags/tutorial_taskflow_api_virtualenv.py for tasks to queue
[2024-07-12T12:06:32.417+0100] {logging_mixin.py:188} INFO - [2024-07-12T12:06:32.416+0100] {dagbag.py:545} INFO - Filling up the DagBag from /home/victor/airflow_env/lib/python3.10/site-packages/airflow/example_dags/tutorial_taskflow_api_virtualenv.py
[2024-07-12T12:06:32.475+0100] {processor.py:840} INFO - DAG(s) 'tutorial_taskflow_api_virtualenv' retrieved from /home/victor/airflow_env/lib/python3.10/site-packages/airflow/example_dags/tutorial_taskflow_api_virtualenv.py
[2024-07-12T12:06:32.576+0100] {logging_mixin.py:188} INFO - [2024-07-12T12:06:32.575+0100] {dag.py:3096} INFO - Sync 1 DAGs
[2024-07-12T12:06:32.651+0100] {logging_mixin.py:188} INFO - [2024-07-12T12:06:32.650+0100] {dag.py:3954} INFO - Setting next_dagrun for tutorial_taskflow_api_virtualenv to None, run_after=None
[2024-07-12T12:06:32.938+0100] {processor.py:183} INFO - Processing /home/victor/airflow_env/lib/python3.10/site-packages/airflow/example_dags/tutorial_taskflow_api_virtualenv.py took 0.562 seconds
[2024-07-12T12:07:56.172+0100] {processor.py:161} INFO - Started process (PID=31872) to work on /home/victor/airflow_env/lib/python3.10/site-packages/airflow/example_dags/tutorial_taskflow_api_virtualenv.py
[2024-07-12T12:07:56.176+0100] {processor.py:830} INFO - Processing file /home/victor/airflow_env/lib/python3.10/site-packages/airflow/example_dags/tutorial_taskflow_api_virtualenv.py for tasks to queue
[2024-07-12T12:07:56.184+0100] {logging_mixin.py:188} INFO - [2024-07-12T12:07:56.183+0100] {dagbag.py:545} INFO - Filling up the DagBag from /home/victor/airflow_env/lib/python3.10/site-packages/airflow/example_dags/tutorial_taskflow_api_virtualenv.py
[2024-07-12T12:07:56.239+0100] {processor.py:840} INFO - DAG(s) 'tutorial_taskflow_api_virtualenv' retrieved from /home/victor/airflow_env/lib/python3.10/site-packages/airflow/example_dags/tutorial_taskflow_api_virtualenv.py
[2024-07-12T12:07:56.339+0100] {logging_mixin.py:188} INFO - [2024-07-12T12:07:56.338+0100] {dag.py:3096} INFO - Sync 1 DAGs
[2024-07-12T12:07:56.428+0100] {logging_mixin.py:188} INFO - [2024-07-12T12:07:56.427+0100] {dag.py:3954} INFO - Setting next_dagrun for tutorial_taskflow_api_virtualenv to None, run_after=None
[2024-07-12T12:07:56.822+0100] {processor.py:183} INFO - Processing /home/victor/airflow_env/lib/python3.10/site-packages/airflow/example_dags/tutorial_taskflow_api_virtualenv.py took 0.684 seconds
[2024-07-12T12:09:22.728+0100] {processor.py:161} INFO - Started process (PID=32231) to work on /home/victor/airflow_env/lib/python3.10/site-packages/airflow/example_dags/tutorial_taskflow_api_virtualenv.py
[2024-07-12T12:09:22.732+0100] {processor.py:830} INFO - Processing file /home/victor/airflow_env/lib/python3.10/site-packages/airflow/example_dags/tutorial_taskflow_api_virtualenv.py for tasks to queue
[2024-07-12T12:09:22.741+0100] {logging_mixin.py:188} INFO - [2024-07-12T12:09:22.739+0100] {dagbag.py:545} INFO - Filling up the DagBag from /home/victor/airflow_env/lib/python3.10/site-packages/airflow/example_dags/tutorial_taskflow_api_virtualenv.py
[2024-07-12T12:09:22.793+0100] {processor.py:840} INFO - DAG(s) 'tutorial_taskflow_api_virtualenv' retrieved from /home/victor/airflow_env/lib/python3.10/site-packages/airflow/example_dags/tutorial_taskflow_api_virtualenv.py
[2024-07-12T12:09:22.913+0100] {logging_mixin.py:188} INFO - [2024-07-12T12:09:22.912+0100] {dag.py:3096} INFO - Sync 1 DAGs
[2024-07-12T12:09:22.986+0100] {logging_mixin.py:188} INFO - [2024-07-12T12:09:22.985+0100] {dag.py:3954} INFO - Setting next_dagrun for tutorial_taskflow_api_virtualenv to None, run_after=None
[2024-07-12T12:09:23.377+0100] {processor.py:183} INFO - Processing /home/victor/airflow_env/lib/python3.10/site-packages/airflow/example_dags/tutorial_taskflow_api_virtualenv.py took 0.678 seconds
[2024-07-12T12:10:50.535+0100] {processor.py:161} INFO - Started process (PID=32594) to work on /home/victor/airflow_env/lib/python3.10/site-packages/airflow/example_dags/tutorial_taskflow_api_virtualenv.py
[2024-07-12T12:10:50.539+0100] {processor.py:830} INFO - Processing file /home/victor/airflow_env/lib/python3.10/site-packages/airflow/example_dags/tutorial_taskflow_api_virtualenv.py for tasks to queue
[2024-07-12T12:10:50.548+0100] {logging_mixin.py:188} INFO - [2024-07-12T12:10:50.546+0100] {dagbag.py:545} INFO - Filling up the DagBag from /home/victor/airflow_env/lib/python3.10/site-packages/airflow/example_dags/tutorial_taskflow_api_virtualenv.py
[2024-07-12T12:10:50.629+0100] {processor.py:840} INFO - DAG(s) 'tutorial_taskflow_api_virtualenv' retrieved from /home/victor/airflow_env/lib/python3.10/site-packages/airflow/example_dags/tutorial_taskflow_api_virtualenv.py
[2024-07-12T12:10:50.743+0100] {logging_mixin.py:188} INFO - [2024-07-12T12:10:50.742+0100] {dag.py:3096} INFO - Sync 1 DAGs
[2024-07-12T12:10:50.833+0100] {logging_mixin.py:188} INFO - [2024-07-12T12:10:50.832+0100] {dag.py:3954} INFO - Setting next_dagrun for tutorial_taskflow_api_virtualenv to None, run_after=None
[2024-07-12T12:10:51.191+0100] {processor.py:183} INFO - Processing /home/victor/airflow_env/lib/python3.10/site-packages/airflow/example_dags/tutorial_taskflow_api_virtualenv.py took 0.689 seconds
[2024-07-12T12:12:17.872+0100] {processor.py:161} INFO - Started process (PID=32954) to work on /home/victor/airflow_env/lib/python3.10/site-packages/airflow/example_dags/tutorial_taskflow_api_virtualenv.py
[2024-07-12T12:12:17.877+0100] {processor.py:830} INFO - Processing file /home/victor/airflow_env/lib/python3.10/site-packages/airflow/example_dags/tutorial_taskflow_api_virtualenv.py for tasks to queue
[2024-07-12T12:12:17.885+0100] {logging_mixin.py:188} INFO - [2024-07-12T12:12:17.883+0100] {dagbag.py:545} INFO - Filling up the DagBag from /home/victor/airflow_env/lib/python3.10/site-packages/airflow/example_dags/tutorial_taskflow_api_virtualenv.py
[2024-07-12T12:12:17.941+0100] {processor.py:840} INFO - DAG(s) 'tutorial_taskflow_api_virtualenv' retrieved from /home/victor/airflow_env/lib/python3.10/site-packages/airflow/example_dags/tutorial_taskflow_api_virtualenv.py
[2024-07-12T12:12:18.040+0100] {logging_mixin.py:188} INFO - [2024-07-12T12:12:18.039+0100] {dag.py:3096} INFO - Sync 1 DAGs
[2024-07-12T12:12:18.111+0100] {logging_mixin.py:188} INFO - [2024-07-12T12:12:18.110+0100] {dag.py:3954} INFO - Setting next_dagrun for tutorial_taskflow_api_virtualenv to None, run_after=None
[2024-07-12T12:12:18.420+0100] {processor.py:183} INFO - Processing /home/victor/airflow_env/lib/python3.10/site-packages/airflow/example_dags/tutorial_taskflow_api_virtualenv.py took 0.579 seconds
[2024-07-12T12:13:34.312+0100] {processor.py:161} INFO - Started process (PID=33273) to work on /home/victor/airflow_env/lib/python3.10/site-packages/airflow/example_dags/tutorial_taskflow_api_virtualenv.py
[2024-07-12T12:13:34.317+0100] {processor.py:830} INFO - Processing file /home/victor/airflow_env/lib/python3.10/site-packages/airflow/example_dags/tutorial_taskflow_api_virtualenv.py for tasks to queue
[2024-07-12T12:13:34.324+0100] {logging_mixin.py:188} INFO - [2024-07-12T12:13:34.323+0100] {dagbag.py:545} INFO - Filling up the DagBag from /home/victor/airflow_env/lib/python3.10/site-packages/airflow/example_dags/tutorial_taskflow_api_virtualenv.py
[2024-07-12T12:13:34.375+0100] {processor.py:840} INFO - DAG(s) 'tutorial_taskflow_api_virtualenv' retrieved from /home/victor/airflow_env/lib/python3.10/site-packages/airflow/example_dags/tutorial_taskflow_api_virtualenv.py
[2024-07-12T12:13:34.487+0100] {logging_mixin.py:188} INFO - [2024-07-12T12:13:34.486+0100] {dag.py:3096} INFO - Sync 1 DAGs
[2024-07-12T12:13:34.559+0100] {logging_mixin.py:188} INFO - [2024-07-12T12:13:34.558+0100] {dag.py:3954} INFO - Setting next_dagrun for tutorial_taskflow_api_virtualenv to None, run_after=None
[2024-07-12T12:13:34.904+0100] {processor.py:183} INFO - Processing /home/victor/airflow_env/lib/python3.10/site-packages/airflow/example_dags/tutorial_taskflow_api_virtualenv.py took 0.623 seconds
[2024-07-12T12:15:02.632+0100] {processor.py:161} INFO - Started process (PID=33634) to work on /home/victor/airflow_env/lib/python3.10/site-packages/airflow/example_dags/tutorial_taskflow_api_virtualenv.py
[2024-07-12T12:15:02.636+0100] {processor.py:830} INFO - Processing file /home/victor/airflow_env/lib/python3.10/site-packages/airflow/example_dags/tutorial_taskflow_api_virtualenv.py for tasks to queue
[2024-07-12T12:15:02.644+0100] {logging_mixin.py:188} INFO - [2024-07-12T12:15:02.643+0100] {dagbag.py:545} INFO - Filling up the DagBag from /home/victor/airflow_env/lib/python3.10/site-packages/airflow/example_dags/tutorial_taskflow_api_virtualenv.py
[2024-07-12T12:15:02.695+0100] {processor.py:840} INFO - DAG(s) 'tutorial_taskflow_api_virtualenv' retrieved from /home/victor/airflow_env/lib/python3.10/site-packages/airflow/example_dags/tutorial_taskflow_api_virtualenv.py
[2024-07-12T12:15:02.802+0100] {logging_mixin.py:188} INFO - [2024-07-12T12:15:02.801+0100] {dag.py:3096} INFO - Sync 1 DAGs
[2024-07-12T12:15:02.868+0100] {logging_mixin.py:188} INFO - [2024-07-12T12:15:02.867+0100] {dag.py:3954} INFO - Setting next_dagrun for tutorial_taskflow_api_virtualenv to None, run_after=None
[2024-07-12T12:15:03.215+0100] {processor.py:183} INFO - Processing /home/victor/airflow_env/lib/python3.10/site-packages/airflow/example_dags/tutorial_taskflow_api_virtualenv.py took 0.619 seconds
[2024-07-12T12:17:08.830+0100] {processor.py:161} INFO - Started process (PID=34135) to work on /home/victor/airflow_env/lib/python3.10/site-packages/airflow/example_dags/tutorial_taskflow_api_virtualenv.py
[2024-07-12T12:17:08.843+0100] {processor.py:830} INFO - Processing file /home/victor/airflow_env/lib/python3.10/site-packages/airflow/example_dags/tutorial_taskflow_api_virtualenv.py for tasks to queue
[2024-07-12T12:17:08.852+0100] {logging_mixin.py:188} INFO - [2024-07-12T12:17:08.850+0100] {dagbag.py:545} INFO - Filling up the DagBag from /home/victor/airflow_env/lib/python3.10/site-packages/airflow/example_dags/tutorial_taskflow_api_virtualenv.py
[2024-07-12T12:17:08.927+0100] {processor.py:840} INFO - DAG(s) 'tutorial_taskflow_api_virtualenv' retrieved from /home/victor/airflow_env/lib/python3.10/site-packages/airflow/example_dags/tutorial_taskflow_api_virtualenv.py
[2024-07-12T12:17:09.114+0100] {logging_mixin.py:188} INFO - [2024-07-12T12:17:09.113+0100] {dag.py:3096} INFO - Sync 1 DAGs
[2024-07-12T12:17:09.246+0100] {logging_mixin.py:188} INFO - [2024-07-12T12:17:09.242+0100] {dag.py:3954} INFO - Setting next_dagrun for tutorial_taskflow_api_virtualenv to None, run_after=None
[2024-07-12T12:17:09.728+0100] {processor.py:183} INFO - Processing /home/victor/airflow_env/lib/python3.10/site-packages/airflow/example_dags/tutorial_taskflow_api_virtualenv.py took 0.945 seconds
[2024-07-12T12:18:47.195+0100] {processor.py:161} INFO - Started process (PID=34541) to work on /home/victor/airflow_env/lib/python3.10/site-packages/airflow/example_dags/tutorial_taskflow_api_virtualenv.py
[2024-07-12T12:18:47.199+0100] {processor.py:830} INFO - Processing file /home/victor/airflow_env/lib/python3.10/site-packages/airflow/example_dags/tutorial_taskflow_api_virtualenv.py for tasks to queue
[2024-07-12T12:18:47.207+0100] {logging_mixin.py:188} INFO - [2024-07-12T12:18:47.206+0100] {dagbag.py:545} INFO - Filling up the DagBag from /home/victor/airflow_env/lib/python3.10/site-packages/airflow/example_dags/tutorial_taskflow_api_virtualenv.py
[2024-07-12T12:18:47.261+0100] {processor.py:840} INFO - DAG(s) 'tutorial_taskflow_api_virtualenv' retrieved from /home/victor/airflow_env/lib/python3.10/site-packages/airflow/example_dags/tutorial_taskflow_api_virtualenv.py
[2024-07-12T12:18:47.362+0100] {logging_mixin.py:188} INFO - [2024-07-12T12:18:47.361+0100] {dag.py:3096} INFO - Sync 1 DAGs
[2024-07-12T12:18:47.429+0100] {logging_mixin.py:188} INFO - [2024-07-12T12:18:47.428+0100] {dag.py:3954} INFO - Setting next_dagrun for tutorial_taskflow_api_virtualenv to None, run_after=None
[2024-07-12T12:18:47.746+0100] {processor.py:183} INFO - Processing /home/victor/airflow_env/lib/python3.10/site-packages/airflow/example_dags/tutorial_taskflow_api_virtualenv.py took 0.581 seconds
[2024-07-12T12:20:33.536+0100] {processor.py:161} INFO - Started process (PID=34967) to work on /home/victor/airflow_env/lib/python3.10/site-packages/airflow/example_dags/tutorial_taskflow_api_virtualenv.py
[2024-07-12T12:20:33.542+0100] {processor.py:830} INFO - Processing file /home/victor/airflow_env/lib/python3.10/site-packages/airflow/example_dags/tutorial_taskflow_api_virtualenv.py for tasks to queue
[2024-07-12T12:20:33.551+0100] {logging_mixin.py:188} INFO - [2024-07-12T12:20:33.549+0100] {dagbag.py:545} INFO - Filling up the DagBag from /home/victor/airflow_env/lib/python3.10/site-packages/airflow/example_dags/tutorial_taskflow_api_virtualenv.py
[2024-07-12T12:20:33.616+0100] {processor.py:840} INFO - DAG(s) 'tutorial_taskflow_api_virtualenv' retrieved from /home/victor/airflow_env/lib/python3.10/site-packages/airflow/example_dags/tutorial_taskflow_api_virtualenv.py
[2024-07-12T12:20:33.777+0100] {logging_mixin.py:188} INFO - [2024-07-12T12:20:33.776+0100] {dag.py:3096} INFO - Sync 1 DAGs
[2024-07-12T12:20:33.872+0100] {logging_mixin.py:188} INFO - [2024-07-12T12:20:33.871+0100] {dag.py:3954} INFO - Setting next_dagrun for tutorial_taskflow_api_virtualenv to None, run_after=None
[2024-07-12T12:20:34.324+0100] {processor.py:183} INFO - Processing /home/victor/airflow_env/lib/python3.10/site-packages/airflow/example_dags/tutorial_taskflow_api_virtualenv.py took 0.832 seconds
[2024-07-12T12:22:02.445+0100] {processor.py:161} INFO - Started process (PID=35333) to work on /home/victor/airflow_env/lib/python3.10/site-packages/airflow/example_dags/tutorial_taskflow_api_virtualenv.py
[2024-07-12T12:22:02.466+0100] {processor.py:830} INFO - Processing file /home/victor/airflow_env/lib/python3.10/site-packages/airflow/example_dags/tutorial_taskflow_api_virtualenv.py for tasks to queue
[2024-07-12T12:22:02.475+0100] {logging_mixin.py:188} INFO - [2024-07-12T12:22:02.473+0100] {dagbag.py:545} INFO - Filling up the DagBag from /home/victor/airflow_env/lib/python3.10/site-packages/airflow/example_dags/tutorial_taskflow_api_virtualenv.py
[2024-07-12T12:22:02.535+0100] {processor.py:840} INFO - DAG(s) 'tutorial_taskflow_api_virtualenv' retrieved from /home/victor/airflow_env/lib/python3.10/site-packages/airflow/example_dags/tutorial_taskflow_api_virtualenv.py
[2024-07-12T12:22:02.652+0100] {logging_mixin.py:188} INFO - [2024-07-12T12:22:02.651+0100] {dag.py:3096} INFO - Sync 1 DAGs
[2024-07-12T12:22:02.747+0100] {logging_mixin.py:188} INFO - [2024-07-12T12:22:02.746+0100] {dag.py:3954} INFO - Setting next_dagrun for tutorial_taskflow_api_virtualenv to None, run_after=None
[2024-07-12T12:22:03.157+0100] {processor.py:183} INFO - Processing /home/victor/airflow_env/lib/python3.10/site-packages/airflow/example_dags/tutorial_taskflow_api_virtualenv.py took 0.755 seconds
[2024-07-12T12:23:28.975+0100] {processor.py:161} INFO - Started process (PID=35689) to work on /home/victor/airflow_env/lib/python3.10/site-packages/airflow/example_dags/tutorial_taskflow_api_virtualenv.py
[2024-07-12T12:23:28.980+0100] {processor.py:830} INFO - Processing file /home/victor/airflow_env/lib/python3.10/site-packages/airflow/example_dags/tutorial_taskflow_api_virtualenv.py for tasks to queue
[2024-07-12T12:23:28.988+0100] {logging_mixin.py:188} INFO - [2024-07-12T12:23:28.986+0100] {dagbag.py:545} INFO - Filling up the DagBag from /home/victor/airflow_env/lib/python3.10/site-packages/airflow/example_dags/tutorial_taskflow_api_virtualenv.py
[2024-07-12T12:23:29.041+0100] {processor.py:840} INFO - DAG(s) 'tutorial_taskflow_api_virtualenv' retrieved from /home/victor/airflow_env/lib/python3.10/site-packages/airflow/example_dags/tutorial_taskflow_api_virtualenv.py
[2024-07-12T12:23:29.153+0100] {logging_mixin.py:188} INFO - [2024-07-12T12:23:29.152+0100] {dag.py:3096} INFO - Sync 1 DAGs
[2024-07-12T12:23:29.218+0100] {logging_mixin.py:188} INFO - [2024-07-12T12:23:29.218+0100] {dag.py:3954} INFO - Setting next_dagrun for tutorial_taskflow_api_virtualenv to None, run_after=None
[2024-07-12T12:23:29.534+0100] {processor.py:183} INFO - Processing /home/victor/airflow_env/lib/python3.10/site-packages/airflow/example_dags/tutorial_taskflow_api_virtualenv.py took 0.588 seconds
[2024-07-12T12:25:09.474+0100] {processor.py:161} INFO - Started process (PID=36096) to work on /home/victor/airflow_env/lib/python3.10/site-packages/airflow/example_dags/tutorial_taskflow_api_virtualenv.py
[2024-07-12T12:25:09.479+0100] {processor.py:830} INFO - Processing file /home/victor/airflow_env/lib/python3.10/site-packages/airflow/example_dags/tutorial_taskflow_api_virtualenv.py for tasks to queue
[2024-07-12T12:25:09.488+0100] {logging_mixin.py:188} INFO - [2024-07-12T12:25:09.486+0100] {dagbag.py:545} INFO - Filling up the DagBag from /home/victor/airflow_env/lib/python3.10/site-packages/airflow/example_dags/tutorial_taskflow_api_virtualenv.py
[2024-07-12T12:25:09.541+0100] {processor.py:840} INFO - DAG(s) 'tutorial_taskflow_api_virtualenv' retrieved from /home/victor/airflow_env/lib/python3.10/site-packages/airflow/example_dags/tutorial_taskflow_api_virtualenv.py
[2024-07-12T12:25:09.673+0100] {logging_mixin.py:188} INFO - [2024-07-12T12:25:09.672+0100] {dag.py:3096} INFO - Sync 1 DAGs
[2024-07-12T12:25:09.789+0100] {logging_mixin.py:188} INFO - [2024-07-12T12:25:09.788+0100] {dag.py:3954} INFO - Setting next_dagrun for tutorial_taskflow_api_virtualenv to None, run_after=None
[2024-07-12T12:25:10.193+0100] {processor.py:183} INFO - Processing /home/victor/airflow_env/lib/python3.10/site-packages/airflow/example_dags/tutorial_taskflow_api_virtualenv.py took 0.750 seconds
[2024-07-12T12:26:45.831+0100] {processor.py:161} INFO - Started process (PID=36486) to work on /home/victor/airflow_env/lib/python3.10/site-packages/airflow/example_dags/tutorial_taskflow_api_virtualenv.py
[2024-07-12T12:26:45.835+0100] {processor.py:830} INFO - Processing file /home/victor/airflow_env/lib/python3.10/site-packages/airflow/example_dags/tutorial_taskflow_api_virtualenv.py for tasks to queue
[2024-07-12T12:26:45.843+0100] {logging_mixin.py:188} INFO - [2024-07-12T12:26:45.842+0100] {dagbag.py:545} INFO - Filling up the DagBag from /home/victor/airflow_env/lib/python3.10/site-packages/airflow/example_dags/tutorial_taskflow_api_virtualenv.py
[2024-07-12T12:26:45.894+0100] {processor.py:840} INFO - DAG(s) 'tutorial_taskflow_api_virtualenv' retrieved from /home/victor/airflow_env/lib/python3.10/site-packages/airflow/example_dags/tutorial_taskflow_api_virtualenv.py
[2024-07-12T12:26:46.006+0100] {logging_mixin.py:188} INFO - [2024-07-12T12:26:46.005+0100] {dag.py:3096} INFO - Sync 1 DAGs
[2024-07-12T12:26:46.074+0100] {logging_mixin.py:188} INFO - [2024-07-12T12:26:46.073+0100] {dag.py:3954} INFO - Setting next_dagrun for tutorial_taskflow_api_virtualenv to None, run_after=None
[2024-07-12T12:26:46.436+0100] {processor.py:183} INFO - Processing /home/victor/airflow_env/lib/python3.10/site-packages/airflow/example_dags/tutorial_taskflow_api_virtualenv.py took 0.636 seconds
[2024-07-12T12:28:14.111+0100] {processor.py:161} INFO - Started process (PID=36847) to work on /home/victor/airflow_env/lib/python3.10/site-packages/airflow/example_dags/tutorial_taskflow_api_virtualenv.py
[2024-07-12T12:28:14.116+0100] {processor.py:830} INFO - Processing file /home/victor/airflow_env/lib/python3.10/site-packages/airflow/example_dags/tutorial_taskflow_api_virtualenv.py for tasks to queue
[2024-07-12T12:28:14.125+0100] {logging_mixin.py:188} INFO - [2024-07-12T12:28:14.123+0100] {dagbag.py:545} INFO - Filling up the DagBag from /home/victor/airflow_env/lib/python3.10/site-packages/airflow/example_dags/tutorial_taskflow_api_virtualenv.py
[2024-07-12T12:28:14.194+0100] {processor.py:840} INFO - DAG(s) 'tutorial_taskflow_api_virtualenv' retrieved from /home/victor/airflow_env/lib/python3.10/site-packages/airflow/example_dags/tutorial_taskflow_api_virtualenv.py
[2024-07-12T12:28:14.336+0100] {logging_mixin.py:188} INFO - [2024-07-12T12:28:14.335+0100] {dag.py:3096} INFO - Sync 1 DAGs
[2024-07-12T12:28:14.512+0100] {logging_mixin.py:188} INFO - [2024-07-12T12:28:14.511+0100] {dag.py:3954} INFO - Setting next_dagrun for tutorial_taskflow_api_virtualenv to None, run_after=None
[2024-07-12T12:28:15.078+0100] {processor.py:183} INFO - Processing /home/victor/airflow_env/lib/python3.10/site-packages/airflow/example_dags/tutorial_taskflow_api_virtualenv.py took 1.004 seconds
[2024-07-12T12:29:51.790+0100] {processor.py:161} INFO - Started process (PID=37244) to work on /home/victor/airflow_env/lib/python3.10/site-packages/airflow/example_dags/tutorial_taskflow_api_virtualenv.py
[2024-07-12T12:29:51.794+0100] {processor.py:830} INFO - Processing file /home/victor/airflow_env/lib/python3.10/site-packages/airflow/example_dags/tutorial_taskflow_api_virtualenv.py for tasks to queue
[2024-07-12T12:29:51.803+0100] {logging_mixin.py:188} INFO - [2024-07-12T12:29:51.801+0100] {dagbag.py:545} INFO - Filling up the DagBag from /home/victor/airflow_env/lib/python3.10/site-packages/airflow/example_dags/tutorial_taskflow_api_virtualenv.py
[2024-07-12T12:29:51.858+0100] {processor.py:840} INFO - DAG(s) 'tutorial_taskflow_api_virtualenv' retrieved from /home/victor/airflow_env/lib/python3.10/site-packages/airflow/example_dags/tutorial_taskflow_api_virtualenv.py
[2024-07-12T12:29:51.990+0100] {logging_mixin.py:188} INFO - [2024-07-12T12:29:51.989+0100] {dag.py:3096} INFO - Sync 1 DAGs
[2024-07-12T12:29:52.120+0100] {logging_mixin.py:188} INFO - [2024-07-12T12:29:52.119+0100] {dag.py:3954} INFO - Setting next_dagrun for tutorial_taskflow_api_virtualenv to None, run_after=None
[2024-07-12T12:29:52.430+0100] {processor.py:183} INFO - Processing /home/victor/airflow_env/lib/python3.10/site-packages/airflow/example_dags/tutorial_taskflow_api_virtualenv.py took 0.669 seconds
[2024-07-12T12:31:18.747+0100] {processor.py:161} INFO - Started process (PID=37605) to work on /home/victor/airflow_env/lib/python3.10/site-packages/airflow/example_dags/tutorial_taskflow_api_virtualenv.py
[2024-07-12T12:31:18.752+0100] {processor.py:830} INFO - Processing file /home/victor/airflow_env/lib/python3.10/site-packages/airflow/example_dags/tutorial_taskflow_api_virtualenv.py for tasks to queue
[2024-07-12T12:31:18.763+0100] {logging_mixin.py:188} INFO - [2024-07-12T12:31:18.761+0100] {dagbag.py:545} INFO - Filling up the DagBag from /home/victor/airflow_env/lib/python3.10/site-packages/airflow/example_dags/tutorial_taskflow_api_virtualenv.py
[2024-07-12T12:31:18.820+0100] {processor.py:840} INFO - DAG(s) 'tutorial_taskflow_api_virtualenv' retrieved from /home/victor/airflow_env/lib/python3.10/site-packages/airflow/example_dags/tutorial_taskflow_api_virtualenv.py
[2024-07-12T12:31:18.943+0100] {logging_mixin.py:188} INFO - [2024-07-12T12:31:18.942+0100] {dag.py:3096} INFO - Sync 1 DAGs
[2024-07-12T12:31:19.063+0100] {logging_mixin.py:188} INFO - [2024-07-12T12:31:19.062+0100] {dag.py:3954} INFO - Setting next_dagrun for tutorial_taskflow_api_virtualenv to None, run_after=None
[2024-07-12T12:31:19.500+0100] {processor.py:183} INFO - Processing /home/victor/airflow_env/lib/python3.10/site-packages/airflow/example_dags/tutorial_taskflow_api_virtualenv.py took 0.787 seconds
[2024-07-12T12:32:47.505+0100] {processor.py:161} INFO - Started process (PID=37967) to work on /home/victor/airflow_env/lib/python3.10/site-packages/airflow/example_dags/tutorial_taskflow_api_virtualenv.py
[2024-07-12T12:32:47.510+0100] {processor.py:830} INFO - Processing file /home/victor/airflow_env/lib/python3.10/site-packages/airflow/example_dags/tutorial_taskflow_api_virtualenv.py for tasks to queue
[2024-07-12T12:32:47.517+0100] {logging_mixin.py:188} INFO - [2024-07-12T12:32:47.516+0100] {dagbag.py:545} INFO - Filling up the DagBag from /home/victor/airflow_env/lib/python3.10/site-packages/airflow/example_dags/tutorial_taskflow_api_virtualenv.py
[2024-07-12T12:32:47.568+0100] {processor.py:840} INFO - DAG(s) 'tutorial_taskflow_api_virtualenv' retrieved from /home/victor/airflow_env/lib/python3.10/site-packages/airflow/example_dags/tutorial_taskflow_api_virtualenv.py
[2024-07-12T12:32:47.671+0100] {logging_mixin.py:188} INFO - [2024-07-12T12:32:47.670+0100] {dag.py:3096} INFO - Sync 1 DAGs
[2024-07-12T12:32:47.733+0100] {logging_mixin.py:188} INFO - [2024-07-12T12:32:47.732+0100] {dag.py:3954} INFO - Setting next_dagrun for tutorial_taskflow_api_virtualenv to None, run_after=None
[2024-07-12T12:32:48.079+0100] {processor.py:183} INFO - Processing /home/victor/airflow_env/lib/python3.10/site-packages/airflow/example_dags/tutorial_taskflow_api_virtualenv.py took 0.603 seconds
