[2024-07-12T11:04:26.952+0100] {processor.py:161} INFO - Started process (PID=15882) to work on /home/victor/airflow_env/lib/python3.10/site-packages/airflow/example_dags/tutorial.py
[2024-07-12T11:04:26.956+0100] {processor.py:830} INFO - Processing file /home/victor/airflow_env/lib/python3.10/site-packages/airflow/example_dags/tutorial.py for tasks to queue
[2024-07-12T11:04:26.965+0100] {logging_mixin.py:188} INFO - [2024-07-12T11:04:26.964+0100] {dagbag.py:545} INFO - Filling up the DagBag from /home/victor/airflow_env/lib/python3.10/site-packages/airflow/example_dags/tutorial.py
[2024-07-12T11:04:27.011+0100] {processor.py:840} INFO - DAG(s) 'tutorial' retrieved from /home/victor/airflow_env/lib/python3.10/site-packages/airflow/example_dags/tutorial.py
[2024-07-12T11:04:27.818+0100] {logging_mixin.py:188} INFO - [2024-07-12T11:04:27.815+0100] {override.py:1847} INFO - Created Permission View: can edit on DAG:tutorial
[2024-07-12T11:04:28.170+0100] {logging_mixin.py:188} INFO - [2024-07-12T11:04:28.168+0100] {override.py:1847} INFO - Created Permission View: can read on DAG:tutorial
[2024-07-12T11:04:28.385+0100] {logging_mixin.py:188} INFO - [2024-07-12T11:04:28.384+0100] {override.py:1847} INFO - Created Permission View: can delete on DAG:tutorial
[2024-07-12T11:04:28.392+0100] {logging_mixin.py:188} INFO - [2024-07-12T11:04:28.391+0100] {dag.py:3096} INFO - Sync 1 DAGs
[2024-07-12T11:04:28.518+0100] {logging_mixin.py:188} INFO - [2024-07-12T11:04:28.517+0100] {dag.py:3118} INFO - Creating ORM DAG for tutorial
[2024-07-12T11:04:28.715+0100] {logging_mixin.py:188} INFO - [2024-07-12T11:04:28.707+0100] {dag.py:3954} INFO - Setting next_dagrun for tutorial to 2024-07-11 00:00:00+00:00, run_after=2024-07-12 00:00:00+00:00
[2024-07-12T11:04:29.430+0100] {processor.py:183} INFO - Processing /home/victor/airflow_env/lib/python3.10/site-packages/airflow/example_dags/tutorial.py took 2.506 seconds
[2024-07-12T11:07:39.586+0100] {processor.py:161} INFO - Started process (PID=16645) to work on /home/victor/airflow_env/lib/python3.10/site-packages/airflow/example_dags/tutorial.py
[2024-07-12T11:07:39.593+0100] {processor.py:830} INFO - Processing file /home/victor/airflow_env/lib/python3.10/site-packages/airflow/example_dags/tutorial.py for tasks to queue
[2024-07-12T11:07:39.618+0100] {logging_mixin.py:188} INFO - [2024-07-12T11:07:39.612+0100] {dagbag.py:545} INFO - Filling up the DagBag from /home/victor/airflow_env/lib/python3.10/site-packages/airflow/example_dags/tutorial.py
[2024-07-12T11:07:39.670+0100] {processor.py:840} INFO - DAG(s) 'tutorial' retrieved from /home/victor/airflow_env/lib/python3.10/site-packages/airflow/example_dags/tutorial.py
[2024-07-12T11:07:39.780+0100] {logging_mixin.py:188} INFO - [2024-07-12T11:07:39.779+0100] {dag.py:3096} INFO - Sync 1 DAGs
[2024-07-12T11:07:39.941+0100] {logging_mixin.py:188} INFO - [2024-07-12T11:07:39.940+0100] {dag.py:3954} INFO - Setting next_dagrun for tutorial to 2024-07-11 00:00:00+00:00, run_after=2024-07-12 00:00:00+00:00
[2024-07-12T11:07:40.323+0100] {processor.py:183} INFO - Processing /home/victor/airflow_env/lib/python3.10/site-packages/airflow/example_dags/tutorial.py took 0.775 seconds
[2024-07-12T11:10:14.909+0100] {processor.py:161} INFO - Started process (PID=17252) to work on /home/victor/airflow_env/lib/python3.10/site-packages/airflow/example_dags/tutorial.py
[2024-07-12T11:10:14.916+0100] {processor.py:830} INFO - Processing file /home/victor/airflow_env/lib/python3.10/site-packages/airflow/example_dags/tutorial.py for tasks to queue
[2024-07-12T11:10:14.926+0100] {logging_mixin.py:188} INFO - [2024-07-12T11:10:14.924+0100] {dagbag.py:545} INFO - Filling up the DagBag from /home/victor/airflow_env/lib/python3.10/site-packages/airflow/example_dags/tutorial.py
[2024-07-12T11:10:14.964+0100] {processor.py:840} INFO - DAG(s) 'tutorial' retrieved from /home/victor/airflow_env/lib/python3.10/site-packages/airflow/example_dags/tutorial.py
[2024-07-12T11:10:15.075+0100] {logging_mixin.py:188} INFO - [2024-07-12T11:10:15.075+0100] {dag.py:3096} INFO - Sync 1 DAGs
[2024-07-12T11:10:15.510+0100] {logging_mixin.py:188} INFO - [2024-07-12T11:10:15.509+0100] {dag.py:3954} INFO - Setting next_dagrun for tutorial to 2024-07-11 00:00:00+00:00, run_after=2024-07-12 00:00:00+00:00
[2024-07-12T11:10:15.772+0100] {processor.py:183} INFO - Processing /home/victor/airflow_env/lib/python3.10/site-packages/airflow/example_dags/tutorial.py took 0.890 seconds
[2024-07-12T11:12:13.341+0100] {processor.py:161} INFO - Started process (PID=17734) to work on /home/victor/airflow_env/lib/python3.10/site-packages/airflow/example_dags/tutorial.py
[2024-07-12T11:12:13.347+0100] {processor.py:830} INFO - Processing file /home/victor/airflow_env/lib/python3.10/site-packages/airflow/example_dags/tutorial.py for tasks to queue
[2024-07-12T11:12:13.356+0100] {logging_mixin.py:188} INFO - [2024-07-12T11:12:13.354+0100] {dagbag.py:545} INFO - Filling up the DagBag from /home/victor/airflow_env/lib/python3.10/site-packages/airflow/example_dags/tutorial.py
[2024-07-12T11:12:13.398+0100] {processor.py:840} INFO - DAG(s) 'tutorial' retrieved from /home/victor/airflow_env/lib/python3.10/site-packages/airflow/example_dags/tutorial.py
[2024-07-12T11:12:13.588+0100] {logging_mixin.py:188} INFO - [2024-07-12T11:12:13.587+0100] {dag.py:3096} INFO - Sync 1 DAGs
[2024-07-12T11:12:13.732+0100] {logging_mixin.py:188} INFO - [2024-07-12T11:12:13.731+0100] {dag.py:3954} INFO - Setting next_dagrun for tutorial to 2024-07-11 00:00:00+00:00, run_after=2024-07-12 00:00:00+00:00
[2024-07-12T11:12:14.110+0100] {processor.py:183} INFO - Processing /home/victor/airflow_env/lib/python3.10/site-packages/airflow/example_dags/tutorial.py took 0.808 seconds
[2024-07-12T11:13:39.144+0100] {processor.py:161} INFO - Started process (PID=18089) to work on /home/victor/airflow_env/lib/python3.10/site-packages/airflow/example_dags/tutorial.py
[2024-07-12T11:13:39.155+0100] {processor.py:830} INFO - Processing file /home/victor/airflow_env/lib/python3.10/site-packages/airflow/example_dags/tutorial.py for tasks to queue
[2024-07-12T11:13:39.164+0100] {logging_mixin.py:188} INFO - [2024-07-12T11:13:39.161+0100] {dagbag.py:545} INFO - Filling up the DagBag from /home/victor/airflow_env/lib/python3.10/site-packages/airflow/example_dags/tutorial.py
[2024-07-12T11:13:39.201+0100] {processor.py:840} INFO - DAG(s) 'tutorial' retrieved from /home/victor/airflow_env/lib/python3.10/site-packages/airflow/example_dags/tutorial.py
[2024-07-12T11:13:39.388+0100] {logging_mixin.py:188} INFO - [2024-07-12T11:13:39.387+0100] {dag.py:3096} INFO - Sync 1 DAGs
[2024-07-12T11:13:39.573+0100] {logging_mixin.py:188} INFO - [2024-07-12T11:13:39.572+0100] {dag.py:3954} INFO - Setting next_dagrun for tutorial to 2024-07-11 00:00:00+00:00, run_after=2024-07-12 00:00:00+00:00
[2024-07-12T11:13:39.882+0100] {processor.py:183} INFO - Processing /home/victor/airflow_env/lib/python3.10/site-packages/airflow/example_dags/tutorial.py took 0.810 seconds
[2024-07-12T11:15:52.602+0100] {processor.py:161} INFO - Started process (PID=18631) to work on /home/victor/airflow_env/lib/python3.10/site-packages/airflow/example_dags/tutorial.py
[2024-07-12T11:15:52.607+0100] {processor.py:830} INFO - Processing file /home/victor/airflow_env/lib/python3.10/site-packages/airflow/example_dags/tutorial.py for tasks to queue
[2024-07-12T11:15:52.616+0100] {logging_mixin.py:188} INFO - [2024-07-12T11:15:52.614+0100] {dagbag.py:545} INFO - Filling up the DagBag from /home/victor/airflow_env/lib/python3.10/site-packages/airflow/example_dags/tutorial.py
[2024-07-12T11:15:52.658+0100] {processor.py:840} INFO - DAG(s) 'tutorial' retrieved from /home/victor/airflow_env/lib/python3.10/site-packages/airflow/example_dags/tutorial.py
[2024-07-12T11:15:52.790+0100] {logging_mixin.py:188} INFO - [2024-07-12T11:15:52.789+0100] {dag.py:3096} INFO - Sync 1 DAGs
[2024-07-12T11:15:52.907+0100] {logging_mixin.py:188} INFO - [2024-07-12T11:15:52.906+0100] {dag.py:3954} INFO - Setting next_dagrun for tutorial to 2024-07-11 00:00:00+00:00, run_after=2024-07-12 00:00:00+00:00
[2024-07-12T11:15:53.271+0100] {processor.py:183} INFO - Processing /home/victor/airflow_env/lib/python3.10/site-packages/airflow/example_dags/tutorial.py took 0.711 seconds
[2024-07-12T11:18:14.765+0100] {processor.py:161} INFO - Started process (PID=19208) to work on /home/victor/airflow_env/lib/python3.10/site-packages/airflow/example_dags/tutorial.py
[2024-07-12T11:18:14.770+0100] {processor.py:830} INFO - Processing file /home/victor/airflow_env/lib/python3.10/site-packages/airflow/example_dags/tutorial.py for tasks to queue
[2024-07-12T11:18:14.777+0100] {logging_mixin.py:188} INFO - [2024-07-12T11:18:14.776+0100] {dagbag.py:545} INFO - Filling up the DagBag from /home/victor/airflow_env/lib/python3.10/site-packages/airflow/example_dags/tutorial.py
[2024-07-12T11:18:14.806+0100] {processor.py:840} INFO - DAG(s) 'tutorial' retrieved from /home/victor/airflow_env/lib/python3.10/site-packages/airflow/example_dags/tutorial.py
[2024-07-12T11:18:14.924+0100] {logging_mixin.py:188} INFO - [2024-07-12T11:18:14.923+0100] {dag.py:3096} INFO - Sync 1 DAGs
[2024-07-12T11:18:15.045+0100] {logging_mixin.py:188} INFO - [2024-07-12T11:18:15.043+0100] {dag.py:3954} INFO - Setting next_dagrun for tutorial to 2024-07-11 00:00:00+00:00, run_after=2024-07-12 00:00:00+00:00
[2024-07-12T11:18:15.319+0100] {processor.py:183} INFO - Processing /home/victor/airflow_env/lib/python3.10/site-packages/airflow/example_dags/tutorial.py took 0.586 seconds
[2024-07-12T11:19:47.727+0100] {processor.py:161} INFO - Started process (PID=19594) to work on /home/victor/airflow_env/lib/python3.10/site-packages/airflow/example_dags/tutorial.py
[2024-07-12T11:19:47.731+0100] {processor.py:830} INFO - Processing file /home/victor/airflow_env/lib/python3.10/site-packages/airflow/example_dags/tutorial.py for tasks to queue
[2024-07-12T11:19:47.739+0100] {logging_mixin.py:188} INFO - [2024-07-12T11:19:47.738+0100] {dagbag.py:545} INFO - Filling up the DagBag from /home/victor/airflow_env/lib/python3.10/site-packages/airflow/example_dags/tutorial.py
[2024-07-12T11:19:47.775+0100] {processor.py:840} INFO - DAG(s) 'tutorial' retrieved from /home/victor/airflow_env/lib/python3.10/site-packages/airflow/example_dags/tutorial.py
[2024-07-12T11:19:47.875+0100] {logging_mixin.py:188} INFO - [2024-07-12T11:19:47.874+0100] {dag.py:3096} INFO - Sync 1 DAGs
[2024-07-12T11:19:47.992+0100] {logging_mixin.py:188} INFO - [2024-07-12T11:19:47.991+0100] {dag.py:3954} INFO - Setting next_dagrun for tutorial to 2024-07-11 00:00:00+00:00, run_after=2024-07-12 00:00:00+00:00
[2024-07-12T11:19:48.284+0100] {processor.py:183} INFO - Processing /home/victor/airflow_env/lib/python3.10/site-packages/airflow/example_dags/tutorial.py took 0.586 seconds
[2024-07-12T11:21:31.718+0100] {processor.py:161} INFO - Started process (PID=20020) to work on /home/victor/airflow_env/lib/python3.10/site-packages/airflow/example_dags/tutorial.py
[2024-07-12T11:21:31.731+0100] {processor.py:830} INFO - Processing file /home/victor/airflow_env/lib/python3.10/site-packages/airflow/example_dags/tutorial.py for tasks to queue
[2024-07-12T11:21:31.742+0100] {logging_mixin.py:188} INFO - [2024-07-12T11:21:31.739+0100] {dagbag.py:545} INFO - Filling up the DagBag from /home/victor/airflow_env/lib/python3.10/site-packages/airflow/example_dags/tutorial.py
[2024-07-12T11:21:31.785+0100] {processor.py:840} INFO - DAG(s) 'tutorial' retrieved from /home/victor/airflow_env/lib/python3.10/site-packages/airflow/example_dags/tutorial.py
[2024-07-12T11:21:31.916+0100] {logging_mixin.py:188} INFO - [2024-07-12T11:21:31.915+0100] {dag.py:3096} INFO - Sync 1 DAGs
[2024-07-12T11:21:32.066+0100] {logging_mixin.py:188} INFO - [2024-07-12T11:21:32.065+0100] {dag.py:3954} INFO - Setting next_dagrun for tutorial to 2024-07-11 00:00:00+00:00, run_after=2024-07-12 00:00:00+00:00
[2024-07-12T11:21:32.563+0100] {processor.py:183} INFO - Processing /home/victor/airflow_env/lib/python3.10/site-packages/airflow/example_dags/tutorial.py took 0.879 seconds
[2024-07-12T11:23:04.366+0100] {processor.py:161} INFO - Started process (PID=20406) to work on /home/victor/airflow_env/lib/python3.10/site-packages/airflow/example_dags/tutorial.py
[2024-07-12T11:23:04.371+0100] {processor.py:830} INFO - Processing file /home/victor/airflow_env/lib/python3.10/site-packages/airflow/example_dags/tutorial.py for tasks to queue
[2024-07-12T11:23:04.379+0100] {logging_mixin.py:188} INFO - [2024-07-12T11:23:04.378+0100] {dagbag.py:545} INFO - Filling up the DagBag from /home/victor/airflow_env/lib/python3.10/site-packages/airflow/example_dags/tutorial.py
[2024-07-12T11:23:04.416+0100] {processor.py:840} INFO - DAG(s) 'tutorial' retrieved from /home/victor/airflow_env/lib/python3.10/site-packages/airflow/example_dags/tutorial.py
[2024-07-12T11:23:04.570+0100] {logging_mixin.py:188} INFO - [2024-07-12T11:23:04.569+0100] {dag.py:3096} INFO - Sync 1 DAGs
[2024-07-12T11:23:04.692+0100] {logging_mixin.py:188} INFO - [2024-07-12T11:23:04.691+0100] {dag.py:3954} INFO - Setting next_dagrun for tutorial to 2024-07-11 00:00:00+00:00, run_after=2024-07-12 00:00:00+00:00
[2024-07-12T11:23:05.046+0100] {processor.py:183} INFO - Processing /home/victor/airflow_env/lib/python3.10/site-packages/airflow/example_dags/tutorial.py took 0.724 seconds
[2024-07-12T11:24:40.777+0100] {processor.py:161} INFO - Started process (PID=20805) to work on /home/victor/airflow_env/lib/python3.10/site-packages/airflow/example_dags/tutorial.py
[2024-07-12T11:24:40.782+0100] {processor.py:830} INFO - Processing file /home/victor/airflow_env/lib/python3.10/site-packages/airflow/example_dags/tutorial.py for tasks to queue
[2024-07-12T11:24:40.791+0100] {logging_mixin.py:188} INFO - [2024-07-12T11:24:40.788+0100] {dagbag.py:545} INFO - Filling up the DagBag from /home/victor/airflow_env/lib/python3.10/site-packages/airflow/example_dags/tutorial.py
[2024-07-12T11:24:40.835+0100] {processor.py:840} INFO - DAG(s) 'tutorial' retrieved from /home/victor/airflow_env/lib/python3.10/site-packages/airflow/example_dags/tutorial.py
[2024-07-12T11:24:40.938+0100] {logging_mixin.py:188} INFO - [2024-07-12T11:24:40.937+0100] {dag.py:3096} INFO - Sync 1 DAGs
[2024-07-12T11:24:41.063+0100] {logging_mixin.py:188} INFO - [2024-07-12T11:24:41.062+0100] {dag.py:3954} INFO - Setting next_dagrun for tutorial to 2024-07-11 00:00:00+00:00, run_after=2024-07-12 00:00:00+00:00
[2024-07-12T11:24:41.395+0100] {processor.py:183} INFO - Processing /home/victor/airflow_env/lib/python3.10/site-packages/airflow/example_dags/tutorial.py took 0.657 seconds
[2024-07-12T11:26:30.149+0100] {processor.py:161} INFO - Started process (PID=21248) to work on /home/victor/airflow_env/lib/python3.10/site-packages/airflow/example_dags/tutorial.py
[2024-07-12T11:26:30.153+0100] {processor.py:830} INFO - Processing file /home/victor/airflow_env/lib/python3.10/site-packages/airflow/example_dags/tutorial.py for tasks to queue
[2024-07-12T11:26:30.163+0100] {logging_mixin.py:188} INFO - [2024-07-12T11:26:30.160+0100] {dagbag.py:545} INFO - Filling up the DagBag from /home/victor/airflow_env/lib/python3.10/site-packages/airflow/example_dags/tutorial.py
[2024-07-12T11:26:30.194+0100] {processor.py:840} INFO - DAG(s) 'tutorial' retrieved from /home/victor/airflow_env/lib/python3.10/site-packages/airflow/example_dags/tutorial.py
[2024-07-12T11:26:30.374+0100] {logging_mixin.py:188} INFO - [2024-07-12T11:26:30.373+0100] {dag.py:3096} INFO - Sync 1 DAGs
[2024-07-12T11:26:30.539+0100] {logging_mixin.py:188} INFO - [2024-07-12T11:26:30.538+0100] {dag.py:3954} INFO - Setting next_dagrun for tutorial to 2024-07-11 00:00:00+00:00, run_after=2024-07-12 00:00:00+00:00
[2024-07-12T11:26:30.878+0100] {processor.py:183} INFO - Processing /home/victor/airflow_env/lib/python3.10/site-packages/airflow/example_dags/tutorial.py took 0.759 seconds
[2024-07-12T11:28:00.498+0100] {processor.py:161} INFO - Started process (PID=21621) to work on /home/victor/airflow_env/lib/python3.10/site-packages/airflow/example_dags/tutorial.py
[2024-07-12T11:28:00.503+0100] {processor.py:830} INFO - Processing file /home/victor/airflow_env/lib/python3.10/site-packages/airflow/example_dags/tutorial.py for tasks to queue
[2024-07-12T11:28:00.511+0100] {logging_mixin.py:188} INFO - [2024-07-12T11:28:00.509+0100] {dagbag.py:545} INFO - Filling up the DagBag from /home/victor/airflow_env/lib/python3.10/site-packages/airflow/example_dags/tutorial.py
[2024-07-12T11:28:00.542+0100] {processor.py:840} INFO - DAG(s) 'tutorial' retrieved from /home/victor/airflow_env/lib/python3.10/site-packages/airflow/example_dags/tutorial.py
[2024-07-12T11:28:00.682+0100] {logging_mixin.py:188} INFO - [2024-07-12T11:28:00.681+0100] {dag.py:3096} INFO - Sync 1 DAGs
[2024-07-12T11:28:00.823+0100] {logging_mixin.py:188} INFO - [2024-07-12T11:28:00.822+0100] {dag.py:3954} INFO - Setting next_dagrun for tutorial to 2024-07-11 00:00:00+00:00, run_after=2024-07-12 00:00:00+00:00
[2024-07-12T11:28:01.159+0100] {processor.py:183} INFO - Processing /home/victor/airflow_env/lib/python3.10/site-packages/airflow/example_dags/tutorial.py took 0.691 seconds
[2024-07-12T11:29:36.167+0100] {processor.py:161} INFO - Started process (PID=22012) to work on /home/victor/airflow_env/lib/python3.10/site-packages/airflow/example_dags/tutorial.py
[2024-07-12T11:29:36.231+0100] {processor.py:830} INFO - Processing file /home/victor/airflow_env/lib/python3.10/site-packages/airflow/example_dags/tutorial.py for tasks to queue
[2024-07-12T11:29:36.251+0100] {logging_mixin.py:188} INFO - [2024-07-12T11:29:36.249+0100] {dagbag.py:545} INFO - Filling up the DagBag from /home/victor/airflow_env/lib/python3.10/site-packages/airflow/example_dags/tutorial.py
[2024-07-12T11:29:36.342+0100] {processor.py:840} INFO - DAG(s) 'tutorial' retrieved from /home/victor/airflow_env/lib/python3.10/site-packages/airflow/example_dags/tutorial.py
[2024-07-12T11:29:36.957+0100] {logging_mixin.py:188} INFO - [2024-07-12T11:29:36.956+0100] {dag.py:3096} INFO - Sync 1 DAGs
[2024-07-12T11:29:37.269+0100] {logging_mixin.py:188} INFO - [2024-07-12T11:29:37.268+0100] {dag.py:3954} INFO - Setting next_dagrun for tutorial to 2024-07-11 00:00:00+00:00, run_after=2024-07-12 00:00:00+00:00
[2024-07-12T11:29:38.644+0100] {processor.py:183} INFO - Processing /home/victor/airflow_env/lib/python3.10/site-packages/airflow/example_dags/tutorial.py took 2.558 seconds
[2024-07-12T11:32:09.170+0100] {processor.py:161} INFO - Started process (PID=22992) to work on /home/victor/airflow_env/lib/python3.10/site-packages/airflow/example_dags/tutorial.py
[2024-07-12T11:32:09.176+0100] {processor.py:830} INFO - Processing file /home/victor/airflow_env/lib/python3.10/site-packages/airflow/example_dags/tutorial.py for tasks to queue
[2024-07-12T11:32:09.184+0100] {logging_mixin.py:188} INFO - [2024-07-12T11:32:09.182+0100] {dagbag.py:545} INFO - Filling up the DagBag from /home/victor/airflow_env/lib/python3.10/site-packages/airflow/example_dags/tutorial.py
[2024-07-12T11:32:09.219+0100] {processor.py:840} INFO - DAG(s) 'tutorial' retrieved from /home/victor/airflow_env/lib/python3.10/site-packages/airflow/example_dags/tutorial.py
[2024-07-12T11:32:09.381+0100] {logging_mixin.py:188} INFO - [2024-07-12T11:32:09.380+0100] {dag.py:3096} INFO - Sync 1 DAGs
[2024-07-12T11:32:09.542+0100] {logging_mixin.py:188} INFO - [2024-07-12T11:32:09.540+0100] {dag.py:3954} INFO - Setting next_dagrun for tutorial to 2024-07-11 00:00:00+00:00, run_after=2024-07-12 00:00:00+00:00
[2024-07-12T11:32:09.918+0100] {processor.py:183} INFO - Processing /home/victor/airflow_env/lib/python3.10/site-packages/airflow/example_dags/tutorial.py took 0.778 seconds
[2024-07-12T11:34:14.175+0100] {processor.py:161} INFO - Started process (PID=23528) to work on /home/victor/airflow_env/lib/python3.10/site-packages/airflow/example_dags/tutorial.py
[2024-07-12T11:34:14.181+0100] {processor.py:830} INFO - Processing file /home/victor/airflow_env/lib/python3.10/site-packages/airflow/example_dags/tutorial.py for tasks to queue
[2024-07-12T11:34:14.189+0100] {logging_mixin.py:188} INFO - [2024-07-12T11:34:14.188+0100] {dagbag.py:545} INFO - Filling up the DagBag from /home/victor/airflow_env/lib/python3.10/site-packages/airflow/example_dags/tutorial.py
[2024-07-12T11:34:14.219+0100] {processor.py:840} INFO - DAG(s) 'tutorial' retrieved from /home/victor/airflow_env/lib/python3.10/site-packages/airflow/example_dags/tutorial.py
[2024-07-12T11:34:14.330+0100] {logging_mixin.py:188} INFO - [2024-07-12T11:34:14.329+0100] {dag.py:3096} INFO - Sync 1 DAGs
[2024-07-12T11:34:14.461+0100] {logging_mixin.py:188} INFO - [2024-07-12T11:34:14.459+0100] {dag.py:3954} INFO - Setting next_dagrun for tutorial to 2024-07-11 00:00:00+00:00, run_after=2024-07-12 00:00:00+00:00
[2024-07-12T11:34:14.743+0100] {processor.py:183} INFO - Processing /home/victor/airflow_env/lib/python3.10/site-packages/airflow/example_dags/tutorial.py took 0.598 seconds
[2024-07-12T11:36:07.987+0100] {processor.py:161} INFO - Started process (PID=23989) to work on /home/victor/airflow_env/lib/python3.10/site-packages/airflow/example_dags/tutorial.py
[2024-07-12T11:36:07.992+0100] {processor.py:830} INFO - Processing file /home/victor/airflow_env/lib/python3.10/site-packages/airflow/example_dags/tutorial.py for tasks to queue
[2024-07-12T11:36:08.002+0100] {logging_mixin.py:188} INFO - [2024-07-12T11:36:08.000+0100] {dagbag.py:545} INFO - Filling up the DagBag from /home/victor/airflow_env/lib/python3.10/site-packages/airflow/example_dags/tutorial.py
[2024-07-12T11:36:08.034+0100] {processor.py:840} INFO - DAG(s) 'tutorial' retrieved from /home/victor/airflow_env/lib/python3.10/site-packages/airflow/example_dags/tutorial.py
[2024-07-12T11:36:08.148+0100] {logging_mixin.py:188} INFO - [2024-07-12T11:36:08.147+0100] {dag.py:3096} INFO - Sync 1 DAGs
[2024-07-12T11:36:08.268+0100] {logging_mixin.py:188} INFO - [2024-07-12T11:36:08.267+0100] {dag.py:3954} INFO - Setting next_dagrun for tutorial to 2024-07-11 00:00:00+00:00, run_after=2024-07-12 00:00:00+00:00
[2024-07-12T11:36:08.551+0100] {processor.py:183} INFO - Processing /home/victor/airflow_env/lib/python3.10/site-packages/airflow/example_dags/tutorial.py took 0.641 seconds
[2024-07-12T11:37:41.200+0100] {processor.py:161} INFO - Started process (PID=24412) to work on /home/victor/airflow_env/lib/python3.10/site-packages/airflow/example_dags/tutorial.py
[2024-07-12T11:37:41.205+0100] {processor.py:830} INFO - Processing file /home/victor/airflow_env/lib/python3.10/site-packages/airflow/example_dags/tutorial.py for tasks to queue
[2024-07-12T11:37:41.213+0100] {logging_mixin.py:188} INFO - [2024-07-12T11:37:41.212+0100] {dagbag.py:545} INFO - Filling up the DagBag from /home/victor/airflow_env/lib/python3.10/site-packages/airflow/example_dags/tutorial.py
[2024-07-12T11:37:41.245+0100] {processor.py:840} INFO - DAG(s) 'tutorial' retrieved from /home/victor/airflow_env/lib/python3.10/site-packages/airflow/example_dags/tutorial.py
[2024-07-12T11:37:41.462+0100] {logging_mixin.py:188} INFO - [2024-07-12T11:37:41.461+0100] {dag.py:3096} INFO - Sync 1 DAGs
[2024-07-12T11:37:41.660+0100] {logging_mixin.py:188} INFO - [2024-07-12T11:37:41.655+0100] {dag.py:3954} INFO - Setting next_dagrun for tutorial to 2024-07-11 00:00:00+00:00, run_after=2024-07-12 00:00:00+00:00
[2024-07-12T11:37:42.047+0100] {processor.py:183} INFO - Processing /home/victor/airflow_env/lib/python3.10/site-packages/airflow/example_dags/tutorial.py took 0.886 seconds
[2024-07-12T11:39:05.961+0100] {processor.py:161} INFO - Started process (PID=24759) to work on /home/victor/airflow_env/lib/python3.10/site-packages/airflow/example_dags/tutorial.py
[2024-07-12T11:39:05.966+0100] {processor.py:830} INFO - Processing file /home/victor/airflow_env/lib/python3.10/site-packages/airflow/example_dags/tutorial.py for tasks to queue
[2024-07-12T11:39:05.975+0100] {logging_mixin.py:188} INFO - [2024-07-12T11:39:05.973+0100] {dagbag.py:545} INFO - Filling up the DagBag from /home/victor/airflow_env/lib/python3.10/site-packages/airflow/example_dags/tutorial.py
[2024-07-12T11:39:06.016+0100] {processor.py:840} INFO - DAG(s) 'tutorial' retrieved from /home/victor/airflow_env/lib/python3.10/site-packages/airflow/example_dags/tutorial.py
[2024-07-12T11:39:06.138+0100] {logging_mixin.py:188} INFO - [2024-07-12T11:39:06.136+0100] {dag.py:3096} INFO - Sync 1 DAGs
[2024-07-12T11:39:06.298+0100] {logging_mixin.py:188} INFO - [2024-07-12T11:39:06.297+0100] {dag.py:3954} INFO - Setting next_dagrun for tutorial to 2024-07-11 00:00:00+00:00, run_after=2024-07-12 00:00:00+00:00
[2024-07-12T11:39:06.649+0100] {processor.py:183} INFO - Processing /home/victor/airflow_env/lib/python3.10/site-packages/airflow/example_dags/tutorial.py took 0.736 seconds
[2024-07-12T11:40:37.951+0100] {processor.py:161} INFO - Started process (PID=25135) to work on /home/victor/airflow_env/lib/python3.10/site-packages/airflow/example_dags/tutorial.py
[2024-07-12T11:40:37.956+0100] {processor.py:830} INFO - Processing file /home/victor/airflow_env/lib/python3.10/site-packages/airflow/example_dags/tutorial.py for tasks to queue
[2024-07-12T11:40:37.964+0100] {logging_mixin.py:188} INFO - [2024-07-12T11:40:37.962+0100] {dagbag.py:545} INFO - Filling up the DagBag from /home/victor/airflow_env/lib/python3.10/site-packages/airflow/example_dags/tutorial.py
[2024-07-12T11:40:37.996+0100] {processor.py:840} INFO - DAG(s) 'tutorial' retrieved from /home/victor/airflow_env/lib/python3.10/site-packages/airflow/example_dags/tutorial.py
[2024-07-12T11:40:38.177+0100] {logging_mixin.py:188} INFO - [2024-07-12T11:40:38.176+0100] {dag.py:3096} INFO - Sync 1 DAGs
[2024-07-12T11:40:38.329+0100] {logging_mixin.py:188} INFO - [2024-07-12T11:40:38.328+0100] {dag.py:3954} INFO - Setting next_dagrun for tutorial to 2024-07-11 00:00:00+00:00, run_after=2024-07-12 00:00:00+00:00
[2024-07-12T11:40:38.745+0100] {processor.py:183} INFO - Processing /home/victor/airflow_env/lib/python3.10/site-packages/airflow/example_dags/tutorial.py took 0.825 seconds
[2024-07-12T11:42:04.512+0100] {processor.py:161} INFO - Started process (PID=25490) to work on /home/victor/airflow_env/lib/python3.10/site-packages/airflow/example_dags/tutorial.py
[2024-07-12T11:42:04.517+0100] {processor.py:830} INFO - Processing file /home/victor/airflow_env/lib/python3.10/site-packages/airflow/example_dags/tutorial.py for tasks to queue
[2024-07-12T11:42:04.525+0100] {logging_mixin.py:188} INFO - [2024-07-12T11:42:04.523+0100] {dagbag.py:545} INFO - Filling up the DagBag from /home/victor/airflow_env/lib/python3.10/site-packages/airflow/example_dags/tutorial.py
[2024-07-12T11:42:04.553+0100] {processor.py:840} INFO - DAG(s) 'tutorial' retrieved from /home/victor/airflow_env/lib/python3.10/site-packages/airflow/example_dags/tutorial.py
[2024-07-12T11:42:04.658+0100] {logging_mixin.py:188} INFO - [2024-07-12T11:42:04.657+0100] {dag.py:3096} INFO - Sync 1 DAGs
[2024-07-12T11:42:04.838+0100] {logging_mixin.py:188} INFO - [2024-07-12T11:42:04.836+0100] {dag.py:3954} INFO - Setting next_dagrun for tutorial to 2024-07-11 00:00:00+00:00, run_after=2024-07-12 00:00:00+00:00
[2024-07-12T11:42:05.228+0100] {processor.py:183} INFO - Processing /home/victor/airflow_env/lib/python3.10/site-packages/airflow/example_dags/tutorial.py took 0.746 seconds
[2024-07-12T11:43:35.217+0100] {processor.py:161} INFO - Started process (PID=25862) to work on /home/victor/airflow_env/lib/python3.10/site-packages/airflow/example_dags/tutorial.py
[2024-07-12T11:43:35.221+0100] {processor.py:830} INFO - Processing file /home/victor/airflow_env/lib/python3.10/site-packages/airflow/example_dags/tutorial.py for tasks to queue
[2024-07-12T11:43:35.229+0100] {logging_mixin.py:188} INFO - [2024-07-12T11:43:35.227+0100] {dagbag.py:545} INFO - Filling up the DagBag from /home/victor/airflow_env/lib/python3.10/site-packages/airflow/example_dags/tutorial.py
[2024-07-12T11:43:35.261+0100] {processor.py:840} INFO - DAG(s) 'tutorial' retrieved from /home/victor/airflow_env/lib/python3.10/site-packages/airflow/example_dags/tutorial.py
[2024-07-12T11:43:35.382+0100] {logging_mixin.py:188} INFO - [2024-07-12T11:43:35.381+0100] {dag.py:3096} INFO - Sync 1 DAGs
[2024-07-12T11:43:35.509+0100] {logging_mixin.py:188} INFO - [2024-07-12T11:43:35.508+0100] {dag.py:3954} INFO - Setting next_dagrun for tutorial to 2024-07-11 00:00:00+00:00, run_after=2024-07-12 00:00:00+00:00
[2024-07-12T11:43:35.856+0100] {processor.py:183} INFO - Processing /home/victor/airflow_env/lib/python3.10/site-packages/airflow/example_dags/tutorial.py took 0.670 seconds
[2024-07-12T11:44:58.816+0100] {processor.py:161} INFO - Started process (PID=26211) to work on /home/victor/airflow_env/lib/python3.10/site-packages/airflow/example_dags/tutorial.py
[2024-07-12T11:44:58.820+0100] {processor.py:830} INFO - Processing file /home/victor/airflow_env/lib/python3.10/site-packages/airflow/example_dags/tutorial.py for tasks to queue
[2024-07-12T11:44:58.831+0100] {logging_mixin.py:188} INFO - [2024-07-12T11:44:58.829+0100] {dagbag.py:545} INFO - Filling up the DagBag from /home/victor/airflow_env/lib/python3.10/site-packages/airflow/example_dags/tutorial.py
[2024-07-12T11:44:58.873+0100] {processor.py:840} INFO - DAG(s) 'tutorial' retrieved from /home/victor/airflow_env/lib/python3.10/site-packages/airflow/example_dags/tutorial.py
[2024-07-12T11:44:59.018+0100] {logging_mixin.py:188} INFO - [2024-07-12T11:44:59.017+0100] {dag.py:3096} INFO - Sync 1 DAGs
[2024-07-12T11:44:59.162+0100] {logging_mixin.py:188} INFO - [2024-07-12T11:44:59.160+0100] {dag.py:3954} INFO - Setting next_dagrun for tutorial to 2024-07-11 00:00:00+00:00, run_after=2024-07-12 00:00:00+00:00
[2024-07-12T11:44:59.466+0100] {processor.py:183} INFO - Processing /home/victor/airflow_env/lib/python3.10/site-packages/airflow/example_dags/tutorial.py took 0.694 seconds
[2024-07-12T11:46:20.557+0100] {processor.py:161} INFO - Started process (PID=26549) to work on /home/victor/airflow_env/lib/python3.10/site-packages/airflow/example_dags/tutorial.py
[2024-07-12T11:46:20.563+0100] {processor.py:830} INFO - Processing file /home/victor/airflow_env/lib/python3.10/site-packages/airflow/example_dags/tutorial.py for tasks to queue
[2024-07-12T11:46:20.571+0100] {logging_mixin.py:188} INFO - [2024-07-12T11:46:20.569+0100] {dagbag.py:545} INFO - Filling up the DagBag from /home/victor/airflow_env/lib/python3.10/site-packages/airflow/example_dags/tutorial.py
[2024-07-12T11:46:20.601+0100] {processor.py:840} INFO - DAG(s) 'tutorial' retrieved from /home/victor/airflow_env/lib/python3.10/site-packages/airflow/example_dags/tutorial.py
[2024-07-12T11:46:20.728+0100] {logging_mixin.py:188} INFO - [2024-07-12T11:46:20.727+0100] {dag.py:3096} INFO - Sync 1 DAGs
[2024-07-12T11:46:20.858+0100] {logging_mixin.py:188} INFO - [2024-07-12T11:46:20.856+0100] {dag.py:3954} INFO - Setting next_dagrun for tutorial to 2024-07-11 00:00:00+00:00, run_after=2024-07-12 00:00:00+00:00
[2024-07-12T11:46:21.188+0100] {processor.py:183} INFO - Processing /home/victor/airflow_env/lib/python3.10/site-packages/airflow/example_dags/tutorial.py took 0.661 seconds
[2024-07-12T11:47:40.047+0100] {processor.py:161} INFO - Started process (PID=26883) to work on /home/victor/airflow_env/lib/python3.10/site-packages/airflow/example_dags/tutorial.py
[2024-07-12T11:47:40.052+0100] {processor.py:830} INFO - Processing file /home/victor/airflow_env/lib/python3.10/site-packages/airflow/example_dags/tutorial.py for tasks to queue
[2024-07-12T11:47:40.059+0100] {logging_mixin.py:188} INFO - [2024-07-12T11:47:40.058+0100] {dagbag.py:545} INFO - Filling up the DagBag from /home/victor/airflow_env/lib/python3.10/site-packages/airflow/example_dags/tutorial.py
[2024-07-12T11:47:40.088+0100] {processor.py:840} INFO - DAG(s) 'tutorial' retrieved from /home/victor/airflow_env/lib/python3.10/site-packages/airflow/example_dags/tutorial.py
[2024-07-12T11:47:40.196+0100] {logging_mixin.py:188} INFO - [2024-07-12T11:47:40.195+0100] {dag.py:3096} INFO - Sync 1 DAGs
[2024-07-12T11:47:40.311+0100] {logging_mixin.py:188} INFO - [2024-07-12T11:47:40.310+0100] {dag.py:3954} INFO - Setting next_dagrun for tutorial to 2024-07-11 00:00:00+00:00, run_after=2024-07-12 00:00:00+00:00
[2024-07-12T11:47:40.646+0100] {processor.py:183} INFO - Processing /home/victor/airflow_env/lib/python3.10/site-packages/airflow/example_dags/tutorial.py took 0.630 seconds
[2024-07-12T11:49:24.569+0100] {processor.py:161} INFO - Started process (PID=27307) to work on /home/victor/airflow_env/lib/python3.10/site-packages/airflow/example_dags/tutorial.py
[2024-07-12T11:49:24.583+0100] {processor.py:830} INFO - Processing file /home/victor/airflow_env/lib/python3.10/site-packages/airflow/example_dags/tutorial.py for tasks to queue
[2024-07-12T11:49:24.593+0100] {logging_mixin.py:188} INFO - [2024-07-12T11:49:24.589+0100] {dagbag.py:545} INFO - Filling up the DagBag from /home/victor/airflow_env/lib/python3.10/site-packages/airflow/example_dags/tutorial.py
[2024-07-12T11:49:24.638+0100] {processor.py:840} INFO - DAG(s) 'tutorial' retrieved from /home/victor/airflow_env/lib/python3.10/site-packages/airflow/example_dags/tutorial.py
[2024-07-12T11:49:24.874+0100] {logging_mixin.py:188} INFO - [2024-07-12T11:49:24.873+0100] {dag.py:3096} INFO - Sync 1 DAGs
[2024-07-12T11:49:25.033+0100] {logging_mixin.py:188} INFO - [2024-07-12T11:49:25.033+0100] {dag.py:3954} INFO - Setting next_dagrun for tutorial to 2024-07-11 00:00:00+00:00, run_after=2024-07-12 00:00:00+00:00
[2024-07-12T11:49:25.381+0100] {processor.py:183} INFO - Processing /home/victor/airflow_env/lib/python3.10/site-packages/airflow/example_dags/tutorial.py took 0.866 seconds
[2024-07-12T11:50:55.295+0100] {processor.py:161} INFO - Started process (PID=27683) to work on /home/victor/airflow_env/lib/python3.10/site-packages/airflow/example_dags/tutorial.py
[2024-07-12T11:50:55.299+0100] {processor.py:830} INFO - Processing file /home/victor/airflow_env/lib/python3.10/site-packages/airflow/example_dags/tutorial.py for tasks to queue
[2024-07-12T11:50:55.307+0100] {logging_mixin.py:188} INFO - [2024-07-12T11:50:55.306+0100] {dagbag.py:545} INFO - Filling up the DagBag from /home/victor/airflow_env/lib/python3.10/site-packages/airflow/example_dags/tutorial.py
[2024-07-12T11:50:55.337+0100] {processor.py:840} INFO - DAG(s) 'tutorial' retrieved from /home/victor/airflow_env/lib/python3.10/site-packages/airflow/example_dags/tutorial.py
[2024-07-12T11:50:55.433+0100] {logging_mixin.py:188} INFO - [2024-07-12T11:50:55.432+0100] {dag.py:3096} INFO - Sync 1 DAGs
[2024-07-12T11:50:55.547+0100] {logging_mixin.py:188} INFO - [2024-07-12T11:50:55.546+0100] {dag.py:3954} INFO - Setting next_dagrun for tutorial to 2024-07-11 00:00:00+00:00, run_after=2024-07-12 00:00:00+00:00
[2024-07-12T11:50:55.828+0100] {processor.py:183} INFO - Processing /home/victor/airflow_env/lib/python3.10/site-packages/airflow/example_dags/tutorial.py took 0.561 seconds
[2024-07-12T11:52:16.367+0100] {processor.py:161} INFO - Started process (PID=28017) to work on /home/victor/airflow_env/lib/python3.10/site-packages/airflow/example_dags/tutorial.py
[2024-07-12T11:52:16.373+0100] {processor.py:830} INFO - Processing file /home/victor/airflow_env/lib/python3.10/site-packages/airflow/example_dags/tutorial.py for tasks to queue
[2024-07-12T11:52:16.385+0100] {logging_mixin.py:188} INFO - [2024-07-12T11:52:16.381+0100] {dagbag.py:545} INFO - Filling up the DagBag from /home/victor/airflow_env/lib/python3.10/site-packages/airflow/example_dags/tutorial.py
[2024-07-12T11:52:16.416+0100] {processor.py:840} INFO - DAG(s) 'tutorial' retrieved from /home/victor/airflow_env/lib/python3.10/site-packages/airflow/example_dags/tutorial.py
[2024-07-12T11:52:16.531+0100] {logging_mixin.py:188} INFO - [2024-07-12T11:52:16.530+0100] {dag.py:3096} INFO - Sync 1 DAGs
[2024-07-12T11:52:16.653+0100] {logging_mixin.py:188} INFO - [2024-07-12T11:52:16.652+0100] {dag.py:3954} INFO - Setting next_dagrun for tutorial to 2024-07-11 00:00:00+00:00, run_after=2024-07-12 00:00:00+00:00
[2024-07-12T11:52:16.997+0100] {processor.py:183} INFO - Processing /home/victor/airflow_env/lib/python3.10/site-packages/airflow/example_dags/tutorial.py took 0.660 seconds
[2024-07-12T11:53:36.017+0100] {processor.py:161} INFO - Started process (PID=28349) to work on /home/victor/airflow_env/lib/python3.10/site-packages/airflow/example_dags/tutorial.py
[2024-07-12T11:53:36.021+0100] {processor.py:830} INFO - Processing file /home/victor/airflow_env/lib/python3.10/site-packages/airflow/example_dags/tutorial.py for tasks to queue
[2024-07-12T11:53:36.029+0100] {logging_mixin.py:188} INFO - [2024-07-12T11:53:36.027+0100] {dagbag.py:545} INFO - Filling up the DagBag from /home/victor/airflow_env/lib/python3.10/site-packages/airflow/example_dags/tutorial.py
[2024-07-12T11:53:36.057+0100] {processor.py:840} INFO - DAG(s) 'tutorial' retrieved from /home/victor/airflow_env/lib/python3.10/site-packages/airflow/example_dags/tutorial.py
[2024-07-12T11:53:36.167+0100] {logging_mixin.py:188} INFO - [2024-07-12T11:53:36.166+0100] {dag.py:3096} INFO - Sync 1 DAGs
[2024-07-12T11:53:36.316+0100] {logging_mixin.py:188} INFO - [2024-07-12T11:53:36.315+0100] {dag.py:3954} INFO - Setting next_dagrun for tutorial to 2024-07-11 00:00:00+00:00, run_after=2024-07-12 00:00:00+00:00
[2024-07-12T11:53:36.653+0100] {processor.py:183} INFO - Processing /home/victor/airflow_env/lib/python3.10/site-packages/airflow/example_dags/tutorial.py took 0.667 seconds
[2024-07-12T11:54:56.391+0100] {processor.py:161} INFO - Started process (PID=28681) to work on /home/victor/airflow_env/lib/python3.10/site-packages/airflow/example_dags/tutorial.py
[2024-07-12T11:54:56.396+0100] {processor.py:830} INFO - Processing file /home/victor/airflow_env/lib/python3.10/site-packages/airflow/example_dags/tutorial.py for tasks to queue
[2024-07-12T11:54:56.404+0100] {logging_mixin.py:188} INFO - [2024-07-12T11:54:56.402+0100] {dagbag.py:545} INFO - Filling up the DagBag from /home/victor/airflow_env/lib/python3.10/site-packages/airflow/example_dags/tutorial.py
[2024-07-12T11:54:56.434+0100] {processor.py:840} INFO - DAG(s) 'tutorial' retrieved from /home/victor/airflow_env/lib/python3.10/site-packages/airflow/example_dags/tutorial.py
[2024-07-12T11:54:56.559+0100] {logging_mixin.py:188} INFO - [2024-07-12T11:54:56.558+0100] {dag.py:3096} INFO - Sync 1 DAGs
[2024-07-12T11:54:56.694+0100] {logging_mixin.py:188} INFO - [2024-07-12T11:54:56.693+0100] {dag.py:3954} INFO - Setting next_dagrun for tutorial to 2024-07-11 00:00:00+00:00, run_after=2024-07-12 00:00:00+00:00
[2024-07-12T11:54:56.990+0100] {processor.py:183} INFO - Processing /home/victor/airflow_env/lib/python3.10/site-packages/airflow/example_dags/tutorial.py took 0.636 seconds
[2024-07-12T11:56:20.772+0100] {processor.py:161} INFO - Started process (PID=29028) to work on /home/victor/airflow_env/lib/python3.10/site-packages/airflow/example_dags/tutorial.py
[2024-07-12T11:56:20.777+0100] {processor.py:830} INFO - Processing file /home/victor/airflow_env/lib/python3.10/site-packages/airflow/example_dags/tutorial.py for tasks to queue
[2024-07-12T11:56:20.787+0100] {logging_mixin.py:188} INFO - [2024-07-12T11:56:20.785+0100] {dagbag.py:545} INFO - Filling up the DagBag from /home/victor/airflow_env/lib/python3.10/site-packages/airflow/example_dags/tutorial.py
[2024-07-12T11:56:20.819+0100] {processor.py:840} INFO - DAG(s) 'tutorial' retrieved from /home/victor/airflow_env/lib/python3.10/site-packages/airflow/example_dags/tutorial.py
[2024-07-12T11:56:20.979+0100] {logging_mixin.py:188} INFO - [2024-07-12T11:56:20.978+0100] {dag.py:3096} INFO - Sync 1 DAGs
[2024-07-12T11:56:21.133+0100] {logging_mixin.py:188} INFO - [2024-07-12T11:56:21.131+0100] {dag.py:3954} INFO - Setting next_dagrun for tutorial to 2024-07-11 00:00:00+00:00, run_after=2024-07-12 00:00:00+00:00
[2024-07-12T11:56:21.485+0100] {processor.py:183} INFO - Processing /home/victor/airflow_env/lib/python3.10/site-packages/airflow/example_dags/tutorial.py took 0.746 seconds
[2024-07-12T11:57:50.499+0100] {processor.py:161} INFO - Started process (PID=29391) to work on /home/victor/airflow_env/lib/python3.10/site-packages/airflow/example_dags/tutorial.py
[2024-07-12T11:57:50.516+0100] {processor.py:830} INFO - Processing file /home/victor/airflow_env/lib/python3.10/site-packages/airflow/example_dags/tutorial.py for tasks to queue
[2024-07-12T11:57:50.549+0100] {logging_mixin.py:188} INFO - [2024-07-12T11:57:50.547+0100] {dagbag.py:545} INFO - Filling up the DagBag from /home/victor/airflow_env/lib/python3.10/site-packages/airflow/example_dags/tutorial.py
[2024-07-12T11:57:50.582+0100] {processor.py:840} INFO - DAG(s) 'tutorial' retrieved from /home/victor/airflow_env/lib/python3.10/site-packages/airflow/example_dags/tutorial.py
[2024-07-12T11:57:50.840+0100] {logging_mixin.py:188} INFO - [2024-07-12T11:57:50.839+0100] {dag.py:3096} INFO - Sync 1 DAGs
[2024-07-12T11:57:50.996+0100] {logging_mixin.py:188} INFO - [2024-07-12T11:57:50.995+0100] {dag.py:3954} INFO - Setting next_dagrun for tutorial to 2024-07-11 00:00:00+00:00, run_after=2024-07-12 00:00:00+00:00
[2024-07-12T11:57:51.316+0100] {processor.py:183} INFO - Processing /home/victor/airflow_env/lib/python3.10/site-packages/airflow/example_dags/tutorial.py took 0.858 seconds
[2024-07-12T11:59:09.633+0100] {processor.py:161} INFO - Started process (PID=29722) to work on /home/victor/airflow_env/lib/python3.10/site-packages/airflow/example_dags/tutorial.py
[2024-07-12T11:59:09.638+0100] {processor.py:830} INFO - Processing file /home/victor/airflow_env/lib/python3.10/site-packages/airflow/example_dags/tutorial.py for tasks to queue
[2024-07-12T11:59:09.647+0100] {logging_mixin.py:188} INFO - [2024-07-12T11:59:09.645+0100] {dagbag.py:545} INFO - Filling up the DagBag from /home/victor/airflow_env/lib/python3.10/site-packages/airflow/example_dags/tutorial.py
[2024-07-12T11:59:09.698+0100] {processor.py:840} INFO - DAG(s) 'tutorial' retrieved from /home/victor/airflow_env/lib/python3.10/site-packages/airflow/example_dags/tutorial.py
[2024-07-12T11:59:09.810+0100] {logging_mixin.py:188} INFO - [2024-07-12T11:59:09.809+0100] {dag.py:3096} INFO - Sync 1 DAGs
[2024-07-12T11:59:09.966+0100] {logging_mixin.py:188} INFO - [2024-07-12T11:59:09.965+0100] {dag.py:3954} INFO - Setting next_dagrun for tutorial to 2024-07-11 00:00:00+00:00, run_after=2024-07-12 00:00:00+00:00
[2024-07-12T11:59:10.310+0100] {processor.py:183} INFO - Processing /home/victor/airflow_env/lib/python3.10/site-packages/airflow/example_dags/tutorial.py took 0.708 seconds
[2024-07-12T12:00:29.609+0100] {processor.py:161} INFO - Started process (PID=30053) to work on /home/victor/airflow_env/lib/python3.10/site-packages/airflow/example_dags/tutorial.py
[2024-07-12T12:00:29.618+0100] {processor.py:830} INFO - Processing file /home/victor/airflow_env/lib/python3.10/site-packages/airflow/example_dags/tutorial.py for tasks to queue
[2024-07-12T12:00:29.629+0100] {logging_mixin.py:188} INFO - [2024-07-12T12:00:29.627+0100] {dagbag.py:545} INFO - Filling up the DagBag from /home/victor/airflow_env/lib/python3.10/site-packages/airflow/example_dags/tutorial.py
[2024-07-12T12:00:29.676+0100] {processor.py:840} INFO - DAG(s) 'tutorial' retrieved from /home/victor/airflow_env/lib/python3.10/site-packages/airflow/example_dags/tutorial.py
[2024-07-12T12:00:29.871+0100] {logging_mixin.py:188} INFO - [2024-07-12T12:00:29.870+0100] {dag.py:3096} INFO - Sync 1 DAGs
[2024-07-12T12:00:30.134+0100] {logging_mixin.py:188} INFO - [2024-07-12T12:00:30.132+0100] {dag.py:3954} INFO - Setting next_dagrun for tutorial to 2024-07-11 00:00:00+00:00, run_after=2024-07-12 00:00:00+00:00
[2024-07-12T12:00:30.673+0100] {processor.py:183} INFO - Processing /home/victor/airflow_env/lib/python3.10/site-packages/airflow/example_dags/tutorial.py took 1.109 seconds
[2024-07-12T12:02:11.973+0100] {processor.py:161} INFO - Started process (PID=30464) to work on /home/victor/airflow_env/lib/python3.10/site-packages/airflow/example_dags/tutorial.py
[2024-07-12T12:02:11.978+0100] {processor.py:830} INFO - Processing file /home/victor/airflow_env/lib/python3.10/site-packages/airflow/example_dags/tutorial.py for tasks to queue
[2024-07-12T12:02:11.985+0100] {logging_mixin.py:188} INFO - [2024-07-12T12:02:11.984+0100] {dagbag.py:545} INFO - Filling up the DagBag from /home/victor/airflow_env/lib/python3.10/site-packages/airflow/example_dags/tutorial.py
[2024-07-12T12:02:12.015+0100] {processor.py:840} INFO - DAG(s) 'tutorial' retrieved from /home/victor/airflow_env/lib/python3.10/site-packages/airflow/example_dags/tutorial.py
[2024-07-12T12:02:12.129+0100] {logging_mixin.py:188} INFO - [2024-07-12T12:02:12.128+0100] {dag.py:3096} INFO - Sync 1 DAGs
[2024-07-12T12:02:12.244+0100] {logging_mixin.py:188} INFO - [2024-07-12T12:02:12.243+0100] {dag.py:3954} INFO - Setting next_dagrun for tutorial to 2024-07-11 00:00:00+00:00, run_after=2024-07-12 00:00:00+00:00
[2024-07-12T12:02:12.543+0100] {processor.py:183} INFO - Processing /home/victor/airflow_env/lib/python3.10/site-packages/airflow/example_dags/tutorial.py took 0.601 seconds
[2024-07-12T12:03:45.009+0100] {processor.py:161} INFO - Started process (PID=30844) to work on /home/victor/airflow_env/lib/python3.10/site-packages/airflow/example_dags/tutorial.py
[2024-07-12T12:03:45.015+0100] {processor.py:830} INFO - Processing file /home/victor/airflow_env/lib/python3.10/site-packages/airflow/example_dags/tutorial.py for tasks to queue
[2024-07-12T12:03:45.024+0100] {logging_mixin.py:188} INFO - [2024-07-12T12:03:45.022+0100] {dagbag.py:545} INFO - Filling up the DagBag from /home/victor/airflow_env/lib/python3.10/site-packages/airflow/example_dags/tutorial.py
[2024-07-12T12:03:45.062+0100] {processor.py:840} INFO - DAG(s) 'tutorial' retrieved from /home/victor/airflow_env/lib/python3.10/site-packages/airflow/example_dags/tutorial.py
[2024-07-12T12:03:45.183+0100] {logging_mixin.py:188} INFO - [2024-07-12T12:03:45.182+0100] {dag.py:3096} INFO - Sync 1 DAGs
[2024-07-12T12:03:45.299+0100] {logging_mixin.py:188} INFO - [2024-07-12T12:03:45.298+0100] {dag.py:3954} INFO - Setting next_dagrun for tutorial to 2024-07-11 00:00:00+00:00, run_after=2024-07-12 00:00:00+00:00
[2024-07-12T12:03:45.703+0100] {processor.py:183} INFO - Processing /home/victor/airflow_env/lib/python3.10/site-packages/airflow/example_dags/tutorial.py took 0.761 seconds
[2024-07-12T12:05:21.517+0100] {processor.py:161} INFO - Started process (PID=31236) to work on /home/victor/airflow_env/lib/python3.10/site-packages/airflow/example_dags/tutorial.py
[2024-07-12T12:05:21.522+0100] {processor.py:830} INFO - Processing file /home/victor/airflow_env/lib/python3.10/site-packages/airflow/example_dags/tutorial.py for tasks to queue
[2024-07-12T12:05:21.531+0100] {logging_mixin.py:188} INFO - [2024-07-12T12:05:21.530+0100] {dagbag.py:545} INFO - Filling up the DagBag from /home/victor/airflow_env/lib/python3.10/site-packages/airflow/example_dags/tutorial.py
[2024-07-12T12:05:21.571+0100] {processor.py:840} INFO - DAG(s) 'tutorial' retrieved from /home/victor/airflow_env/lib/python3.10/site-packages/airflow/example_dags/tutorial.py
[2024-07-12T12:05:21.666+0100] {logging_mixin.py:188} INFO - [2024-07-12T12:05:21.665+0100] {dag.py:3096} INFO - Sync 1 DAGs
[2024-07-12T12:05:21.787+0100] {logging_mixin.py:188} INFO - [2024-07-12T12:05:21.786+0100] {dag.py:3954} INFO - Setting next_dagrun for tutorial to 2024-07-11 00:00:00+00:00, run_after=2024-07-12 00:00:00+00:00
[2024-07-12T12:05:22.142+0100] {processor.py:183} INFO - Processing /home/victor/airflow_env/lib/python3.10/site-packages/airflow/example_dags/tutorial.py took 0.668 seconds
[2024-07-12T12:06:45.080+0100] {processor.py:161} INFO - Started process (PID=31581) to work on /home/victor/airflow_env/lib/python3.10/site-packages/airflow/example_dags/tutorial.py
[2024-07-12T12:06:45.085+0100] {processor.py:830} INFO - Processing file /home/victor/airflow_env/lib/python3.10/site-packages/airflow/example_dags/tutorial.py for tasks to queue
[2024-07-12T12:06:45.093+0100] {logging_mixin.py:188} INFO - [2024-07-12T12:06:45.091+0100] {dagbag.py:545} INFO - Filling up the DagBag from /home/victor/airflow_env/lib/python3.10/site-packages/airflow/example_dags/tutorial.py
[2024-07-12T12:06:45.124+0100] {processor.py:840} INFO - DAG(s) 'tutorial' retrieved from /home/victor/airflow_env/lib/python3.10/site-packages/airflow/example_dags/tutorial.py
[2024-07-12T12:06:45.237+0100] {logging_mixin.py:188} INFO - [2024-07-12T12:06:45.236+0100] {dag.py:3096} INFO - Sync 1 DAGs
[2024-07-12T12:06:45.353+0100] {logging_mixin.py:188} INFO - [2024-07-12T12:06:45.352+0100] {dag.py:3954} INFO - Setting next_dagrun for tutorial to 2024-07-11 00:00:00+00:00, run_after=2024-07-12 00:00:00+00:00
[2024-07-12T12:06:45.649+0100] {processor.py:183} INFO - Processing /home/victor/airflow_env/lib/python3.10/site-packages/airflow/example_dags/tutorial.py took 0.598 seconds
[2024-07-12T12:08:09.015+0100] {processor.py:161} INFO - Started process (PID=31925) to work on /home/victor/airflow_env/lib/python3.10/site-packages/airflow/example_dags/tutorial.py
[2024-07-12T12:08:09.020+0100] {processor.py:830} INFO - Processing file /home/victor/airflow_env/lib/python3.10/site-packages/airflow/example_dags/tutorial.py for tasks to queue
[2024-07-12T12:08:09.028+0100] {logging_mixin.py:188} INFO - [2024-07-12T12:08:09.027+0100] {dagbag.py:545} INFO - Filling up the DagBag from /home/victor/airflow_env/lib/python3.10/site-packages/airflow/example_dags/tutorial.py
[2024-07-12T12:08:09.058+0100] {processor.py:840} INFO - DAG(s) 'tutorial' retrieved from /home/victor/airflow_env/lib/python3.10/site-packages/airflow/example_dags/tutorial.py
[2024-07-12T12:08:09.172+0100] {logging_mixin.py:188} INFO - [2024-07-12T12:08:09.171+0100] {dag.py:3096} INFO - Sync 1 DAGs
[2024-07-12T12:08:09.334+0100] {logging_mixin.py:188} INFO - [2024-07-12T12:08:09.333+0100] {dag.py:3954} INFO - Setting next_dagrun for tutorial to 2024-07-11 00:00:00+00:00, run_after=2024-07-12 00:00:00+00:00
[2024-07-12T12:08:09.630+0100] {processor.py:183} INFO - Processing /home/victor/airflow_env/lib/python3.10/site-packages/airflow/example_dags/tutorial.py took 0.649 seconds
[2024-07-12T12:09:36.625+0100] {processor.py:161} INFO - Started process (PID=32288) to work on /home/victor/airflow_env/lib/python3.10/site-packages/airflow/example_dags/tutorial.py
[2024-07-12T12:09:36.630+0100] {processor.py:830} INFO - Processing file /home/victor/airflow_env/lib/python3.10/site-packages/airflow/example_dags/tutorial.py for tasks to queue
[2024-07-12T12:09:36.638+0100] {logging_mixin.py:188} INFO - [2024-07-12T12:09:36.636+0100] {dagbag.py:545} INFO - Filling up the DagBag from /home/victor/airflow_env/lib/python3.10/site-packages/airflow/example_dags/tutorial.py
[2024-07-12T12:09:36.671+0100] {processor.py:840} INFO - DAG(s) 'tutorial' retrieved from /home/victor/airflow_env/lib/python3.10/site-packages/airflow/example_dags/tutorial.py
[2024-07-12T12:09:36.791+0100] {logging_mixin.py:188} INFO - [2024-07-12T12:09:36.790+0100] {dag.py:3096} INFO - Sync 1 DAGs
[2024-07-12T12:09:36.937+0100] {logging_mixin.py:188} INFO - [2024-07-12T12:09:36.936+0100] {dag.py:3954} INFO - Setting next_dagrun for tutorial to 2024-07-11 00:00:00+00:00, run_after=2024-07-12 00:00:00+00:00
[2024-07-12T12:09:37.299+0100] {processor.py:183} INFO - Processing /home/victor/airflow_env/lib/python3.10/site-packages/airflow/example_dags/tutorial.py took 0.708 seconds
[2024-07-12T12:11:04.038+0100] {processor.py:161} INFO - Started process (PID=32652) to work on /home/victor/airflow_env/lib/python3.10/site-packages/airflow/example_dags/tutorial.py
[2024-07-12T12:11:04.049+0100] {processor.py:830} INFO - Processing file /home/victor/airflow_env/lib/python3.10/site-packages/airflow/example_dags/tutorial.py for tasks to queue
[2024-07-12T12:11:04.057+0100] {logging_mixin.py:188} INFO - [2024-07-12T12:11:04.055+0100] {dagbag.py:545} INFO - Filling up the DagBag from /home/victor/airflow_env/lib/python3.10/site-packages/airflow/example_dags/tutorial.py
[2024-07-12T12:11:04.090+0100] {processor.py:840} INFO - DAG(s) 'tutorial' retrieved from /home/victor/airflow_env/lib/python3.10/site-packages/airflow/example_dags/tutorial.py
[2024-07-12T12:11:04.268+0100] {logging_mixin.py:188} INFO - [2024-07-12T12:11:04.267+0100] {dag.py:3096} INFO - Sync 1 DAGs
[2024-07-12T12:11:04.439+0100] {logging_mixin.py:188} INFO - [2024-07-12T12:11:04.438+0100] {dag.py:3954} INFO - Setting next_dagrun for tutorial to 2024-07-11 00:00:00+00:00, run_after=2024-07-12 00:00:00+00:00
[2024-07-12T12:11:04.746+0100] {processor.py:183} INFO - Processing /home/victor/airflow_env/lib/python3.10/site-packages/airflow/example_dags/tutorial.py took 0.753 seconds
[2024-07-12T12:12:30.372+0100] {processor.py:161} INFO - Started process (PID=33007) to work on /home/victor/airflow_env/lib/python3.10/site-packages/airflow/example_dags/tutorial.py
[2024-07-12T12:12:30.386+0100] {processor.py:830} INFO - Processing file /home/victor/airflow_env/lib/python3.10/site-packages/airflow/example_dags/tutorial.py for tasks to queue
[2024-07-12T12:12:30.398+0100] {logging_mixin.py:188} INFO - [2024-07-12T12:12:30.395+0100] {dagbag.py:545} INFO - Filling up the DagBag from /home/victor/airflow_env/lib/python3.10/site-packages/airflow/example_dags/tutorial.py
[2024-07-12T12:12:30.431+0100] {processor.py:840} INFO - DAG(s) 'tutorial' retrieved from /home/victor/airflow_env/lib/python3.10/site-packages/airflow/example_dags/tutorial.py
[2024-07-12T12:12:30.737+0100] {logging_mixin.py:188} INFO - [2024-07-12T12:12:30.736+0100] {dag.py:3096} INFO - Sync 1 DAGs
[2024-07-12T12:12:30.875+0100] {logging_mixin.py:188} INFO - [2024-07-12T12:12:30.874+0100] {dag.py:3954} INFO - Setting next_dagrun for tutorial to 2024-07-11 00:00:00+00:00, run_after=2024-07-12 00:00:00+00:00
[2024-07-12T12:12:31.154+0100] {processor.py:183} INFO - Processing /home/victor/airflow_env/lib/python3.10/site-packages/airflow/example_dags/tutorial.py took 0.813 seconds
[2024-07-12T12:13:48.382+0100] {processor.py:161} INFO - Started process (PID=33330) to work on /home/victor/airflow_env/lib/python3.10/site-packages/airflow/example_dags/tutorial.py
[2024-07-12T12:13:48.388+0100] {processor.py:830} INFO - Processing file /home/victor/airflow_env/lib/python3.10/site-packages/airflow/example_dags/tutorial.py for tasks to queue
[2024-07-12T12:13:48.399+0100] {logging_mixin.py:188} INFO - [2024-07-12T12:13:48.396+0100] {dagbag.py:545} INFO - Filling up the DagBag from /home/victor/airflow_env/lib/python3.10/site-packages/airflow/example_dags/tutorial.py
[2024-07-12T12:13:48.452+0100] {processor.py:840} INFO - DAG(s) 'tutorial' retrieved from /home/victor/airflow_env/lib/python3.10/site-packages/airflow/example_dags/tutorial.py
[2024-07-12T12:13:48.651+0100] {logging_mixin.py:188} INFO - [2024-07-12T12:13:48.650+0100] {dag.py:3096} INFO - Sync 1 DAGs
[2024-07-12T12:13:48.829+0100] {logging_mixin.py:188} INFO - [2024-07-12T12:13:48.828+0100] {dag.py:3954} INFO - Setting next_dagrun for tutorial to 2024-07-11 00:00:00+00:00, run_after=2024-07-12 00:00:00+00:00
[2024-07-12T12:13:49.357+0100] {processor.py:183} INFO - Processing /home/victor/airflow_env/lib/python3.10/site-packages/airflow/example_dags/tutorial.py took 1.032 seconds
[2024-07-12T12:15:18.743+0100] {processor.py:161} INFO - Started process (PID=33699) to work on /home/victor/airflow_env/lib/python3.10/site-packages/airflow/example_dags/tutorial.py
[2024-07-12T12:15:18.761+0100] {processor.py:830} INFO - Processing file /home/victor/airflow_env/lib/python3.10/site-packages/airflow/example_dags/tutorial.py for tasks to queue
[2024-07-12T12:15:18.771+0100] {logging_mixin.py:188} INFO - [2024-07-12T12:15:18.769+0100] {dagbag.py:545} INFO - Filling up the DagBag from /home/victor/airflow_env/lib/python3.10/site-packages/airflow/example_dags/tutorial.py
[2024-07-12T12:15:18.838+0100] {processor.py:840} INFO - DAG(s) 'tutorial' retrieved from /home/victor/airflow_env/lib/python3.10/site-packages/airflow/example_dags/tutorial.py
[2024-07-12T12:15:18.987+0100] {logging_mixin.py:188} INFO - [2024-07-12T12:15:18.986+0100] {dag.py:3096} INFO - Sync 1 DAGs
[2024-07-12T12:15:19.153+0100] {logging_mixin.py:188} INFO - [2024-07-12T12:15:19.152+0100] {dag.py:3954} INFO - Setting next_dagrun for tutorial to 2024-07-11 00:00:00+00:00, run_after=2024-07-12 00:00:00+00:00
[2024-07-12T12:15:19.457+0100] {processor.py:183} INFO - Processing /home/victor/airflow_env/lib/python3.10/site-packages/airflow/example_dags/tutorial.py took 0.777 seconds
[2024-07-12T12:17:22.431+0100] {processor.py:161} INFO - Started process (PID=34191) to work on /home/victor/airflow_env/lib/python3.10/site-packages/airflow/example_dags/tutorial.py
[2024-07-12T12:17:22.435+0100] {processor.py:830} INFO - Processing file /home/victor/airflow_env/lib/python3.10/site-packages/airflow/example_dags/tutorial.py for tasks to queue
[2024-07-12T12:17:22.444+0100] {logging_mixin.py:188} INFO - [2024-07-12T12:17:22.442+0100] {dagbag.py:545} INFO - Filling up the DagBag from /home/victor/airflow_env/lib/python3.10/site-packages/airflow/example_dags/tutorial.py
[2024-07-12T12:17:22.484+0100] {processor.py:840} INFO - DAG(s) 'tutorial' retrieved from /home/victor/airflow_env/lib/python3.10/site-packages/airflow/example_dags/tutorial.py
[2024-07-12T12:17:22.682+0100] {logging_mixin.py:188} INFO - [2024-07-12T12:17:22.681+0100] {dag.py:3096} INFO - Sync 1 DAGs
[2024-07-12T12:17:22.847+0100] {logging_mixin.py:188} INFO - [2024-07-12T12:17:22.846+0100] {dag.py:3954} INFO - Setting next_dagrun for tutorial to 2024-07-11 00:00:00+00:00, run_after=2024-07-12 00:00:00+00:00
[2024-07-12T12:17:23.271+0100] {processor.py:183} INFO - Processing /home/victor/airflow_env/lib/python3.10/site-packages/airflow/example_dags/tutorial.py took 0.876 seconds
[2024-07-12T12:19:02.700+0100] {processor.py:161} INFO - Started process (PID=34603) to work on /home/victor/airflow_env/lib/python3.10/site-packages/airflow/example_dags/tutorial.py
[2024-07-12T12:19:02.705+0100] {processor.py:830} INFO - Processing file /home/victor/airflow_env/lib/python3.10/site-packages/airflow/example_dags/tutorial.py for tasks to queue
[2024-07-12T12:19:02.715+0100] {logging_mixin.py:188} INFO - [2024-07-12T12:19:02.713+0100] {dagbag.py:545} INFO - Filling up the DagBag from /home/victor/airflow_env/lib/python3.10/site-packages/airflow/example_dags/tutorial.py
[2024-07-12T12:19:02.752+0100] {processor.py:840} INFO - DAG(s) 'tutorial' retrieved from /home/victor/airflow_env/lib/python3.10/site-packages/airflow/example_dags/tutorial.py
[2024-07-12T12:19:02.875+0100] {logging_mixin.py:188} INFO - [2024-07-12T12:19:02.874+0100] {dag.py:3096} INFO - Sync 1 DAGs
[2024-07-12T12:19:03.017+0100] {logging_mixin.py:188} INFO - [2024-07-12T12:19:03.016+0100] {dag.py:3954} INFO - Setting next_dagrun for tutorial to 2024-07-11 00:00:00+00:00, run_after=2024-07-12 00:00:00+00:00
[2024-07-12T12:19:03.416+0100] {processor.py:183} INFO - Processing /home/victor/airflow_env/lib/python3.10/site-packages/airflow/example_dags/tutorial.py took 0.748 seconds
[2024-07-12T12:20:46.757+0100] {processor.py:161} INFO - Started process (PID=35022) to work on /home/victor/airflow_env/lib/python3.10/site-packages/airflow/example_dags/tutorial.py
[2024-07-12T12:20:46.764+0100] {processor.py:830} INFO - Processing file /home/victor/airflow_env/lib/python3.10/site-packages/airflow/example_dags/tutorial.py for tasks to queue
[2024-07-12T12:20:46.779+0100] {logging_mixin.py:188} INFO - [2024-07-12T12:20:46.777+0100] {dagbag.py:545} INFO - Filling up the DagBag from /home/victor/airflow_env/lib/python3.10/site-packages/airflow/example_dags/tutorial.py
[2024-07-12T12:20:46.817+0100] {processor.py:840} INFO - DAG(s) 'tutorial' retrieved from /home/victor/airflow_env/lib/python3.10/site-packages/airflow/example_dags/tutorial.py
[2024-07-12T12:20:46.981+0100] {logging_mixin.py:188} INFO - [2024-07-12T12:20:46.980+0100] {dag.py:3096} INFO - Sync 1 DAGs
[2024-07-12T12:20:47.126+0100] {logging_mixin.py:188} INFO - [2024-07-12T12:20:47.125+0100] {dag.py:3954} INFO - Setting next_dagrun for tutorial to 2024-07-11 00:00:00+00:00, run_after=2024-07-12 00:00:00+00:00
[2024-07-12T12:20:47.566+0100] {processor.py:183} INFO - Processing /home/victor/airflow_env/lib/python3.10/site-packages/airflow/example_dags/tutorial.py took 0.845 seconds
[2024-07-12T12:22:15.131+0100] {processor.py:161} INFO - Started process (PID=35386) to work on /home/victor/airflow_env/lib/python3.10/site-packages/airflow/example_dags/tutorial.py
[2024-07-12T12:22:15.135+0100] {processor.py:830} INFO - Processing file /home/victor/airflow_env/lib/python3.10/site-packages/airflow/example_dags/tutorial.py for tasks to queue
[2024-07-12T12:22:15.143+0100] {logging_mixin.py:188} INFO - [2024-07-12T12:22:15.141+0100] {dagbag.py:545} INFO - Filling up the DagBag from /home/victor/airflow_env/lib/python3.10/site-packages/airflow/example_dags/tutorial.py
[2024-07-12T12:22:15.173+0100] {processor.py:840} INFO - DAG(s) 'tutorial' retrieved from /home/victor/airflow_env/lib/python3.10/site-packages/airflow/example_dags/tutorial.py
[2024-07-12T12:22:15.323+0100] {logging_mixin.py:188} INFO - [2024-07-12T12:22:15.322+0100] {dag.py:3096} INFO - Sync 1 DAGs
[2024-07-12T12:22:15.469+0100] {logging_mixin.py:188} INFO - [2024-07-12T12:22:15.467+0100] {dag.py:3954} INFO - Setting next_dagrun for tutorial to 2024-07-11 00:00:00+00:00, run_after=2024-07-12 00:00:00+00:00
[2024-07-12T12:22:15.820+0100] {processor.py:183} INFO - Processing /home/victor/airflow_env/lib/python3.10/site-packages/airflow/example_dags/tutorial.py took 0.718 seconds
[2024-07-12T12:23:43.419+0100] {processor.py:161} INFO - Started process (PID=35748) to work on /home/victor/airflow_env/lib/python3.10/site-packages/airflow/example_dags/tutorial.py
[2024-07-12T12:23:43.433+0100] {processor.py:830} INFO - Processing file /home/victor/airflow_env/lib/python3.10/site-packages/airflow/example_dags/tutorial.py for tasks to queue
[2024-07-12T12:23:43.448+0100] {logging_mixin.py:188} INFO - [2024-07-12T12:23:43.445+0100] {dagbag.py:545} INFO - Filling up the DagBag from /home/victor/airflow_env/lib/python3.10/site-packages/airflow/example_dags/tutorial.py
[2024-07-12T12:23:43.499+0100] {processor.py:840} INFO - DAG(s) 'tutorial' retrieved from /home/victor/airflow_env/lib/python3.10/site-packages/airflow/example_dags/tutorial.py
[2024-07-12T12:23:43.713+0100] {logging_mixin.py:188} INFO - [2024-07-12T12:23:43.712+0100] {dag.py:3096} INFO - Sync 1 DAGs
[2024-07-12T12:23:43.857+0100] {logging_mixin.py:188} INFO - [2024-07-12T12:23:43.857+0100] {dag.py:3954} INFO - Setting next_dagrun for tutorial to 2024-07-11 00:00:00+00:00, run_after=2024-07-12 00:00:00+00:00
[2024-07-12T12:23:44.173+0100] {processor.py:183} INFO - Processing /home/victor/airflow_env/lib/python3.10/site-packages/airflow/example_dags/tutorial.py took 0.823 seconds
[2024-07-12T12:25:24.003+0100] {processor.py:161} INFO - Started process (PID=36155) to work on /home/victor/airflow_env/lib/python3.10/site-packages/airflow/example_dags/tutorial.py
[2024-07-12T12:25:24.008+0100] {processor.py:830} INFO - Processing file /home/victor/airflow_env/lib/python3.10/site-packages/airflow/example_dags/tutorial.py for tasks to queue
[2024-07-12T12:25:24.017+0100] {logging_mixin.py:188} INFO - [2024-07-12T12:25:24.015+0100] {dagbag.py:545} INFO - Filling up the DagBag from /home/victor/airflow_env/lib/python3.10/site-packages/airflow/example_dags/tutorial.py
[2024-07-12T12:25:24.048+0100] {processor.py:840} INFO - DAG(s) 'tutorial' retrieved from /home/victor/airflow_env/lib/python3.10/site-packages/airflow/example_dags/tutorial.py
[2024-07-12T12:25:24.161+0100] {logging_mixin.py:188} INFO - [2024-07-12T12:25:24.160+0100] {dag.py:3096} INFO - Sync 1 DAGs
[2024-07-12T12:25:24.284+0100] {logging_mixin.py:188} INFO - [2024-07-12T12:25:24.283+0100] {dag.py:3954} INFO - Setting next_dagrun for tutorial to 2024-07-11 00:00:00+00:00, run_after=2024-07-12 00:00:00+00:00
[2024-07-12T12:25:24.810+0100] {processor.py:183} INFO - Processing /home/victor/airflow_env/lib/python3.10/site-packages/airflow/example_dags/tutorial.py took 0.837 seconds
[2024-07-12T12:26:59.876+0100] {processor.py:161} INFO - Started process (PID=36543) to work on /home/victor/airflow_env/lib/python3.10/site-packages/airflow/example_dags/tutorial.py
[2024-07-12T12:26:59.882+0100] {processor.py:830} INFO - Processing file /home/victor/airflow_env/lib/python3.10/site-packages/airflow/example_dags/tutorial.py for tasks to queue
[2024-07-12T12:26:59.893+0100] {logging_mixin.py:188} INFO - [2024-07-12T12:26:59.891+0100] {dagbag.py:545} INFO - Filling up the DagBag from /home/victor/airflow_env/lib/python3.10/site-packages/airflow/example_dags/tutorial.py
[2024-07-12T12:26:59.923+0100] {processor.py:840} INFO - DAG(s) 'tutorial' retrieved from /home/victor/airflow_env/lib/python3.10/site-packages/airflow/example_dags/tutorial.py
[2024-07-12T12:27:00.047+0100] {logging_mixin.py:188} INFO - [2024-07-12T12:27:00.046+0100] {dag.py:3096} INFO - Sync 1 DAGs
[2024-07-12T12:27:00.170+0100] {logging_mixin.py:188} INFO - [2024-07-12T12:27:00.169+0100] {dag.py:3954} INFO - Setting next_dagrun for tutorial to 2024-07-11 00:00:00+00:00, run_after=2024-07-12 00:00:00+00:00
[2024-07-12T12:27:00.526+0100] {processor.py:183} INFO - Processing /home/victor/airflow_env/lib/python3.10/site-packages/airflow/example_dags/tutorial.py took 0.686 seconds
[2024-07-12T12:28:30.339+0100] {processor.py:161} INFO - Started process (PID=36912) to work on /home/victor/airflow_env/lib/python3.10/site-packages/airflow/example_dags/tutorial.py
[2024-07-12T12:28:30.361+0100] {processor.py:830} INFO - Processing file /home/victor/airflow_env/lib/python3.10/site-packages/airflow/example_dags/tutorial.py for tasks to queue
[2024-07-12T12:28:30.380+0100] {logging_mixin.py:188} INFO - [2024-07-12T12:28:30.378+0100] {dagbag.py:545} INFO - Filling up the DagBag from /home/victor/airflow_env/lib/python3.10/site-packages/airflow/example_dags/tutorial.py
[2024-07-12T12:28:30.437+0100] {processor.py:840} INFO - DAG(s) 'tutorial' retrieved from /home/victor/airflow_env/lib/python3.10/site-packages/airflow/example_dags/tutorial.py
[2024-07-12T12:28:30.701+0100] {logging_mixin.py:188} INFO - [2024-07-12T12:28:30.699+0100] {dag.py:3096} INFO - Sync 1 DAGs
[2024-07-12T12:28:30.896+0100] {logging_mixin.py:188} INFO - [2024-07-12T12:28:30.895+0100] {dag.py:3954} INFO - Setting next_dagrun for tutorial to 2024-07-11 00:00:00+00:00, run_after=2024-07-12 00:00:00+00:00
[2024-07-12T12:28:31.363+0100] {processor.py:183} INFO - Processing /home/victor/airflow_env/lib/python3.10/site-packages/airflow/example_dags/tutorial.py took 1.073 seconds
[2024-07-12T12:30:05.000+0100] {processor.py:161} INFO - Started process (PID=37298) to work on /home/victor/airflow_env/lib/python3.10/site-packages/airflow/example_dags/tutorial.py
[2024-07-12T12:30:05.005+0100] {processor.py:830} INFO - Processing file /home/victor/airflow_env/lib/python3.10/site-packages/airflow/example_dags/tutorial.py for tasks to queue
[2024-07-12T12:30:05.014+0100] {logging_mixin.py:188} INFO - [2024-07-12T12:30:05.012+0100] {dagbag.py:545} INFO - Filling up the DagBag from /home/victor/airflow_env/lib/python3.10/site-packages/airflow/example_dags/tutorial.py
[2024-07-12T12:30:05.052+0100] {processor.py:840} INFO - DAG(s) 'tutorial' retrieved from /home/victor/airflow_env/lib/python3.10/site-packages/airflow/example_dags/tutorial.py
[2024-07-12T12:30:05.153+0100] {logging_mixin.py:188} INFO - [2024-07-12T12:30:05.152+0100] {dag.py:3096} INFO - Sync 1 DAGs
[2024-07-12T12:30:05.273+0100] {logging_mixin.py:188} INFO - [2024-07-12T12:30:05.273+0100] {dag.py:3954} INFO - Setting next_dagrun for tutorial to 2024-07-11 00:00:00+00:00, run_after=2024-07-12 00:00:00+00:00
[2024-07-12T12:30:05.590+0100] {processor.py:183} INFO - Processing /home/victor/airflow_env/lib/python3.10/site-packages/airflow/example_dags/tutorial.py took 0.623 seconds
[2024-07-12T12:31:33.740+0100] {processor.py:161} INFO - Started process (PID=37667) to work on /home/victor/airflow_env/lib/python3.10/site-packages/airflow/example_dags/tutorial.py
[2024-07-12T12:31:33.746+0100] {processor.py:830} INFO - Processing file /home/victor/airflow_env/lib/python3.10/site-packages/airflow/example_dags/tutorial.py for tasks to queue
[2024-07-12T12:31:33.754+0100] {logging_mixin.py:188} INFO - [2024-07-12T12:31:33.752+0100] {dagbag.py:545} INFO - Filling up the DagBag from /home/victor/airflow_env/lib/python3.10/site-packages/airflow/example_dags/tutorial.py
[2024-07-12T12:31:33.792+0100] {processor.py:840} INFO - DAG(s) 'tutorial' retrieved from /home/victor/airflow_env/lib/python3.10/site-packages/airflow/example_dags/tutorial.py
[2024-07-12T12:31:33.967+0100] {logging_mixin.py:188} INFO - [2024-07-12T12:31:33.965+0100] {dag.py:3096} INFO - Sync 1 DAGs
[2024-07-12T12:31:34.146+0100] {logging_mixin.py:188} INFO - [2024-07-12T12:31:34.145+0100] {dag.py:3954} INFO - Setting next_dagrun for tutorial to 2024-07-11 00:00:00+00:00, run_after=2024-07-12 00:00:00+00:00
[2024-07-12T12:31:34.849+0100] {processor.py:183} INFO - Processing /home/victor/airflow_env/lib/python3.10/site-packages/airflow/example_dags/tutorial.py took 1.162 seconds
[2024-07-12T12:33:00.508+0100] {processor.py:161} INFO - Started process (PID=38025) to work on /home/victor/airflow_env/lib/python3.10/site-packages/airflow/example_dags/tutorial.py
[2024-07-12T12:33:00.513+0100] {processor.py:830} INFO - Processing file /home/victor/airflow_env/lib/python3.10/site-packages/airflow/example_dags/tutorial.py for tasks to queue
[2024-07-12T12:33:00.521+0100] {logging_mixin.py:188} INFO - [2024-07-12T12:33:00.519+0100] {dagbag.py:545} INFO - Filling up the DagBag from /home/victor/airflow_env/lib/python3.10/site-packages/airflow/example_dags/tutorial.py
[2024-07-12T12:33:00.552+0100] {processor.py:840} INFO - DAG(s) 'tutorial' retrieved from /home/victor/airflow_env/lib/python3.10/site-packages/airflow/example_dags/tutorial.py
[2024-07-12T12:33:00.661+0100] {logging_mixin.py:188} INFO - [2024-07-12T12:33:00.660+0100] {dag.py:3096} INFO - Sync 1 DAGs
[2024-07-12T12:33:00.786+0100] {logging_mixin.py:188} INFO - [2024-07-12T12:33:00.785+0100] {dag.py:3954} INFO - Setting next_dagrun for tutorial to 2024-07-11 00:00:00+00:00, run_after=2024-07-12 00:00:00+00:00
[2024-07-12T12:33:01.130+0100] {processor.py:183} INFO - Processing /home/victor/airflow_env/lib/python3.10/site-packages/airflow/example_dags/tutorial.py took 0.652 seconds
