[2024-07-15T09:49:35.826+0100] {processor.py:161} INFO - Started process (PID=10930) to work on /home/victor/airflow_env/lib/python3.10/site-packages/airflow/example_dags/example_branch_python_dop_operator_3.py
[2024-07-15T09:49:35.833+0100] {processor.py:830} INFO - Processing file /home/victor/airflow_env/lib/python3.10/site-packages/airflow/example_dags/example_branch_python_dop_operator_3.py for tasks to queue
[2024-07-15T09:49:35.840+0100] {logging_mixin.py:188} INFO - [2024-07-15T09:49:35.838+0100] {dagbag.py:545} INFO - Filling up the DagBag from /home/victor/airflow_env/lib/python3.10/site-packages/airflow/example_dags/example_branch_python_dop_operator_3.py
[2024-07-15T09:49:35.884+0100] {processor.py:840} INFO - DAG(s) 'example_branch_dop_operator_v3' retrieved from /home/victor/airflow_env/lib/python3.10/site-packages/airflow/example_dags/example_branch_python_dop_operator_3.py
[2024-07-15T09:49:35.989+0100] {logging_mixin.py:188} INFO - [2024-07-15T09:49:35.988+0100] {dag.py:3096} INFO - Sync 1 DAGs
[2024-07-15T09:49:36.148+0100] {logging_mixin.py:188} INFO - [2024-07-15T09:49:36.147+0100] {dag.py:3954} INFO - Setting next_dagrun for example_branch_dop_operator_v3 to 2024-07-15 08:48:00+00:00, run_after=2024-07-15 08:49:00+00:00
[2024-07-15T09:49:36.466+0100] {processor.py:183} INFO - Processing /home/victor/airflow_env/lib/python3.10/site-packages/airflow/example_dags/example_branch_python_dop_operator_3.py took 0.666 seconds
[2024-07-15T09:52:13.879+0100] {processor.py:161} INFO - Started process (PID=11879) to work on /home/victor/airflow_env/lib/python3.10/site-packages/airflow/example_dags/example_branch_python_dop_operator_3.py
[2024-07-15T09:52:13.886+0100] {processor.py:830} INFO - Processing file /home/victor/airflow_env/lib/python3.10/site-packages/airflow/example_dags/example_branch_python_dop_operator_3.py for tasks to queue
[2024-07-15T09:52:13.895+0100] {logging_mixin.py:188} INFO - [2024-07-15T09:52:13.893+0100] {dagbag.py:545} INFO - Filling up the DagBag from /home/victor/airflow_env/lib/python3.10/site-packages/airflow/example_dags/example_branch_python_dop_operator_3.py
[2024-07-15T09:52:13.986+0100] {processor.py:840} INFO - DAG(s) 'example_branch_dop_operator_v3' retrieved from /home/victor/airflow_env/lib/python3.10/site-packages/airflow/example_dags/example_branch_python_dop_operator_3.py
[2024-07-15T09:52:14.343+0100] {logging_mixin.py:188} INFO - [2024-07-15T09:52:14.342+0100] {dag.py:3096} INFO - Sync 1 DAGs
[2024-07-15T09:52:14.544+0100] {logging_mixin.py:188} INFO - [2024-07-15T09:52:14.543+0100] {dag.py:3954} INFO - Setting next_dagrun for example_branch_dop_operator_v3 to 2024-07-15 08:51:00+00:00, run_after=2024-07-15 08:52:00+00:00
[2024-07-15T09:52:15.215+0100] {processor.py:183} INFO - Processing /home/victor/airflow_env/lib/python3.10/site-packages/airflow/example_dags/example_branch_python_dop_operator_3.py took 1.372 seconds
[2024-07-15T09:56:07.423+0100] {processor.py:161} INFO - Started process (PID=13509) to work on /home/victor/airflow_env/lib/python3.10/site-packages/airflow/example_dags/example_branch_python_dop_operator_3.py
[2024-07-15T09:56:07.427+0100] {processor.py:830} INFO - Processing file /home/victor/airflow_env/lib/python3.10/site-packages/airflow/example_dags/example_branch_python_dop_operator_3.py for tasks to queue
[2024-07-15T09:56:07.434+0100] {logging_mixin.py:188} INFO - [2024-07-15T09:56:07.433+0100] {dagbag.py:545} INFO - Filling up the DagBag from /home/victor/airflow_env/lib/python3.10/site-packages/airflow/example_dags/example_branch_python_dop_operator_3.py
[2024-07-15T09:56:07.482+0100] {processor.py:840} INFO - DAG(s) 'example_branch_dop_operator_v3' retrieved from /home/victor/airflow_env/lib/python3.10/site-packages/airflow/example_dags/example_branch_python_dop_operator_3.py
[2024-07-15T09:56:07.603+0100] {logging_mixin.py:188} INFO - [2024-07-15T09:56:07.602+0100] {dag.py:3096} INFO - Sync 1 DAGs
[2024-07-15T09:56:07.787+0100] {logging_mixin.py:188} INFO - [2024-07-15T09:56:07.786+0100] {dag.py:3954} INFO - Setting next_dagrun for example_branch_dop_operator_v3 to 2024-07-15 08:55:00+00:00, run_after=2024-07-15 08:56:00+00:00
[2024-07-15T09:56:08.165+0100] {processor.py:183} INFO - Processing /home/victor/airflow_env/lib/python3.10/site-packages/airflow/example_dags/example_branch_python_dop_operator_3.py took 0.769 seconds
[2024-07-15T09:59:17.585+0100] {processor.py:161} INFO - Started process (PID=14755) to work on /home/victor/airflow_env/lib/python3.10/site-packages/airflow/example_dags/example_branch_python_dop_operator_3.py
[2024-07-15T09:59:17.590+0100] {processor.py:830} INFO - Processing file /home/victor/airflow_env/lib/python3.10/site-packages/airflow/example_dags/example_branch_python_dop_operator_3.py for tasks to queue
[2024-07-15T09:59:17.597+0100] {logging_mixin.py:188} INFO - [2024-07-15T09:59:17.595+0100] {dagbag.py:545} INFO - Filling up the DagBag from /home/victor/airflow_env/lib/python3.10/site-packages/airflow/example_dags/example_branch_python_dop_operator_3.py
[2024-07-15T09:59:17.646+0100] {processor.py:840} INFO - DAG(s) 'example_branch_dop_operator_v3' retrieved from /home/victor/airflow_env/lib/python3.10/site-packages/airflow/example_dags/example_branch_python_dop_operator_3.py
[2024-07-15T09:59:17.791+0100] {logging_mixin.py:188} INFO - [2024-07-15T09:59:17.790+0100] {dag.py:3096} INFO - Sync 1 DAGs
[2024-07-15T09:59:17.927+0100] {logging_mixin.py:188} INFO - [2024-07-15T09:59:17.926+0100] {dag.py:3954} INFO - Setting next_dagrun for example_branch_dop_operator_v3 to 2024-07-15 08:58:00+00:00, run_after=2024-07-15 08:59:00+00:00
[2024-07-15T09:59:18.257+0100] {processor.py:183} INFO - Processing /home/victor/airflow_env/lib/python3.10/site-packages/airflow/example_dags/example_branch_python_dop_operator_3.py took 0.702 seconds
[2024-07-15T10:02:02.235+0100] {processor.py:161} INFO - Started process (PID=16060) to work on /home/victor/airflow_env/lib/python3.10/site-packages/airflow/example_dags/example_branch_python_dop_operator_3.py
[2024-07-15T10:02:02.240+0100] {processor.py:830} INFO - Processing file /home/victor/airflow_env/lib/python3.10/site-packages/airflow/example_dags/example_branch_python_dop_operator_3.py for tasks to queue
[2024-07-15T10:02:02.248+0100] {logging_mixin.py:188} INFO - [2024-07-15T10:02:02.246+0100] {dagbag.py:545} INFO - Filling up the DagBag from /home/victor/airflow_env/lib/python3.10/site-packages/airflow/example_dags/example_branch_python_dop_operator_3.py
[2024-07-15T10:02:02.295+0100] {processor.py:840} INFO - DAG(s) 'example_branch_dop_operator_v3' retrieved from /home/victor/airflow_env/lib/python3.10/site-packages/airflow/example_dags/example_branch_python_dop_operator_3.py
[2024-07-15T10:02:02.417+0100] {logging_mixin.py:188} INFO - [2024-07-15T10:02:02.416+0100] {dag.py:3096} INFO - Sync 1 DAGs
[2024-07-15T10:02:02.581+0100] {logging_mixin.py:188} INFO - [2024-07-15T10:02:02.580+0100] {dag.py:3954} INFO - Setting next_dagrun for example_branch_dop_operator_v3 to 2024-07-15 09:01:00+00:00, run_after=2024-07-15 09:02:00+00:00
[2024-07-15T10:02:02.870+0100] {processor.py:183} INFO - Processing /home/victor/airflow_env/lib/python3.10/site-packages/airflow/example_dags/example_branch_python_dop_operator_3.py took 0.663 seconds
[2024-07-15T10:04:29.941+0100] {processor.py:161} INFO - Started process (PID=17140) to work on /home/victor/airflow_env/lib/python3.10/site-packages/airflow/example_dags/example_branch_python_dop_operator_3.py
[2024-07-15T10:04:29.945+0100] {processor.py:830} INFO - Processing file /home/victor/airflow_env/lib/python3.10/site-packages/airflow/example_dags/example_branch_python_dop_operator_3.py for tasks to queue
[2024-07-15T10:04:29.952+0100] {logging_mixin.py:188} INFO - [2024-07-15T10:04:29.951+0100] {dagbag.py:545} INFO - Filling up the DagBag from /home/victor/airflow_env/lib/python3.10/site-packages/airflow/example_dags/example_branch_python_dop_operator_3.py
[2024-07-15T10:04:30.002+0100] {processor.py:840} INFO - DAG(s) 'example_branch_dop_operator_v3' retrieved from /home/victor/airflow_env/lib/python3.10/site-packages/airflow/example_dags/example_branch_python_dop_operator_3.py
[2024-07-15T10:04:30.100+0100] {logging_mixin.py:188} INFO - [2024-07-15T10:04:30.098+0100] {dag.py:3096} INFO - Sync 1 DAGs
[2024-07-15T10:04:30.260+0100] {logging_mixin.py:188} INFO - [2024-07-15T10:04:30.259+0100] {dag.py:3954} INFO - Setting next_dagrun for example_branch_dop_operator_v3 to 2024-07-15 09:03:00+00:00, run_after=2024-07-15 09:04:00+00:00
[2024-07-15T10:04:30.547+0100] {processor.py:183} INFO - Processing /home/victor/airflow_env/lib/python3.10/site-packages/airflow/example_dags/example_branch_python_dop_operator_3.py took 0.638 seconds
[2024-07-15T10:07:31.444+0100] {processor.py:161} INFO - Started process (PID=18366) to work on /home/victor/airflow_env/lib/python3.10/site-packages/airflow/example_dags/example_branch_python_dop_operator_3.py
[2024-07-15T10:07:31.448+0100] {processor.py:830} INFO - Processing file /home/victor/airflow_env/lib/python3.10/site-packages/airflow/example_dags/example_branch_python_dop_operator_3.py for tasks to queue
[2024-07-15T10:07:31.455+0100] {logging_mixin.py:188} INFO - [2024-07-15T10:07:31.454+0100] {dagbag.py:545} INFO - Filling up the DagBag from /home/victor/airflow_env/lib/python3.10/site-packages/airflow/example_dags/example_branch_python_dop_operator_3.py
[2024-07-15T10:07:31.497+0100] {processor.py:840} INFO - DAG(s) 'example_branch_dop_operator_v3' retrieved from /home/victor/airflow_env/lib/python3.10/site-packages/airflow/example_dags/example_branch_python_dop_operator_3.py
[2024-07-15T10:07:31.592+0100] {logging_mixin.py:188} INFO - [2024-07-15T10:07:31.591+0100] {dag.py:3096} INFO - Sync 1 DAGs
[2024-07-15T10:07:31.749+0100] {logging_mixin.py:188} INFO - [2024-07-15T10:07:31.748+0100] {dag.py:3954} INFO - Setting next_dagrun for example_branch_dop_operator_v3 to 2024-07-15 09:06:00+00:00, run_after=2024-07-15 09:07:00+00:00
[2024-07-15T10:07:32.035+0100] {processor.py:183} INFO - Processing /home/victor/airflow_env/lib/python3.10/site-packages/airflow/example_dags/example_branch_python_dop_operator_3.py took 0.616 seconds
[2024-07-15T10:10:30.949+0100] {processor.py:161} INFO - Started process (PID=19517) to work on /home/victor/airflow_env/lib/python3.10/site-packages/airflow/example_dags/example_branch_python_dop_operator_3.py
[2024-07-15T10:10:30.954+0100] {processor.py:830} INFO - Processing file /home/victor/airflow_env/lib/python3.10/site-packages/airflow/example_dags/example_branch_python_dop_operator_3.py for tasks to queue
[2024-07-15T10:10:30.962+0100] {logging_mixin.py:188} INFO - [2024-07-15T10:10:30.961+0100] {dagbag.py:545} INFO - Filling up the DagBag from /home/victor/airflow_env/lib/python3.10/site-packages/airflow/example_dags/example_branch_python_dop_operator_3.py
[2024-07-15T10:10:31.054+0100] {processor.py:840} INFO - DAG(s) 'example_branch_dop_operator_v3' retrieved from /home/victor/airflow_env/lib/python3.10/site-packages/airflow/example_dags/example_branch_python_dop_operator_3.py
[2024-07-15T10:10:31.178+0100] {logging_mixin.py:188} INFO - [2024-07-15T10:10:31.176+0100] {dag.py:3096} INFO - Sync 1 DAGs
[2024-07-15T10:10:31.400+0100] {logging_mixin.py:188} INFO - [2024-07-15T10:10:31.396+0100] {dag.py:3954} INFO - Setting next_dagrun for example_branch_dop_operator_v3 to 2024-07-15 09:09:00+00:00, run_after=2024-07-15 09:10:00+00:00
[2024-07-15T10:10:31.798+0100] {processor.py:183} INFO - Processing /home/victor/airflow_env/lib/python3.10/site-packages/airflow/example_dags/example_branch_python_dop_operator_3.py took 0.884 seconds
[2024-07-15T10:13:15.414+0100] {processor.py:161} INFO - Started process (PID=20410) to work on /home/victor/airflow_env/lib/python3.10/site-packages/airflow/example_dags/example_branch_python_dop_operator_3.py
[2024-07-15T10:13:15.419+0100] {processor.py:830} INFO - Processing file /home/victor/airflow_env/lib/python3.10/site-packages/airflow/example_dags/example_branch_python_dop_operator_3.py for tasks to queue
[2024-07-15T10:13:15.428+0100] {logging_mixin.py:188} INFO - [2024-07-15T10:13:15.426+0100] {dagbag.py:545} INFO - Filling up the DagBag from /home/victor/airflow_env/lib/python3.10/site-packages/airflow/example_dags/example_branch_python_dop_operator_3.py
[2024-07-15T10:13:15.553+0100] {processor.py:840} INFO - DAG(s) 'example_branch_dop_operator_v3' retrieved from /home/victor/airflow_env/lib/python3.10/site-packages/airflow/example_dags/example_branch_python_dop_operator_3.py
[2024-07-15T10:13:15.955+0100] {logging_mixin.py:188} INFO - [2024-07-15T10:13:15.954+0100] {dag.py:3096} INFO - Sync 1 DAGs
[2024-07-15T10:13:16.152+0100] {logging_mixin.py:188} INFO - [2024-07-15T10:13:16.151+0100] {dag.py:3954} INFO - Setting next_dagrun for example_branch_dop_operator_v3 to 2024-07-15 09:12:00+00:00, run_after=2024-07-15 09:13:00+00:00
[2024-07-15T10:13:16.431+0100] {processor.py:183} INFO - Processing /home/victor/airflow_env/lib/python3.10/site-packages/airflow/example_dags/example_branch_python_dop_operator_3.py took 1.068 seconds
[2024-07-15T10:16:17.625+0100] {processor.py:161} INFO - Started process (PID=21410) to work on /home/victor/airflow_env/lib/python3.10/site-packages/airflow/example_dags/example_branch_python_dop_operator_3.py
[2024-07-15T10:16:17.629+0100] {processor.py:830} INFO - Processing file /home/victor/airflow_env/lib/python3.10/site-packages/airflow/example_dags/example_branch_python_dop_operator_3.py for tasks to queue
[2024-07-15T10:16:17.636+0100] {logging_mixin.py:188} INFO - [2024-07-15T10:16:17.634+0100] {dagbag.py:545} INFO - Filling up the DagBag from /home/victor/airflow_env/lib/python3.10/site-packages/airflow/example_dags/example_branch_python_dop_operator_3.py
[2024-07-15T10:16:17.679+0100] {processor.py:840} INFO - DAG(s) 'example_branch_dop_operator_v3' retrieved from /home/victor/airflow_env/lib/python3.10/site-packages/airflow/example_dags/example_branch_python_dop_operator_3.py
[2024-07-15T10:16:17.783+0100] {logging_mixin.py:188} INFO - [2024-07-15T10:16:17.781+0100] {dag.py:3096} INFO - Sync 1 DAGs
[2024-07-15T10:16:17.991+0100] {logging_mixin.py:188} INFO - [2024-07-15T10:16:17.990+0100] {dag.py:3954} INFO - Setting next_dagrun for example_branch_dop_operator_v3 to 2024-07-15 09:15:00+00:00, run_after=2024-07-15 09:16:00+00:00
[2024-07-15T10:16:18.307+0100] {processor.py:183} INFO - Processing /home/victor/airflow_env/lib/python3.10/site-packages/airflow/example_dags/example_branch_python_dop_operator_3.py took 0.708 seconds
[2024-07-15T10:19:04.990+0100] {processor.py:161} INFO - Started process (PID=22537) to work on /home/victor/airflow_env/lib/python3.10/site-packages/airflow/example_dags/example_branch_python_dop_operator_3.py
[2024-07-15T10:19:05.003+0100] {processor.py:830} INFO - Processing file /home/victor/airflow_env/lib/python3.10/site-packages/airflow/example_dags/example_branch_python_dop_operator_3.py for tasks to queue
[2024-07-15T10:19:05.033+0100] {logging_mixin.py:188} INFO - [2024-07-15T10:19:05.021+0100] {dagbag.py:545} INFO - Filling up the DagBag from /home/victor/airflow_env/lib/python3.10/site-packages/airflow/example_dags/example_branch_python_dop_operator_3.py
[2024-07-15T10:19:05.193+0100] {processor.py:840} INFO - DAG(s) 'example_branch_dop_operator_v3' retrieved from /home/victor/airflow_env/lib/python3.10/site-packages/airflow/example_dags/example_branch_python_dop_operator_3.py
[2024-07-15T10:19:05.511+0100] {logging_mixin.py:188} INFO - [2024-07-15T10:19:05.509+0100] {dag.py:3096} INFO - Sync 1 DAGs
[2024-07-15T10:19:06.181+0100] {logging_mixin.py:188} INFO - [2024-07-15T10:19:06.179+0100] {dag.py:3954} INFO - Setting next_dagrun for example_branch_dop_operator_v3 to 2024-07-15 09:18:00+00:00, run_after=2024-07-15 09:19:00+00:00
[2024-07-15T10:19:06.909+0100] {processor.py:183} INFO - Processing /home/victor/airflow_env/lib/python3.10/site-packages/airflow/example_dags/example_branch_python_dop_operator_3.py took 1.989 seconds
[2024-07-15T10:22:49.246+0100] {processor.py:161} INFO - Started process (PID=24295) to work on /home/victor/airflow_env/lib/python3.10/site-packages/airflow/example_dags/example_branch_python_dop_operator_3.py
[2024-07-15T10:22:49.251+0100] {processor.py:830} INFO - Processing file /home/victor/airflow_env/lib/python3.10/site-packages/airflow/example_dags/example_branch_python_dop_operator_3.py for tasks to queue
[2024-07-15T10:22:49.260+0100] {logging_mixin.py:188} INFO - [2024-07-15T10:22:49.258+0100] {dagbag.py:545} INFO - Filling up the DagBag from /home/victor/airflow_env/lib/python3.10/site-packages/airflow/example_dags/example_branch_python_dop_operator_3.py
[2024-07-15T10:22:49.321+0100] {processor.py:840} INFO - DAG(s) 'example_branch_dop_operator_v3' retrieved from /home/victor/airflow_env/lib/python3.10/site-packages/airflow/example_dags/example_branch_python_dop_operator_3.py
[2024-07-15T10:22:49.853+0100] {logging_mixin.py:188} INFO - [2024-07-15T10:22:49.852+0100] {dag.py:3096} INFO - Sync 1 DAGs
[2024-07-15T10:22:50.244+0100] {logging_mixin.py:188} INFO - [2024-07-15T10:22:50.243+0100] {dag.py:3954} INFO - Setting next_dagrun for example_branch_dop_operator_v3 to 2024-07-15 09:21:00+00:00, run_after=2024-07-15 09:22:00+00:00
[2024-07-15T10:22:50.936+0100] {processor.py:183} INFO - Processing /home/victor/airflow_env/lib/python3.10/site-packages/airflow/example_dags/example_branch_python_dop_operator_3.py took 1.721 seconds
[2024-07-15T10:25:19.489+0100] {processor.py:161} INFO - Started process (PID=25384) to work on /home/victor/airflow_env/lib/python3.10/site-packages/airflow/example_dags/example_branch_python_dop_operator_3.py
[2024-07-15T10:25:19.496+0100] {processor.py:830} INFO - Processing file /home/victor/airflow_env/lib/python3.10/site-packages/airflow/example_dags/example_branch_python_dop_operator_3.py for tasks to queue
[2024-07-15T10:25:19.503+0100] {logging_mixin.py:188} INFO - [2024-07-15T10:25:19.502+0100] {dagbag.py:545} INFO - Filling up the DagBag from /home/victor/airflow_env/lib/python3.10/site-packages/airflow/example_dags/example_branch_python_dop_operator_3.py
[2024-07-15T10:25:19.565+0100] {processor.py:840} INFO - DAG(s) 'example_branch_dop_operator_v3' retrieved from /home/victor/airflow_env/lib/python3.10/site-packages/airflow/example_dags/example_branch_python_dop_operator_3.py
[2024-07-15T10:25:19.667+0100] {logging_mixin.py:188} INFO - [2024-07-15T10:25:19.666+0100] {dag.py:3096} INFO - Sync 1 DAGs
[2024-07-15T10:25:19.822+0100] {logging_mixin.py:188} INFO - [2024-07-15T10:25:19.821+0100] {dag.py:3954} INFO - Setting next_dagrun for example_branch_dop_operator_v3 to 2024-07-15 09:24:00+00:00, run_after=2024-07-15 09:25:00+00:00
[2024-07-15T10:25:20.136+0100] {processor.py:183} INFO - Processing /home/victor/airflow_env/lib/python3.10/site-packages/airflow/example_dags/example_branch_python_dop_operator_3.py took 0.681 seconds
[2024-07-15T10:28:37.879+0100] {processor.py:161} INFO - Started process (PID=26685) to work on /home/victor/airflow_env/lib/python3.10/site-packages/airflow/example_dags/example_branch_python_dop_operator_3.py
[2024-07-15T10:28:37.885+0100] {processor.py:830} INFO - Processing file /home/victor/airflow_env/lib/python3.10/site-packages/airflow/example_dags/example_branch_python_dop_operator_3.py for tasks to queue
[2024-07-15T10:28:37.893+0100] {logging_mixin.py:188} INFO - [2024-07-15T10:28:37.891+0100] {dagbag.py:545} INFO - Filling up the DagBag from /home/victor/airflow_env/lib/python3.10/site-packages/airflow/example_dags/example_branch_python_dop_operator_3.py
[2024-07-15T10:28:37.939+0100] {processor.py:840} INFO - DAG(s) 'example_branch_dop_operator_v3' retrieved from /home/victor/airflow_env/lib/python3.10/site-packages/airflow/example_dags/example_branch_python_dop_operator_3.py
[2024-07-15T10:28:38.054+0100] {logging_mixin.py:188} INFO - [2024-07-15T10:28:38.051+0100] {dag.py:3096} INFO - Sync 1 DAGs
[2024-07-15T10:28:38.211+0100] {logging_mixin.py:188} INFO - [2024-07-15T10:28:38.210+0100] {dag.py:3954} INFO - Setting next_dagrun for example_branch_dop_operator_v3 to 2024-07-15 09:27:00+00:00, run_after=2024-07-15 09:28:00+00:00
[2024-07-15T10:28:38.559+0100] {processor.py:183} INFO - Processing /home/victor/airflow_env/lib/python3.10/site-packages/airflow/example_dags/example_branch_python_dop_operator_3.py took 0.707 seconds
[2024-07-15T10:31:08.781+0100] {processor.py:161} INFO - Started process (PID=27483) to work on /home/victor/airflow_env/lib/python3.10/site-packages/airflow/example_dags/example_branch_python_dop_operator_3.py
[2024-07-15T10:31:08.790+0100] {processor.py:830} INFO - Processing file /home/victor/airflow_env/lib/python3.10/site-packages/airflow/example_dags/example_branch_python_dop_operator_3.py for tasks to queue
[2024-07-15T10:31:08.801+0100] {logging_mixin.py:188} INFO - [2024-07-15T10:31:08.799+0100] {dagbag.py:545} INFO - Filling up the DagBag from /home/victor/airflow_env/lib/python3.10/site-packages/airflow/example_dags/example_branch_python_dop_operator_3.py
[2024-07-15T10:31:08.864+0100] {processor.py:840} INFO - DAG(s) 'example_branch_dop_operator_v3' retrieved from /home/victor/airflow_env/lib/python3.10/site-packages/airflow/example_dags/example_branch_python_dop_operator_3.py
[2024-07-15T10:31:09.008+0100] {logging_mixin.py:188} INFO - [2024-07-15T10:31:09.006+0100] {dag.py:3096} INFO - Sync 1 DAGs
[2024-07-15T10:31:09.313+0100] {logging_mixin.py:188} INFO - [2024-07-15T10:31:09.312+0100] {dag.py:3954} INFO - Setting next_dagrun for example_branch_dop_operator_v3 to 2024-07-15 09:30:00+00:00, run_after=2024-07-15 09:31:00+00:00
[2024-07-15T10:31:09.854+0100] {processor.py:183} INFO - Processing /home/victor/airflow_env/lib/python3.10/site-packages/airflow/example_dags/example_branch_python_dop_operator_3.py took 1.113 seconds
[2024-07-15T10:34:12.703+0100] {processor.py:161} INFO - Started process (PID=28699) to work on /home/victor/airflow_env/lib/python3.10/site-packages/airflow/example_dags/example_branch_python_dop_operator_3.py
[2024-07-15T10:34:12.711+0100] {processor.py:830} INFO - Processing file /home/victor/airflow_env/lib/python3.10/site-packages/airflow/example_dags/example_branch_python_dop_operator_3.py for tasks to queue
[2024-07-15T10:34:12.721+0100] {logging_mixin.py:188} INFO - [2024-07-15T10:34:12.720+0100] {dagbag.py:545} INFO - Filling up the DagBag from /home/victor/airflow_env/lib/python3.10/site-packages/airflow/example_dags/example_branch_python_dop_operator_3.py
[2024-07-15T10:34:12.796+0100] {processor.py:840} INFO - DAG(s) 'example_branch_dop_operator_v3' retrieved from /home/victor/airflow_env/lib/python3.10/site-packages/airflow/example_dags/example_branch_python_dop_operator_3.py
[2024-07-15T10:34:12.951+0100] {logging_mixin.py:188} INFO - [2024-07-15T10:34:12.950+0100] {dag.py:3096} INFO - Sync 1 DAGs
[2024-07-15T10:34:13.142+0100] {logging_mixin.py:188} INFO - [2024-07-15T10:34:13.141+0100] {dag.py:3954} INFO - Setting next_dagrun for example_branch_dop_operator_v3 to 2024-07-15 09:33:00+00:00, run_after=2024-07-15 09:34:00+00:00
[2024-07-15T10:34:13.494+0100] {processor.py:183} INFO - Processing /home/victor/airflow_env/lib/python3.10/site-packages/airflow/example_dags/example_branch_python_dop_operator_3.py took 0.827 seconds
[2024-07-15T10:36:55.517+0100] {processor.py:161} INFO - Started process (PID=29600) to work on /home/victor/airflow_env/lib/python3.10/site-packages/airflow/example_dags/example_branch_python_dop_operator_3.py
[2024-07-15T10:36:55.521+0100] {processor.py:830} INFO - Processing file /home/victor/airflow_env/lib/python3.10/site-packages/airflow/example_dags/example_branch_python_dop_operator_3.py for tasks to queue
[2024-07-15T10:36:55.531+0100] {logging_mixin.py:188} INFO - [2024-07-15T10:36:55.529+0100] {dagbag.py:545} INFO - Filling up the DagBag from /home/victor/airflow_env/lib/python3.10/site-packages/airflow/example_dags/example_branch_python_dop_operator_3.py
[2024-07-15T10:36:55.577+0100] {processor.py:840} INFO - DAG(s) 'example_branch_dop_operator_v3' retrieved from /home/victor/airflow_env/lib/python3.10/site-packages/airflow/example_dags/example_branch_python_dop_operator_3.py
[2024-07-15T10:36:55.700+0100] {logging_mixin.py:188} INFO - [2024-07-15T10:36:55.699+0100] {dag.py:3096} INFO - Sync 1 DAGs
[2024-07-15T10:36:55.870+0100] {logging_mixin.py:188} INFO - [2024-07-15T10:36:55.868+0100] {dag.py:3954} INFO - Setting next_dagrun for example_branch_dop_operator_v3 to 2024-07-15 09:35:00+00:00, run_after=2024-07-15 09:36:00+00:00
[2024-07-15T10:36:56.243+0100] {processor.py:183} INFO - Processing /home/victor/airflow_env/lib/python3.10/site-packages/airflow/example_dags/example_branch_python_dop_operator_3.py took 0.762 seconds
[2024-07-15T10:39:36.575+0100] {processor.py:161} INFO - Started process (PID=30479) to work on /home/victor/airflow_env/lib/python3.10/site-packages/airflow/example_dags/example_branch_python_dop_operator_3.py
[2024-07-15T10:39:36.579+0100] {processor.py:830} INFO - Processing file /home/victor/airflow_env/lib/python3.10/site-packages/airflow/example_dags/example_branch_python_dop_operator_3.py for tasks to queue
[2024-07-15T10:39:36.586+0100] {logging_mixin.py:188} INFO - [2024-07-15T10:39:36.585+0100] {dagbag.py:545} INFO - Filling up the DagBag from /home/victor/airflow_env/lib/python3.10/site-packages/airflow/example_dags/example_branch_python_dop_operator_3.py
[2024-07-15T10:39:36.633+0100] {processor.py:840} INFO - DAG(s) 'example_branch_dop_operator_v3' retrieved from /home/victor/airflow_env/lib/python3.10/site-packages/airflow/example_dags/example_branch_python_dop_operator_3.py
[2024-07-15T10:39:36.738+0100] {logging_mixin.py:188} INFO - [2024-07-15T10:39:36.737+0100] {dag.py:3096} INFO - Sync 1 DAGs
[2024-07-15T10:39:36.895+0100] {logging_mixin.py:188} INFO - [2024-07-15T10:39:36.895+0100] {dag.py:3954} INFO - Setting next_dagrun for example_branch_dop_operator_v3 to 2024-07-15 09:38:00+00:00, run_after=2024-07-15 09:39:00+00:00
[2024-07-15T10:39:37.306+0100] {processor.py:183} INFO - Processing /home/victor/airflow_env/lib/python3.10/site-packages/airflow/example_dags/example_branch_python_dop_operator_3.py took 0.760 seconds
[2024-07-15T10:42:07.319+0100] {processor.py:161} INFO - Started process (PID=31251) to work on /home/victor/airflow_env/lib/python3.10/site-packages/airflow/example_dags/example_branch_python_dop_operator_3.py
[2024-07-15T10:42:07.332+0100] {processor.py:830} INFO - Processing file /home/victor/airflow_env/lib/python3.10/site-packages/airflow/example_dags/example_branch_python_dop_operator_3.py for tasks to queue
[2024-07-15T10:42:07.346+0100] {logging_mixin.py:188} INFO - [2024-07-15T10:42:07.342+0100] {dagbag.py:545} INFO - Filling up the DagBag from /home/victor/airflow_env/lib/python3.10/site-packages/airflow/example_dags/example_branch_python_dop_operator_3.py
[2024-07-15T10:42:07.412+0100] {processor.py:840} INFO - DAG(s) 'example_branch_dop_operator_v3' retrieved from /home/victor/airflow_env/lib/python3.10/site-packages/airflow/example_dags/example_branch_python_dop_operator_3.py
[2024-07-15T10:42:07.551+0100] {logging_mixin.py:188} INFO - [2024-07-15T10:42:07.550+0100] {dag.py:3096} INFO - Sync 1 DAGs
[2024-07-15T10:42:07.712+0100] {logging_mixin.py:188} INFO - [2024-07-15T10:42:07.711+0100] {dag.py:3954} INFO - Setting next_dagrun for example_branch_dop_operator_v3 to 2024-07-15 09:41:00+00:00, run_after=2024-07-15 09:42:00+00:00
[2024-07-15T10:42:08.100+0100] {processor.py:183} INFO - Processing /home/victor/airflow_env/lib/python3.10/site-packages/airflow/example_dags/example_branch_python_dop_operator_3.py took 0.821 seconds
[2024-07-15T10:44:40.696+0100] {processor.py:161} INFO - Started process (PID=32079) to work on /home/victor/airflow_env/lib/python3.10/site-packages/airflow/example_dags/example_branch_python_dop_operator_3.py
[2024-07-15T10:44:40.700+0100] {processor.py:830} INFO - Processing file /home/victor/airflow_env/lib/python3.10/site-packages/airflow/example_dags/example_branch_python_dop_operator_3.py for tasks to queue
[2024-07-15T10:44:40.707+0100] {logging_mixin.py:188} INFO - [2024-07-15T10:44:40.705+0100] {dagbag.py:545} INFO - Filling up the DagBag from /home/victor/airflow_env/lib/python3.10/site-packages/airflow/example_dags/example_branch_python_dop_operator_3.py
[2024-07-15T10:44:40.751+0100] {processor.py:840} INFO - DAG(s) 'example_branch_dop_operator_v3' retrieved from /home/victor/airflow_env/lib/python3.10/site-packages/airflow/example_dags/example_branch_python_dop_operator_3.py
[2024-07-15T10:44:40.845+0100] {logging_mixin.py:188} INFO - [2024-07-15T10:44:40.844+0100] {dag.py:3096} INFO - Sync 1 DAGs
[2024-07-15T10:44:40.983+0100] {logging_mixin.py:188} INFO - [2024-07-15T10:44:40.982+0100] {dag.py:3954} INFO - Setting next_dagrun for example_branch_dop_operator_v3 to 2024-07-15 09:43:00+00:00, run_after=2024-07-15 09:44:00+00:00
[2024-07-15T10:44:41.275+0100] {processor.py:183} INFO - Processing /home/victor/airflow_env/lib/python3.10/site-packages/airflow/example_dags/example_branch_python_dop_operator_3.py took 0.605 seconds
[2024-07-15T10:47:06.251+0100] {processor.py:161} INFO - Started process (PID=32830) to work on /home/victor/airflow_env/lib/python3.10/site-packages/airflow/example_dags/example_branch_python_dop_operator_3.py
[2024-07-15T10:47:06.255+0100] {processor.py:830} INFO - Processing file /home/victor/airflow_env/lib/python3.10/site-packages/airflow/example_dags/example_branch_python_dop_operator_3.py for tasks to queue
[2024-07-15T10:47:06.264+0100] {logging_mixin.py:188} INFO - [2024-07-15T10:47:06.261+0100] {dagbag.py:545} INFO - Filling up the DagBag from /home/victor/airflow_env/lib/python3.10/site-packages/airflow/example_dags/example_branch_python_dop_operator_3.py
[2024-07-15T10:47:06.313+0100] {processor.py:840} INFO - DAG(s) 'example_branch_dop_operator_v3' retrieved from /home/victor/airflow_env/lib/python3.10/site-packages/airflow/example_dags/example_branch_python_dop_operator_3.py
[2024-07-15T10:47:06.417+0100] {logging_mixin.py:188} INFO - [2024-07-15T10:47:06.416+0100] {dag.py:3096} INFO - Sync 1 DAGs
[2024-07-15T10:47:06.565+0100] {logging_mixin.py:188} INFO - [2024-07-15T10:47:06.563+0100] {dag.py:3954} INFO - Setting next_dagrun for example_branch_dop_operator_v3 to 2024-07-15 09:46:00+00:00, run_after=2024-07-15 09:47:00+00:00
[2024-07-15T10:47:06.967+0100] {processor.py:183} INFO - Processing /home/victor/airflow_env/lib/python3.10/site-packages/airflow/example_dags/example_branch_python_dop_operator_3.py took 0.743 seconds
[2024-07-15T10:50:05.685+0100] {processor.py:161} INFO - Started process (PID=33979) to work on /home/victor/airflow_env/lib/python3.10/site-packages/airflow/example_dags/example_branch_python_dop_operator_3.py
[2024-07-15T10:50:05.689+0100] {processor.py:830} INFO - Processing file /home/victor/airflow_env/lib/python3.10/site-packages/airflow/example_dags/example_branch_python_dop_operator_3.py for tasks to queue
[2024-07-15T10:50:05.696+0100] {logging_mixin.py:188} INFO - [2024-07-15T10:50:05.694+0100] {dagbag.py:545} INFO - Filling up the DagBag from /home/victor/airflow_env/lib/python3.10/site-packages/airflow/example_dags/example_branch_python_dop_operator_3.py
[2024-07-15T10:50:05.740+0100] {processor.py:840} INFO - DAG(s) 'example_branch_dop_operator_v3' retrieved from /home/victor/airflow_env/lib/python3.10/site-packages/airflow/example_dags/example_branch_python_dop_operator_3.py
[2024-07-15T10:50:05.830+0100] {logging_mixin.py:188} INFO - [2024-07-15T10:50:05.829+0100] {dag.py:3096} INFO - Sync 1 DAGs
[2024-07-15T10:50:05.975+0100] {logging_mixin.py:188} INFO - [2024-07-15T10:50:05.974+0100] {dag.py:3954} INFO - Setting next_dagrun for example_branch_dop_operator_v3 to 2024-07-15 09:49:00+00:00, run_after=2024-07-15 09:50:00+00:00
[2024-07-15T10:50:06.249+0100] {processor.py:183} INFO - Processing /home/victor/airflow_env/lib/python3.10/site-packages/airflow/example_dags/example_branch_python_dop_operator_3.py took 0.601 seconds
