[2024-07-15T09:49:13.114+0100] {processor.py:161} INFO - Started process (PID=10743) to work on /home/victor/airflow_env/lib/python3.10/site-packages/airflow/example_dags/example_local_kubernetes_executor.py
[2024-07-15T09:49:13.139+0100] {processor.py:830} INFO - Processing file /home/victor/airflow_env/lib/python3.10/site-packages/airflow/example_dags/example_local_kubernetes_executor.py for tasks to queue
[2024-07-15T09:49:13.158+0100] {logging_mixin.py:188} INFO - [2024-07-15T09:49:13.148+0100] {dagbag.py:545} INFO - Filling up the DagBag from /home/victor/airflow_env/lib/python3.10/site-packages/airflow/example_dags/example_local_kubernetes_executor.py
[2024-07-15T09:49:13.256+0100] {logging_mixin.py:188} INFO - [2024-07-15T09:49:13.254+0100] {example_local_kubernetes_executor.py:40} WARNING - Could not import DAGs in example_local_kubernetes_executor.py
Traceback (most recent call last):
  File "/home/victor/airflow_env/lib/python3.10/site-packages/airflow/example_dags/example_local_kubernetes_executor.py", line 38, in <module>
    from kubernetes.client import models as k8s
ModuleNotFoundError: No module named 'kubernetes'
[2024-07-15T09:49:13.260+0100] {logging_mixin.py:188} INFO - [2024-07-15T09:49:13.259+0100] {example_local_kubernetes_executor.py:41} WARNING - Install Kubernetes dependencies with: pip install apache-airflow[cncf.kubernetes]
[2024-07-15T09:49:13.275+0100] {processor.py:842} WARNING - No viable dags retrieved from /home/victor/airflow_env/lib/python3.10/site-packages/airflow/example_dags/example_local_kubernetes_executor.py
[2024-07-15T09:49:13.525+0100] {processor.py:183} INFO - Processing /home/victor/airflow_env/lib/python3.10/site-packages/airflow/example_dags/example_local_kubernetes_executor.py took 0.543 seconds
[2024-07-15T09:51:10.048+0100] {processor.py:161} INFO - Started process (PID=11420) to work on /home/victor/airflow_env/lib/python3.10/site-packages/airflow/example_dags/example_local_kubernetes_executor.py
[2024-07-15T09:51:10.053+0100] {processor.py:830} INFO - Processing file /home/victor/airflow_env/lib/python3.10/site-packages/airflow/example_dags/example_local_kubernetes_executor.py for tasks to queue
[2024-07-15T09:51:10.060+0100] {logging_mixin.py:188} INFO - [2024-07-15T09:51:10.059+0100] {dagbag.py:545} INFO - Filling up the DagBag from /home/victor/airflow_env/lib/python3.10/site-packages/airflow/example_dags/example_local_kubernetes_executor.py
[2024-07-15T09:51:10.076+0100] {logging_mixin.py:188} INFO - [2024-07-15T09:51:10.074+0100] {example_local_kubernetes_executor.py:40} WARNING - Could not import DAGs in example_local_kubernetes_executor.py
Traceback (most recent call last):
  File "/home/victor/airflow_env/lib/python3.10/site-packages/airflow/example_dags/example_local_kubernetes_executor.py", line 38, in <module>
    from kubernetes.client import models as k8s
ModuleNotFoundError: No module named 'kubernetes'
[2024-07-15T09:51:10.078+0100] {logging_mixin.py:188} INFO - [2024-07-15T09:51:10.077+0100] {example_local_kubernetes_executor.py:41} WARNING - Install Kubernetes dependencies with: pip install apache-airflow[cncf.kubernetes]
[2024-07-15T09:51:10.080+0100] {processor.py:842} WARNING - No viable dags retrieved from /home/victor/airflow_env/lib/python3.10/site-packages/airflow/example_dags/example_local_kubernetes_executor.py
[2024-07-15T09:51:10.146+0100] {processor.py:183} INFO - Processing /home/victor/airflow_env/lib/python3.10/site-packages/airflow/example_dags/example_local_kubernetes_executor.py took 0.121 seconds
[2024-07-15T09:54:35.024+0100] {processor.py:161} INFO - Started process (PID=12803) to work on /home/victor/airflow_env/lib/python3.10/site-packages/airflow/example_dags/example_local_kubernetes_executor.py
[2024-07-15T09:54:35.030+0100] {processor.py:830} INFO - Processing file /home/victor/airflow_env/lib/python3.10/site-packages/airflow/example_dags/example_local_kubernetes_executor.py for tasks to queue
[2024-07-15T09:54:35.046+0100] {logging_mixin.py:188} INFO - [2024-07-15T09:54:35.043+0100] {dagbag.py:545} INFO - Filling up the DagBag from /home/victor/airflow_env/lib/python3.10/site-packages/airflow/example_dags/example_local_kubernetes_executor.py
[2024-07-15T09:54:35.080+0100] {logging_mixin.py:188} INFO - [2024-07-15T09:54:35.076+0100] {example_local_kubernetes_executor.py:40} WARNING - Could not import DAGs in example_local_kubernetes_executor.py
Traceback (most recent call last):
  File "/home/victor/airflow_env/lib/python3.10/site-packages/airflow/example_dags/example_local_kubernetes_executor.py", line 38, in <module>
    from kubernetes.client import models as k8s
ModuleNotFoundError: No module named 'kubernetes'
[2024-07-15T09:54:35.084+0100] {logging_mixin.py:188} INFO - [2024-07-15T09:54:35.083+0100] {example_local_kubernetes_executor.py:41} WARNING - Install Kubernetes dependencies with: pip install apache-airflow[cncf.kubernetes]
[2024-07-15T09:54:35.090+0100] {processor.py:842} WARNING - No viable dags retrieved from /home/victor/airflow_env/lib/python3.10/site-packages/airflow/example_dags/example_local_kubernetes_executor.py
[2024-07-15T09:54:35.202+0100] {processor.py:183} INFO - Processing /home/victor/airflow_env/lib/python3.10/site-packages/airflow/example_dags/example_local_kubernetes_executor.py took 0.234 seconds
[2024-07-15T09:57:43.804+0100] {processor.py:161} INFO - Started process (PID=14261) to work on /home/victor/airflow_env/lib/python3.10/site-packages/airflow/example_dags/example_local_kubernetes_executor.py
[2024-07-15T09:57:43.808+0100] {processor.py:830} INFO - Processing file /home/victor/airflow_env/lib/python3.10/site-packages/airflow/example_dags/example_local_kubernetes_executor.py for tasks to queue
[2024-07-15T09:57:43.825+0100] {logging_mixin.py:188} INFO - [2024-07-15T09:57:43.815+0100] {dagbag.py:545} INFO - Filling up the DagBag from /home/victor/airflow_env/lib/python3.10/site-packages/airflow/example_dags/example_local_kubernetes_executor.py
[2024-07-15T09:57:43.856+0100] {logging_mixin.py:188} INFO - [2024-07-15T09:57:43.854+0100] {example_local_kubernetes_executor.py:40} WARNING - Could not import DAGs in example_local_kubernetes_executor.py
Traceback (most recent call last):
  File "/home/victor/airflow_env/lib/python3.10/site-packages/airflow/example_dags/example_local_kubernetes_executor.py", line 38, in <module>
    from kubernetes.client import models as k8s
ModuleNotFoundError: No module named 'kubernetes'
[2024-07-15T09:57:43.858+0100] {logging_mixin.py:188} INFO - [2024-07-15T09:57:43.858+0100] {example_local_kubernetes_executor.py:41} WARNING - Install Kubernetes dependencies with: pip install apache-airflow[cncf.kubernetes]
[2024-07-15T09:57:43.862+0100] {processor.py:842} WARNING - No viable dags retrieved from /home/victor/airflow_env/lib/python3.10/site-packages/airflow/example_dags/example_local_kubernetes_executor.py
[2024-07-15T09:57:43.942+0100] {processor.py:183} INFO - Processing /home/victor/airflow_env/lib/python3.10/site-packages/airflow/example_dags/example_local_kubernetes_executor.py took 0.195 seconds
[2024-07-15T10:00:34.901+0100] {processor.py:161} INFO - Started process (PID=15322) to work on /home/victor/airflow_env/lib/python3.10/site-packages/airflow/example_dags/example_local_kubernetes_executor.py
[2024-07-15T10:00:34.904+0100] {processor.py:830} INFO - Processing file /home/victor/airflow_env/lib/python3.10/site-packages/airflow/example_dags/example_local_kubernetes_executor.py for tasks to queue
[2024-07-15T10:00:34.911+0100] {logging_mixin.py:188} INFO - [2024-07-15T10:00:34.910+0100] {dagbag.py:545} INFO - Filling up the DagBag from /home/victor/airflow_env/lib/python3.10/site-packages/airflow/example_dags/example_local_kubernetes_executor.py
[2024-07-15T10:00:34.926+0100] {logging_mixin.py:188} INFO - [2024-07-15T10:00:34.924+0100] {example_local_kubernetes_executor.py:40} WARNING - Could not import DAGs in example_local_kubernetes_executor.py
Traceback (most recent call last):
  File "/home/victor/airflow_env/lib/python3.10/site-packages/airflow/example_dags/example_local_kubernetes_executor.py", line 38, in <module>
    from kubernetes.client import models as k8s
ModuleNotFoundError: No module named 'kubernetes'
[2024-07-15T10:00:34.928+0100] {logging_mixin.py:188} INFO - [2024-07-15T10:00:34.928+0100] {example_local_kubernetes_executor.py:41} WARNING - Install Kubernetes dependencies with: pip install apache-airflow[cncf.kubernetes]
[2024-07-15T10:00:34.930+0100] {processor.py:842} WARNING - No viable dags retrieved from /home/victor/airflow_env/lib/python3.10/site-packages/airflow/example_dags/example_local_kubernetes_executor.py
[2024-07-15T10:00:34.995+0100] {processor.py:183} INFO - Processing /home/victor/airflow_env/lib/python3.10/site-packages/airflow/example_dags/example_local_kubernetes_executor.py took 0.119 seconds
[2024-07-15T10:03:20.967+0100] {processor.py:161} INFO - Started process (PID=16736) to work on /home/victor/airflow_env/lib/python3.10/site-packages/airflow/example_dags/example_local_kubernetes_executor.py
[2024-07-15T10:03:20.972+0100] {processor.py:830} INFO - Processing file /home/victor/airflow_env/lib/python3.10/site-packages/airflow/example_dags/example_local_kubernetes_executor.py for tasks to queue
[2024-07-15T10:03:20.979+0100] {logging_mixin.py:188} INFO - [2024-07-15T10:03:20.977+0100] {dagbag.py:545} INFO - Filling up the DagBag from /home/victor/airflow_env/lib/python3.10/site-packages/airflow/example_dags/example_local_kubernetes_executor.py
[2024-07-15T10:03:20.995+0100] {logging_mixin.py:188} INFO - [2024-07-15T10:03:20.993+0100] {example_local_kubernetes_executor.py:40} WARNING - Could not import DAGs in example_local_kubernetes_executor.py
Traceback (most recent call last):
  File "/home/victor/airflow_env/lib/python3.10/site-packages/airflow/example_dags/example_local_kubernetes_executor.py", line 38, in <module>
    from kubernetes.client import models as k8s
ModuleNotFoundError: No module named 'kubernetes'
[2024-07-15T10:03:20.997+0100] {logging_mixin.py:188} INFO - [2024-07-15T10:03:20.996+0100] {example_local_kubernetes_executor.py:41} WARNING - Install Kubernetes dependencies with: pip install apache-airflow[cncf.kubernetes]
[2024-07-15T10:03:20.999+0100] {processor.py:842} WARNING - No viable dags retrieved from /home/victor/airflow_env/lib/python3.10/site-packages/airflow/example_dags/example_local_kubernetes_executor.py
[2024-07-15T10:03:21.068+0100] {processor.py:183} INFO - Processing /home/victor/airflow_env/lib/python3.10/site-packages/airflow/example_dags/example_local_kubernetes_executor.py took 0.127 seconds
[2024-07-15T10:05:42.990+0100] {processor.py:161} INFO - Started process (PID=17527) to work on /home/victor/airflow_env/lib/python3.10/site-packages/airflow/example_dags/example_local_kubernetes_executor.py
[2024-07-15T10:05:42.994+0100] {processor.py:830} INFO - Processing file /home/victor/airflow_env/lib/python3.10/site-packages/airflow/example_dags/example_local_kubernetes_executor.py for tasks to queue
[2024-07-15T10:05:43.002+0100] {logging_mixin.py:188} INFO - [2024-07-15T10:05:43.001+0100] {dagbag.py:545} INFO - Filling up the DagBag from /home/victor/airflow_env/lib/python3.10/site-packages/airflow/example_dags/example_local_kubernetes_executor.py
[2024-07-15T10:05:43.017+0100] {logging_mixin.py:188} INFO - [2024-07-15T10:05:43.015+0100] {example_local_kubernetes_executor.py:40} WARNING - Could not import DAGs in example_local_kubernetes_executor.py
Traceback (most recent call last):
  File "/home/victor/airflow_env/lib/python3.10/site-packages/airflow/example_dags/example_local_kubernetes_executor.py", line 38, in <module>
    from kubernetes.client import models as k8s
ModuleNotFoundError: No module named 'kubernetes'
[2024-07-15T10:05:43.019+0100] {logging_mixin.py:188} INFO - [2024-07-15T10:05:43.019+0100] {example_local_kubernetes_executor.py:41} WARNING - Install Kubernetes dependencies with: pip install apache-airflow[cncf.kubernetes]
[2024-07-15T10:05:43.021+0100] {processor.py:842} WARNING - No viable dags retrieved from /home/victor/airflow_env/lib/python3.10/site-packages/airflow/example_dags/example_local_kubernetes_executor.py
[2024-07-15T10:05:43.085+0100] {processor.py:183} INFO - Processing /home/victor/airflow_env/lib/python3.10/site-packages/airflow/example_dags/example_local_kubernetes_executor.py took 0.120 seconds
[2024-07-15T10:08:55.904+0100] {processor.py:161} INFO - Started process (PID=18847) to work on /home/victor/airflow_env/lib/python3.10/site-packages/airflow/example_dags/example_local_kubernetes_executor.py
[2024-07-15T10:08:55.909+0100] {processor.py:830} INFO - Processing file /home/victor/airflow_env/lib/python3.10/site-packages/airflow/example_dags/example_local_kubernetes_executor.py for tasks to queue
[2024-07-15T10:08:55.924+0100] {logging_mixin.py:188} INFO - [2024-07-15T10:08:55.923+0100] {dagbag.py:545} INFO - Filling up the DagBag from /home/victor/airflow_env/lib/python3.10/site-packages/airflow/example_dags/example_local_kubernetes_executor.py
[2024-07-15T10:08:55.947+0100] {logging_mixin.py:188} INFO - [2024-07-15T10:08:55.944+0100] {example_local_kubernetes_executor.py:40} WARNING - Could not import DAGs in example_local_kubernetes_executor.py
Traceback (most recent call last):
  File "/home/victor/airflow_env/lib/python3.10/site-packages/airflow/example_dags/example_local_kubernetes_executor.py", line 38, in <module>
    from kubernetes.client import models as k8s
ModuleNotFoundError: No module named 'kubernetes'
[2024-07-15T10:08:55.950+0100] {logging_mixin.py:188} INFO - [2024-07-15T10:08:55.949+0100] {example_local_kubernetes_executor.py:41} WARNING - Install Kubernetes dependencies with: pip install apache-airflow[cncf.kubernetes]
[2024-07-15T10:08:55.952+0100] {processor.py:842} WARNING - No viable dags retrieved from /home/victor/airflow_env/lib/python3.10/site-packages/airflow/example_dags/example_local_kubernetes_executor.py
[2024-07-15T10:08:56.090+0100] {processor.py:183} INFO - Processing /home/victor/airflow_env/lib/python3.10/site-packages/airflow/example_dags/example_local_kubernetes_executor.py took 0.226 seconds
[2024-07-15T10:11:54.494+0100] {processor.py:161} INFO - Started process (PID=19960) to work on /home/victor/airflow_env/lib/python3.10/site-packages/airflow/example_dags/example_local_kubernetes_executor.py
[2024-07-15T10:11:54.498+0100] {processor.py:830} INFO - Processing file /home/victor/airflow_env/lib/python3.10/site-packages/airflow/example_dags/example_local_kubernetes_executor.py for tasks to queue
[2024-07-15T10:11:54.506+0100] {logging_mixin.py:188} INFO - [2024-07-15T10:11:54.504+0100] {dagbag.py:545} INFO - Filling up the DagBag from /home/victor/airflow_env/lib/python3.10/site-packages/airflow/example_dags/example_local_kubernetes_executor.py
[2024-07-15T10:11:54.523+0100] {logging_mixin.py:188} INFO - [2024-07-15T10:11:54.521+0100] {example_local_kubernetes_executor.py:40} WARNING - Could not import DAGs in example_local_kubernetes_executor.py
Traceback (most recent call last):
  File "/home/victor/airflow_env/lib/python3.10/site-packages/airflow/example_dags/example_local_kubernetes_executor.py", line 38, in <module>
    from kubernetes.client import models as k8s
ModuleNotFoundError: No module named 'kubernetes'
[2024-07-15T10:11:54.525+0100] {logging_mixin.py:188} INFO - [2024-07-15T10:11:54.525+0100] {example_local_kubernetes_executor.py:41} WARNING - Install Kubernetes dependencies with: pip install apache-airflow[cncf.kubernetes]
[2024-07-15T10:11:54.527+0100] {processor.py:842} WARNING - No viable dags retrieved from /home/victor/airflow_env/lib/python3.10/site-packages/airflow/example_dags/example_local_kubernetes_executor.py
[2024-07-15T10:11:54.602+0100] {processor.py:183} INFO - Processing /home/victor/airflow_env/lib/python3.10/site-packages/airflow/example_dags/example_local_kubernetes_executor.py took 0.142 seconds
[2024-07-15T10:14:45.641+0100] {processor.py:161} INFO - Started process (PID=20883) to work on /home/victor/airflow_env/lib/python3.10/site-packages/airflow/example_dags/example_local_kubernetes_executor.py
[2024-07-15T10:14:45.645+0100] {processor.py:830} INFO - Processing file /home/victor/airflow_env/lib/python3.10/site-packages/airflow/example_dags/example_local_kubernetes_executor.py for tasks to queue
[2024-07-15T10:14:45.653+0100] {logging_mixin.py:188} INFO - [2024-07-15T10:14:45.651+0100] {dagbag.py:545} INFO - Filling up the DagBag from /home/victor/airflow_env/lib/python3.10/site-packages/airflow/example_dags/example_local_kubernetes_executor.py
[2024-07-15T10:14:45.670+0100] {logging_mixin.py:188} INFO - [2024-07-15T10:14:45.668+0100] {example_local_kubernetes_executor.py:40} WARNING - Could not import DAGs in example_local_kubernetes_executor.py
Traceback (most recent call last):
  File "/home/victor/airflow_env/lib/python3.10/site-packages/airflow/example_dags/example_local_kubernetes_executor.py", line 38, in <module>
    from kubernetes.client import models as k8s
ModuleNotFoundError: No module named 'kubernetes'
[2024-07-15T10:14:45.672+0100] {logging_mixin.py:188} INFO - [2024-07-15T10:14:45.671+0100] {example_local_kubernetes_executor.py:41} WARNING - Install Kubernetes dependencies with: pip install apache-airflow[cncf.kubernetes]
[2024-07-15T10:14:45.675+0100] {processor.py:842} WARNING - No viable dags retrieved from /home/victor/airflow_env/lib/python3.10/site-packages/airflow/example_dags/example_local_kubernetes_executor.py
[2024-07-15T10:14:45.749+0100] {processor.py:183} INFO - Processing /home/victor/airflow_env/lib/python3.10/site-packages/airflow/example_dags/example_local_kubernetes_executor.py took 0.138 seconds
[2024-07-15T10:17:42.761+0100] {processor.py:161} INFO - Started process (PID=22018) to work on /home/victor/airflow_env/lib/python3.10/site-packages/airflow/example_dags/example_local_kubernetes_executor.py
[2024-07-15T10:17:42.771+0100] {processor.py:830} INFO - Processing file /home/victor/airflow_env/lib/python3.10/site-packages/airflow/example_dags/example_local_kubernetes_executor.py for tasks to queue
[2024-07-15T10:17:42.792+0100] {logging_mixin.py:188} INFO - [2024-07-15T10:17:42.789+0100] {dagbag.py:545} INFO - Filling up the DagBag from /home/victor/airflow_env/lib/python3.10/site-packages/airflow/example_dags/example_local_kubernetes_executor.py
[2024-07-15T10:17:42.824+0100] {logging_mixin.py:188} INFO - [2024-07-15T10:17:42.819+0100] {example_local_kubernetes_executor.py:40} WARNING - Could not import DAGs in example_local_kubernetes_executor.py
Traceback (most recent call last):
  File "/home/victor/airflow_env/lib/python3.10/site-packages/airflow/example_dags/example_local_kubernetes_executor.py", line 38, in <module>
    from kubernetes.client import models as k8s
ModuleNotFoundError: No module named 'kubernetes'
[2024-07-15T10:17:42.827+0100] {logging_mixin.py:188} INFO - [2024-07-15T10:17:42.826+0100] {example_local_kubernetes_executor.py:41} WARNING - Install Kubernetes dependencies with: pip install apache-airflow[cncf.kubernetes]
[2024-07-15T10:17:42.829+0100] {processor.py:842} WARNING - No viable dags retrieved from /home/victor/airflow_env/lib/python3.10/site-packages/airflow/example_dags/example_local_kubernetes_executor.py
[2024-07-15T10:17:42.926+0100] {processor.py:183} INFO - Processing /home/victor/airflow_env/lib/python3.10/site-packages/airflow/example_dags/example_local_kubernetes_executor.py took 0.239 seconds
[2024-07-15T10:21:03.539+0100] {processor.py:161} INFO - Started process (PID=23385) to work on /home/victor/airflow_env/lib/python3.10/site-packages/airflow/example_dags/example_local_kubernetes_executor.py
[2024-07-15T10:21:03.543+0100] {processor.py:830} INFO - Processing file /home/victor/airflow_env/lib/python3.10/site-packages/airflow/example_dags/example_local_kubernetes_executor.py for tasks to queue
[2024-07-15T10:21:03.551+0100] {logging_mixin.py:188} INFO - [2024-07-15T10:21:03.549+0100] {dagbag.py:545} INFO - Filling up the DagBag from /home/victor/airflow_env/lib/python3.10/site-packages/airflow/example_dags/example_local_kubernetes_executor.py
[2024-07-15T10:21:03.577+0100] {logging_mixin.py:188} INFO - [2024-07-15T10:21:03.571+0100] {example_local_kubernetes_executor.py:40} WARNING - Could not import DAGs in example_local_kubernetes_executor.py
Traceback (most recent call last):
  File "/home/victor/airflow_env/lib/python3.10/site-packages/airflow/example_dags/example_local_kubernetes_executor.py", line 38, in <module>
    from kubernetes.client import models as k8s
ModuleNotFoundError: No module named 'kubernetes'
[2024-07-15T10:21:03.604+0100] {logging_mixin.py:188} INFO - [2024-07-15T10:21:03.603+0100] {example_local_kubernetes_executor.py:41} WARNING - Install Kubernetes dependencies with: pip install apache-airflow[cncf.kubernetes]
[2024-07-15T10:21:03.606+0100] {processor.py:842} WARNING - No viable dags retrieved from /home/victor/airflow_env/lib/python3.10/site-packages/airflow/example_dags/example_local_kubernetes_executor.py
[2024-07-15T10:21:03.741+0100] {processor.py:183} INFO - Processing /home/victor/airflow_env/lib/python3.10/site-packages/airflow/example_dags/example_local_kubernetes_executor.py took 0.228 seconds
[2024-07-15T10:24:59.143+0100] {processor.py:161} INFO - Started process (PID=25276) to work on /home/victor/airflow_env/lib/python3.10/site-packages/airflow/example_dags/example_local_kubernetes_executor.py
[2024-07-15T10:24:59.147+0100] {processor.py:830} INFO - Processing file /home/victor/airflow_env/lib/python3.10/site-packages/airflow/example_dags/example_local_kubernetes_executor.py for tasks to queue
[2024-07-15T10:24:59.156+0100] {logging_mixin.py:188} INFO - [2024-07-15T10:24:59.154+0100] {dagbag.py:545} INFO - Filling up the DagBag from /home/victor/airflow_env/lib/python3.10/site-packages/airflow/example_dags/example_local_kubernetes_executor.py
[2024-07-15T10:24:59.177+0100] {logging_mixin.py:188} INFO - [2024-07-15T10:24:59.174+0100] {example_local_kubernetes_executor.py:40} WARNING - Could not import DAGs in example_local_kubernetes_executor.py
Traceback (most recent call last):
  File "/home/victor/airflow_env/lib/python3.10/site-packages/airflow/example_dags/example_local_kubernetes_executor.py", line 38, in <module>
    from kubernetes.client import models as k8s
ModuleNotFoundError: No module named 'kubernetes'
[2024-07-15T10:24:59.179+0100] {logging_mixin.py:188} INFO - [2024-07-15T10:24:59.178+0100] {example_local_kubernetes_executor.py:41} WARNING - Install Kubernetes dependencies with: pip install apache-airflow[cncf.kubernetes]
[2024-07-15T10:24:59.181+0100] {processor.py:842} WARNING - No viable dags retrieved from /home/victor/airflow_env/lib/python3.10/site-packages/airflow/example_dags/example_local_kubernetes_executor.py
[2024-07-15T10:24:59.279+0100] {processor.py:183} INFO - Processing /home/victor/airflow_env/lib/python3.10/site-packages/airflow/example_dags/example_local_kubernetes_executor.py took 0.164 seconds
[2024-07-15T10:28:17.946+0100] {processor.py:161} INFO - Started process (PID=26584) to work on /home/victor/airflow_env/lib/python3.10/site-packages/airflow/example_dags/example_local_kubernetes_executor.py
[2024-07-15T10:28:17.961+0100] {processor.py:830} INFO - Processing file /home/victor/airflow_env/lib/python3.10/site-packages/airflow/example_dags/example_local_kubernetes_executor.py for tasks to queue
[2024-07-15T10:28:17.980+0100] {logging_mixin.py:188} INFO - [2024-07-15T10:28:17.968+0100] {dagbag.py:545} INFO - Filling up the DagBag from /home/victor/airflow_env/lib/python3.10/site-packages/airflow/example_dags/example_local_kubernetes_executor.py
[2024-07-15T10:28:18.041+0100] {logging_mixin.py:188} INFO - [2024-07-15T10:28:18.038+0100] {example_local_kubernetes_executor.py:40} WARNING - Could not import DAGs in example_local_kubernetes_executor.py
Traceback (most recent call last):
  File "/home/victor/airflow_env/lib/python3.10/site-packages/airflow/example_dags/example_local_kubernetes_executor.py", line 38, in <module>
    from kubernetes.client import models as k8s
ModuleNotFoundError: No module named 'kubernetes'
[2024-07-15T10:28:18.045+0100] {logging_mixin.py:188} INFO - [2024-07-15T10:28:18.044+0100] {example_local_kubernetes_executor.py:41} WARNING - Install Kubernetes dependencies with: pip install apache-airflow[cncf.kubernetes]
[2024-07-15T10:28:18.048+0100] {processor.py:842} WARNING - No viable dags retrieved from /home/victor/airflow_env/lib/python3.10/site-packages/airflow/example_dags/example_local_kubernetes_executor.py
[2024-07-15T10:28:18.252+0100] {processor.py:183} INFO - Processing /home/victor/airflow_env/lib/python3.10/site-packages/airflow/example_dags/example_local_kubernetes_executor.py took 0.389 seconds
[2024-07-15T10:30:48.507+0100] {processor.py:161} INFO - Started process (PID=27382) to work on /home/victor/airflow_env/lib/python3.10/site-packages/airflow/example_dags/example_local_kubernetes_executor.py
[2024-07-15T10:30:48.511+0100] {processor.py:830} INFO - Processing file /home/victor/airflow_env/lib/python3.10/site-packages/airflow/example_dags/example_local_kubernetes_executor.py for tasks to queue
[2024-07-15T10:30:48.518+0100] {logging_mixin.py:188} INFO - [2024-07-15T10:30:48.516+0100] {dagbag.py:545} INFO - Filling up the DagBag from /home/victor/airflow_env/lib/python3.10/site-packages/airflow/example_dags/example_local_kubernetes_executor.py
[2024-07-15T10:30:48.535+0100] {logging_mixin.py:188} INFO - [2024-07-15T10:30:48.531+0100] {example_local_kubernetes_executor.py:40} WARNING - Could not import DAGs in example_local_kubernetes_executor.py
Traceback (most recent call last):
  File "/home/victor/airflow_env/lib/python3.10/site-packages/airflow/example_dags/example_local_kubernetes_executor.py", line 38, in <module>
    from kubernetes.client import models as k8s
ModuleNotFoundError: No module named 'kubernetes'
[2024-07-15T10:30:48.537+0100] {logging_mixin.py:188} INFO - [2024-07-15T10:30:48.536+0100] {example_local_kubernetes_executor.py:41} WARNING - Install Kubernetes dependencies with: pip install apache-airflow[cncf.kubernetes]
[2024-07-15T10:30:48.540+0100] {processor.py:842} WARNING - No viable dags retrieved from /home/victor/airflow_env/lib/python3.10/site-packages/airflow/example_dags/example_local_kubernetes_executor.py
[2024-07-15T10:30:48.608+0100] {processor.py:183} INFO - Processing /home/victor/airflow_env/lib/python3.10/site-packages/airflow/example_dags/example_local_kubernetes_executor.py took 0.132 seconds
[2024-07-15T10:33:45.447+0100] {processor.py:161} INFO - Started process (PID=28471) to work on /home/victor/airflow_env/lib/python3.10/site-packages/airflow/example_dags/example_local_kubernetes_executor.py
[2024-07-15T10:33:45.460+0100] {processor.py:830} INFO - Processing file /home/victor/airflow_env/lib/python3.10/site-packages/airflow/example_dags/example_local_kubernetes_executor.py for tasks to queue
[2024-07-15T10:33:45.470+0100] {logging_mixin.py:188} INFO - [2024-07-15T10:33:45.468+0100] {dagbag.py:545} INFO - Filling up the DagBag from /home/victor/airflow_env/lib/python3.10/site-packages/airflow/example_dags/example_local_kubernetes_executor.py
[2024-07-15T10:33:45.554+0100] {logging_mixin.py:188} INFO - [2024-07-15T10:33:45.552+0100] {example_local_kubernetes_executor.py:40} WARNING - Could not import DAGs in example_local_kubernetes_executor.py
Traceback (most recent call last):
  File "/home/victor/airflow_env/lib/python3.10/site-packages/airflow/example_dags/example_local_kubernetes_executor.py", line 38, in <module>
    from kubernetes.client import models as k8s
ModuleNotFoundError: No module named 'kubernetes'
[2024-07-15T10:33:45.561+0100] {logging_mixin.py:188} INFO - [2024-07-15T10:33:45.560+0100] {example_local_kubernetes_executor.py:41} WARNING - Install Kubernetes dependencies with: pip install apache-airflow[cncf.kubernetes]
[2024-07-15T10:33:45.564+0100] {processor.py:842} WARNING - No viable dags retrieved from /home/victor/airflow_env/lib/python3.10/site-packages/airflow/example_dags/example_local_kubernetes_executor.py
[2024-07-15T10:33:45.721+0100] {processor.py:183} INFO - Processing /home/victor/airflow_env/lib/python3.10/site-packages/airflow/example_dags/example_local_kubernetes_executor.py took 0.317 seconds
[2024-07-15T10:35:25.259+0100] {processor.py:161} INFO - Started process (PID=29076) to work on /home/victor/airflow_env/lib/python3.10/site-packages/airflow/example_dags/example_local_kubernetes_executor.py
[2024-07-15T10:35:25.263+0100] {processor.py:830} INFO - Processing file /home/victor/airflow_env/lib/python3.10/site-packages/airflow/example_dags/example_local_kubernetes_executor.py for tasks to queue
[2024-07-15T10:35:25.271+0100] {logging_mixin.py:188} INFO - [2024-07-15T10:35:25.269+0100] {dagbag.py:545} INFO - Filling up the DagBag from /home/victor/airflow_env/lib/python3.10/site-packages/airflow/example_dags/example_local_kubernetes_executor.py
[2024-07-15T10:35:25.287+0100] {logging_mixin.py:188} INFO - [2024-07-15T10:35:25.285+0100] {example_local_kubernetes_executor.py:40} WARNING - Could not import DAGs in example_local_kubernetes_executor.py
Traceback (most recent call last):
  File "/home/victor/airflow_env/lib/python3.10/site-packages/airflow/example_dags/example_local_kubernetes_executor.py", line 38, in <module>
    from kubernetes.client import models as k8s
ModuleNotFoundError: No module named 'kubernetes'
[2024-07-15T10:35:25.290+0100] {logging_mixin.py:188} INFO - [2024-07-15T10:35:25.289+0100] {example_local_kubernetes_executor.py:41} WARNING - Install Kubernetes dependencies with: pip install apache-airflow[cncf.kubernetes]
[2024-07-15T10:35:25.292+0100] {processor.py:842} WARNING - No viable dags retrieved from /home/victor/airflow_env/lib/python3.10/site-packages/airflow/example_dags/example_local_kubernetes_executor.py
[2024-07-15T10:35:25.377+0100] {processor.py:183} INFO - Processing /home/victor/airflow_env/lib/python3.10/site-packages/airflow/example_dags/example_local_kubernetes_executor.py took 0.147 seconds
[2024-07-15T10:38:15.816+0100] {processor.py:161} INFO - Started process (PID=30062) to work on /home/victor/airflow_env/lib/python3.10/site-packages/airflow/example_dags/example_local_kubernetes_executor.py
[2024-07-15T10:38:15.821+0100] {processor.py:830} INFO - Processing file /home/victor/airflow_env/lib/python3.10/site-packages/airflow/example_dags/example_local_kubernetes_executor.py for tasks to queue
[2024-07-15T10:38:15.828+0100] {logging_mixin.py:188} INFO - [2024-07-15T10:38:15.826+0100] {dagbag.py:545} INFO - Filling up the DagBag from /home/victor/airflow_env/lib/python3.10/site-packages/airflow/example_dags/example_local_kubernetes_executor.py
[2024-07-15T10:38:15.852+0100] {logging_mixin.py:188} INFO - [2024-07-15T10:38:15.850+0100] {example_local_kubernetes_executor.py:40} WARNING - Could not import DAGs in example_local_kubernetes_executor.py
Traceback (most recent call last):
  File "/home/victor/airflow_env/lib/python3.10/site-packages/airflow/example_dags/example_local_kubernetes_executor.py", line 38, in <module>
    from kubernetes.client import models as k8s
ModuleNotFoundError: No module named 'kubernetes'
[2024-07-15T10:38:15.855+0100] {logging_mixin.py:188} INFO - [2024-07-15T10:38:15.854+0100] {example_local_kubernetes_executor.py:41} WARNING - Install Kubernetes dependencies with: pip install apache-airflow[cncf.kubernetes]
[2024-07-15T10:38:15.857+0100] {processor.py:842} WARNING - No viable dags retrieved from /home/victor/airflow_env/lib/python3.10/site-packages/airflow/example_dags/example_local_kubernetes_executor.py
[2024-07-15T10:38:15.955+0100] {processor.py:183} INFO - Processing /home/victor/airflow_env/lib/python3.10/site-packages/airflow/example_dags/example_local_kubernetes_executor.py took 0.183 seconds
[2024-07-15T10:40:42.780+0100] {processor.py:161} INFO - Started process (PID=30821) to work on /home/victor/airflow_env/lib/python3.10/site-packages/airflow/example_dags/example_local_kubernetes_executor.py
[2024-07-15T10:40:42.784+0100] {processor.py:830} INFO - Processing file /home/victor/airflow_env/lib/python3.10/site-packages/airflow/example_dags/example_local_kubernetes_executor.py for tasks to queue
[2024-07-15T10:40:42.791+0100] {logging_mixin.py:188} INFO - [2024-07-15T10:40:42.789+0100] {dagbag.py:545} INFO - Filling up the DagBag from /home/victor/airflow_env/lib/python3.10/site-packages/airflow/example_dags/example_local_kubernetes_executor.py
[2024-07-15T10:40:42.807+0100] {logging_mixin.py:188} INFO - [2024-07-15T10:40:42.805+0100] {example_local_kubernetes_executor.py:40} WARNING - Could not import DAGs in example_local_kubernetes_executor.py
Traceback (most recent call last):
  File "/home/victor/airflow_env/lib/python3.10/site-packages/airflow/example_dags/example_local_kubernetes_executor.py", line 38, in <module>
    from kubernetes.client import models as k8s
ModuleNotFoundError: No module named 'kubernetes'
[2024-07-15T10:40:42.811+0100] {logging_mixin.py:188} INFO - [2024-07-15T10:40:42.810+0100] {example_local_kubernetes_executor.py:41} WARNING - Install Kubernetes dependencies with: pip install apache-airflow[cncf.kubernetes]
[2024-07-15T10:40:42.812+0100] {processor.py:842} WARNING - No viable dags retrieved from /home/victor/airflow_env/lib/python3.10/site-packages/airflow/example_dags/example_local_kubernetes_executor.py
[2024-07-15T10:40:42.880+0100] {processor.py:183} INFO - Processing /home/victor/airflow_env/lib/python3.10/site-packages/airflow/example_dags/example_local_kubernetes_executor.py took 0.125 seconds
[2024-07-15T10:43:18.147+0100] {processor.py:161} INFO - Started process (PID=31647) to work on /home/victor/airflow_env/lib/python3.10/site-packages/airflow/example_dags/example_local_kubernetes_executor.py
[2024-07-15T10:43:18.151+0100] {processor.py:830} INFO - Processing file /home/victor/airflow_env/lib/python3.10/site-packages/airflow/example_dags/example_local_kubernetes_executor.py for tasks to queue
[2024-07-15T10:43:18.166+0100] {logging_mixin.py:188} INFO - [2024-07-15T10:43:18.164+0100] {dagbag.py:545} INFO - Filling up the DagBag from /home/victor/airflow_env/lib/python3.10/site-packages/airflow/example_dags/example_local_kubernetes_executor.py
[2024-07-15T10:43:18.196+0100] {logging_mixin.py:188} INFO - [2024-07-15T10:43:18.192+0100] {example_local_kubernetes_executor.py:40} WARNING - Could not import DAGs in example_local_kubernetes_executor.py
Traceback (most recent call last):
  File "/home/victor/airflow_env/lib/python3.10/site-packages/airflow/example_dags/example_local_kubernetes_executor.py", line 38, in <module>
    from kubernetes.client import models as k8s
ModuleNotFoundError: No module named 'kubernetes'
[2024-07-15T10:43:18.200+0100] {logging_mixin.py:188} INFO - [2024-07-15T10:43:18.198+0100] {example_local_kubernetes_executor.py:41} WARNING - Install Kubernetes dependencies with: pip install apache-airflow[cncf.kubernetes]
[2024-07-15T10:43:18.211+0100] {processor.py:842} WARNING - No viable dags retrieved from /home/victor/airflow_env/lib/python3.10/site-packages/airflow/example_dags/example_local_kubernetes_executor.py
[2024-07-15T10:43:18.307+0100] {processor.py:183} INFO - Processing /home/victor/airflow_env/lib/python3.10/site-packages/airflow/example_dags/example_local_kubernetes_executor.py took 0.204 seconds
[2024-07-15T10:45:43.108+0100] {processor.py:161} INFO - Started process (PID=32400) to work on /home/victor/airflow_env/lib/python3.10/site-packages/airflow/example_dags/example_local_kubernetes_executor.py
[2024-07-15T10:45:43.113+0100] {processor.py:830} INFO - Processing file /home/victor/airflow_env/lib/python3.10/site-packages/airflow/example_dags/example_local_kubernetes_executor.py for tasks to queue
[2024-07-15T10:45:43.122+0100] {logging_mixin.py:188} INFO - [2024-07-15T10:45:43.119+0100] {dagbag.py:545} INFO - Filling up the DagBag from /home/victor/airflow_env/lib/python3.10/site-packages/airflow/example_dags/example_local_kubernetes_executor.py
[2024-07-15T10:45:43.141+0100] {logging_mixin.py:188} INFO - [2024-07-15T10:45:43.139+0100] {example_local_kubernetes_executor.py:40} WARNING - Could not import DAGs in example_local_kubernetes_executor.py
Traceback (most recent call last):
  File "/home/victor/airflow_env/lib/python3.10/site-packages/airflow/example_dags/example_local_kubernetes_executor.py", line 38, in <module>
    from kubernetes.client import models as k8s
ModuleNotFoundError: No module named 'kubernetes'
[2024-07-15T10:45:43.144+0100] {logging_mixin.py:188} INFO - [2024-07-15T10:45:43.143+0100] {example_local_kubernetes_executor.py:41} WARNING - Install Kubernetes dependencies with: pip install apache-airflow[cncf.kubernetes]
[2024-07-15T10:45:43.147+0100] {processor.py:842} WARNING - No viable dags retrieved from /home/victor/airflow_env/lib/python3.10/site-packages/airflow/example_dags/example_local_kubernetes_executor.py
[2024-07-15T10:45:43.234+0100] {processor.py:183} INFO - Processing /home/victor/airflow_env/lib/python3.10/site-packages/airflow/example_dags/example_local_kubernetes_executor.py took 0.153 seconds
[2024-07-15T10:48:20.199+0100] {processor.py:161} INFO - Started process (PID=33242) to work on /home/victor/airflow_env/lib/python3.10/site-packages/airflow/example_dags/example_local_kubernetes_executor.py
[2024-07-15T10:48:20.203+0100] {processor.py:830} INFO - Processing file /home/victor/airflow_env/lib/python3.10/site-packages/airflow/example_dags/example_local_kubernetes_executor.py for tasks to queue
[2024-07-15T10:48:20.210+0100] {logging_mixin.py:188} INFO - [2024-07-15T10:48:20.208+0100] {dagbag.py:545} INFO - Filling up the DagBag from /home/victor/airflow_env/lib/python3.10/site-packages/airflow/example_dags/example_local_kubernetes_executor.py
[2024-07-15T10:48:20.226+0100] {logging_mixin.py:188} INFO - [2024-07-15T10:48:20.224+0100] {example_local_kubernetes_executor.py:40} WARNING - Could not import DAGs in example_local_kubernetes_executor.py
Traceback (most recent call last):
  File "/home/victor/airflow_env/lib/python3.10/site-packages/airflow/example_dags/example_local_kubernetes_executor.py", line 38, in <module>
    from kubernetes.client import models as k8s
ModuleNotFoundError: No module named 'kubernetes'
[2024-07-15T10:48:20.228+0100] {logging_mixin.py:188} INFO - [2024-07-15T10:48:20.228+0100] {example_local_kubernetes_executor.py:41} WARNING - Install Kubernetes dependencies with: pip install apache-airflow[cncf.kubernetes]
[2024-07-15T10:48:20.231+0100] {processor.py:842} WARNING - No viable dags retrieved from /home/victor/airflow_env/lib/python3.10/site-packages/airflow/example_dags/example_local_kubernetes_executor.py
[2024-07-15T10:48:20.304+0100] {processor.py:183} INFO - Processing /home/victor/airflow_env/lib/python3.10/site-packages/airflow/example_dags/example_local_kubernetes_executor.py took 0.135 seconds
