[2024-07-15T09:48:29.680+0100] {processor.py:161} INFO - Started process (PID=10298) to work on /home/victor/airflow_env/lib/python3.10/site-packages/airflow/example_dags/example_python_operator.py
[2024-07-15T09:48:29.690+0100] {processor.py:830} INFO - Processing file /home/victor/airflow_env/lib/python3.10/site-packages/airflow/example_dags/example_python_operator.py for tasks to queue
[2024-07-15T09:48:29.703+0100] {logging_mixin.py:188} INFO - [2024-07-15T09:48:29.701+0100] {dagbag.py:545} INFO - Filling up the DagBag from /home/victor/airflow_env/lib/python3.10/site-packages/airflow/example_dags/example_python_operator.py
[2024-07-15T09:48:29.806+0100] {processor.py:840} INFO - DAG(s) 'example_python_operator' retrieved from /home/victor/airflow_env/lib/python3.10/site-packages/airflow/example_dags/example_python_operator.py
[2024-07-15T09:48:31.176+0100] {logging_mixin.py:188} INFO - [2024-07-15T09:48:31.175+0100] {dag.py:3096} INFO - Sync 1 DAGs
[2024-07-15T09:48:31.302+0100] {logging_mixin.py:188} INFO - [2024-07-15T09:48:31.301+0100] {dag.py:3954} INFO - Setting next_dagrun for example_python_operator to None, run_after=None
[2024-07-15T09:48:32.142+0100] {processor.py:183} INFO - Processing /home/victor/airflow_env/lib/python3.10/site-packages/airflow/example_dags/example_python_operator.py took 2.535 seconds
[2024-07-15T09:50:52.752+0100] {processor.py:161} INFO - Started process (PID=11330) to work on /home/victor/airflow_env/lib/python3.10/site-packages/airflow/example_dags/example_python_operator.py
[2024-07-15T09:50:52.758+0100] {processor.py:830} INFO - Processing file /home/victor/airflow_env/lib/python3.10/site-packages/airflow/example_dags/example_python_operator.py for tasks to queue
[2024-07-15T09:50:52.766+0100] {logging_mixin.py:188} INFO - [2024-07-15T09:50:52.764+0100] {dagbag.py:545} INFO - Filling up the DagBag from /home/victor/airflow_env/lib/python3.10/site-packages/airflow/example_dags/example_python_operator.py
[2024-07-15T09:50:52.834+0100] {processor.py:840} INFO - DAG(s) 'example_python_operator' retrieved from /home/victor/airflow_env/lib/python3.10/site-packages/airflow/example_dags/example_python_operator.py
[2024-07-15T09:50:52.950+0100] {logging_mixin.py:188} INFO - [2024-07-15T09:50:52.949+0100] {dag.py:3096} INFO - Sync 1 DAGs
[2024-07-15T09:50:53.031+0100] {logging_mixin.py:188} INFO - [2024-07-15T09:50:53.030+0100] {dag.py:3954} INFO - Setting next_dagrun for example_python_operator to None, run_after=None
[2024-07-15T09:50:53.280+0100] {processor.py:183} INFO - Processing /home/victor/airflow_env/lib/python3.10/site-packages/airflow/example_dags/example_python_operator.py took 0.560 seconds
[2024-07-15T09:54:14.616+0100] {processor.py:161} INFO - Started process (PID=12683) to work on /home/victor/airflow_env/lib/python3.10/site-packages/airflow/example_dags/example_python_operator.py
[2024-07-15T09:54:14.623+0100] {processor.py:830} INFO - Processing file /home/victor/airflow_env/lib/python3.10/site-packages/airflow/example_dags/example_python_operator.py for tasks to queue
[2024-07-15T09:54:14.633+0100] {logging_mixin.py:188} INFO - [2024-07-15T09:54:14.631+0100] {dagbag.py:545} INFO - Filling up the DagBag from /home/victor/airflow_env/lib/python3.10/site-packages/airflow/example_dags/example_python_operator.py
[2024-07-15T09:54:15.163+0100] {processor.py:840} INFO - DAG(s) 'example_python_operator' retrieved from /home/victor/airflow_env/lib/python3.10/site-packages/airflow/example_dags/example_python_operator.py
[2024-07-15T09:54:15.297+0100] {logging_mixin.py:188} INFO - [2024-07-15T09:54:15.296+0100] {dag.py:3096} INFO - Sync 1 DAGs
[2024-07-15T09:54:15.367+0100] {logging_mixin.py:188} INFO - [2024-07-15T09:54:15.366+0100] {dag.py:3954} INFO - Setting next_dagrun for example_python_operator to None, run_after=None
[2024-07-15T09:54:15.787+0100] {processor.py:183} INFO - Processing /home/victor/airflow_env/lib/python3.10/site-packages/airflow/example_dags/example_python_operator.py took 1.225 seconds
[2024-07-15T09:55:54.657+0100] {processor.py:161} INFO - Started process (PID=13439) to work on /home/victor/airflow_env/lib/python3.10/site-packages/airflow/example_dags/example_python_operator.py
[2024-07-15T09:55:54.665+0100] {processor.py:830} INFO - Processing file /home/victor/airflow_env/lib/python3.10/site-packages/airflow/example_dags/example_python_operator.py for tasks to queue
[2024-07-15T09:55:54.680+0100] {logging_mixin.py:188} INFO - [2024-07-15T09:55:54.679+0100] {dagbag.py:545} INFO - Filling up the DagBag from /home/victor/airflow_env/lib/python3.10/site-packages/airflow/example_dags/example_python_operator.py
[2024-07-15T09:55:54.757+0100] {processor.py:840} INFO - DAG(s) 'example_python_operator' retrieved from /home/victor/airflow_env/lib/python3.10/site-packages/airflow/example_dags/example_python_operator.py
[2024-07-15T09:55:54.921+0100] {logging_mixin.py:188} INFO - [2024-07-15T09:55:54.920+0100] {dag.py:3096} INFO - Sync 1 DAGs
[2024-07-15T09:55:55.004+0100] {logging_mixin.py:188} INFO - [2024-07-15T09:55:55.003+0100] {dag.py:3954} INFO - Setting next_dagrun for example_python_operator to None, run_after=None
[2024-07-15T09:55:55.458+0100] {processor.py:183} INFO - Processing /home/victor/airflow_env/lib/python3.10/site-packages/airflow/example_dags/example_python_operator.py took 0.841 seconds
[2024-07-15T09:57:27.441+0100] {processor.py:161} INFO - Started process (PID=14178) to work on /home/victor/airflow_env/lib/python3.10/site-packages/airflow/example_dags/example_python_operator.py
[2024-07-15T09:57:27.450+0100] {processor.py:830} INFO - Processing file /home/victor/airflow_env/lib/python3.10/site-packages/airflow/example_dags/example_python_operator.py for tasks to queue
[2024-07-15T09:57:27.459+0100] {logging_mixin.py:188} INFO - [2024-07-15T09:57:27.457+0100] {dagbag.py:545} INFO - Filling up the DagBag from /home/victor/airflow_env/lib/python3.10/site-packages/airflow/example_dags/example_python_operator.py
[2024-07-15T09:57:27.533+0100] {processor.py:840} INFO - DAG(s) 'example_python_operator' retrieved from /home/victor/airflow_env/lib/python3.10/site-packages/airflow/example_dags/example_python_operator.py
[2024-07-15T09:57:27.673+0100] {logging_mixin.py:188} INFO - [2024-07-15T09:57:27.673+0100] {dag.py:3096} INFO - Sync 1 DAGs
[2024-07-15T09:57:27.779+0100] {logging_mixin.py:188} INFO - [2024-07-15T09:57:27.777+0100] {dag.py:3954} INFO - Setting next_dagrun for example_python_operator to None, run_after=None
[2024-07-15T09:57:28.182+0100] {processor.py:183} INFO - Processing /home/victor/airflow_env/lib/python3.10/site-packages/airflow/example_dags/example_python_operator.py took 0.806 seconds
[2024-07-15T09:59:03.749+0100] {processor.py:161} INFO - Started process (PID=14679) to work on /home/victor/airflow_env/lib/python3.10/site-packages/airflow/example_dags/example_python_operator.py
[2024-07-15T09:59:03.753+0100] {processor.py:830} INFO - Processing file /home/victor/airflow_env/lib/python3.10/site-packages/airflow/example_dags/example_python_operator.py for tasks to queue
[2024-07-15T09:59:03.766+0100] {logging_mixin.py:188} INFO - [2024-07-15T09:59:03.764+0100] {dagbag.py:545} INFO - Filling up the DagBag from /home/victor/airflow_env/lib/python3.10/site-packages/airflow/example_dags/example_python_operator.py
[2024-07-15T09:59:03.822+0100] {processor.py:840} INFO - DAG(s) 'example_python_operator' retrieved from /home/victor/airflow_env/lib/python3.10/site-packages/airflow/example_dags/example_python_operator.py
[2024-07-15T09:59:03.938+0100] {logging_mixin.py:188} INFO - [2024-07-15T09:59:03.937+0100] {dag.py:3096} INFO - Sync 1 DAGs
[2024-07-15T09:59:03.997+0100] {logging_mixin.py:188} INFO - [2024-07-15T09:59:03.996+0100] {dag.py:3954} INFO - Setting next_dagrun for example_python_operator to None, run_after=None
[2024-07-15T09:59:04.303+0100] {processor.py:183} INFO - Processing /home/victor/airflow_env/lib/python3.10/site-packages/airflow/example_dags/example_python_operator.py took 0.582 seconds
[2024-07-15T10:00:25.996+0100] {processor.py:161} INFO - Started process (PID=15271) to work on /home/victor/airflow_env/lib/python3.10/site-packages/airflow/example_dags/example_python_operator.py
[2024-07-15T10:00:26.002+0100] {processor.py:830} INFO - Processing file /home/victor/airflow_env/lib/python3.10/site-packages/airflow/example_dags/example_python_operator.py for tasks to queue
[2024-07-15T10:00:26.013+0100] {logging_mixin.py:188} INFO - [2024-07-15T10:00:26.011+0100] {dagbag.py:545} INFO - Filling up the DagBag from /home/victor/airflow_env/lib/python3.10/site-packages/airflow/example_dags/example_python_operator.py
[2024-07-15T10:00:26.076+0100] {processor.py:840} INFO - DAG(s) 'example_python_operator' retrieved from /home/victor/airflow_env/lib/python3.10/site-packages/airflow/example_dags/example_python_operator.py
[2024-07-15T10:00:26.212+0100] {logging_mixin.py:188} INFO - [2024-07-15T10:00:26.211+0100] {dag.py:3096} INFO - Sync 1 DAGs
[2024-07-15T10:00:26.336+0100] {logging_mixin.py:188} INFO - [2024-07-15T10:00:26.335+0100] {dag.py:3954} INFO - Setting next_dagrun for example_python_operator to None, run_after=None
[2024-07-15T10:00:26.637+0100] {processor.py:183} INFO - Processing /home/victor/airflow_env/lib/python3.10/site-packages/airflow/example_dags/example_python_operator.py took 0.688 seconds
[2024-07-15T10:03:12.316+0100] {processor.py:161} INFO - Started process (PID=16661) to work on /home/victor/airflow_env/lib/python3.10/site-packages/airflow/example_dags/example_python_operator.py
[2024-07-15T10:03:12.320+0100] {processor.py:830} INFO - Processing file /home/victor/airflow_env/lib/python3.10/site-packages/airflow/example_dags/example_python_operator.py for tasks to queue
[2024-07-15T10:03:12.327+0100] {logging_mixin.py:188} INFO - [2024-07-15T10:03:12.326+0100] {dagbag.py:545} INFO - Filling up the DagBag from /home/victor/airflow_env/lib/python3.10/site-packages/airflow/example_dags/example_python_operator.py
[2024-07-15T10:03:12.378+0100] {processor.py:840} INFO - DAG(s) 'example_python_operator' retrieved from /home/victor/airflow_env/lib/python3.10/site-packages/airflow/example_dags/example_python_operator.py
[2024-07-15T10:03:12.534+0100] {logging_mixin.py:188} INFO - [2024-07-15T10:03:12.533+0100] {dag.py:3096} INFO - Sync 1 DAGs
[2024-07-15T10:03:12.596+0100] {logging_mixin.py:188} INFO - [2024-07-15T10:03:12.595+0100] {dag.py:3954} INFO - Setting next_dagrun for example_python_operator to None, run_after=None
[2024-07-15T10:03:12.881+0100] {processor.py:183} INFO - Processing /home/victor/airflow_env/lib/python3.10/site-packages/airflow/example_dags/example_python_operator.py took 0.609 seconds
[2024-07-15T10:05:35.330+0100] {processor.py:161} INFO - Started process (PID=17483) to work on /home/victor/airflow_env/lib/python3.10/site-packages/airflow/example_dags/example_python_operator.py
[2024-07-15T10:05:35.335+0100] {processor.py:830} INFO - Processing file /home/victor/airflow_env/lib/python3.10/site-packages/airflow/example_dags/example_python_operator.py for tasks to queue
[2024-07-15T10:05:35.342+0100] {logging_mixin.py:188} INFO - [2024-07-15T10:05:35.340+0100] {dagbag.py:545} INFO - Filling up the DagBag from /home/victor/airflow_env/lib/python3.10/site-packages/airflow/example_dags/example_python_operator.py
[2024-07-15T10:05:35.403+0100] {processor.py:840} INFO - DAG(s) 'example_python_operator' retrieved from /home/victor/airflow_env/lib/python3.10/site-packages/airflow/example_dags/example_python_operator.py
[2024-07-15T10:05:35.536+0100] {logging_mixin.py:188} INFO - [2024-07-15T10:05:35.535+0100] {dag.py:3096} INFO - Sync 1 DAGs
[2024-07-15T10:05:35.615+0100] {logging_mixin.py:188} INFO - [2024-07-15T10:05:35.614+0100] {dag.py:3954} INFO - Setting next_dagrun for example_python_operator to None, run_after=None
[2024-07-15T10:05:35.912+0100] {processor.py:183} INFO - Processing /home/victor/airflow_env/lib/python3.10/site-packages/airflow/example_dags/example_python_operator.py took 0.610 seconds
[2024-07-15T10:07:10.991+0100] {processor.py:161} INFO - Started process (PID=18186) to work on /home/victor/airflow_env/lib/python3.10/site-packages/airflow/example_dags/example_python_operator.py
[2024-07-15T10:07:10.994+0100] {processor.py:830} INFO - Processing file /home/victor/airflow_env/lib/python3.10/site-packages/airflow/example_dags/example_python_operator.py for tasks to queue
[2024-07-15T10:07:11.021+0100] {logging_mixin.py:188} INFO - [2024-07-15T10:07:11.020+0100] {dagbag.py:545} INFO - Filling up the DagBag from /home/victor/airflow_env/lib/python3.10/site-packages/airflow/example_dags/example_python_operator.py
[2024-07-15T10:07:11.076+0100] {processor.py:840} INFO - DAG(s) 'example_python_operator' retrieved from /home/victor/airflow_env/lib/python3.10/site-packages/airflow/example_dags/example_python_operator.py
[2024-07-15T10:07:11.203+0100] {logging_mixin.py:188} INFO - [2024-07-15T10:07:11.203+0100] {dag.py:3096} INFO - Sync 1 DAGs
[2024-07-15T10:07:11.272+0100] {logging_mixin.py:188} INFO - [2024-07-15T10:07:11.271+0100] {dag.py:3954} INFO - Setting next_dagrun for example_python_operator to None, run_after=None
[2024-07-15T10:07:11.578+0100] {processor.py:183} INFO - Processing /home/victor/airflow_env/lib/python3.10/site-packages/airflow/example_dags/example_python_operator.py took 0.614 seconds
[2024-07-15T10:08:47.277+0100] {processor.py:161} INFO - Started process (PID=18805) to work on /home/victor/airflow_env/lib/python3.10/site-packages/airflow/example_dags/example_python_operator.py
[2024-07-15T10:08:47.283+0100] {processor.py:830} INFO - Processing file /home/victor/airflow_env/lib/python3.10/site-packages/airflow/example_dags/example_python_operator.py for tasks to queue
[2024-07-15T10:08:47.292+0100] {logging_mixin.py:188} INFO - [2024-07-15T10:08:47.290+0100] {dagbag.py:545} INFO - Filling up the DagBag from /home/victor/airflow_env/lib/python3.10/site-packages/airflow/example_dags/example_python_operator.py
[2024-07-15T10:08:47.356+0100] {processor.py:840} INFO - DAG(s) 'example_python_operator' retrieved from /home/victor/airflow_env/lib/python3.10/site-packages/airflow/example_dags/example_python_operator.py
[2024-07-15T10:08:47.496+0100] {logging_mixin.py:188} INFO - [2024-07-15T10:08:47.495+0100] {dag.py:3096} INFO - Sync 1 DAGs
[2024-07-15T10:08:47.609+0100] {logging_mixin.py:188} INFO - [2024-07-15T10:08:47.607+0100] {dag.py:3954} INFO - Setting next_dagrun for example_python_operator to None, run_after=None
[2024-07-15T10:08:48.060+0100] {processor.py:183} INFO - Processing /home/victor/airflow_env/lib/python3.10/site-packages/airflow/example_dags/example_python_operator.py took 0.818 seconds
[2024-07-15T10:11:45.648+0100] {processor.py:161} INFO - Started process (PID=19917) to work on /home/victor/airflow_env/lib/python3.10/site-packages/airflow/example_dags/example_python_operator.py
[2024-07-15T10:11:45.654+0100] {processor.py:830} INFO - Processing file /home/victor/airflow_env/lib/python3.10/site-packages/airflow/example_dags/example_python_operator.py for tasks to queue
[2024-07-15T10:11:45.662+0100] {logging_mixin.py:188} INFO - [2024-07-15T10:11:45.660+0100] {dagbag.py:545} INFO - Filling up the DagBag from /home/victor/airflow_env/lib/python3.10/site-packages/airflow/example_dags/example_python_operator.py
[2024-07-15T10:11:45.715+0100] {processor.py:840} INFO - DAG(s) 'example_python_operator' retrieved from /home/victor/airflow_env/lib/python3.10/site-packages/airflow/example_dags/example_python_operator.py
[2024-07-15T10:11:45.831+0100] {logging_mixin.py:188} INFO - [2024-07-15T10:11:45.830+0100] {dag.py:3096} INFO - Sync 1 DAGs
[2024-07-15T10:11:45.914+0100] {logging_mixin.py:188} INFO - [2024-07-15T10:11:45.913+0100] {dag.py:3954} INFO - Setting next_dagrun for example_python_operator to None, run_after=None
[2024-07-15T10:11:46.216+0100] {processor.py:183} INFO - Processing /home/victor/airflow_env/lib/python3.10/site-packages/airflow/example_dags/example_python_operator.py took 0.598 seconds
[2024-07-15T10:14:33.569+0100] {processor.py:161} INFO - Started process (PID=20822) to work on /home/victor/airflow_env/lib/python3.10/site-packages/airflow/example_dags/example_python_operator.py
[2024-07-15T10:14:33.574+0100] {processor.py:830} INFO - Processing file /home/victor/airflow_env/lib/python3.10/site-packages/airflow/example_dags/example_python_operator.py for tasks to queue
[2024-07-15T10:14:33.591+0100] {logging_mixin.py:188} INFO - [2024-07-15T10:14:33.589+0100] {dagbag.py:545} INFO - Filling up the DagBag from /home/victor/airflow_env/lib/python3.10/site-packages/airflow/example_dags/example_python_operator.py
[2024-07-15T10:14:33.721+0100] {processor.py:840} INFO - DAG(s) 'example_python_operator' retrieved from /home/victor/airflow_env/lib/python3.10/site-packages/airflow/example_dags/example_python_operator.py
[2024-07-15T10:14:33.904+0100] {logging_mixin.py:188} INFO - [2024-07-15T10:14:33.903+0100] {dag.py:3096} INFO - Sync 1 DAGs
[2024-07-15T10:14:34.007+0100] {logging_mixin.py:188} INFO - [2024-07-15T10:14:34.006+0100] {dag.py:3954} INFO - Setting next_dagrun for example_python_operator to None, run_after=None
[2024-07-15T10:14:34.369+0100] {processor.py:183} INFO - Processing /home/victor/airflow_env/lib/python3.10/site-packages/airflow/example_dags/example_python_operator.py took 0.841 seconds
[2024-07-15T10:17:32.405+0100] {processor.py:161} INFO - Started process (PID=21956) to work on /home/victor/airflow_env/lib/python3.10/site-packages/airflow/example_dags/example_python_operator.py
[2024-07-15T10:17:32.409+0100] {processor.py:830} INFO - Processing file /home/victor/airflow_env/lib/python3.10/site-packages/airflow/example_dags/example_python_operator.py for tasks to queue
[2024-07-15T10:17:32.416+0100] {logging_mixin.py:188} INFO - [2024-07-15T10:17:32.415+0100] {dagbag.py:545} INFO - Filling up the DagBag from /home/victor/airflow_env/lib/python3.10/site-packages/airflow/example_dags/example_python_operator.py
[2024-07-15T10:17:32.479+0100] {processor.py:840} INFO - DAG(s) 'example_python_operator' retrieved from /home/victor/airflow_env/lib/python3.10/site-packages/airflow/example_dags/example_python_operator.py
[2024-07-15T10:17:32.586+0100] {logging_mixin.py:188} INFO - [2024-07-15T10:17:32.585+0100] {dag.py:3096} INFO - Sync 1 DAGs
[2024-07-15T10:17:32.646+0100] {logging_mixin.py:188} INFO - [2024-07-15T10:17:32.645+0100] {dag.py:3954} INFO - Setting next_dagrun for example_python_operator to None, run_after=None
[2024-07-15T10:17:32.945+0100] {processor.py:183} INFO - Processing /home/victor/airflow_env/lib/python3.10/site-packages/airflow/example_dags/example_python_operator.py took 0.569 seconds
[2024-07-15T10:20:44.655+0100] {processor.py:161} INFO - Started process (PID=23271) to work on /home/victor/airflow_env/lib/python3.10/site-packages/airflow/example_dags/example_python_operator.py
[2024-07-15T10:20:44.660+0100] {processor.py:830} INFO - Processing file /home/victor/airflow_env/lib/python3.10/site-packages/airflow/example_dags/example_python_operator.py for tasks to queue
[2024-07-15T10:20:44.670+0100] {logging_mixin.py:188} INFO - [2024-07-15T10:20:44.668+0100] {dagbag.py:545} INFO - Filling up the DagBag from /home/victor/airflow_env/lib/python3.10/site-packages/airflow/example_dags/example_python_operator.py
[2024-07-15T10:20:44.735+0100] {processor.py:840} INFO - DAG(s) 'example_python_operator' retrieved from /home/victor/airflow_env/lib/python3.10/site-packages/airflow/example_dags/example_python_operator.py
[2024-07-15T10:20:44.849+0100] {logging_mixin.py:188} INFO - [2024-07-15T10:20:44.848+0100] {dag.py:3096} INFO - Sync 1 DAGs
[2024-07-15T10:20:44.943+0100] {logging_mixin.py:188} INFO - [2024-07-15T10:20:44.942+0100] {dag.py:3954} INFO - Setting next_dagrun for example_python_operator to None, run_after=None
[2024-07-15T10:20:45.457+0100] {processor.py:183} INFO - Processing /home/victor/airflow_env/lib/python3.10/site-packages/airflow/example_dags/example_python_operator.py took 0.837 seconds
[2024-07-15T10:22:29.068+0100] {processor.py:161} INFO - Started process (PID=24114) to work on /home/victor/airflow_env/lib/python3.10/site-packages/airflow/example_dags/example_python_operator.py
[2024-07-15T10:22:29.072+0100] {processor.py:830} INFO - Processing file /home/victor/airflow_env/lib/python3.10/site-packages/airflow/example_dags/example_python_operator.py for tasks to queue
[2024-07-15T10:22:29.084+0100] {logging_mixin.py:188} INFO - [2024-07-15T10:22:29.082+0100] {dagbag.py:545} INFO - Filling up the DagBag from /home/victor/airflow_env/lib/python3.10/site-packages/airflow/example_dags/example_python_operator.py
[2024-07-15T10:22:29.143+0100] {processor.py:840} INFO - DAG(s) 'example_python_operator' retrieved from /home/victor/airflow_env/lib/python3.10/site-packages/airflow/example_dags/example_python_operator.py
[2024-07-15T10:22:29.301+0100] {logging_mixin.py:188} INFO - [2024-07-15T10:22:29.300+0100] {dag.py:3096} INFO - Sync 1 DAGs
[2024-07-15T10:22:29.396+0100] {logging_mixin.py:188} INFO - [2024-07-15T10:22:29.394+0100] {dag.py:3954} INFO - Setting next_dagrun for example_python_operator to None, run_after=None
[2024-07-15T10:22:29.833+0100] {processor.py:183} INFO - Processing /home/victor/airflow_env/lib/python3.10/site-packages/airflow/example_dags/example_python_operator.py took 0.791 seconds
[2024-07-15T10:24:41.733+0100] {processor.py:161} INFO - Started process (PID=25185) to work on /home/victor/airflow_env/lib/python3.10/site-packages/airflow/example_dags/example_python_operator.py
[2024-07-15T10:24:41.737+0100] {processor.py:830} INFO - Processing file /home/victor/airflow_env/lib/python3.10/site-packages/airflow/example_dags/example_python_operator.py for tasks to queue
[2024-07-15T10:24:41.759+0100] {logging_mixin.py:188} INFO - [2024-07-15T10:24:41.756+0100] {dagbag.py:545} INFO - Filling up the DagBag from /home/victor/airflow_env/lib/python3.10/site-packages/airflow/example_dags/example_python_operator.py
[2024-07-15T10:24:41.844+0100] {processor.py:840} INFO - DAG(s) 'example_python_operator' retrieved from /home/victor/airflow_env/lib/python3.10/site-packages/airflow/example_dags/example_python_operator.py
[2024-07-15T10:24:42.054+0100] {logging_mixin.py:188} INFO - [2024-07-15T10:24:42.052+0100] {dag.py:3096} INFO - Sync 1 DAGs
[2024-07-15T10:24:42.170+0100] {logging_mixin.py:188} INFO - [2024-07-15T10:24:42.169+0100] {dag.py:3954} INFO - Setting next_dagrun for example_python_operator to None, run_after=None
[2024-07-15T10:24:42.495+0100] {processor.py:183} INFO - Processing /home/victor/airflow_env/lib/python3.10/site-packages/airflow/example_dags/example_python_operator.py took 0.825 seconds
[2024-07-15T10:26:29.344+0100] {processor.py:161} INFO - Started process (PID=25978) to work on /home/victor/airflow_env/lib/python3.10/site-packages/airflow/example_dags/example_python_operator.py
[2024-07-15T10:26:29.349+0100] {processor.py:830} INFO - Processing file /home/victor/airflow_env/lib/python3.10/site-packages/airflow/example_dags/example_python_operator.py for tasks to queue
[2024-07-15T10:26:29.357+0100] {logging_mixin.py:188} INFO - [2024-07-15T10:26:29.356+0100] {dagbag.py:545} INFO - Filling up the DagBag from /home/victor/airflow_env/lib/python3.10/site-packages/airflow/example_dags/example_python_operator.py
[2024-07-15T10:26:29.408+0100] {processor.py:840} INFO - DAG(s) 'example_python_operator' retrieved from /home/victor/airflow_env/lib/python3.10/site-packages/airflow/example_dags/example_python_operator.py
[2024-07-15T10:26:29.536+0100] {logging_mixin.py:188} INFO - [2024-07-15T10:26:29.535+0100] {dag.py:3096} INFO - Sync 1 DAGs
[2024-07-15T10:26:29.600+0100] {logging_mixin.py:188} INFO - [2024-07-15T10:26:29.600+0100] {dag.py:3954} INFO - Setting next_dagrun for example_python_operator to None, run_after=None
[2024-07-15T10:26:30.068+0100] {processor.py:183} INFO - Processing /home/victor/airflow_env/lib/python3.10/site-packages/airflow/example_dags/example_python_operator.py took 0.752 seconds
[2024-07-15T10:28:14.325+0100] {processor.py:161} INFO - Started process (PID=26563) to work on /home/victor/airflow_env/lib/python3.10/site-packages/airflow/example_dags/example_python_operator.py
[2024-07-15T10:28:14.332+0100] {processor.py:830} INFO - Processing file /home/victor/airflow_env/lib/python3.10/site-packages/airflow/example_dags/example_python_operator.py for tasks to queue
[2024-07-15T10:28:14.339+0100] {logging_mixin.py:188} INFO - [2024-07-15T10:28:14.337+0100] {dagbag.py:545} INFO - Filling up the DagBag from /home/victor/airflow_env/lib/python3.10/site-packages/airflow/example_dags/example_python_operator.py
[2024-07-15T10:28:14.403+0100] {processor.py:840} INFO - DAG(s) 'example_python_operator' retrieved from /home/victor/airflow_env/lib/python3.10/site-packages/airflow/example_dags/example_python_operator.py
[2024-07-15T10:28:14.548+0100] {logging_mixin.py:188} INFO - [2024-07-15T10:28:14.547+0100] {dag.py:3096} INFO - Sync 1 DAGs
[2024-07-15T10:28:14.627+0100] {logging_mixin.py:188} INFO - [2024-07-15T10:28:14.626+0100] {dag.py:3954} INFO - Setting next_dagrun for example_python_operator to None, run_after=None
[2024-07-15T10:28:14.930+0100] {processor.py:183} INFO - Processing /home/victor/airflow_env/lib/python3.10/site-packages/airflow/example_dags/example_python_operator.py took 0.636 seconds
[2024-07-15T10:30:44.884+0100] {processor.py:161} INFO - Started process (PID=27366) to work on /home/victor/airflow_env/lib/python3.10/site-packages/airflow/example_dags/example_python_operator.py
[2024-07-15T10:30:44.891+0100] {processor.py:830} INFO - Processing file /home/victor/airflow_env/lib/python3.10/site-packages/airflow/example_dags/example_python_operator.py for tasks to queue
[2024-07-15T10:30:44.899+0100] {logging_mixin.py:188} INFO - [2024-07-15T10:30:44.897+0100] {dagbag.py:545} INFO - Filling up the DagBag from /home/victor/airflow_env/lib/python3.10/site-packages/airflow/example_dags/example_python_operator.py
[2024-07-15T10:30:44.948+0100] {processor.py:840} INFO - DAG(s) 'example_python_operator' retrieved from /home/victor/airflow_env/lib/python3.10/site-packages/airflow/example_dags/example_python_operator.py
[2024-07-15T10:30:45.052+0100] {logging_mixin.py:188} INFO - [2024-07-15T10:30:45.051+0100] {dag.py:3096} INFO - Sync 1 DAGs
[2024-07-15T10:30:45.114+0100] {logging_mixin.py:188} INFO - [2024-07-15T10:30:45.114+0100] {dag.py:3954} INFO - Setting next_dagrun for example_python_operator to None, run_after=None
[2024-07-15T10:30:45.447+0100] {processor.py:183} INFO - Processing /home/victor/airflow_env/lib/python3.10/site-packages/airflow/example_dags/example_python_operator.py took 0.589 seconds
[2024-07-15T10:32:11.989+0100] {processor.py:161} INFO - Started process (PID=27805) to work on /home/victor/airflow_env/lib/python3.10/site-packages/airflow/example_dags/example_python_operator.py
[2024-07-15T10:32:11.993+0100] {processor.py:830} INFO - Processing file /home/victor/airflow_env/lib/python3.10/site-packages/airflow/example_dags/example_python_operator.py for tasks to queue
[2024-07-15T10:32:12.000+0100] {logging_mixin.py:188} INFO - [2024-07-15T10:32:11.998+0100] {dagbag.py:545} INFO - Filling up the DagBag from /home/victor/airflow_env/lib/python3.10/site-packages/airflow/example_dags/example_python_operator.py
[2024-07-15T10:32:12.110+0100] {processor.py:840} INFO - DAG(s) 'example_python_operator' retrieved from /home/victor/airflow_env/lib/python3.10/site-packages/airflow/example_dags/example_python_operator.py
[2024-07-15T10:32:12.800+0100] {logging_mixin.py:188} INFO - [2024-07-15T10:32:12.799+0100] {dag.py:3096} INFO - Sync 1 DAGs
[2024-07-15T10:32:13.052+0100] {logging_mixin.py:188} INFO - [2024-07-15T10:32:13.051+0100] {dag.py:3954} INFO - Setting next_dagrun for example_python_operator to None, run_after=None
[2024-07-15T10:32:13.933+0100] {processor.py:183} INFO - Processing /home/victor/airflow_env/lib/python3.10/site-packages/airflow/example_dags/example_python_operator.py took 1.971 seconds
[2024-07-15T10:35:08.502+0100] {processor.py:161} INFO - Started process (PID=28988) to work on /home/victor/airflow_env/lib/python3.10/site-packages/airflow/example_dags/example_python_operator.py
[2024-07-15T10:35:08.507+0100] {processor.py:830} INFO - Processing file /home/victor/airflow_env/lib/python3.10/site-packages/airflow/example_dags/example_python_operator.py for tasks to queue
[2024-07-15T10:35:08.515+0100] {logging_mixin.py:188} INFO - [2024-07-15T10:35:08.514+0100] {dagbag.py:545} INFO - Filling up the DagBag from /home/victor/airflow_env/lib/python3.10/site-packages/airflow/example_dags/example_python_operator.py
[2024-07-15T10:35:08.566+0100] {processor.py:840} INFO - DAG(s) 'example_python_operator' retrieved from /home/victor/airflow_env/lib/python3.10/site-packages/airflow/example_dags/example_python_operator.py
[2024-07-15T10:35:08.673+0100] {logging_mixin.py:188} INFO - [2024-07-15T10:35:08.672+0100] {dag.py:3096} INFO - Sync 1 DAGs
[2024-07-15T10:35:08.736+0100] {logging_mixin.py:188} INFO - [2024-07-15T10:35:08.735+0100] {dag.py:3954} INFO - Setting next_dagrun for example_python_operator to None, run_after=None
[2024-07-15T10:35:09.017+0100] {processor.py:183} INFO - Processing /home/victor/airflow_env/lib/python3.10/site-packages/airflow/example_dags/example_python_operator.py took 0.543 seconds
[2024-07-15T10:38:00.388+0100] {processor.py:161} INFO - Started process (PID=29979) to work on /home/victor/airflow_env/lib/python3.10/site-packages/airflow/example_dags/example_python_operator.py
[2024-07-15T10:38:00.393+0100] {processor.py:830} INFO - Processing file /home/victor/airflow_env/lib/python3.10/site-packages/airflow/example_dags/example_python_operator.py for tasks to queue
[2024-07-15T10:38:00.405+0100] {logging_mixin.py:188} INFO - [2024-07-15T10:38:00.404+0100] {dagbag.py:545} INFO - Filling up the DagBag from /home/victor/airflow_env/lib/python3.10/site-packages/airflow/example_dags/example_python_operator.py
[2024-07-15T10:38:00.467+0100] {processor.py:840} INFO - DAG(s) 'example_python_operator' retrieved from /home/victor/airflow_env/lib/python3.10/site-packages/airflow/example_dags/example_python_operator.py
[2024-07-15T10:38:00.616+0100] {logging_mixin.py:188} INFO - [2024-07-15T10:38:00.615+0100] {dag.py:3096} INFO - Sync 1 DAGs
[2024-07-15T10:38:00.719+0100] {logging_mixin.py:188} INFO - [2024-07-15T10:38:00.718+0100] {dag.py:3954} INFO - Setting next_dagrun for example_python_operator to None, run_after=None
[2024-07-15T10:38:01.160+0100] {processor.py:183} INFO - Processing /home/victor/airflow_env/lib/python3.10/site-packages/airflow/example_dags/example_python_operator.py took 0.803 seconds
[2024-07-15T10:40:26.215+0100] {processor.py:161} INFO - Started process (PID=30734) to work on /home/victor/airflow_env/lib/python3.10/site-packages/airflow/example_dags/example_python_operator.py
[2024-07-15T10:40:26.219+0100] {processor.py:830} INFO - Processing file /home/victor/airflow_env/lib/python3.10/site-packages/airflow/example_dags/example_python_operator.py for tasks to queue
[2024-07-15T10:40:26.226+0100] {logging_mixin.py:188} INFO - [2024-07-15T10:40:26.225+0100] {dagbag.py:545} INFO - Filling up the DagBag from /home/victor/airflow_env/lib/python3.10/site-packages/airflow/example_dags/example_python_operator.py
[2024-07-15T10:40:26.273+0100] {processor.py:840} INFO - DAG(s) 'example_python_operator' retrieved from /home/victor/airflow_env/lib/python3.10/site-packages/airflow/example_dags/example_python_operator.py
[2024-07-15T10:40:26.379+0100] {logging_mixin.py:188} INFO - [2024-07-15T10:40:26.379+0100] {dag.py:3096} INFO - Sync 1 DAGs
[2024-07-15T10:40:26.444+0100] {logging_mixin.py:188} INFO - [2024-07-15T10:40:26.443+0100] {dag.py:3954} INFO - Setting next_dagrun for example_python_operator to None, run_after=None
[2024-07-15T10:40:26.785+0100] {processor.py:183} INFO - Processing /home/victor/airflow_env/lib/python3.10/site-packages/airflow/example_dags/example_python_operator.py took 0.594 seconds
[2024-07-15T10:43:01.274+0100] {processor.py:161} INFO - Started process (PID=31559) to work on /home/victor/airflow_env/lib/python3.10/site-packages/airflow/example_dags/example_python_operator.py
[2024-07-15T10:43:01.282+0100] {processor.py:830} INFO - Processing file /home/victor/airflow_env/lib/python3.10/site-packages/airflow/example_dags/example_python_operator.py for tasks to queue
[2024-07-15T10:43:01.296+0100] {logging_mixin.py:188} INFO - [2024-07-15T10:43:01.295+0100] {dagbag.py:545} INFO - Filling up the DagBag from /home/victor/airflow_env/lib/python3.10/site-packages/airflow/example_dags/example_python_operator.py
[2024-07-15T10:43:01.390+0100] {processor.py:840} INFO - DAG(s) 'example_python_operator' retrieved from /home/victor/airflow_env/lib/python3.10/site-packages/airflow/example_dags/example_python_operator.py
[2024-07-15T10:43:01.585+0100] {logging_mixin.py:188} INFO - [2024-07-15T10:43:01.584+0100] {dag.py:3096} INFO - Sync 1 DAGs
[2024-07-15T10:43:01.703+0100] {logging_mixin.py:188} INFO - [2024-07-15T10:43:01.700+0100] {dag.py:3954} INFO - Setting next_dagrun for example_python_operator to None, run_after=None
[2024-07-15T10:43:02.051+0100] {processor.py:183} INFO - Processing /home/victor/airflow_env/lib/python3.10/site-packages/airflow/example_dags/example_python_operator.py took 0.822 seconds
[2024-07-15T10:44:24.685+0100] {processor.py:161} INFO - Started process (PID=31993) to work on /home/victor/airflow_env/lib/python3.10/site-packages/airflow/example_dags/example_python_operator.py
[2024-07-15T10:44:24.690+0100] {processor.py:830} INFO - Processing file /home/victor/airflow_env/lib/python3.10/site-packages/airflow/example_dags/example_python_operator.py for tasks to queue
[2024-07-15T10:44:24.697+0100] {logging_mixin.py:188} INFO - [2024-07-15T10:44:24.696+0100] {dagbag.py:545} INFO - Filling up the DagBag from /home/victor/airflow_env/lib/python3.10/site-packages/airflow/example_dags/example_python_operator.py
[2024-07-15T10:44:24.747+0100] {processor.py:840} INFO - DAG(s) 'example_python_operator' retrieved from /home/victor/airflow_env/lib/python3.10/site-packages/airflow/example_dags/example_python_operator.py
[2024-07-15T10:44:24.860+0100] {logging_mixin.py:188} INFO - [2024-07-15T10:44:24.859+0100] {dag.py:3096} INFO - Sync 1 DAGs
[2024-07-15T10:44:24.925+0100] {logging_mixin.py:188} INFO - [2024-07-15T10:44:24.924+0100] {dag.py:3954} INFO - Setting next_dagrun for example_python_operator to None, run_after=None
[2024-07-15T10:44:25.229+0100] {processor.py:183} INFO - Processing /home/victor/airflow_env/lib/python3.10/site-packages/airflow/example_dags/example_python_operator.py took 0.572 seconds
[2024-07-15T10:46:47.572+0100] {processor.py:161} INFO - Started process (PID=32735) to work on /home/victor/airflow_env/lib/python3.10/site-packages/airflow/example_dags/example_python_operator.py
[2024-07-15T10:46:47.577+0100] {processor.py:830} INFO - Processing file /home/victor/airflow_env/lib/python3.10/site-packages/airflow/example_dags/example_python_operator.py for tasks to queue
[2024-07-15T10:46:47.591+0100] {logging_mixin.py:188} INFO - [2024-07-15T10:46:47.589+0100] {dagbag.py:545} INFO - Filling up the DagBag from /home/victor/airflow_env/lib/python3.10/site-packages/airflow/example_dags/example_python_operator.py
[2024-07-15T10:46:47.658+0100] {processor.py:840} INFO - DAG(s) 'example_python_operator' retrieved from /home/victor/airflow_env/lib/python3.10/site-packages/airflow/example_dags/example_python_operator.py
[2024-07-15T10:46:47.796+0100] {logging_mixin.py:188} INFO - [2024-07-15T10:46:47.795+0100] {dag.py:3096} INFO - Sync 1 DAGs
[2024-07-15T10:46:47.879+0100] {logging_mixin.py:188} INFO - [2024-07-15T10:46:47.877+0100] {dag.py:3954} INFO - Setting next_dagrun for example_python_operator to None, run_after=None
[2024-07-15T10:46:48.353+0100] {processor.py:183} INFO - Processing /home/victor/airflow_env/lib/python3.10/site-packages/airflow/example_dags/example_python_operator.py took 0.810 seconds
[2024-07-15T10:49:39.771+0100] {processor.py:161} INFO - Started process (PID=33737) to work on /home/victor/airflow_env/lib/python3.10/site-packages/airflow/example_dags/example_python_operator.py
[2024-07-15T10:49:39.777+0100] {processor.py:830} INFO - Processing file /home/victor/airflow_env/lib/python3.10/site-packages/airflow/example_dags/example_python_operator.py for tasks to queue
[2024-07-15T10:49:39.792+0100] {logging_mixin.py:188} INFO - [2024-07-15T10:49:39.789+0100] {dagbag.py:545} INFO - Filling up the DagBag from /home/victor/airflow_env/lib/python3.10/site-packages/airflow/example_dags/example_python_operator.py
[2024-07-15T10:49:39.889+0100] {processor.py:840} INFO - DAG(s) 'example_python_operator' retrieved from /home/victor/airflow_env/lib/python3.10/site-packages/airflow/example_dags/example_python_operator.py
[2024-07-15T10:49:40.214+0100] {logging_mixin.py:188} INFO - [2024-07-15T10:49:40.213+0100] {dag.py:3096} INFO - Sync 1 DAGs
[2024-07-15T10:49:40.456+0100] {logging_mixin.py:188} INFO - [2024-07-15T10:49:40.455+0100] {dag.py:3954} INFO - Setting next_dagrun for example_python_operator to None, run_after=None
[2024-07-15T10:49:41.447+0100] {processor.py:183} INFO - Processing /home/victor/airflow_env/lib/python3.10/site-packages/airflow/example_dags/example_python_operator.py took 1.729 seconds
[2024-07-15T10:51:14.347+0100] {processor.py:161} INFO - Started process (PID=34493) to work on /home/victor/airflow_env/lib/python3.10/site-packages/airflow/example_dags/example_python_operator.py
[2024-07-15T10:51:14.351+0100] {processor.py:830} INFO - Processing file /home/victor/airflow_env/lib/python3.10/site-packages/airflow/example_dags/example_python_operator.py for tasks to queue
[2024-07-15T10:51:14.358+0100] {logging_mixin.py:188} INFO - [2024-07-15T10:51:14.357+0100] {dagbag.py:545} INFO - Filling up the DagBag from /home/victor/airflow_env/lib/python3.10/site-packages/airflow/example_dags/example_python_operator.py
[2024-07-15T10:51:14.410+0100] {processor.py:840} INFO - DAG(s) 'example_python_operator' retrieved from /home/victor/airflow_env/lib/python3.10/site-packages/airflow/example_dags/example_python_operator.py
[2024-07-15T10:51:14.533+0100] {logging_mixin.py:188} INFO - [2024-07-15T10:51:14.533+0100] {dag.py:3096} INFO - Sync 1 DAGs
[2024-07-15T10:51:14.612+0100] {logging_mixin.py:188} INFO - [2024-07-15T10:51:14.611+0100] {dag.py:3954} INFO - Setting next_dagrun for example_python_operator to None, run_after=None
[2024-07-15T10:51:15.017+0100] {processor.py:183} INFO - Processing /home/victor/airflow_env/lib/python3.10/site-packages/airflow/example_dags/example_python_operator.py took 0.701 seconds
