[2024-07-15T09:49:48.228+0100] {processor.py:161} INFO - Started process (PID=10992) to work on /home/victor/airflow_env/lib/python3.10/site-packages/airflow/example_dags/example_branch_operator.py
[2024-07-15T09:49:48.234+0100] {processor.py:830} INFO - Processing file /home/victor/airflow_env/lib/python3.10/site-packages/airflow/example_dags/example_branch_operator.py for tasks to queue
[2024-07-15T09:49:48.242+0100] {logging_mixin.py:188} INFO - [2024-07-15T09:49:48.240+0100] {dagbag.py:545} INFO - Filling up the DagBag from /home/victor/airflow_env/lib/python3.10/site-packages/airflow/example_dags/example_branch_operator.py
[2024-07-15T09:49:48.326+0100] {processor.py:840} INFO - DAG(s) 'example_branch_operator' retrieved from /home/victor/airflow_env/lib/python3.10/site-packages/airflow/example_dags/example_branch_operator.py
[2024-07-15T09:49:49.176+0100] {logging_mixin.py:188} INFO - [2024-07-15T09:49:49.175+0100] {dag.py:3096} INFO - Sync 1 DAGs
[2024-07-15T09:49:49.277+0100] {logging_mixin.py:188} INFO - [2024-07-15T09:49:49.276+0100] {dag.py:3954} INFO - Setting next_dagrun for example_branch_operator to 2024-07-14 00:00:00+00:00, run_after=2024-07-15 00:00:00+00:00
[2024-07-15T09:49:49.652+0100] {processor.py:183} INFO - Processing /home/victor/airflow_env/lib/python3.10/site-packages/airflow/example_dags/example_branch_operator.py took 1.450 seconds
[2024-07-15T09:52:30.368+0100] {processor.py:161} INFO - Started process (PID=11991) to work on /home/victor/airflow_env/lib/python3.10/site-packages/airflow/example_dags/example_branch_operator.py
[2024-07-15T09:52:30.382+0100] {processor.py:830} INFO - Processing file /home/victor/airflow_env/lib/python3.10/site-packages/airflow/example_dags/example_branch_operator.py for tasks to queue
[2024-07-15T09:52:30.394+0100] {logging_mixin.py:188} INFO - [2024-07-15T09:52:30.392+0100] {dagbag.py:545} INFO - Filling up the DagBag from /home/victor/airflow_env/lib/python3.10/site-packages/airflow/example_dags/example_branch_operator.py
[2024-07-15T09:52:30.553+0100] {processor.py:840} INFO - DAG(s) 'example_branch_operator' retrieved from /home/victor/airflow_env/lib/python3.10/site-packages/airflow/example_dags/example_branch_operator.py
[2024-07-15T09:52:31.417+0100] {logging_mixin.py:188} INFO - [2024-07-15T09:52:31.416+0100] {dag.py:3096} INFO - Sync 1 DAGs
[2024-07-15T09:52:31.560+0100] {logging_mixin.py:188} INFO - [2024-07-15T09:52:31.559+0100] {dag.py:3954} INFO - Setting next_dagrun for example_branch_operator to 2024-07-14 00:00:00+00:00, run_after=2024-07-15 00:00:00+00:00
[2024-07-15T09:52:32.177+0100] {processor.py:183} INFO - Processing /home/victor/airflow_env/lib/python3.10/site-packages/airflow/example_dags/example_branch_operator.py took 1.846 seconds
[2024-07-15T09:56:20.173+0100] {processor.py:161} INFO - Started process (PID=13615) to work on /home/victor/airflow_env/lib/python3.10/site-packages/airflow/example_dags/example_branch_operator.py
[2024-07-15T09:56:20.177+0100] {processor.py:830} INFO - Processing file /home/victor/airflow_env/lib/python3.10/site-packages/airflow/example_dags/example_branch_operator.py for tasks to queue
[2024-07-15T09:56:20.184+0100] {logging_mixin.py:188} INFO - [2024-07-15T09:56:20.183+0100] {dagbag.py:545} INFO - Filling up the DagBag from /home/victor/airflow_env/lib/python3.10/site-packages/airflow/example_dags/example_branch_operator.py
[2024-07-15T09:56:20.266+0100] {processor.py:840} INFO - DAG(s) 'example_branch_operator' retrieved from /home/victor/airflow_env/lib/python3.10/site-packages/airflow/example_dags/example_branch_operator.py
[2024-07-15T09:56:20.416+0100] {logging_mixin.py:188} INFO - [2024-07-15T09:56:20.415+0100] {dag.py:3096} INFO - Sync 1 DAGs
[2024-07-15T09:56:20.534+0100] {logging_mixin.py:188} INFO - [2024-07-15T09:56:20.533+0100] {dag.py:3954} INFO - Setting next_dagrun for example_branch_operator to 2024-07-14 00:00:00+00:00, run_after=2024-07-15 00:00:00+00:00
[2024-07-15T09:56:21.016+0100] {processor.py:183} INFO - Processing /home/victor/airflow_env/lib/python3.10/site-packages/airflow/example_dags/example_branch_operator.py took 0.869 seconds
[2024-07-15T09:59:29.813+0100] {processor.py:161} INFO - Started process (PID=14842) to work on /home/victor/airflow_env/lib/python3.10/site-packages/airflow/example_dags/example_branch_operator.py
[2024-07-15T09:59:29.817+0100] {processor.py:830} INFO - Processing file /home/victor/airflow_env/lib/python3.10/site-packages/airflow/example_dags/example_branch_operator.py for tasks to queue
[2024-07-15T09:59:29.825+0100] {logging_mixin.py:188} INFO - [2024-07-15T09:59:29.823+0100] {dagbag.py:545} INFO - Filling up the DagBag from /home/victor/airflow_env/lib/python3.10/site-packages/airflow/example_dags/example_branch_operator.py
[2024-07-15T09:59:29.905+0100] {processor.py:840} INFO - DAG(s) 'example_branch_operator' retrieved from /home/victor/airflow_env/lib/python3.10/site-packages/airflow/example_dags/example_branch_operator.py
[2024-07-15T09:59:30.056+0100] {logging_mixin.py:188} INFO - [2024-07-15T09:59:30.055+0100] {dag.py:3096} INFO - Sync 1 DAGs
[2024-07-15T09:59:30.179+0100] {logging_mixin.py:188} INFO - [2024-07-15T09:59:30.178+0100] {dag.py:3954} INFO - Setting next_dagrun for example_branch_operator to 2024-07-14 00:00:00+00:00, run_after=2024-07-15 00:00:00+00:00
[2024-07-15T09:59:30.501+0100] {processor.py:183} INFO - Processing /home/victor/airflow_env/lib/python3.10/site-packages/airflow/example_dags/example_branch_operator.py took 0.717 seconds
[2024-07-15T10:02:12.651+0100] {processor.py:161} INFO - Started process (PID=16115) to work on /home/victor/airflow_env/lib/python3.10/site-packages/airflow/example_dags/example_branch_operator.py
[2024-07-15T10:02:12.655+0100] {processor.py:830} INFO - Processing file /home/victor/airflow_env/lib/python3.10/site-packages/airflow/example_dags/example_branch_operator.py for tasks to queue
[2024-07-15T10:02:12.662+0100] {logging_mixin.py:188} INFO - [2024-07-15T10:02:12.661+0100] {dagbag.py:545} INFO - Filling up the DagBag from /home/victor/airflow_env/lib/python3.10/site-packages/airflow/example_dags/example_branch_operator.py
[2024-07-15T10:02:12.767+0100] {processor.py:840} INFO - DAG(s) 'example_branch_operator' retrieved from /home/victor/airflow_env/lib/python3.10/site-packages/airflow/example_dags/example_branch_operator.py
[2024-07-15T10:02:12.999+0100] {logging_mixin.py:188} INFO - [2024-07-15T10:02:12.998+0100] {dag.py:3096} INFO - Sync 1 DAGs
[2024-07-15T10:02:13.199+0100] {logging_mixin.py:188} INFO - [2024-07-15T10:02:13.198+0100] {dag.py:3954} INFO - Setting next_dagrun for example_branch_operator to 2024-07-14 00:00:00+00:00, run_after=2024-07-15 00:00:00+00:00
[2024-07-15T10:02:13.470+0100] {processor.py:183} INFO - Processing /home/victor/airflow_env/lib/python3.10/site-packages/airflow/example_dags/example_branch_operator.py took 0.845 seconds
[2024-07-15T10:04:41.027+0100] {processor.py:161} INFO - Started process (PID=17198) to work on /home/victor/airflow_env/lib/python3.10/site-packages/airflow/example_dags/example_branch_operator.py
[2024-07-15T10:04:41.032+0100] {processor.py:830} INFO - Processing file /home/victor/airflow_env/lib/python3.10/site-packages/airflow/example_dags/example_branch_operator.py for tasks to queue
[2024-07-15T10:04:41.043+0100] {logging_mixin.py:188} INFO - [2024-07-15T10:04:41.041+0100] {dagbag.py:545} INFO - Filling up the DagBag from /home/victor/airflow_env/lib/python3.10/site-packages/airflow/example_dags/example_branch_operator.py
[2024-07-15T10:04:41.265+0100] {processor.py:840} INFO - DAG(s) 'example_branch_operator' retrieved from /home/victor/airflow_env/lib/python3.10/site-packages/airflow/example_dags/example_branch_operator.py
[2024-07-15T10:04:41.493+0100] {logging_mixin.py:188} INFO - [2024-07-15T10:04:41.492+0100] {dag.py:3096} INFO - Sync 1 DAGs
[2024-07-15T10:04:41.620+0100] {logging_mixin.py:188} INFO - [2024-07-15T10:04:41.619+0100] {dag.py:3954} INFO - Setting next_dagrun for example_branch_operator to 2024-07-14 00:00:00+00:00, run_after=2024-07-15 00:00:00+00:00
[2024-07-15T10:04:41.970+0100] {processor.py:183} INFO - Processing /home/victor/airflow_env/lib/python3.10/site-packages/airflow/example_dags/example_branch_operator.py took 0.969 seconds
[2024-07-15T10:07:42.205+0100] {processor.py:161} INFO - Started process (PID=18425) to work on /home/victor/airflow_env/lib/python3.10/site-packages/airflow/example_dags/example_branch_operator.py
[2024-07-15T10:07:42.209+0100] {processor.py:830} INFO - Processing file /home/victor/airflow_env/lib/python3.10/site-packages/airflow/example_dags/example_branch_operator.py for tasks to queue
[2024-07-15T10:07:42.218+0100] {logging_mixin.py:188} INFO - [2024-07-15T10:07:42.216+0100] {dagbag.py:545} INFO - Filling up the DagBag from /home/victor/airflow_env/lib/python3.10/site-packages/airflow/example_dags/example_branch_operator.py
[2024-07-15T10:07:42.320+0100] {processor.py:840} INFO - DAG(s) 'example_branch_operator' retrieved from /home/victor/airflow_env/lib/python3.10/site-packages/airflow/example_dags/example_branch_operator.py
[2024-07-15T10:07:42.502+0100] {logging_mixin.py:188} INFO - [2024-07-15T10:07:42.501+0100] {dag.py:3096} INFO - Sync 1 DAGs
[2024-07-15T10:07:42.705+0100] {logging_mixin.py:188} INFO - [2024-07-15T10:07:42.704+0100] {dag.py:3954} INFO - Setting next_dagrun for example_branch_operator to 2024-07-14 00:00:00+00:00, run_after=2024-07-15 00:00:00+00:00
[2024-07-15T10:07:43.071+0100] {processor.py:183} INFO - Processing /home/victor/airflow_env/lib/python3.10/site-packages/airflow/example_dags/example_branch_operator.py took 0.899 seconds
[2024-07-15T10:10:42.561+0100] {processor.py:161} INFO - Started process (PID=19589) to work on /home/victor/airflow_env/lib/python3.10/site-packages/airflow/example_dags/example_branch_operator.py
[2024-07-15T10:10:42.565+0100] {processor.py:830} INFO - Processing file /home/victor/airflow_env/lib/python3.10/site-packages/airflow/example_dags/example_branch_operator.py for tasks to queue
[2024-07-15T10:10:42.577+0100] {logging_mixin.py:188} INFO - [2024-07-15T10:10:42.572+0100] {dagbag.py:545} INFO - Filling up the DagBag from /home/victor/airflow_env/lib/python3.10/site-packages/airflow/example_dags/example_branch_operator.py
[2024-07-15T10:10:42.678+0100] {processor.py:840} INFO - DAG(s) 'example_branch_operator' retrieved from /home/victor/airflow_env/lib/python3.10/site-packages/airflow/example_dags/example_branch_operator.py
[2024-07-15T10:10:42.882+0100] {logging_mixin.py:188} INFO - [2024-07-15T10:10:42.881+0100] {dag.py:3096} INFO - Sync 1 DAGs
[2024-07-15T10:10:43.049+0100] {logging_mixin.py:188} INFO - [2024-07-15T10:10:43.048+0100] {dag.py:3954} INFO - Setting next_dagrun for example_branch_operator to 2024-07-14 00:00:00+00:00, run_after=2024-07-15 00:00:00+00:00
[2024-07-15T10:10:43.525+0100] {processor.py:183} INFO - Processing /home/victor/airflow_env/lib/python3.10/site-packages/airflow/example_dags/example_branch_operator.py took 0.991 seconds
[2024-07-15T10:13:29.476+0100] {processor.py:161} INFO - Started process (PID=20484) to work on /home/victor/airflow_env/lib/python3.10/site-packages/airflow/example_dags/example_branch_operator.py
[2024-07-15T10:13:29.482+0100] {processor.py:830} INFO - Processing file /home/victor/airflow_env/lib/python3.10/site-packages/airflow/example_dags/example_branch_operator.py for tasks to queue
[2024-07-15T10:13:29.493+0100] {logging_mixin.py:188} INFO - [2024-07-15T10:13:29.491+0100] {dagbag.py:545} INFO - Filling up the DagBag from /home/victor/airflow_env/lib/python3.10/site-packages/airflow/example_dags/example_branch_operator.py
[2024-07-15T10:13:29.689+0100] {processor.py:840} INFO - DAG(s) 'example_branch_operator' retrieved from /home/victor/airflow_env/lib/python3.10/site-packages/airflow/example_dags/example_branch_operator.py
[2024-07-15T10:13:29.852+0100] {logging_mixin.py:188} INFO - [2024-07-15T10:13:29.851+0100] {dag.py:3096} INFO - Sync 1 DAGs
[2024-07-15T10:13:30.009+0100] {logging_mixin.py:188} INFO - [2024-07-15T10:13:29.997+0100] {dag.py:3954} INFO - Setting next_dagrun for example_branch_operator to 2024-07-14 00:00:00+00:00, run_after=2024-07-15 00:00:00+00:00
[2024-07-15T10:13:30.653+0100] {processor.py:183} INFO - Processing /home/victor/airflow_env/lib/python3.10/site-packages/airflow/example_dags/example_branch_operator.py took 1.230 seconds
[2024-07-15T10:16:27.725+0100] {processor.py:161} INFO - Started process (PID=21517) to work on /home/victor/airflow_env/lib/python3.10/site-packages/airflow/example_dags/example_branch_operator.py
[2024-07-15T10:16:27.735+0100] {processor.py:830} INFO - Processing file /home/victor/airflow_env/lib/python3.10/site-packages/airflow/example_dags/example_branch_operator.py for tasks to queue
[2024-07-15T10:16:27.745+0100] {logging_mixin.py:188} INFO - [2024-07-15T10:16:27.743+0100] {dagbag.py:545} INFO - Filling up the DagBag from /home/victor/airflow_env/lib/python3.10/site-packages/airflow/example_dags/example_branch_operator.py
[2024-07-15T10:16:27.890+0100] {processor.py:840} INFO - DAG(s) 'example_branch_operator' retrieved from /home/victor/airflow_env/lib/python3.10/site-packages/airflow/example_dags/example_branch_operator.py
[2024-07-15T10:16:28.238+0100] {logging_mixin.py:188} INFO - [2024-07-15T10:16:28.237+0100] {dag.py:3096} INFO - Sync 1 DAGs
[2024-07-15T10:16:28.484+0100] {logging_mixin.py:188} INFO - [2024-07-15T10:16:28.482+0100] {dag.py:3954} INFO - Setting next_dagrun for example_branch_operator to 2024-07-14 00:00:00+00:00, run_after=2024-07-15 00:00:00+00:00
[2024-07-15T10:16:28.909+0100] {processor.py:183} INFO - Processing /home/victor/airflow_env/lib/python3.10/site-packages/airflow/example_dags/example_branch_operator.py took 1.213 seconds
[2024-07-15T10:19:24.786+0100] {processor.py:161} INFO - Started process (PID=22698) to work on /home/victor/airflow_env/lib/python3.10/site-packages/airflow/example_dags/example_branch_operator.py
[2024-07-15T10:19:24.791+0100] {processor.py:830} INFO - Processing file /home/victor/airflow_env/lib/python3.10/site-packages/airflow/example_dags/example_branch_operator.py for tasks to queue
[2024-07-15T10:19:24.807+0100] {logging_mixin.py:188} INFO - [2024-07-15T10:19:24.805+0100] {dagbag.py:545} INFO - Filling up the DagBag from /home/victor/airflow_env/lib/python3.10/site-packages/airflow/example_dags/example_branch_operator.py
[2024-07-15T10:19:24.924+0100] {processor.py:840} INFO - DAG(s) 'example_branch_operator' retrieved from /home/victor/airflow_env/lib/python3.10/site-packages/airflow/example_dags/example_branch_operator.py
[2024-07-15T10:19:25.153+0100] {logging_mixin.py:188} INFO - [2024-07-15T10:19:25.152+0100] {dag.py:3096} INFO - Sync 1 DAGs
[2024-07-15T10:19:25.287+0100] {logging_mixin.py:188} INFO - [2024-07-15T10:19:25.286+0100] {dag.py:3954} INFO - Setting next_dagrun for example_branch_operator to 2024-07-14 00:00:00+00:00, run_after=2024-07-15 00:00:00+00:00
[2024-07-15T10:19:25.639+0100] {processor.py:183} INFO - Processing /home/victor/airflow_env/lib/python3.10/site-packages/airflow/example_dags/example_branch_operator.py took 0.898 seconds
[2024-07-15T10:23:15.264+0100] {processor.py:161} INFO - Started process (PID=24516) to work on /home/victor/airflow_env/lib/python3.10/site-packages/airflow/example_dags/example_branch_operator.py
[2024-07-15T10:23:15.268+0100] {processor.py:830} INFO - Processing file /home/victor/airflow_env/lib/python3.10/site-packages/airflow/example_dags/example_branch_operator.py for tasks to queue
[2024-07-15T10:23:15.284+0100] {logging_mixin.py:188} INFO - [2024-07-15T10:23:15.282+0100] {dagbag.py:545} INFO - Filling up the DagBag from /home/victor/airflow_env/lib/python3.10/site-packages/airflow/example_dags/example_branch_operator.py
[2024-07-15T10:23:15.446+0100] {processor.py:840} INFO - DAG(s) 'example_branch_operator' retrieved from /home/victor/airflow_env/lib/python3.10/site-packages/airflow/example_dags/example_branch_operator.py
[2024-07-15T10:23:15.665+0100] {logging_mixin.py:188} INFO - [2024-07-15T10:23:15.664+0100] {dag.py:3096} INFO - Sync 1 DAGs
[2024-07-15T10:23:15.882+0100] {logging_mixin.py:188} INFO - [2024-07-15T10:23:15.881+0100] {dag.py:3954} INFO - Setting next_dagrun for example_branch_operator to 2024-07-14 00:00:00+00:00, run_after=2024-07-15 00:00:00+00:00
[2024-07-15T10:23:16.344+0100] {processor.py:183} INFO - Processing /home/victor/airflow_env/lib/python3.10/site-packages/airflow/example_dags/example_branch_operator.py took 1.139 seconds
[2024-07-15T10:26:52.115+0100] {processor.py:161} INFO - Started process (PID=26115) to work on /home/victor/airflow_env/lib/python3.10/site-packages/airflow/example_dags/example_branch_operator.py
[2024-07-15T10:26:52.122+0100] {processor.py:830} INFO - Processing file /home/victor/airflow_env/lib/python3.10/site-packages/airflow/example_dags/example_branch_operator.py for tasks to queue
[2024-07-15T10:26:52.134+0100] {logging_mixin.py:188} INFO - [2024-07-15T10:26:52.132+0100] {dagbag.py:545} INFO - Filling up the DagBag from /home/victor/airflow_env/lib/python3.10/site-packages/airflow/example_dags/example_branch_operator.py
[2024-07-15T10:26:52.412+0100] {processor.py:840} INFO - DAG(s) 'example_branch_operator' retrieved from /home/victor/airflow_env/lib/python3.10/site-packages/airflow/example_dags/example_branch_operator.py
[2024-07-15T10:26:52.765+0100] {logging_mixin.py:188} INFO - [2024-07-15T10:26:52.764+0100] {dag.py:3096} INFO - Sync 1 DAGs
[2024-07-15T10:26:53.010+0100] {logging_mixin.py:188} INFO - [2024-07-15T10:26:53.009+0100] {dag.py:3954} INFO - Setting next_dagrun for example_branch_operator to 2024-07-14 00:00:00+00:00, run_after=2024-07-15 00:00:00+00:00
[2024-07-15T10:26:53.473+0100] {processor.py:183} INFO - Processing /home/victor/airflow_env/lib/python3.10/site-packages/airflow/example_dags/example_branch_operator.py took 1.402 seconds
[2024-07-15T10:29:55.225+0100] {processor.py:161} INFO - Started process (PID=27106) to work on /home/victor/airflow_env/lib/python3.10/site-packages/airflow/example_dags/example_branch_operator.py
[2024-07-15T10:29:55.229+0100] {processor.py:830} INFO - Processing file /home/victor/airflow_env/lib/python3.10/site-packages/airflow/example_dags/example_branch_operator.py for tasks to queue
[2024-07-15T10:29:55.236+0100] {logging_mixin.py:188} INFO - [2024-07-15T10:29:55.234+0100] {dagbag.py:545} INFO - Filling up the DagBag from /home/victor/airflow_env/lib/python3.10/site-packages/airflow/example_dags/example_branch_operator.py
[2024-07-15T10:29:55.318+0100] {processor.py:840} INFO - DAG(s) 'example_branch_operator' retrieved from /home/victor/airflow_env/lib/python3.10/site-packages/airflow/example_dags/example_branch_operator.py
[2024-07-15T10:29:55.473+0100] {logging_mixin.py:188} INFO - [2024-07-15T10:29:55.472+0100] {dag.py:3096} INFO - Sync 1 DAGs
[2024-07-15T10:29:55.588+0100] {logging_mixin.py:188} INFO - [2024-07-15T10:29:55.587+0100] {dag.py:3954} INFO - Setting next_dagrun for example_branch_operator to 2024-07-14 00:00:00+00:00, run_after=2024-07-15 00:00:00+00:00
[2024-07-15T10:29:55.840+0100] {processor.py:183} INFO - Processing /home/victor/airflow_env/lib/python3.10/site-packages/airflow/example_dags/example_branch_operator.py took 0.641 seconds
[2024-07-15T10:32:36.926+0100] {processor.py:161} INFO - Started process (PID=27964) to work on /home/victor/airflow_env/lib/python3.10/site-packages/airflow/example_dags/example_branch_operator.py
[2024-07-15T10:32:36.932+0100] {processor.py:830} INFO - Processing file /home/victor/airflow_env/lib/python3.10/site-packages/airflow/example_dags/example_branch_operator.py for tasks to queue
[2024-07-15T10:32:36.941+0100] {logging_mixin.py:188} INFO - [2024-07-15T10:32:36.938+0100] {dagbag.py:545} INFO - Filling up the DagBag from /home/victor/airflow_env/lib/python3.10/site-packages/airflow/example_dags/example_branch_operator.py
[2024-07-15T10:32:37.176+0100] {processor.py:840} INFO - DAG(s) 'example_branch_operator' retrieved from /home/victor/airflow_env/lib/python3.10/site-packages/airflow/example_dags/example_branch_operator.py
[2024-07-15T10:32:37.698+0100] {logging_mixin.py:188} INFO - [2024-07-15T10:32:37.697+0100] {dag.py:3096} INFO - Sync 1 DAGs
[2024-07-15T10:32:37.964+0100] {logging_mixin.py:188} INFO - [2024-07-15T10:32:37.963+0100] {dag.py:3954} INFO - Setting next_dagrun for example_branch_operator to 2024-07-14 00:00:00+00:00, run_after=2024-07-15 00:00:00+00:00
[2024-07-15T10:32:38.248+0100] {processor.py:183} INFO - Processing /home/victor/airflow_env/lib/python3.10/site-packages/airflow/example_dags/example_branch_operator.py took 1.357 seconds
[2024-07-15T10:35:30.580+0100] {processor.py:161} INFO - Started process (PID=29105) to work on /home/victor/airflow_env/lib/python3.10/site-packages/airflow/example_dags/example_branch_operator.py
[2024-07-15T10:35:30.584+0100] {processor.py:830} INFO - Processing file /home/victor/airflow_env/lib/python3.10/site-packages/airflow/example_dags/example_branch_operator.py for tasks to queue
[2024-07-15T10:35:30.591+0100] {logging_mixin.py:188} INFO - [2024-07-15T10:35:30.589+0100] {dagbag.py:545} INFO - Filling up the DagBag from /home/victor/airflow_env/lib/python3.10/site-packages/airflow/example_dags/example_branch_operator.py
[2024-07-15T10:35:30.671+0100] {processor.py:840} INFO - DAG(s) 'example_branch_operator' retrieved from /home/victor/airflow_env/lib/python3.10/site-packages/airflow/example_dags/example_branch_operator.py
[2024-07-15T10:35:30.823+0100] {logging_mixin.py:188} INFO - [2024-07-15T10:35:30.822+0100] {dag.py:3096} INFO - Sync 1 DAGs
[2024-07-15T10:35:30.934+0100] {logging_mixin.py:188} INFO - [2024-07-15T10:35:30.933+0100] {dag.py:3954} INFO - Setting next_dagrun for example_branch_operator to 2024-07-14 00:00:00+00:00, run_after=2024-07-15 00:00:00+00:00
[2024-07-15T10:35:31.234+0100] {processor.py:183} INFO - Processing /home/victor/airflow_env/lib/python3.10/site-packages/airflow/example_dags/example_branch_operator.py took 0.683 seconds
[2024-07-15T10:38:22.410+0100] {processor.py:161} INFO - Started process (PID=30097) to work on /home/victor/airflow_env/lib/python3.10/site-packages/airflow/example_dags/example_branch_operator.py
[2024-07-15T10:38:22.417+0100] {processor.py:830} INFO - Processing file /home/victor/airflow_env/lib/python3.10/site-packages/airflow/example_dags/example_branch_operator.py for tasks to queue
[2024-07-15T10:38:22.428+0100] {logging_mixin.py:188} INFO - [2024-07-15T10:38:22.426+0100] {dagbag.py:545} INFO - Filling up the DagBag from /home/victor/airflow_env/lib/python3.10/site-packages/airflow/example_dags/example_branch_operator.py
[2024-07-15T10:38:22.558+0100] {processor.py:840} INFO - DAG(s) 'example_branch_operator' retrieved from /home/victor/airflow_env/lib/python3.10/site-packages/airflow/example_dags/example_branch_operator.py
[2024-07-15T10:38:22.727+0100] {logging_mixin.py:188} INFO - [2024-07-15T10:38:22.725+0100] {dag.py:3096} INFO - Sync 1 DAGs
[2024-07-15T10:38:22.872+0100] {logging_mixin.py:188} INFO - [2024-07-15T10:38:22.871+0100] {dag.py:3954} INFO - Setting next_dagrun for example_branch_operator to 2024-07-14 00:00:00+00:00, run_after=2024-07-15 00:00:00+00:00
[2024-07-15T10:38:23.225+0100] {processor.py:183} INFO - Processing /home/victor/airflow_env/lib/python3.10/site-packages/airflow/example_dags/example_branch_operator.py took 0.848 seconds
[2024-07-15T10:40:49.809+0100] {processor.py:161} INFO - Started process (PID=30857) to work on /home/victor/airflow_env/lib/python3.10/site-packages/airflow/example_dags/example_branch_operator.py
[2024-07-15T10:40:49.814+0100] {processor.py:830} INFO - Processing file /home/victor/airflow_env/lib/python3.10/site-packages/airflow/example_dags/example_branch_operator.py for tasks to queue
[2024-07-15T10:40:49.824+0100] {logging_mixin.py:188} INFO - [2024-07-15T10:40:49.821+0100] {dagbag.py:545} INFO - Filling up the DagBag from /home/victor/airflow_env/lib/python3.10/site-packages/airflow/example_dags/example_branch_operator.py
[2024-07-15T10:40:49.937+0100] {processor.py:840} INFO - DAG(s) 'example_branch_operator' retrieved from /home/victor/airflow_env/lib/python3.10/site-packages/airflow/example_dags/example_branch_operator.py
[2024-07-15T10:40:50.148+0100] {logging_mixin.py:188} INFO - [2024-07-15T10:40:50.147+0100] {dag.py:3096} INFO - Sync 1 DAGs
[2024-07-15T10:40:50.285+0100] {logging_mixin.py:188} INFO - [2024-07-15T10:40:50.284+0100] {dag.py:3954} INFO - Setting next_dagrun for example_branch_operator to 2024-07-14 00:00:00+00:00, run_after=2024-07-15 00:00:00+00:00
[2024-07-15T10:40:50.789+0100] {processor.py:183} INFO - Processing /home/victor/airflow_env/lib/python3.10/site-packages/airflow/example_dags/example_branch_operator.py took 1.008 seconds
[2024-07-15T10:43:26.073+0100] {processor.py:161} INFO - Started process (PID=31687) to work on /home/victor/airflow_env/lib/python3.10/site-packages/airflow/example_dags/example_branch_operator.py
[2024-07-15T10:43:26.077+0100] {processor.py:830} INFO - Processing file /home/victor/airflow_env/lib/python3.10/site-packages/airflow/example_dags/example_branch_operator.py for tasks to queue
[2024-07-15T10:43:26.085+0100] {logging_mixin.py:188} INFO - [2024-07-15T10:43:26.083+0100] {dagbag.py:545} INFO - Filling up the DagBag from /home/victor/airflow_env/lib/python3.10/site-packages/airflow/example_dags/example_branch_operator.py
[2024-07-15T10:43:26.191+0100] {processor.py:840} INFO - DAG(s) 'example_branch_operator' retrieved from /home/victor/airflow_env/lib/python3.10/site-packages/airflow/example_dags/example_branch_operator.py
[2024-07-15T10:43:26.361+0100] {logging_mixin.py:188} INFO - [2024-07-15T10:43:26.359+0100] {dag.py:3096} INFO - Sync 1 DAGs
[2024-07-15T10:43:26.520+0100] {logging_mixin.py:188} INFO - [2024-07-15T10:43:26.519+0100] {dag.py:3954} INFO - Setting next_dagrun for example_branch_operator to 2024-07-14 00:00:00+00:00, run_after=2024-07-15 00:00:00+00:00
[2024-07-15T10:43:26.866+0100] {processor.py:183} INFO - Processing /home/victor/airflow_env/lib/python3.10/site-packages/airflow/example_dags/example_branch_operator.py took 0.819 seconds
[2024-07-15T10:45:50.882+0100] {processor.py:161} INFO - Started process (PID=32438) to work on /home/victor/airflow_env/lib/python3.10/site-packages/airflow/example_dags/example_branch_operator.py
[2024-07-15T10:45:50.886+0100] {processor.py:830} INFO - Processing file /home/victor/airflow_env/lib/python3.10/site-packages/airflow/example_dags/example_branch_operator.py for tasks to queue
[2024-07-15T10:45:50.894+0100] {logging_mixin.py:188} INFO - [2024-07-15T10:45:50.892+0100] {dagbag.py:545} INFO - Filling up the DagBag from /home/victor/airflow_env/lib/python3.10/site-packages/airflow/example_dags/example_branch_operator.py
[2024-07-15T10:45:50.980+0100] {processor.py:840} INFO - DAG(s) 'example_branch_operator' retrieved from /home/victor/airflow_env/lib/python3.10/site-packages/airflow/example_dags/example_branch_operator.py
[2024-07-15T10:45:51.168+0100] {logging_mixin.py:188} INFO - [2024-07-15T10:45:51.167+0100] {dag.py:3096} INFO - Sync 1 DAGs
[2024-07-15T10:45:51.336+0100] {logging_mixin.py:188} INFO - [2024-07-15T10:45:51.335+0100] {dag.py:3954} INFO - Setting next_dagrun for example_branch_operator to 2024-07-14 00:00:00+00:00, run_after=2024-07-15 00:00:00+00:00
[2024-07-15T10:45:51.678+0100] {processor.py:183} INFO - Processing /home/victor/airflow_env/lib/python3.10/site-packages/airflow/example_dags/example_branch_operator.py took 0.822 seconds
[2024-07-15T10:48:28.236+0100] {processor.py:161} INFO - Started process (PID=33282) to work on /home/victor/airflow_env/lib/python3.10/site-packages/airflow/example_dags/example_branch_operator.py
[2024-07-15T10:48:28.242+0100] {processor.py:830} INFO - Processing file /home/victor/airflow_env/lib/python3.10/site-packages/airflow/example_dags/example_branch_operator.py for tasks to queue
[2024-07-15T10:48:28.253+0100] {logging_mixin.py:188} INFO - [2024-07-15T10:48:28.251+0100] {dagbag.py:545} INFO - Filling up the DagBag from /home/victor/airflow_env/lib/python3.10/site-packages/airflow/example_dags/example_branch_operator.py
[2024-07-15T10:48:28.355+0100] {processor.py:840} INFO - DAG(s) 'example_branch_operator' retrieved from /home/victor/airflow_env/lib/python3.10/site-packages/airflow/example_dags/example_branch_operator.py
[2024-07-15T10:48:28.520+0100] {logging_mixin.py:188} INFO - [2024-07-15T10:48:28.519+0100] {dag.py:3096} INFO - Sync 1 DAGs
[2024-07-15T10:48:28.642+0100] {logging_mixin.py:188} INFO - [2024-07-15T10:48:28.641+0100] {dag.py:3954} INFO - Setting next_dagrun for example_branch_operator to 2024-07-14 00:00:00+00:00, run_after=2024-07-15 00:00:00+00:00
[2024-07-15T10:48:28.986+0100] {processor.py:183} INFO - Processing /home/victor/airflow_env/lib/python3.10/site-packages/airflow/example_dags/example_branch_operator.py took 0.785 seconds
