[2024-07-15T09:49:41.236+0100] {processor.py:161} INFO - Started process (PID=10958) to work on /home/victor/airflow_env/lib/python3.10/site-packages/airflow/example_dags/example_branch_day_of_week_operator.py
[2024-07-15T09:49:41.240+0100] {processor.py:830} INFO - Processing file /home/victor/airflow_env/lib/python3.10/site-packages/airflow/example_dags/example_branch_day_of_week_operator.py for tasks to queue
[2024-07-15T09:49:41.247+0100] {logging_mixin.py:188} INFO - [2024-07-15T09:49:41.246+0100] {dagbag.py:545} INFO - Filling up the DagBag from /home/victor/airflow_env/lib/python3.10/site-packages/airflow/example_dags/example_branch_day_of_week_operator.py
[2024-07-15T09:49:41.280+0100] {processor.py:840} INFO - DAG(s) 'example_weekday_branch_operator' retrieved from /home/victor/airflow_env/lib/python3.10/site-packages/airflow/example_dags/example_branch_day_of_week_operator.py
[2024-07-15T09:49:41.389+0100] {logging_mixin.py:188} INFO - [2024-07-15T09:49:41.388+0100] {dag.py:3096} INFO - Sync 1 DAGs
[2024-07-15T09:49:41.504+0100] {logging_mixin.py:188} INFO - [2024-07-15T09:49:41.503+0100] {dag.py:3954} INFO - Setting next_dagrun for example_weekday_branch_operator to 2024-07-14 00:00:00+00:00, run_after=2024-07-15 00:00:00+00:00
[2024-07-15T09:49:41.825+0100] {processor.py:183} INFO - Processing /home/victor/airflow_env/lib/python3.10/site-packages/airflow/example_dags/example_branch_day_of_week_operator.py took 0.612 seconds
[2024-07-15T09:52:19.414+0100] {processor.py:161} INFO - Started process (PID=11908) to work on /home/victor/airflow_env/lib/python3.10/site-packages/airflow/example_dags/example_branch_day_of_week_operator.py
[2024-07-15T09:52:19.421+0100] {processor.py:830} INFO - Processing file /home/victor/airflow_env/lib/python3.10/site-packages/airflow/example_dags/example_branch_day_of_week_operator.py for tasks to queue
[2024-07-15T09:52:19.429+0100] {logging_mixin.py:188} INFO - [2024-07-15T09:52:19.427+0100] {dagbag.py:545} INFO - Filling up the DagBag from /home/victor/airflow_env/lib/python3.10/site-packages/airflow/example_dags/example_branch_day_of_week_operator.py
[2024-07-15T09:52:19.472+0100] {processor.py:840} INFO - DAG(s) 'example_weekday_branch_operator' retrieved from /home/victor/airflow_env/lib/python3.10/site-packages/airflow/example_dags/example_branch_day_of_week_operator.py
[2024-07-15T09:52:19.596+0100] {logging_mixin.py:188} INFO - [2024-07-15T09:52:19.595+0100] {dag.py:3096} INFO - Sync 1 DAGs
[2024-07-15T09:52:20.147+0100] {logging_mixin.py:188} INFO - [2024-07-15T09:52:20.146+0100] {dag.py:3954} INFO - Setting next_dagrun for example_weekday_branch_operator to 2024-07-14 00:00:00+00:00, run_after=2024-07-15 00:00:00+00:00
[2024-07-15T09:52:20.489+0100] {processor.py:183} INFO - Processing /home/victor/airflow_env/lib/python3.10/site-packages/airflow/example_dags/example_branch_day_of_week_operator.py took 1.104 seconds
[2024-07-15T09:56:13.862+0100] {processor.py:161} INFO - Started process (PID=13552) to work on /home/victor/airflow_env/lib/python3.10/site-packages/airflow/example_dags/example_branch_day_of_week_operator.py
[2024-07-15T09:56:13.866+0100] {processor.py:830} INFO - Processing file /home/victor/airflow_env/lib/python3.10/site-packages/airflow/example_dags/example_branch_day_of_week_operator.py for tasks to queue
[2024-07-15T09:56:13.873+0100] {logging_mixin.py:188} INFO - [2024-07-15T09:56:13.872+0100] {dagbag.py:545} INFO - Filling up the DagBag from /home/victor/airflow_env/lib/python3.10/site-packages/airflow/example_dags/example_branch_day_of_week_operator.py
[2024-07-15T09:56:13.909+0100] {processor.py:840} INFO - DAG(s) 'example_weekday_branch_operator' retrieved from /home/victor/airflow_env/lib/python3.10/site-packages/airflow/example_dags/example_branch_day_of_week_operator.py
[2024-07-15T09:56:14.002+0100] {logging_mixin.py:188} INFO - [2024-07-15T09:56:14.001+0100] {dag.py:3096} INFO - Sync 1 DAGs
[2024-07-15T09:56:14.108+0100] {logging_mixin.py:188} INFO - [2024-07-15T09:56:14.107+0100] {dag.py:3954} INFO - Setting next_dagrun for example_weekday_branch_operator to 2024-07-14 00:00:00+00:00, run_after=2024-07-15 00:00:00+00:00
[2024-07-15T09:56:14.481+0100] {processor.py:183} INFO - Processing /home/victor/airflow_env/lib/python3.10/site-packages/airflow/example_dags/example_branch_day_of_week_operator.py took 0.645 seconds
[2024-07-15T09:59:23.453+0100] {processor.py:161} INFO - Started process (PID=14800) to work on /home/victor/airflow_env/lib/python3.10/site-packages/airflow/example_dags/example_branch_day_of_week_operator.py
[2024-07-15T09:59:23.456+0100] {processor.py:830} INFO - Processing file /home/victor/airflow_env/lib/python3.10/site-packages/airflow/example_dags/example_branch_day_of_week_operator.py for tasks to queue
[2024-07-15T09:59:23.464+0100] {logging_mixin.py:188} INFO - [2024-07-15T09:59:23.462+0100] {dagbag.py:545} INFO - Filling up the DagBag from /home/victor/airflow_env/lib/python3.10/site-packages/airflow/example_dags/example_branch_day_of_week_operator.py
[2024-07-15T09:59:23.505+0100] {processor.py:840} INFO - DAG(s) 'example_weekday_branch_operator' retrieved from /home/victor/airflow_env/lib/python3.10/site-packages/airflow/example_dags/example_branch_day_of_week_operator.py
[2024-07-15T09:59:23.605+0100] {logging_mixin.py:188} INFO - [2024-07-15T09:59:23.604+0100] {dag.py:3096} INFO - Sync 1 DAGs
[2024-07-15T09:59:23.718+0100] {logging_mixin.py:188} INFO - [2024-07-15T09:59:23.717+0100] {dag.py:3954} INFO - Setting next_dagrun for example_weekday_branch_operator to 2024-07-14 00:00:00+00:00, run_after=2024-07-15 00:00:00+00:00
[2024-07-15T09:59:24.099+0100] {processor.py:183} INFO - Processing /home/victor/airflow_env/lib/python3.10/site-packages/airflow/example_dags/example_branch_day_of_week_operator.py took 0.677 seconds
[2024-07-15T10:02:06.205+0100] {processor.py:161} INFO - Started process (PID=16082) to work on /home/victor/airflow_env/lib/python3.10/site-packages/airflow/example_dags/example_branch_day_of_week_operator.py
[2024-07-15T10:02:06.209+0100] {processor.py:830} INFO - Processing file /home/victor/airflow_env/lib/python3.10/site-packages/airflow/example_dags/example_branch_day_of_week_operator.py for tasks to queue
[2024-07-15T10:02:06.216+0100] {logging_mixin.py:188} INFO - [2024-07-15T10:02:06.214+0100] {dagbag.py:545} INFO - Filling up the DagBag from /home/victor/airflow_env/lib/python3.10/site-packages/airflow/example_dags/example_branch_day_of_week_operator.py
[2024-07-15T10:02:06.250+0100] {processor.py:840} INFO - DAG(s) 'example_weekday_branch_operator' retrieved from /home/victor/airflow_env/lib/python3.10/site-packages/airflow/example_dags/example_branch_day_of_week_operator.py
[2024-07-15T10:02:06.343+0100] {logging_mixin.py:188} INFO - [2024-07-15T10:02:06.342+0100] {dag.py:3096} INFO - Sync 1 DAGs
[2024-07-15T10:02:06.466+0100] {logging_mixin.py:188} INFO - [2024-07-15T10:02:06.465+0100] {dag.py:3954} INFO - Setting next_dagrun for example_weekday_branch_operator to 2024-07-14 00:00:00+00:00, run_after=2024-07-15 00:00:00+00:00
[2024-07-15T10:02:06.892+0100] {processor.py:183} INFO - Processing /home/victor/airflow_env/lib/python3.10/site-packages/airflow/example_dags/example_branch_day_of_week_operator.py took 0.713 seconds
[2024-07-15T10:04:34.524+0100] {processor.py:161} INFO - Started process (PID=17159) to work on /home/victor/airflow_env/lib/python3.10/site-packages/airflow/example_dags/example_branch_day_of_week_operator.py
[2024-07-15T10:04:34.528+0100] {processor.py:830} INFO - Processing file /home/victor/airflow_env/lib/python3.10/site-packages/airflow/example_dags/example_branch_day_of_week_operator.py for tasks to queue
[2024-07-15T10:04:34.535+0100] {logging_mixin.py:188} INFO - [2024-07-15T10:04:34.533+0100] {dagbag.py:545} INFO - Filling up the DagBag from /home/victor/airflow_env/lib/python3.10/site-packages/airflow/example_dags/example_branch_day_of_week_operator.py
[2024-07-15T10:04:34.577+0100] {processor.py:840} INFO - DAG(s) 'example_weekday_branch_operator' retrieved from /home/victor/airflow_env/lib/python3.10/site-packages/airflow/example_dags/example_branch_day_of_week_operator.py
[2024-07-15T10:04:34.710+0100] {logging_mixin.py:188} INFO - [2024-07-15T10:04:34.709+0100] {dag.py:3096} INFO - Sync 1 DAGs
[2024-07-15T10:04:34.841+0100] {logging_mixin.py:188} INFO - [2024-07-15T10:04:34.840+0100] {dag.py:3954} INFO - Setting next_dagrun for example_weekday_branch_operator to 2024-07-14 00:00:00+00:00, run_after=2024-07-15 00:00:00+00:00
[2024-07-15T10:04:35.228+0100] {processor.py:183} INFO - Processing /home/victor/airflow_env/lib/python3.10/site-packages/airflow/example_dags/example_branch_day_of_week_operator.py took 0.730 seconds
[2024-07-15T10:07:35.399+0100] {processor.py:161} INFO - Started process (PID=18385) to work on /home/victor/airflow_env/lib/python3.10/site-packages/airflow/example_dags/example_branch_day_of_week_operator.py
[2024-07-15T10:07:35.404+0100] {processor.py:830} INFO - Processing file /home/victor/airflow_env/lib/python3.10/site-packages/airflow/example_dags/example_branch_day_of_week_operator.py for tasks to queue
[2024-07-15T10:07:35.414+0100] {logging_mixin.py:188} INFO - [2024-07-15T10:07:35.412+0100] {dagbag.py:545} INFO - Filling up the DagBag from /home/victor/airflow_env/lib/python3.10/site-packages/airflow/example_dags/example_branch_day_of_week_operator.py
[2024-07-15T10:07:35.470+0100] {processor.py:840} INFO - DAG(s) 'example_weekday_branch_operator' retrieved from /home/victor/airflow_env/lib/python3.10/site-packages/airflow/example_dags/example_branch_day_of_week_operator.py
[2024-07-15T10:07:35.605+0100] {logging_mixin.py:188} INFO - [2024-07-15T10:07:35.604+0100] {dag.py:3096} INFO - Sync 1 DAGs
[2024-07-15T10:07:35.765+0100] {logging_mixin.py:188} INFO - [2024-07-15T10:07:35.764+0100] {dag.py:3954} INFO - Setting next_dagrun for example_weekday_branch_operator to 2024-07-14 00:00:00+00:00, run_after=2024-07-15 00:00:00+00:00
[2024-07-15T10:07:36.248+0100] {processor.py:183} INFO - Processing /home/victor/airflow_env/lib/python3.10/site-packages/airflow/example_dags/example_branch_day_of_week_operator.py took 0.894 seconds
[2024-07-15T10:10:35.135+0100] {processor.py:161} INFO - Started process (PID=19546) to work on /home/victor/airflow_env/lib/python3.10/site-packages/airflow/example_dags/example_branch_day_of_week_operator.py
[2024-07-15T10:10:35.139+0100] {processor.py:830} INFO - Processing file /home/victor/airflow_env/lib/python3.10/site-packages/airflow/example_dags/example_branch_day_of_week_operator.py for tasks to queue
[2024-07-15T10:10:35.146+0100] {logging_mixin.py:188} INFO - [2024-07-15T10:10:35.145+0100] {dagbag.py:545} INFO - Filling up the DagBag from /home/victor/airflow_env/lib/python3.10/site-packages/airflow/example_dags/example_branch_day_of_week_operator.py
[2024-07-15T10:10:35.183+0100] {processor.py:840} INFO - DAG(s) 'example_weekday_branch_operator' retrieved from /home/victor/airflow_env/lib/python3.10/site-packages/airflow/example_dags/example_branch_day_of_week_operator.py
[2024-07-15T10:10:35.284+0100] {logging_mixin.py:188} INFO - [2024-07-15T10:10:35.282+0100] {dag.py:3096} INFO - Sync 1 DAGs
[2024-07-15T10:10:35.443+0100] {logging_mixin.py:188} INFO - [2024-07-15T10:10:35.442+0100] {dag.py:3954} INFO - Setting next_dagrun for example_weekday_branch_operator to 2024-07-14 00:00:00+00:00, run_after=2024-07-15 00:00:00+00:00
[2024-07-15T10:10:35.777+0100] {processor.py:183} INFO - Processing /home/victor/airflow_env/lib/python3.10/site-packages/airflow/example_dags/example_branch_day_of_week_operator.py took 0.676 seconds
[2024-07-15T10:13:21.758+0100] {processor.py:161} INFO - Started process (PID=20441) to work on /home/victor/airflow_env/lib/python3.10/site-packages/airflow/example_dags/example_branch_day_of_week_operator.py
[2024-07-15T10:13:21.765+0100] {processor.py:830} INFO - Processing file /home/victor/airflow_env/lib/python3.10/site-packages/airflow/example_dags/example_branch_day_of_week_operator.py for tasks to queue
[2024-07-15T10:13:21.777+0100] {logging_mixin.py:188} INFO - [2024-07-15T10:13:21.775+0100] {dagbag.py:545} INFO - Filling up the DagBag from /home/victor/airflow_env/lib/python3.10/site-packages/airflow/example_dags/example_branch_day_of_week_operator.py
[2024-07-15T10:13:21.834+0100] {processor.py:840} INFO - DAG(s) 'example_weekday_branch_operator' retrieved from /home/victor/airflow_env/lib/python3.10/site-packages/airflow/example_dags/example_branch_day_of_week_operator.py
[2024-07-15T10:13:21.999+0100] {logging_mixin.py:188} INFO - [2024-07-15T10:13:21.997+0100] {dag.py:3096} INFO - Sync 1 DAGs
[2024-07-15T10:13:22.257+0100] {logging_mixin.py:188} INFO - [2024-07-15T10:13:22.254+0100] {dag.py:3954} INFO - Setting next_dagrun for example_weekday_branch_operator to 2024-07-14 00:00:00+00:00, run_after=2024-07-15 00:00:00+00:00
[2024-07-15T10:13:22.768+0100] {processor.py:183} INFO - Processing /home/victor/airflow_env/lib/python3.10/site-packages/airflow/example_dags/example_branch_day_of_week_operator.py took 1.081 seconds
[2024-07-15T10:16:21.592+0100] {processor.py:161} INFO - Started process (PID=21451) to work on /home/victor/airflow_env/lib/python3.10/site-packages/airflow/example_dags/example_branch_day_of_week_operator.py
[2024-07-15T10:16:21.597+0100] {processor.py:830} INFO - Processing file /home/victor/airflow_env/lib/python3.10/site-packages/airflow/example_dags/example_branch_day_of_week_operator.py for tasks to queue
[2024-07-15T10:16:21.608+0100] {logging_mixin.py:188} INFO - [2024-07-15T10:16:21.606+0100] {dagbag.py:545} INFO - Filling up the DagBag from /home/victor/airflow_env/lib/python3.10/site-packages/airflow/example_dags/example_branch_day_of_week_operator.py
[2024-07-15T10:16:21.681+0100] {processor.py:840} INFO - DAG(s) 'example_weekday_branch_operator' retrieved from /home/victor/airflow_env/lib/python3.10/site-packages/airflow/example_dags/example_branch_day_of_week_operator.py
[2024-07-15T10:16:21.857+0100] {logging_mixin.py:188} INFO - [2024-07-15T10:16:21.855+0100] {dag.py:3096} INFO - Sync 1 DAGs
[2024-07-15T10:16:22.081+0100] {logging_mixin.py:188} INFO - [2024-07-15T10:16:22.079+0100] {dag.py:3954} INFO - Setting next_dagrun for example_weekday_branch_operator to 2024-07-14 00:00:00+00:00, run_after=2024-07-15 00:00:00+00:00
[2024-07-15T10:16:22.518+0100] {processor.py:183} INFO - Processing /home/victor/airflow_env/lib/python3.10/site-packages/airflow/example_dags/example_branch_day_of_week_operator.py took 0.970 seconds
[2024-07-15T10:19:14.062+0100] {processor.py:161} INFO - Started process (PID=22583) to work on /home/victor/airflow_env/lib/python3.10/site-packages/airflow/example_dags/example_branch_day_of_week_operator.py
[2024-07-15T10:19:14.078+0100] {processor.py:830} INFO - Processing file /home/victor/airflow_env/lib/python3.10/site-packages/airflow/example_dags/example_branch_day_of_week_operator.py for tasks to queue
[2024-07-15T10:19:14.096+0100] {logging_mixin.py:188} INFO - [2024-07-15T10:19:14.094+0100] {dagbag.py:545} INFO - Filling up the DagBag from /home/victor/airflow_env/lib/python3.10/site-packages/airflow/example_dags/example_branch_day_of_week_operator.py
[2024-07-15T10:19:14.196+0100] {processor.py:840} INFO - DAG(s) 'example_weekday_branch_operator' retrieved from /home/victor/airflow_env/lib/python3.10/site-packages/airflow/example_dags/example_branch_day_of_week_operator.py
[2024-07-15T10:19:15.356+0100] {logging_mixin.py:188} INFO - [2024-07-15T10:19:15.355+0100] {dag.py:3096} INFO - Sync 1 DAGs
[2024-07-15T10:19:16.374+0100] {logging_mixin.py:188} INFO - [2024-07-15T10:19:16.372+0100] {dag.py:3954} INFO - Setting next_dagrun for example_weekday_branch_operator to 2024-07-14 00:00:00+00:00, run_after=2024-07-15 00:00:00+00:00
[2024-07-15T10:19:17.015+0100] {processor.py:183} INFO - Processing /home/victor/airflow_env/lib/python3.10/site-packages/airflow/example_dags/example_branch_day_of_week_operator.py took 3.037 seconds
[2024-07-15T10:22:56.291+0100] {processor.py:161} INFO - Started process (PID=24366) to work on /home/victor/airflow_env/lib/python3.10/site-packages/airflow/example_dags/example_branch_day_of_week_operator.py
[2024-07-15T10:22:56.296+0100] {processor.py:830} INFO - Processing file /home/victor/airflow_env/lib/python3.10/site-packages/airflow/example_dags/example_branch_day_of_week_operator.py for tasks to queue
[2024-07-15T10:22:56.311+0100] {logging_mixin.py:188} INFO - [2024-07-15T10:22:56.309+0100] {dagbag.py:545} INFO - Filling up the DagBag from /home/victor/airflow_env/lib/python3.10/site-packages/airflow/example_dags/example_branch_day_of_week_operator.py
[2024-07-15T10:22:56.409+0100] {processor.py:840} INFO - DAG(s) 'example_weekday_branch_operator' retrieved from /home/victor/airflow_env/lib/python3.10/site-packages/airflow/example_dags/example_branch_day_of_week_operator.py
[2024-07-15T10:22:56.609+0100] {logging_mixin.py:188} INFO - [2024-07-15T10:22:56.607+0100] {dag.py:3096} INFO - Sync 1 DAGs
[2024-07-15T10:22:57.013+0100] {logging_mixin.py:188} INFO - [2024-07-15T10:22:57.002+0100] {dag.py:3954} INFO - Setting next_dagrun for example_weekday_branch_operator to 2024-07-14 00:00:00+00:00, run_after=2024-07-15 00:00:00+00:00
[2024-07-15T10:22:57.683+0100] {processor.py:183} INFO - Processing /home/victor/airflow_env/lib/python3.10/site-packages/airflow/example_dags/example_branch_day_of_week_operator.py took 1.433 seconds
[2024-07-15T10:25:24.157+0100] {processor.py:161} INFO - Started process (PID=25406) to work on /home/victor/airflow_env/lib/python3.10/site-packages/airflow/example_dags/example_branch_day_of_week_operator.py
[2024-07-15T10:25:24.161+0100] {processor.py:830} INFO - Processing file /home/victor/airflow_env/lib/python3.10/site-packages/airflow/example_dags/example_branch_day_of_week_operator.py for tasks to queue
[2024-07-15T10:25:24.167+0100] {logging_mixin.py:188} INFO - [2024-07-15T10:25:24.166+0100] {dagbag.py:545} INFO - Filling up the DagBag from /home/victor/airflow_env/lib/python3.10/site-packages/airflow/example_dags/example_branch_day_of_week_operator.py
[2024-07-15T10:25:24.202+0100] {processor.py:840} INFO - DAG(s) 'example_weekday_branch_operator' retrieved from /home/victor/airflow_env/lib/python3.10/site-packages/airflow/example_dags/example_branch_day_of_week_operator.py
[2024-07-15T10:25:24.310+0100] {logging_mixin.py:188} INFO - [2024-07-15T10:25:24.309+0100] {dag.py:3096} INFO - Sync 1 DAGs
[2024-07-15T10:25:24.436+0100] {logging_mixin.py:188} INFO - [2024-07-15T10:25:24.435+0100] {dag.py:3954} INFO - Setting next_dagrun for example_weekday_branch_operator to 2024-07-14 00:00:00+00:00, run_after=2024-07-15 00:00:00+00:00
[2024-07-15T10:25:24.689+0100] {processor.py:183} INFO - Processing /home/victor/airflow_env/lib/python3.10/site-packages/airflow/example_dags/example_branch_day_of_week_operator.py took 0.567 seconds
[2024-07-15T10:28:41.908+0100] {processor.py:161} INFO - Started process (PID=26708) to work on /home/victor/airflow_env/lib/python3.10/site-packages/airflow/example_dags/example_branch_day_of_week_operator.py
[2024-07-15T10:28:41.912+0100] {processor.py:830} INFO - Processing file /home/victor/airflow_env/lib/python3.10/site-packages/airflow/example_dags/example_branch_day_of_week_operator.py for tasks to queue
[2024-07-15T10:28:41.921+0100] {logging_mixin.py:188} INFO - [2024-07-15T10:28:41.919+0100] {dagbag.py:545} INFO - Filling up the DagBag from /home/victor/airflow_env/lib/python3.10/site-packages/airflow/example_dags/example_branch_day_of_week_operator.py
[2024-07-15T10:28:41.961+0100] {processor.py:840} INFO - DAG(s) 'example_weekday_branch_operator' retrieved from /home/victor/airflow_env/lib/python3.10/site-packages/airflow/example_dags/example_branch_day_of_week_operator.py
[2024-07-15T10:28:42.094+0100] {logging_mixin.py:188} INFO - [2024-07-15T10:28:42.093+0100] {dag.py:3096} INFO - Sync 1 DAGs
[2024-07-15T10:28:42.253+0100] {logging_mixin.py:188} INFO - [2024-07-15T10:28:42.252+0100] {dag.py:3954} INFO - Setting next_dagrun for example_weekday_branch_operator to 2024-07-14 00:00:00+00:00, run_after=2024-07-15 00:00:00+00:00
[2024-07-15T10:28:42.596+0100] {processor.py:183} INFO - Processing /home/victor/airflow_env/lib/python3.10/site-packages/airflow/example_dags/example_branch_day_of_week_operator.py took 0.716 seconds
[2024-07-15T10:31:14.953+0100] {processor.py:161} INFO - Started process (PID=27513) to work on /home/victor/airflow_env/lib/python3.10/site-packages/airflow/example_dags/example_branch_day_of_week_operator.py
[2024-07-15T10:31:14.958+0100] {processor.py:830} INFO - Processing file /home/victor/airflow_env/lib/python3.10/site-packages/airflow/example_dags/example_branch_day_of_week_operator.py for tasks to queue
[2024-07-15T10:31:14.979+0100] {logging_mixin.py:188} INFO - [2024-07-15T10:31:14.970+0100] {dagbag.py:545} INFO - Filling up the DagBag from /home/victor/airflow_env/lib/python3.10/site-packages/airflow/example_dags/example_branch_day_of_week_operator.py
[2024-07-15T10:31:15.065+0100] {processor.py:840} INFO - DAG(s) 'example_weekday_branch_operator' retrieved from /home/victor/airflow_env/lib/python3.10/site-packages/airflow/example_dags/example_branch_day_of_week_operator.py
[2024-07-15T10:31:15.482+0100] {logging_mixin.py:188} INFO - [2024-07-15T10:31:15.481+0100] {dag.py:3096} INFO - Sync 1 DAGs
[2024-07-15T10:31:15.887+0100] {logging_mixin.py:188} INFO - [2024-07-15T10:31:15.886+0100] {dag.py:3954} INFO - Setting next_dagrun for example_weekday_branch_operator to 2024-07-14 00:00:00+00:00, run_after=2024-07-15 00:00:00+00:00
[2024-07-15T10:31:16.405+0100] {processor.py:183} INFO - Processing /home/victor/airflow_env/lib/python3.10/site-packages/airflow/example_dags/example_branch_day_of_week_operator.py took 1.498 seconds
[2024-07-15T10:34:17.279+0100] {processor.py:161} INFO - Started process (PID=28724) to work on /home/victor/airflow_env/lib/python3.10/site-packages/airflow/example_dags/example_branch_day_of_week_operator.py
[2024-07-15T10:34:17.283+0100] {processor.py:830} INFO - Processing file /home/victor/airflow_env/lib/python3.10/site-packages/airflow/example_dags/example_branch_day_of_week_operator.py for tasks to queue
[2024-07-15T10:34:17.291+0100] {logging_mixin.py:188} INFO - [2024-07-15T10:34:17.289+0100] {dagbag.py:545} INFO - Filling up the DagBag from /home/victor/airflow_env/lib/python3.10/site-packages/airflow/example_dags/example_branch_day_of_week_operator.py
[2024-07-15T10:34:17.327+0100] {processor.py:840} INFO - DAG(s) 'example_weekday_branch_operator' retrieved from /home/victor/airflow_env/lib/python3.10/site-packages/airflow/example_dags/example_branch_day_of_week_operator.py
[2024-07-15T10:34:17.445+0100] {logging_mixin.py:188} INFO - [2024-07-15T10:34:17.444+0100] {dag.py:3096} INFO - Sync 1 DAGs
[2024-07-15T10:34:17.569+0100] {logging_mixin.py:188} INFO - [2024-07-15T10:34:17.568+0100] {dag.py:3954} INFO - Setting next_dagrun for example_weekday_branch_operator to 2024-07-14 00:00:00+00:00, run_after=2024-07-15 00:00:00+00:00
[2024-07-15T10:34:17.902+0100] {processor.py:183} INFO - Processing /home/victor/airflow_env/lib/python3.10/site-packages/airflow/example_dags/example_branch_day_of_week_operator.py took 0.655 seconds
[2024-07-15T10:36:59.541+0100] {processor.py:161} INFO - Started process (PID=29623) to work on /home/victor/airflow_env/lib/python3.10/site-packages/airflow/example_dags/example_branch_day_of_week_operator.py
[2024-07-15T10:36:59.547+0100] {processor.py:830} INFO - Processing file /home/victor/airflow_env/lib/python3.10/site-packages/airflow/example_dags/example_branch_day_of_week_operator.py for tasks to queue
[2024-07-15T10:36:59.555+0100] {logging_mixin.py:188} INFO - [2024-07-15T10:36:59.553+0100] {dagbag.py:545} INFO - Filling up the DagBag from /home/victor/airflow_env/lib/python3.10/site-packages/airflow/example_dags/example_branch_day_of_week_operator.py
[2024-07-15T10:36:59.596+0100] {processor.py:840} INFO - DAG(s) 'example_weekday_branch_operator' retrieved from /home/victor/airflow_env/lib/python3.10/site-packages/airflow/example_dags/example_branch_day_of_week_operator.py
[2024-07-15T10:36:59.736+0100] {logging_mixin.py:188} INFO - [2024-07-15T10:36:59.735+0100] {dag.py:3096} INFO - Sync 1 DAGs
[2024-07-15T10:36:59.913+0100] {logging_mixin.py:188} INFO - [2024-07-15T10:36:59.912+0100] {dag.py:3954} INFO - Setting next_dagrun for example_weekday_branch_operator to 2024-07-14 00:00:00+00:00, run_after=2024-07-15 00:00:00+00:00
[2024-07-15T10:37:00.340+0100] {processor.py:183} INFO - Processing /home/victor/airflow_env/lib/python3.10/site-packages/airflow/example_dags/example_branch_day_of_week_operator.py took 0.829 seconds
[2024-07-15T10:39:41.482+0100] {processor.py:161} INFO - Started process (PID=30505) to work on /home/victor/airflow_env/lib/python3.10/site-packages/airflow/example_dags/example_branch_day_of_week_operator.py
[2024-07-15T10:39:41.487+0100] {processor.py:830} INFO - Processing file /home/victor/airflow_env/lib/python3.10/site-packages/airflow/example_dags/example_branch_day_of_week_operator.py for tasks to queue
[2024-07-15T10:39:41.496+0100] {logging_mixin.py:188} INFO - [2024-07-15T10:39:41.494+0100] {dagbag.py:545} INFO - Filling up the DagBag from /home/victor/airflow_env/lib/python3.10/site-packages/airflow/example_dags/example_branch_day_of_week_operator.py
[2024-07-15T10:39:41.536+0100] {processor.py:840} INFO - DAG(s) 'example_weekday_branch_operator' retrieved from /home/victor/airflow_env/lib/python3.10/site-packages/airflow/example_dags/example_branch_day_of_week_operator.py
[2024-07-15T10:39:41.644+0100] {logging_mixin.py:188} INFO - [2024-07-15T10:39:41.643+0100] {dag.py:3096} INFO - Sync 1 DAGs
[2024-07-15T10:39:41.761+0100] {logging_mixin.py:188} INFO - [2024-07-15T10:39:41.760+0100] {dag.py:3954} INFO - Setting next_dagrun for example_weekday_branch_operator to 2024-07-14 00:00:00+00:00, run_after=2024-07-15 00:00:00+00:00
[2024-07-15T10:39:42.029+0100] {processor.py:183} INFO - Processing /home/victor/airflow_env/lib/python3.10/site-packages/airflow/example_dags/example_branch_day_of_week_operator.py took 0.574 seconds
[2024-07-15T10:42:12.482+0100] {processor.py:161} INFO - Started process (PID=31277) to work on /home/victor/airflow_env/lib/python3.10/site-packages/airflow/example_dags/example_branch_day_of_week_operator.py
[2024-07-15T10:42:12.489+0100] {processor.py:830} INFO - Processing file /home/victor/airflow_env/lib/python3.10/site-packages/airflow/example_dags/example_branch_day_of_week_operator.py for tasks to queue
[2024-07-15T10:42:12.514+0100] {logging_mixin.py:188} INFO - [2024-07-15T10:42:12.503+0100] {dagbag.py:545} INFO - Filling up the DagBag from /home/victor/airflow_env/lib/python3.10/site-packages/airflow/example_dags/example_branch_day_of_week_operator.py
[2024-07-15T10:42:12.626+0100] {processor.py:840} INFO - DAG(s) 'example_weekday_branch_operator' retrieved from /home/victor/airflow_env/lib/python3.10/site-packages/airflow/example_dags/example_branch_day_of_week_operator.py
[2024-07-15T10:42:12.776+0100] {logging_mixin.py:188} INFO - [2024-07-15T10:42:12.775+0100] {dag.py:3096} INFO - Sync 1 DAGs
[2024-07-15T10:42:12.913+0100] {logging_mixin.py:188} INFO - [2024-07-15T10:42:12.912+0100] {dag.py:3954} INFO - Setting next_dagrun for example_weekday_branch_operator to 2024-07-14 00:00:00+00:00, run_after=2024-07-15 00:00:00+00:00
[2024-07-15T10:42:13.244+0100] {processor.py:183} INFO - Processing /home/victor/airflow_env/lib/python3.10/site-packages/airflow/example_dags/example_branch_day_of_week_operator.py took 0.843 seconds
[2024-07-15T10:44:44.919+0100] {processor.py:161} INFO - Started process (PID=32096) to work on /home/victor/airflow_env/lib/python3.10/site-packages/airflow/example_dags/example_branch_day_of_week_operator.py
[2024-07-15T10:44:44.924+0100] {processor.py:830} INFO - Processing file /home/victor/airflow_env/lib/python3.10/site-packages/airflow/example_dags/example_branch_day_of_week_operator.py for tasks to queue
[2024-07-15T10:44:44.933+0100] {logging_mixin.py:188} INFO - [2024-07-15T10:44:44.931+0100] {dagbag.py:545} INFO - Filling up the DagBag from /home/victor/airflow_env/lib/python3.10/site-packages/airflow/example_dags/example_branch_day_of_week_operator.py
[2024-07-15T10:44:44.979+0100] {processor.py:840} INFO - DAG(s) 'example_weekday_branch_operator' retrieved from /home/victor/airflow_env/lib/python3.10/site-packages/airflow/example_dags/example_branch_day_of_week_operator.py
[2024-07-15T10:44:45.083+0100] {logging_mixin.py:188} INFO - [2024-07-15T10:44:45.082+0100] {dag.py:3096} INFO - Sync 1 DAGs
[2024-07-15T10:44:45.227+0100] {logging_mixin.py:188} INFO - [2024-07-15T10:44:45.226+0100] {dag.py:3954} INFO - Setting next_dagrun for example_weekday_branch_operator to 2024-07-14 00:00:00+00:00, run_after=2024-07-15 00:00:00+00:00
[2024-07-15T10:44:45.621+0100] {processor.py:183} INFO - Processing /home/victor/airflow_env/lib/python3.10/site-packages/airflow/example_dags/example_branch_day_of_week_operator.py took 0.736 seconds
[2024-07-15T10:47:10.852+0100] {processor.py:161} INFO - Started process (PID=32855) to work on /home/victor/airflow_env/lib/python3.10/site-packages/airflow/example_dags/example_branch_day_of_week_operator.py
[2024-07-15T10:47:10.856+0100] {processor.py:830} INFO - Processing file /home/victor/airflow_env/lib/python3.10/site-packages/airflow/example_dags/example_branch_day_of_week_operator.py for tasks to queue
[2024-07-15T10:47:10.863+0100] {logging_mixin.py:188} INFO - [2024-07-15T10:47:10.861+0100] {dagbag.py:545} INFO - Filling up the DagBag from /home/victor/airflow_env/lib/python3.10/site-packages/airflow/example_dags/example_branch_day_of_week_operator.py
[2024-07-15T10:47:10.900+0100] {processor.py:840} INFO - DAG(s) 'example_weekday_branch_operator' retrieved from /home/victor/airflow_env/lib/python3.10/site-packages/airflow/example_dags/example_branch_day_of_week_operator.py
[2024-07-15T10:47:11.007+0100] {logging_mixin.py:188} INFO - [2024-07-15T10:47:11.006+0100] {dag.py:3096} INFO - Sync 1 DAGs
[2024-07-15T10:47:11.132+0100] {logging_mixin.py:188} INFO - [2024-07-15T10:47:11.131+0100] {dag.py:3954} INFO - Setting next_dagrun for example_weekday_branch_operator to 2024-07-14 00:00:00+00:00, run_after=2024-07-15 00:00:00+00:00
[2024-07-15T10:47:11.417+0100] {processor.py:183} INFO - Processing /home/victor/airflow_env/lib/python3.10/site-packages/airflow/example_dags/example_branch_day_of_week_operator.py took 0.594 seconds
[2024-07-15T10:50:09.646+0100] {processor.py:161} INFO - Started process (PID=34026) to work on /home/victor/airflow_env/lib/python3.10/site-packages/airflow/example_dags/example_branch_day_of_week_operator.py
[2024-07-15T10:50:09.654+0100] {processor.py:830} INFO - Processing file /home/victor/airflow_env/lib/python3.10/site-packages/airflow/example_dags/example_branch_day_of_week_operator.py for tasks to queue
[2024-07-15T10:50:09.676+0100] {logging_mixin.py:188} INFO - [2024-07-15T10:50:09.673+0100] {dagbag.py:545} INFO - Filling up the DagBag from /home/victor/airflow_env/lib/python3.10/site-packages/airflow/example_dags/example_branch_day_of_week_operator.py
[2024-07-15T10:50:09.742+0100] {processor.py:840} INFO - DAG(s) 'example_weekday_branch_operator' retrieved from /home/victor/airflow_env/lib/python3.10/site-packages/airflow/example_dags/example_branch_day_of_week_operator.py
[2024-07-15T10:50:09.990+0100] {logging_mixin.py:188} INFO - [2024-07-15T10:50:09.989+0100] {dag.py:3096} INFO - Sync 1 DAGs
[2024-07-15T10:50:10.140+0100] {logging_mixin.py:188} INFO - [2024-07-15T10:50:10.138+0100] {dag.py:3954} INFO - Setting next_dagrun for example_weekday_branch_operator to 2024-07-14 00:00:00+00:00, run_after=2024-07-15 00:00:00+00:00
[2024-07-15T10:50:10.411+0100] {processor.py:183} INFO - Processing /home/victor/airflow_env/lib/python3.10/site-packages/airflow/example_dags/example_branch_day_of_week_operator.py took 0.805 seconds
