[2024-07-15T09:48:13.005+0100] {processor.py:161} INFO - Started process (PID=10148) to work on /home/victor/airflow_env/lib/python3.10/site-packages/airflow/example_dags/example_task_group.py
[2024-07-15T09:48:13.011+0100] {processor.py:830} INFO - Processing file /home/victor/airflow_env/lib/python3.10/site-packages/airflow/example_dags/example_task_group.py for tasks to queue
[2024-07-15T09:48:13.019+0100] {logging_mixin.py:188} INFO - [2024-07-15T09:48:13.017+0100] {dagbag.py:545} INFO - Filling up the DagBag from /home/victor/airflow_env/lib/python3.10/site-packages/airflow/example_dags/example_task_group.py
[2024-07-15T09:48:13.082+0100] {processor.py:840} INFO - DAG(s) 'example_task_group' retrieved from /home/victor/airflow_env/lib/python3.10/site-packages/airflow/example_dags/example_task_group.py
[2024-07-15T09:48:13.281+0100] {logging_mixin.py:188} INFO - [2024-07-15T09:48:13.279+0100] {dag.py:3096} INFO - Sync 1 DAGs
[2024-07-15T09:48:13.449+0100] {logging_mixin.py:188} INFO - [2024-07-15T09:48:13.448+0100] {dag.py:3954} INFO - Setting next_dagrun for example_task_group to 2024-07-14 00:00:00+00:00, run_after=2024-07-15 00:00:00+00:00
[2024-07-15T09:48:13.855+0100] {processor.py:183} INFO - Processing /home/victor/airflow_env/lib/python3.10/site-packages/airflow/example_dags/example_task_group.py took 0.876 seconds
[2024-07-15T09:50:38.187+0100] {processor.py:161} INFO - Started process (PID=11252) to work on /home/victor/airflow_env/lib/python3.10/site-packages/airflow/example_dags/example_task_group.py
[2024-07-15T09:50:38.201+0100] {processor.py:830} INFO - Processing file /home/victor/airflow_env/lib/python3.10/site-packages/airflow/example_dags/example_task_group.py for tasks to queue
[2024-07-15T09:50:38.230+0100] {logging_mixin.py:188} INFO - [2024-07-15T09:50:38.218+0100] {dagbag.py:545} INFO - Filling up the DagBag from /home/victor/airflow_env/lib/python3.10/site-packages/airflow/example_dags/example_task_group.py
[2024-07-15T09:50:38.328+0100] {processor.py:840} INFO - DAG(s) 'example_task_group' retrieved from /home/victor/airflow_env/lib/python3.10/site-packages/airflow/example_dags/example_task_group.py
[2024-07-15T09:50:38.583+0100] {logging_mixin.py:188} INFO - [2024-07-15T09:50:38.582+0100] {dag.py:3096} INFO - Sync 1 DAGs
[2024-07-15T09:50:38.861+0100] {logging_mixin.py:188} INFO - [2024-07-15T09:50:38.860+0100] {dag.py:3954} INFO - Setting next_dagrun for example_task_group to 2024-07-14 00:00:00+00:00, run_after=2024-07-15 00:00:00+00:00
[2024-07-15T09:50:39.332+0100] {processor.py:183} INFO - Processing /home/victor/airflow_env/lib/python3.10/site-packages/airflow/example_dags/example_task_group.py took 1.200 seconds
[2024-07-15T09:51:51.671+0100] {processor.py:161} INFO - Started process (PID=11705) to work on /home/victor/airflow_env/lib/python3.10/site-packages/airflow/example_dags/example_task_group.py
[2024-07-15T09:51:51.675+0100] {processor.py:830} INFO - Processing file /home/victor/airflow_env/lib/python3.10/site-packages/airflow/example_dags/example_task_group.py for tasks to queue
[2024-07-15T09:51:51.682+0100] {logging_mixin.py:188} INFO - [2024-07-15T09:51:51.681+0100] {dagbag.py:545} INFO - Filling up the DagBag from /home/victor/airflow_env/lib/python3.10/site-packages/airflow/example_dags/example_task_group.py
[2024-07-15T09:51:51.715+0100] {processor.py:840} INFO - DAG(s) 'example_task_group' retrieved from /home/victor/airflow_env/lib/python3.10/site-packages/airflow/example_dags/example_task_group.py
[2024-07-15T09:51:51.817+0100] {logging_mixin.py:188} INFO - [2024-07-15T09:51:51.816+0100] {dag.py:3096} INFO - Sync 1 DAGs
[2024-07-15T09:51:51.911+0100] {logging_mixin.py:188} INFO - [2024-07-15T09:51:51.910+0100] {dag.py:3954} INFO - Setting next_dagrun for example_task_group to 2024-07-14 00:00:00+00:00, run_after=2024-07-15 00:00:00+00:00
[2024-07-15T09:51:52.463+0100] {processor.py:183} INFO - Processing /home/victor/airflow_env/lib/python3.10/site-packages/airflow/example_dags/example_task_group.py took 0.817 seconds
[2024-07-15T09:53:47.354+0100] {processor.py:161} INFO - Started process (PID=12408) to work on /home/victor/airflow_env/lib/python3.10/site-packages/airflow/example_dags/example_task_group.py
[2024-07-15T09:53:47.364+0100] {processor.py:830} INFO - Processing file /home/victor/airflow_env/lib/python3.10/site-packages/airflow/example_dags/example_task_group.py for tasks to queue
[2024-07-15T09:53:47.377+0100] {logging_mixin.py:188} INFO - [2024-07-15T09:53:47.374+0100] {dagbag.py:545} INFO - Filling up the DagBag from /home/victor/airflow_env/lib/python3.10/site-packages/airflow/example_dags/example_task_group.py
[2024-07-15T09:53:47.444+0100] {processor.py:840} INFO - DAG(s) 'example_task_group' retrieved from /home/victor/airflow_env/lib/python3.10/site-packages/airflow/example_dags/example_task_group.py
[2024-07-15T09:53:48.182+0100] {logging_mixin.py:188} INFO - [2024-07-15T09:53:48.180+0100] {dag.py:3096} INFO - Sync 1 DAGs
[2024-07-15T09:53:48.344+0100] {logging_mixin.py:188} INFO - [2024-07-15T09:53:48.343+0100] {dag.py:3954} INFO - Setting next_dagrun for example_task_group to 2024-07-14 00:00:00+00:00, run_after=2024-07-15 00:00:00+00:00
[2024-07-15T09:53:48.895+0100] {processor.py:183} INFO - Processing /home/victor/airflow_env/lib/python3.10/site-packages/airflow/example_dags/example_task_group.py took 1.586 seconds
[2024-07-15T09:55:41.550+0100] {processor.py:161} INFO - Started process (PID=13268) to work on /home/victor/airflow_env/lib/python3.10/site-packages/airflow/example_dags/example_task_group.py
[2024-07-15T09:55:41.557+0100] {processor.py:830} INFO - Processing file /home/victor/airflow_env/lib/python3.10/site-packages/airflow/example_dags/example_task_group.py for tasks to queue
[2024-07-15T09:55:41.569+0100] {logging_mixin.py:188} INFO - [2024-07-15T09:55:41.566+0100] {dagbag.py:545} INFO - Filling up the DagBag from /home/victor/airflow_env/lib/python3.10/site-packages/airflow/example_dags/example_task_group.py
[2024-07-15T09:55:41.651+0100] {processor.py:840} INFO - DAG(s) 'example_task_group' retrieved from /home/victor/airflow_env/lib/python3.10/site-packages/airflow/example_dags/example_task_group.py
[2024-07-15T09:55:41.872+0100] {logging_mixin.py:188} INFO - [2024-07-15T09:55:41.871+0100] {dag.py:3096} INFO - Sync 1 DAGs
[2024-07-15T09:55:42.146+0100] {logging_mixin.py:188} INFO - [2024-07-15T09:55:42.144+0100] {dag.py:3954} INFO - Setting next_dagrun for example_task_group to 2024-07-14 00:00:00+00:00, run_after=2024-07-15 00:00:00+00:00
[2024-07-15T09:55:42.728+0100] {processor.py:183} INFO - Processing /home/victor/airflow_env/lib/python3.10/site-packages/airflow/example_dags/example_task_group.py took 1.222 seconds
[2024-07-15T09:57:09.327+0100] {processor.py:161} INFO - Started process (PID=14061) to work on /home/victor/airflow_env/lib/python3.10/site-packages/airflow/example_dags/example_task_group.py
[2024-07-15T09:57:09.332+0100] {processor.py:830} INFO - Processing file /home/victor/airflow_env/lib/python3.10/site-packages/airflow/example_dags/example_task_group.py for tasks to queue
[2024-07-15T09:57:09.339+0100] {logging_mixin.py:188} INFO - [2024-07-15T09:57:09.338+0100] {dagbag.py:545} INFO - Filling up the DagBag from /home/victor/airflow_env/lib/python3.10/site-packages/airflow/example_dags/example_task_group.py
[2024-07-15T09:57:09.389+0100] {processor.py:840} INFO - DAG(s) 'example_task_group' retrieved from /home/victor/airflow_env/lib/python3.10/site-packages/airflow/example_dags/example_task_group.py
[2024-07-15T09:57:09.519+0100] {logging_mixin.py:188} INFO - [2024-07-15T09:57:09.519+0100] {dag.py:3096} INFO - Sync 1 DAGs
[2024-07-15T09:57:09.637+0100] {logging_mixin.py:188} INFO - [2024-07-15T09:57:09.636+0100] {dag.py:3954} INFO - Setting next_dagrun for example_task_group to 2024-07-14 00:00:00+00:00, run_after=2024-07-15 00:00:00+00:00
[2024-07-15T09:57:10.179+0100] {processor.py:183} INFO - Processing /home/victor/airflow_env/lib/python3.10/site-packages/airflow/example_dags/example_task_group.py took 0.886 seconds
[2024-07-15T09:58:50.361+0100] {processor.py:161} INFO - Started process (PID=14611) to work on /home/victor/airflow_env/lib/python3.10/site-packages/airflow/example_dags/example_task_group.py
[2024-07-15T09:58:50.367+0100] {processor.py:830} INFO - Processing file /home/victor/airflow_env/lib/python3.10/site-packages/airflow/example_dags/example_task_group.py for tasks to queue
[2024-07-15T09:58:50.377+0100] {logging_mixin.py:188} INFO - [2024-07-15T09:58:50.374+0100] {dagbag.py:545} INFO - Filling up the DagBag from /home/victor/airflow_env/lib/python3.10/site-packages/airflow/example_dags/example_task_group.py
[2024-07-15T09:58:50.433+0100] {processor.py:840} INFO - DAG(s) 'example_task_group' retrieved from /home/victor/airflow_env/lib/python3.10/site-packages/airflow/example_dags/example_task_group.py
[2024-07-15T09:58:50.582+0100] {logging_mixin.py:188} INFO - [2024-07-15T09:58:50.581+0100] {dag.py:3096} INFO - Sync 1 DAGs
[2024-07-15T09:58:50.719+0100] {logging_mixin.py:188} INFO - [2024-07-15T09:58:50.718+0100] {dag.py:3954} INFO - Setting next_dagrun for example_task_group to 2024-07-14 00:00:00+00:00, run_after=2024-07-15 00:00:00+00:00
[2024-07-15T09:58:51.295+0100] {processor.py:183} INFO - Processing /home/victor/airflow_env/lib/python3.10/site-packages/airflow/example_dags/example_task_group.py took 0.982 seconds
[2024-07-15T10:00:13.042+0100] {processor.py:161} INFO - Started process (PID=15129) to work on /home/victor/airflow_env/lib/python3.10/site-packages/airflow/example_dags/example_task_group.py
[2024-07-15T10:00:13.046+0100] {processor.py:830} INFO - Processing file /home/victor/airflow_env/lib/python3.10/site-packages/airflow/example_dags/example_task_group.py for tasks to queue
[2024-07-15T10:00:13.052+0100] {logging_mixin.py:188} INFO - [2024-07-15T10:00:13.051+0100] {dagbag.py:545} INFO - Filling up the DagBag from /home/victor/airflow_env/lib/python3.10/site-packages/airflow/example_dags/example_task_group.py
[2024-07-15T10:00:13.086+0100] {processor.py:840} INFO - DAG(s) 'example_task_group' retrieved from /home/victor/airflow_env/lib/python3.10/site-packages/airflow/example_dags/example_task_group.py
[2024-07-15T10:00:13.237+0100] {logging_mixin.py:188} INFO - [2024-07-15T10:00:13.236+0100] {dag.py:3096} INFO - Sync 1 DAGs
[2024-07-15T10:00:13.554+0100] {logging_mixin.py:188} INFO - [2024-07-15T10:00:13.551+0100] {dag.py:3954} INFO - Setting next_dagrun for example_task_group to 2024-07-14 00:00:00+00:00, run_after=2024-07-15 00:00:00+00:00
[2024-07-15T10:00:13.948+0100] {processor.py:183} INFO - Processing /home/victor/airflow_env/lib/python3.10/site-packages/airflow/example_dags/example_task_group.py took 0.932 seconds
[2024-07-15T10:01:35.664+0100] {processor.py:161} INFO - Started process (PID=15894) to work on /home/victor/airflow_env/lib/python3.10/site-packages/airflow/example_dags/example_task_group.py
[2024-07-15T10:01:35.675+0100] {processor.py:830} INFO - Processing file /home/victor/airflow_env/lib/python3.10/site-packages/airflow/example_dags/example_task_group.py for tasks to queue
[2024-07-15T10:01:35.694+0100] {logging_mixin.py:188} INFO - [2024-07-15T10:01:35.692+0100] {dagbag.py:545} INFO - Filling up the DagBag from /home/victor/airflow_env/lib/python3.10/site-packages/airflow/example_dags/example_task_group.py
[2024-07-15T10:01:35.760+0100] {processor.py:840} INFO - DAG(s) 'example_task_group' retrieved from /home/victor/airflow_env/lib/python3.10/site-packages/airflow/example_dags/example_task_group.py
[2024-07-15T10:01:35.950+0100] {logging_mixin.py:188} INFO - [2024-07-15T10:01:35.946+0100] {dag.py:3096} INFO - Sync 1 DAGs
[2024-07-15T10:01:36.178+0100] {logging_mixin.py:188} INFO - [2024-07-15T10:01:36.176+0100] {dag.py:3954} INFO - Setting next_dagrun for example_task_group to 2024-07-14 00:00:00+00:00, run_after=2024-07-15 00:00:00+00:00
[2024-07-15T10:01:36.694+0100] {processor.py:183} INFO - Processing /home/victor/airflow_env/lib/python3.10/site-packages/airflow/example_dags/example_task_group.py took 1.077 seconds
[2024-07-15T10:02:59.058+0100] {processor.py:161} INFO - Started process (PID=16550) to work on /home/victor/airflow_env/lib/python3.10/site-packages/airflow/example_dags/example_task_group.py
[2024-07-15T10:02:59.062+0100] {processor.py:830} INFO - Processing file /home/victor/airflow_env/lib/python3.10/site-packages/airflow/example_dags/example_task_group.py for tasks to queue
[2024-07-15T10:02:59.069+0100] {logging_mixin.py:188} INFO - [2024-07-15T10:02:59.067+0100] {dagbag.py:545} INFO - Filling up the DagBag from /home/victor/airflow_env/lib/python3.10/site-packages/airflow/example_dags/example_task_group.py
[2024-07-15T10:02:59.103+0100] {processor.py:840} INFO - DAG(s) 'example_task_group' retrieved from /home/victor/airflow_env/lib/python3.10/site-packages/airflow/example_dags/example_task_group.py
[2024-07-15T10:02:59.210+0100] {logging_mixin.py:188} INFO - [2024-07-15T10:02:59.209+0100] {dag.py:3096} INFO - Sync 1 DAGs
[2024-07-15T10:02:59.382+0100] {logging_mixin.py:188} INFO - [2024-07-15T10:02:59.381+0100] {dag.py:3954} INFO - Setting next_dagrun for example_task_group to 2024-07-14 00:00:00+00:00, run_after=2024-07-15 00:00:00+00:00
[2024-07-15T10:02:59.724+0100] {processor.py:183} INFO - Processing /home/victor/airflow_env/lib/python3.10/site-packages/airflow/example_dags/example_task_group.py took 0.693 seconds
[2024-07-15T10:04:13.767+0100] {processor.py:161} INFO - Started process (PID=17054) to work on /home/victor/airflow_env/lib/python3.10/site-packages/airflow/example_dags/example_task_group.py
[2024-07-15T10:04:13.770+0100] {processor.py:830} INFO - Processing file /home/victor/airflow_env/lib/python3.10/site-packages/airflow/example_dags/example_task_group.py for tasks to queue
[2024-07-15T10:04:13.777+0100] {logging_mixin.py:188} INFO - [2024-07-15T10:04:13.776+0100] {dagbag.py:545} INFO - Filling up the DagBag from /home/victor/airflow_env/lib/python3.10/site-packages/airflow/example_dags/example_task_group.py
[2024-07-15T10:04:13.816+0100] {processor.py:840} INFO - DAG(s) 'example_task_group' retrieved from /home/victor/airflow_env/lib/python3.10/site-packages/airflow/example_dags/example_task_group.py
[2024-07-15T10:04:13.926+0100] {logging_mixin.py:188} INFO - [2024-07-15T10:04:13.926+0100] {dag.py:3096} INFO - Sync 1 DAGs
[2024-07-15T10:04:14.055+0100] {logging_mixin.py:188} INFO - [2024-07-15T10:04:14.054+0100] {dag.py:3954} INFO - Setting next_dagrun for example_task_group to 2024-07-14 00:00:00+00:00, run_after=2024-07-15 00:00:00+00:00
[2024-07-15T10:04:14.339+0100] {processor.py:183} INFO - Processing /home/victor/airflow_env/lib/python3.10/site-packages/airflow/example_dags/example_task_group.py took 0.600 seconds
[2024-07-15T10:05:24.953+0100] {processor.py:161} INFO - Started process (PID=17426) to work on /home/victor/airflow_env/lib/python3.10/site-packages/airflow/example_dags/example_task_group.py
[2024-07-15T10:05:24.960+0100] {processor.py:830} INFO - Processing file /home/victor/airflow_env/lib/python3.10/site-packages/airflow/example_dags/example_task_group.py for tasks to queue
[2024-07-15T10:05:24.972+0100] {logging_mixin.py:188} INFO - [2024-07-15T10:05:24.968+0100] {dagbag.py:545} INFO - Filling up the DagBag from /home/victor/airflow_env/lib/python3.10/site-packages/airflow/example_dags/example_task_group.py
[2024-07-15T10:05:25.020+0100] {processor.py:840} INFO - DAG(s) 'example_task_group' retrieved from /home/victor/airflow_env/lib/python3.10/site-packages/airflow/example_dags/example_task_group.py
[2024-07-15T10:05:25.191+0100] {logging_mixin.py:188} INFO - [2024-07-15T10:05:25.190+0100] {dag.py:3096} INFO - Sync 1 DAGs
[2024-07-15T10:05:25.343+0100] {logging_mixin.py:188} INFO - [2024-07-15T10:05:25.342+0100] {dag.py:3954} INFO - Setting next_dagrun for example_task_group to 2024-07-14 00:00:00+00:00, run_after=2024-07-15 00:00:00+00:00
[2024-07-15T10:05:25.748+0100] {processor.py:183} INFO - Processing /home/victor/airflow_env/lib/python3.10/site-packages/airflow/example_dags/example_task_group.py took 0.845 seconds
[2024-07-15T10:06:56.818+0100] {processor.py:161} INFO - Started process (PID=18070) to work on /home/victor/airflow_env/lib/python3.10/site-packages/airflow/example_dags/example_task_group.py
[2024-07-15T10:06:56.824+0100] {processor.py:830} INFO - Processing file /home/victor/airflow_env/lib/python3.10/site-packages/airflow/example_dags/example_task_group.py for tasks to queue
[2024-07-15T10:06:56.832+0100] {logging_mixin.py:188} INFO - [2024-07-15T10:06:56.830+0100] {dagbag.py:545} INFO - Filling up the DagBag from /home/victor/airflow_env/lib/python3.10/site-packages/airflow/example_dags/example_task_group.py
[2024-07-15T10:06:56.872+0100] {processor.py:840} INFO - DAG(s) 'example_task_group' retrieved from /home/victor/airflow_env/lib/python3.10/site-packages/airflow/example_dags/example_task_group.py
[2024-07-15T10:06:56.978+0100] {logging_mixin.py:188} INFO - [2024-07-15T10:06:56.977+0100] {dag.py:3096} INFO - Sync 1 DAGs
[2024-07-15T10:06:57.084+0100] {logging_mixin.py:188} INFO - [2024-07-15T10:06:57.083+0100] {dag.py:3954} INFO - Setting next_dagrun for example_task_group to 2024-07-14 00:00:00+00:00, run_after=2024-07-15 00:00:00+00:00
[2024-07-15T10:06:57.374+0100] {processor.py:183} INFO - Processing /home/victor/airflow_env/lib/python3.10/site-packages/airflow/example_dags/example_task_group.py took 0.601 seconds
[2024-07-15T10:08:32.481+0100] {processor.py:161} INFO - Started process (PID=18727) to work on /home/victor/airflow_env/lib/python3.10/site-packages/airflow/example_dags/example_task_group.py
[2024-07-15T10:08:32.486+0100] {processor.py:830} INFO - Processing file /home/victor/airflow_env/lib/python3.10/site-packages/airflow/example_dags/example_task_group.py for tasks to queue
[2024-07-15T10:08:32.493+0100] {logging_mixin.py:188} INFO - [2024-07-15T10:08:32.491+0100] {dagbag.py:545} INFO - Filling up the DagBag from /home/victor/airflow_env/lib/python3.10/site-packages/airflow/example_dags/example_task_group.py
[2024-07-15T10:08:32.537+0100] {processor.py:840} INFO - DAG(s) 'example_task_group' retrieved from /home/victor/airflow_env/lib/python3.10/site-packages/airflow/example_dags/example_task_group.py
[2024-07-15T10:08:32.706+0100] {logging_mixin.py:188} INFO - [2024-07-15T10:08:32.705+0100] {dag.py:3096} INFO - Sync 1 DAGs
[2024-07-15T10:08:32.852+0100] {logging_mixin.py:188} INFO - [2024-07-15T10:08:32.851+0100] {dag.py:3954} INFO - Setting next_dagrun for example_task_group to 2024-07-14 00:00:00+00:00, run_after=2024-07-15 00:00:00+00:00
[2024-07-15T10:08:33.321+0100] {processor.py:183} INFO - Processing /home/victor/airflow_env/lib/python3.10/site-packages/airflow/example_dags/example_task_group.py took 0.872 seconds
[2024-07-15T10:09:59.429+0100] {processor.py:161} INFO - Started process (PID=19331) to work on /home/victor/airflow_env/lib/python3.10/site-packages/airflow/example_dags/example_task_group.py
[2024-07-15T10:09:59.437+0100] {processor.py:830} INFO - Processing file /home/victor/airflow_env/lib/python3.10/site-packages/airflow/example_dags/example_task_group.py for tasks to queue
[2024-07-15T10:09:59.446+0100] {logging_mixin.py:188} INFO - [2024-07-15T10:09:59.444+0100] {dagbag.py:545} INFO - Filling up the DagBag from /home/victor/airflow_env/lib/python3.10/site-packages/airflow/example_dags/example_task_group.py
[2024-07-15T10:09:59.513+0100] {processor.py:840} INFO - DAG(s) 'example_task_group' retrieved from /home/victor/airflow_env/lib/python3.10/site-packages/airflow/example_dags/example_task_group.py
[2024-07-15T10:09:59.779+0100] {logging_mixin.py:188} INFO - [2024-07-15T10:09:59.778+0100] {dag.py:3096} INFO - Sync 1 DAGs
[2024-07-15T10:10:00.199+0100] {logging_mixin.py:188} INFO - [2024-07-15T10:10:00.198+0100] {dag.py:3954} INFO - Setting next_dagrun for example_task_group to 2024-07-14 00:00:00+00:00, run_after=2024-07-15 00:00:00+00:00
[2024-07-15T10:10:00.818+0100] {processor.py:183} INFO - Processing /home/victor/airflow_env/lib/python3.10/site-packages/airflow/example_dags/example_task_group.py took 1.430 seconds
[2024-07-15T10:11:30.399+0100] {processor.py:161} INFO - Started process (PID=19837) to work on /home/victor/airflow_env/lib/python3.10/site-packages/airflow/example_dags/example_task_group.py
[2024-07-15T10:11:30.405+0100] {processor.py:830} INFO - Processing file /home/victor/airflow_env/lib/python3.10/site-packages/airflow/example_dags/example_task_group.py for tasks to queue
[2024-07-15T10:11:30.413+0100] {logging_mixin.py:188} INFO - [2024-07-15T10:11:30.411+0100] {dagbag.py:545} INFO - Filling up the DagBag from /home/victor/airflow_env/lib/python3.10/site-packages/airflow/example_dags/example_task_group.py
[2024-07-15T10:11:30.455+0100] {processor.py:840} INFO - DAG(s) 'example_task_group' retrieved from /home/victor/airflow_env/lib/python3.10/site-packages/airflow/example_dags/example_task_group.py
[2024-07-15T10:11:30.577+0100] {logging_mixin.py:188} INFO - [2024-07-15T10:11:30.576+0100] {dag.py:3096} INFO - Sync 1 DAGs
[2024-07-15T10:11:30.699+0100] {logging_mixin.py:188} INFO - [2024-07-15T10:11:30.698+0100] {dag.py:3954} INFO - Setting next_dagrun for example_task_group to 2024-07-14 00:00:00+00:00, run_after=2024-07-15 00:00:00+00:00
[2024-07-15T10:11:31.089+0100] {processor.py:183} INFO - Processing /home/victor/airflow_env/lib/python3.10/site-packages/airflow/example_dags/example_task_group.py took 0.717 seconds
[2024-07-15T10:12:54.760+0100] {processor.py:161} INFO - Started process (PID=20304) to work on /home/victor/airflow_env/lib/python3.10/site-packages/airflow/example_dags/example_task_group.py
[2024-07-15T10:12:54.764+0100] {processor.py:830} INFO - Processing file /home/victor/airflow_env/lib/python3.10/site-packages/airflow/example_dags/example_task_group.py for tasks to queue
[2024-07-15T10:12:54.771+0100] {logging_mixin.py:188} INFO - [2024-07-15T10:12:54.770+0100] {dagbag.py:545} INFO - Filling up the DagBag from /home/victor/airflow_env/lib/python3.10/site-packages/airflow/example_dags/example_task_group.py
[2024-07-15T10:12:54.806+0100] {processor.py:840} INFO - DAG(s) 'example_task_group' retrieved from /home/victor/airflow_env/lib/python3.10/site-packages/airflow/example_dags/example_task_group.py
[2024-07-15T10:12:54.947+0100] {logging_mixin.py:188} INFO - [2024-07-15T10:12:54.946+0100] {dag.py:3096} INFO - Sync 1 DAGs
[2024-07-15T10:12:55.112+0100] {logging_mixin.py:188} INFO - [2024-07-15T10:12:55.111+0100] {dag.py:3954} INFO - Setting next_dagrun for example_task_group to 2024-07-14 00:00:00+00:00, run_after=2024-07-15 00:00:00+00:00
[2024-07-15T10:12:55.524+0100] {processor.py:183} INFO - Processing /home/victor/airflow_env/lib/python3.10/site-packages/airflow/example_dags/example_task_group.py took 0.797 seconds
[2024-07-15T10:14:18.474+0100] {processor.py:161} INFO - Started process (PID=20742) to work on /home/victor/airflow_env/lib/python3.10/site-packages/airflow/example_dags/example_task_group.py
[2024-07-15T10:14:18.480+0100] {processor.py:830} INFO - Processing file /home/victor/airflow_env/lib/python3.10/site-packages/airflow/example_dags/example_task_group.py for tasks to queue
[2024-07-15T10:14:18.490+0100] {logging_mixin.py:188} INFO - [2024-07-15T10:14:18.486+0100] {dagbag.py:545} INFO - Filling up the DagBag from /home/victor/airflow_env/lib/python3.10/site-packages/airflow/example_dags/example_task_group.py
[2024-07-15T10:14:18.541+0100] {processor.py:840} INFO - DAG(s) 'example_task_group' retrieved from /home/victor/airflow_env/lib/python3.10/site-packages/airflow/example_dags/example_task_group.py
[2024-07-15T10:14:18.675+0100] {logging_mixin.py:188} INFO - [2024-07-15T10:14:18.673+0100] {dag.py:3096} INFO - Sync 1 DAGs
[2024-07-15T10:14:18.811+0100] {logging_mixin.py:188} INFO - [2024-07-15T10:14:18.810+0100] {dag.py:3954} INFO - Setting next_dagrun for example_task_group to 2024-07-14 00:00:00+00:00, run_after=2024-07-15 00:00:00+00:00
[2024-07-15T10:14:19.148+0100] {processor.py:183} INFO - Processing /home/victor/airflow_env/lib/python3.10/site-packages/airflow/example_dags/example_task_group.py took 0.717 seconds
[2024-07-15T10:15:52.727+0100] {processor.py:161} INFO - Started process (PID=21266) to work on /home/victor/airflow_env/lib/python3.10/site-packages/airflow/example_dags/example_task_group.py
[2024-07-15T10:15:52.731+0100] {processor.py:830} INFO - Processing file /home/victor/airflow_env/lib/python3.10/site-packages/airflow/example_dags/example_task_group.py for tasks to queue
[2024-07-15T10:15:52.740+0100] {logging_mixin.py:188} INFO - [2024-07-15T10:15:52.738+0100] {dagbag.py:545} INFO - Filling up the DagBag from /home/victor/airflow_env/lib/python3.10/site-packages/airflow/example_dags/example_task_group.py
[2024-07-15T10:15:52.795+0100] {processor.py:840} INFO - DAG(s) 'example_task_group' retrieved from /home/victor/airflow_env/lib/python3.10/site-packages/airflow/example_dags/example_task_group.py
[2024-07-15T10:15:52.970+0100] {logging_mixin.py:188} INFO - [2024-07-15T10:15:52.969+0100] {dag.py:3096} INFO - Sync 1 DAGs
[2024-07-15T10:15:53.136+0100] {logging_mixin.py:188} INFO - [2024-07-15T10:15:53.135+0100] {dag.py:3954} INFO - Setting next_dagrun for example_task_group to 2024-07-14 00:00:00+00:00, run_after=2024-07-15 00:00:00+00:00
[2024-07-15T10:15:53.562+0100] {processor.py:183} INFO - Processing /home/victor/airflow_env/lib/python3.10/site-packages/airflow/example_dags/example_task_group.py took 0.863 seconds
[2024-07-15T10:17:21.585+0100] {processor.py:161} INFO - Started process (PID=21860) to work on /home/victor/airflow_env/lib/python3.10/site-packages/airflow/example_dags/example_task_group.py
[2024-07-15T10:17:21.589+0100] {processor.py:830} INFO - Processing file /home/victor/airflow_env/lib/python3.10/site-packages/airflow/example_dags/example_task_group.py for tasks to queue
[2024-07-15T10:17:21.597+0100] {logging_mixin.py:188} INFO - [2024-07-15T10:17:21.595+0100] {dagbag.py:545} INFO - Filling up the DagBag from /home/victor/airflow_env/lib/python3.10/site-packages/airflow/example_dags/example_task_group.py
[2024-07-15T10:17:21.646+0100] {processor.py:840} INFO - DAG(s) 'example_task_group' retrieved from /home/victor/airflow_env/lib/python3.10/site-packages/airflow/example_dags/example_task_group.py
[2024-07-15T10:17:21.746+0100] {logging_mixin.py:188} INFO - [2024-07-15T10:17:21.745+0100] {dag.py:3096} INFO - Sync 1 DAGs
[2024-07-15T10:17:21.849+0100] {logging_mixin.py:188} INFO - [2024-07-15T10:17:21.848+0100] {dag.py:3954} INFO - Setting next_dagrun for example_task_group to 2024-07-14 00:00:00+00:00, run_after=2024-07-15 00:00:00+00:00
[2024-07-15T10:17:22.337+0100] {processor.py:183} INFO - Processing /home/victor/airflow_env/lib/python3.10/site-packages/airflow/example_dags/example_task_group.py took 0.789 seconds
[2024-07-15T10:18:40.898+0100] {processor.py:161} INFO - Started process (PID=22371) to work on /home/victor/airflow_env/lib/python3.10/site-packages/airflow/example_dags/example_task_group.py
[2024-07-15T10:18:40.904+0100] {processor.py:830} INFO - Processing file /home/victor/airflow_env/lib/python3.10/site-packages/airflow/example_dags/example_task_group.py for tasks to queue
[2024-07-15T10:18:40.917+0100] {logging_mixin.py:188} INFO - [2024-07-15T10:18:40.915+0100] {dagbag.py:545} INFO - Filling up the DagBag from /home/victor/airflow_env/lib/python3.10/site-packages/airflow/example_dags/example_task_group.py
[2024-07-15T10:18:40.966+0100] {processor.py:840} INFO - DAG(s) 'example_task_group' retrieved from /home/victor/airflow_env/lib/python3.10/site-packages/airflow/example_dags/example_task_group.py
[2024-07-15T10:18:41.123+0100] {logging_mixin.py:188} INFO - [2024-07-15T10:18:41.121+0100] {dag.py:3096} INFO - Sync 1 DAGs
[2024-07-15T10:18:41.408+0100] {logging_mixin.py:188} INFO - [2024-07-15T10:18:41.407+0100] {dag.py:3954} INFO - Setting next_dagrun for example_task_group to 2024-07-14 00:00:00+00:00, run_after=2024-07-15 00:00:00+00:00
[2024-07-15T10:18:41.688+0100] {processor.py:183} INFO - Processing /home/victor/airflow_env/lib/python3.10/site-packages/airflow/example_dags/example_task_group.py took 0.825 seconds
[2024-07-15T10:20:23.872+0100] {processor.py:161} INFO - Started process (PID=23133) to work on /home/victor/airflow_env/lib/python3.10/site-packages/airflow/example_dags/example_task_group.py
[2024-07-15T10:20:23.891+0100] {processor.py:830} INFO - Processing file /home/victor/airflow_env/lib/python3.10/site-packages/airflow/example_dags/example_task_group.py for tasks to queue
[2024-07-15T10:20:23.915+0100] {logging_mixin.py:188} INFO - [2024-07-15T10:20:23.913+0100] {dagbag.py:545} INFO - Filling up the DagBag from /home/victor/airflow_env/lib/python3.10/site-packages/airflow/example_dags/example_task_group.py
[2024-07-15T10:20:23.982+0100] {processor.py:840} INFO - DAG(s) 'example_task_group' retrieved from /home/victor/airflow_env/lib/python3.10/site-packages/airflow/example_dags/example_task_group.py
[2024-07-15T10:20:24.219+0100] {logging_mixin.py:188} INFO - [2024-07-15T10:20:24.218+0100] {dag.py:3096} INFO - Sync 1 DAGs
[2024-07-15T10:20:24.575+0100] {logging_mixin.py:188} INFO - [2024-07-15T10:20:24.573+0100] {dag.py:3954} INFO - Setting next_dagrun for example_task_group to 2024-07-14 00:00:00+00:00, run_after=2024-07-15 00:00:00+00:00
[2024-07-15T10:20:25.274+0100] {processor.py:183} INFO - Processing /home/victor/airflow_env/lib/python3.10/site-packages/airflow/example_dags/example_task_group.py took 1.470 seconds
[2024-07-15T10:22:13.119+0100] {processor.py:161} INFO - Started process (PID=23939) to work on /home/victor/airflow_env/lib/python3.10/site-packages/airflow/example_dags/example_task_group.py
[2024-07-15T10:22:13.132+0100] {processor.py:830} INFO - Processing file /home/victor/airflow_env/lib/python3.10/site-packages/airflow/example_dags/example_task_group.py for tasks to queue
[2024-07-15T10:22:13.143+0100] {logging_mixin.py:188} INFO - [2024-07-15T10:22:13.141+0100] {dagbag.py:545} INFO - Filling up the DagBag from /home/victor/airflow_env/lib/python3.10/site-packages/airflow/example_dags/example_task_group.py
[2024-07-15T10:22:13.269+0100] {processor.py:840} INFO - DAG(s) 'example_task_group' retrieved from /home/victor/airflow_env/lib/python3.10/site-packages/airflow/example_dags/example_task_group.py
[2024-07-15T10:22:13.572+0100] {logging_mixin.py:188} INFO - [2024-07-15T10:22:13.571+0100] {dag.py:3096} INFO - Sync 1 DAGs
[2024-07-15T10:22:13.774+0100] {logging_mixin.py:188} INFO - [2024-07-15T10:22:13.773+0100] {dag.py:3954} INFO - Setting next_dagrun for example_task_group to 2024-07-14 00:00:00+00:00, run_after=2024-07-15 00:00:00+00:00
[2024-07-15T10:22:14.104+0100] {processor.py:183} INFO - Processing /home/victor/airflow_env/lib/python3.10/site-packages/airflow/example_dags/example_task_group.py took 1.120 seconds
[2024-07-15T10:24:28.665+0100] {processor.py:161} INFO - Started process (PID=25114) to work on /home/victor/airflow_env/lib/python3.10/site-packages/airflow/example_dags/example_task_group.py
[2024-07-15T10:24:28.669+0100] {processor.py:830} INFO - Processing file /home/victor/airflow_env/lib/python3.10/site-packages/airflow/example_dags/example_task_group.py for tasks to queue
[2024-07-15T10:24:28.678+0100] {logging_mixin.py:188} INFO - [2024-07-15T10:24:28.676+0100] {dagbag.py:545} INFO - Filling up the DagBag from /home/victor/airflow_env/lib/python3.10/site-packages/airflow/example_dags/example_task_group.py
[2024-07-15T10:24:28.714+0100] {processor.py:840} INFO - DAG(s) 'example_task_group' retrieved from /home/victor/airflow_env/lib/python3.10/site-packages/airflow/example_dags/example_task_group.py
[2024-07-15T10:24:28.820+0100] {logging_mixin.py:188} INFO - [2024-07-15T10:24:28.819+0100] {dag.py:3096} INFO - Sync 1 DAGs
[2024-07-15T10:24:28.945+0100] {logging_mixin.py:188} INFO - [2024-07-15T10:24:28.944+0100] {dag.py:3954} INFO - Setting next_dagrun for example_task_group to 2024-07-14 00:00:00+00:00, run_after=2024-07-15 00:00:00+00:00
[2024-07-15T10:24:29.228+0100] {processor.py:183} INFO - Processing /home/victor/airflow_env/lib/python3.10/site-packages/airflow/example_dags/example_task_group.py took 0.589 seconds
[2024-07-15T10:26:10.629+0100] {processor.py:161} INFO - Started process (PID=25731) to work on /home/victor/airflow_env/lib/python3.10/site-packages/airflow/example_dags/example_task_group.py
[2024-07-15T10:26:10.651+0100] {processor.py:830} INFO - Processing file /home/victor/airflow_env/lib/python3.10/site-packages/airflow/example_dags/example_task_group.py for tasks to queue
[2024-07-15T10:26:10.660+0100] {logging_mixin.py:188} INFO - [2024-07-15T10:26:10.658+0100] {dagbag.py:545} INFO - Filling up the DagBag from /home/victor/airflow_env/lib/python3.10/site-packages/airflow/example_dags/example_task_group.py
[2024-07-15T10:26:10.722+0100] {processor.py:840} INFO - DAG(s) 'example_task_group' retrieved from /home/victor/airflow_env/lib/python3.10/site-packages/airflow/example_dags/example_task_group.py
[2024-07-15T10:26:10.854+0100] {logging_mixin.py:188} INFO - [2024-07-15T10:26:10.853+0100] {dag.py:3096} INFO - Sync 1 DAGs
[2024-07-15T10:26:10.971+0100] {logging_mixin.py:188} INFO - [2024-07-15T10:26:10.970+0100] {dag.py:3954} INFO - Setting next_dagrun for example_task_group to 2024-07-14 00:00:00+00:00, run_after=2024-07-15 00:00:00+00:00
[2024-07-15T10:26:11.328+0100] {processor.py:183} INFO - Processing /home/victor/airflow_env/lib/python3.10/site-packages/airflow/example_dags/example_task_group.py took 0.732 seconds
[2024-07-15T10:28:01.698+0100] {processor.py:161} INFO - Started process (PID=26498) to work on /home/victor/airflow_env/lib/python3.10/site-packages/airflow/example_dags/example_task_group.py
[2024-07-15T10:28:01.703+0100] {processor.py:830} INFO - Processing file /home/victor/airflow_env/lib/python3.10/site-packages/airflow/example_dags/example_task_group.py for tasks to queue
[2024-07-15T10:28:01.710+0100] {logging_mixin.py:188} INFO - [2024-07-15T10:28:01.709+0100] {dagbag.py:545} INFO - Filling up the DagBag from /home/victor/airflow_env/lib/python3.10/site-packages/airflow/example_dags/example_task_group.py
[2024-07-15T10:28:01.753+0100] {processor.py:840} INFO - DAG(s) 'example_task_group' retrieved from /home/victor/airflow_env/lib/python3.10/site-packages/airflow/example_dags/example_task_group.py
[2024-07-15T10:28:01.902+0100] {logging_mixin.py:188} INFO - [2024-07-15T10:28:01.901+0100] {dag.py:3096} INFO - Sync 1 DAGs
[2024-07-15T10:28:02.065+0100] {logging_mixin.py:188} INFO - [2024-07-15T10:28:02.063+0100] {dag.py:3954} INFO - Setting next_dagrun for example_task_group to 2024-07-14 00:00:00+00:00, run_after=2024-07-15 00:00:00+00:00
[2024-07-15T10:28:02.484+0100] {processor.py:183} INFO - Processing /home/victor/airflow_env/lib/python3.10/site-packages/airflow/example_dags/example_task_group.py took 0.817 seconds
[2024-07-15T10:29:24.804+0100] {processor.py:161} INFO - Started process (PID=26941) to work on /home/victor/airflow_env/lib/python3.10/site-packages/airflow/example_dags/example_task_group.py
[2024-07-15T10:29:24.808+0100] {processor.py:830} INFO - Processing file /home/victor/airflow_env/lib/python3.10/site-packages/airflow/example_dags/example_task_group.py for tasks to queue
[2024-07-15T10:29:24.815+0100] {logging_mixin.py:188} INFO - [2024-07-15T10:29:24.814+0100] {dagbag.py:545} INFO - Filling up the DagBag from /home/victor/airflow_env/lib/python3.10/site-packages/airflow/example_dags/example_task_group.py
[2024-07-15T10:29:24.858+0100] {processor.py:840} INFO - DAG(s) 'example_task_group' retrieved from /home/victor/airflow_env/lib/python3.10/site-packages/airflow/example_dags/example_task_group.py
[2024-07-15T10:29:25.013+0100] {logging_mixin.py:188} INFO - [2024-07-15T10:29:25.012+0100] {dag.py:3096} INFO - Sync 1 DAGs
[2024-07-15T10:29:25.135+0100] {logging_mixin.py:188} INFO - [2024-07-15T10:29:25.134+0100] {dag.py:3954} INFO - Setting next_dagrun for example_task_group to 2024-07-14 00:00:00+00:00, run_after=2024-07-15 00:00:00+00:00
[2024-07-15T10:29:25.438+0100] {processor.py:183} INFO - Processing /home/victor/airflow_env/lib/python3.10/site-packages/airflow/example_dags/example_task_group.py took 0.662 seconds
[2024-07-15T10:30:38.602+0100] {processor.py:161} INFO - Started process (PID=27334) to work on /home/victor/airflow_env/lib/python3.10/site-packages/airflow/example_dags/example_task_group.py
[2024-07-15T10:30:38.606+0100] {processor.py:830} INFO - Processing file /home/victor/airflow_env/lib/python3.10/site-packages/airflow/example_dags/example_task_group.py for tasks to queue
[2024-07-15T10:30:38.613+0100] {logging_mixin.py:188} INFO - [2024-07-15T10:30:38.612+0100] {dagbag.py:545} INFO - Filling up the DagBag from /home/victor/airflow_env/lib/python3.10/site-packages/airflow/example_dags/example_task_group.py
[2024-07-15T10:30:38.646+0100] {processor.py:840} INFO - DAG(s) 'example_task_group' retrieved from /home/victor/airflow_env/lib/python3.10/site-packages/airflow/example_dags/example_task_group.py
[2024-07-15T10:30:38.767+0100] {logging_mixin.py:188} INFO - [2024-07-15T10:30:38.766+0100] {dag.py:3096} INFO - Sync 1 DAGs
[2024-07-15T10:30:38.875+0100] {logging_mixin.py:188} INFO - [2024-07-15T10:30:38.874+0100] {dag.py:3954} INFO - Setting next_dagrun for example_task_group to 2024-07-14 00:00:00+00:00, run_after=2024-07-15 00:00:00+00:00
[2024-07-15T10:30:39.132+0100] {processor.py:183} INFO - Processing /home/victor/airflow_env/lib/python3.10/site-packages/airflow/example_dags/example_task_group.py took 0.555 seconds
[2024-07-15T10:31:58.779+0100] {processor.py:161} INFO - Started process (PID=27738) to work on /home/victor/airflow_env/lib/python3.10/site-packages/airflow/example_dags/example_task_group.py
[2024-07-15T10:31:58.784+0100] {processor.py:830} INFO - Processing file /home/victor/airflow_env/lib/python3.10/site-packages/airflow/example_dags/example_task_group.py for tasks to queue
[2024-07-15T10:31:58.798+0100] {logging_mixin.py:188} INFO - [2024-07-15T10:31:58.796+0100] {dagbag.py:545} INFO - Filling up the DagBag from /home/victor/airflow_env/lib/python3.10/site-packages/airflow/example_dags/example_task_group.py
[2024-07-15T10:31:58.862+0100] {processor.py:840} INFO - DAG(s) 'example_task_group' retrieved from /home/victor/airflow_env/lib/python3.10/site-packages/airflow/example_dags/example_task_group.py
[2024-07-15T10:31:59.000+0100] {logging_mixin.py:188} INFO - [2024-07-15T10:31:58.999+0100] {dag.py:3096} INFO - Sync 1 DAGs
[2024-07-15T10:31:59.155+0100] {logging_mixin.py:188} INFO - [2024-07-15T10:31:59.154+0100] {dag.py:3954} INFO - Setting next_dagrun for example_task_group to 2024-07-14 00:00:00+00:00, run_after=2024-07-15 00:00:00+00:00
[2024-07-15T10:31:59.511+0100] {processor.py:183} INFO - Processing /home/victor/airflow_env/lib/python3.10/site-packages/airflow/example_dags/example_task_group.py took 0.778 seconds
[2024-07-15T10:33:29.341+0100] {processor.py:161} INFO - Started process (PID=28390) to work on /home/victor/airflow_env/lib/python3.10/site-packages/airflow/example_dags/example_task_group.py
[2024-07-15T10:33:29.350+0100] {processor.py:830} INFO - Processing file /home/victor/airflow_env/lib/python3.10/site-packages/airflow/example_dags/example_task_group.py for tasks to queue
[2024-07-15T10:33:29.372+0100] {logging_mixin.py:188} INFO - [2024-07-15T10:33:29.370+0100] {dagbag.py:545} INFO - Filling up the DagBag from /home/victor/airflow_env/lib/python3.10/site-packages/airflow/example_dags/example_task_group.py
[2024-07-15T10:33:29.489+0100] {processor.py:840} INFO - DAG(s) 'example_task_group' retrieved from /home/victor/airflow_env/lib/python3.10/site-packages/airflow/example_dags/example_task_group.py
[2024-07-15T10:33:29.746+0100] {logging_mixin.py:188} INFO - [2024-07-15T10:33:29.744+0100] {dag.py:3096} INFO - Sync 1 DAGs
[2024-07-15T10:33:29.926+0100] {logging_mixin.py:188} INFO - [2024-07-15T10:33:29.925+0100] {dag.py:3954} INFO - Setting next_dagrun for example_task_group to 2024-07-14 00:00:00+00:00, run_after=2024-07-15 00:00:00+00:00
[2024-07-15T10:33:30.460+0100] {processor.py:183} INFO - Processing /home/victor/airflow_env/lib/python3.10/site-packages/airflow/example_dags/example_task_group.py took 1.206 seconds
[2024-07-15T10:34:58.183+0100] {processor.py:161} INFO - Started process (PID=28938) to work on /home/victor/airflow_env/lib/python3.10/site-packages/airflow/example_dags/example_task_group.py
[2024-07-15T10:34:58.186+0100] {processor.py:830} INFO - Processing file /home/victor/airflow_env/lib/python3.10/site-packages/airflow/example_dags/example_task_group.py for tasks to queue
[2024-07-15T10:34:58.194+0100] {logging_mixin.py:188} INFO - [2024-07-15T10:34:58.192+0100] {dagbag.py:545} INFO - Filling up the DagBag from /home/victor/airflow_env/lib/python3.10/site-packages/airflow/example_dags/example_task_group.py
[2024-07-15T10:34:58.228+0100] {processor.py:840} INFO - DAG(s) 'example_task_group' retrieved from /home/victor/airflow_env/lib/python3.10/site-packages/airflow/example_dags/example_task_group.py
[2024-07-15T10:34:58.336+0100] {logging_mixin.py:188} INFO - [2024-07-15T10:34:58.335+0100] {dag.py:3096} INFO - Sync 1 DAGs
[2024-07-15T10:34:58.459+0100] {logging_mixin.py:188} INFO - [2024-07-15T10:34:58.458+0100] {dag.py:3954} INFO - Setting next_dagrun for example_task_group to 2024-07-14 00:00:00+00:00, run_after=2024-07-15 00:00:00+00:00
[2024-07-15T10:34:58.743+0100] {processor.py:183} INFO - Processing /home/victor/airflow_env/lib/python3.10/site-packages/airflow/example_dags/example_task_group.py took 0.586 seconds
[2024-07-15T10:36:19.217+0100] {processor.py:161} INFO - Started process (PID=29414) to work on /home/victor/airflow_env/lib/python3.10/site-packages/airflow/example_dags/example_task_group.py
[2024-07-15T10:36:19.223+0100] {processor.py:830} INFO - Processing file /home/victor/airflow_env/lib/python3.10/site-packages/airflow/example_dags/example_task_group.py for tasks to queue
[2024-07-15T10:36:19.236+0100] {logging_mixin.py:188} INFO - [2024-07-15T10:36:19.234+0100] {dagbag.py:545} INFO - Filling up the DagBag from /home/victor/airflow_env/lib/python3.10/site-packages/airflow/example_dags/example_task_group.py
[2024-07-15T10:36:19.293+0100] {processor.py:840} INFO - DAG(s) 'example_task_group' retrieved from /home/victor/airflow_env/lib/python3.10/site-packages/airflow/example_dags/example_task_group.py
[2024-07-15T10:36:19.447+0100] {logging_mixin.py:188} INFO - [2024-07-15T10:36:19.445+0100] {dag.py:3096} INFO - Sync 1 DAGs
[2024-07-15T10:36:19.635+0100] {logging_mixin.py:188} INFO - [2024-07-15T10:36:19.634+0100] {dag.py:3954} INFO - Setting next_dagrun for example_task_group to 2024-07-14 00:00:00+00:00, run_after=2024-07-15 00:00:00+00:00
[2024-07-15T10:36:20.039+0100] {processor.py:183} INFO - Processing /home/victor/airflow_env/lib/python3.10/site-packages/airflow/example_dags/example_task_group.py took 0.863 seconds
[2024-07-15T10:37:47.510+0100] {processor.py:161} INFO - Started process (PID=29913) to work on /home/victor/airflow_env/lib/python3.10/site-packages/airflow/example_dags/example_task_group.py
[2024-07-15T10:37:47.519+0100] {processor.py:830} INFO - Processing file /home/victor/airflow_env/lib/python3.10/site-packages/airflow/example_dags/example_task_group.py for tasks to queue
[2024-07-15T10:37:47.527+0100] {logging_mixin.py:188} INFO - [2024-07-15T10:37:47.526+0100] {dagbag.py:545} INFO - Filling up the DagBag from /home/victor/airflow_env/lib/python3.10/site-packages/airflow/example_dags/example_task_group.py
[2024-07-15T10:37:47.568+0100] {processor.py:840} INFO - DAG(s) 'example_task_group' retrieved from /home/victor/airflow_env/lib/python3.10/site-packages/airflow/example_dags/example_task_group.py
[2024-07-15T10:37:47.683+0100] {logging_mixin.py:188} INFO - [2024-07-15T10:37:47.682+0100] {dag.py:3096} INFO - Sync 1 DAGs
[2024-07-15T10:37:47.823+0100] {logging_mixin.py:188} INFO - [2024-07-15T10:37:47.822+0100] {dag.py:3954} INFO - Setting next_dagrun for example_task_group to 2024-07-14 00:00:00+00:00, run_after=2024-07-15 00:00:00+00:00
[2024-07-15T10:37:48.205+0100] {processor.py:183} INFO - Processing /home/victor/airflow_env/lib/python3.10/site-packages/airflow/example_dags/example_task_group.py took 0.728 seconds
[2024-07-15T10:39:11.237+0100] {processor.py:161} INFO - Started process (PID=30349) to work on /home/victor/airflow_env/lib/python3.10/site-packages/airflow/example_dags/example_task_group.py
[2024-07-15T10:39:11.241+0100] {processor.py:830} INFO - Processing file /home/victor/airflow_env/lib/python3.10/site-packages/airflow/example_dags/example_task_group.py for tasks to queue
[2024-07-15T10:39:11.250+0100] {logging_mixin.py:188} INFO - [2024-07-15T10:39:11.248+0100] {dagbag.py:545} INFO - Filling up the DagBag from /home/victor/airflow_env/lib/python3.10/site-packages/airflow/example_dags/example_task_group.py
[2024-07-15T10:39:11.292+0100] {processor.py:840} INFO - DAG(s) 'example_task_group' retrieved from /home/victor/airflow_env/lib/python3.10/site-packages/airflow/example_dags/example_task_group.py
[2024-07-15T10:39:11.412+0100] {logging_mixin.py:188} INFO - [2024-07-15T10:39:11.411+0100] {dag.py:3096} INFO - Sync 1 DAGs
[2024-07-15T10:39:11.536+0100] {logging_mixin.py:188} INFO - [2024-07-15T10:39:11.535+0100] {dag.py:3954} INFO - Setting next_dagrun for example_task_group to 2024-07-14 00:00:00+00:00, run_after=2024-07-15 00:00:00+00:00
[2024-07-15T10:39:11.855+0100] {processor.py:183} INFO - Processing /home/victor/airflow_env/lib/python3.10/site-packages/airflow/example_dags/example_task_group.py took 0.644 seconds
[2024-07-15T10:40:22.061+0100] {processor.py:161} INFO - Started process (PID=30711) to work on /home/victor/airflow_env/lib/python3.10/site-packages/airflow/example_dags/example_task_group.py
[2024-07-15T10:40:22.065+0100] {processor.py:830} INFO - Processing file /home/victor/airflow_env/lib/python3.10/site-packages/airflow/example_dags/example_task_group.py for tasks to queue
[2024-07-15T10:40:22.073+0100] {logging_mixin.py:188} INFO - [2024-07-15T10:40:22.071+0100] {dagbag.py:545} INFO - Filling up the DagBag from /home/victor/airflow_env/lib/python3.10/site-packages/airflow/example_dags/example_task_group.py
[2024-07-15T10:40:22.136+0100] {processor.py:840} INFO - DAG(s) 'example_task_group' retrieved from /home/victor/airflow_env/lib/python3.10/site-packages/airflow/example_dags/example_task_group.py
[2024-07-15T10:40:22.250+0100] {logging_mixin.py:188} INFO - [2024-07-15T10:40:22.249+0100] {dag.py:3096} INFO - Sync 1 DAGs
[2024-07-15T10:40:22.375+0100] {logging_mixin.py:188} INFO - [2024-07-15T10:40:22.373+0100] {dag.py:3954} INFO - Setting next_dagrun for example_task_group to 2024-07-14 00:00:00+00:00, run_after=2024-07-15 00:00:00+00:00
[2024-07-15T10:40:22.845+0100] {processor.py:183} INFO - Processing /home/victor/airflow_env/lib/python3.10/site-packages/airflow/example_dags/example_task_group.py took 0.819 seconds
[2024-07-15T10:41:37.240+0100] {processor.py:161} INFO - Started process (PID=31103) to work on /home/victor/airflow_env/lib/python3.10/site-packages/airflow/example_dags/example_task_group.py
[2024-07-15T10:41:37.244+0100] {processor.py:830} INFO - Processing file /home/victor/airflow_env/lib/python3.10/site-packages/airflow/example_dags/example_task_group.py for tasks to queue
[2024-07-15T10:41:37.251+0100] {logging_mixin.py:188} INFO - [2024-07-15T10:41:37.249+0100] {dagbag.py:545} INFO - Filling up the DagBag from /home/victor/airflow_env/lib/python3.10/site-packages/airflow/example_dags/example_task_group.py
[2024-07-15T10:41:37.284+0100] {processor.py:840} INFO - DAG(s) 'example_task_group' retrieved from /home/victor/airflow_env/lib/python3.10/site-packages/airflow/example_dags/example_task_group.py
[2024-07-15T10:41:37.380+0100] {logging_mixin.py:188} INFO - [2024-07-15T10:41:37.379+0100] {dag.py:3096} INFO - Sync 1 DAGs
[2024-07-15T10:41:37.481+0100] {logging_mixin.py:188} INFO - [2024-07-15T10:41:37.480+0100] {dag.py:3954} INFO - Setting next_dagrun for example_task_group to 2024-07-14 00:00:00+00:00, run_after=2024-07-15 00:00:00+00:00
[2024-07-15T10:41:37.777+0100] {processor.py:183} INFO - Processing /home/victor/airflow_env/lib/python3.10/site-packages/airflow/example_dags/example_task_group.py took 0.562 seconds
[2024-07-15T10:42:52.923+0100] {processor.py:161} INFO - Started process (PID=31518) to work on /home/victor/airflow_env/lib/python3.10/site-packages/airflow/example_dags/example_task_group.py
[2024-07-15T10:42:52.927+0100] {processor.py:830} INFO - Processing file /home/victor/airflow_env/lib/python3.10/site-packages/airflow/example_dags/example_task_group.py for tasks to queue
[2024-07-15T10:42:52.935+0100] {logging_mixin.py:188} INFO - [2024-07-15T10:42:52.934+0100] {dagbag.py:545} INFO - Filling up the DagBag from /home/victor/airflow_env/lib/python3.10/site-packages/airflow/example_dags/example_task_group.py
[2024-07-15T10:42:52.977+0100] {processor.py:840} INFO - DAG(s) 'example_task_group' retrieved from /home/victor/airflow_env/lib/python3.10/site-packages/airflow/example_dags/example_task_group.py
[2024-07-15T10:42:53.082+0100] {logging_mixin.py:188} INFO - [2024-07-15T10:42:53.081+0100] {dag.py:3096} INFO - Sync 1 DAGs
[2024-07-15T10:42:53.229+0100] {logging_mixin.py:188} INFO - [2024-07-15T10:42:53.228+0100] {dag.py:3954} INFO - Setting next_dagrun for example_task_group to 2024-07-14 00:00:00+00:00, run_after=2024-07-15 00:00:00+00:00
[2024-07-15T10:42:53.534+0100] {processor.py:183} INFO - Processing /home/victor/airflow_env/lib/python3.10/site-packages/airflow/example_dags/example_task_group.py took 0.639 seconds
[2024-07-15T10:44:12.810+0100] {processor.py:161} INFO - Started process (PID=31931) to work on /home/victor/airflow_env/lib/python3.10/site-packages/airflow/example_dags/example_task_group.py
[2024-07-15T10:44:12.814+0100] {processor.py:830} INFO - Processing file /home/victor/airflow_env/lib/python3.10/site-packages/airflow/example_dags/example_task_group.py for tasks to queue
[2024-07-15T10:44:12.822+0100] {logging_mixin.py:188} INFO - [2024-07-15T10:44:12.820+0100] {dagbag.py:545} INFO - Filling up the DagBag from /home/victor/airflow_env/lib/python3.10/site-packages/airflow/example_dags/example_task_group.py
[2024-07-15T10:44:12.856+0100] {processor.py:840} INFO - DAG(s) 'example_task_group' retrieved from /home/victor/airflow_env/lib/python3.10/site-packages/airflow/example_dags/example_task_group.py
[2024-07-15T10:44:12.964+0100] {logging_mixin.py:188} INFO - [2024-07-15T10:44:12.963+0100] {dag.py:3096} INFO - Sync 1 DAGs
[2024-07-15T10:44:13.079+0100] {logging_mixin.py:188} INFO - [2024-07-15T10:44:13.078+0100] {dag.py:3954} INFO - Setting next_dagrun for example_task_group to 2024-07-14 00:00:00+00:00, run_after=2024-07-15 00:00:00+00:00
[2024-07-15T10:44:13.369+0100] {processor.py:183} INFO - Processing /home/victor/airflow_env/lib/python3.10/site-packages/airflow/example_dags/example_task_group.py took 0.587 seconds
[2024-07-15T10:45:23.369+0100] {processor.py:161} INFO - Started process (PID=32300) to work on /home/victor/airflow_env/lib/python3.10/site-packages/airflow/example_dags/example_task_group.py
[2024-07-15T10:45:23.373+0100] {processor.py:830} INFO - Processing file /home/victor/airflow_env/lib/python3.10/site-packages/airflow/example_dags/example_task_group.py for tasks to queue
[2024-07-15T10:45:23.381+0100] {logging_mixin.py:188} INFO - [2024-07-15T10:45:23.380+0100] {dagbag.py:545} INFO - Filling up the DagBag from /home/victor/airflow_env/lib/python3.10/site-packages/airflow/example_dags/example_task_group.py
[2024-07-15T10:45:23.422+0100] {processor.py:840} INFO - DAG(s) 'example_task_group' retrieved from /home/victor/airflow_env/lib/python3.10/site-packages/airflow/example_dags/example_task_group.py
[2024-07-15T10:45:23.542+0100] {logging_mixin.py:188} INFO - [2024-07-15T10:45:23.540+0100] {dag.py:3096} INFO - Sync 1 DAGs
[2024-07-15T10:45:23.669+0100] {logging_mixin.py:188} INFO - [2024-07-15T10:45:23.669+0100] {dag.py:3954} INFO - Setting next_dagrun for example_task_group to 2024-07-14 00:00:00+00:00, run_after=2024-07-15 00:00:00+00:00
[2024-07-15T10:45:24.119+0100] {processor.py:183} INFO - Processing /home/victor/airflow_env/lib/python3.10/site-packages/airflow/example_dags/example_task_group.py took 0.781 seconds
[2024-07-15T10:46:33.714+0100] {processor.py:161} INFO - Started process (PID=32660) to work on /home/victor/airflow_env/lib/python3.10/site-packages/airflow/example_dags/example_task_group.py
[2024-07-15T10:46:33.718+0100] {processor.py:830} INFO - Processing file /home/victor/airflow_env/lib/python3.10/site-packages/airflow/example_dags/example_task_group.py for tasks to queue
[2024-07-15T10:46:33.724+0100] {logging_mixin.py:188} INFO - [2024-07-15T10:46:33.723+0100] {dagbag.py:545} INFO - Filling up the DagBag from /home/victor/airflow_env/lib/python3.10/site-packages/airflow/example_dags/example_task_group.py
[2024-07-15T10:46:33.760+0100] {processor.py:840} INFO - DAG(s) 'example_task_group' retrieved from /home/victor/airflow_env/lib/python3.10/site-packages/airflow/example_dags/example_task_group.py
[2024-07-15T10:46:33.872+0100] {logging_mixin.py:188} INFO - [2024-07-15T10:46:33.871+0100] {dag.py:3096} INFO - Sync 1 DAGs
[2024-07-15T10:46:33.973+0100] {logging_mixin.py:188} INFO - [2024-07-15T10:46:33.972+0100] {dag.py:3954} INFO - Setting next_dagrun for example_task_group to 2024-07-14 00:00:00+00:00, run_after=2024-07-15 00:00:00+00:00
[2024-07-15T10:46:34.208+0100] {processor.py:183} INFO - Processing /home/victor/airflow_env/lib/python3.10/site-packages/airflow/example_dags/example_task_group.py took 0.518 seconds
[2024-07-15T10:47:55.787+0100] {processor.py:161} INFO - Started process (PID=33117) to work on /home/victor/airflow_env/lib/python3.10/site-packages/airflow/example_dags/example_task_group.py
[2024-07-15T10:47:55.791+0100] {processor.py:830} INFO - Processing file /home/victor/airflow_env/lib/python3.10/site-packages/airflow/example_dags/example_task_group.py for tasks to queue
[2024-07-15T10:47:55.800+0100] {logging_mixin.py:188} INFO - [2024-07-15T10:47:55.798+0100] {dagbag.py:545} INFO - Filling up the DagBag from /home/victor/airflow_env/lib/python3.10/site-packages/airflow/example_dags/example_task_group.py
[2024-07-15T10:47:55.835+0100] {processor.py:840} INFO - DAG(s) 'example_task_group' retrieved from /home/victor/airflow_env/lib/python3.10/site-packages/airflow/example_dags/example_task_group.py
[2024-07-15T10:47:55.952+0100] {logging_mixin.py:188} INFO - [2024-07-15T10:47:55.951+0100] {dag.py:3096} INFO - Sync 1 DAGs
[2024-07-15T10:47:56.079+0100] {logging_mixin.py:188} INFO - [2024-07-15T10:47:56.078+0100] {dag.py:3954} INFO - Setting next_dagrun for example_task_group to 2024-07-14 00:00:00+00:00, run_after=2024-07-15 00:00:00+00:00
[2024-07-15T10:47:56.455+0100] {processor.py:183} INFO - Processing /home/victor/airflow_env/lib/python3.10/site-packages/airflow/example_dags/example_task_group.py took 0.700 seconds
[2024-07-15T10:49:17.904+0100] {processor.py:161} INFO - Started process (PID=33543) to work on /home/victor/airflow_env/lib/python3.10/site-packages/airflow/example_dags/example_task_group.py
[2024-07-15T10:49:17.908+0100] {processor.py:830} INFO - Processing file /home/victor/airflow_env/lib/python3.10/site-packages/airflow/example_dags/example_task_group.py for tasks to queue
[2024-07-15T10:49:17.917+0100] {logging_mixin.py:188} INFO - [2024-07-15T10:49:17.914+0100] {dagbag.py:545} INFO - Filling up the DagBag from /home/victor/airflow_env/lib/python3.10/site-packages/airflow/example_dags/example_task_group.py
[2024-07-15T10:49:17.953+0100] {processor.py:840} INFO - DAG(s) 'example_task_group' retrieved from /home/victor/airflow_env/lib/python3.10/site-packages/airflow/example_dags/example_task_group.py
[2024-07-15T10:49:18.057+0100] {logging_mixin.py:188} INFO - [2024-07-15T10:49:18.056+0100] {dag.py:3096} INFO - Sync 1 DAGs
[2024-07-15T10:49:18.174+0100] {logging_mixin.py:188} INFO - [2024-07-15T10:49:18.174+0100] {dag.py:3954} INFO - Setting next_dagrun for example_task_group to 2024-07-14 00:00:00+00:00, run_after=2024-07-15 00:00:00+00:00
[2024-07-15T10:49:18.573+0100] {processor.py:183} INFO - Processing /home/victor/airflow_env/lib/python3.10/site-packages/airflow/example_dags/example_task_group.py took 0.696 seconds
[2024-07-15T10:51:01.783+0100] {processor.py:161} INFO - Started process (PID=34429) to work on /home/victor/airflow_env/lib/python3.10/site-packages/airflow/example_dags/example_task_group.py
[2024-07-15T10:51:01.788+0100] {processor.py:830} INFO - Processing file /home/victor/airflow_env/lib/python3.10/site-packages/airflow/example_dags/example_task_group.py for tasks to queue
[2024-07-15T10:51:01.795+0100] {logging_mixin.py:188} INFO - [2024-07-15T10:51:01.794+0100] {dagbag.py:545} INFO - Filling up the DagBag from /home/victor/airflow_env/lib/python3.10/site-packages/airflow/example_dags/example_task_group.py
[2024-07-15T10:51:01.835+0100] {processor.py:840} INFO - DAG(s) 'example_task_group' retrieved from /home/victor/airflow_env/lib/python3.10/site-packages/airflow/example_dags/example_task_group.py
[2024-07-15T10:51:01.962+0100] {logging_mixin.py:188} INFO - [2024-07-15T10:51:01.961+0100] {dag.py:3096} INFO - Sync 1 DAGs
[2024-07-15T10:51:02.077+0100] {logging_mixin.py:188} INFO - [2024-07-15T10:51:02.076+0100] {dag.py:3954} INFO - Setting next_dagrun for example_task_group to 2024-07-14 00:00:00+00:00, run_after=2024-07-15 00:00:00+00:00
[2024-07-15T10:51:02.439+0100] {processor.py:183} INFO - Processing /home/victor/airflow_env/lib/python3.10/site-packages/airflow/example_dags/example_task_group.py took 0.683 seconds
