[2024-07-15T09:48:18.427+0100] {processor.py:161} INFO - Started process (PID=10181) to work on /home/victor/airflow_env/lib/python3.10/site-packages/airflow/example_dags/example_skip_dag.py
[2024-07-15T09:48:18.431+0100] {processor.py:830} INFO - Processing file /home/victor/airflow_env/lib/python3.10/site-packages/airflow/example_dags/example_skip_dag.py for tasks to queue
[2024-07-15T09:48:18.439+0100] {logging_mixin.py:188} INFO - [2024-07-15T09:48:18.437+0100] {dagbag.py:545} INFO - Filling up the DagBag from /home/victor/airflow_env/lib/python3.10/site-packages/airflow/example_dags/example_skip_dag.py
[2024-07-15T09:48:18.479+0100] {processor.py:840} INFO - DAG(s) 'example_skip_dag' retrieved from /home/victor/airflow_env/lib/python3.10/site-packages/airflow/example_dags/example_skip_dag.py
[2024-07-15T09:48:18.595+0100] {logging_mixin.py:188} INFO - [2024-07-15T09:48:18.594+0100] {dag.py:3096} INFO - Sync 1 DAGs
[2024-07-15T09:48:18.716+0100] {logging_mixin.py:188} INFO - [2024-07-15T09:48:18.715+0100] {dag.py:3954} INFO - Setting next_dagrun for example_skip_dag to 2024-07-14 00:00:00+00:00, run_after=2024-07-15 00:00:00+00:00
[2024-07-15T09:48:19.130+0100] {processor.py:183} INFO - Processing /home/victor/airflow_env/lib/python3.10/site-packages/airflow/example_dags/example_skip_dag.py took 0.746 seconds
[2024-07-15T09:50:43.786+0100] {processor.py:161} INFO - Started process (PID=11281) to work on /home/victor/airflow_env/lib/python3.10/site-packages/airflow/example_dags/example_skip_dag.py
[2024-07-15T09:50:43.795+0100] {processor.py:830} INFO - Processing file /home/victor/airflow_env/lib/python3.10/site-packages/airflow/example_dags/example_skip_dag.py for tasks to queue
[2024-07-15T09:50:43.803+0100] {logging_mixin.py:188} INFO - [2024-07-15T09:50:43.801+0100] {dagbag.py:545} INFO - Filling up the DagBag from /home/victor/airflow_env/lib/python3.10/site-packages/airflow/example_dags/example_skip_dag.py
[2024-07-15T09:50:43.866+0100] {processor.py:840} INFO - DAG(s) 'example_skip_dag' retrieved from /home/victor/airflow_env/lib/python3.10/site-packages/airflow/example_dags/example_skip_dag.py
[2024-07-15T09:50:44.021+0100] {logging_mixin.py:188} INFO - [2024-07-15T09:50:44.020+0100] {dag.py:3096} INFO - Sync 1 DAGs
[2024-07-15T09:50:44.149+0100] {logging_mixin.py:188} INFO - [2024-07-15T09:50:44.148+0100] {dag.py:3954} INFO - Setting next_dagrun for example_skip_dag to 2024-07-14 00:00:00+00:00, run_after=2024-07-15 00:00:00+00:00
[2024-07-15T09:50:44.502+0100] {processor.py:183} INFO - Processing /home/victor/airflow_env/lib/python3.10/site-packages/airflow/example_dags/example_skip_dag.py took 0.759 seconds
[2024-07-15T09:51:57.902+0100] {processor.py:161} INFO - Started process (PID=11737) to work on /home/victor/airflow_env/lib/python3.10/site-packages/airflow/example_dags/example_skip_dag.py
[2024-07-15T09:51:57.906+0100] {processor.py:830} INFO - Processing file /home/victor/airflow_env/lib/python3.10/site-packages/airflow/example_dags/example_skip_dag.py for tasks to queue
[2024-07-15T09:51:57.913+0100] {logging_mixin.py:188} INFO - [2024-07-15T09:51:57.911+0100] {dagbag.py:545} INFO - Filling up the DagBag from /home/victor/airflow_env/lib/python3.10/site-packages/airflow/example_dags/example_skip_dag.py
[2024-07-15T09:51:57.941+0100] {processor.py:840} INFO - DAG(s) 'example_skip_dag' retrieved from /home/victor/airflow_env/lib/python3.10/site-packages/airflow/example_dags/example_skip_dag.py
[2024-07-15T09:51:58.040+0100] {logging_mixin.py:188} INFO - [2024-07-15T09:51:58.039+0100] {dag.py:3096} INFO - Sync 1 DAGs
[2024-07-15T09:51:58.140+0100] {logging_mixin.py:188} INFO - [2024-07-15T09:51:58.139+0100] {dag.py:3954} INFO - Setting next_dagrun for example_skip_dag to 2024-07-14 00:00:00+00:00, run_after=2024-07-15 00:00:00+00:00
[2024-07-15T09:51:58.827+0100] {processor.py:183} INFO - Processing /home/victor/airflow_env/lib/python3.10/site-packages/airflow/example_dags/example_skip_dag.py took 0.952 seconds
[2024-07-15T09:53:57.428+0100] {processor.py:161} INFO - Started process (PID=12528) to work on /home/victor/airflow_env/lib/python3.10/site-packages/airflow/example_dags/example_skip_dag.py
[2024-07-15T09:53:57.433+0100] {processor.py:830} INFO - Processing file /home/victor/airflow_env/lib/python3.10/site-packages/airflow/example_dags/example_skip_dag.py for tasks to queue
[2024-07-15T09:53:57.446+0100] {logging_mixin.py:188} INFO - [2024-07-15T09:53:57.443+0100] {dagbag.py:545} INFO - Filling up the DagBag from /home/victor/airflow_env/lib/python3.10/site-packages/airflow/example_dags/example_skip_dag.py
[2024-07-15T09:53:57.502+0100] {processor.py:840} INFO - DAG(s) 'example_skip_dag' retrieved from /home/victor/airflow_env/lib/python3.10/site-packages/airflow/example_dags/example_skip_dag.py
[2024-07-15T09:53:58.378+0100] {logging_mixin.py:188} INFO - [2024-07-15T09:53:58.377+0100] {dag.py:3096} INFO - Sync 1 DAGs
[2024-07-15T09:53:58.502+0100] {logging_mixin.py:188} INFO - [2024-07-15T09:53:58.501+0100] {dag.py:3954} INFO - Setting next_dagrun for example_skip_dag to 2024-07-14 00:00:00+00:00, run_after=2024-07-15 00:00:00+00:00
[2024-07-15T09:53:59.545+0100] {processor.py:183} INFO - Processing /home/victor/airflow_env/lib/python3.10/site-packages/airflow/example_dags/example_skip_dag.py took 2.152 seconds
[2024-07-15T09:55:46.780+0100] {processor.py:161} INFO - Started process (PID=13327) to work on /home/victor/airflow_env/lib/python3.10/site-packages/airflow/example_dags/example_skip_dag.py
[2024-07-15T09:55:46.784+0100] {processor.py:830} INFO - Processing file /home/victor/airflow_env/lib/python3.10/site-packages/airflow/example_dags/example_skip_dag.py for tasks to queue
[2024-07-15T09:55:46.792+0100] {logging_mixin.py:188} INFO - [2024-07-15T09:55:46.790+0100] {dagbag.py:545} INFO - Filling up the DagBag from /home/victor/airflow_env/lib/python3.10/site-packages/airflow/example_dags/example_skip_dag.py
[2024-07-15T09:55:46.824+0100] {processor.py:840} INFO - DAG(s) 'example_skip_dag' retrieved from /home/victor/airflow_env/lib/python3.10/site-packages/airflow/example_dags/example_skip_dag.py
[2024-07-15T09:55:46.944+0100] {logging_mixin.py:188} INFO - [2024-07-15T09:55:46.943+0100] {dag.py:3096} INFO - Sync 1 DAGs
[2024-07-15T09:55:47.070+0100] {logging_mixin.py:188} INFO - [2024-07-15T09:55:47.069+0100] {dag.py:3954} INFO - Setting next_dagrun for example_skip_dag to 2024-07-14 00:00:00+00:00, run_after=2024-07-15 00:00:00+00:00
[2024-07-15T09:55:47.517+0100] {processor.py:183} INFO - Processing /home/victor/airflow_env/lib/python3.10/site-packages/airflow/example_dags/example_skip_dag.py took 0.762 seconds
[2024-07-15T09:57:16.111+0100] {processor.py:161} INFO - Started process (PID=14094) to work on /home/victor/airflow_env/lib/python3.10/site-packages/airflow/example_dags/example_skip_dag.py
[2024-07-15T09:57:16.117+0100] {processor.py:830} INFO - Processing file /home/victor/airflow_env/lib/python3.10/site-packages/airflow/example_dags/example_skip_dag.py for tasks to queue
[2024-07-15T09:57:16.126+0100] {logging_mixin.py:188} INFO - [2024-07-15T09:57:16.124+0100] {dagbag.py:545} INFO - Filling up the DagBag from /home/victor/airflow_env/lib/python3.10/site-packages/airflow/example_dags/example_skip_dag.py
[2024-07-15T09:57:16.188+0100] {processor.py:840} INFO - DAG(s) 'example_skip_dag' retrieved from /home/victor/airflow_env/lib/python3.10/site-packages/airflow/example_dags/example_skip_dag.py
[2024-07-15T09:57:16.386+0100] {logging_mixin.py:188} INFO - [2024-07-15T09:57:16.384+0100] {dag.py:3096} INFO - Sync 1 DAGs
[2024-07-15T09:57:16.625+0100] {logging_mixin.py:188} INFO - [2024-07-15T09:57:16.624+0100] {dag.py:3954} INFO - Setting next_dagrun for example_skip_dag to 2024-07-14 00:00:00+00:00, run_after=2024-07-15 00:00:00+00:00
[2024-07-15T09:57:17.078+0100] {processor.py:183} INFO - Processing /home/victor/airflow_env/lib/python3.10/site-packages/airflow/example_dags/example_skip_dag.py took 1.013 seconds
[2024-07-15T09:58:55.540+0100] {processor.py:161} INFO - Started process (PID=14639) to work on /home/victor/airflow_env/lib/python3.10/site-packages/airflow/example_dags/example_skip_dag.py
[2024-07-15T09:58:55.545+0100] {processor.py:830} INFO - Processing file /home/victor/airflow_env/lib/python3.10/site-packages/airflow/example_dags/example_skip_dag.py for tasks to queue
[2024-07-15T09:58:55.554+0100] {logging_mixin.py:188} INFO - [2024-07-15T09:58:55.552+0100] {dagbag.py:545} INFO - Filling up the DagBag from /home/victor/airflow_env/lib/python3.10/site-packages/airflow/example_dags/example_skip_dag.py
[2024-07-15T09:58:55.591+0100] {processor.py:840} INFO - DAG(s) 'example_skip_dag' retrieved from /home/victor/airflow_env/lib/python3.10/site-packages/airflow/example_dags/example_skip_dag.py
[2024-07-15T09:58:55.763+0100] {logging_mixin.py:188} INFO - [2024-07-15T09:58:55.761+0100] {dag.py:3096} INFO - Sync 1 DAGs
[2024-07-15T09:58:56.016+0100] {logging_mixin.py:188} INFO - [2024-07-15T09:58:56.015+0100] {dag.py:3954} INFO - Setting next_dagrun for example_skip_dag to 2024-07-14 00:00:00+00:00, run_after=2024-07-15 00:00:00+00:00
[2024-07-15T09:58:56.423+0100] {processor.py:183} INFO - Processing /home/victor/airflow_env/lib/python3.10/site-packages/airflow/example_dags/example_skip_dag.py took 0.912 seconds
[2024-07-15T10:00:17.080+0100] {processor.py:161} INFO - Started process (PID=15200) to work on /home/victor/airflow_env/lib/python3.10/site-packages/airflow/example_dags/example_skip_dag.py
[2024-07-15T10:00:17.084+0100] {processor.py:830} INFO - Processing file /home/victor/airflow_env/lib/python3.10/site-packages/airflow/example_dags/example_skip_dag.py for tasks to queue
[2024-07-15T10:00:17.092+0100] {logging_mixin.py:188} INFO - [2024-07-15T10:00:17.090+0100] {dagbag.py:545} INFO - Filling up the DagBag from /home/victor/airflow_env/lib/python3.10/site-packages/airflow/example_dags/example_skip_dag.py
[2024-07-15T10:00:17.128+0100] {processor.py:840} INFO - DAG(s) 'example_skip_dag' retrieved from /home/victor/airflow_env/lib/python3.10/site-packages/airflow/example_dags/example_skip_dag.py
[2024-07-15T10:00:17.235+0100] {logging_mixin.py:188} INFO - [2024-07-15T10:00:17.234+0100] {dag.py:3096} INFO - Sync 1 DAGs
[2024-07-15T10:00:17.337+0100] {logging_mixin.py:188} INFO - [2024-07-15T10:00:17.336+0100] {dag.py:3954} INFO - Setting next_dagrun for example_skip_dag to 2024-07-14 00:00:00+00:00, run_after=2024-07-15 00:00:00+00:00
[2024-07-15T10:00:17.650+0100] {processor.py:183} INFO - Processing /home/victor/airflow_env/lib/python3.10/site-packages/airflow/example_dags/example_skip_dag.py took 0.598 seconds
[2024-07-15T10:01:40.714+0100] {processor.py:161} INFO - Started process (PID=15936) to work on /home/victor/airflow_env/lib/python3.10/site-packages/airflow/example_dags/example_skip_dag.py
[2024-07-15T10:01:40.718+0100] {processor.py:830} INFO - Processing file /home/victor/airflow_env/lib/python3.10/site-packages/airflow/example_dags/example_skip_dag.py for tasks to queue
[2024-07-15T10:01:40.726+0100] {logging_mixin.py:188} INFO - [2024-07-15T10:01:40.724+0100] {dagbag.py:545} INFO - Filling up the DagBag from /home/victor/airflow_env/lib/python3.10/site-packages/airflow/example_dags/example_skip_dag.py
[2024-07-15T10:01:40.761+0100] {processor.py:840} INFO - DAG(s) 'example_skip_dag' retrieved from /home/victor/airflow_env/lib/python3.10/site-packages/airflow/example_dags/example_skip_dag.py
[2024-07-15T10:01:40.883+0100] {logging_mixin.py:188} INFO - [2024-07-15T10:01:40.882+0100] {dag.py:3096} INFO - Sync 1 DAGs
[2024-07-15T10:01:41.010+0100] {logging_mixin.py:188} INFO - [2024-07-15T10:01:41.005+0100] {dag.py:3954} INFO - Setting next_dagrun for example_skip_dag to 2024-07-14 00:00:00+00:00, run_after=2024-07-15 00:00:00+00:00
[2024-07-15T10:01:41.598+0100] {processor.py:183} INFO - Processing /home/victor/airflow_env/lib/python3.10/site-packages/airflow/example_dags/example_skip_dag.py took 0.909 seconds
[2024-07-15T10:03:03.626+0100] {processor.py:161} INFO - Started process (PID=16577) to work on /home/victor/airflow_env/lib/python3.10/site-packages/airflow/example_dags/example_skip_dag.py
[2024-07-15T10:03:03.632+0100] {processor.py:830} INFO - Processing file /home/victor/airflow_env/lib/python3.10/site-packages/airflow/example_dags/example_skip_dag.py for tasks to queue
[2024-07-15T10:03:03.650+0100] {logging_mixin.py:188} INFO - [2024-07-15T10:03:03.647+0100] {dagbag.py:545} INFO - Filling up the DagBag from /home/victor/airflow_env/lib/python3.10/site-packages/airflow/example_dags/example_skip_dag.py
[2024-07-15T10:03:03.736+0100] {processor.py:840} INFO - DAG(s) 'example_skip_dag' retrieved from /home/victor/airflow_env/lib/python3.10/site-packages/airflow/example_dags/example_skip_dag.py
[2024-07-15T10:03:03.945+0100] {logging_mixin.py:188} INFO - [2024-07-15T10:03:03.944+0100] {dag.py:3096} INFO - Sync 1 DAGs
[2024-07-15T10:03:04.226+0100] {logging_mixin.py:188} INFO - [2024-07-15T10:03:04.222+0100] {dag.py:3954} INFO - Setting next_dagrun for example_skip_dag to 2024-07-14 00:00:00+00:00, run_after=2024-07-15 00:00:00+00:00
[2024-07-15T10:03:04.694+0100] {processor.py:183} INFO - Processing /home/victor/airflow_env/lib/python3.10/site-packages/airflow/example_dags/example_skip_dag.py took 1.108 seconds
[2024-07-15T10:04:18.210+0100] {processor.py:161} INFO - Started process (PID=17076) to work on /home/victor/airflow_env/lib/python3.10/site-packages/airflow/example_dags/example_skip_dag.py
[2024-07-15T10:04:18.217+0100] {processor.py:830} INFO - Processing file /home/victor/airflow_env/lib/python3.10/site-packages/airflow/example_dags/example_skip_dag.py for tasks to queue
[2024-07-15T10:04:18.224+0100] {logging_mixin.py:188} INFO - [2024-07-15T10:04:18.222+0100] {dagbag.py:545} INFO - Filling up the DagBag from /home/victor/airflow_env/lib/python3.10/site-packages/airflow/example_dags/example_skip_dag.py
[2024-07-15T10:04:18.255+0100] {processor.py:840} INFO - DAG(s) 'example_skip_dag' retrieved from /home/victor/airflow_env/lib/python3.10/site-packages/airflow/example_dags/example_skip_dag.py
[2024-07-15T10:04:18.355+0100] {logging_mixin.py:188} INFO - [2024-07-15T10:04:18.354+0100] {dag.py:3096} INFO - Sync 1 DAGs
[2024-07-15T10:04:18.461+0100] {logging_mixin.py:188} INFO - [2024-07-15T10:04:18.461+0100] {dag.py:3954} INFO - Setting next_dagrun for example_skip_dag to 2024-07-14 00:00:00+00:00, run_after=2024-07-15 00:00:00+00:00
[2024-07-15T10:04:18.729+0100] {processor.py:183} INFO - Processing /home/victor/airflow_env/lib/python3.10/site-packages/airflow/example_dags/example_skip_dag.py took 0.546 seconds
[2024-07-15T10:07:01.632+0100] {processor.py:161} INFO - Started process (PID=18110) to work on /home/victor/airflow_env/lib/python3.10/site-packages/airflow/example_dags/example_skip_dag.py
[2024-07-15T10:07:01.643+0100] {processor.py:830} INFO - Processing file /home/victor/airflow_env/lib/python3.10/site-packages/airflow/example_dags/example_skip_dag.py for tasks to queue
[2024-07-15T10:07:01.663+0100] {logging_mixin.py:188} INFO - [2024-07-15T10:07:01.659+0100] {dagbag.py:545} INFO - Filling up the DagBag from /home/victor/airflow_env/lib/python3.10/site-packages/airflow/example_dags/example_skip_dag.py
[2024-07-15T10:07:01.707+0100] {processor.py:840} INFO - DAG(s) 'example_skip_dag' retrieved from /home/victor/airflow_env/lib/python3.10/site-packages/airflow/example_dags/example_skip_dag.py
[2024-07-15T10:07:01.890+0100] {logging_mixin.py:188} INFO - [2024-07-15T10:07:01.888+0100] {dag.py:3096} INFO - Sync 1 DAGs
[2024-07-15T10:07:02.082+0100] {logging_mixin.py:188} INFO - [2024-07-15T10:07:02.081+0100] {dag.py:3954} INFO - Setting next_dagrun for example_skip_dag to 2024-07-14 00:00:00+00:00, run_after=2024-07-15 00:00:00+00:00
[2024-07-15T10:07:02.449+0100] {processor.py:183} INFO - Processing /home/victor/airflow_env/lib/python3.10/site-packages/airflow/example_dags/example_skip_dag.py took 0.864 seconds
[2024-07-15T10:08:37.060+0100] {processor.py:161} INFO - Started process (PID=18751) to work on /home/victor/airflow_env/lib/python3.10/site-packages/airflow/example_dags/example_skip_dag.py
[2024-07-15T10:08:37.070+0100] {processor.py:830} INFO - Processing file /home/victor/airflow_env/lib/python3.10/site-packages/airflow/example_dags/example_skip_dag.py for tasks to queue
[2024-07-15T10:08:37.079+0100] {logging_mixin.py:188} INFO - [2024-07-15T10:08:37.076+0100] {dagbag.py:545} INFO - Filling up the DagBag from /home/victor/airflow_env/lib/python3.10/site-packages/airflow/example_dags/example_skip_dag.py
[2024-07-15T10:08:37.117+0100] {processor.py:840} INFO - DAG(s) 'example_skip_dag' retrieved from /home/victor/airflow_env/lib/python3.10/site-packages/airflow/example_dags/example_skip_dag.py
[2024-07-15T10:08:37.266+0100] {logging_mixin.py:188} INFO - [2024-07-15T10:08:37.265+0100] {dag.py:3096} INFO - Sync 1 DAGs
[2024-07-15T10:08:37.434+0100] {logging_mixin.py:188} INFO - [2024-07-15T10:08:37.433+0100] {dag.py:3954} INFO - Setting next_dagrun for example_skip_dag to 2024-07-14 00:00:00+00:00, run_after=2024-07-15 00:00:00+00:00
[2024-07-15T10:08:37.854+0100] {processor.py:183} INFO - Processing /home/victor/airflow_env/lib/python3.10/site-packages/airflow/example_dags/example_skip_dag.py took 0.829 seconds
[2024-07-15T10:10:06.945+0100] {processor.py:161} INFO - Started process (PID=19378) to work on /home/victor/airflow_env/lib/python3.10/site-packages/airflow/example_dags/example_skip_dag.py
[2024-07-15T10:10:06.959+0100] {processor.py:830} INFO - Processing file /home/victor/airflow_env/lib/python3.10/site-packages/airflow/example_dags/example_skip_dag.py for tasks to queue
[2024-07-15T10:10:06.970+0100] {logging_mixin.py:188} INFO - [2024-07-15T10:10:06.968+0100] {dagbag.py:545} INFO - Filling up the DagBag from /home/victor/airflow_env/lib/python3.10/site-packages/airflow/example_dags/example_skip_dag.py
[2024-07-15T10:10:07.034+0100] {processor.py:840} INFO - DAG(s) 'example_skip_dag' retrieved from /home/victor/airflow_env/lib/python3.10/site-packages/airflow/example_dags/example_skip_dag.py
[2024-07-15T10:10:07.169+0100] {logging_mixin.py:188} INFO - [2024-07-15T10:10:07.167+0100] {dag.py:3096} INFO - Sync 1 DAGs
[2024-07-15T10:10:07.397+0100] {logging_mixin.py:188} INFO - [2024-07-15T10:10:07.396+0100] {dag.py:3954} INFO - Setting next_dagrun for example_skip_dag to 2024-07-14 00:00:00+00:00, run_after=2024-07-15 00:00:00+00:00
[2024-07-15T10:10:07.754+0100] {processor.py:183} INFO - Processing /home/victor/airflow_env/lib/python3.10/site-packages/airflow/example_dags/example_skip_dag.py took 0.864 seconds
[2024-07-15T10:11:36.377+0100] {processor.py:161} INFO - Started process (PID=19867) to work on /home/victor/airflow_env/lib/python3.10/site-packages/airflow/example_dags/example_skip_dag.py
[2024-07-15T10:11:36.381+0100] {processor.py:830} INFO - Processing file /home/victor/airflow_env/lib/python3.10/site-packages/airflow/example_dags/example_skip_dag.py for tasks to queue
[2024-07-15T10:11:36.389+0100] {logging_mixin.py:188} INFO - [2024-07-15T10:11:36.388+0100] {dagbag.py:545} INFO - Filling up the DagBag from /home/victor/airflow_env/lib/python3.10/site-packages/airflow/example_dags/example_skip_dag.py
[2024-07-15T10:11:36.423+0100] {processor.py:840} INFO - DAG(s) 'example_skip_dag' retrieved from /home/victor/airflow_env/lib/python3.10/site-packages/airflow/example_dags/example_skip_dag.py
[2024-07-15T10:11:36.578+0100] {logging_mixin.py:188} INFO - [2024-07-15T10:11:36.577+0100] {dag.py:3096} INFO - Sync 1 DAGs
[2024-07-15T10:11:36.805+0100] {logging_mixin.py:188} INFO - [2024-07-15T10:11:36.804+0100] {dag.py:3954} INFO - Setting next_dagrun for example_skip_dag to 2024-07-14 00:00:00+00:00, run_after=2024-07-15 00:00:00+00:00
[2024-07-15T10:11:37.157+0100] {processor.py:183} INFO - Processing /home/victor/airflow_env/lib/python3.10/site-packages/airflow/example_dags/example_skip_dag.py took 0.807 seconds
[2024-07-15T10:12:58.892+0100] {processor.py:161} INFO - Started process (PID=20327) to work on /home/victor/airflow_env/lib/python3.10/site-packages/airflow/example_dags/example_skip_dag.py
[2024-07-15T10:12:58.896+0100] {processor.py:830} INFO - Processing file /home/victor/airflow_env/lib/python3.10/site-packages/airflow/example_dags/example_skip_dag.py for tasks to queue
[2024-07-15T10:12:58.903+0100] {logging_mixin.py:188} INFO - [2024-07-15T10:12:58.902+0100] {dagbag.py:545} INFO - Filling up the DagBag from /home/victor/airflow_env/lib/python3.10/site-packages/airflow/example_dags/example_skip_dag.py
[2024-07-15T10:12:58.933+0100] {processor.py:840} INFO - DAG(s) 'example_skip_dag' retrieved from /home/victor/airflow_env/lib/python3.10/site-packages/airflow/example_dags/example_skip_dag.py
[2024-07-15T10:12:59.036+0100] {logging_mixin.py:188} INFO - [2024-07-15T10:12:59.036+0100] {dag.py:3096} INFO - Sync 1 DAGs
[2024-07-15T10:12:59.142+0100] {logging_mixin.py:188} INFO - [2024-07-15T10:12:59.141+0100] {dag.py:3954} INFO - Setting next_dagrun for example_skip_dag to 2024-07-14 00:00:00+00:00, run_after=2024-07-15 00:00:00+00:00
[2024-07-15T10:12:59.429+0100] {processor.py:183} INFO - Processing /home/victor/airflow_env/lib/python3.10/site-packages/airflow/example_dags/example_skip_dag.py took 0.564 seconds
[2024-07-15T10:14:24.219+0100] {processor.py:161} INFO - Started process (PID=20771) to work on /home/victor/airflow_env/lib/python3.10/site-packages/airflow/example_dags/example_skip_dag.py
[2024-07-15T10:14:24.226+0100] {processor.py:830} INFO - Processing file /home/victor/airflow_env/lib/python3.10/site-packages/airflow/example_dags/example_skip_dag.py for tasks to queue
[2024-07-15T10:14:24.235+0100] {logging_mixin.py:188} INFO - [2024-07-15T10:14:24.233+0100] {dagbag.py:545} INFO - Filling up the DagBag from /home/victor/airflow_env/lib/python3.10/site-packages/airflow/example_dags/example_skip_dag.py
[2024-07-15T10:14:24.277+0100] {processor.py:840} INFO - DAG(s) 'example_skip_dag' retrieved from /home/victor/airflow_env/lib/python3.10/site-packages/airflow/example_dags/example_skip_dag.py
[2024-07-15T10:14:24.437+0100] {logging_mixin.py:188} INFO - [2024-07-15T10:14:24.435+0100] {dag.py:3096} INFO - Sync 1 DAGs
[2024-07-15T10:14:24.797+0100] {logging_mixin.py:188} INFO - [2024-07-15T10:14:24.796+0100] {dag.py:3954} INFO - Setting next_dagrun for example_skip_dag to 2024-07-14 00:00:00+00:00, run_after=2024-07-15 00:00:00+00:00
[2024-07-15T10:14:25.205+0100] {processor.py:183} INFO - Processing /home/victor/airflow_env/lib/python3.10/site-packages/airflow/example_dags/example_skip_dag.py took 1.030 seconds
[2024-07-15T10:15:56.622+0100] {processor.py:161} INFO - Started process (PID=21288) to work on /home/victor/airflow_env/lib/python3.10/site-packages/airflow/example_dags/example_skip_dag.py
[2024-07-15T10:15:56.627+0100] {processor.py:830} INFO - Processing file /home/victor/airflow_env/lib/python3.10/site-packages/airflow/example_dags/example_skip_dag.py for tasks to queue
[2024-07-15T10:15:56.635+0100] {logging_mixin.py:188} INFO - [2024-07-15T10:15:56.633+0100] {dagbag.py:545} INFO - Filling up the DagBag from /home/victor/airflow_env/lib/python3.10/site-packages/airflow/example_dags/example_skip_dag.py
[2024-07-15T10:15:56.666+0100] {processor.py:840} INFO - DAG(s) 'example_skip_dag' retrieved from /home/victor/airflow_env/lib/python3.10/site-packages/airflow/example_dags/example_skip_dag.py
[2024-07-15T10:15:56.800+0100] {logging_mixin.py:188} INFO - [2024-07-15T10:15:56.799+0100] {dag.py:3096} INFO - Sync 1 DAGs
[2024-07-15T10:15:56.922+0100] {logging_mixin.py:188} INFO - [2024-07-15T10:15:56.921+0100] {dag.py:3954} INFO - Setting next_dagrun for example_skip_dag to 2024-07-14 00:00:00+00:00, run_after=2024-07-15 00:00:00+00:00
[2024-07-15T10:15:57.282+0100] {processor.py:183} INFO - Processing /home/victor/airflow_env/lib/python3.10/site-packages/airflow/example_dags/example_skip_dag.py took 0.685 seconds
[2024-07-15T10:17:26.924+0100] {processor.py:161} INFO - Started process (PID=21921) to work on /home/victor/airflow_env/lib/python3.10/site-packages/airflow/example_dags/example_skip_dag.py
[2024-07-15T10:17:26.928+0100] {processor.py:830} INFO - Processing file /home/victor/airflow_env/lib/python3.10/site-packages/airflow/example_dags/example_skip_dag.py for tasks to queue
[2024-07-15T10:17:26.935+0100] {logging_mixin.py:188} INFO - [2024-07-15T10:17:26.934+0100] {dagbag.py:545} INFO - Filling up the DagBag from /home/victor/airflow_env/lib/python3.10/site-packages/airflow/example_dags/example_skip_dag.py
[2024-07-15T10:17:26.969+0100] {processor.py:840} INFO - DAG(s) 'example_skip_dag' retrieved from /home/victor/airflow_env/lib/python3.10/site-packages/airflow/example_dags/example_skip_dag.py
[2024-07-15T10:17:27.075+0100] {logging_mixin.py:188} INFO - [2024-07-15T10:17:27.074+0100] {dag.py:3096} INFO - Sync 1 DAGs
[2024-07-15T10:17:27.207+0100] {logging_mixin.py:188} INFO - [2024-07-15T10:17:27.206+0100] {dag.py:3954} INFO - Setting next_dagrun for example_skip_dag to 2024-07-14 00:00:00+00:00, run_after=2024-07-15 00:00:00+00:00
[2024-07-15T10:17:27.570+0100] {processor.py:183} INFO - Processing /home/victor/airflow_env/lib/python3.10/site-packages/airflow/example_dags/example_skip_dag.py took 0.672 seconds
[2024-07-15T10:18:45.845+0100] {processor.py:161} INFO - Started process (PID=22402) to work on /home/victor/airflow_env/lib/python3.10/site-packages/airflow/example_dags/example_skip_dag.py
[2024-07-15T10:18:45.850+0100] {processor.py:830} INFO - Processing file /home/victor/airflow_env/lib/python3.10/site-packages/airflow/example_dags/example_skip_dag.py for tasks to queue
[2024-07-15T10:18:45.860+0100] {logging_mixin.py:188} INFO - [2024-07-15T10:18:45.858+0100] {dagbag.py:545} INFO - Filling up the DagBag from /home/victor/airflow_env/lib/python3.10/site-packages/airflow/example_dags/example_skip_dag.py
[2024-07-15T10:18:45.934+0100] {processor.py:840} INFO - DAG(s) 'example_skip_dag' retrieved from /home/victor/airflow_env/lib/python3.10/site-packages/airflow/example_dags/example_skip_dag.py
[2024-07-15T10:18:46.078+0100] {logging_mixin.py:188} INFO - [2024-07-15T10:18:46.077+0100] {dag.py:3096} INFO - Sync 1 DAGs
[2024-07-15T10:18:46.217+0100] {logging_mixin.py:188} INFO - [2024-07-15T10:18:46.216+0100] {dag.py:3954} INFO - Setting next_dagrun for example_skip_dag to 2024-07-14 00:00:00+00:00, run_after=2024-07-15 00:00:00+00:00
[2024-07-15T10:18:46.641+0100] {processor.py:183} INFO - Processing /home/victor/airflow_env/lib/python3.10/site-packages/airflow/example_dags/example_skip_dag.py took 0.832 seconds
[2024-07-15T10:20:31.295+0100] {processor.py:161} INFO - Started process (PID=23172) to work on /home/victor/airflow_env/lib/python3.10/site-packages/airflow/example_dags/example_skip_dag.py
[2024-07-15T10:20:31.342+0100] {processor.py:830} INFO - Processing file /home/victor/airflow_env/lib/python3.10/site-packages/airflow/example_dags/example_skip_dag.py for tasks to queue
[2024-07-15T10:20:31.381+0100] {logging_mixin.py:188} INFO - [2024-07-15T10:20:31.378+0100] {dagbag.py:545} INFO - Filling up the DagBag from /home/victor/airflow_env/lib/python3.10/site-packages/airflow/example_dags/example_skip_dag.py
[2024-07-15T10:20:31.565+0100] {processor.py:840} INFO - DAG(s) 'example_skip_dag' retrieved from /home/victor/airflow_env/lib/python3.10/site-packages/airflow/example_dags/example_skip_dag.py
[2024-07-15T10:20:31.780+0100] {logging_mixin.py:188} INFO - [2024-07-15T10:20:31.779+0100] {dag.py:3096} INFO - Sync 1 DAGs
[2024-07-15T10:20:31.925+0100] {logging_mixin.py:188} INFO - [2024-07-15T10:20:31.923+0100] {dag.py:3954} INFO - Setting next_dagrun for example_skip_dag to 2024-07-14 00:00:00+00:00, run_after=2024-07-15 00:00:00+00:00
[2024-07-15T10:20:32.402+0100] {processor.py:183} INFO - Processing /home/victor/airflow_env/lib/python3.10/site-packages/airflow/example_dags/example_skip_dag.py took 1.253 seconds
[2024-07-15T10:22:18.975+0100] {processor.py:161} INFO - Started process (PID=23991) to work on /home/victor/airflow_env/lib/python3.10/site-packages/airflow/example_dags/example_skip_dag.py
[2024-07-15T10:22:18.980+0100] {processor.py:830} INFO - Processing file /home/victor/airflow_env/lib/python3.10/site-packages/airflow/example_dags/example_skip_dag.py for tasks to queue
[2024-07-15T10:22:18.991+0100] {logging_mixin.py:188} INFO - [2024-07-15T10:22:18.989+0100] {dagbag.py:545} INFO - Filling up the DagBag from /home/victor/airflow_env/lib/python3.10/site-packages/airflow/example_dags/example_skip_dag.py
[2024-07-15T10:22:19.032+0100] {processor.py:840} INFO - DAG(s) 'example_skip_dag' retrieved from /home/victor/airflow_env/lib/python3.10/site-packages/airflow/example_dags/example_skip_dag.py
[2024-07-15T10:22:19.265+0100] {logging_mixin.py:188} INFO - [2024-07-15T10:22:19.264+0100] {dag.py:3096} INFO - Sync 1 DAGs
[2024-07-15T10:22:19.469+0100] {logging_mixin.py:188} INFO - [2024-07-15T10:22:19.467+0100] {dag.py:3954} INFO - Setting next_dagrun for example_skip_dag to 2024-07-14 00:00:00+00:00, run_after=2024-07-15 00:00:00+00:00
[2024-07-15T10:22:19.867+0100] {processor.py:183} INFO - Processing /home/victor/airflow_env/lib/python3.10/site-packages/airflow/example_dags/example_skip_dag.py took 0.946 seconds
[2024-07-15T10:24:33.177+0100] {processor.py:161} INFO - Started process (PID=25141) to work on /home/victor/airflow_env/lib/python3.10/site-packages/airflow/example_dags/example_skip_dag.py
[2024-07-15T10:24:33.193+0100] {processor.py:830} INFO - Processing file /home/victor/airflow_env/lib/python3.10/site-packages/airflow/example_dags/example_skip_dag.py for tasks to queue
[2024-07-15T10:24:33.225+0100] {logging_mixin.py:188} INFO - [2024-07-15T10:24:33.212+0100] {dagbag.py:545} INFO - Filling up the DagBag from /home/victor/airflow_env/lib/python3.10/site-packages/airflow/example_dags/example_skip_dag.py
[2024-07-15T10:24:33.316+0100] {processor.py:840} INFO - DAG(s) 'example_skip_dag' retrieved from /home/victor/airflow_env/lib/python3.10/site-packages/airflow/example_dags/example_skip_dag.py
[2024-07-15T10:24:33.543+0100] {logging_mixin.py:188} INFO - [2024-07-15T10:24:33.541+0100] {dag.py:3096} INFO - Sync 1 DAGs
[2024-07-15T10:24:33.722+0100] {logging_mixin.py:188} INFO - [2024-07-15T10:24:33.721+0100] {dag.py:3954} INFO - Setting next_dagrun for example_skip_dag to 2024-07-14 00:00:00+00:00, run_after=2024-07-15 00:00:00+00:00
[2024-07-15T10:24:34.159+0100] {processor.py:183} INFO - Processing /home/victor/airflow_env/lib/python3.10/site-packages/airflow/example_dags/example_skip_dag.py took 1.047 seconds
[2024-07-15T10:26:16.414+0100] {processor.py:161} INFO - Started process (PID=25763) to work on /home/victor/airflow_env/lib/python3.10/site-packages/airflow/example_dags/example_skip_dag.py
[2024-07-15T10:26:16.421+0100] {processor.py:830} INFO - Processing file /home/victor/airflow_env/lib/python3.10/site-packages/airflow/example_dags/example_skip_dag.py for tasks to queue
[2024-07-15T10:26:16.434+0100] {logging_mixin.py:188} INFO - [2024-07-15T10:26:16.431+0100] {dagbag.py:545} INFO - Filling up the DagBag from /home/victor/airflow_env/lib/python3.10/site-packages/airflow/example_dags/example_skip_dag.py
[2024-07-15T10:26:16.508+0100] {processor.py:840} INFO - DAG(s) 'example_skip_dag' retrieved from /home/victor/airflow_env/lib/python3.10/site-packages/airflow/example_dags/example_skip_dag.py
[2024-07-15T10:26:16.724+0100] {logging_mixin.py:188} INFO - [2024-07-15T10:26:16.723+0100] {dag.py:3096} INFO - Sync 1 DAGs
[2024-07-15T10:26:17.004+0100] {logging_mixin.py:188} INFO - [2024-07-15T10:26:17.003+0100] {dag.py:3954} INFO - Setting next_dagrun for example_skip_dag to 2024-07-14 00:00:00+00:00, run_after=2024-07-15 00:00:00+00:00
[2024-07-15T10:26:18.672+0100] {processor.py:183} INFO - Processing /home/victor/airflow_env/lib/python3.10/site-packages/airflow/example_dags/example_skip_dag.py took 2.308 seconds
[2024-07-15T10:28:06.377+0100] {processor.py:161} INFO - Started process (PID=26524) to work on /home/victor/airflow_env/lib/python3.10/site-packages/airflow/example_dags/example_skip_dag.py
[2024-07-15T10:28:06.383+0100] {processor.py:830} INFO - Processing file /home/victor/airflow_env/lib/python3.10/site-packages/airflow/example_dags/example_skip_dag.py for tasks to queue
[2024-07-15T10:28:06.390+0100] {logging_mixin.py:188} INFO - [2024-07-15T10:28:06.389+0100] {dagbag.py:545} INFO - Filling up the DagBag from /home/victor/airflow_env/lib/python3.10/site-packages/airflow/example_dags/example_skip_dag.py
[2024-07-15T10:28:06.423+0100] {processor.py:840} INFO - DAG(s) 'example_skip_dag' retrieved from /home/victor/airflow_env/lib/python3.10/site-packages/airflow/example_dags/example_skip_dag.py
[2024-07-15T10:28:06.531+0100] {logging_mixin.py:188} INFO - [2024-07-15T10:28:06.530+0100] {dag.py:3096} INFO - Sync 1 DAGs
[2024-07-15T10:28:06.677+0100] {logging_mixin.py:188} INFO - [2024-07-15T10:28:06.676+0100] {dag.py:3954} INFO - Setting next_dagrun for example_skip_dag to 2024-07-14 00:00:00+00:00, run_after=2024-07-15 00:00:00+00:00
[2024-07-15T10:28:07.066+0100] {processor.py:183} INFO - Processing /home/victor/airflow_env/lib/python3.10/site-packages/airflow/example_dags/example_skip_dag.py took 0.716 seconds
[2024-07-15T10:29:29.046+0100] {processor.py:161} INFO - Started process (PID=26963) to work on /home/victor/airflow_env/lib/python3.10/site-packages/airflow/example_dags/example_skip_dag.py
[2024-07-15T10:29:29.053+0100] {processor.py:830} INFO - Processing file /home/victor/airflow_env/lib/python3.10/site-packages/airflow/example_dags/example_skip_dag.py for tasks to queue
[2024-07-15T10:29:29.062+0100] {logging_mixin.py:188} INFO - [2024-07-15T10:29:29.059+0100] {dagbag.py:545} INFO - Filling up the DagBag from /home/victor/airflow_env/lib/python3.10/site-packages/airflow/example_dags/example_skip_dag.py
[2024-07-15T10:29:29.100+0100] {processor.py:840} INFO - DAG(s) 'example_skip_dag' retrieved from /home/victor/airflow_env/lib/python3.10/site-packages/airflow/example_dags/example_skip_dag.py
[2024-07-15T10:29:29.219+0100] {logging_mixin.py:188} INFO - [2024-07-15T10:29:29.218+0100] {dag.py:3096} INFO - Sync 1 DAGs
[2024-07-15T10:29:29.339+0100] {logging_mixin.py:188} INFO - [2024-07-15T10:29:29.338+0100] {dag.py:3954} INFO - Setting next_dagrun for example_skip_dag to 2024-07-14 00:00:00+00:00, run_after=2024-07-15 00:00:00+00:00
[2024-07-15T10:29:29.638+0100] {processor.py:183} INFO - Processing /home/victor/airflow_env/lib/python3.10/site-packages/airflow/example_dags/example_skip_dag.py took 0.630 seconds
[2024-07-15T10:30:42.749+0100] {processor.py:161} INFO - Started process (PID=27351) to work on /home/victor/airflow_env/lib/python3.10/site-packages/airflow/example_dags/example_skip_dag.py
[2024-07-15T10:30:42.758+0100] {processor.py:830} INFO - Processing file /home/victor/airflow_env/lib/python3.10/site-packages/airflow/example_dags/example_skip_dag.py for tasks to queue
[2024-07-15T10:30:42.765+0100] {logging_mixin.py:188} INFO - [2024-07-15T10:30:42.764+0100] {dagbag.py:545} INFO - Filling up the DagBag from /home/victor/airflow_env/lib/python3.10/site-packages/airflow/example_dags/example_skip_dag.py
[2024-07-15T10:30:42.795+0100] {processor.py:840} INFO - DAG(s) 'example_skip_dag' retrieved from /home/victor/airflow_env/lib/python3.10/site-packages/airflow/example_dags/example_skip_dag.py
[2024-07-15T10:30:42.906+0100] {logging_mixin.py:188} INFO - [2024-07-15T10:30:42.905+0100] {dag.py:3096} INFO - Sync 1 DAGs
[2024-07-15T10:30:43.048+0100] {logging_mixin.py:188} INFO - [2024-07-15T10:30:43.046+0100] {dag.py:3954} INFO - Setting next_dagrun for example_skip_dag to 2024-07-14 00:00:00+00:00, run_after=2024-07-15 00:00:00+00:00
[2024-07-15T10:30:43.345+0100] {processor.py:183} INFO - Processing /home/victor/airflow_env/lib/python3.10/site-packages/airflow/example_dags/example_skip_dag.py took 0.622 seconds
[2024-07-15T10:32:04.006+0100] {processor.py:161} INFO - Started process (PID=27766) to work on /home/victor/airflow_env/lib/python3.10/site-packages/airflow/example_dags/example_skip_dag.py
[2024-07-15T10:32:04.012+0100] {processor.py:830} INFO - Processing file /home/victor/airflow_env/lib/python3.10/site-packages/airflow/example_dags/example_skip_dag.py for tasks to queue
[2024-07-15T10:32:04.019+0100] {logging_mixin.py:188} INFO - [2024-07-15T10:32:04.017+0100] {dagbag.py:545} INFO - Filling up the DagBag from /home/victor/airflow_env/lib/python3.10/site-packages/airflow/example_dags/example_skip_dag.py
[2024-07-15T10:32:04.060+0100] {processor.py:840} INFO - DAG(s) 'example_skip_dag' retrieved from /home/victor/airflow_env/lib/python3.10/site-packages/airflow/example_dags/example_skip_dag.py
[2024-07-15T10:32:04.209+0100] {logging_mixin.py:188} INFO - [2024-07-15T10:32:04.209+0100] {dag.py:3096} INFO - Sync 1 DAGs
[2024-07-15T10:32:04.327+0100] {logging_mixin.py:188} INFO - [2024-07-15T10:32:04.326+0100] {dag.py:3954} INFO - Setting next_dagrun for example_skip_dag to 2024-07-14 00:00:00+00:00, run_after=2024-07-15 00:00:00+00:00
[2024-07-15T10:32:04.665+0100] {processor.py:183} INFO - Processing /home/victor/airflow_env/lib/python3.10/site-packages/airflow/example_dags/example_skip_dag.py took 0.688 seconds
[2024-07-15T10:33:35.129+0100] {processor.py:161} INFO - Started process (PID=28421) to work on /home/victor/airflow_env/lib/python3.10/site-packages/airflow/example_dags/example_skip_dag.py
[2024-07-15T10:33:35.133+0100] {processor.py:830} INFO - Processing file /home/victor/airflow_env/lib/python3.10/site-packages/airflow/example_dags/example_skip_dag.py for tasks to queue
[2024-07-15T10:33:35.143+0100] {logging_mixin.py:188} INFO - [2024-07-15T10:33:35.140+0100] {dagbag.py:545} INFO - Filling up the DagBag from /home/victor/airflow_env/lib/python3.10/site-packages/airflow/example_dags/example_skip_dag.py
[2024-07-15T10:33:35.177+0100] {processor.py:840} INFO - DAG(s) 'example_skip_dag' retrieved from /home/victor/airflow_env/lib/python3.10/site-packages/airflow/example_dags/example_skip_dag.py
[2024-07-15T10:33:35.291+0100] {logging_mixin.py:188} INFO - [2024-07-15T10:33:35.290+0100] {dag.py:3096} INFO - Sync 1 DAGs
[2024-07-15T10:33:35.415+0100] {logging_mixin.py:188} INFO - [2024-07-15T10:33:35.414+0100] {dag.py:3954} INFO - Setting next_dagrun for example_skip_dag to 2024-07-14 00:00:00+00:00, run_after=2024-07-15 00:00:00+00:00
[2024-07-15T10:33:35.797+0100] {processor.py:183} INFO - Processing /home/victor/airflow_env/lib/python3.10/site-packages/airflow/example_dags/example_skip_dag.py took 0.700 seconds
[2024-07-15T10:35:02.175+0100] {processor.py:161} INFO - Started process (PID=28955) to work on /home/victor/airflow_env/lib/python3.10/site-packages/airflow/example_dags/example_skip_dag.py
[2024-07-15T10:35:02.179+0100] {processor.py:830} INFO - Processing file /home/victor/airflow_env/lib/python3.10/site-packages/airflow/example_dags/example_skip_dag.py for tasks to queue
[2024-07-15T10:35:02.186+0100] {logging_mixin.py:188} INFO - [2024-07-15T10:35:02.185+0100] {dagbag.py:545} INFO - Filling up the DagBag from /home/victor/airflow_env/lib/python3.10/site-packages/airflow/example_dags/example_skip_dag.py
[2024-07-15T10:35:02.217+0100] {processor.py:840} INFO - DAG(s) 'example_skip_dag' retrieved from /home/victor/airflow_env/lib/python3.10/site-packages/airflow/example_dags/example_skip_dag.py
[2024-07-15T10:35:02.330+0100] {logging_mixin.py:188} INFO - [2024-07-15T10:35:02.329+0100] {dag.py:3096} INFO - Sync 1 DAGs
[2024-07-15T10:35:02.438+0100] {logging_mixin.py:188} INFO - [2024-07-15T10:35:02.436+0100] {dag.py:3954} INFO - Setting next_dagrun for example_skip_dag to 2024-07-14 00:00:00+00:00, run_after=2024-07-15 00:00:00+00:00
[2024-07-15T10:35:02.819+0100] {processor.py:183} INFO - Processing /home/victor/airflow_env/lib/python3.10/site-packages/airflow/example_dags/example_skip_dag.py took 0.668 seconds
[2024-07-15T10:36:23.173+0100] {processor.py:161} INFO - Started process (PID=29440) to work on /home/victor/airflow_env/lib/python3.10/site-packages/airflow/example_dags/example_skip_dag.py
[2024-07-15T10:36:23.188+0100] {processor.py:830} INFO - Processing file /home/victor/airflow_env/lib/python3.10/site-packages/airflow/example_dags/example_skip_dag.py for tasks to queue
[2024-07-15T10:36:23.214+0100] {logging_mixin.py:188} INFO - [2024-07-15T10:36:23.212+0100] {dagbag.py:545} INFO - Filling up the DagBag from /home/victor/airflow_env/lib/python3.10/site-packages/airflow/example_dags/example_skip_dag.py
[2024-07-15T10:36:23.257+0100] {processor.py:840} INFO - DAG(s) 'example_skip_dag' retrieved from /home/victor/airflow_env/lib/python3.10/site-packages/airflow/example_dags/example_skip_dag.py
[2024-07-15T10:36:23.373+0100] {logging_mixin.py:188} INFO - [2024-07-15T10:36:23.372+0100] {dag.py:3096} INFO - Sync 1 DAGs
[2024-07-15T10:36:23.488+0100] {logging_mixin.py:188} INFO - [2024-07-15T10:36:23.487+0100] {dag.py:3954} INFO - Setting next_dagrun for example_skip_dag to 2024-07-14 00:00:00+00:00, run_after=2024-07-15 00:00:00+00:00
[2024-07-15T10:36:23.806+0100] {processor.py:183} INFO - Processing /home/victor/airflow_env/lib/python3.10/site-packages/airflow/example_dags/example_skip_dag.py took 0.662 seconds
[2024-07-15T10:37:52.259+0100] {processor.py:161} INFO - Started process (PID=29939) to work on /home/victor/airflow_env/lib/python3.10/site-packages/airflow/example_dags/example_skip_dag.py
[2024-07-15T10:37:52.264+0100] {processor.py:830} INFO - Processing file /home/victor/airflow_env/lib/python3.10/site-packages/airflow/example_dags/example_skip_dag.py for tasks to queue
[2024-07-15T10:37:52.271+0100] {logging_mixin.py:188} INFO - [2024-07-15T10:37:52.269+0100] {dagbag.py:545} INFO - Filling up the DagBag from /home/victor/airflow_env/lib/python3.10/site-packages/airflow/example_dags/example_skip_dag.py
[2024-07-15T10:37:52.313+0100] {processor.py:840} INFO - DAG(s) 'example_skip_dag' retrieved from /home/victor/airflow_env/lib/python3.10/site-packages/airflow/example_dags/example_skip_dag.py
[2024-07-15T10:37:52.424+0100] {logging_mixin.py:188} INFO - [2024-07-15T10:37:52.423+0100] {dag.py:3096} INFO - Sync 1 DAGs
[2024-07-15T10:37:52.540+0100] {logging_mixin.py:188} INFO - [2024-07-15T10:37:52.539+0100] {dag.py:3954} INFO - Setting next_dagrun for example_skip_dag to 2024-07-14 00:00:00+00:00, run_after=2024-07-15 00:00:00+00:00
[2024-07-15T10:37:52.835+0100] {processor.py:183} INFO - Processing /home/victor/airflow_env/lib/python3.10/site-packages/airflow/example_dags/example_skip_dag.py took 0.602 seconds
[2024-07-15T10:39:15.791+0100] {processor.py:161} INFO - Started process (PID=30370) to work on /home/victor/airflow_env/lib/python3.10/site-packages/airflow/example_dags/example_skip_dag.py
[2024-07-15T10:39:15.796+0100] {processor.py:830} INFO - Processing file /home/victor/airflow_env/lib/python3.10/site-packages/airflow/example_dags/example_skip_dag.py for tasks to queue
[2024-07-15T10:39:15.816+0100] {logging_mixin.py:188} INFO - [2024-07-15T10:39:15.814+0100] {dagbag.py:545} INFO - Filling up the DagBag from /home/victor/airflow_env/lib/python3.10/site-packages/airflow/example_dags/example_skip_dag.py
[2024-07-15T10:39:15.882+0100] {processor.py:840} INFO - DAG(s) 'example_skip_dag' retrieved from /home/victor/airflow_env/lib/python3.10/site-packages/airflow/example_dags/example_skip_dag.py
[2024-07-15T10:39:16.072+0100] {logging_mixin.py:188} INFO - [2024-07-15T10:39:16.071+0100] {dag.py:3096} INFO - Sync 1 DAGs
[2024-07-15T10:39:16.228+0100] {logging_mixin.py:188} INFO - [2024-07-15T10:39:16.227+0100] {dag.py:3954} INFO - Setting next_dagrun for example_skip_dag to 2024-07-14 00:00:00+00:00, run_after=2024-07-15 00:00:00+00:00
[2024-07-15T10:39:16.588+0100] {processor.py:183} INFO - Processing /home/victor/airflow_env/lib/python3.10/site-packages/airflow/example_dags/example_skip_dag.py took 0.862 seconds
[2024-07-15T10:41:41.319+0100] {processor.py:161} INFO - Started process (PID=31120) to work on /home/victor/airflow_env/lib/python3.10/site-packages/airflow/example_dags/example_skip_dag.py
[2024-07-15T10:41:41.327+0100] {processor.py:830} INFO - Processing file /home/victor/airflow_env/lib/python3.10/site-packages/airflow/example_dags/example_skip_dag.py for tasks to queue
[2024-07-15T10:41:41.345+0100] {logging_mixin.py:188} INFO - [2024-07-15T10:41:41.343+0100] {dagbag.py:545} INFO - Filling up the DagBag from /home/victor/airflow_env/lib/python3.10/site-packages/airflow/example_dags/example_skip_dag.py
[2024-07-15T10:41:41.387+0100] {processor.py:840} INFO - DAG(s) 'example_skip_dag' retrieved from /home/victor/airflow_env/lib/python3.10/site-packages/airflow/example_dags/example_skip_dag.py
[2024-07-15T10:41:41.523+0100] {logging_mixin.py:188} INFO - [2024-07-15T10:41:41.521+0100] {dag.py:3096} INFO - Sync 1 DAGs
[2024-07-15T10:41:41.679+0100] {logging_mixin.py:188} INFO - [2024-07-15T10:41:41.678+0100] {dag.py:3954} INFO - Setting next_dagrun for example_skip_dag to 2024-07-14 00:00:00+00:00, run_after=2024-07-15 00:00:00+00:00
[2024-07-15T10:41:42.048+0100] {processor.py:183} INFO - Processing /home/victor/airflow_env/lib/python3.10/site-packages/airflow/example_dags/example_skip_dag.py took 0.813 seconds
[2024-07-15T10:42:57.320+0100] {processor.py:161} INFO - Started process (PID=31542) to work on /home/victor/airflow_env/lib/python3.10/site-packages/airflow/example_dags/example_skip_dag.py
[2024-07-15T10:42:57.326+0100] {processor.py:830} INFO - Processing file /home/victor/airflow_env/lib/python3.10/site-packages/airflow/example_dags/example_skip_dag.py for tasks to queue
[2024-07-15T10:42:57.334+0100] {logging_mixin.py:188} INFO - [2024-07-15T10:42:57.332+0100] {dagbag.py:545} INFO - Filling up the DagBag from /home/victor/airflow_env/lib/python3.10/site-packages/airflow/example_dags/example_skip_dag.py
[2024-07-15T10:42:57.376+0100] {processor.py:840} INFO - DAG(s) 'example_skip_dag' retrieved from /home/victor/airflow_env/lib/python3.10/site-packages/airflow/example_dags/example_skip_dag.py
[2024-07-15T10:42:57.512+0100] {logging_mixin.py:188} INFO - [2024-07-15T10:42:57.506+0100] {dag.py:3096} INFO - Sync 1 DAGs
[2024-07-15T10:42:57.633+0100] {logging_mixin.py:188} INFO - [2024-07-15T10:42:57.632+0100] {dag.py:3954} INFO - Setting next_dagrun for example_skip_dag to 2024-07-14 00:00:00+00:00, run_after=2024-07-15 00:00:00+00:00
[2024-07-15T10:42:57.996+0100] {processor.py:183} INFO - Processing /home/victor/airflow_env/lib/python3.10/site-packages/airflow/example_dags/example_skip_dag.py took 0.708 seconds
[2024-07-15T10:44:17.260+0100] {processor.py:161} INFO - Started process (PID=31956) to work on /home/victor/airflow_env/lib/python3.10/site-packages/airflow/example_dags/example_skip_dag.py
[2024-07-15T10:44:17.265+0100] {processor.py:830} INFO - Processing file /home/victor/airflow_env/lib/python3.10/site-packages/airflow/example_dags/example_skip_dag.py for tasks to queue
[2024-07-15T10:44:17.273+0100] {logging_mixin.py:188} INFO - [2024-07-15T10:44:17.272+0100] {dagbag.py:545} INFO - Filling up the DagBag from /home/victor/airflow_env/lib/python3.10/site-packages/airflow/example_dags/example_skip_dag.py
[2024-07-15T10:44:17.327+0100] {processor.py:840} INFO - DAG(s) 'example_skip_dag' retrieved from /home/victor/airflow_env/lib/python3.10/site-packages/airflow/example_dags/example_skip_dag.py
[2024-07-15T10:44:17.466+0100] {logging_mixin.py:188} INFO - [2024-07-15T10:44:17.465+0100] {dag.py:3096} INFO - Sync 1 DAGs
[2024-07-15T10:44:17.579+0100] {logging_mixin.py:188} INFO - [2024-07-15T10:44:17.578+0100] {dag.py:3954} INFO - Setting next_dagrun for example_skip_dag to 2024-07-14 00:00:00+00:00, run_after=2024-07-15 00:00:00+00:00
[2024-07-15T10:44:17.933+0100] {processor.py:183} INFO - Processing /home/victor/airflow_env/lib/python3.10/site-packages/airflow/example_dags/example_skip_dag.py took 0.701 seconds
[2024-07-15T10:46:37.682+0100] {processor.py:161} INFO - Started process (PID=32682) to work on /home/victor/airflow_env/lib/python3.10/site-packages/airflow/example_dags/example_skip_dag.py
[2024-07-15T10:46:37.687+0100] {processor.py:830} INFO - Processing file /home/victor/airflow_env/lib/python3.10/site-packages/airflow/example_dags/example_skip_dag.py for tasks to queue
[2024-07-15T10:46:37.697+0100] {logging_mixin.py:188} INFO - [2024-07-15T10:46:37.693+0100] {dagbag.py:545} INFO - Filling up the DagBag from /home/victor/airflow_env/lib/python3.10/site-packages/airflow/example_dags/example_skip_dag.py
[2024-07-15T10:46:37.738+0100] {processor.py:840} INFO - DAG(s) 'example_skip_dag' retrieved from /home/victor/airflow_env/lib/python3.10/site-packages/airflow/example_dags/example_skip_dag.py
[2024-07-15T10:46:37.860+0100] {logging_mixin.py:188} INFO - [2024-07-15T10:46:37.859+0100] {dag.py:3096} INFO - Sync 1 DAGs
[2024-07-15T10:46:37.972+0100] {logging_mixin.py:188} INFO - [2024-07-15T10:46:37.971+0100] {dag.py:3954} INFO - Setting next_dagrun for example_skip_dag to 2024-07-14 00:00:00+00:00, run_after=2024-07-15 00:00:00+00:00
[2024-07-15T10:46:38.259+0100] {processor.py:183} INFO - Processing /home/victor/airflow_env/lib/python3.10/site-packages/airflow/example_dags/example_skip_dag.py took 0.617 seconds
[2024-07-15T10:48:00.218+0100] {processor.py:161} INFO - Started process (PID=33141) to work on /home/victor/airflow_env/lib/python3.10/site-packages/airflow/example_dags/example_skip_dag.py
[2024-07-15T10:48:00.222+0100] {processor.py:830} INFO - Processing file /home/victor/airflow_env/lib/python3.10/site-packages/airflow/example_dags/example_skip_dag.py for tasks to queue
[2024-07-15T10:48:00.237+0100] {logging_mixin.py:188} INFO - [2024-07-15T10:48:00.235+0100] {dagbag.py:545} INFO - Filling up the DagBag from /home/victor/airflow_env/lib/python3.10/site-packages/airflow/example_dags/example_skip_dag.py
[2024-07-15T10:48:00.287+0100] {processor.py:840} INFO - DAG(s) 'example_skip_dag' retrieved from /home/victor/airflow_env/lib/python3.10/site-packages/airflow/example_dags/example_skip_dag.py
[2024-07-15T10:48:00.438+0100] {logging_mixin.py:188} INFO - [2024-07-15T10:48:00.437+0100] {dag.py:3096} INFO - Sync 1 DAGs
[2024-07-15T10:48:00.598+0100] {logging_mixin.py:188} INFO - [2024-07-15T10:48:00.597+0100] {dag.py:3954} INFO - Setting next_dagrun for example_skip_dag to 2024-07-14 00:00:00+00:00, run_after=2024-07-15 00:00:00+00:00
[2024-07-15T10:48:00.929+0100] {processor.py:183} INFO - Processing /home/victor/airflow_env/lib/python3.10/site-packages/airflow/example_dags/example_skip_dag.py took 0.749 seconds
[2024-07-15T10:49:23.540+0100] {processor.py:161} INFO - Started process (PID=33596) to work on /home/victor/airflow_env/lib/python3.10/site-packages/airflow/example_dags/example_skip_dag.py
[2024-07-15T10:49:23.559+0100] {processor.py:830} INFO - Processing file /home/victor/airflow_env/lib/python3.10/site-packages/airflow/example_dags/example_skip_dag.py for tasks to queue
[2024-07-15T10:49:23.590+0100] {logging_mixin.py:188} INFO - [2024-07-15T10:49:23.587+0100] {dagbag.py:545} INFO - Filling up the DagBag from /home/victor/airflow_env/lib/python3.10/site-packages/airflow/example_dags/example_skip_dag.py
[2024-07-15T10:49:23.691+0100] {processor.py:840} INFO - DAG(s) 'example_skip_dag' retrieved from /home/victor/airflow_env/lib/python3.10/site-packages/airflow/example_dags/example_skip_dag.py
[2024-07-15T10:49:24.007+0100] {logging_mixin.py:188} INFO - [2024-07-15T10:49:24.005+0100] {dag.py:3096} INFO - Sync 1 DAGs
[2024-07-15T10:49:24.200+0100] {logging_mixin.py:188} INFO - [2024-07-15T10:49:24.199+0100] {dag.py:3954} INFO - Setting next_dagrun for example_skip_dag to 2024-07-14 00:00:00+00:00, run_after=2024-07-15 00:00:00+00:00
[2024-07-15T10:49:24.729+0100] {processor.py:183} INFO - Processing /home/victor/airflow_env/lib/python3.10/site-packages/airflow/example_dags/example_skip_dag.py took 1.268 seconds
[2024-07-15T10:51:05.781+0100] {processor.py:161} INFO - Started process (PID=34452) to work on /home/victor/airflow_env/lib/python3.10/site-packages/airflow/example_dags/example_skip_dag.py
[2024-07-15T10:51:05.786+0100] {processor.py:830} INFO - Processing file /home/victor/airflow_env/lib/python3.10/site-packages/airflow/example_dags/example_skip_dag.py for tasks to queue
[2024-07-15T10:51:05.793+0100] {logging_mixin.py:188} INFO - [2024-07-15T10:51:05.792+0100] {dagbag.py:545} INFO - Filling up the DagBag from /home/victor/airflow_env/lib/python3.10/site-packages/airflow/example_dags/example_skip_dag.py
[2024-07-15T10:51:05.827+0100] {processor.py:840} INFO - DAG(s) 'example_skip_dag' retrieved from /home/victor/airflow_env/lib/python3.10/site-packages/airflow/example_dags/example_skip_dag.py
[2024-07-15T10:51:05.944+0100] {logging_mixin.py:188} INFO - [2024-07-15T10:51:05.943+0100] {dag.py:3096} INFO - Sync 1 DAGs
[2024-07-15T10:51:06.070+0100] {logging_mixin.py:188} INFO - [2024-07-15T10:51:06.069+0100] {dag.py:3954} INFO - Setting next_dagrun for example_skip_dag to 2024-07-14 00:00:00+00:00, run_after=2024-07-15 00:00:00+00:00
[2024-07-15T10:51:06.342+0100] {processor.py:183} INFO - Processing /home/victor/airflow_env/lib/python3.10/site-packages/airflow/example_dags/example_skip_dag.py took 0.588 seconds
