[2024-07-15T09:49:45.212+0100] {processor.py:161} INFO - Started process (PID=10974) to work on /home/victor/airflow_env/lib/python3.10/site-packages/airflow/example_dags/example_bash_decorator.py
[2024-07-15T09:49:45.216+0100] {processor.py:830} INFO - Processing file /home/victor/airflow_env/lib/python3.10/site-packages/airflow/example_dags/example_bash_decorator.py for tasks to queue
[2024-07-15T09:49:45.224+0100] {logging_mixin.py:188} INFO - [2024-07-15T09:49:45.223+0100] {dagbag.py:545} INFO - Filling up the DagBag from /home/victor/airflow_env/lib/python3.10/site-packages/airflow/example_dags/example_bash_decorator.py
[2024-07-15T09:49:45.290+0100] {processor.py:840} INFO - DAG(s) 'example_bash_decorator' retrieved from /home/victor/airflow_env/lib/python3.10/site-packages/airflow/example_dags/example_bash_decorator.py
[2024-07-15T09:49:46.129+0100] {logging_mixin.py:188} INFO - [2024-07-15T09:49:46.128+0100] {dag.py:3096} INFO - Sync 1 DAGs
[2024-07-15T09:49:46.177+0100] {logging_mixin.py:188} INFO - [2024-07-15T09:49:46.176+0100] {dag.py:3954} INFO - Setting next_dagrun for example_bash_decorator to None, run_after=None
[2024-07-15T09:49:46.492+0100] {processor.py:183} INFO - Processing /home/victor/airflow_env/lib/python3.10/site-packages/airflow/example_dags/example_bash_decorator.py took 1.306 seconds
[2024-07-15T09:52:26.124+0100] {processor.py:161} INFO - Started process (PID=11969) to work on /home/victor/airflow_env/lib/python3.10/site-packages/airflow/example_dags/example_bash_decorator.py
[2024-07-15T09:52:26.129+0100] {processor.py:830} INFO - Processing file /home/victor/airflow_env/lib/python3.10/site-packages/airflow/example_dags/example_bash_decorator.py for tasks to queue
[2024-07-15T09:52:26.141+0100] {logging_mixin.py:188} INFO - [2024-07-15T09:52:26.139+0100] {dagbag.py:545} INFO - Filling up the DagBag from /home/victor/airflow_env/lib/python3.10/site-packages/airflow/example_dags/example_bash_decorator.py
[2024-07-15T09:52:26.252+0100] {processor.py:840} INFO - DAG(s) 'example_bash_decorator' retrieved from /home/victor/airflow_env/lib/python3.10/site-packages/airflow/example_dags/example_bash_decorator.py
[2024-07-15T09:52:26.386+0100] {logging_mixin.py:188} INFO - [2024-07-15T09:52:26.385+0100] {dag.py:3096} INFO - Sync 1 DAGs
[2024-07-15T09:52:26.777+0100] {logging_mixin.py:188} INFO - [2024-07-15T09:52:26.776+0100] {dag.py:3954} INFO - Setting next_dagrun for example_bash_decorator to None, run_after=None
[2024-07-15T09:52:27.750+0100] {processor.py:183} INFO - Processing /home/victor/airflow_env/lib/python3.10/site-packages/airflow/example_dags/example_bash_decorator.py took 1.655 seconds
[2024-07-15T09:56:18.363+0100] {processor.py:161} INFO - Started process (PID=13586) to work on /home/victor/airflow_env/lib/python3.10/site-packages/airflow/example_dags/example_bash_decorator.py
[2024-07-15T09:56:18.367+0100] {processor.py:830} INFO - Processing file /home/victor/airflow_env/lib/python3.10/site-packages/airflow/example_dags/example_bash_decorator.py for tasks to queue
[2024-07-15T09:56:18.375+0100] {logging_mixin.py:188} INFO - [2024-07-15T09:56:18.373+0100] {dagbag.py:545} INFO - Filling up the DagBag from /home/victor/airflow_env/lib/python3.10/site-packages/airflow/example_dags/example_bash_decorator.py
[2024-07-15T09:56:18.451+0100] {processor.py:840} INFO - DAG(s) 'example_bash_decorator' retrieved from /home/victor/airflow_env/lib/python3.10/site-packages/airflow/example_dags/example_bash_decorator.py
[2024-07-15T09:56:18.581+0100] {logging_mixin.py:188} INFO - [2024-07-15T09:56:18.580+0100] {dag.py:3096} INFO - Sync 1 DAGs
[2024-07-15T09:56:18.670+0100] {logging_mixin.py:188} INFO - [2024-07-15T09:56:18.667+0100] {dag.py:3954} INFO - Setting next_dagrun for example_bash_decorator to None, run_after=None
[2024-07-15T09:56:19.084+0100] {processor.py:183} INFO - Processing /home/victor/airflow_env/lib/python3.10/site-packages/airflow/example_dags/example_bash_decorator.py took 0.750 seconds
[2024-07-15T09:59:27.076+0100] {processor.py:161} INFO - Started process (PID=14819) to work on /home/victor/airflow_env/lib/python3.10/site-packages/airflow/example_dags/example_bash_decorator.py
[2024-07-15T09:59:27.080+0100] {processor.py:830} INFO - Processing file /home/victor/airflow_env/lib/python3.10/site-packages/airflow/example_dags/example_bash_decorator.py for tasks to queue
[2024-07-15T09:59:27.088+0100] {logging_mixin.py:188} INFO - [2024-07-15T09:59:27.086+0100] {dagbag.py:545} INFO - Filling up the DagBag from /home/victor/airflow_env/lib/python3.10/site-packages/airflow/example_dags/example_bash_decorator.py
[2024-07-15T09:59:27.227+0100] {processor.py:840} INFO - DAG(s) 'example_bash_decorator' retrieved from /home/victor/airflow_env/lib/python3.10/site-packages/airflow/example_dags/example_bash_decorator.py
[2024-07-15T09:59:27.393+0100] {logging_mixin.py:188} INFO - [2024-07-15T09:59:27.392+0100] {dag.py:3096} INFO - Sync 1 DAGs
[2024-07-15T09:59:27.501+0100] {logging_mixin.py:188} INFO - [2024-07-15T09:59:27.500+0100] {dag.py:3954} INFO - Setting next_dagrun for example_bash_decorator to None, run_after=None
[2024-07-15T09:59:27.925+0100] {processor.py:183} INFO - Processing /home/victor/airflow_env/lib/python3.10/site-packages/airflow/example_dags/example_bash_decorator.py took 0.878 seconds
[2024-07-15T10:02:11.108+0100] {processor.py:161} INFO - Started process (PID=16108) to work on /home/victor/airflow_env/lib/python3.10/site-packages/airflow/example_dags/example_bash_decorator.py
[2024-07-15T10:02:11.116+0100] {processor.py:830} INFO - Processing file /home/victor/airflow_env/lib/python3.10/site-packages/airflow/example_dags/example_bash_decorator.py for tasks to queue
[2024-07-15T10:02:11.132+0100] {logging_mixin.py:188} INFO - [2024-07-15T10:02:11.129+0100] {dagbag.py:545} INFO - Filling up the DagBag from /home/victor/airflow_env/lib/python3.10/site-packages/airflow/example_dags/example_bash_decorator.py
[2024-07-15T10:02:11.229+0100] {processor.py:840} INFO - DAG(s) 'example_bash_decorator' retrieved from /home/victor/airflow_env/lib/python3.10/site-packages/airflow/example_dags/example_bash_decorator.py
[2024-07-15T10:02:11.343+0100] {logging_mixin.py:188} INFO - [2024-07-15T10:02:11.342+0100] {dag.py:3096} INFO - Sync 1 DAGs
[2024-07-15T10:02:11.411+0100] {logging_mixin.py:188} INFO - [2024-07-15T10:02:11.411+0100] {dag.py:3954} INFO - Setting next_dagrun for example_bash_decorator to None, run_after=None
[2024-07-15T10:02:11.739+0100] {processor.py:183} INFO - Processing /home/victor/airflow_env/lib/python3.10/site-packages/airflow/example_dags/example_bash_decorator.py took 0.700 seconds
[2024-07-15T10:04:38.499+0100] {processor.py:161} INFO - Started process (PID=17181) to work on /home/victor/airflow_env/lib/python3.10/site-packages/airflow/example_dags/example_bash_decorator.py
[2024-07-15T10:04:38.503+0100] {processor.py:830} INFO - Processing file /home/victor/airflow_env/lib/python3.10/site-packages/airflow/example_dags/example_bash_decorator.py for tasks to queue
[2024-07-15T10:04:38.514+0100] {logging_mixin.py:188} INFO - [2024-07-15T10:04:38.511+0100] {dagbag.py:545} INFO - Filling up the DagBag from /home/victor/airflow_env/lib/python3.10/site-packages/airflow/example_dags/example_bash_decorator.py
[2024-07-15T10:04:38.591+0100] {processor.py:840} INFO - DAG(s) 'example_bash_decorator' retrieved from /home/victor/airflow_env/lib/python3.10/site-packages/airflow/example_dags/example_bash_decorator.py
[2024-07-15T10:04:38.734+0100] {logging_mixin.py:188} INFO - [2024-07-15T10:04:38.733+0100] {dag.py:3096} INFO - Sync 1 DAGs
[2024-07-15T10:04:38.793+0100] {logging_mixin.py:188} INFO - [2024-07-15T10:04:38.792+0100] {dag.py:3954} INFO - Setting next_dagrun for example_bash_decorator to None, run_after=None
[2024-07-15T10:04:39.121+0100] {processor.py:183} INFO - Processing /home/victor/airflow_env/lib/python3.10/site-packages/airflow/example_dags/example_bash_decorator.py took 0.658 seconds
[2024-07-15T10:07:40.476+0100] {processor.py:161} INFO - Started process (PID=18415) to work on /home/victor/airflow_env/lib/python3.10/site-packages/airflow/example_dags/example_bash_decorator.py
[2024-07-15T10:07:40.482+0100] {processor.py:830} INFO - Processing file /home/victor/airflow_env/lib/python3.10/site-packages/airflow/example_dags/example_bash_decorator.py for tasks to queue
[2024-07-15T10:07:40.490+0100] {logging_mixin.py:188} INFO - [2024-07-15T10:07:40.488+0100] {dagbag.py:545} INFO - Filling up the DagBag from /home/victor/airflow_env/lib/python3.10/site-packages/airflow/example_dags/example_bash_decorator.py
[2024-07-15T10:07:40.579+0100] {processor.py:840} INFO - DAG(s) 'example_bash_decorator' retrieved from /home/victor/airflow_env/lib/python3.10/site-packages/airflow/example_dags/example_bash_decorator.py
[2024-07-15T10:07:40.744+0100] {logging_mixin.py:188} INFO - [2024-07-15T10:07:40.743+0100] {dag.py:3096} INFO - Sync 1 DAGs
[2024-07-15T10:07:40.867+0100] {logging_mixin.py:188} INFO - [2024-07-15T10:07:40.866+0100] {dag.py:3954} INFO - Setting next_dagrun for example_bash_decorator to None, run_after=None
[2024-07-15T10:07:41.246+0100] {processor.py:183} INFO - Processing /home/victor/airflow_env/lib/python3.10/site-packages/airflow/example_dags/example_bash_decorator.py took 0.808 seconds
[2024-07-15T10:10:40.665+0100] {processor.py:161} INFO - Started process (PID=19577) to work on /home/victor/airflow_env/lib/python3.10/site-packages/airflow/example_dags/example_bash_decorator.py
[2024-07-15T10:10:40.670+0100] {processor.py:830} INFO - Processing file /home/victor/airflow_env/lib/python3.10/site-packages/airflow/example_dags/example_bash_decorator.py for tasks to queue
[2024-07-15T10:10:40.678+0100] {logging_mixin.py:188} INFO - [2024-07-15T10:10:40.676+0100] {dagbag.py:545} INFO - Filling up the DagBag from /home/victor/airflow_env/lib/python3.10/site-packages/airflow/example_dags/example_bash_decorator.py
[2024-07-15T10:10:40.759+0100] {processor.py:840} INFO - DAG(s) 'example_bash_decorator' retrieved from /home/victor/airflow_env/lib/python3.10/site-packages/airflow/example_dags/example_bash_decorator.py
[2024-07-15T10:10:40.937+0100] {logging_mixin.py:188} INFO - [2024-07-15T10:10:40.930+0100] {dag.py:3096} INFO - Sync 1 DAGs
[2024-07-15T10:10:41.155+0100] {logging_mixin.py:188} INFO - [2024-07-15T10:10:41.153+0100] {dag.py:3954} INFO - Setting next_dagrun for example_bash_decorator to None, run_after=None
[2024-07-15T10:10:41.839+0100] {processor.py:183} INFO - Processing /home/victor/airflow_env/lib/python3.10/site-packages/airflow/example_dags/example_bash_decorator.py took 1.206 seconds
[2024-07-15T10:13:27.275+0100] {processor.py:161} INFO - Started process (PID=20469) to work on /home/victor/airflow_env/lib/python3.10/site-packages/airflow/example_dags/example_bash_decorator.py
[2024-07-15T10:13:27.279+0100] {processor.py:830} INFO - Processing file /home/victor/airflow_env/lib/python3.10/site-packages/airflow/example_dags/example_bash_decorator.py for tasks to queue
[2024-07-15T10:13:27.286+0100] {logging_mixin.py:188} INFO - [2024-07-15T10:13:27.285+0100] {dagbag.py:545} INFO - Filling up the DagBag from /home/victor/airflow_env/lib/python3.10/site-packages/airflow/example_dags/example_bash_decorator.py
[2024-07-15T10:13:27.382+0100] {processor.py:840} INFO - DAG(s) 'example_bash_decorator' retrieved from /home/victor/airflow_env/lib/python3.10/site-packages/airflow/example_dags/example_bash_decorator.py
[2024-07-15T10:13:27.559+0100] {logging_mixin.py:188} INFO - [2024-07-15T10:13:27.558+0100] {dag.py:3096} INFO - Sync 1 DAGs
[2024-07-15T10:13:27.661+0100] {logging_mixin.py:188} INFO - [2024-07-15T10:13:27.661+0100] {dag.py:3954} INFO - Setting next_dagrun for example_bash_decorator to None, run_after=None
[2024-07-15T10:13:28.127+0100] {processor.py:183} INFO - Processing /home/victor/airflow_env/lib/python3.10/site-packages/airflow/example_dags/example_bash_decorator.py took 0.880 seconds
[2024-07-15T10:16:26.598+0100] {processor.py:161} INFO - Started process (PID=21505) to work on /home/victor/airflow_env/lib/python3.10/site-packages/airflow/example_dags/example_bash_decorator.py
[2024-07-15T10:16:26.602+0100] {processor.py:830} INFO - Processing file /home/victor/airflow_env/lib/python3.10/site-packages/airflow/example_dags/example_bash_decorator.py for tasks to queue
[2024-07-15T10:16:26.609+0100] {logging_mixin.py:188} INFO - [2024-07-15T10:16:26.608+0100] {dagbag.py:545} INFO - Filling up the DagBag from /home/victor/airflow_env/lib/python3.10/site-packages/airflow/example_dags/example_bash_decorator.py
[2024-07-15T10:16:26.675+0100] {processor.py:840} INFO - DAG(s) 'example_bash_decorator' retrieved from /home/victor/airflow_env/lib/python3.10/site-packages/airflow/example_dags/example_bash_decorator.py
[2024-07-15T10:16:26.801+0100] {logging_mixin.py:188} INFO - [2024-07-15T10:16:26.800+0100] {dag.py:3096} INFO - Sync 1 DAGs
[2024-07-15T10:16:26.877+0100] {logging_mixin.py:188} INFO - [2024-07-15T10:16:26.876+0100] {dag.py:3954} INFO - Setting next_dagrun for example_bash_decorator to None, run_after=None
[2024-07-15T10:16:27.191+0100] {processor.py:183} INFO - Processing /home/victor/airflow_env/lib/python3.10/site-packages/airflow/example_dags/example_bash_decorator.py took 0.627 seconds
[2024-07-15T10:19:22.125+0100] {processor.py:161} INFO - Started process (PID=22680) to work on /home/victor/airflow_env/lib/python3.10/site-packages/airflow/example_dags/example_bash_decorator.py
[2024-07-15T10:19:22.136+0100] {processor.py:830} INFO - Processing file /home/victor/airflow_env/lib/python3.10/site-packages/airflow/example_dags/example_bash_decorator.py for tasks to queue
[2024-07-15T10:19:22.148+0100] {logging_mixin.py:188} INFO - [2024-07-15T10:19:22.147+0100] {dagbag.py:545} INFO - Filling up the DagBag from /home/victor/airflow_env/lib/python3.10/site-packages/airflow/example_dags/example_bash_decorator.py
[2024-07-15T10:19:22.246+0100] {processor.py:840} INFO - DAG(s) 'example_bash_decorator' retrieved from /home/victor/airflow_env/lib/python3.10/site-packages/airflow/example_dags/example_bash_decorator.py
[2024-07-15T10:19:22.369+0100] {logging_mixin.py:188} INFO - [2024-07-15T10:19:22.368+0100] {dag.py:3096} INFO - Sync 1 DAGs
[2024-07-15T10:19:22.473+0100] {logging_mixin.py:188} INFO - [2024-07-15T10:19:22.471+0100] {dag.py:3954} INFO - Setting next_dagrun for example_bash_decorator to None, run_after=None
[2024-07-15T10:19:22.873+0100] {processor.py:183} INFO - Processing /home/victor/airflow_env/lib/python3.10/site-packages/airflow/example_dags/example_bash_decorator.py took 0.809 seconds
[2024-07-15T10:23:06.384+0100] {processor.py:161} INFO - Started process (PID=24440) to work on /home/victor/airflow_env/lib/python3.10/site-packages/airflow/example_dags/example_bash_decorator.py
[2024-07-15T10:23:06.392+0100] {processor.py:830} INFO - Processing file /home/victor/airflow_env/lib/python3.10/site-packages/airflow/example_dags/example_bash_decorator.py for tasks to queue
[2024-07-15T10:23:06.408+0100] {logging_mixin.py:188} INFO - [2024-07-15T10:23:06.406+0100] {dagbag.py:545} INFO - Filling up the DagBag from /home/victor/airflow_env/lib/python3.10/site-packages/airflow/example_dags/example_bash_decorator.py
[2024-07-15T10:23:06.565+0100] {processor.py:840} INFO - DAG(s) 'example_bash_decorator' retrieved from /home/victor/airflow_env/lib/python3.10/site-packages/airflow/example_dags/example_bash_decorator.py
[2024-07-15T10:23:06.970+0100] {logging_mixin.py:188} INFO - [2024-07-15T10:23:06.969+0100] {dag.py:3096} INFO - Sync 1 DAGs
[2024-07-15T10:23:07.464+0100] {logging_mixin.py:188} INFO - [2024-07-15T10:23:07.449+0100] {dag.py:3954} INFO - Setting next_dagrun for example_bash_decorator to None, run_after=None
[2024-07-15T10:23:10.917+0100] {processor.py:183} INFO - Processing /home/victor/airflow_env/lib/python3.10/site-packages/airflow/example_dags/example_bash_decorator.py took 4.622 seconds
[2024-07-15T10:26:48.780+0100] {processor.py:161} INFO - Started process (PID=26093) to work on /home/victor/airflow_env/lib/python3.10/site-packages/airflow/example_dags/example_bash_decorator.py
[2024-07-15T10:26:48.785+0100] {processor.py:830} INFO - Processing file /home/victor/airflow_env/lib/python3.10/site-packages/airflow/example_dags/example_bash_decorator.py for tasks to queue
[2024-07-15T10:26:48.793+0100] {logging_mixin.py:188} INFO - [2024-07-15T10:26:48.791+0100] {dagbag.py:545} INFO - Filling up the DagBag from /home/victor/airflow_env/lib/python3.10/site-packages/airflow/example_dags/example_bash_decorator.py
[2024-07-15T10:26:48.902+0100] {processor.py:840} INFO - DAG(s) 'example_bash_decorator' retrieved from /home/victor/airflow_env/lib/python3.10/site-packages/airflow/example_dags/example_bash_decorator.py
[2024-07-15T10:26:49.068+0100] {logging_mixin.py:188} INFO - [2024-07-15T10:26:49.067+0100] {dag.py:3096} INFO - Sync 1 DAGs
[2024-07-15T10:26:49.208+0100] {logging_mixin.py:188} INFO - [2024-07-15T10:26:49.206+0100] {dag.py:3954} INFO - Setting next_dagrun for example_bash_decorator to None, run_after=None
[2024-07-15T10:26:49.870+0100] {processor.py:183} INFO - Processing /home/victor/airflow_env/lib/python3.10/site-packages/airflow/example_dags/example_bash_decorator.py took 1.143 seconds
[2024-07-15T10:29:53.087+0100] {processor.py:161} INFO - Started process (PID=27094) to work on /home/victor/airflow_env/lib/python3.10/site-packages/airflow/example_dags/example_bash_decorator.py
[2024-07-15T10:29:53.091+0100] {processor.py:830} INFO - Processing file /home/victor/airflow_env/lib/python3.10/site-packages/airflow/example_dags/example_bash_decorator.py for tasks to queue
[2024-07-15T10:29:53.098+0100] {logging_mixin.py:188} INFO - [2024-07-15T10:29:53.097+0100] {dagbag.py:545} INFO - Filling up the DagBag from /home/victor/airflow_env/lib/python3.10/site-packages/airflow/example_dags/example_bash_decorator.py
[2024-07-15T10:29:53.162+0100] {processor.py:840} INFO - DAG(s) 'example_bash_decorator' retrieved from /home/victor/airflow_env/lib/python3.10/site-packages/airflow/example_dags/example_bash_decorator.py
[2024-07-15T10:29:53.282+0100] {logging_mixin.py:188} INFO - [2024-07-15T10:29:53.281+0100] {dag.py:3096} INFO - Sync 1 DAGs
[2024-07-15T10:29:53.352+0100] {logging_mixin.py:188} INFO - [2024-07-15T10:29:53.350+0100] {dag.py:3954} INFO - Setting next_dagrun for example_bash_decorator to None, run_after=None
[2024-07-15T10:29:53.681+0100] {processor.py:183} INFO - Processing /home/victor/airflow_env/lib/python3.10/site-packages/airflow/example_dags/example_bash_decorator.py took 0.621 seconds
[2024-07-15T10:32:34.975+0100] {processor.py:161} INFO - Started process (PID=27956) to work on /home/victor/airflow_env/lib/python3.10/site-packages/airflow/example_dags/example_bash_decorator.py
[2024-07-15T10:32:34.981+0100] {processor.py:830} INFO - Processing file /home/victor/airflow_env/lib/python3.10/site-packages/airflow/example_dags/example_bash_decorator.py for tasks to queue
[2024-07-15T10:32:34.990+0100] {logging_mixin.py:188} INFO - [2024-07-15T10:32:34.988+0100] {dagbag.py:545} INFO - Filling up the DagBag from /home/victor/airflow_env/lib/python3.10/site-packages/airflow/example_dags/example_bash_decorator.py
[2024-07-15T10:32:35.070+0100] {processor.py:840} INFO - DAG(s) 'example_bash_decorator' retrieved from /home/victor/airflow_env/lib/python3.10/site-packages/airflow/example_dags/example_bash_decorator.py
[2024-07-15T10:32:35.199+0100] {logging_mixin.py:188} INFO - [2024-07-15T10:32:35.198+0100] {dag.py:3096} INFO - Sync 1 DAGs
[2024-07-15T10:32:35.278+0100] {logging_mixin.py:188} INFO - [2024-07-15T10:32:35.277+0100] {dag.py:3954} INFO - Setting next_dagrun for example_bash_decorator to None, run_after=None
[2024-07-15T10:32:35.570+0100] {processor.py:183} INFO - Processing /home/victor/airflow_env/lib/python3.10/site-packages/airflow/example_dags/example_bash_decorator.py took 0.623 seconds
[2024-07-15T10:35:28.543+0100] {processor.py:161} INFO - Started process (PID=29096) to work on /home/victor/airflow_env/lib/python3.10/site-packages/airflow/example_dags/example_bash_decorator.py
[2024-07-15T10:35:28.547+0100] {processor.py:830} INFO - Processing file /home/victor/airflow_env/lib/python3.10/site-packages/airflow/example_dags/example_bash_decorator.py for tasks to queue
[2024-07-15T10:35:28.555+0100] {logging_mixin.py:188} INFO - [2024-07-15T10:35:28.553+0100] {dagbag.py:545} INFO - Filling up the DagBag from /home/victor/airflow_env/lib/python3.10/site-packages/airflow/example_dags/example_bash_decorator.py
[2024-07-15T10:35:28.623+0100] {processor.py:840} INFO - DAG(s) 'example_bash_decorator' retrieved from /home/victor/airflow_env/lib/python3.10/site-packages/airflow/example_dags/example_bash_decorator.py
[2024-07-15T10:35:28.728+0100] {logging_mixin.py:188} INFO - [2024-07-15T10:35:28.727+0100] {dag.py:3096} INFO - Sync 1 DAGs
[2024-07-15T10:35:28.790+0100] {logging_mixin.py:188} INFO - [2024-07-15T10:35:28.789+0100] {dag.py:3954} INFO - Setting next_dagrun for example_bash_decorator to None, run_after=None
[2024-07-15T10:35:29.123+0100] {processor.py:183} INFO - Processing /home/victor/airflow_env/lib/python3.10/site-packages/airflow/example_dags/example_bash_decorator.py took 0.608 seconds
[2024-07-15T10:38:19.841+0100] {processor.py:161} INFO - Started process (PID=30086) to work on /home/victor/airflow_env/lib/python3.10/site-packages/airflow/example_dags/example_bash_decorator.py
[2024-07-15T10:38:19.845+0100] {processor.py:830} INFO - Processing file /home/victor/airflow_env/lib/python3.10/site-packages/airflow/example_dags/example_bash_decorator.py for tasks to queue
[2024-07-15T10:38:19.853+0100] {logging_mixin.py:188} INFO - [2024-07-15T10:38:19.852+0100] {dagbag.py:545} INFO - Filling up the DagBag from /home/victor/airflow_env/lib/python3.10/site-packages/airflow/example_dags/example_bash_decorator.py
[2024-07-15T10:38:19.924+0100] {processor.py:840} INFO - DAG(s) 'example_bash_decorator' retrieved from /home/victor/airflow_env/lib/python3.10/site-packages/airflow/example_dags/example_bash_decorator.py
[2024-07-15T10:38:20.095+0100] {logging_mixin.py:188} INFO - [2024-07-15T10:38:20.094+0100] {dag.py:3096} INFO - Sync 1 DAGs
[2024-07-15T10:38:20.184+0100] {logging_mixin.py:188} INFO - [2024-07-15T10:38:20.184+0100] {dag.py:3954} INFO - Setting next_dagrun for example_bash_decorator to None, run_after=None
[2024-07-15T10:38:20.520+0100] {processor.py:183} INFO - Processing /home/victor/airflow_env/lib/python3.10/site-packages/airflow/example_dags/example_bash_decorator.py took 0.713 seconds
[2024-07-15T10:40:47.689+0100] {processor.py:161} INFO - Started process (PID=30845) to work on /home/victor/airflow_env/lib/python3.10/site-packages/airflow/example_dags/example_bash_decorator.py
[2024-07-15T10:40:47.694+0100] {processor.py:830} INFO - Processing file /home/victor/airflow_env/lib/python3.10/site-packages/airflow/example_dags/example_bash_decorator.py for tasks to queue
[2024-07-15T10:40:47.702+0100] {logging_mixin.py:188} INFO - [2024-07-15T10:40:47.700+0100] {dagbag.py:545} INFO - Filling up the DagBag from /home/victor/airflow_env/lib/python3.10/site-packages/airflow/example_dags/example_bash_decorator.py
[2024-07-15T10:40:47.770+0100] {processor.py:840} INFO - DAG(s) 'example_bash_decorator' retrieved from /home/victor/airflow_env/lib/python3.10/site-packages/airflow/example_dags/example_bash_decorator.py
[2024-07-15T10:40:47.898+0100] {logging_mixin.py:188} INFO - [2024-07-15T10:40:47.897+0100] {dag.py:3096} INFO - Sync 1 DAGs
[2024-07-15T10:40:47.964+0100] {logging_mixin.py:188} INFO - [2024-07-15T10:40:47.963+0100] {dag.py:3954} INFO - Setting next_dagrun for example_bash_decorator to None, run_after=None
[2024-07-15T10:40:48.234+0100] {processor.py:183} INFO - Processing /home/victor/airflow_env/lib/python3.10/site-packages/airflow/example_dags/example_bash_decorator.py took 0.571 seconds
[2024-07-15T10:43:23.768+0100] {processor.py:161} INFO - Started process (PID=31677) to work on /home/victor/airflow_env/lib/python3.10/site-packages/airflow/example_dags/example_bash_decorator.py
[2024-07-15T10:43:23.777+0100] {processor.py:830} INFO - Processing file /home/victor/airflow_env/lib/python3.10/site-packages/airflow/example_dags/example_bash_decorator.py for tasks to queue
[2024-07-15T10:43:23.798+0100] {logging_mixin.py:188} INFO - [2024-07-15T10:43:23.786+0100] {dagbag.py:545} INFO - Filling up the DagBag from /home/victor/airflow_env/lib/python3.10/site-packages/airflow/example_dags/example_bash_decorator.py
[2024-07-15T10:43:23.915+0100] {processor.py:840} INFO - DAG(s) 'example_bash_decorator' retrieved from /home/victor/airflow_env/lib/python3.10/site-packages/airflow/example_dags/example_bash_decorator.py
[2024-07-15T10:43:24.072+0100] {logging_mixin.py:188} INFO - [2024-07-15T10:43:24.071+0100] {dag.py:3096} INFO - Sync 1 DAGs
[2024-07-15T10:43:24.150+0100] {logging_mixin.py:188} INFO - [2024-07-15T10:43:24.149+0100] {dag.py:3954} INFO - Setting next_dagrun for example_bash_decorator to None, run_after=None
[2024-07-15T10:43:24.468+0100] {processor.py:183} INFO - Processing /home/victor/airflow_env/lib/python3.10/site-packages/airflow/example_dags/example_bash_decorator.py took 0.739 seconds
[2024-07-15T10:45:49.343+0100] {processor.py:161} INFO - Started process (PID=32432) to work on /home/victor/airflow_env/lib/python3.10/site-packages/airflow/example_dags/example_bash_decorator.py
[2024-07-15T10:45:49.348+0100] {processor.py:830} INFO - Processing file /home/victor/airflow_env/lib/python3.10/site-packages/airflow/example_dags/example_bash_decorator.py for tasks to queue
[2024-07-15T10:45:49.356+0100] {logging_mixin.py:188} INFO - [2024-07-15T10:45:49.354+0100] {dagbag.py:545} INFO - Filling up the DagBag from /home/victor/airflow_env/lib/python3.10/site-packages/airflow/example_dags/example_bash_decorator.py
[2024-07-15T10:45:49.418+0100] {processor.py:840} INFO - DAG(s) 'example_bash_decorator' retrieved from /home/victor/airflow_env/lib/python3.10/site-packages/airflow/example_dags/example_bash_decorator.py
[2024-07-15T10:45:49.589+0100] {logging_mixin.py:188} INFO - [2024-07-15T10:45:49.588+0100] {dag.py:3096} INFO - Sync 1 DAGs
[2024-07-15T10:45:49.666+0100] {logging_mixin.py:188} INFO - [2024-07-15T10:45:49.665+0100] {dag.py:3954} INFO - Setting next_dagrun for example_bash_decorator to None, run_after=None
[2024-07-15T10:45:49.951+0100] {processor.py:183} INFO - Processing /home/victor/airflow_env/lib/python3.10/site-packages/airflow/example_dags/example_bash_decorator.py took 0.636 seconds
[2024-07-15T10:48:26.363+0100] {processor.py:161} INFO - Started process (PID=33274) to work on /home/victor/airflow_env/lib/python3.10/site-packages/airflow/example_dags/example_bash_decorator.py
[2024-07-15T10:48:26.369+0100] {processor.py:830} INFO - Processing file /home/victor/airflow_env/lib/python3.10/site-packages/airflow/example_dags/example_bash_decorator.py for tasks to queue
[2024-07-15T10:48:26.376+0100] {logging_mixin.py:188} INFO - [2024-07-15T10:48:26.375+0100] {dagbag.py:545} INFO - Filling up the DagBag from /home/victor/airflow_env/lib/python3.10/site-packages/airflow/example_dags/example_bash_decorator.py
[2024-07-15T10:48:26.445+0100] {processor.py:840} INFO - DAG(s) 'example_bash_decorator' retrieved from /home/victor/airflow_env/lib/python3.10/site-packages/airflow/example_dags/example_bash_decorator.py
[2024-07-15T10:48:26.570+0100] {logging_mixin.py:188} INFO - [2024-07-15T10:48:26.569+0100] {dag.py:3096} INFO - Sync 1 DAGs
[2024-07-15T10:48:26.641+0100] {logging_mixin.py:188} INFO - [2024-07-15T10:48:26.640+0100] {dag.py:3954} INFO - Setting next_dagrun for example_bash_decorator to None, run_after=None
[2024-07-15T10:48:26.928+0100] {processor.py:183} INFO - Processing /home/victor/airflow_env/lib/python3.10/site-packages/airflow/example_dags/example_bash_decorator.py took 0.592 seconds
