[2024-07-15T09:48:10.728+0100] {processor.py:161} INFO - Started process (PID=10133) to work on /home/victor/airflow_env/lib/python3.10/site-packages/airflow/example_dags/example_sensors.py
[2024-07-15T09:48:10.733+0100] {processor.py:830} INFO - Processing file /home/victor/airflow_env/lib/python3.10/site-packages/airflow/example_dags/example_sensors.py for tasks to queue
[2024-07-15T09:48:10.741+0100] {logging_mixin.py:188} INFO - [2024-07-15T09:48:10.740+0100] {dagbag.py:545} INFO - Filling up the DagBag from /home/victor/airflow_env/lib/python3.10/site-packages/airflow/example_dags/example_sensors.py
[2024-07-15T09:48:10.810+0100] {processor.py:840} INFO - DAG(s) 'example_sensors' retrieved from /home/victor/airflow_env/lib/python3.10/site-packages/airflow/example_dags/example_sensors.py
[2024-07-15T09:48:11.000+0100] {logging_mixin.py:188} INFO - [2024-07-15T09:48:10.998+0100] {dag.py:3096} INFO - Sync 1 DAGs
[2024-07-15T09:48:11.082+0100] {logging_mixin.py:188} INFO - [2024-07-15T09:48:11.081+0100] {dag.py:3954} INFO - Setting next_dagrun for example_sensors to None, run_after=None
[2024-07-15T09:48:11.528+0100] {processor.py:183} INFO - Processing /home/victor/airflow_env/lib/python3.10/site-packages/airflow/example_dags/example_sensors.py took 0.837 seconds
[2024-07-15T09:50:30.888+0100] {processor.py:161} INFO - Started process (PID=11219) to work on /home/victor/airflow_env/lib/python3.10/site-packages/airflow/example_dags/example_sensors.py
[2024-07-15T09:50:30.896+0100] {processor.py:830} INFO - Processing file /home/victor/airflow_env/lib/python3.10/site-packages/airflow/example_dags/example_sensors.py for tasks to queue
[2024-07-15T09:50:30.920+0100] {logging_mixin.py:188} INFO - [2024-07-15T09:50:30.909+0100] {dagbag.py:545} INFO - Filling up the DagBag from /home/victor/airflow_env/lib/python3.10/site-packages/airflow/example_dags/example_sensors.py
[2024-07-15T09:50:31.032+0100] {processor.py:840} INFO - DAG(s) 'example_sensors' retrieved from /home/victor/airflow_env/lib/python3.10/site-packages/airflow/example_dags/example_sensors.py
[2024-07-15T09:50:31.323+0100] {logging_mixin.py:188} INFO - [2024-07-15T09:50:31.323+0100] {dag.py:3096} INFO - Sync 1 DAGs
[2024-07-15T09:50:31.476+0100] {logging_mixin.py:188} INFO - [2024-07-15T09:50:31.475+0100] {dag.py:3954} INFO - Setting next_dagrun for example_sensors to None, run_after=None
[2024-07-15T09:50:33.077+0100] {processor.py:183} INFO - Processing /home/victor/airflow_env/lib/python3.10/site-packages/airflow/example_dags/example_sensors.py took 2.263 seconds
[2024-07-15T09:51:50.096+0100] {processor.py:161} INFO - Started process (PID=11692) to work on /home/victor/airflow_env/lib/python3.10/site-packages/airflow/example_dags/example_sensors.py
[2024-07-15T09:51:50.100+0100] {processor.py:830} INFO - Processing file /home/victor/airflow_env/lib/python3.10/site-packages/airflow/example_dags/example_sensors.py for tasks to queue
[2024-07-15T09:51:50.108+0100] {logging_mixin.py:188} INFO - [2024-07-15T09:51:50.107+0100] {dagbag.py:545} INFO - Filling up the DagBag from /home/victor/airflow_env/lib/python3.10/site-packages/airflow/example_dags/example_sensors.py
[2024-07-15T09:51:50.156+0100] {processor.py:840} INFO - DAG(s) 'example_sensors' retrieved from /home/victor/airflow_env/lib/python3.10/site-packages/airflow/example_dags/example_sensors.py
[2024-07-15T09:51:50.276+0100] {logging_mixin.py:188} INFO - [2024-07-15T09:51:50.275+0100] {dag.py:3096} INFO - Sync 1 DAGs
[2024-07-15T09:51:50.334+0100] {logging_mixin.py:188} INFO - [2024-07-15T09:51:50.333+0100] {dag.py:3954} INFO - Setting next_dagrun for example_sensors to None, run_after=None
[2024-07-15T09:51:50.647+0100] {processor.py:183} INFO - Processing /home/victor/airflow_env/lib/python3.10/site-packages/airflow/example_dags/example_sensors.py took 0.574 seconds
[2024-07-15T09:53:44.739+0100] {processor.py:161} INFO - Started process (PID=12398) to work on /home/victor/airflow_env/lib/python3.10/site-packages/airflow/example_dags/example_sensors.py
[2024-07-15T09:53:44.748+0100] {processor.py:830} INFO - Processing file /home/victor/airflow_env/lib/python3.10/site-packages/airflow/example_dags/example_sensors.py for tasks to queue
[2024-07-15T09:53:44.770+0100] {logging_mixin.py:188} INFO - [2024-07-15T09:53:44.767+0100] {dagbag.py:545} INFO - Filling up the DagBag from /home/victor/airflow_env/lib/python3.10/site-packages/airflow/example_dags/example_sensors.py
[2024-07-15T09:53:44.857+0100] {processor.py:840} INFO - DAG(s) 'example_sensors' retrieved from /home/victor/airflow_env/lib/python3.10/site-packages/airflow/example_dags/example_sensors.py
[2024-07-15T09:53:45.635+0100] {logging_mixin.py:188} INFO - [2024-07-15T09:53:45.634+0100] {dag.py:3096} INFO - Sync 1 DAGs
[2024-07-15T09:53:45.732+0100] {logging_mixin.py:188} INFO - [2024-07-15T09:53:45.731+0100] {dag.py:3954} INFO - Setting next_dagrun for example_sensors to None, run_after=None
[2024-07-15T09:53:46.252+0100] {processor.py:183} INFO - Processing /home/victor/airflow_env/lib/python3.10/site-packages/airflow/example_dags/example_sensors.py took 1.588 seconds
[2024-07-15T09:55:39.365+0100] {processor.py:161} INFO - Started process (PID=13256) to work on /home/victor/airflow_env/lib/python3.10/site-packages/airflow/example_dags/example_sensors.py
[2024-07-15T09:55:39.369+0100] {processor.py:830} INFO - Processing file /home/victor/airflow_env/lib/python3.10/site-packages/airflow/example_dags/example_sensors.py for tasks to queue
[2024-07-15T09:55:39.380+0100] {logging_mixin.py:188} INFO - [2024-07-15T09:55:39.378+0100] {dagbag.py:545} INFO - Filling up the DagBag from /home/victor/airflow_env/lib/python3.10/site-packages/airflow/example_dags/example_sensors.py
[2024-07-15T09:55:39.444+0100] {processor.py:840} INFO - DAG(s) 'example_sensors' retrieved from /home/victor/airflow_env/lib/python3.10/site-packages/airflow/example_dags/example_sensors.py
[2024-07-15T09:55:39.636+0100] {logging_mixin.py:188} INFO - [2024-07-15T09:55:39.635+0100] {dag.py:3096} INFO - Sync 1 DAGs
[2024-07-15T09:55:39.717+0100] {logging_mixin.py:188} INFO - [2024-07-15T09:55:39.716+0100] {dag.py:3954} INFO - Setting next_dagrun for example_sensors to None, run_after=None
[2024-07-15T09:55:40.022+0100] {processor.py:183} INFO - Processing /home/victor/airflow_env/lib/python3.10/site-packages/airflow/example_dags/example_sensors.py took 0.690 seconds
[2024-07-15T09:57:07.538+0100] {processor.py:161} INFO - Started process (PID=14054) to work on /home/victor/airflow_env/lib/python3.10/site-packages/airflow/example_dags/example_sensors.py
[2024-07-15T09:57:07.543+0100] {processor.py:830} INFO - Processing file /home/victor/airflow_env/lib/python3.10/site-packages/airflow/example_dags/example_sensors.py for tasks to queue
[2024-07-15T09:57:07.553+0100] {logging_mixin.py:188} INFO - [2024-07-15T09:57:07.552+0100] {dagbag.py:545} INFO - Filling up the DagBag from /home/victor/airflow_env/lib/python3.10/site-packages/airflow/example_dags/example_sensors.py
[2024-07-15T09:57:07.606+0100] {processor.py:840} INFO - DAG(s) 'example_sensors' retrieved from /home/victor/airflow_env/lib/python3.10/site-packages/airflow/example_dags/example_sensors.py
[2024-07-15T09:57:07.747+0100] {logging_mixin.py:188} INFO - [2024-07-15T09:57:07.746+0100] {dag.py:3096} INFO - Sync 1 DAGs
[2024-07-15T09:57:07.818+0100] {logging_mixin.py:188} INFO - [2024-07-15T09:57:07.818+0100] {dag.py:3954} INFO - Setting next_dagrun for example_sensors to None, run_after=None
[2024-07-15T09:57:08.101+0100] {processor.py:183} INFO - Processing /home/victor/airflow_env/lib/python3.10/site-packages/airflow/example_dags/example_sensors.py took 0.588 seconds
[2024-07-15T09:58:47.926+0100] {processor.py:161} INFO - Started process (PID=14596) to work on /home/victor/airflow_env/lib/python3.10/site-packages/airflow/example_dags/example_sensors.py
[2024-07-15T09:58:47.931+0100] {processor.py:830} INFO - Processing file /home/victor/airflow_env/lib/python3.10/site-packages/airflow/example_dags/example_sensors.py for tasks to queue
[2024-07-15T09:58:47.939+0100] {logging_mixin.py:188} INFO - [2024-07-15T09:58:47.937+0100] {dagbag.py:545} INFO - Filling up the DagBag from /home/victor/airflow_env/lib/python3.10/site-packages/airflow/example_dags/example_sensors.py
[2024-07-15T09:58:47.990+0100] {processor.py:840} INFO - DAG(s) 'example_sensors' retrieved from /home/victor/airflow_env/lib/python3.10/site-packages/airflow/example_dags/example_sensors.py
[2024-07-15T09:58:48.150+0100] {logging_mixin.py:188} INFO - [2024-07-15T09:58:48.149+0100] {dag.py:3096} INFO - Sync 1 DAGs
[2024-07-15T09:58:48.234+0100] {logging_mixin.py:188} INFO - [2024-07-15T09:58:48.233+0100] {dag.py:3954} INFO - Setting next_dagrun for example_sensors to None, run_after=None
[2024-07-15T09:58:48.581+0100] {processor.py:183} INFO - Processing /home/victor/airflow_env/lib/python3.10/site-packages/airflow/example_dags/example_sensors.py took 0.685 seconds
[2024-07-15T10:00:10.740+0100] {processor.py:161} INFO - Started process (PID=15101) to work on /home/victor/airflow_env/lib/python3.10/site-packages/airflow/example_dags/example_sensors.py
[2024-07-15T10:00:10.744+0100] {processor.py:830} INFO - Processing file /home/victor/airflow_env/lib/python3.10/site-packages/airflow/example_dags/example_sensors.py for tasks to queue
[2024-07-15T10:00:10.751+0100] {logging_mixin.py:188} INFO - [2024-07-15T10:00:10.749+0100] {dagbag.py:545} INFO - Filling up the DagBag from /home/victor/airflow_env/lib/python3.10/site-packages/airflow/example_dags/example_sensors.py
[2024-07-15T10:00:10.813+0100] {processor.py:840} INFO - DAG(s) 'example_sensors' retrieved from /home/victor/airflow_env/lib/python3.10/site-packages/airflow/example_dags/example_sensors.py
[2024-07-15T10:00:10.942+0100] {logging_mixin.py:188} INFO - [2024-07-15T10:00:10.941+0100] {dag.py:3096} INFO - Sync 1 DAGs
[2024-07-15T10:00:11.006+0100] {logging_mixin.py:188} INFO - [2024-07-15T10:00:11.005+0100] {dag.py:3954} INFO - Setting next_dagrun for example_sensors to None, run_after=None
[2024-07-15T10:00:11.318+0100] {processor.py:183} INFO - Processing /home/victor/airflow_env/lib/python3.10/site-packages/airflow/example_dags/example_sensors.py took 0.609 seconds
[2024-07-15T10:01:33.931+0100] {processor.py:161} INFO - Started process (PID=15850) to work on /home/victor/airflow_env/lib/python3.10/site-packages/airflow/example_dags/example_sensors.py
[2024-07-15T10:01:33.936+0100] {processor.py:830} INFO - Processing file /home/victor/airflow_env/lib/python3.10/site-packages/airflow/example_dags/example_sensors.py for tasks to queue
[2024-07-15T10:01:33.948+0100] {logging_mixin.py:188} INFO - [2024-07-15T10:01:33.945+0100] {dagbag.py:545} INFO - Filling up the DagBag from /home/victor/airflow_env/lib/python3.10/site-packages/airflow/example_dags/example_sensors.py
[2024-07-15T10:01:34.004+0100] {processor.py:840} INFO - DAG(s) 'example_sensors' retrieved from /home/victor/airflow_env/lib/python3.10/site-packages/airflow/example_dags/example_sensors.py
[2024-07-15T10:01:34.160+0100] {logging_mixin.py:188} INFO - [2024-07-15T10:01:34.159+0100] {dag.py:3096} INFO - Sync 1 DAGs
[2024-07-15T10:01:34.217+0100] {logging_mixin.py:188} INFO - [2024-07-15T10:01:34.216+0100] {dag.py:3954} INFO - Setting next_dagrun for example_sensors to None, run_after=None
[2024-07-15T10:01:34.633+0100] {processor.py:183} INFO - Processing /home/victor/airflow_env/lib/python3.10/site-packages/airflow/example_dags/example_sensors.py took 0.751 seconds
[2024-07-15T10:02:56.875+0100] {processor.py:161} INFO - Started process (PID=16535) to work on /home/victor/airflow_env/lib/python3.10/site-packages/airflow/example_dags/example_sensors.py
[2024-07-15T10:02:56.879+0100] {processor.py:830} INFO - Processing file /home/victor/airflow_env/lib/python3.10/site-packages/airflow/example_dags/example_sensors.py for tasks to queue
[2024-07-15T10:02:56.886+0100] {logging_mixin.py:188} INFO - [2024-07-15T10:02:56.884+0100] {dagbag.py:545} INFO - Filling up the DagBag from /home/victor/airflow_env/lib/python3.10/site-packages/airflow/example_dags/example_sensors.py
[2024-07-15T10:02:56.930+0100] {processor.py:840} INFO - DAG(s) 'example_sensors' retrieved from /home/victor/airflow_env/lib/python3.10/site-packages/airflow/example_dags/example_sensors.py
[2024-07-15T10:02:57.071+0100] {logging_mixin.py:188} INFO - [2024-07-15T10:02:57.070+0100] {dag.py:3096} INFO - Sync 1 DAGs
[2024-07-15T10:02:57.195+0100] {logging_mixin.py:188} INFO - [2024-07-15T10:02:57.187+0100] {dag.py:3954} INFO - Setting next_dagrun for example_sensors to None, run_after=None
[2024-07-15T10:02:57.558+0100] {processor.py:183} INFO - Processing /home/victor/airflow_env/lib/python3.10/site-packages/airflow/example_dags/example_sensors.py took 0.707 seconds
[2024-07-15T10:04:11.826+0100] {processor.py:161} INFO - Started process (PID=17040) to work on /home/victor/airflow_env/lib/python3.10/site-packages/airflow/example_dags/example_sensors.py
[2024-07-15T10:04:11.830+0100] {processor.py:830} INFO - Processing file /home/victor/airflow_env/lib/python3.10/site-packages/airflow/example_dags/example_sensors.py for tasks to queue
[2024-07-15T10:04:11.837+0100] {logging_mixin.py:188} INFO - [2024-07-15T10:04:11.835+0100] {dagbag.py:545} INFO - Filling up the DagBag from /home/victor/airflow_env/lib/python3.10/site-packages/airflow/example_dags/example_sensors.py
[2024-07-15T10:04:11.890+0100] {processor.py:840} INFO - DAG(s) 'example_sensors' retrieved from /home/victor/airflow_env/lib/python3.10/site-packages/airflow/example_dags/example_sensors.py
[2024-07-15T10:04:12.019+0100] {logging_mixin.py:188} INFO - [2024-07-15T10:04:12.018+0100] {dag.py:3096} INFO - Sync 1 DAGs
[2024-07-15T10:04:12.078+0100] {logging_mixin.py:188} INFO - [2024-07-15T10:04:12.077+0100] {dag.py:3954} INFO - Setting next_dagrun for example_sensors to None, run_after=None
[2024-07-15T10:04:12.341+0100] {processor.py:183} INFO - Processing /home/victor/airflow_env/lib/python3.10/site-packages/airflow/example_dags/example_sensors.py took 0.541 seconds
[2024-07-15T10:05:23.299+0100] {processor.py:161} INFO - Started process (PID=17419) to work on /home/victor/airflow_env/lib/python3.10/site-packages/airflow/example_dags/example_sensors.py
[2024-07-15T10:05:23.303+0100] {processor.py:830} INFO - Processing file /home/victor/airflow_env/lib/python3.10/site-packages/airflow/example_dags/example_sensors.py for tasks to queue
[2024-07-15T10:05:23.310+0100] {logging_mixin.py:188} INFO - [2024-07-15T10:05:23.308+0100] {dagbag.py:545} INFO - Filling up the DagBag from /home/victor/airflow_env/lib/python3.10/site-packages/airflow/example_dags/example_sensors.py
[2024-07-15T10:05:23.354+0100] {processor.py:840} INFO - DAG(s) 'example_sensors' retrieved from /home/victor/airflow_env/lib/python3.10/site-packages/airflow/example_dags/example_sensors.py
[2024-07-15T10:05:23.486+0100] {logging_mixin.py:188} INFO - [2024-07-15T10:05:23.485+0100] {dag.py:3096} INFO - Sync 1 DAGs
[2024-07-15T10:05:23.555+0100] {logging_mixin.py:188} INFO - [2024-07-15T10:05:23.554+0100] {dag.py:3954} INFO - Setting next_dagrun for example_sensors to None, run_after=None
[2024-07-15T10:05:23.878+0100] {processor.py:183} INFO - Processing /home/victor/airflow_env/lib/python3.10/site-packages/airflow/example_dags/example_sensors.py took 0.602 seconds
[2024-07-15T10:06:53.951+0100] {processor.py:161} INFO - Started process (PID=18046) to work on /home/victor/airflow_env/lib/python3.10/site-packages/airflow/example_dags/example_sensors.py
[2024-07-15T10:06:53.955+0100] {processor.py:830} INFO - Processing file /home/victor/airflow_env/lib/python3.10/site-packages/airflow/example_dags/example_sensors.py for tasks to queue
[2024-07-15T10:06:53.963+0100] {logging_mixin.py:188} INFO - [2024-07-15T10:06:53.961+0100] {dagbag.py:545} INFO - Filling up the DagBag from /home/victor/airflow_env/lib/python3.10/site-packages/airflow/example_dags/example_sensors.py
[2024-07-15T10:06:54.146+0100] {processor.py:840} INFO - DAG(s) 'example_sensors' retrieved from /home/victor/airflow_env/lib/python3.10/site-packages/airflow/example_dags/example_sensors.py
[2024-07-15T10:06:54.490+0100] {logging_mixin.py:188} INFO - [2024-07-15T10:06:54.489+0100] {dag.py:3096} INFO - Sync 1 DAGs
[2024-07-15T10:06:54.587+0100] {logging_mixin.py:188} INFO - [2024-07-15T10:06:54.586+0100] {dag.py:3954} INFO - Setting next_dagrun for example_sensors to None, run_after=None
[2024-07-15T10:06:55.335+0100] {processor.py:183} INFO - Processing /home/victor/airflow_env/lib/python3.10/site-packages/airflow/example_dags/example_sensors.py took 1.413 seconds
[2024-07-15T10:08:29.903+0100] {processor.py:161} INFO - Started process (PID=18716) to work on /home/victor/airflow_env/lib/python3.10/site-packages/airflow/example_dags/example_sensors.py
[2024-07-15T10:08:29.907+0100] {processor.py:830} INFO - Processing file /home/victor/airflow_env/lib/python3.10/site-packages/airflow/example_dags/example_sensors.py for tasks to queue
[2024-07-15T10:08:29.915+0100] {logging_mixin.py:188} INFO - [2024-07-15T10:08:29.913+0100] {dagbag.py:545} INFO - Filling up the DagBag from /home/victor/airflow_env/lib/python3.10/site-packages/airflow/example_dags/example_sensors.py
[2024-07-15T10:08:29.975+0100] {processor.py:840} INFO - DAG(s) 'example_sensors' retrieved from /home/victor/airflow_env/lib/python3.10/site-packages/airflow/example_dags/example_sensors.py
[2024-07-15T10:08:30.173+0100] {logging_mixin.py:188} INFO - [2024-07-15T10:08:30.172+0100] {dag.py:3096} INFO - Sync 1 DAGs
[2024-07-15T10:08:30.261+0100] {logging_mixin.py:188} INFO - [2024-07-15T10:08:30.260+0100] {dag.py:3954} INFO - Setting next_dagrun for example_sensors to None, run_after=None
[2024-07-15T10:08:30.676+0100] {processor.py:183} INFO - Processing /home/victor/airflow_env/lib/python3.10/site-packages/airflow/example_dags/example_sensors.py took 0.810 seconds
[2024-07-15T10:09:57.038+0100] {processor.py:161} INFO - Started process (PID=19321) to work on /home/victor/airflow_env/lib/python3.10/site-packages/airflow/example_dags/example_sensors.py
[2024-07-15T10:09:57.044+0100] {processor.py:830} INFO - Processing file /home/victor/airflow_env/lib/python3.10/site-packages/airflow/example_dags/example_sensors.py for tasks to queue
[2024-07-15T10:09:57.056+0100] {logging_mixin.py:188} INFO - [2024-07-15T10:09:57.054+0100] {dagbag.py:545} INFO - Filling up the DagBag from /home/victor/airflow_env/lib/python3.10/site-packages/airflow/example_dags/example_sensors.py
[2024-07-15T10:09:57.124+0100] {processor.py:840} INFO - DAG(s) 'example_sensors' retrieved from /home/victor/airflow_env/lib/python3.10/site-packages/airflow/example_dags/example_sensors.py
[2024-07-15T10:09:57.296+0100] {logging_mixin.py:188} INFO - [2024-07-15T10:09:57.295+0100] {dag.py:3096} INFO - Sync 1 DAGs
[2024-07-15T10:09:57.395+0100] {logging_mixin.py:188} INFO - [2024-07-15T10:09:57.394+0100] {dag.py:3954} INFO - Setting next_dagrun for example_sensors to None, run_after=None
[2024-07-15T10:09:57.800+0100] {processor.py:183} INFO - Processing /home/victor/airflow_env/lib/python3.10/site-packages/airflow/example_dags/example_sensors.py took 0.808 seconds
[2024-07-15T10:11:27.978+0100] {processor.py:161} INFO - Started process (PID=19827) to work on /home/victor/airflow_env/lib/python3.10/site-packages/airflow/example_dags/example_sensors.py
[2024-07-15T10:11:27.982+0100] {processor.py:830} INFO - Processing file /home/victor/airflow_env/lib/python3.10/site-packages/airflow/example_dags/example_sensors.py for tasks to queue
[2024-07-15T10:11:27.995+0100] {logging_mixin.py:188} INFO - [2024-07-15T10:11:27.993+0100] {dagbag.py:545} INFO - Filling up the DagBag from /home/victor/airflow_env/lib/python3.10/site-packages/airflow/example_dags/example_sensors.py
[2024-07-15T10:11:28.063+0100] {processor.py:840} INFO - DAG(s) 'example_sensors' retrieved from /home/victor/airflow_env/lib/python3.10/site-packages/airflow/example_dags/example_sensors.py
[2024-07-15T10:11:28.226+0100] {logging_mixin.py:188} INFO - [2024-07-15T10:11:28.225+0100] {dag.py:3096} INFO - Sync 1 DAGs
[2024-07-15T10:11:28.356+0100] {logging_mixin.py:188} INFO - [2024-07-15T10:11:28.351+0100] {dag.py:3954} INFO - Setting next_dagrun for example_sensors to None, run_after=None
[2024-07-15T10:11:28.817+0100] {processor.py:183} INFO - Processing /home/victor/airflow_env/lib/python3.10/site-packages/airflow/example_dags/example_sensors.py took 0.879 seconds
[2024-07-15T10:12:52.494+0100] {processor.py:161} INFO - Started process (PID=20289) to work on /home/victor/airflow_env/lib/python3.10/site-packages/airflow/example_dags/example_sensors.py
[2024-07-15T10:12:52.498+0100] {processor.py:830} INFO - Processing file /home/victor/airflow_env/lib/python3.10/site-packages/airflow/example_dags/example_sensors.py for tasks to queue
[2024-07-15T10:12:52.506+0100] {logging_mixin.py:188} INFO - [2024-07-15T10:12:52.504+0100] {dagbag.py:545} INFO - Filling up the DagBag from /home/victor/airflow_env/lib/python3.10/site-packages/airflow/example_dags/example_sensors.py
[2024-07-15T10:12:52.551+0100] {processor.py:840} INFO - DAG(s) 'example_sensors' retrieved from /home/victor/airflow_env/lib/python3.10/site-packages/airflow/example_dags/example_sensors.py
[2024-07-15T10:12:52.737+0100] {logging_mixin.py:188} INFO - [2024-07-15T10:12:52.736+0100] {dag.py:3096} INFO - Sync 1 DAGs
[2024-07-15T10:12:52.813+0100] {logging_mixin.py:188} INFO - [2024-07-15T10:12:52.813+0100] {dag.py:3954} INFO - Setting next_dagrun for example_sensors to None, run_after=None
[2024-07-15T10:12:53.163+0100] {processor.py:183} INFO - Processing /home/victor/airflow_env/lib/python3.10/site-packages/airflow/example_dags/example_sensors.py took 0.695 seconds
[2024-07-15T10:14:15.441+0100] {processor.py:161} INFO - Started process (PID=20730) to work on /home/victor/airflow_env/lib/python3.10/site-packages/airflow/example_dags/example_sensors.py
[2024-07-15T10:14:15.447+0100] {processor.py:830} INFO - Processing file /home/victor/airflow_env/lib/python3.10/site-packages/airflow/example_dags/example_sensors.py for tasks to queue
[2024-07-15T10:14:15.466+0100] {logging_mixin.py:188} INFO - [2024-07-15T10:14:15.464+0100] {dagbag.py:545} INFO - Filling up the DagBag from /home/victor/airflow_env/lib/python3.10/site-packages/airflow/example_dags/example_sensors.py
[2024-07-15T10:14:15.541+0100] {processor.py:840} INFO - DAG(s) 'example_sensors' retrieved from /home/victor/airflow_env/lib/python3.10/site-packages/airflow/example_dags/example_sensors.py
[2024-07-15T10:14:15.753+0100] {logging_mixin.py:188} INFO - [2024-07-15T10:14:15.752+0100] {dag.py:3096} INFO - Sync 1 DAGs
[2024-07-15T10:14:15.834+0100] {logging_mixin.py:188} INFO - [2024-07-15T10:14:15.833+0100] {dag.py:3954} INFO - Setting next_dagrun for example_sensors to None, run_after=None
[2024-07-15T10:14:16.238+0100] {processor.py:183} INFO - Processing /home/victor/airflow_env/lib/python3.10/site-packages/airflow/example_dags/example_sensors.py took 0.850 seconds
[2024-07-15T10:15:50.200+0100] {processor.py:161} INFO - Started process (PID=21249) to work on /home/victor/airflow_env/lib/python3.10/site-packages/airflow/example_dags/example_sensors.py
[2024-07-15T10:15:50.204+0100] {processor.py:830} INFO - Processing file /home/victor/airflow_env/lib/python3.10/site-packages/airflow/example_dags/example_sensors.py for tasks to queue
[2024-07-15T10:15:50.214+0100] {logging_mixin.py:188} INFO - [2024-07-15T10:15:50.212+0100] {dagbag.py:545} INFO - Filling up the DagBag from /home/victor/airflow_env/lib/python3.10/site-packages/airflow/example_dags/example_sensors.py
[2024-07-15T10:15:50.270+0100] {processor.py:840} INFO - DAG(s) 'example_sensors' retrieved from /home/victor/airflow_env/lib/python3.10/site-packages/airflow/example_dags/example_sensors.py
[2024-07-15T10:15:50.453+0100] {logging_mixin.py:188} INFO - [2024-07-15T10:15:50.452+0100] {dag.py:3096} INFO - Sync 1 DAGs
[2024-07-15T10:15:50.549+0100] {logging_mixin.py:188} INFO - [2024-07-15T10:15:50.548+0100] {dag.py:3954} INFO - Setting next_dagrun for example_sensors to None, run_after=None
[2024-07-15T10:15:50.895+0100] {processor.py:183} INFO - Processing /home/victor/airflow_env/lib/python3.10/site-packages/airflow/example_dags/example_sensors.py took 0.733 seconds
[2024-07-15T10:17:19.467+0100] {processor.py:161} INFO - Started process (PID=21845) to work on /home/victor/airflow_env/lib/python3.10/site-packages/airflow/example_dags/example_sensors.py
[2024-07-15T10:17:19.471+0100] {processor.py:830} INFO - Processing file /home/victor/airflow_env/lib/python3.10/site-packages/airflow/example_dags/example_sensors.py for tasks to queue
[2024-07-15T10:17:19.480+0100] {logging_mixin.py:188} INFO - [2024-07-15T10:17:19.479+0100] {dagbag.py:545} INFO - Filling up the DagBag from /home/victor/airflow_env/lib/python3.10/site-packages/airflow/example_dags/example_sensors.py
[2024-07-15T10:17:19.527+0100] {processor.py:840} INFO - DAG(s) 'example_sensors' retrieved from /home/victor/airflow_env/lib/python3.10/site-packages/airflow/example_dags/example_sensors.py
[2024-07-15T10:17:19.719+0100] {logging_mixin.py:188} INFO - [2024-07-15T10:17:19.718+0100] {dag.py:3096} INFO - Sync 1 DAGs
[2024-07-15T10:17:19.794+0100] {logging_mixin.py:188} INFO - [2024-07-15T10:17:19.793+0100] {dag.py:3954} INFO - Setting next_dagrun for example_sensors to None, run_after=None
[2024-07-15T10:17:20.168+0100] {processor.py:183} INFO - Processing /home/victor/airflow_env/lib/python3.10/site-packages/airflow/example_dags/example_sensors.py took 0.729 seconds
[2024-07-15T10:18:38.377+0100] {processor.py:161} INFO - Started process (PID=22357) to work on /home/victor/airflow_env/lib/python3.10/site-packages/airflow/example_dags/example_sensors.py
[2024-07-15T10:18:38.381+0100] {processor.py:830} INFO - Processing file /home/victor/airflow_env/lib/python3.10/site-packages/airflow/example_dags/example_sensors.py for tasks to queue
[2024-07-15T10:18:38.392+0100] {logging_mixin.py:188} INFO - [2024-07-15T10:18:38.387+0100] {dagbag.py:545} INFO - Filling up the DagBag from /home/victor/airflow_env/lib/python3.10/site-packages/airflow/example_dags/example_sensors.py
[2024-07-15T10:18:38.439+0100] {processor.py:840} INFO - DAG(s) 'example_sensors' retrieved from /home/victor/airflow_env/lib/python3.10/site-packages/airflow/example_dags/example_sensors.py
[2024-07-15T10:18:38.565+0100] {logging_mixin.py:188} INFO - [2024-07-15T10:18:38.564+0100] {dag.py:3096} INFO - Sync 1 DAGs
[2024-07-15T10:18:38.632+0100] {logging_mixin.py:188} INFO - [2024-07-15T10:18:38.631+0100] {dag.py:3954} INFO - Setting next_dagrun for example_sensors to None, run_after=None
[2024-07-15T10:18:38.969+0100] {processor.py:183} INFO - Processing /home/victor/airflow_env/lib/python3.10/site-packages/airflow/example_dags/example_sensors.py took 0.617 seconds
[2024-07-15T10:20:20.569+0100] {processor.py:161} INFO - Started process (PID=23120) to work on /home/victor/airflow_env/lib/python3.10/site-packages/airflow/example_dags/example_sensors.py
[2024-07-15T10:20:20.576+0100] {processor.py:830} INFO - Processing file /home/victor/airflow_env/lib/python3.10/site-packages/airflow/example_dags/example_sensors.py for tasks to queue
[2024-07-15T10:20:20.593+0100] {logging_mixin.py:188} INFO - [2024-07-15T10:20:20.590+0100] {dagbag.py:545} INFO - Filling up the DagBag from /home/victor/airflow_env/lib/python3.10/site-packages/airflow/example_dags/example_sensors.py
[2024-07-15T10:20:20.661+0100] {processor.py:840} INFO - DAG(s) 'example_sensors' retrieved from /home/victor/airflow_env/lib/python3.10/site-packages/airflow/example_dags/example_sensors.py
[2024-07-15T10:20:20.876+0100] {logging_mixin.py:188} INFO - [2024-07-15T10:20:20.875+0100] {dag.py:3096} INFO - Sync 1 DAGs
[2024-07-15T10:20:20.972+0100] {logging_mixin.py:188} INFO - [2024-07-15T10:20:20.971+0100] {dag.py:3954} INFO - Setting next_dagrun for example_sensors to None, run_after=None
[2024-07-15T10:20:21.491+0100] {processor.py:183} INFO - Processing /home/victor/airflow_env/lib/python3.10/site-packages/airflow/example_dags/example_sensors.py took 0.960 seconds
[2024-07-15T10:22:10.668+0100] {processor.py:161} INFO - Started process (PID=23928) to work on /home/victor/airflow_env/lib/python3.10/site-packages/airflow/example_dags/example_sensors.py
[2024-07-15T10:22:10.672+0100] {processor.py:830} INFO - Processing file /home/victor/airflow_env/lib/python3.10/site-packages/airflow/example_dags/example_sensors.py for tasks to queue
[2024-07-15T10:22:10.679+0100] {logging_mixin.py:188} INFO - [2024-07-15T10:22:10.677+0100] {dagbag.py:545} INFO - Filling up the DagBag from /home/victor/airflow_env/lib/python3.10/site-packages/airflow/example_dags/example_sensors.py
[2024-07-15T10:22:10.728+0100] {processor.py:840} INFO - DAG(s) 'example_sensors' retrieved from /home/victor/airflow_env/lib/python3.10/site-packages/airflow/example_dags/example_sensors.py
[2024-07-15T10:22:10.889+0100] {logging_mixin.py:188} INFO - [2024-07-15T10:22:10.888+0100] {dag.py:3096} INFO - Sync 1 DAGs
[2024-07-15T10:22:10.993+0100] {logging_mixin.py:188} INFO - [2024-07-15T10:22:10.992+0100] {dag.py:3954} INFO - Setting next_dagrun for example_sensors to None, run_after=None
[2024-07-15T10:22:11.371+0100] {processor.py:183} INFO - Processing /home/victor/airflow_env/lib/python3.10/site-packages/airflow/example_dags/example_sensors.py took 0.769 seconds
[2024-07-15T10:24:26.369+0100] {processor.py:161} INFO - Started process (PID=25101) to work on /home/victor/airflow_env/lib/python3.10/site-packages/airflow/example_dags/example_sensors.py
[2024-07-15T10:24:26.377+0100] {processor.py:830} INFO - Processing file /home/victor/airflow_env/lib/python3.10/site-packages/airflow/example_dags/example_sensors.py for tasks to queue
[2024-07-15T10:24:26.384+0100] {logging_mixin.py:188} INFO - [2024-07-15T10:24:26.383+0100] {dagbag.py:545} INFO - Filling up the DagBag from /home/victor/airflow_env/lib/python3.10/site-packages/airflow/example_dags/example_sensors.py
[2024-07-15T10:24:26.442+0100] {processor.py:840} INFO - DAG(s) 'example_sensors' retrieved from /home/victor/airflow_env/lib/python3.10/site-packages/airflow/example_dags/example_sensors.py
[2024-07-15T10:24:26.618+0100] {logging_mixin.py:188} INFO - [2024-07-15T10:24:26.617+0100] {dag.py:3096} INFO - Sync 1 DAGs
[2024-07-15T10:24:26.697+0100] {logging_mixin.py:188} INFO - [2024-07-15T10:24:26.696+0100] {dag.py:3954} INFO - Setting next_dagrun for example_sensors to None, run_after=None
[2024-07-15T10:24:27.070+0100] {processor.py:183} INFO - Processing /home/victor/airflow_env/lib/python3.10/site-packages/airflow/example_dags/example_sensors.py took 0.737 seconds
[2024-07-15T10:26:07.825+0100] {processor.py:161} INFO - Started process (PID=25713) to work on /home/victor/airflow_env/lib/python3.10/site-packages/airflow/example_dags/example_sensors.py
[2024-07-15T10:26:07.832+0100] {processor.py:830} INFO - Processing file /home/victor/airflow_env/lib/python3.10/site-packages/airflow/example_dags/example_sensors.py for tasks to queue
[2024-07-15T10:26:07.846+0100] {logging_mixin.py:188} INFO - [2024-07-15T10:26:07.844+0100] {dagbag.py:545} INFO - Filling up the DagBag from /home/victor/airflow_env/lib/python3.10/site-packages/airflow/example_dags/example_sensors.py
[2024-07-15T10:26:07.949+0100] {processor.py:840} INFO - DAG(s) 'example_sensors' retrieved from /home/victor/airflow_env/lib/python3.10/site-packages/airflow/example_dags/example_sensors.py
[2024-07-15T10:26:08.168+0100] {logging_mixin.py:188} INFO - [2024-07-15T10:26:08.167+0100] {dag.py:3096} INFO - Sync 1 DAGs
[2024-07-15T10:26:08.272+0100] {logging_mixin.py:188} INFO - [2024-07-15T10:26:08.271+0100] {dag.py:3954} INFO - Setting next_dagrun for example_sensors to None, run_after=None
[2024-07-15T10:26:08.656+0100] {processor.py:183} INFO - Processing /home/victor/airflow_env/lib/python3.10/site-packages/airflow/example_dags/example_sensors.py took 0.886 seconds
[2024-07-15T10:27:58.423+0100] {processor.py:161} INFO - Started process (PID=26482) to work on /home/victor/airflow_env/lib/python3.10/site-packages/airflow/example_dags/example_sensors.py
[2024-07-15T10:27:58.437+0100] {processor.py:830} INFO - Processing file /home/victor/airflow_env/lib/python3.10/site-packages/airflow/example_dags/example_sensors.py for tasks to queue
[2024-07-15T10:27:58.463+0100] {logging_mixin.py:188} INFO - [2024-07-15T10:27:58.456+0100] {dagbag.py:545} INFO - Filling up the DagBag from /home/victor/airflow_env/lib/python3.10/site-packages/airflow/example_dags/example_sensors.py
[2024-07-15T10:27:58.528+0100] {processor.py:840} INFO - DAG(s) 'example_sensors' retrieved from /home/victor/airflow_env/lib/python3.10/site-packages/airflow/example_dags/example_sensors.py
[2024-07-15T10:27:58.744+0100] {logging_mixin.py:188} INFO - [2024-07-15T10:27:58.743+0100] {dag.py:3096} INFO - Sync 1 DAGs
[2024-07-15T10:27:58.920+0100] {logging_mixin.py:188} INFO - [2024-07-15T10:27:58.919+0100] {dag.py:3954} INFO - Setting next_dagrun for example_sensors to None, run_after=None
[2024-07-15T10:27:59.794+0100] {processor.py:183} INFO - Processing /home/victor/airflow_env/lib/python3.10/site-packages/airflow/example_dags/example_sensors.py took 1.439 seconds
[2024-07-15T10:29:22.907+0100] {processor.py:161} INFO - Started process (PID=26927) to work on /home/victor/airflow_env/lib/python3.10/site-packages/airflow/example_dags/example_sensors.py
[2024-07-15T10:29:22.911+0100] {processor.py:830} INFO - Processing file /home/victor/airflow_env/lib/python3.10/site-packages/airflow/example_dags/example_sensors.py for tasks to queue
[2024-07-15T10:29:22.922+0100] {logging_mixin.py:188} INFO - [2024-07-15T10:29:22.920+0100] {dagbag.py:545} INFO - Filling up the DagBag from /home/victor/airflow_env/lib/python3.10/site-packages/airflow/example_dags/example_sensors.py
[2024-07-15T10:29:23.018+0100] {processor.py:840} INFO - DAG(s) 'example_sensors' retrieved from /home/victor/airflow_env/lib/python3.10/site-packages/airflow/example_dags/example_sensors.py
[2024-07-15T10:29:23.216+0100] {logging_mixin.py:188} INFO - [2024-07-15T10:29:23.214+0100] {dag.py:3096} INFO - Sync 1 DAGs
[2024-07-15T10:29:23.334+0100] {logging_mixin.py:188} INFO - [2024-07-15T10:29:23.333+0100] {dag.py:3954} INFO - Setting next_dagrun for example_sensors to None, run_after=None
[2024-07-15T10:29:23.667+0100] {processor.py:183} INFO - Processing /home/victor/airflow_env/lib/python3.10/site-packages/airflow/example_dags/example_sensors.py took 0.791 seconds
[2024-07-15T10:30:36.487+0100] {processor.py:161} INFO - Started process (PID=27319) to work on /home/victor/airflow_env/lib/python3.10/site-packages/airflow/example_dags/example_sensors.py
[2024-07-15T10:30:36.491+0100] {processor.py:830} INFO - Processing file /home/victor/airflow_env/lib/python3.10/site-packages/airflow/example_dags/example_sensors.py for tasks to queue
[2024-07-15T10:30:36.498+0100] {logging_mixin.py:188} INFO - [2024-07-15T10:30:36.496+0100] {dagbag.py:545} INFO - Filling up the DagBag from /home/victor/airflow_env/lib/python3.10/site-packages/airflow/example_dags/example_sensors.py
[2024-07-15T10:30:36.542+0100] {processor.py:840} INFO - DAG(s) 'example_sensors' retrieved from /home/victor/airflow_env/lib/python3.10/site-packages/airflow/example_dags/example_sensors.py
[2024-07-15T10:30:36.670+0100] {logging_mixin.py:188} INFO - [2024-07-15T10:30:36.669+0100] {dag.py:3096} INFO - Sync 1 DAGs
[2024-07-15T10:30:36.731+0100] {logging_mixin.py:188} INFO - [2024-07-15T10:30:36.730+0100] {dag.py:3954} INFO - Setting next_dagrun for example_sensors to None, run_after=None
[2024-07-15T10:30:37.101+0100] {processor.py:183} INFO - Processing /home/victor/airflow_env/lib/python3.10/site-packages/airflow/example_dags/example_sensors.py took 0.639 seconds
[2024-07-15T10:31:56.281+0100] {processor.py:161} INFO - Started process (PID=27728) to work on /home/victor/airflow_env/lib/python3.10/site-packages/airflow/example_dags/example_sensors.py
[2024-07-15T10:31:56.286+0100] {processor.py:830} INFO - Processing file /home/victor/airflow_env/lib/python3.10/site-packages/airflow/example_dags/example_sensors.py for tasks to queue
[2024-07-15T10:31:56.294+0100] {logging_mixin.py:188} INFO - [2024-07-15T10:31:56.293+0100] {dagbag.py:545} INFO - Filling up the DagBag from /home/victor/airflow_env/lib/python3.10/site-packages/airflow/example_dags/example_sensors.py
[2024-07-15T10:31:56.347+0100] {processor.py:840} INFO - DAG(s) 'example_sensors' retrieved from /home/victor/airflow_env/lib/python3.10/site-packages/airflow/example_dags/example_sensors.py
[2024-07-15T10:31:56.500+0100] {logging_mixin.py:188} INFO - [2024-07-15T10:31:56.499+0100] {dag.py:3096} INFO - Sync 1 DAGs
[2024-07-15T10:31:56.566+0100] {logging_mixin.py:188} INFO - [2024-07-15T10:31:56.565+0100] {dag.py:3954} INFO - Setting next_dagrun for example_sensors to None, run_after=None
[2024-07-15T10:31:56.889+0100] {processor.py:183} INFO - Processing /home/victor/airflow_env/lib/python3.10/site-packages/airflow/example_dags/example_sensors.py took 0.634 seconds
[2024-07-15T10:33:26.531+0100] {processor.py:161} INFO - Started process (PID=28369) to work on /home/victor/airflow_env/lib/python3.10/site-packages/airflow/example_dags/example_sensors.py
[2024-07-15T10:33:26.535+0100] {processor.py:830} INFO - Processing file /home/victor/airflow_env/lib/python3.10/site-packages/airflow/example_dags/example_sensors.py for tasks to queue
[2024-07-15T10:33:26.544+0100] {logging_mixin.py:188} INFO - [2024-07-15T10:33:26.542+0100] {dagbag.py:545} INFO - Filling up the DagBag from /home/victor/airflow_env/lib/python3.10/site-packages/airflow/example_dags/example_sensors.py
[2024-07-15T10:33:26.613+0100] {processor.py:840} INFO - DAG(s) 'example_sensors' retrieved from /home/victor/airflow_env/lib/python3.10/site-packages/airflow/example_dags/example_sensors.py
[2024-07-15T10:33:26.784+0100] {logging_mixin.py:188} INFO - [2024-07-15T10:33:26.783+0100] {dag.py:3096} INFO - Sync 1 DAGs
[2024-07-15T10:33:26.880+0100] {logging_mixin.py:188} INFO - [2024-07-15T10:33:26.879+0100] {dag.py:3954} INFO - Setting next_dagrun for example_sensors to None, run_after=None
[2024-07-15T10:33:27.281+0100] {processor.py:183} INFO - Processing /home/victor/airflow_env/lib/python3.10/site-packages/airflow/example_dags/example_sensors.py took 0.779 seconds
[2024-07-15T10:34:55.705+0100] {processor.py:161} INFO - Started process (PID=28922) to work on /home/victor/airflow_env/lib/python3.10/site-packages/airflow/example_dags/example_sensors.py
[2024-07-15T10:34:55.714+0100] {processor.py:830} INFO - Processing file /home/victor/airflow_env/lib/python3.10/site-packages/airflow/example_dags/example_sensors.py for tasks to queue
[2024-07-15T10:34:55.723+0100] {logging_mixin.py:188} INFO - [2024-07-15T10:34:55.721+0100] {dagbag.py:545} INFO - Filling up the DagBag from /home/victor/airflow_env/lib/python3.10/site-packages/airflow/example_dags/example_sensors.py
[2024-07-15T10:34:55.771+0100] {processor.py:840} INFO - DAG(s) 'example_sensors' retrieved from /home/victor/airflow_env/lib/python3.10/site-packages/airflow/example_dags/example_sensors.py
[2024-07-15T10:34:55.910+0100] {logging_mixin.py:188} INFO - [2024-07-15T10:34:55.909+0100] {dag.py:3096} INFO - Sync 1 DAGs
[2024-07-15T10:34:55.980+0100] {logging_mixin.py:188} INFO - [2024-07-15T10:34:55.979+0100] {dag.py:3954} INFO - Setting next_dagrun for example_sensors to None, run_after=None
[2024-07-15T10:34:56.300+0100] {processor.py:183} INFO - Processing /home/victor/airflow_env/lib/python3.10/site-packages/airflow/example_dags/example_sensors.py took 0.624 seconds
[2024-07-15T10:36:13.995+0100] {processor.py:161} INFO - Started process (PID=29391) to work on /home/victor/airflow_env/lib/python3.10/site-packages/airflow/example_dags/example_sensors.py
[2024-07-15T10:36:14.001+0100] {processor.py:830} INFO - Processing file /home/victor/airflow_env/lib/python3.10/site-packages/airflow/example_dags/example_sensors.py for tasks to queue
[2024-07-15T10:36:14.014+0100] {logging_mixin.py:188} INFO - [2024-07-15T10:36:14.011+0100] {dagbag.py:545} INFO - Filling up the DagBag from /home/victor/airflow_env/lib/python3.10/site-packages/airflow/example_dags/example_sensors.py
[2024-07-15T10:36:14.083+0100] {processor.py:840} INFO - DAG(s) 'example_sensors' retrieved from /home/victor/airflow_env/lib/python3.10/site-packages/airflow/example_dags/example_sensors.py
[2024-07-15T10:36:14.451+0100] {logging_mixin.py:188} INFO - [2024-07-15T10:36:14.450+0100] {dag.py:3096} INFO - Sync 1 DAGs
[2024-07-15T10:36:14.519+0100] {logging_mixin.py:188} INFO - [2024-07-15T10:36:14.518+0100] {dag.py:3954} INFO - Setting next_dagrun for example_sensors to None, run_after=None
[2024-07-15T10:36:14.967+0100] {processor.py:183} INFO - Processing /home/victor/airflow_env/lib/python3.10/site-packages/airflow/example_dags/example_sensors.py took 1.012 seconds
[2024-07-15T10:37:45.945+0100] {processor.py:161} INFO - Started process (PID=29906) to work on /home/victor/airflow_env/lib/python3.10/site-packages/airflow/example_dags/example_sensors.py
[2024-07-15T10:37:45.952+0100] {processor.py:830} INFO - Processing file /home/victor/airflow_env/lib/python3.10/site-packages/airflow/example_dags/example_sensors.py for tasks to queue
[2024-07-15T10:37:45.959+0100] {logging_mixin.py:188} INFO - [2024-07-15T10:37:45.957+0100] {dagbag.py:545} INFO - Filling up the DagBag from /home/victor/airflow_env/lib/python3.10/site-packages/airflow/example_dags/example_sensors.py
[2024-07-15T10:37:46.009+0100] {processor.py:840} INFO - DAG(s) 'example_sensors' retrieved from /home/victor/airflow_env/lib/python3.10/site-packages/airflow/example_dags/example_sensors.py
[2024-07-15T10:37:46.153+0100] {logging_mixin.py:188} INFO - [2024-07-15T10:37:46.152+0100] {dag.py:3096} INFO - Sync 1 DAGs
[2024-07-15T10:37:46.233+0100] {logging_mixin.py:188} INFO - [2024-07-15T10:37:46.232+0100] {dag.py:3954} INFO - Setting next_dagrun for example_sensors to None, run_after=None
[2024-07-15T10:37:46.582+0100] {processor.py:183} INFO - Processing /home/victor/airflow_env/lib/python3.10/site-packages/airflow/example_dags/example_sensors.py took 0.677 seconds
[2024-07-15T10:39:09.021+0100] {processor.py:161} INFO - Started process (PID=30333) to work on /home/victor/airflow_env/lib/python3.10/site-packages/airflow/example_dags/example_sensors.py
[2024-07-15T10:39:09.025+0100] {processor.py:830} INFO - Processing file /home/victor/airflow_env/lib/python3.10/site-packages/airflow/example_dags/example_sensors.py for tasks to queue
[2024-07-15T10:39:09.033+0100] {logging_mixin.py:188} INFO - [2024-07-15T10:39:09.032+0100] {dagbag.py:545} INFO - Filling up the DagBag from /home/victor/airflow_env/lib/python3.10/site-packages/airflow/example_dags/example_sensors.py
[2024-07-15T10:39:09.082+0100] {processor.py:840} INFO - DAG(s) 'example_sensors' retrieved from /home/victor/airflow_env/lib/python3.10/site-packages/airflow/example_dags/example_sensors.py
[2024-07-15T10:39:09.285+0100] {logging_mixin.py:188} INFO - [2024-07-15T10:39:09.284+0100] {dag.py:3096} INFO - Sync 1 DAGs
[2024-07-15T10:39:09.366+0100] {logging_mixin.py:188} INFO - [2024-07-15T10:39:09.363+0100] {dag.py:3954} INFO - Setting next_dagrun for example_sensors to None, run_after=None
[2024-07-15T10:39:09.762+0100] {processor.py:183} INFO - Processing /home/victor/airflow_env/lib/python3.10/site-packages/airflow/example_dags/example_sensors.py took 0.774 seconds
[2024-07-15T10:40:19.502+0100] {processor.py:161} INFO - Started process (PID=30700) to work on /home/victor/airflow_env/lib/python3.10/site-packages/airflow/example_dags/example_sensors.py
[2024-07-15T10:40:19.506+0100] {processor.py:830} INFO - Processing file /home/victor/airflow_env/lib/python3.10/site-packages/airflow/example_dags/example_sensors.py for tasks to queue
[2024-07-15T10:40:19.514+0100] {logging_mixin.py:188} INFO - [2024-07-15T10:40:19.512+0100] {dagbag.py:545} INFO - Filling up the DagBag from /home/victor/airflow_env/lib/python3.10/site-packages/airflow/example_dags/example_sensors.py
[2024-07-15T10:40:19.557+0100] {processor.py:840} INFO - DAG(s) 'example_sensors' retrieved from /home/victor/airflow_env/lib/python3.10/site-packages/airflow/example_dags/example_sensors.py
[2024-07-15T10:40:19.690+0100] {logging_mixin.py:188} INFO - [2024-07-15T10:40:19.689+0100] {dag.py:3096} INFO - Sync 1 DAGs
[2024-07-15T10:40:19.758+0100] {logging_mixin.py:188} INFO - [2024-07-15T10:40:19.757+0100] {dag.py:3954} INFO - Setting next_dagrun for example_sensors to None, run_after=None
[2024-07-15T10:40:20.549+0100] {processor.py:183} INFO - Processing /home/victor/airflow_env/lib/python3.10/site-packages/airflow/example_dags/example_sensors.py took 1.072 seconds
[2024-07-15T10:41:35.703+0100] {processor.py:161} INFO - Started process (PID=31091) to work on /home/victor/airflow_env/lib/python3.10/site-packages/airflow/example_dags/example_sensors.py
[2024-07-15T10:41:35.707+0100] {processor.py:830} INFO - Processing file /home/victor/airflow_env/lib/python3.10/site-packages/airflow/example_dags/example_sensors.py for tasks to queue
[2024-07-15T10:41:35.715+0100] {logging_mixin.py:188} INFO - [2024-07-15T10:41:35.713+0100] {dagbag.py:545} INFO - Filling up the DagBag from /home/victor/airflow_env/lib/python3.10/site-packages/airflow/example_dags/example_sensors.py
[2024-07-15T10:41:35.763+0100] {processor.py:840} INFO - DAG(s) 'example_sensors' retrieved from /home/victor/airflow_env/lib/python3.10/site-packages/airflow/example_dags/example_sensors.py
[2024-07-15T10:41:35.910+0100] {logging_mixin.py:188} INFO - [2024-07-15T10:41:35.909+0100] {dag.py:3096} INFO - Sync 1 DAGs
[2024-07-15T10:41:35.970+0100] {logging_mixin.py:188} INFO - [2024-07-15T10:41:35.969+0100] {dag.py:3954} INFO - Setting next_dagrun for example_sensors to None, run_after=None
[2024-07-15T10:41:36.245+0100] {processor.py:183} INFO - Processing /home/victor/airflow_env/lib/python3.10/site-packages/airflow/example_dags/example_sensors.py took 0.576 seconds
[2024-07-15T10:42:50.841+0100] {processor.py:161} INFO - Started process (PID=31509) to work on /home/victor/airflow_env/lib/python3.10/site-packages/airflow/example_dags/example_sensors.py
[2024-07-15T10:42:50.845+0100] {processor.py:830} INFO - Processing file /home/victor/airflow_env/lib/python3.10/site-packages/airflow/example_dags/example_sensors.py for tasks to queue
[2024-07-15T10:42:50.852+0100] {logging_mixin.py:188} INFO - [2024-07-15T10:42:50.851+0100] {dagbag.py:545} INFO - Filling up the DagBag from /home/victor/airflow_env/lib/python3.10/site-packages/airflow/example_dags/example_sensors.py
[2024-07-15T10:42:50.900+0100] {processor.py:840} INFO - DAG(s) 'example_sensors' retrieved from /home/victor/airflow_env/lib/python3.10/site-packages/airflow/example_dags/example_sensors.py
[2024-07-15T10:42:51.033+0100] {logging_mixin.py:188} INFO - [2024-07-15T10:42:51.032+0100] {dag.py:3096} INFO - Sync 1 DAGs
[2024-07-15T10:42:51.129+0100] {logging_mixin.py:188} INFO - [2024-07-15T10:42:51.128+0100] {dag.py:3954} INFO - Setting next_dagrun for example_sensors to None, run_after=None
[2024-07-15T10:42:51.462+0100] {processor.py:183} INFO - Processing /home/victor/airflow_env/lib/python3.10/site-packages/airflow/example_dags/example_sensors.py took 0.649 seconds
[2024-07-15T10:44:10.687+0100] {processor.py:161} INFO - Started process (PID=31922) to work on /home/victor/airflow_env/lib/python3.10/site-packages/airflow/example_dags/example_sensors.py
[2024-07-15T10:44:10.692+0100] {processor.py:830} INFO - Processing file /home/victor/airflow_env/lib/python3.10/site-packages/airflow/example_dags/example_sensors.py for tasks to queue
[2024-07-15T10:44:10.699+0100] {logging_mixin.py:188} INFO - [2024-07-15T10:44:10.698+0100] {dagbag.py:545} INFO - Filling up the DagBag from /home/victor/airflow_env/lib/python3.10/site-packages/airflow/example_dags/example_sensors.py
[2024-07-15T10:44:10.749+0100] {processor.py:840} INFO - DAG(s) 'example_sensors' retrieved from /home/victor/airflow_env/lib/python3.10/site-packages/airflow/example_dags/example_sensors.py
[2024-07-15T10:44:10.919+0100] {logging_mixin.py:188} INFO - [2024-07-15T10:44:10.918+0100] {dag.py:3096} INFO - Sync 1 DAGs
[2024-07-15T10:44:10.994+0100] {logging_mixin.py:188} INFO - [2024-07-15T10:44:10.992+0100] {dag.py:3954} INFO - Setting next_dagrun for example_sensors to None, run_after=None
[2024-07-15T10:44:11.334+0100] {processor.py:183} INFO - Processing /home/victor/airflow_env/lib/python3.10/site-packages/airflow/example_dags/example_sensors.py took 0.680 seconds
[2024-07-15T10:45:20.994+0100] {processor.py:161} INFO - Started process (PID=32285) to work on /home/victor/airflow_env/lib/python3.10/site-packages/airflow/example_dags/example_sensors.py
[2024-07-15T10:45:20.999+0100] {processor.py:830} INFO - Processing file /home/victor/airflow_env/lib/python3.10/site-packages/airflow/example_dags/example_sensors.py for tasks to queue
[2024-07-15T10:45:21.006+0100] {logging_mixin.py:188} INFO - [2024-07-15T10:45:21.004+0100] {dagbag.py:545} INFO - Filling up the DagBag from /home/victor/airflow_env/lib/python3.10/site-packages/airflow/example_dags/example_sensors.py
[2024-07-15T10:45:21.054+0100] {processor.py:840} INFO - DAG(s) 'example_sensors' retrieved from /home/victor/airflow_env/lib/python3.10/site-packages/airflow/example_dags/example_sensors.py
[2024-07-15T10:45:21.193+0100] {logging_mixin.py:188} INFO - [2024-07-15T10:45:21.192+0100] {dag.py:3096} INFO - Sync 1 DAGs
[2024-07-15T10:45:21.256+0100] {logging_mixin.py:188} INFO - [2024-07-15T10:45:21.256+0100] {dag.py:3954} INFO - Setting next_dagrun for example_sensors to None, run_after=None
[2024-07-15T10:45:21.577+0100] {processor.py:183} INFO - Processing /home/victor/airflow_env/lib/python3.10/site-packages/airflow/example_dags/example_sensors.py took 0.608 seconds
[2024-07-15T10:46:31.433+0100] {processor.py:161} INFO - Started process (PID=32651) to work on /home/victor/airflow_env/lib/python3.10/site-packages/airflow/example_dags/example_sensors.py
[2024-07-15T10:46:31.438+0100] {processor.py:830} INFO - Processing file /home/victor/airflow_env/lib/python3.10/site-packages/airflow/example_dags/example_sensors.py for tasks to queue
[2024-07-15T10:46:31.444+0100] {logging_mixin.py:188} INFO - [2024-07-15T10:46:31.443+0100] {dagbag.py:545} INFO - Filling up the DagBag from /home/victor/airflow_env/lib/python3.10/site-packages/airflow/example_dags/example_sensors.py
[2024-07-15T10:46:31.487+0100] {processor.py:840} INFO - DAG(s) 'example_sensors' retrieved from /home/victor/airflow_env/lib/python3.10/site-packages/airflow/example_dags/example_sensors.py
[2024-07-15T10:46:31.609+0100] {logging_mixin.py:188} INFO - [2024-07-15T10:46:31.608+0100] {dag.py:3096} INFO - Sync 1 DAGs
[2024-07-15T10:46:31.670+0100] {logging_mixin.py:188} INFO - [2024-07-15T10:46:31.670+0100] {dag.py:3954} INFO - Setting next_dagrun for example_sensors to None, run_after=None
[2024-07-15T10:46:32.004+0100] {processor.py:183} INFO - Processing /home/victor/airflow_env/lib/python3.10/site-packages/airflow/example_dags/example_sensors.py took 0.595 seconds
[2024-07-15T10:47:53.476+0100] {processor.py:161} INFO - Started process (PID=33107) to work on /home/victor/airflow_env/lib/python3.10/site-packages/airflow/example_dags/example_sensors.py
[2024-07-15T10:47:53.482+0100] {processor.py:830} INFO - Processing file /home/victor/airflow_env/lib/python3.10/site-packages/airflow/example_dags/example_sensors.py for tasks to queue
[2024-07-15T10:47:53.489+0100] {logging_mixin.py:188} INFO - [2024-07-15T10:47:53.488+0100] {dagbag.py:545} INFO - Filling up the DagBag from /home/victor/airflow_env/lib/python3.10/site-packages/airflow/example_dags/example_sensors.py
[2024-07-15T10:47:53.540+0100] {processor.py:840} INFO - DAG(s) 'example_sensors' retrieved from /home/victor/airflow_env/lib/python3.10/site-packages/airflow/example_dags/example_sensors.py
[2024-07-15T10:47:53.722+0100] {logging_mixin.py:188} INFO - [2024-07-15T10:47:53.720+0100] {dag.py:3096} INFO - Sync 1 DAGs
[2024-07-15T10:47:53.829+0100] {logging_mixin.py:188} INFO - [2024-07-15T10:47:53.828+0100] {dag.py:3954} INFO - Setting next_dagrun for example_sensors to None, run_after=None
[2024-07-15T10:47:54.243+0100] {processor.py:183} INFO - Processing /home/victor/airflow_env/lib/python3.10/site-packages/airflow/example_dags/example_sensors.py took 0.796 seconds
[2024-07-15T10:49:15.654+0100] {processor.py:161} INFO - Started process (PID=33527) to work on /home/victor/airflow_env/lib/python3.10/site-packages/airflow/example_dags/example_sensors.py
[2024-07-15T10:49:15.658+0100] {processor.py:830} INFO - Processing file /home/victor/airflow_env/lib/python3.10/site-packages/airflow/example_dags/example_sensors.py for tasks to queue
[2024-07-15T10:49:15.665+0100] {logging_mixin.py:188} INFO - [2024-07-15T10:49:15.664+0100] {dagbag.py:545} INFO - Filling up the DagBag from /home/victor/airflow_env/lib/python3.10/site-packages/airflow/example_dags/example_sensors.py
[2024-07-15T10:49:15.722+0100] {processor.py:840} INFO - DAG(s) 'example_sensors' retrieved from /home/victor/airflow_env/lib/python3.10/site-packages/airflow/example_dags/example_sensors.py
[2024-07-15T10:49:15.903+0100] {logging_mixin.py:188} INFO - [2024-07-15T10:49:15.901+0100] {dag.py:3096} INFO - Sync 1 DAGs
[2024-07-15T10:49:15.995+0100] {logging_mixin.py:188} INFO - [2024-07-15T10:49:15.994+0100] {dag.py:3954} INFO - Setting next_dagrun for example_sensors to None, run_after=None
[2024-07-15T10:49:16.466+0100] {processor.py:183} INFO - Processing /home/victor/airflow_env/lib/python3.10/site-packages/airflow/example_dags/example_sensors.py took 0.838 seconds
[2024-07-15T10:50:59.346+0100] {processor.py:161} INFO - Started process (PID=34419) to work on /home/victor/airflow_env/lib/python3.10/site-packages/airflow/example_dags/example_sensors.py
[2024-07-15T10:50:59.351+0100] {processor.py:830} INFO - Processing file /home/victor/airflow_env/lib/python3.10/site-packages/airflow/example_dags/example_sensors.py for tasks to queue
[2024-07-15T10:50:59.358+0100] {logging_mixin.py:188} INFO - [2024-07-15T10:50:59.356+0100] {dagbag.py:545} INFO - Filling up the DagBag from /home/victor/airflow_env/lib/python3.10/site-packages/airflow/example_dags/example_sensors.py
[2024-07-15T10:50:59.406+0100] {processor.py:840} INFO - DAG(s) 'example_sensors' retrieved from /home/victor/airflow_env/lib/python3.10/site-packages/airflow/example_dags/example_sensors.py
[2024-07-15T10:50:59.564+0100] {logging_mixin.py:188} INFO - [2024-07-15T10:50:59.563+0100] {dag.py:3096} INFO - Sync 1 DAGs
[2024-07-15T10:50:59.629+0100] {logging_mixin.py:188} INFO - [2024-07-15T10:50:59.628+0100] {dag.py:3954} INFO - Setting next_dagrun for example_sensors to None, run_after=None
[2024-07-15T10:51:00.024+0100] {processor.py:183} INFO - Processing /home/victor/airflow_env/lib/python3.10/site-packages/airflow/example_dags/example_sensors.py took 0.706 seconds
