[2024-07-15T09:49:53.546+0100] {processor.py:161} INFO - Started process (PID=11020) to work on /home/victor/airflow_env/lib/python3.10/site-packages/airflow/example_dags/example_branch_labels.py
[2024-07-15T09:49:53.551+0100] {processor.py:830} INFO - Processing file /home/victor/airflow_env/lib/python3.10/site-packages/airflow/example_dags/example_branch_labels.py for tasks to queue
[2024-07-15T09:49:53.558+0100] {logging_mixin.py:188} INFO - [2024-07-15T09:49:53.557+0100] {dagbag.py:545} INFO - Filling up the DagBag from /home/victor/airflow_env/lib/python3.10/site-packages/airflow/example_dags/example_branch_labels.py
[2024-07-15T09:49:53.596+0100] {processor.py:840} INFO - DAG(s) 'example_branch_labels' retrieved from /home/victor/airflow_env/lib/python3.10/site-packages/airflow/example_dags/example_branch_labels.py
[2024-07-15T09:49:53.715+0100] {logging_mixin.py:188} INFO - [2024-07-15T09:49:53.714+0100] {dag.py:3096} INFO - Sync 1 DAGs
[2024-07-15T09:49:53.838+0100] {logging_mixin.py:188} INFO - [2024-07-15T09:49:53.837+0100] {dag.py:3954} INFO - Setting next_dagrun for example_branch_labels to 2024-07-14 00:00:00+00:00, run_after=2024-07-15 00:00:00+00:00
[2024-07-15T09:49:54.134+0100] {processor.py:183} INFO - Processing /home/victor/airflow_env/lib/python3.10/site-packages/airflow/example_dags/example_branch_labels.py took 0.611 seconds
[2024-07-15T09:52:38.125+0100] {processor.py:161} INFO - Started process (PID=12027) to work on /home/victor/airflow_env/lib/python3.10/site-packages/airflow/example_dags/example_branch_labels.py
[2024-07-15T09:52:38.130+0100] {processor.py:830} INFO - Processing file /home/victor/airflow_env/lib/python3.10/site-packages/airflow/example_dags/example_branch_labels.py for tasks to queue
[2024-07-15T09:52:38.140+0100] {logging_mixin.py:188} INFO - [2024-07-15T09:52:38.138+0100] {dagbag.py:545} INFO - Filling up the DagBag from /home/victor/airflow_env/lib/python3.10/site-packages/airflow/example_dags/example_branch_labels.py
[2024-07-15T09:52:38.196+0100] {processor.py:840} INFO - DAG(s) 'example_branch_labels' retrieved from /home/victor/airflow_env/lib/python3.10/site-packages/airflow/example_dags/example_branch_labels.py
[2024-07-15T09:52:38.395+0100] {logging_mixin.py:188} INFO - [2024-07-15T09:52:38.394+0100] {dag.py:3096} INFO - Sync 1 DAGs
[2024-07-15T09:52:38.885+0100] {logging_mixin.py:188} INFO - [2024-07-15T09:52:38.882+0100] {dag.py:3954} INFO - Setting next_dagrun for example_branch_labels to 2024-07-14 00:00:00+00:00, run_after=2024-07-15 00:00:00+00:00
[2024-07-15T09:52:39.322+0100] {processor.py:183} INFO - Processing /home/victor/airflow_env/lib/python3.10/site-packages/airflow/example_dags/example_branch_labels.py took 1.228 seconds
[2024-07-15T09:56:24.393+0100] {processor.py:161} INFO - Started process (PID=13647) to work on /home/victor/airflow_env/lib/python3.10/site-packages/airflow/example_dags/example_branch_labels.py
[2024-07-15T09:56:24.400+0100] {processor.py:830} INFO - Processing file /home/victor/airflow_env/lib/python3.10/site-packages/airflow/example_dags/example_branch_labels.py for tasks to queue
[2024-07-15T09:56:24.408+0100] {logging_mixin.py:188} INFO - [2024-07-15T09:56:24.406+0100] {dagbag.py:545} INFO - Filling up the DagBag from /home/victor/airflow_env/lib/python3.10/site-packages/airflow/example_dags/example_branch_labels.py
[2024-07-15T09:56:24.459+0100] {processor.py:840} INFO - DAG(s) 'example_branch_labels' retrieved from /home/victor/airflow_env/lib/python3.10/site-packages/airflow/example_dags/example_branch_labels.py
[2024-07-15T09:56:24.609+0100] {logging_mixin.py:188} INFO - [2024-07-15T09:56:24.608+0100] {dag.py:3096} INFO - Sync 1 DAGs
[2024-07-15T09:56:24.933+0100] {logging_mixin.py:188} INFO - [2024-07-15T09:56:24.932+0100] {dag.py:3954} INFO - Setting next_dagrun for example_branch_labels to 2024-07-14 00:00:00+00:00, run_after=2024-07-15 00:00:00+00:00
[2024-07-15T09:56:25.327+0100] {processor.py:183} INFO - Processing /home/victor/airflow_env/lib/python3.10/site-packages/airflow/example_dags/example_branch_labels.py took 0.982 seconds
[2024-07-15T09:59:33.869+0100] {processor.py:161} INFO - Started process (PID=14861) to work on /home/victor/airflow_env/lib/python3.10/site-packages/airflow/example_dags/example_branch_labels.py
[2024-07-15T09:59:33.874+0100] {processor.py:830} INFO - Processing file /home/victor/airflow_env/lib/python3.10/site-packages/airflow/example_dags/example_branch_labels.py for tasks to queue
[2024-07-15T09:59:33.889+0100] {logging_mixin.py:188} INFO - [2024-07-15T09:59:33.883+0100] {dagbag.py:545} INFO - Filling up the DagBag from /home/victor/airflow_env/lib/python3.10/site-packages/airflow/example_dags/example_branch_labels.py
[2024-07-15T09:59:33.952+0100] {processor.py:840} INFO - DAG(s) 'example_branch_labels' retrieved from /home/victor/airflow_env/lib/python3.10/site-packages/airflow/example_dags/example_branch_labels.py
[2024-07-15T09:59:34.109+0100] {logging_mixin.py:188} INFO - [2024-07-15T09:59:34.107+0100] {dag.py:3096} INFO - Sync 1 DAGs
[2024-07-15T09:59:34.278+0100] {logging_mixin.py:188} INFO - [2024-07-15T09:59:34.277+0100] {dag.py:3954} INFO - Setting next_dagrun for example_branch_labels to 2024-07-14 00:00:00+00:00, run_after=2024-07-15 00:00:00+00:00
[2024-07-15T09:59:34.607+0100] {processor.py:183} INFO - Processing /home/victor/airflow_env/lib/python3.10/site-packages/airflow/example_dags/example_branch_labels.py took 0.769 seconds
[2024-07-15T10:02:17.800+0100] {processor.py:161} INFO - Started process (PID=16144) to work on /home/victor/airflow_env/lib/python3.10/site-packages/airflow/example_dags/example_branch_labels.py
[2024-07-15T10:02:17.809+0100] {processor.py:830} INFO - Processing file /home/victor/airflow_env/lib/python3.10/site-packages/airflow/example_dags/example_branch_labels.py for tasks to queue
[2024-07-15T10:02:17.822+0100] {logging_mixin.py:188} INFO - [2024-07-15T10:02:17.820+0100] {dagbag.py:545} INFO - Filling up the DagBag from /home/victor/airflow_env/lib/python3.10/site-packages/airflow/example_dags/example_branch_labels.py
[2024-07-15T10:02:17.875+0100] {processor.py:840} INFO - DAG(s) 'example_branch_labels' retrieved from /home/victor/airflow_env/lib/python3.10/site-packages/airflow/example_dags/example_branch_labels.py
[2024-07-15T10:02:18.013+0100] {logging_mixin.py:188} INFO - [2024-07-15T10:02:18.012+0100] {dag.py:3096} INFO - Sync 1 DAGs
[2024-07-15T10:02:18.274+0100] {logging_mixin.py:188} INFO - [2024-07-15T10:02:18.273+0100] {dag.py:3954} INFO - Setting next_dagrun for example_branch_labels to 2024-07-14 00:00:00+00:00, run_after=2024-07-15 00:00:00+00:00
[2024-07-15T10:02:18.740+0100] {processor.py:183} INFO - Processing /home/victor/airflow_env/lib/python3.10/site-packages/airflow/example_dags/example_branch_labels.py took 0.990 seconds
[2024-07-15T10:04:44.964+0100] {processor.py:161} INFO - Started process (PID=17214) to work on /home/victor/airflow_env/lib/python3.10/site-packages/airflow/example_dags/example_branch_labels.py
[2024-07-15T10:04:44.971+0100] {processor.py:830} INFO - Processing file /home/victor/airflow_env/lib/python3.10/site-packages/airflow/example_dags/example_branch_labels.py for tasks to queue
[2024-07-15T10:04:44.978+0100] {logging_mixin.py:188} INFO - [2024-07-15T10:04:44.976+0100] {dagbag.py:545} INFO - Filling up the DagBag from /home/victor/airflow_env/lib/python3.10/site-packages/airflow/example_dags/example_branch_labels.py
[2024-07-15T10:04:45.013+0100] {processor.py:840} INFO - DAG(s) 'example_branch_labels' retrieved from /home/victor/airflow_env/lib/python3.10/site-packages/airflow/example_dags/example_branch_labels.py
[2024-07-15T10:04:45.107+0100] {logging_mixin.py:188} INFO - [2024-07-15T10:04:45.106+0100] {dag.py:3096} INFO - Sync 1 DAGs
[2024-07-15T10:04:45.221+0100] {logging_mixin.py:188} INFO - [2024-07-15T10:04:45.220+0100] {dag.py:3954} INFO - Setting next_dagrun for example_branch_labels to 2024-07-14 00:00:00+00:00, run_after=2024-07-15 00:00:00+00:00
[2024-07-15T10:04:45.513+0100] {processor.py:183} INFO - Processing /home/victor/airflow_env/lib/python3.10/site-packages/airflow/example_dags/example_branch_labels.py took 0.574 seconds
[2024-07-15T10:07:46.971+0100] {processor.py:161} INFO - Started process (PID=18454) to work on /home/victor/airflow_env/lib/python3.10/site-packages/airflow/example_dags/example_branch_labels.py
[2024-07-15T10:07:46.975+0100] {processor.py:830} INFO - Processing file /home/victor/airflow_env/lib/python3.10/site-packages/airflow/example_dags/example_branch_labels.py for tasks to queue
[2024-07-15T10:07:46.983+0100] {logging_mixin.py:188} INFO - [2024-07-15T10:07:46.982+0100] {dagbag.py:545} INFO - Filling up the DagBag from /home/victor/airflow_env/lib/python3.10/site-packages/airflow/example_dags/example_branch_labels.py
[2024-07-15T10:07:47.022+0100] {processor.py:840} INFO - DAG(s) 'example_branch_labels' retrieved from /home/victor/airflow_env/lib/python3.10/site-packages/airflow/example_dags/example_branch_labels.py
[2024-07-15T10:07:47.137+0100] {logging_mixin.py:188} INFO - [2024-07-15T10:07:47.136+0100] {dag.py:3096} INFO - Sync 1 DAGs
[2024-07-15T10:07:47.288+0100] {logging_mixin.py:188} INFO - [2024-07-15T10:07:47.286+0100] {dag.py:3954} INFO - Setting next_dagrun for example_branch_labels to 2024-07-14 00:00:00+00:00, run_after=2024-07-15 00:00:00+00:00
[2024-07-15T10:07:48.042+0100] {processor.py:183} INFO - Processing /home/victor/airflow_env/lib/python3.10/site-packages/airflow/example_dags/example_branch_labels.py took 1.098 seconds
[2024-07-15T10:10:47.817+0100] {processor.py:161} INFO - Started process (PID=19616) to work on /home/victor/airflow_env/lib/python3.10/site-packages/airflow/example_dags/example_branch_labels.py
[2024-07-15T10:10:47.821+0100] {processor.py:830} INFO - Processing file /home/victor/airflow_env/lib/python3.10/site-packages/airflow/example_dags/example_branch_labels.py for tasks to queue
[2024-07-15T10:10:47.828+0100] {logging_mixin.py:188} INFO - [2024-07-15T10:10:47.826+0100] {dagbag.py:545} INFO - Filling up the DagBag from /home/victor/airflow_env/lib/python3.10/site-packages/airflow/example_dags/example_branch_labels.py
[2024-07-15T10:10:47.877+0100] {processor.py:840} INFO - DAG(s) 'example_branch_labels' retrieved from /home/victor/airflow_env/lib/python3.10/site-packages/airflow/example_dags/example_branch_labels.py
[2024-07-15T10:10:47.990+0100] {logging_mixin.py:188} INFO - [2024-07-15T10:10:47.989+0100] {dag.py:3096} INFO - Sync 1 DAGs
[2024-07-15T10:10:48.126+0100] {logging_mixin.py:188} INFO - [2024-07-15T10:10:48.125+0100] {dag.py:3954} INFO - Setting next_dagrun for example_branch_labels to 2024-07-14 00:00:00+00:00, run_after=2024-07-15 00:00:00+00:00
[2024-07-15T10:10:48.492+0100] {processor.py:183} INFO - Processing /home/victor/airflow_env/lib/python3.10/site-packages/airflow/example_dags/example_branch_labels.py took 0.705 seconds
[2024-07-15T10:13:35.629+0100] {processor.py:161} INFO - Started process (PID=20521) to work on /home/victor/airflow_env/lib/python3.10/site-packages/airflow/example_dags/example_branch_labels.py
[2024-07-15T10:13:35.633+0100] {processor.py:830} INFO - Processing file /home/victor/airflow_env/lib/python3.10/site-packages/airflow/example_dags/example_branch_labels.py for tasks to queue
[2024-07-15T10:13:35.640+0100] {logging_mixin.py:188} INFO - [2024-07-15T10:13:35.638+0100] {dagbag.py:545} INFO - Filling up the DagBag from /home/victor/airflow_env/lib/python3.10/site-packages/airflow/example_dags/example_branch_labels.py
[2024-07-15T10:13:35.677+0100] {processor.py:840} INFO - DAG(s) 'example_branch_labels' retrieved from /home/victor/airflow_env/lib/python3.10/site-packages/airflow/example_dags/example_branch_labels.py
[2024-07-15T10:13:35.776+0100] {logging_mixin.py:188} INFO - [2024-07-15T10:13:35.776+0100] {dag.py:3096} INFO - Sync 1 DAGs
[2024-07-15T10:13:35.887+0100] {logging_mixin.py:188} INFO - [2024-07-15T10:13:35.886+0100] {dag.py:3954} INFO - Setting next_dagrun for example_branch_labels to 2024-07-14 00:00:00+00:00, run_after=2024-07-15 00:00:00+00:00
[2024-07-15T10:13:36.217+0100] {processor.py:183} INFO - Processing /home/victor/airflow_env/lib/python3.10/site-packages/airflow/example_dags/example_branch_labels.py took 0.612 seconds
[2024-07-15T10:16:33.065+0100] {processor.py:161} INFO - Started process (PID=21551) to work on /home/victor/airflow_env/lib/python3.10/site-packages/airflow/example_dags/example_branch_labels.py
[2024-07-15T10:16:33.070+0100] {processor.py:830} INFO - Processing file /home/victor/airflow_env/lib/python3.10/site-packages/airflow/example_dags/example_branch_labels.py for tasks to queue
[2024-07-15T10:16:33.093+0100] {logging_mixin.py:188} INFO - [2024-07-15T10:16:33.091+0100] {dagbag.py:545} INFO - Filling up the DagBag from /home/victor/airflow_env/lib/python3.10/site-packages/airflow/example_dags/example_branch_labels.py
[2024-07-15T10:16:33.161+0100] {processor.py:840} INFO - DAG(s) 'example_branch_labels' retrieved from /home/victor/airflow_env/lib/python3.10/site-packages/airflow/example_dags/example_branch_labels.py
[2024-07-15T10:16:33.336+0100] {logging_mixin.py:188} INFO - [2024-07-15T10:16:33.335+0100] {dag.py:3096} INFO - Sync 1 DAGs
[2024-07-15T10:16:33.506+0100] {logging_mixin.py:188} INFO - [2024-07-15T10:16:33.504+0100] {dag.py:3954} INFO - Setting next_dagrun for example_branch_labels to 2024-07-14 00:00:00+00:00, run_after=2024-07-15 00:00:00+00:00
[2024-07-15T10:16:33.832+0100] {processor.py:183} INFO - Processing /home/victor/airflow_env/lib/python3.10/site-packages/airflow/example_dags/example_branch_labels.py took 0.817 seconds
[2024-07-15T10:19:28.812+0100] {processor.py:161} INFO - Started process (PID=22714) to work on /home/victor/airflow_env/lib/python3.10/site-packages/airflow/example_dags/example_branch_labels.py
[2024-07-15T10:19:28.817+0100] {processor.py:830} INFO - Processing file /home/victor/airflow_env/lib/python3.10/site-packages/airflow/example_dags/example_branch_labels.py for tasks to queue
[2024-07-15T10:19:28.824+0100] {logging_mixin.py:188} INFO - [2024-07-15T10:19:28.823+0100] {dagbag.py:545} INFO - Filling up the DagBag from /home/victor/airflow_env/lib/python3.10/site-packages/airflow/example_dags/example_branch_labels.py
[2024-07-15T10:19:28.872+0100] {processor.py:840} INFO - DAG(s) 'example_branch_labels' retrieved from /home/victor/airflow_env/lib/python3.10/site-packages/airflow/example_dags/example_branch_labels.py
[2024-07-15T10:19:29.026+0100] {logging_mixin.py:188} INFO - [2024-07-15T10:19:29.023+0100] {dag.py:3096} INFO - Sync 1 DAGs
[2024-07-15T10:19:29.237+0100] {logging_mixin.py:188} INFO - [2024-07-15T10:19:29.236+0100] {dag.py:3954} INFO - Setting next_dagrun for example_branch_labels to 2024-07-14 00:00:00+00:00, run_after=2024-07-15 00:00:00+00:00
[2024-07-15T10:19:29.656+0100] {processor.py:183} INFO - Processing /home/victor/airflow_env/lib/python3.10/site-packages/airflow/example_dags/example_branch_labels.py took 0.884 seconds
[2024-07-15T10:23:24.932+0100] {processor.py:161} INFO - Started process (PID=24618) to work on /home/victor/airflow_env/lib/python3.10/site-packages/airflow/example_dags/example_branch_labels.py
[2024-07-15T10:23:24.979+0100] {processor.py:830} INFO - Processing file /home/victor/airflow_env/lib/python3.10/site-packages/airflow/example_dags/example_branch_labels.py for tasks to queue
[2024-07-15T10:23:25.029+0100] {logging_mixin.py:188} INFO - [2024-07-15T10:23:25.027+0100] {dagbag.py:545} INFO - Filling up the DagBag from /home/victor/airflow_env/lib/python3.10/site-packages/airflow/example_dags/example_branch_labels.py
[2024-07-15T10:23:25.142+0100] {processor.py:840} INFO - DAG(s) 'example_branch_labels' retrieved from /home/victor/airflow_env/lib/python3.10/site-packages/airflow/example_dags/example_branch_labels.py
[2024-07-15T10:23:25.464+0100] {logging_mixin.py:188} INFO - [2024-07-15T10:23:25.463+0100] {dag.py:3096} INFO - Sync 1 DAGs
[2024-07-15T10:23:25.853+0100] {logging_mixin.py:188} INFO - [2024-07-15T10:23:25.852+0100] {dag.py:3954} INFO - Setting next_dagrun for example_branch_labels to 2024-07-14 00:00:00+00:00, run_after=2024-07-15 00:00:00+00:00
[2024-07-15T10:23:26.463+0100] {processor.py:183} INFO - Processing /home/victor/airflow_env/lib/python3.10/site-packages/airflow/example_dags/example_branch_labels.py took 1.598 seconds
[2024-07-15T10:26:57.900+0100] {processor.py:161} INFO - Started process (PID=26147) to work on /home/victor/airflow_env/lib/python3.10/site-packages/airflow/example_dags/example_branch_labels.py
[2024-07-15T10:26:57.907+0100] {processor.py:830} INFO - Processing file /home/victor/airflow_env/lib/python3.10/site-packages/airflow/example_dags/example_branch_labels.py for tasks to queue
[2024-07-15T10:26:57.919+0100] {logging_mixin.py:188} INFO - [2024-07-15T10:26:57.915+0100] {dagbag.py:545} INFO - Filling up the DagBag from /home/victor/airflow_env/lib/python3.10/site-packages/airflow/example_dags/example_branch_labels.py
[2024-07-15T10:26:57.987+0100] {processor.py:840} INFO - DAG(s) 'example_branch_labels' retrieved from /home/victor/airflow_env/lib/python3.10/site-packages/airflow/example_dags/example_branch_labels.py
[2024-07-15T10:26:58.150+0100] {logging_mixin.py:188} INFO - [2024-07-15T10:26:58.149+0100] {dag.py:3096} INFO - Sync 1 DAGs
[2024-07-15T10:26:58.308+0100] {logging_mixin.py:188} INFO - [2024-07-15T10:26:58.307+0100] {dag.py:3954} INFO - Setting next_dagrun for example_branch_labels to 2024-07-14 00:00:00+00:00, run_after=2024-07-15 00:00:00+00:00
[2024-07-15T10:26:58.808+0100] {processor.py:183} INFO - Processing /home/victor/airflow_env/lib/python3.10/site-packages/airflow/example_dags/example_branch_labels.py took 0.938 seconds
[2024-07-15T10:29:59.214+0100] {processor.py:161} INFO - Started process (PID=27125) to work on /home/victor/airflow_env/lib/python3.10/site-packages/airflow/example_dags/example_branch_labels.py
[2024-07-15T10:29:59.218+0100] {processor.py:830} INFO - Processing file /home/victor/airflow_env/lib/python3.10/site-packages/airflow/example_dags/example_branch_labels.py for tasks to queue
[2024-07-15T10:29:59.225+0100] {logging_mixin.py:188} INFO - [2024-07-15T10:29:59.223+0100] {dagbag.py:545} INFO - Filling up the DagBag from /home/victor/airflow_env/lib/python3.10/site-packages/airflow/example_dags/example_branch_labels.py
[2024-07-15T10:29:59.261+0100] {processor.py:840} INFO - DAG(s) 'example_branch_labels' retrieved from /home/victor/airflow_env/lib/python3.10/site-packages/airflow/example_dags/example_branch_labels.py
[2024-07-15T10:29:59.362+0100] {logging_mixin.py:188} INFO - [2024-07-15T10:29:59.360+0100] {dag.py:3096} INFO - Sync 1 DAGs
[2024-07-15T10:29:59.482+0100] {logging_mixin.py:188} INFO - [2024-07-15T10:29:59.481+0100] {dag.py:3954} INFO - Setting next_dagrun for example_branch_labels to 2024-07-14 00:00:00+00:00, run_after=2024-07-15 00:00:00+00:00
[2024-07-15T10:29:59.777+0100] {processor.py:183} INFO - Processing /home/victor/airflow_env/lib/python3.10/site-packages/airflow/example_dags/example_branch_labels.py took 0.593 seconds
[2024-07-15T10:32:42.476+0100] {processor.py:161} INFO - Started process (PID=27993) to work on /home/victor/airflow_env/lib/python3.10/site-packages/airflow/example_dags/example_branch_labels.py
[2024-07-15T10:32:42.480+0100] {processor.py:830} INFO - Processing file /home/victor/airflow_env/lib/python3.10/site-packages/airflow/example_dags/example_branch_labels.py for tasks to queue
[2024-07-15T10:32:42.489+0100] {logging_mixin.py:188} INFO - [2024-07-15T10:32:42.486+0100] {dagbag.py:545} INFO - Filling up the DagBag from /home/victor/airflow_env/lib/python3.10/site-packages/airflow/example_dags/example_branch_labels.py
[2024-07-15T10:32:42.531+0100] {processor.py:840} INFO - DAG(s) 'example_branch_labels' retrieved from /home/victor/airflow_env/lib/python3.10/site-packages/airflow/example_dags/example_branch_labels.py
[2024-07-15T10:32:42.644+0100] {logging_mixin.py:188} INFO - [2024-07-15T10:32:42.643+0100] {dag.py:3096} INFO - Sync 1 DAGs
[2024-07-15T10:32:42.789+0100] {logging_mixin.py:188} INFO - [2024-07-15T10:32:42.787+0100] {dag.py:3954} INFO - Setting next_dagrun for example_branch_labels to 2024-07-14 00:00:00+00:00, run_after=2024-07-15 00:00:00+00:00
[2024-07-15T10:32:43.100+0100] {processor.py:183} INFO - Processing /home/victor/airflow_env/lib/python3.10/site-packages/airflow/example_dags/example_branch_labels.py took 0.653 seconds
[2024-07-15T10:35:34.978+0100] {processor.py:161} INFO - Started process (PID=29129) to work on /home/victor/airflow_env/lib/python3.10/site-packages/airflow/example_dags/example_branch_labels.py
[2024-07-15T10:35:34.982+0100] {processor.py:830} INFO - Processing file /home/victor/airflow_env/lib/python3.10/site-packages/airflow/example_dags/example_branch_labels.py for tasks to queue
[2024-07-15T10:35:34.989+0100] {logging_mixin.py:188} INFO - [2024-07-15T10:35:34.987+0100] {dagbag.py:545} INFO - Filling up the DagBag from /home/victor/airflow_env/lib/python3.10/site-packages/airflow/example_dags/example_branch_labels.py
[2024-07-15T10:35:35.024+0100] {processor.py:840} INFO - DAG(s) 'example_branch_labels' retrieved from /home/victor/airflow_env/lib/python3.10/site-packages/airflow/example_dags/example_branch_labels.py
[2024-07-15T10:35:35.180+0100] {logging_mixin.py:188} INFO - [2024-07-15T10:35:35.179+0100] {dag.py:3096} INFO - Sync 1 DAGs
[2024-07-15T10:35:35.386+0100] {logging_mixin.py:188} INFO - [2024-07-15T10:35:35.385+0100] {dag.py:3954} INFO - Setting next_dagrun for example_branch_labels to 2024-07-14 00:00:00+00:00, run_after=2024-07-15 00:00:00+00:00
[2024-07-15T10:35:35.748+0100] {processor.py:183} INFO - Processing /home/victor/airflow_env/lib/python3.10/site-packages/airflow/example_dags/example_branch_labels.py took 0.795 seconds
[2024-07-15T10:38:26.480+0100] {processor.py:161} INFO - Started process (PID=30120) to work on /home/victor/airflow_env/lib/python3.10/site-packages/airflow/example_dags/example_branch_labels.py
[2024-07-15T10:38:26.485+0100] {processor.py:830} INFO - Processing file /home/victor/airflow_env/lib/python3.10/site-packages/airflow/example_dags/example_branch_labels.py for tasks to queue
[2024-07-15T10:38:26.492+0100] {logging_mixin.py:188} INFO - [2024-07-15T10:38:26.490+0100] {dagbag.py:545} INFO - Filling up the DagBag from /home/victor/airflow_env/lib/python3.10/site-packages/airflow/example_dags/example_branch_labels.py
[2024-07-15T10:38:26.533+0100] {processor.py:840} INFO - DAG(s) 'example_branch_labels' retrieved from /home/victor/airflow_env/lib/python3.10/site-packages/airflow/example_dags/example_branch_labels.py
[2024-07-15T10:38:26.651+0100] {logging_mixin.py:188} INFO - [2024-07-15T10:38:26.650+0100] {dag.py:3096} INFO - Sync 1 DAGs
[2024-07-15T10:38:26.803+0100] {logging_mixin.py:188} INFO - [2024-07-15T10:38:26.802+0100] {dag.py:3954} INFO - Setting next_dagrun for example_branch_labels to 2024-07-14 00:00:00+00:00, run_after=2024-07-15 00:00:00+00:00
[2024-07-15T10:38:27.101+0100] {processor.py:183} INFO - Processing /home/victor/airflow_env/lib/python3.10/site-packages/airflow/example_dags/example_branch_labels.py took 0.650 seconds
[2024-07-15T10:40:54.618+0100] {processor.py:161} INFO - Started process (PID=30883) to work on /home/victor/airflow_env/lib/python3.10/site-packages/airflow/example_dags/example_branch_labels.py
[2024-07-15T10:40:54.622+0100] {processor.py:830} INFO - Processing file /home/victor/airflow_env/lib/python3.10/site-packages/airflow/example_dags/example_branch_labels.py for tasks to queue
[2024-07-15T10:40:54.638+0100] {logging_mixin.py:188} INFO - [2024-07-15T10:40:54.636+0100] {dagbag.py:545} INFO - Filling up the DagBag from /home/victor/airflow_env/lib/python3.10/site-packages/airflow/example_dags/example_branch_labels.py
[2024-07-15T10:40:54.702+0100] {processor.py:840} INFO - DAG(s) 'example_branch_labels' retrieved from /home/victor/airflow_env/lib/python3.10/site-packages/airflow/example_dags/example_branch_labels.py
[2024-07-15T10:40:54.822+0100] {logging_mixin.py:188} INFO - [2024-07-15T10:40:54.821+0100] {dag.py:3096} INFO - Sync 1 DAGs
[2024-07-15T10:40:54.940+0100] {logging_mixin.py:188} INFO - [2024-07-15T10:40:54.940+0100] {dag.py:3954} INFO - Setting next_dagrun for example_branch_labels to 2024-07-14 00:00:00+00:00, run_after=2024-07-15 00:00:00+00:00
[2024-07-15T10:40:55.230+0100] {processor.py:183} INFO - Processing /home/victor/airflow_env/lib/python3.10/site-packages/airflow/example_dags/example_branch_labels.py took 0.649 seconds
[2024-07-15T10:43:30.610+0100] {processor.py:161} INFO - Started process (PID=31712) to work on /home/victor/airflow_env/lib/python3.10/site-packages/airflow/example_dags/example_branch_labels.py
[2024-07-15T10:43:30.615+0100] {processor.py:830} INFO - Processing file /home/victor/airflow_env/lib/python3.10/site-packages/airflow/example_dags/example_branch_labels.py for tasks to queue
[2024-07-15T10:43:30.625+0100] {logging_mixin.py:188} INFO - [2024-07-15T10:43:30.620+0100] {dagbag.py:545} INFO - Filling up the DagBag from /home/victor/airflow_env/lib/python3.10/site-packages/airflow/example_dags/example_branch_labels.py
[2024-07-15T10:43:30.666+0100] {processor.py:840} INFO - DAG(s) 'example_branch_labels' retrieved from /home/victor/airflow_env/lib/python3.10/site-packages/airflow/example_dags/example_branch_labels.py
[2024-07-15T10:43:30.806+0100] {logging_mixin.py:188} INFO - [2024-07-15T10:43:30.805+0100] {dag.py:3096} INFO - Sync 1 DAGs
[2024-07-15T10:43:30.993+0100] {logging_mixin.py:188} INFO - [2024-07-15T10:43:30.992+0100] {dag.py:3954} INFO - Setting next_dagrun for example_branch_labels to 2024-07-14 00:00:00+00:00, run_after=2024-07-15 00:00:00+00:00
[2024-07-15T10:43:31.306+0100] {processor.py:183} INFO - Processing /home/victor/airflow_env/lib/python3.10/site-packages/airflow/example_dags/example_branch_labels.py took 0.725 seconds
[2024-07-15T10:45:55.430+0100] {processor.py:161} INFO - Started process (PID=32463) to work on /home/victor/airflow_env/lib/python3.10/site-packages/airflow/example_dags/example_branch_labels.py
[2024-07-15T10:45:55.434+0100] {processor.py:830} INFO - Processing file /home/victor/airflow_env/lib/python3.10/site-packages/airflow/example_dags/example_branch_labels.py for tasks to queue
[2024-07-15T10:45:55.445+0100] {logging_mixin.py:188} INFO - [2024-07-15T10:45:55.443+0100] {dagbag.py:545} INFO - Filling up the DagBag from /home/victor/airflow_env/lib/python3.10/site-packages/airflow/example_dags/example_branch_labels.py
[2024-07-15T10:45:55.489+0100] {processor.py:840} INFO - DAG(s) 'example_branch_labels' retrieved from /home/victor/airflow_env/lib/python3.10/site-packages/airflow/example_dags/example_branch_labels.py
[2024-07-15T10:45:55.583+0100] {logging_mixin.py:188} INFO - [2024-07-15T10:45:55.582+0100] {dag.py:3096} INFO - Sync 1 DAGs
[2024-07-15T10:45:55.698+0100] {logging_mixin.py:188} INFO - [2024-07-15T10:45:55.697+0100] {dag.py:3954} INFO - Setting next_dagrun for example_branch_labels to 2024-07-14 00:00:00+00:00, run_after=2024-07-15 00:00:00+00:00
[2024-07-15T10:45:56.011+0100] {processor.py:183} INFO - Processing /home/victor/airflow_env/lib/python3.10/site-packages/airflow/example_dags/example_branch_labels.py took 0.608 seconds
[2024-07-15T10:48:33.062+0100] {processor.py:161} INFO - Started process (PID=33308) to work on /home/victor/airflow_env/lib/python3.10/site-packages/airflow/example_dags/example_branch_labels.py
[2024-07-15T10:48:33.068+0100] {processor.py:830} INFO - Processing file /home/victor/airflow_env/lib/python3.10/site-packages/airflow/example_dags/example_branch_labels.py for tasks to queue
[2024-07-15T10:48:33.079+0100] {logging_mixin.py:188} INFO - [2024-07-15T10:48:33.076+0100] {dagbag.py:545} INFO - Filling up the DagBag from /home/victor/airflow_env/lib/python3.10/site-packages/airflow/example_dags/example_branch_labels.py
[2024-07-15T10:48:33.147+0100] {processor.py:840} INFO - DAG(s) 'example_branch_labels' retrieved from /home/victor/airflow_env/lib/python3.10/site-packages/airflow/example_dags/example_branch_labels.py
[2024-07-15T10:48:33.304+0100] {logging_mixin.py:188} INFO - [2024-07-15T10:48:33.303+0100] {dag.py:3096} INFO - Sync 1 DAGs
[2024-07-15T10:48:33.448+0100] {logging_mixin.py:188} INFO - [2024-07-15T10:48:33.447+0100] {dag.py:3954} INFO - Setting next_dagrun for example_branch_labels to 2024-07-14 00:00:00+00:00, run_after=2024-07-15 00:00:00+00:00
[2024-07-15T10:48:33.762+0100] {processor.py:183} INFO - Processing /home/victor/airflow_env/lib/python3.10/site-packages/airflow/example_dags/example_branch_labels.py took 0.733 seconds
