[2024-07-15T09:48:01.510+0100] {processor.py:161} INFO - Started process (PID=10047) to work on /home/victor/airflow_env/lib/python3.10/site-packages/airflow/example_dags/example_short_circuit_operator.py
[2024-07-15T09:48:01.518+0100] {processor.py:830} INFO - Processing file /home/victor/airflow_env/lib/python3.10/site-packages/airflow/example_dags/example_short_circuit_operator.py for tasks to queue
[2024-07-15T09:48:01.527+0100] {logging_mixin.py:188} INFO - [2024-07-15T09:48:01.524+0100] {dagbag.py:545} INFO - Filling up the DagBag from /home/victor/airflow_env/lib/python3.10/site-packages/airflow/example_dags/example_short_circuit_operator.py
[2024-07-15T09:48:01.649+0100] {processor.py:840} INFO - DAG(s) 'example_short_circuit_operator' retrieved from /home/victor/airflow_env/lib/python3.10/site-packages/airflow/example_dags/example_short_circuit_operator.py
[2024-07-15T09:48:01.855+0100] {logging_mixin.py:188} INFO - [2024-07-15T09:48:01.855+0100] {dag.py:3096} INFO - Sync 1 DAGs
[2024-07-15T09:48:01.984+0100] {logging_mixin.py:188} INFO - [2024-07-15T09:48:01.983+0100] {dag.py:3954} INFO - Setting next_dagrun for example_short_circuit_operator to 2024-07-14 00:00:00+00:00, run_after=2024-07-15 00:00:00+00:00
[2024-07-15T09:48:02.322+0100] {processor.py:183} INFO - Processing /home/victor/airflow_env/lib/python3.10/site-packages/airflow/example_dags/example_short_circuit_operator.py took 0.858 seconds
[2024-07-15T09:50:23.483+0100] {processor.py:161} INFO - Started process (PID=11180) to work on /home/victor/airflow_env/lib/python3.10/site-packages/airflow/example_dags/example_short_circuit_operator.py
[2024-07-15T09:50:23.487+0100] {processor.py:830} INFO - Processing file /home/victor/airflow_env/lib/python3.10/site-packages/airflow/example_dags/example_short_circuit_operator.py for tasks to queue
[2024-07-15T09:50:23.494+0100] {logging_mixin.py:188} INFO - [2024-07-15T09:50:23.492+0100] {dagbag.py:545} INFO - Filling up the DagBag from /home/victor/airflow_env/lib/python3.10/site-packages/airflow/example_dags/example_short_circuit_operator.py
[2024-07-15T09:50:23.527+0100] {processor.py:840} INFO - DAG(s) 'example_short_circuit_operator' retrieved from /home/victor/airflow_env/lib/python3.10/site-packages/airflow/example_dags/example_short_circuit_operator.py
[2024-07-15T09:50:23.633+0100] {logging_mixin.py:188} INFO - [2024-07-15T09:50:23.632+0100] {dag.py:3096} INFO - Sync 1 DAGs
[2024-07-15T09:50:23.740+0100] {logging_mixin.py:188} INFO - [2024-07-15T09:50:23.739+0100] {dag.py:3954} INFO - Setting next_dagrun for example_short_circuit_operator to 2024-07-14 00:00:00+00:00, run_after=2024-07-15 00:00:00+00:00
[2024-07-15T09:50:24.002+0100] {processor.py:183} INFO - Processing /home/victor/airflow_env/lib/python3.10/site-packages/airflow/example_dags/example_short_circuit_operator.py took 0.551 seconds
[2024-07-15T09:51:43.742+0100] {processor.py:161} INFO - Started process (PID=11660) to work on /home/victor/airflow_env/lib/python3.10/site-packages/airflow/example_dags/example_short_circuit_operator.py
[2024-07-15T09:51:43.746+0100] {processor.py:830} INFO - Processing file /home/victor/airflow_env/lib/python3.10/site-packages/airflow/example_dags/example_short_circuit_operator.py for tasks to queue
[2024-07-15T09:51:43.753+0100] {logging_mixin.py:188} INFO - [2024-07-15T09:51:43.751+0100] {dagbag.py:545} INFO - Filling up the DagBag from /home/victor/airflow_env/lib/python3.10/site-packages/airflow/example_dags/example_short_circuit_operator.py
[2024-07-15T09:51:43.787+0100] {processor.py:840} INFO - DAG(s) 'example_short_circuit_operator' retrieved from /home/victor/airflow_env/lib/python3.10/site-packages/airflow/example_dags/example_short_circuit_operator.py
[2024-07-15T09:51:43.893+0100] {logging_mixin.py:188} INFO - [2024-07-15T09:51:43.893+0100] {dag.py:3096} INFO - Sync 1 DAGs
[2024-07-15T09:51:43.991+0100] {logging_mixin.py:188} INFO - [2024-07-15T09:51:43.990+0100] {dag.py:3954} INFO - Setting next_dagrun for example_short_circuit_operator to 2024-07-14 00:00:00+00:00, run_after=2024-07-15 00:00:00+00:00
[2024-07-15T09:51:44.404+0100] {processor.py:183} INFO - Processing /home/victor/airflow_env/lib/python3.10/site-packages/airflow/example_dags/example_short_circuit_operator.py took 0.688 seconds
[2024-07-15T09:53:29.740+0100] {processor.py:161} INFO - Started process (PID=12288) to work on /home/victor/airflow_env/lib/python3.10/site-packages/airflow/example_dags/example_short_circuit_operator.py
[2024-07-15T09:53:29.745+0100] {processor.py:830} INFO - Processing file /home/victor/airflow_env/lib/python3.10/site-packages/airflow/example_dags/example_short_circuit_operator.py for tasks to queue
[2024-07-15T09:53:29.757+0100] {logging_mixin.py:188} INFO - [2024-07-15T09:53:29.755+0100] {dagbag.py:545} INFO - Filling up the DagBag from /home/victor/airflow_env/lib/python3.10/site-packages/airflow/example_dags/example_short_circuit_operator.py
[2024-07-15T09:53:29.809+0100] {processor.py:840} INFO - DAG(s) 'example_short_circuit_operator' retrieved from /home/victor/airflow_env/lib/python3.10/site-packages/airflow/example_dags/example_short_circuit_operator.py
[2024-07-15T09:53:30.533+0100] {logging_mixin.py:188} INFO - [2024-07-15T09:53:30.533+0100] {dag.py:3096} INFO - Sync 1 DAGs
[2024-07-15T09:53:30.700+0100] {logging_mixin.py:188} INFO - [2024-07-15T09:53:30.699+0100] {dag.py:3954} INFO - Setting next_dagrun for example_short_circuit_operator to 2024-07-14 00:00:00+00:00, run_after=2024-07-15 00:00:00+00:00
[2024-07-15T09:53:31.096+0100] {processor.py:183} INFO - Processing /home/victor/airflow_env/lib/python3.10/site-packages/airflow/example_dags/example_short_circuit_operator.py took 1.387 seconds
[2024-07-15T09:55:31.010+0100] {processor.py:161} INFO - Started process (PID=13161) to work on /home/victor/airflow_env/lib/python3.10/site-packages/airflow/example_dags/example_short_circuit_operator.py
[2024-07-15T09:55:31.015+0100] {processor.py:830} INFO - Processing file /home/victor/airflow_env/lib/python3.10/site-packages/airflow/example_dags/example_short_circuit_operator.py for tasks to queue
[2024-07-15T09:55:31.023+0100] {logging_mixin.py:188} INFO - [2024-07-15T09:55:31.021+0100] {dagbag.py:545} INFO - Filling up the DagBag from /home/victor/airflow_env/lib/python3.10/site-packages/airflow/example_dags/example_short_circuit_operator.py
[2024-07-15T09:55:31.062+0100] {processor.py:840} INFO - DAG(s) 'example_short_circuit_operator' retrieved from /home/victor/airflow_env/lib/python3.10/site-packages/airflow/example_dags/example_short_circuit_operator.py
[2024-07-15T09:55:31.196+0100] {logging_mixin.py:188} INFO - [2024-07-15T09:55:31.195+0100] {dag.py:3096} INFO - Sync 1 DAGs
[2024-07-15T09:55:31.311+0100] {logging_mixin.py:188} INFO - [2024-07-15T09:55:31.310+0100] {dag.py:3954} INFO - Setting next_dagrun for example_short_circuit_operator to 2024-07-14 00:00:00+00:00, run_after=2024-07-15 00:00:00+00:00
[2024-07-15T09:55:31.644+0100] {processor.py:183} INFO - Processing /home/victor/airflow_env/lib/python3.10/site-packages/airflow/example_dags/example_short_circuit_operator.py took 0.663 seconds
[2024-07-15T09:57:00.746+0100] {processor.py:161} INFO - Started process (PID=14014) to work on /home/victor/airflow_env/lib/python3.10/site-packages/airflow/example_dags/example_short_circuit_operator.py
[2024-07-15T09:57:00.750+0100] {processor.py:830} INFO - Processing file /home/victor/airflow_env/lib/python3.10/site-packages/airflow/example_dags/example_short_circuit_operator.py for tasks to queue
[2024-07-15T09:57:00.757+0100] {logging_mixin.py:188} INFO - [2024-07-15T09:57:00.755+0100] {dagbag.py:545} INFO - Filling up the DagBag from /home/victor/airflow_env/lib/python3.10/site-packages/airflow/example_dags/example_short_circuit_operator.py
[2024-07-15T09:57:00.798+0100] {processor.py:840} INFO - DAG(s) 'example_short_circuit_operator' retrieved from /home/victor/airflow_env/lib/python3.10/site-packages/airflow/example_dags/example_short_circuit_operator.py
[2024-07-15T09:57:00.905+0100] {logging_mixin.py:188} INFO - [2024-07-15T09:57:00.904+0100] {dag.py:3096} INFO - Sync 1 DAGs
[2024-07-15T09:57:01.006+0100] {logging_mixin.py:188} INFO - [2024-07-15T09:57:01.005+0100] {dag.py:3954} INFO - Setting next_dagrun for example_short_circuit_operator to 2024-07-14 00:00:00+00:00, run_after=2024-07-15 00:00:00+00:00
[2024-07-15T09:57:01.393+0100] {processor.py:183} INFO - Processing /home/victor/airflow_env/lib/python3.10/site-packages/airflow/example_dags/example_short_circuit_operator.py took 0.676 seconds
[2024-07-15T09:58:39.361+0100] {processor.py:161} INFO - Started process (PID=14555) to work on /home/victor/airflow_env/lib/python3.10/site-packages/airflow/example_dags/example_short_circuit_operator.py
[2024-07-15T09:58:39.376+0100] {processor.py:830} INFO - Processing file /home/victor/airflow_env/lib/python3.10/site-packages/airflow/example_dags/example_short_circuit_operator.py for tasks to queue
[2024-07-15T09:58:39.407+0100] {logging_mixin.py:188} INFO - [2024-07-15T09:58:39.404+0100] {dagbag.py:545} INFO - Filling up the DagBag from /home/victor/airflow_env/lib/python3.10/site-packages/airflow/example_dags/example_short_circuit_operator.py
[2024-07-15T09:58:39.538+0100] {processor.py:840} INFO - DAG(s) 'example_short_circuit_operator' retrieved from /home/victor/airflow_env/lib/python3.10/site-packages/airflow/example_dags/example_short_circuit_operator.py
[2024-07-15T09:58:39.826+0100] {logging_mixin.py:188} INFO - [2024-07-15T09:58:39.825+0100] {dag.py:3096} INFO - Sync 1 DAGs
[2024-07-15T09:58:40.123+0100] {logging_mixin.py:188} INFO - [2024-07-15T09:58:40.122+0100] {dag.py:3954} INFO - Setting next_dagrun for example_short_circuit_operator to 2024-07-14 00:00:00+00:00, run_after=2024-07-15 00:00:00+00:00
[2024-07-15T09:58:40.490+0100] {processor.py:183} INFO - Processing /home/victor/airflow_env/lib/python3.10/site-packages/airflow/example_dags/example_short_circuit_operator.py took 1.200 seconds
[2024-07-15T10:00:04.496+0100] {processor.py:161} INFO - Started process (PID=15054) to work on /home/victor/airflow_env/lib/python3.10/site-packages/airflow/example_dags/example_short_circuit_operator.py
[2024-07-15T10:00:04.500+0100] {processor.py:830} INFO - Processing file /home/victor/airflow_env/lib/python3.10/site-packages/airflow/example_dags/example_short_circuit_operator.py for tasks to queue
[2024-07-15T10:00:04.510+0100] {logging_mixin.py:188} INFO - [2024-07-15T10:00:04.509+0100] {dagbag.py:545} INFO - Filling up the DagBag from /home/victor/airflow_env/lib/python3.10/site-packages/airflow/example_dags/example_short_circuit_operator.py
[2024-07-15T10:00:04.545+0100] {processor.py:840} INFO - DAG(s) 'example_short_circuit_operator' retrieved from /home/victor/airflow_env/lib/python3.10/site-packages/airflow/example_dags/example_short_circuit_operator.py
[2024-07-15T10:00:04.690+0100] {logging_mixin.py:188} INFO - [2024-07-15T10:00:04.689+0100] {dag.py:3096} INFO - Sync 1 DAGs
[2024-07-15T10:00:04.819+0100] {logging_mixin.py:188} INFO - [2024-07-15T10:00:04.818+0100] {dag.py:3954} INFO - Setting next_dagrun for example_short_circuit_operator to 2024-07-14 00:00:00+00:00, run_after=2024-07-15 00:00:00+00:00
[2024-07-15T10:00:05.204+0100] {processor.py:183} INFO - Processing /home/victor/airflow_env/lib/python3.10/site-packages/airflow/example_dags/example_short_circuit_operator.py took 0.737 seconds
[2024-07-15T10:01:27.087+0100] {processor.py:161} INFO - Started process (PID=15733) to work on /home/victor/airflow_env/lib/python3.10/site-packages/airflow/example_dags/example_short_circuit_operator.py
[2024-07-15T10:01:27.091+0100] {processor.py:830} INFO - Processing file /home/victor/airflow_env/lib/python3.10/site-packages/airflow/example_dags/example_short_circuit_operator.py for tasks to queue
[2024-07-15T10:01:27.101+0100] {logging_mixin.py:188} INFO - [2024-07-15T10:01:27.099+0100] {dagbag.py:545} INFO - Filling up the DagBag from /home/victor/airflow_env/lib/python3.10/site-packages/airflow/example_dags/example_short_circuit_operator.py
[2024-07-15T10:01:27.136+0100] {processor.py:840} INFO - DAG(s) 'example_short_circuit_operator' retrieved from /home/victor/airflow_env/lib/python3.10/site-packages/airflow/example_dags/example_short_circuit_operator.py
[2024-07-15T10:01:27.263+0100] {logging_mixin.py:188} INFO - [2024-07-15T10:01:27.263+0100] {dag.py:3096} INFO - Sync 1 DAGs
[2024-07-15T10:01:27.395+0100] {logging_mixin.py:188} INFO - [2024-07-15T10:01:27.394+0100] {dag.py:3954} INFO - Setting next_dagrun for example_short_circuit_operator to 2024-07-14 00:00:00+00:00, run_after=2024-07-15 00:00:00+00:00
[2024-07-15T10:01:27.923+0100] {processor.py:183} INFO - Processing /home/victor/airflow_env/lib/python3.10/site-packages/airflow/example_dags/example_short_circuit_operator.py took 0.862 seconds
[2024-07-15T10:02:50.735+0100] {processor.py:161} INFO - Started process (PID=16497) to work on /home/victor/airflow_env/lib/python3.10/site-packages/airflow/example_dags/example_short_circuit_operator.py
[2024-07-15T10:02:50.740+0100] {processor.py:830} INFO - Processing file /home/victor/airflow_env/lib/python3.10/site-packages/airflow/example_dags/example_short_circuit_operator.py for tasks to queue
[2024-07-15T10:02:50.752+0100] {logging_mixin.py:188} INFO - [2024-07-15T10:02:50.750+0100] {dagbag.py:545} INFO - Filling up the DagBag from /home/victor/airflow_env/lib/python3.10/site-packages/airflow/example_dags/example_short_circuit_operator.py
[2024-07-15T10:02:50.795+0100] {processor.py:840} INFO - DAG(s) 'example_short_circuit_operator' retrieved from /home/victor/airflow_env/lib/python3.10/site-packages/airflow/example_dags/example_short_circuit_operator.py
[2024-07-15T10:02:50.957+0100] {logging_mixin.py:188} INFO - [2024-07-15T10:02:50.956+0100] {dag.py:3096} INFO - Sync 1 DAGs
[2024-07-15T10:02:51.124+0100] {logging_mixin.py:188} INFO - [2024-07-15T10:02:51.123+0100] {dag.py:3954} INFO - Setting next_dagrun for example_short_circuit_operator to 2024-07-14 00:00:00+00:00, run_after=2024-07-15 00:00:00+00:00
[2024-07-15T10:02:51.527+0100] {processor.py:183} INFO - Processing /home/victor/airflow_env/lib/python3.10/site-packages/airflow/example_dags/example_short_circuit_operator.py took 0.831 seconds
[2024-07-15T10:04:05.499+0100] {processor.py:161} INFO - Started process (PID=16996) to work on /home/victor/airflow_env/lib/python3.10/site-packages/airflow/example_dags/example_short_circuit_operator.py
[2024-07-15T10:04:05.503+0100] {processor.py:830} INFO - Processing file /home/victor/airflow_env/lib/python3.10/site-packages/airflow/example_dags/example_short_circuit_operator.py for tasks to queue
[2024-07-15T10:04:05.513+0100] {logging_mixin.py:188} INFO - [2024-07-15T10:04:05.511+0100] {dagbag.py:545} INFO - Filling up the DagBag from /home/victor/airflow_env/lib/python3.10/site-packages/airflow/example_dags/example_short_circuit_operator.py
[2024-07-15T10:04:05.545+0100] {processor.py:840} INFO - DAG(s) 'example_short_circuit_operator' retrieved from /home/victor/airflow_env/lib/python3.10/site-packages/airflow/example_dags/example_short_circuit_operator.py
[2024-07-15T10:04:05.665+0100] {logging_mixin.py:188} INFO - [2024-07-15T10:04:05.664+0100] {dag.py:3096} INFO - Sync 1 DAGs
[2024-07-15T10:04:05.766+0100] {logging_mixin.py:188} INFO - [2024-07-15T10:04:05.765+0100] {dag.py:3954} INFO - Setting next_dagrun for example_short_circuit_operator to 2024-07-14 00:00:00+00:00, run_after=2024-07-15 00:00:00+00:00
[2024-07-15T10:04:06.034+0100] {processor.py:183} INFO - Processing /home/victor/airflow_env/lib/python3.10/site-packages/airflow/example_dags/example_short_circuit_operator.py took 0.561 seconds
[2024-07-15T10:05:17.119+0100] {processor.py:161} INFO - Started process (PID=17386) to work on /home/victor/airflow_env/lib/python3.10/site-packages/airflow/example_dags/example_short_circuit_operator.py
[2024-07-15T10:05:17.123+0100] {processor.py:830} INFO - Processing file /home/victor/airflow_env/lib/python3.10/site-packages/airflow/example_dags/example_short_circuit_operator.py for tasks to queue
[2024-07-15T10:05:17.132+0100] {logging_mixin.py:188} INFO - [2024-07-15T10:05:17.131+0100] {dagbag.py:545} INFO - Filling up the DagBag from /home/victor/airflow_env/lib/python3.10/site-packages/airflow/example_dags/example_short_circuit_operator.py
[2024-07-15T10:05:17.166+0100] {processor.py:840} INFO - DAG(s) 'example_short_circuit_operator' retrieved from /home/victor/airflow_env/lib/python3.10/site-packages/airflow/example_dags/example_short_circuit_operator.py
[2024-07-15T10:05:17.274+0100] {logging_mixin.py:188} INFO - [2024-07-15T10:05:17.273+0100] {dag.py:3096} INFO - Sync 1 DAGs
[2024-07-15T10:05:17.381+0100] {logging_mixin.py:188} INFO - [2024-07-15T10:05:17.380+0100] {dag.py:3954} INFO - Setting next_dagrun for example_short_circuit_operator to 2024-07-14 00:00:00+00:00, run_after=2024-07-15 00:00:00+00:00
[2024-07-15T10:05:17.673+0100] {processor.py:183} INFO - Processing /home/victor/airflow_env/lib/python3.10/site-packages/airflow/example_dags/example_short_circuit_operator.py took 0.579 seconds
[2024-07-15T10:06:47.811+0100] {processor.py:161} INFO - Started process (PID=18014) to work on /home/victor/airflow_env/lib/python3.10/site-packages/airflow/example_dags/example_short_circuit_operator.py
[2024-07-15T10:06:47.817+0100] {processor.py:830} INFO - Processing file /home/victor/airflow_env/lib/python3.10/site-packages/airflow/example_dags/example_short_circuit_operator.py for tasks to queue
[2024-07-15T10:06:47.829+0100] {logging_mixin.py:188} INFO - [2024-07-15T10:06:47.827+0100] {dagbag.py:545} INFO - Filling up the DagBag from /home/victor/airflow_env/lib/python3.10/site-packages/airflow/example_dags/example_short_circuit_operator.py
[2024-07-15T10:06:47.866+0100] {processor.py:840} INFO - DAG(s) 'example_short_circuit_operator' retrieved from /home/victor/airflow_env/lib/python3.10/site-packages/airflow/example_dags/example_short_circuit_operator.py
[2024-07-15T10:06:47.981+0100] {logging_mixin.py:188} INFO - [2024-07-15T10:06:47.981+0100] {dag.py:3096} INFO - Sync 1 DAGs
[2024-07-15T10:06:48.095+0100] {logging_mixin.py:188} INFO - [2024-07-15T10:06:48.094+0100] {dag.py:3954} INFO - Setting next_dagrun for example_short_circuit_operator to 2024-07-14 00:00:00+00:00, run_after=2024-07-15 00:00:00+00:00
[2024-07-15T10:06:48.365+0100] {processor.py:183} INFO - Processing /home/victor/airflow_env/lib/python3.10/site-packages/airflow/example_dags/example_short_circuit_operator.py took 0.587 seconds
[2024-07-15T10:08:22.251+0100] {processor.py:161} INFO - Started process (PID=18677) to work on /home/victor/airflow_env/lib/python3.10/site-packages/airflow/example_dags/example_short_circuit_operator.py
[2024-07-15T10:08:22.256+0100] {processor.py:830} INFO - Processing file /home/victor/airflow_env/lib/python3.10/site-packages/airflow/example_dags/example_short_circuit_operator.py for tasks to queue
[2024-07-15T10:08:22.268+0100] {logging_mixin.py:188} INFO - [2024-07-15T10:08:22.266+0100] {dagbag.py:545} INFO - Filling up the DagBag from /home/victor/airflow_env/lib/python3.10/site-packages/airflow/example_dags/example_short_circuit_operator.py
[2024-07-15T10:08:22.305+0100] {processor.py:840} INFO - DAG(s) 'example_short_circuit_operator' retrieved from /home/victor/airflow_env/lib/python3.10/site-packages/airflow/example_dags/example_short_circuit_operator.py
[2024-07-15T10:08:22.445+0100] {logging_mixin.py:188} INFO - [2024-07-15T10:08:22.444+0100] {dag.py:3096} INFO - Sync 1 DAGs
[2024-07-15T10:08:22.582+0100] {logging_mixin.py:188} INFO - [2024-07-15T10:08:22.581+0100] {dag.py:3954} INFO - Setting next_dagrun for example_short_circuit_operator to 2024-07-14 00:00:00+00:00, run_after=2024-07-15 00:00:00+00:00
[2024-07-15T10:08:22.921+0100] {processor.py:183} INFO - Processing /home/victor/airflow_env/lib/python3.10/site-packages/airflow/example_dags/example_short_circuit_operator.py took 0.699 seconds
[2024-07-15T10:09:47.455+0100] {processor.py:161} INFO - Started process (PID=19253) to work on /home/victor/airflow_env/lib/python3.10/site-packages/airflow/example_dags/example_short_circuit_operator.py
[2024-07-15T10:09:47.459+0100] {processor.py:830} INFO - Processing file /home/victor/airflow_env/lib/python3.10/site-packages/airflow/example_dags/example_short_circuit_operator.py for tasks to queue
[2024-07-15T10:09:47.471+0100] {logging_mixin.py:188} INFO - [2024-07-15T10:09:47.469+0100] {dagbag.py:545} INFO - Filling up the DagBag from /home/victor/airflow_env/lib/python3.10/site-packages/airflow/example_dags/example_short_circuit_operator.py
[2024-07-15T10:09:47.509+0100] {processor.py:840} INFO - DAG(s) 'example_short_circuit_operator' retrieved from /home/victor/airflow_env/lib/python3.10/site-packages/airflow/example_dags/example_short_circuit_operator.py
[2024-07-15T10:09:47.640+0100] {logging_mixin.py:188} INFO - [2024-07-15T10:09:47.638+0100] {dag.py:3096} INFO - Sync 1 DAGs
[2024-07-15T10:09:47.863+0100] {logging_mixin.py:188} INFO - [2024-07-15T10:09:47.862+0100] {dag.py:3954} INFO - Setting next_dagrun for example_short_circuit_operator to 2024-07-14 00:00:00+00:00, run_after=2024-07-15 00:00:00+00:00
[2024-07-15T10:09:48.384+0100] {processor.py:183} INFO - Processing /home/victor/airflow_env/lib/python3.10/site-packages/airflow/example_dags/example_short_circuit_operator.py took 0.963 seconds
[2024-07-15T10:11:21.312+0100] {processor.py:161} INFO - Started process (PID=19793) to work on /home/victor/airflow_env/lib/python3.10/site-packages/airflow/example_dags/example_short_circuit_operator.py
[2024-07-15T10:11:21.316+0100] {processor.py:830} INFO - Processing file /home/victor/airflow_env/lib/python3.10/site-packages/airflow/example_dags/example_short_circuit_operator.py for tasks to queue
[2024-07-15T10:11:21.327+0100] {logging_mixin.py:188} INFO - [2024-07-15T10:11:21.325+0100] {dagbag.py:545} INFO - Filling up the DagBag from /home/victor/airflow_env/lib/python3.10/site-packages/airflow/example_dags/example_short_circuit_operator.py
[2024-07-15T10:11:21.375+0100] {processor.py:840} INFO - DAG(s) 'example_short_circuit_operator' retrieved from /home/victor/airflow_env/lib/python3.10/site-packages/airflow/example_dags/example_short_circuit_operator.py
[2024-07-15T10:11:21.492+0100] {logging_mixin.py:188} INFO - [2024-07-15T10:11:21.491+0100] {dag.py:3096} INFO - Sync 1 DAGs
[2024-07-15T10:11:21.606+0100] {logging_mixin.py:188} INFO - [2024-07-15T10:11:21.605+0100] {dag.py:3954} INFO - Setting next_dagrun for example_short_circuit_operator to 2024-07-14 00:00:00+00:00, run_after=2024-07-15 00:00:00+00:00
[2024-07-15T10:11:21.907+0100] {processor.py:183} INFO - Processing /home/victor/airflow_env/lib/python3.10/site-packages/airflow/example_dags/example_short_circuit_operator.py took 0.630 seconds
[2024-07-15T10:12:46.055+0100] {processor.py:161} INFO - Started process (PID=20256) to work on /home/victor/airflow_env/lib/python3.10/site-packages/airflow/example_dags/example_short_circuit_operator.py
[2024-07-15T10:12:46.059+0100] {processor.py:830} INFO - Processing file /home/victor/airflow_env/lib/python3.10/site-packages/airflow/example_dags/example_short_circuit_operator.py for tasks to queue
[2024-07-15T10:12:46.069+0100] {logging_mixin.py:188} INFO - [2024-07-15T10:12:46.067+0100] {dagbag.py:545} INFO - Filling up the DagBag from /home/victor/airflow_env/lib/python3.10/site-packages/airflow/example_dags/example_short_circuit_operator.py
[2024-07-15T10:12:46.103+0100] {processor.py:840} INFO - DAG(s) 'example_short_circuit_operator' retrieved from /home/victor/airflow_env/lib/python3.10/site-packages/airflow/example_dags/example_short_circuit_operator.py
[2024-07-15T10:12:46.241+0100] {logging_mixin.py:188} INFO - [2024-07-15T10:12:46.240+0100] {dag.py:3096} INFO - Sync 1 DAGs
[2024-07-15T10:12:46.386+0100] {logging_mixin.py:188} INFO - [2024-07-15T10:12:46.385+0100] {dag.py:3954} INFO - Setting next_dagrun for example_short_circuit_operator to 2024-07-14 00:00:00+00:00, run_after=2024-07-15 00:00:00+00:00
[2024-07-15T10:12:46.708+0100] {processor.py:183} INFO - Processing /home/victor/airflow_env/lib/python3.10/site-packages/airflow/example_dags/example_short_circuit_operator.py took 0.680 seconds
[2024-07-15T10:14:08.355+0100] {processor.py:161} INFO - Started process (PID=20695) to work on /home/victor/airflow_env/lib/python3.10/site-packages/airflow/example_dags/example_short_circuit_operator.py
[2024-07-15T10:14:08.361+0100] {processor.py:830} INFO - Processing file /home/victor/airflow_env/lib/python3.10/site-packages/airflow/example_dags/example_short_circuit_operator.py for tasks to queue
[2024-07-15T10:14:08.373+0100] {logging_mixin.py:188} INFO - [2024-07-15T10:14:08.371+0100] {dagbag.py:545} INFO - Filling up the DagBag from /home/victor/airflow_env/lib/python3.10/site-packages/airflow/example_dags/example_short_circuit_operator.py
[2024-07-15T10:14:08.418+0100] {processor.py:840} INFO - DAG(s) 'example_short_circuit_operator' retrieved from /home/victor/airflow_env/lib/python3.10/site-packages/airflow/example_dags/example_short_circuit_operator.py
[2024-07-15T10:14:08.567+0100] {logging_mixin.py:188} INFO - [2024-07-15T10:14:08.566+0100] {dag.py:3096} INFO - Sync 1 DAGs
[2024-07-15T10:14:08.715+0100] {logging_mixin.py:188} INFO - [2024-07-15T10:14:08.714+0100] {dag.py:3954} INFO - Setting next_dagrun for example_short_circuit_operator to 2024-07-14 00:00:00+00:00, run_after=2024-07-15 00:00:00+00:00
[2024-07-15T10:14:09.080+0100] {processor.py:183} INFO - Processing /home/victor/airflow_env/lib/python3.10/site-packages/airflow/example_dags/example_short_circuit_operator.py took 0.751 seconds
[2024-07-15T10:15:40.466+0100] {processor.py:161} INFO - Started process (PID=21197) to work on /home/victor/airflow_env/lib/python3.10/site-packages/airflow/example_dags/example_short_circuit_operator.py
[2024-07-15T10:15:40.471+0100] {processor.py:830} INFO - Processing file /home/victor/airflow_env/lib/python3.10/site-packages/airflow/example_dags/example_short_circuit_operator.py for tasks to queue
[2024-07-15T10:15:40.486+0100] {logging_mixin.py:188} INFO - [2024-07-15T10:15:40.484+0100] {dagbag.py:545} INFO - Filling up the DagBag from /home/victor/airflow_env/lib/python3.10/site-packages/airflow/example_dags/example_short_circuit_operator.py
[2024-07-15T10:15:40.530+0100] {processor.py:840} INFO - DAG(s) 'example_short_circuit_operator' retrieved from /home/victor/airflow_env/lib/python3.10/site-packages/airflow/example_dags/example_short_circuit_operator.py
[2024-07-15T10:15:40.663+0100] {logging_mixin.py:188} INFO - [2024-07-15T10:15:40.662+0100] {dag.py:3096} INFO - Sync 1 DAGs
[2024-07-15T10:15:40.800+0100] {logging_mixin.py:188} INFO - [2024-07-15T10:15:40.799+0100] {dag.py:3954} INFO - Setting next_dagrun for example_short_circuit_operator to 2024-07-14 00:00:00+00:00, run_after=2024-07-15 00:00:00+00:00
[2024-07-15T10:15:41.435+0100] {processor.py:183} INFO - Processing /home/victor/airflow_env/lib/python3.10/site-packages/airflow/example_dags/example_short_circuit_operator.py took 1.012 seconds
[2024-07-15T10:17:10.494+0100] {processor.py:161} INFO - Started process (PID=21794) to work on /home/victor/airflow_env/lib/python3.10/site-packages/airflow/example_dags/example_short_circuit_operator.py
[2024-07-15T10:17:10.512+0100] {processor.py:830} INFO - Processing file /home/victor/airflow_env/lib/python3.10/site-packages/airflow/example_dags/example_short_circuit_operator.py for tasks to queue
[2024-07-15T10:17:10.532+0100] {logging_mixin.py:188} INFO - [2024-07-15T10:17:10.530+0100] {dagbag.py:545} INFO - Filling up the DagBag from /home/victor/airflow_env/lib/python3.10/site-packages/airflow/example_dags/example_short_circuit_operator.py
[2024-07-15T10:17:10.598+0100] {processor.py:840} INFO - DAG(s) 'example_short_circuit_operator' retrieved from /home/victor/airflow_env/lib/python3.10/site-packages/airflow/example_dags/example_short_circuit_operator.py
[2024-07-15T10:17:10.794+0100] {logging_mixin.py:188} INFO - [2024-07-15T10:17:10.793+0100] {dag.py:3096} INFO - Sync 1 DAGs
[2024-07-15T10:17:11.016+0100] {logging_mixin.py:188} INFO - [2024-07-15T10:17:11.015+0100] {dag.py:3954} INFO - Setting next_dagrun for example_short_circuit_operator to 2024-07-14 00:00:00+00:00, run_after=2024-07-15 00:00:00+00:00
[2024-07-15T10:17:11.802+0100] {processor.py:183} INFO - Processing /home/victor/airflow_env/lib/python3.10/site-packages/airflow/example_dags/example_short_circuit_operator.py took 1.348 seconds
[2024-07-15T10:18:29.973+0100] {processor.py:161} INFO - Started process (PID=22308) to work on /home/victor/airflow_env/lib/python3.10/site-packages/airflow/example_dags/example_short_circuit_operator.py
[2024-07-15T10:18:29.984+0100] {processor.py:830} INFO - Processing file /home/victor/airflow_env/lib/python3.10/site-packages/airflow/example_dags/example_short_circuit_operator.py for tasks to queue
[2024-07-15T10:18:30.001+0100] {logging_mixin.py:188} INFO - [2024-07-15T10:18:29.999+0100] {dagbag.py:545} INFO - Filling up the DagBag from /home/victor/airflow_env/lib/python3.10/site-packages/airflow/example_dags/example_short_circuit_operator.py
[2024-07-15T10:18:30.037+0100] {processor.py:840} INFO - DAG(s) 'example_short_circuit_operator' retrieved from /home/victor/airflow_env/lib/python3.10/site-packages/airflow/example_dags/example_short_circuit_operator.py
[2024-07-15T10:18:30.151+0100] {logging_mixin.py:188} INFO - [2024-07-15T10:18:30.150+0100] {dag.py:3096} INFO - Sync 1 DAGs
[2024-07-15T10:18:30.272+0100] {logging_mixin.py:188} INFO - [2024-07-15T10:18:30.271+0100] {dag.py:3954} INFO - Setting next_dagrun for example_short_circuit_operator to 2024-07-14 00:00:00+00:00, run_after=2024-07-15 00:00:00+00:00
[2024-07-15T10:18:30.723+0100] {processor.py:183} INFO - Processing /home/victor/airflow_env/lib/python3.10/site-packages/airflow/example_dags/example_short_circuit_operator.py took 0.781 seconds
[2024-07-15T10:20:08.974+0100] {processor.py:161} INFO - Started process (PID=23046) to work on /home/victor/airflow_env/lib/python3.10/site-packages/airflow/example_dags/example_short_circuit_operator.py
[2024-07-15T10:20:08.980+0100] {processor.py:830} INFO - Processing file /home/victor/airflow_env/lib/python3.10/site-packages/airflow/example_dags/example_short_circuit_operator.py for tasks to queue
[2024-07-15T10:20:08.992+0100] {logging_mixin.py:188} INFO - [2024-07-15T10:20:08.990+0100] {dagbag.py:545} INFO - Filling up the DagBag from /home/victor/airflow_env/lib/python3.10/site-packages/airflow/example_dags/example_short_circuit_operator.py
[2024-07-15T10:20:09.056+0100] {processor.py:840} INFO - DAG(s) 'example_short_circuit_operator' retrieved from /home/victor/airflow_env/lib/python3.10/site-packages/airflow/example_dags/example_short_circuit_operator.py
[2024-07-15T10:20:09.277+0100] {logging_mixin.py:188} INFO - [2024-07-15T10:20:09.276+0100] {dag.py:3096} INFO - Sync 1 DAGs
[2024-07-15T10:20:09.506+0100] {logging_mixin.py:188} INFO - [2024-07-15T10:20:09.505+0100] {dag.py:3954} INFO - Setting next_dagrun for example_short_circuit_operator to 2024-07-14 00:00:00+00:00, run_after=2024-07-15 00:00:00+00:00
[2024-07-15T10:20:10.847+0100] {processor.py:183} INFO - Processing /home/victor/airflow_env/lib/python3.10/site-packages/airflow/example_dags/example_short_circuit_operator.py took 1.905 seconds
[2024-07-15T10:22:03.575+0100] {processor.py:161} INFO - Started process (PID=23859) to work on /home/victor/airflow_env/lib/python3.10/site-packages/airflow/example_dags/example_short_circuit_operator.py
[2024-07-15T10:22:03.580+0100] {processor.py:830} INFO - Processing file /home/victor/airflow_env/lib/python3.10/site-packages/airflow/example_dags/example_short_circuit_operator.py for tasks to queue
[2024-07-15T10:22:03.596+0100] {logging_mixin.py:188} INFO - [2024-07-15T10:22:03.594+0100] {dagbag.py:545} INFO - Filling up the DagBag from /home/victor/airflow_env/lib/python3.10/site-packages/airflow/example_dags/example_short_circuit_operator.py
[2024-07-15T10:22:03.682+0100] {processor.py:840} INFO - DAG(s) 'example_short_circuit_operator' retrieved from /home/victor/airflow_env/lib/python3.10/site-packages/airflow/example_dags/example_short_circuit_operator.py
[2024-07-15T10:22:03.856+0100] {logging_mixin.py:188} INFO - [2024-07-15T10:22:03.855+0100] {dag.py:3096} INFO - Sync 1 DAGs
[2024-07-15T10:22:04.005+0100] {logging_mixin.py:188} INFO - [2024-07-15T10:22:04.003+0100] {dag.py:3954} INFO - Setting next_dagrun for example_short_circuit_operator to 2024-07-14 00:00:00+00:00, run_after=2024-07-15 00:00:00+00:00
[2024-07-15T10:22:04.313+0100] {processor.py:183} INFO - Processing /home/victor/airflow_env/lib/python3.10/site-packages/airflow/example_dags/example_short_circuit_operator.py took 0.777 seconds
[2024-07-15T10:24:16.555+0100] {processor.py:161} INFO - Started process (PID=25042) to work on /home/victor/airflow_env/lib/python3.10/site-packages/airflow/example_dags/example_short_circuit_operator.py
[2024-07-15T10:24:16.587+0100] {processor.py:830} INFO - Processing file /home/victor/airflow_env/lib/python3.10/site-packages/airflow/example_dags/example_short_circuit_operator.py for tasks to queue
[2024-07-15T10:24:16.735+0100] {logging_mixin.py:188} INFO - [2024-07-15T10:24:16.733+0100] {dagbag.py:545} INFO - Filling up the DagBag from /home/victor/airflow_env/lib/python3.10/site-packages/airflow/example_dags/example_short_circuit_operator.py
[2024-07-15T10:24:16.910+0100] {processor.py:840} INFO - DAG(s) 'example_short_circuit_operator' retrieved from /home/victor/airflow_env/lib/python3.10/site-packages/airflow/example_dags/example_short_circuit_operator.py
[2024-07-15T10:24:17.486+0100] {logging_mixin.py:188} INFO - [2024-07-15T10:24:17.484+0100] {dag.py:3096} INFO - Sync 1 DAGs
[2024-07-15T10:24:17.783+0100] {logging_mixin.py:188} INFO - [2024-07-15T10:24:17.782+0100] {dag.py:3954} INFO - Setting next_dagrun for example_short_circuit_operator to 2024-07-14 00:00:00+00:00, run_after=2024-07-15 00:00:00+00:00
[2024-07-15T10:24:18.689+0100] {processor.py:183} INFO - Processing /home/victor/airflow_env/lib/python3.10/site-packages/airflow/example_dags/example_short_circuit_operator.py took 2.182 seconds
[2024-07-15T10:25:59.782+0100] {processor.py:161} INFO - Started process (PID=25630) to work on /home/victor/airflow_env/lib/python3.10/site-packages/airflow/example_dags/example_short_circuit_operator.py
[2024-07-15T10:25:59.785+0100] {processor.py:830} INFO - Processing file /home/victor/airflow_env/lib/python3.10/site-packages/airflow/example_dags/example_short_circuit_operator.py for tasks to queue
[2024-07-15T10:25:59.796+0100] {logging_mixin.py:188} INFO - [2024-07-15T10:25:59.794+0100] {dagbag.py:545} INFO - Filling up the DagBag from /home/victor/airflow_env/lib/python3.10/site-packages/airflow/example_dags/example_short_circuit_operator.py
[2024-07-15T10:25:59.834+0100] {processor.py:840} INFO - DAG(s) 'example_short_circuit_operator' retrieved from /home/victor/airflow_env/lib/python3.10/site-packages/airflow/example_dags/example_short_circuit_operator.py
[2024-07-15T10:25:59.973+0100] {logging_mixin.py:188} INFO - [2024-07-15T10:25:59.972+0100] {dag.py:3096} INFO - Sync 1 DAGs
[2024-07-15T10:26:00.106+0100] {logging_mixin.py:188} INFO - [2024-07-15T10:26:00.105+0100] {dag.py:3954} INFO - Setting next_dagrun for example_short_circuit_operator to 2024-07-14 00:00:00+00:00, run_after=2024-07-15 00:00:00+00:00
[2024-07-15T10:26:00.505+0100] {processor.py:183} INFO - Processing /home/victor/airflow_env/lib/python3.10/site-packages/airflow/example_dags/example_short_circuit_operator.py took 0.751 seconds
[2024-07-15T10:27:50.308+0100] {processor.py:161} INFO - Started process (PID=26436) to work on /home/victor/airflow_env/lib/python3.10/site-packages/airflow/example_dags/example_short_circuit_operator.py
[2024-07-15T10:27:50.313+0100] {processor.py:830} INFO - Processing file /home/victor/airflow_env/lib/python3.10/site-packages/airflow/example_dags/example_short_circuit_operator.py for tasks to queue
[2024-07-15T10:27:50.322+0100] {logging_mixin.py:188} INFO - [2024-07-15T10:27:50.319+0100] {dagbag.py:545} INFO - Filling up the DagBag from /home/victor/airflow_env/lib/python3.10/site-packages/airflow/example_dags/example_short_circuit_operator.py
[2024-07-15T10:27:50.371+0100] {processor.py:840} INFO - DAG(s) 'example_short_circuit_operator' retrieved from /home/victor/airflow_env/lib/python3.10/site-packages/airflow/example_dags/example_short_circuit_operator.py
[2024-07-15T10:27:50.553+0100] {logging_mixin.py:188} INFO - [2024-07-15T10:27:50.552+0100] {dag.py:3096} INFO - Sync 1 DAGs
[2024-07-15T10:27:50.749+0100] {logging_mixin.py:188} INFO - [2024-07-15T10:27:50.746+0100] {dag.py:3954} INFO - Setting next_dagrun for example_short_circuit_operator to 2024-07-14 00:00:00+00:00, run_after=2024-07-15 00:00:00+00:00
[2024-07-15T10:27:51.318+0100] {processor.py:183} INFO - Processing /home/victor/airflow_env/lib/python3.10/site-packages/airflow/example_dags/example_short_circuit_operator.py took 1.039 seconds
[2024-07-15T10:29:15.889+0100] {processor.py:161} INFO - Started process (PID=26884) to work on /home/victor/airflow_env/lib/python3.10/site-packages/airflow/example_dags/example_short_circuit_operator.py
[2024-07-15T10:29:15.894+0100] {processor.py:830} INFO - Processing file /home/victor/airflow_env/lib/python3.10/site-packages/airflow/example_dags/example_short_circuit_operator.py for tasks to queue
[2024-07-15T10:29:15.913+0100] {logging_mixin.py:188} INFO - [2024-07-15T10:29:15.912+0100] {dagbag.py:545} INFO - Filling up the DagBag from /home/victor/airflow_env/lib/python3.10/site-packages/airflow/example_dags/example_short_circuit_operator.py
[2024-07-15T10:29:15.961+0100] {processor.py:840} INFO - DAG(s) 'example_short_circuit_operator' retrieved from /home/victor/airflow_env/lib/python3.10/site-packages/airflow/example_dags/example_short_circuit_operator.py
[2024-07-15T10:29:16.197+0100] {logging_mixin.py:188} INFO - [2024-07-15T10:29:16.196+0100] {dag.py:3096} INFO - Sync 1 DAGs
[2024-07-15T10:29:16.503+0100] {logging_mixin.py:188} INFO - [2024-07-15T10:29:16.502+0100] {dag.py:3954} INFO - Setting next_dagrun for example_short_circuit_operator to 2024-07-14 00:00:00+00:00, run_after=2024-07-15 00:00:00+00:00
[2024-07-15T10:29:17.174+0100] {processor.py:183} INFO - Processing /home/victor/airflow_env/lib/python3.10/site-packages/airflow/example_dags/example_short_circuit_operator.py took 1.328 seconds
[2024-07-15T10:30:29.835+0100] {processor.py:161} INFO - Started process (PID=27285) to work on /home/victor/airflow_env/lib/python3.10/site-packages/airflow/example_dags/example_short_circuit_operator.py
[2024-07-15T10:30:29.839+0100] {processor.py:830} INFO - Processing file /home/victor/airflow_env/lib/python3.10/site-packages/airflow/example_dags/example_short_circuit_operator.py for tasks to queue
[2024-07-15T10:30:29.849+0100] {logging_mixin.py:188} INFO - [2024-07-15T10:30:29.847+0100] {dagbag.py:545} INFO - Filling up the DagBag from /home/victor/airflow_env/lib/python3.10/site-packages/airflow/example_dags/example_short_circuit_operator.py
[2024-07-15T10:30:29.884+0100] {processor.py:840} INFO - DAG(s) 'example_short_circuit_operator' retrieved from /home/victor/airflow_env/lib/python3.10/site-packages/airflow/example_dags/example_short_circuit_operator.py
[2024-07-15T10:30:30.057+0100] {logging_mixin.py:188} INFO - [2024-07-15T10:30:30.056+0100] {dag.py:3096} INFO - Sync 1 DAGs
[2024-07-15T10:30:30.209+0100] {logging_mixin.py:188} INFO - [2024-07-15T10:30:30.208+0100] {dag.py:3954} INFO - Setting next_dagrun for example_short_circuit_operator to 2024-07-14 00:00:00+00:00, run_after=2024-07-15 00:00:00+00:00
[2024-07-15T10:30:30.540+0100] {processor.py:183} INFO - Processing /home/victor/airflow_env/lib/python3.10/site-packages/airflow/example_dags/example_short_circuit_operator.py took 0.740 seconds
[2024-07-15T10:31:49.388+0100] {processor.py:161} INFO - Started process (PID=27694) to work on /home/victor/airflow_env/lib/python3.10/site-packages/airflow/example_dags/example_short_circuit_operator.py
[2024-07-15T10:31:49.392+0100] {processor.py:830} INFO - Processing file /home/victor/airflow_env/lib/python3.10/site-packages/airflow/example_dags/example_short_circuit_operator.py for tasks to queue
[2024-07-15T10:31:49.401+0100] {logging_mixin.py:188} INFO - [2024-07-15T10:31:49.400+0100] {dagbag.py:545} INFO - Filling up the DagBag from /home/victor/airflow_env/lib/python3.10/site-packages/airflow/example_dags/example_short_circuit_operator.py
[2024-07-15T10:31:49.435+0100] {processor.py:840} INFO - DAG(s) 'example_short_circuit_operator' retrieved from /home/victor/airflow_env/lib/python3.10/site-packages/airflow/example_dags/example_short_circuit_operator.py
[2024-07-15T10:31:49.551+0100] {logging_mixin.py:188} INFO - [2024-07-15T10:31:49.550+0100] {dag.py:3096} INFO - Sync 1 DAGs
[2024-07-15T10:31:49.655+0100] {logging_mixin.py:188} INFO - [2024-07-15T10:31:49.655+0100] {dag.py:3954} INFO - Setting next_dagrun for example_short_circuit_operator to 2024-07-14 00:00:00+00:00, run_after=2024-07-15 00:00:00+00:00
[2024-07-15T10:31:49.926+0100] {processor.py:183} INFO - Processing /home/victor/airflow_env/lib/python3.10/site-packages/airflow/example_dags/example_short_circuit_operator.py took 0.563 seconds
[2024-07-15T10:33:17.983+0100] {processor.py:161} INFO - Started process (PID=28183) to work on /home/victor/airflow_env/lib/python3.10/site-packages/airflow/example_dags/example_short_circuit_operator.py
[2024-07-15T10:33:17.996+0100] {processor.py:830} INFO - Processing file /home/victor/airflow_env/lib/python3.10/site-packages/airflow/example_dags/example_short_circuit_operator.py for tasks to queue
[2024-07-15T10:33:18.012+0100] {logging_mixin.py:188} INFO - [2024-07-15T10:33:18.010+0100] {dagbag.py:545} INFO - Filling up the DagBag from /home/victor/airflow_env/lib/python3.10/site-packages/airflow/example_dags/example_short_circuit_operator.py
[2024-07-15T10:33:18.065+0100] {processor.py:840} INFO - DAG(s) 'example_short_circuit_operator' retrieved from /home/victor/airflow_env/lib/python3.10/site-packages/airflow/example_dags/example_short_circuit_operator.py
[2024-07-15T10:33:18.377+0100] {logging_mixin.py:188} INFO - [2024-07-15T10:33:18.376+0100] {dag.py:3096} INFO - Sync 1 DAGs
[2024-07-15T10:33:18.625+0100] {logging_mixin.py:188} INFO - [2024-07-15T10:33:18.624+0100] {dag.py:3954} INFO - Setting next_dagrun for example_short_circuit_operator to 2024-07-14 00:00:00+00:00, run_after=2024-07-15 00:00:00+00:00
[2024-07-15T10:33:19.031+0100] {processor.py:183} INFO - Processing /home/victor/airflow_env/lib/python3.10/site-packages/airflow/example_dags/example_short_circuit_operator.py took 1.090 seconds
[2024-07-15T10:34:49.526+0100] {processor.py:161} INFO - Started process (PID=28890) to work on /home/victor/airflow_env/lib/python3.10/site-packages/airflow/example_dags/example_short_circuit_operator.py
[2024-07-15T10:34:49.530+0100] {processor.py:830} INFO - Processing file /home/victor/airflow_env/lib/python3.10/site-packages/airflow/example_dags/example_short_circuit_operator.py for tasks to queue
[2024-07-15T10:34:49.541+0100] {logging_mixin.py:188} INFO - [2024-07-15T10:34:49.539+0100] {dagbag.py:545} INFO - Filling up the DagBag from /home/victor/airflow_env/lib/python3.10/site-packages/airflow/example_dags/example_short_circuit_operator.py
[2024-07-15T10:34:49.597+0100] {processor.py:840} INFO - DAG(s) 'example_short_circuit_operator' retrieved from /home/victor/airflow_env/lib/python3.10/site-packages/airflow/example_dags/example_short_circuit_operator.py
[2024-07-15T10:34:49.741+0100] {logging_mixin.py:188} INFO - [2024-07-15T10:34:49.740+0100] {dag.py:3096} INFO - Sync 1 DAGs
[2024-07-15T10:34:49.885+0100] {logging_mixin.py:188} INFO - [2024-07-15T10:34:49.884+0100] {dag.py:3954} INFO - Setting next_dagrun for example_short_circuit_operator to 2024-07-14 00:00:00+00:00, run_after=2024-07-15 00:00:00+00:00
[2024-07-15T10:34:50.203+0100] {processor.py:183} INFO - Processing /home/victor/airflow_env/lib/python3.10/site-packages/airflow/example_dags/example_short_circuit_operator.py took 0.709 seconds
[2024-07-15T10:36:07.374+0100] {processor.py:161} INFO - Started process (PID=29313) to work on /home/victor/airflow_env/lib/python3.10/site-packages/airflow/example_dags/example_short_circuit_operator.py
[2024-07-15T10:36:07.378+0100] {processor.py:830} INFO - Processing file /home/victor/airflow_env/lib/python3.10/site-packages/airflow/example_dags/example_short_circuit_operator.py for tasks to queue
[2024-07-15T10:36:07.389+0100] {logging_mixin.py:188} INFO - [2024-07-15T10:36:07.387+0100] {dagbag.py:545} INFO - Filling up the DagBag from /home/victor/airflow_env/lib/python3.10/site-packages/airflow/example_dags/example_short_circuit_operator.py
[2024-07-15T10:36:07.431+0100] {processor.py:840} INFO - DAG(s) 'example_short_circuit_operator' retrieved from /home/victor/airflow_env/lib/python3.10/site-packages/airflow/example_dags/example_short_circuit_operator.py
[2024-07-15T10:36:07.565+0100] {logging_mixin.py:188} INFO - [2024-07-15T10:36:07.564+0100] {dag.py:3096} INFO - Sync 1 DAGs
[2024-07-15T10:36:07.724+0100] {logging_mixin.py:188} INFO - [2024-07-15T10:36:07.723+0100] {dag.py:3954} INFO - Setting next_dagrun for example_short_circuit_operator to 2024-07-14 00:00:00+00:00, run_after=2024-07-15 00:00:00+00:00
[2024-07-15T10:36:08.038+0100] {processor.py:183} INFO - Processing /home/victor/airflow_env/lib/python3.10/site-packages/airflow/example_dags/example_short_circuit_operator.py took 0.692 seconds
[2024-07-15T10:37:37.906+0100] {processor.py:161} INFO - Started process (PID=29862) to work on /home/victor/airflow_env/lib/python3.10/site-packages/airflow/example_dags/example_short_circuit_operator.py
[2024-07-15T10:37:37.910+0100] {processor.py:830} INFO - Processing file /home/victor/airflow_env/lib/python3.10/site-packages/airflow/example_dags/example_short_circuit_operator.py for tasks to queue
[2024-07-15T10:37:37.917+0100] {logging_mixin.py:188} INFO - [2024-07-15T10:37:37.916+0100] {dagbag.py:545} INFO - Filling up the DagBag from /home/victor/airflow_env/lib/python3.10/site-packages/airflow/example_dags/example_short_circuit_operator.py
[2024-07-15T10:37:37.957+0100] {processor.py:840} INFO - DAG(s) 'example_short_circuit_operator' retrieved from /home/victor/airflow_env/lib/python3.10/site-packages/airflow/example_dags/example_short_circuit_operator.py
[2024-07-15T10:37:38.097+0100] {logging_mixin.py:188} INFO - [2024-07-15T10:37:38.095+0100] {dag.py:3096} INFO - Sync 1 DAGs
[2024-07-15T10:37:38.231+0100] {logging_mixin.py:188} INFO - [2024-07-15T10:37:38.229+0100] {dag.py:3954} INFO - Setting next_dagrun for example_short_circuit_operator to 2024-07-14 00:00:00+00:00, run_after=2024-07-15 00:00:00+00:00
[2024-07-15T10:37:38.570+0100] {processor.py:183} INFO - Processing /home/victor/airflow_env/lib/python3.10/site-packages/airflow/example_dags/example_short_circuit_operator.py took 0.690 seconds
[2024-07-15T10:39:02.336+0100] {processor.py:161} INFO - Started process (PID=30300) to work on /home/victor/airflow_env/lib/python3.10/site-packages/airflow/example_dags/example_short_circuit_operator.py
[2024-07-15T10:39:02.341+0100] {processor.py:830} INFO - Processing file /home/victor/airflow_env/lib/python3.10/site-packages/airflow/example_dags/example_short_circuit_operator.py for tasks to queue
[2024-07-15T10:39:02.354+0100] {logging_mixin.py:188} INFO - [2024-07-15T10:39:02.352+0100] {dagbag.py:545} INFO - Filling up the DagBag from /home/victor/airflow_env/lib/python3.10/site-packages/airflow/example_dags/example_short_circuit_operator.py
[2024-07-15T10:39:02.391+0100] {processor.py:840} INFO - DAG(s) 'example_short_circuit_operator' retrieved from /home/victor/airflow_env/lib/python3.10/site-packages/airflow/example_dags/example_short_circuit_operator.py
[2024-07-15T10:39:02.531+0100] {logging_mixin.py:188} INFO - [2024-07-15T10:39:02.530+0100] {dag.py:3096} INFO - Sync 1 DAGs
[2024-07-15T10:39:02.644+0100] {logging_mixin.py:188} INFO - [2024-07-15T10:39:02.643+0100] {dag.py:3954} INFO - Setting next_dagrun for example_short_circuit_operator to 2024-07-14 00:00:00+00:00, run_after=2024-07-15 00:00:00+00:00
[2024-07-15T10:39:02.917+0100] {processor.py:183} INFO - Processing /home/victor/airflow_env/lib/python3.10/site-packages/airflow/example_dags/example_short_circuit_operator.py took 0.607 seconds
[2024-07-15T10:40:13.172+0100] {processor.py:161} INFO - Started process (PID=30668) to work on /home/victor/airflow_env/lib/python3.10/site-packages/airflow/example_dags/example_short_circuit_operator.py
[2024-07-15T10:40:13.176+0100] {processor.py:830} INFO - Processing file /home/victor/airflow_env/lib/python3.10/site-packages/airflow/example_dags/example_short_circuit_operator.py for tasks to queue
[2024-07-15T10:40:13.186+0100] {logging_mixin.py:188} INFO - [2024-07-15T10:40:13.184+0100] {dagbag.py:545} INFO - Filling up the DagBag from /home/victor/airflow_env/lib/python3.10/site-packages/airflow/example_dags/example_short_circuit_operator.py
[2024-07-15T10:40:13.228+0100] {processor.py:840} INFO - DAG(s) 'example_short_circuit_operator' retrieved from /home/victor/airflow_env/lib/python3.10/site-packages/airflow/example_dags/example_short_circuit_operator.py
[2024-07-15T10:40:13.345+0100] {logging_mixin.py:188} INFO - [2024-07-15T10:40:13.344+0100] {dag.py:3096} INFO - Sync 1 DAGs
[2024-07-15T10:40:13.446+0100] {logging_mixin.py:188} INFO - [2024-07-15T10:40:13.445+0100] {dag.py:3954} INFO - Setting next_dagrun for example_short_circuit_operator to 2024-07-14 00:00:00+00:00, run_after=2024-07-15 00:00:00+00:00
[2024-07-15T10:40:13.759+0100] {processor.py:183} INFO - Processing /home/victor/airflow_env/lib/python3.10/site-packages/airflow/example_dags/example_short_circuit_operator.py took 0.614 seconds
[2024-07-15T10:41:30.009+0100] {processor.py:161} INFO - Started process (PID=31061) to work on /home/victor/airflow_env/lib/python3.10/site-packages/airflow/example_dags/example_short_circuit_operator.py
[2024-07-15T10:41:30.014+0100] {processor.py:830} INFO - Processing file /home/victor/airflow_env/lib/python3.10/site-packages/airflow/example_dags/example_short_circuit_operator.py for tasks to queue
[2024-07-15T10:41:30.026+0100] {logging_mixin.py:188} INFO - [2024-07-15T10:41:30.025+0100] {dagbag.py:545} INFO - Filling up the DagBag from /home/victor/airflow_env/lib/python3.10/site-packages/airflow/example_dags/example_short_circuit_operator.py
[2024-07-15T10:41:30.061+0100] {processor.py:840} INFO - DAG(s) 'example_short_circuit_operator' retrieved from /home/victor/airflow_env/lib/python3.10/site-packages/airflow/example_dags/example_short_circuit_operator.py
[2024-07-15T10:41:30.195+0100] {logging_mixin.py:188} INFO - [2024-07-15T10:41:30.194+0100] {dag.py:3096} INFO - Sync 1 DAGs
[2024-07-15T10:41:30.321+0100] {logging_mixin.py:188} INFO - [2024-07-15T10:41:30.320+0100] {dag.py:3954} INFO - Setting next_dagrun for example_short_circuit_operator to 2024-07-14 00:00:00+00:00, run_after=2024-07-15 00:00:00+00:00
[2024-07-15T10:41:30.624+0100] {processor.py:183} INFO - Processing /home/victor/airflow_env/lib/python3.10/site-packages/airflow/example_dags/example_short_circuit_operator.py took 0.640 seconds
[2024-07-15T10:42:44.974+0100] {processor.py:161} INFO - Started process (PID=31478) to work on /home/victor/airflow_env/lib/python3.10/site-packages/airflow/example_dags/example_short_circuit_operator.py
[2024-07-15T10:42:44.978+0100] {processor.py:830} INFO - Processing file /home/victor/airflow_env/lib/python3.10/site-packages/airflow/example_dags/example_short_circuit_operator.py for tasks to queue
[2024-07-15T10:42:44.986+0100] {logging_mixin.py:188} INFO - [2024-07-15T10:42:44.984+0100] {dagbag.py:545} INFO - Filling up the DagBag from /home/victor/airflow_env/lib/python3.10/site-packages/airflow/example_dags/example_short_circuit_operator.py
[2024-07-15T10:42:45.038+0100] {processor.py:840} INFO - DAG(s) 'example_short_circuit_operator' retrieved from /home/victor/airflow_env/lib/python3.10/site-packages/airflow/example_dags/example_short_circuit_operator.py
[2024-07-15T10:42:45.180+0100] {logging_mixin.py:188} INFO - [2024-07-15T10:42:45.179+0100] {dag.py:3096} INFO - Sync 1 DAGs
[2024-07-15T10:42:45.294+0100] {logging_mixin.py:188} INFO - [2024-07-15T10:42:45.293+0100] {dag.py:3954} INFO - Setting next_dagrun for example_short_circuit_operator to 2024-07-14 00:00:00+00:00, run_after=2024-07-15 00:00:00+00:00
[2024-07-15T10:42:45.590+0100] {processor.py:183} INFO - Processing /home/victor/airflow_env/lib/python3.10/site-packages/airflow/example_dags/example_short_circuit_operator.py took 0.649 seconds
[2024-07-15T10:44:04.103+0100] {processor.py:161} INFO - Started process (PID=31889) to work on /home/victor/airflow_env/lib/python3.10/site-packages/airflow/example_dags/example_short_circuit_operator.py
[2024-07-15T10:44:04.110+0100] {processor.py:830} INFO - Processing file /home/victor/airflow_env/lib/python3.10/site-packages/airflow/example_dags/example_short_circuit_operator.py for tasks to queue
[2024-07-15T10:44:04.121+0100] {logging_mixin.py:188} INFO - [2024-07-15T10:44:04.119+0100] {dagbag.py:545} INFO - Filling up the DagBag from /home/victor/airflow_env/lib/python3.10/site-packages/airflow/example_dags/example_short_circuit_operator.py
[2024-07-15T10:44:04.160+0100] {processor.py:840} INFO - DAG(s) 'example_short_circuit_operator' retrieved from /home/victor/airflow_env/lib/python3.10/site-packages/airflow/example_dags/example_short_circuit_operator.py
[2024-07-15T10:44:04.285+0100] {logging_mixin.py:188} INFO - [2024-07-15T10:44:04.284+0100] {dag.py:3096} INFO - Sync 1 DAGs
[2024-07-15T10:44:04.430+0100] {logging_mixin.py:188} INFO - [2024-07-15T10:44:04.429+0100] {dag.py:3954} INFO - Setting next_dagrun for example_short_circuit_operator to 2024-07-14 00:00:00+00:00, run_after=2024-07-15 00:00:00+00:00
[2024-07-15T10:44:04.788+0100] {processor.py:183} INFO - Processing /home/victor/airflow_env/lib/python3.10/site-packages/airflow/example_dags/example_short_circuit_operator.py took 0.712 seconds
[2024-07-15T10:45:14.785+0100] {processor.py:161} INFO - Started process (PID=32253) to work on /home/victor/airflow_env/lib/python3.10/site-packages/airflow/example_dags/example_short_circuit_operator.py
[2024-07-15T10:45:14.789+0100] {processor.py:830} INFO - Processing file /home/victor/airflow_env/lib/python3.10/site-packages/airflow/example_dags/example_short_circuit_operator.py for tasks to queue
[2024-07-15T10:45:14.798+0100] {logging_mixin.py:188} INFO - [2024-07-15T10:45:14.797+0100] {dagbag.py:545} INFO - Filling up the DagBag from /home/victor/airflow_env/lib/python3.10/site-packages/airflow/example_dags/example_short_circuit_operator.py
[2024-07-15T10:45:14.832+0100] {processor.py:840} INFO - DAG(s) 'example_short_circuit_operator' retrieved from /home/victor/airflow_env/lib/python3.10/site-packages/airflow/example_dags/example_short_circuit_operator.py
[2024-07-15T10:45:14.948+0100] {logging_mixin.py:188} INFO - [2024-07-15T10:45:14.947+0100] {dag.py:3096} INFO - Sync 1 DAGs
[2024-07-15T10:45:15.060+0100] {logging_mixin.py:188} INFO - [2024-07-15T10:45:15.060+0100] {dag.py:3954} INFO - Setting next_dagrun for example_short_circuit_operator to 2024-07-14 00:00:00+00:00, run_after=2024-07-15 00:00:00+00:00
[2024-07-15T10:45:15.314+0100] {processor.py:183} INFO - Processing /home/victor/airflow_env/lib/python3.10/site-packages/airflow/example_dags/example_short_circuit_operator.py took 0.554 seconds
[2024-07-15T10:46:25.235+0100] {processor.py:161} INFO - Started process (PID=32619) to work on /home/victor/airflow_env/lib/python3.10/site-packages/airflow/example_dags/example_short_circuit_operator.py
[2024-07-15T10:46:25.239+0100] {processor.py:830} INFO - Processing file /home/victor/airflow_env/lib/python3.10/site-packages/airflow/example_dags/example_short_circuit_operator.py for tasks to queue
[2024-07-15T10:46:25.248+0100] {logging_mixin.py:188} INFO - [2024-07-15T10:46:25.247+0100] {dagbag.py:545} INFO - Filling up the DagBag from /home/victor/airflow_env/lib/python3.10/site-packages/airflow/example_dags/example_short_circuit_operator.py
[2024-07-15T10:46:25.281+0100] {processor.py:840} INFO - DAG(s) 'example_short_circuit_operator' retrieved from /home/victor/airflow_env/lib/python3.10/site-packages/airflow/example_dags/example_short_circuit_operator.py
[2024-07-15T10:46:25.395+0100] {logging_mixin.py:188} INFO - [2024-07-15T10:46:25.394+0100] {dag.py:3096} INFO - Sync 1 DAGs
[2024-07-15T10:46:25.497+0100] {logging_mixin.py:188} INFO - [2024-07-15T10:46:25.496+0100] {dag.py:3954} INFO - Setting next_dagrun for example_short_circuit_operator to 2024-07-14 00:00:00+00:00, run_after=2024-07-15 00:00:00+00:00
[2024-07-15T10:46:25.793+0100] {processor.py:183} INFO - Processing /home/victor/airflow_env/lib/python3.10/site-packages/airflow/example_dags/example_short_circuit_operator.py took 0.584 seconds
[2024-07-15T10:47:47.032+0100] {processor.py:161} INFO - Started process (PID=33074) to work on /home/victor/airflow_env/lib/python3.10/site-packages/airflow/example_dags/example_short_circuit_operator.py
[2024-07-15T10:47:47.037+0100] {processor.py:830} INFO - Processing file /home/victor/airflow_env/lib/python3.10/site-packages/airflow/example_dags/example_short_circuit_operator.py for tasks to queue
[2024-07-15T10:47:47.043+0100] {logging_mixin.py:188} INFO - [2024-07-15T10:47:47.042+0100] {dagbag.py:545} INFO - Filling up the DagBag from /home/victor/airflow_env/lib/python3.10/site-packages/airflow/example_dags/example_short_circuit_operator.py
[2024-07-15T10:47:47.083+0100] {processor.py:840} INFO - DAG(s) 'example_short_circuit_operator' retrieved from /home/victor/airflow_env/lib/python3.10/site-packages/airflow/example_dags/example_short_circuit_operator.py
[2024-07-15T10:47:47.204+0100] {logging_mixin.py:188} INFO - [2024-07-15T10:47:47.203+0100] {dag.py:3096} INFO - Sync 1 DAGs
[2024-07-15T10:47:47.329+0100] {logging_mixin.py:188} INFO - [2024-07-15T10:47:47.328+0100] {dag.py:3954} INFO - Setting next_dagrun for example_short_circuit_operator to 2024-07-14 00:00:00+00:00, run_after=2024-07-15 00:00:00+00:00
[2024-07-15T10:47:47.707+0100] {processor.py:183} INFO - Processing /home/victor/airflow_env/lib/python3.10/site-packages/airflow/example_dags/example_short_circuit_operator.py took 0.702 seconds
[2024-07-15T10:49:09.124+0100] {processor.py:161} INFO - Started process (PID=33494) to work on /home/victor/airflow_env/lib/python3.10/site-packages/airflow/example_dags/example_short_circuit_operator.py
[2024-07-15T10:49:09.129+0100] {processor.py:830} INFO - Processing file /home/victor/airflow_env/lib/python3.10/site-packages/airflow/example_dags/example_short_circuit_operator.py for tasks to queue
[2024-07-15T10:49:09.141+0100] {logging_mixin.py:188} INFO - [2024-07-15T10:49:09.140+0100] {dagbag.py:545} INFO - Filling up the DagBag from /home/victor/airflow_env/lib/python3.10/site-packages/airflow/example_dags/example_short_circuit_operator.py
[2024-07-15T10:49:09.198+0100] {processor.py:840} INFO - DAG(s) 'example_short_circuit_operator' retrieved from /home/victor/airflow_env/lib/python3.10/site-packages/airflow/example_dags/example_short_circuit_operator.py
[2024-07-15T10:49:09.347+0100] {logging_mixin.py:188} INFO - [2024-07-15T10:49:09.346+0100] {dag.py:3096} INFO - Sync 1 DAGs
[2024-07-15T10:49:09.491+0100] {logging_mixin.py:188} INFO - [2024-07-15T10:49:09.490+0100] {dag.py:3954} INFO - Setting next_dagrun for example_short_circuit_operator to 2024-07-14 00:00:00+00:00, run_after=2024-07-15 00:00:00+00:00
[2024-07-15T10:49:09.823+0100] {processor.py:183} INFO - Processing /home/victor/airflow_env/lib/python3.10/site-packages/airflow/example_dags/example_short_circuit_operator.py took 0.740 seconds
[2024-07-15T10:50:52.969+0100] {processor.py:161} INFO - Started process (PID=34386) to work on /home/victor/airflow_env/lib/python3.10/site-packages/airflow/example_dags/example_short_circuit_operator.py
[2024-07-15T10:50:52.973+0100] {processor.py:830} INFO - Processing file /home/victor/airflow_env/lib/python3.10/site-packages/airflow/example_dags/example_short_circuit_operator.py for tasks to queue
[2024-07-15T10:50:52.987+0100] {logging_mixin.py:188} INFO - [2024-07-15T10:50:52.985+0100] {dagbag.py:545} INFO - Filling up the DagBag from /home/victor/airflow_env/lib/python3.10/site-packages/airflow/example_dags/example_short_circuit_operator.py
[2024-07-15T10:50:53.026+0100] {processor.py:840} INFO - DAG(s) 'example_short_circuit_operator' retrieved from /home/victor/airflow_env/lib/python3.10/site-packages/airflow/example_dags/example_short_circuit_operator.py
[2024-07-15T10:50:53.159+0100] {logging_mixin.py:188} INFO - [2024-07-15T10:50:53.158+0100] {dag.py:3096} INFO - Sync 1 DAGs
[2024-07-15T10:50:53.290+0100] {logging_mixin.py:188} INFO - [2024-07-15T10:50:53.289+0100] {dag.py:3954} INFO - Setting next_dagrun for example_short_circuit_operator to 2024-07-14 00:00:00+00:00, run_after=2024-07-15 00:00:00+00:00
[2024-07-15T10:50:53.603+0100] {processor.py:183} INFO - Processing /home/victor/airflow_env/lib/python3.10/site-packages/airflow/example_dags/example_short_circuit_operator.py took 0.664 seconds
