[2024-07-15T09:49:27.897+0100] {processor.py:161} INFO - Started process (PID=10885) to work on /home/victor/airflow_env/lib/python3.10/site-packages/airflow/example_dags/example_dynamic_task_mapping.py
[2024-07-15T09:49:27.901+0100] {processor.py:830} INFO - Processing file /home/victor/airflow_env/lib/python3.10/site-packages/airflow/example_dags/example_dynamic_task_mapping.py for tasks to queue
[2024-07-15T09:49:27.908+0100] {logging_mixin.py:188} INFO - [2024-07-15T09:49:27.906+0100] {dagbag.py:545} INFO - Filling up the DagBag from /home/victor/airflow_env/lib/python3.10/site-packages/airflow/example_dags/example_dynamic_task_mapping.py
[2024-07-15T09:49:27.937+0100] {processor.py:840} INFO - DAG(s) 'example_dynamic_task_mapping' retrieved from /home/victor/airflow_env/lib/python3.10/site-packages/airflow/example_dags/example_dynamic_task_mapping.py
[2024-07-15T09:49:28.023+0100] {logging_mixin.py:188} INFO - [2024-07-15T09:49:28.022+0100] {dag.py:3096} INFO - Sync 1 DAGs
[2024-07-15T09:49:28.140+0100] {logging_mixin.py:188} INFO - [2024-07-15T09:49:28.139+0100] {dag.py:3954} INFO - Setting next_dagrun for example_dynamic_task_mapping to 2022-03-04 00:00:00+00:00, run_after=2022-03-05 00:00:00+00:00
[2024-07-15T09:49:28.401+0100] {processor.py:183} INFO - Processing /home/victor/airflow_env/lib/python3.10/site-packages/airflow/example_dags/example_dynamic_task_mapping.py took 0.528 seconds
[2024-07-15T09:52:02.715+0100] {processor.py:161} INFO - Started process (PID=11793) to work on /home/victor/airflow_env/lib/python3.10/site-packages/airflow/example_dags/example_dynamic_task_mapping.py
[2024-07-15T09:52:02.719+0100] {processor.py:830} INFO - Processing file /home/victor/airflow_env/lib/python3.10/site-packages/airflow/example_dags/example_dynamic_task_mapping.py for tasks to queue
[2024-07-15T09:52:02.727+0100] {logging_mixin.py:188} INFO - [2024-07-15T09:52:02.725+0100] {dagbag.py:545} INFO - Filling up the DagBag from /home/victor/airflow_env/lib/python3.10/site-packages/airflow/example_dags/example_dynamic_task_mapping.py
[2024-07-15T09:52:02.759+0100] {processor.py:840} INFO - DAG(s) 'example_dynamic_task_mapping' retrieved from /home/victor/airflow_env/lib/python3.10/site-packages/airflow/example_dags/example_dynamic_task_mapping.py
[2024-07-15T09:52:02.851+0100] {logging_mixin.py:188} INFO - [2024-07-15T09:52:02.850+0100] {dag.py:3096} INFO - Sync 1 DAGs
[2024-07-15T09:52:02.967+0100] {logging_mixin.py:188} INFO - [2024-07-15T09:52:02.966+0100] {dag.py:3954} INFO - Setting next_dagrun for example_dynamic_task_mapping to 2022-03-04 00:00:00+00:00, run_after=2022-03-05 00:00:00+00:00
[2024-07-15T09:52:03.624+0100] {processor.py:183} INFO - Processing /home/victor/airflow_env/lib/python3.10/site-packages/airflow/example_dags/example_dynamic_task_mapping.py took 0.942 seconds
[2024-07-15T09:54:47.325+0100] {processor.py:161} INFO - Started process (PID=12877) to work on /home/victor/airflow_env/lib/python3.10/site-packages/airflow/example_dags/example_dynamic_task_mapping.py
[2024-07-15T09:54:47.332+0100] {processor.py:830} INFO - Processing file /home/victor/airflow_env/lib/python3.10/site-packages/airflow/example_dags/example_dynamic_task_mapping.py for tasks to queue
[2024-07-15T09:54:47.342+0100] {logging_mixin.py:188} INFO - [2024-07-15T09:54:47.340+0100] {dagbag.py:545} INFO - Filling up the DagBag from /home/victor/airflow_env/lib/python3.10/site-packages/airflow/example_dags/example_dynamic_task_mapping.py
[2024-07-15T09:54:47.397+0100] {processor.py:840} INFO - DAG(s) 'example_dynamic_task_mapping' retrieved from /home/victor/airflow_env/lib/python3.10/site-packages/airflow/example_dags/example_dynamic_task_mapping.py
[2024-07-15T09:54:47.544+0100] {logging_mixin.py:188} INFO - [2024-07-15T09:54:47.543+0100] {dag.py:3096} INFO - Sync 1 DAGs
[2024-07-15T09:54:47.678+0100] {logging_mixin.py:188} INFO - [2024-07-15T09:54:47.677+0100] {dag.py:3954} INFO - Setting next_dagrun for example_dynamic_task_mapping to 2022-03-04 00:00:00+00:00, run_after=2022-03-05 00:00:00+00:00
[2024-07-15T09:54:48.327+0100] {processor.py:183} INFO - Processing /home/victor/airflow_env/lib/python3.10/site-packages/airflow/example_dags/example_dynamic_task_mapping.py took 1.063 seconds
[2024-07-15T09:57:56.208+0100] {processor.py:161} INFO - Started process (PID=14330) to work on /home/victor/airflow_env/lib/python3.10/site-packages/airflow/example_dags/example_dynamic_task_mapping.py
[2024-07-15T09:57:56.214+0100] {processor.py:830} INFO - Processing file /home/victor/airflow_env/lib/python3.10/site-packages/airflow/example_dags/example_dynamic_task_mapping.py for tasks to queue
[2024-07-15T09:57:56.222+0100] {logging_mixin.py:188} INFO - [2024-07-15T09:57:56.220+0100] {dagbag.py:545} INFO - Filling up the DagBag from /home/victor/airflow_env/lib/python3.10/site-packages/airflow/example_dags/example_dynamic_task_mapping.py
[2024-07-15T09:57:56.261+0100] {processor.py:840} INFO - DAG(s) 'example_dynamic_task_mapping' retrieved from /home/victor/airflow_env/lib/python3.10/site-packages/airflow/example_dags/example_dynamic_task_mapping.py
[2024-07-15T09:57:56.390+0100] {logging_mixin.py:188} INFO - [2024-07-15T09:57:56.389+0100] {dag.py:3096} INFO - Sync 1 DAGs
[2024-07-15T09:57:56.688+0100] {logging_mixin.py:188} INFO - [2024-07-15T09:57:56.687+0100] {dag.py:3954} INFO - Setting next_dagrun for example_dynamic_task_mapping to 2022-03-04 00:00:00+00:00, run_after=2022-03-05 00:00:00+00:00
[2024-07-15T09:57:57.169+0100] {processor.py:183} INFO - Processing /home/victor/airflow_env/lib/python3.10/site-packages/airflow/example_dags/example_dynamic_task_mapping.py took 0.994 seconds
[2024-07-15T10:00:47.515+0100] {processor.py:161} INFO - Started process (PID=15386) to work on /home/victor/airflow_env/lib/python3.10/site-packages/airflow/example_dags/example_dynamic_task_mapping.py
[2024-07-15T10:00:47.519+0100] {processor.py:830} INFO - Processing file /home/victor/airflow_env/lib/python3.10/site-packages/airflow/example_dags/example_dynamic_task_mapping.py for tasks to queue
[2024-07-15T10:00:47.532+0100] {logging_mixin.py:188} INFO - [2024-07-15T10:00:47.530+0100] {dagbag.py:545} INFO - Filling up the DagBag from /home/victor/airflow_env/lib/python3.10/site-packages/airflow/example_dags/example_dynamic_task_mapping.py
[2024-07-15T10:00:47.600+0100] {processor.py:840} INFO - DAG(s) 'example_dynamic_task_mapping' retrieved from /home/victor/airflow_env/lib/python3.10/site-packages/airflow/example_dags/example_dynamic_task_mapping.py
[2024-07-15T10:00:47.950+0100] {logging_mixin.py:188} INFO - [2024-07-15T10:00:47.944+0100] {dag.py:3096} INFO - Sync 1 DAGs
[2024-07-15T10:00:48.256+0100] {logging_mixin.py:188} INFO - [2024-07-15T10:00:48.254+0100] {dag.py:3954} INFO - Setting next_dagrun for example_dynamic_task_mapping to 2022-03-04 00:00:00+00:00, run_after=2022-03-05 00:00:00+00:00
[2024-07-15T10:00:48.676+0100] {processor.py:183} INFO - Processing /home/victor/airflow_env/lib/python3.10/site-packages/airflow/example_dags/example_dynamic_task_mapping.py took 1.213 seconds
[2024-07-15T10:03:28.645+0100] {processor.py:161} INFO - Started process (PID=16799) to work on /home/victor/airflow_env/lib/python3.10/site-packages/airflow/example_dags/example_dynamic_task_mapping.py
[2024-07-15T10:03:28.649+0100] {processor.py:830} INFO - Processing file /home/victor/airflow_env/lib/python3.10/site-packages/airflow/example_dags/example_dynamic_task_mapping.py for tasks to queue
[2024-07-15T10:03:28.656+0100] {logging_mixin.py:188} INFO - [2024-07-15T10:03:28.655+0100] {dagbag.py:545} INFO - Filling up the DagBag from /home/victor/airflow_env/lib/python3.10/site-packages/airflow/example_dags/example_dynamic_task_mapping.py
[2024-07-15T10:03:28.686+0100] {processor.py:840} INFO - DAG(s) 'example_dynamic_task_mapping' retrieved from /home/victor/airflow_env/lib/python3.10/site-packages/airflow/example_dags/example_dynamic_task_mapping.py
[2024-07-15T10:03:28.777+0100] {logging_mixin.py:188} INFO - [2024-07-15T10:03:28.776+0100] {dag.py:3096} INFO - Sync 1 DAGs
[2024-07-15T10:03:28.905+0100] {logging_mixin.py:188} INFO - [2024-07-15T10:03:28.904+0100] {dag.py:3954} INFO - Setting next_dagrun for example_dynamic_task_mapping to 2022-03-04 00:00:00+00:00, run_after=2022-03-05 00:00:00+00:00
[2024-07-15T10:03:29.172+0100] {processor.py:183} INFO - Processing /home/victor/airflow_env/lib/python3.10/site-packages/airflow/example_dags/example_dynamic_task_mapping.py took 0.553 seconds
[2024-07-15T10:06:03.908+0100] {processor.py:161} INFO - Started process (PID=17657) to work on /home/victor/airflow_env/lib/python3.10/site-packages/airflow/example_dags/example_dynamic_task_mapping.py
[2024-07-15T10:06:03.913+0100] {processor.py:830} INFO - Processing file /home/victor/airflow_env/lib/python3.10/site-packages/airflow/example_dags/example_dynamic_task_mapping.py for tasks to queue
[2024-07-15T10:06:03.935+0100] {logging_mixin.py:188} INFO - [2024-07-15T10:06:03.933+0100] {dagbag.py:545} INFO - Filling up the DagBag from /home/victor/airflow_env/lib/python3.10/site-packages/airflow/example_dags/example_dynamic_task_mapping.py
[2024-07-15T10:06:04.011+0100] {processor.py:840} INFO - DAG(s) 'example_dynamic_task_mapping' retrieved from /home/victor/airflow_env/lib/python3.10/site-packages/airflow/example_dags/example_dynamic_task_mapping.py
[2024-07-15T10:06:04.405+0100] {logging_mixin.py:188} INFO - [2024-07-15T10:06:04.404+0100] {dag.py:3096} INFO - Sync 1 DAGs
[2024-07-15T10:06:04.874+0100] {logging_mixin.py:188} INFO - [2024-07-15T10:06:04.869+0100] {dag.py:3954} INFO - Setting next_dagrun for example_dynamic_task_mapping to 2022-03-04 00:00:00+00:00, run_after=2022-03-05 00:00:00+00:00
[2024-07-15T10:06:05.459+0100] {processor.py:183} INFO - Processing /home/victor/airflow_env/lib/python3.10/site-packages/airflow/example_dags/example_dynamic_task_mapping.py took 1.614 seconds
[2024-07-15T10:09:07.993+0100] {processor.py:161} INFO - Started process (PID=18911) to work on /home/victor/airflow_env/lib/python3.10/site-packages/airflow/example_dags/example_dynamic_task_mapping.py
[2024-07-15T10:09:07.997+0100] {processor.py:830} INFO - Processing file /home/victor/airflow_env/lib/python3.10/site-packages/airflow/example_dags/example_dynamic_task_mapping.py for tasks to queue
[2024-07-15T10:09:08.005+0100] {logging_mixin.py:188} INFO - [2024-07-15T10:09:08.003+0100] {dagbag.py:545} INFO - Filling up the DagBag from /home/victor/airflow_env/lib/python3.10/site-packages/airflow/example_dags/example_dynamic_task_mapping.py
[2024-07-15T10:09:08.042+0100] {processor.py:840} INFO - DAG(s) 'example_dynamic_task_mapping' retrieved from /home/victor/airflow_env/lib/python3.10/site-packages/airflow/example_dags/example_dynamic_task_mapping.py
[2024-07-15T10:09:08.139+0100] {logging_mixin.py:188} INFO - [2024-07-15T10:09:08.138+0100] {dag.py:3096} INFO - Sync 1 DAGs
[2024-07-15T10:09:08.268+0100] {logging_mixin.py:188} INFO - [2024-07-15T10:09:08.267+0100] {dag.py:3954} INFO - Setting next_dagrun for example_dynamic_task_mapping to 2022-03-04 00:00:00+00:00, run_after=2022-03-05 00:00:00+00:00
[2024-07-15T10:09:08.761+0100] {processor.py:183} INFO - Processing /home/victor/airflow_env/lib/python3.10/site-packages/airflow/example_dags/example_dynamic_task_mapping.py took 0.801 seconds
[2024-07-15T10:12:05.206+0100] {processor.py:161} INFO - Started process (PID=20017) to work on /home/victor/airflow_env/lib/python3.10/site-packages/airflow/example_dags/example_dynamic_task_mapping.py
[2024-07-15T10:12:05.210+0100] {processor.py:830} INFO - Processing file /home/victor/airflow_env/lib/python3.10/site-packages/airflow/example_dags/example_dynamic_task_mapping.py for tasks to queue
[2024-07-15T10:12:05.222+0100] {logging_mixin.py:188} INFO - [2024-07-15T10:12:05.217+0100] {dagbag.py:545} INFO - Filling up the DagBag from /home/victor/airflow_env/lib/python3.10/site-packages/airflow/example_dags/example_dynamic_task_mapping.py
[2024-07-15T10:12:05.263+0100] {processor.py:840} INFO - DAG(s) 'example_dynamic_task_mapping' retrieved from /home/victor/airflow_env/lib/python3.10/site-packages/airflow/example_dags/example_dynamic_task_mapping.py
[2024-07-15T10:12:05.365+0100] {logging_mixin.py:188} INFO - [2024-07-15T10:12:05.364+0100] {dag.py:3096} INFO - Sync 1 DAGs
[2024-07-15T10:12:05.492+0100] {logging_mixin.py:188} INFO - [2024-07-15T10:12:05.492+0100] {dag.py:3954} INFO - Setting next_dagrun for example_dynamic_task_mapping to 2022-03-04 00:00:00+00:00, run_after=2022-03-05 00:00:00+00:00
[2024-07-15T10:12:05.763+0100] {processor.py:183} INFO - Processing /home/victor/airflow_env/lib/python3.10/site-packages/airflow/example_dags/example_dynamic_task_mapping.py took 0.595 seconds
[2024-07-15T10:14:55.897+0100] {processor.py:161} INFO - Started process (PID=20938) to work on /home/victor/airflow_env/lib/python3.10/site-packages/airflow/example_dags/example_dynamic_task_mapping.py
[2024-07-15T10:14:55.902+0100] {processor.py:830} INFO - Processing file /home/victor/airflow_env/lib/python3.10/site-packages/airflow/example_dags/example_dynamic_task_mapping.py for tasks to queue
[2024-07-15T10:14:55.913+0100] {logging_mixin.py:188} INFO - [2024-07-15T10:14:55.910+0100] {dagbag.py:545} INFO - Filling up the DagBag from /home/victor/airflow_env/lib/python3.10/site-packages/airflow/example_dags/example_dynamic_task_mapping.py
[2024-07-15T10:14:55.948+0100] {processor.py:840} INFO - DAG(s) 'example_dynamic_task_mapping' retrieved from /home/victor/airflow_env/lib/python3.10/site-packages/airflow/example_dags/example_dynamic_task_mapping.py
[2024-07-15T10:14:56.051+0100] {logging_mixin.py:188} INFO - [2024-07-15T10:14:56.050+0100] {dag.py:3096} INFO - Sync 1 DAGs
[2024-07-15T10:14:56.195+0100] {logging_mixin.py:188} INFO - [2024-07-15T10:14:56.194+0100] {dag.py:3954} INFO - Setting next_dagrun for example_dynamic_task_mapping to 2022-03-04 00:00:00+00:00, run_after=2022-03-05 00:00:00+00:00
[2024-07-15T10:14:56.537+0100] {processor.py:183} INFO - Processing /home/victor/airflow_env/lib/python3.10/site-packages/airflow/example_dags/example_dynamic_task_mapping.py took 0.673 seconds
[2024-07-15T10:17:53.345+0100] {processor.py:161} INFO - Started process (PID=22079) to work on /home/victor/airflow_env/lib/python3.10/site-packages/airflow/example_dags/example_dynamic_task_mapping.py
[2024-07-15T10:17:53.349+0100] {processor.py:830} INFO - Processing file /home/victor/airflow_env/lib/python3.10/site-packages/airflow/example_dags/example_dynamic_task_mapping.py for tasks to queue
[2024-07-15T10:17:53.357+0100] {logging_mixin.py:188} INFO - [2024-07-15T10:17:53.355+0100] {dagbag.py:545} INFO - Filling up the DagBag from /home/victor/airflow_env/lib/python3.10/site-packages/airflow/example_dags/example_dynamic_task_mapping.py
[2024-07-15T10:17:53.407+0100] {processor.py:840} INFO - DAG(s) 'example_dynamic_task_mapping' retrieved from /home/victor/airflow_env/lib/python3.10/site-packages/airflow/example_dags/example_dynamic_task_mapping.py
[2024-07-15T10:17:53.539+0100] {logging_mixin.py:188} INFO - [2024-07-15T10:17:53.537+0100] {dag.py:3096} INFO - Sync 1 DAGs
[2024-07-15T10:17:53.709+0100] {logging_mixin.py:188} INFO - [2024-07-15T10:17:53.708+0100] {dag.py:3954} INFO - Setting next_dagrun for example_dynamic_task_mapping to 2022-03-04 00:00:00+00:00, run_after=2022-03-05 00:00:00+00:00
[2024-07-15T10:17:54.126+0100] {processor.py:183} INFO - Processing /home/victor/airflow_env/lib/python3.10/site-packages/airflow/example_dags/example_dynamic_task_mapping.py took 0.806 seconds
[2024-07-15T10:21:18.963+0100] {processor.py:161} INFO - Started process (PID=23463) to work on /home/victor/airflow_env/lib/python3.10/site-packages/airflow/example_dags/example_dynamic_task_mapping.py
[2024-07-15T10:21:18.970+0100] {processor.py:830} INFO - Processing file /home/victor/airflow_env/lib/python3.10/site-packages/airflow/example_dags/example_dynamic_task_mapping.py for tasks to queue
[2024-07-15T10:21:18.979+0100] {logging_mixin.py:188} INFO - [2024-07-15T10:21:18.976+0100] {dagbag.py:545} INFO - Filling up the DagBag from /home/victor/airflow_env/lib/python3.10/site-packages/airflow/example_dags/example_dynamic_task_mapping.py
[2024-07-15T10:21:19.046+0100] {processor.py:840} INFO - DAG(s) 'example_dynamic_task_mapping' retrieved from /home/victor/airflow_env/lib/python3.10/site-packages/airflow/example_dags/example_dynamic_task_mapping.py
[2024-07-15T10:21:19.714+0100] {logging_mixin.py:188} INFO - [2024-07-15T10:21:19.713+0100] {dag.py:3096} INFO - Sync 1 DAGs
[2024-07-15T10:21:19.913+0100] {logging_mixin.py:188} INFO - [2024-07-15T10:21:19.911+0100] {dag.py:3954} INFO - Setting next_dagrun for example_dynamic_task_mapping to 2022-03-04 00:00:00+00:00, run_after=2022-03-05 00:00:00+00:00
[2024-07-15T10:21:20.407+0100] {processor.py:183} INFO - Processing /home/victor/airflow_env/lib/python3.10/site-packages/airflow/example_dags/example_dynamic_task_mapping.py took 1.481 seconds
[2024-07-15T10:25:10.354+0100] {processor.py:161} INFO - Started process (PID=25334) to work on /home/victor/airflow_env/lib/python3.10/site-packages/airflow/example_dags/example_dynamic_task_mapping.py
[2024-07-15T10:25:10.359+0100] {processor.py:830} INFO - Processing file /home/victor/airflow_env/lib/python3.10/site-packages/airflow/example_dags/example_dynamic_task_mapping.py for tasks to queue
[2024-07-15T10:25:10.368+0100] {logging_mixin.py:188} INFO - [2024-07-15T10:25:10.366+0100] {dagbag.py:545} INFO - Filling up the DagBag from /home/victor/airflow_env/lib/python3.10/site-packages/airflow/example_dags/example_dynamic_task_mapping.py
[2024-07-15T10:25:10.404+0100] {processor.py:840} INFO - DAG(s) 'example_dynamic_task_mapping' retrieved from /home/victor/airflow_env/lib/python3.10/site-packages/airflow/example_dags/example_dynamic_task_mapping.py
[2024-07-15T10:25:10.499+0100] {logging_mixin.py:188} INFO - [2024-07-15T10:25:10.498+0100] {dag.py:3096} INFO - Sync 1 DAGs
[2024-07-15T10:25:10.641+0100] {logging_mixin.py:188} INFO - [2024-07-15T10:25:10.640+0100] {dag.py:3954} INFO - Setting next_dagrun for example_dynamic_task_mapping to 2022-03-04 00:00:00+00:00, run_after=2022-03-05 00:00:00+00:00
[2024-07-15T10:25:11.019+0100] {processor.py:183} INFO - Processing /home/victor/airflow_env/lib/python3.10/site-packages/airflow/example_dags/example_dynamic_task_mapping.py took 0.694 seconds
[2024-07-15T10:28:28.941+0100] {processor.py:161} INFO - Started process (PID=26642) to work on /home/victor/airflow_env/lib/python3.10/site-packages/airflow/example_dags/example_dynamic_task_mapping.py
[2024-07-15T10:28:28.946+0100] {processor.py:830} INFO - Processing file /home/victor/airflow_env/lib/python3.10/site-packages/airflow/example_dags/example_dynamic_task_mapping.py for tasks to queue
[2024-07-15T10:28:28.954+0100] {logging_mixin.py:188} INFO - [2024-07-15T10:28:28.953+0100] {dagbag.py:545} INFO - Filling up the DagBag from /home/victor/airflow_env/lib/python3.10/site-packages/airflow/example_dags/example_dynamic_task_mapping.py
[2024-07-15T10:28:29.003+0100] {processor.py:840} INFO - DAG(s) 'example_dynamic_task_mapping' retrieved from /home/victor/airflow_env/lib/python3.10/site-packages/airflow/example_dags/example_dynamic_task_mapping.py
[2024-07-15T10:28:29.119+0100] {logging_mixin.py:188} INFO - [2024-07-15T10:28:29.118+0100] {dag.py:3096} INFO - Sync 1 DAGs
[2024-07-15T10:28:29.255+0100] {logging_mixin.py:188} INFO - [2024-07-15T10:28:29.254+0100] {dag.py:3954} INFO - Setting next_dagrun for example_dynamic_task_mapping to 2022-03-04 00:00:00+00:00, run_after=2022-03-05 00:00:00+00:00
[2024-07-15T10:28:29.710+0100] {processor.py:183} INFO - Processing /home/victor/airflow_env/lib/python3.10/site-packages/airflow/example_dags/example_dynamic_task_mapping.py took 0.797 seconds
[2024-07-15T10:30:57.795+0100] {processor.py:161} INFO - Started process (PID=27433) to work on /home/victor/airflow_env/lib/python3.10/site-packages/airflow/example_dags/example_dynamic_task_mapping.py
[2024-07-15T10:30:57.799+0100] {processor.py:830} INFO - Processing file /home/victor/airflow_env/lib/python3.10/site-packages/airflow/example_dags/example_dynamic_task_mapping.py for tasks to queue
[2024-07-15T10:30:57.808+0100] {logging_mixin.py:188} INFO - [2024-07-15T10:30:57.806+0100] {dagbag.py:545} INFO - Filling up the DagBag from /home/victor/airflow_env/lib/python3.10/site-packages/airflow/example_dags/example_dynamic_task_mapping.py
[2024-07-15T10:30:57.841+0100] {processor.py:840} INFO - DAG(s) 'example_dynamic_task_mapping' retrieved from /home/victor/airflow_env/lib/python3.10/site-packages/airflow/example_dags/example_dynamic_task_mapping.py
[2024-07-15T10:30:57.928+0100] {logging_mixin.py:188} INFO - [2024-07-15T10:30:57.927+0100] {dag.py:3096} INFO - Sync 1 DAGs
[2024-07-15T10:30:58.057+0100] {logging_mixin.py:188} INFO - [2024-07-15T10:30:58.056+0100] {dag.py:3954} INFO - Setting next_dagrun for example_dynamic_task_mapping to 2022-03-04 00:00:00+00:00, run_after=2022-03-05 00:00:00+00:00
[2024-07-15T10:30:58.400+0100] {processor.py:183} INFO - Processing /home/victor/airflow_env/lib/python3.10/site-packages/airflow/example_dags/example_dynamic_task_mapping.py took 0.642 seconds
[2024-07-15T10:34:01.613+0100] {processor.py:161} INFO - Started process (PID=28585) to work on /home/victor/airflow_env/lib/python3.10/site-packages/airflow/example_dags/example_dynamic_task_mapping.py
[2024-07-15T10:34:01.618+0100] {processor.py:830} INFO - Processing file /home/victor/airflow_env/lib/python3.10/site-packages/airflow/example_dags/example_dynamic_task_mapping.py for tasks to queue
[2024-07-15T10:34:01.633+0100] {logging_mixin.py:188} INFO - [2024-07-15T10:34:01.625+0100] {dagbag.py:545} INFO - Filling up the DagBag from /home/victor/airflow_env/lib/python3.10/site-packages/airflow/example_dags/example_dynamic_task_mapping.py
[2024-07-15T10:34:01.699+0100] {processor.py:840} INFO - DAG(s) 'example_dynamic_task_mapping' retrieved from /home/victor/airflow_env/lib/python3.10/site-packages/airflow/example_dags/example_dynamic_task_mapping.py
[2024-07-15T10:34:01.861+0100] {logging_mixin.py:188} INFO - [2024-07-15T10:34:01.859+0100] {dag.py:3096} INFO - Sync 1 DAGs
[2024-07-15T10:34:02.069+0100] {logging_mixin.py:188} INFO - [2024-07-15T10:34:02.068+0100] {dag.py:3954} INFO - Setting next_dagrun for example_dynamic_task_mapping to 2022-03-04 00:00:00+00:00, run_after=2022-03-05 00:00:00+00:00
[2024-07-15T10:34:02.622+0100] {processor.py:183} INFO - Processing /home/victor/airflow_env/lib/python3.10/site-packages/airflow/example_dags/example_dynamic_task_mapping.py took 1.057 seconds
[2024-07-15T10:36:39.522+0100] {processor.py:161} INFO - Started process (PID=29519) to work on /home/victor/airflow_env/lib/python3.10/site-packages/airflow/example_dags/example_dynamic_task_mapping.py
[2024-07-15T10:36:39.530+0100] {processor.py:830} INFO - Processing file /home/victor/airflow_env/lib/python3.10/site-packages/airflow/example_dags/example_dynamic_task_mapping.py for tasks to queue
[2024-07-15T10:36:39.541+0100] {logging_mixin.py:188} INFO - [2024-07-15T10:36:39.538+0100] {dagbag.py:545} INFO - Filling up the DagBag from /home/victor/airflow_env/lib/python3.10/site-packages/airflow/example_dags/example_dynamic_task_mapping.py
[2024-07-15T10:36:39.606+0100] {processor.py:840} INFO - DAG(s) 'example_dynamic_task_mapping' retrieved from /home/victor/airflow_env/lib/python3.10/site-packages/airflow/example_dags/example_dynamic_task_mapping.py
[2024-07-15T10:36:39.807+0100] {logging_mixin.py:188} INFO - [2024-07-15T10:36:39.805+0100] {dag.py:3096} INFO - Sync 1 DAGs
[2024-07-15T10:36:39.982+0100] {logging_mixin.py:188} INFO - [2024-07-15T10:36:39.981+0100] {dag.py:3954} INFO - Setting next_dagrun for example_dynamic_task_mapping to 2022-03-04 00:00:00+00:00, run_after=2022-03-05 00:00:00+00:00
[2024-07-15T10:36:40.561+0100] {processor.py:183} INFO - Processing /home/victor/airflow_env/lib/python3.10/site-packages/airflow/example_dags/example_dynamic_task_mapping.py took 1.086 seconds
[2024-07-15T10:39:28.652+0100] {processor.py:161} INFO - Started process (PID=30439) to work on /home/victor/airflow_env/lib/python3.10/site-packages/airflow/example_dags/example_dynamic_task_mapping.py
[2024-07-15T10:39:28.656+0100] {processor.py:830} INFO - Processing file /home/victor/airflow_env/lib/python3.10/site-packages/airflow/example_dags/example_dynamic_task_mapping.py for tasks to queue
[2024-07-15T10:39:28.663+0100] {logging_mixin.py:188} INFO - [2024-07-15T10:39:28.661+0100] {dagbag.py:545} INFO - Filling up the DagBag from /home/victor/airflow_env/lib/python3.10/site-packages/airflow/example_dags/example_dynamic_task_mapping.py
[2024-07-15T10:39:28.701+0100] {processor.py:840} INFO - DAG(s) 'example_dynamic_task_mapping' retrieved from /home/victor/airflow_env/lib/python3.10/site-packages/airflow/example_dags/example_dynamic_task_mapping.py
[2024-07-15T10:39:28.808+0100] {logging_mixin.py:188} INFO - [2024-07-15T10:39:28.807+0100] {dag.py:3096} INFO - Sync 1 DAGs
[2024-07-15T10:39:28.929+0100] {logging_mixin.py:188} INFO - [2024-07-15T10:39:28.928+0100] {dag.py:3954} INFO - Setting next_dagrun for example_dynamic_task_mapping to 2022-03-04 00:00:00+00:00, run_after=2022-03-05 00:00:00+00:00
[2024-07-15T10:39:29.214+0100] {processor.py:183} INFO - Processing /home/victor/airflow_env/lib/python3.10/site-packages/airflow/example_dags/example_dynamic_task_mapping.py took 0.592 seconds
[2024-07-15T10:41:57.640+0100] {processor.py:161} INFO - Started process (PID=31205) to work on /home/victor/airflow_env/lib/python3.10/site-packages/airflow/example_dags/example_dynamic_task_mapping.py
[2024-07-15T10:41:57.644+0100] {processor.py:830} INFO - Processing file /home/victor/airflow_env/lib/python3.10/site-packages/airflow/example_dags/example_dynamic_task_mapping.py for tasks to queue
[2024-07-15T10:41:57.653+0100] {logging_mixin.py:188} INFO - [2024-07-15T10:41:57.650+0100] {dagbag.py:545} INFO - Filling up the DagBag from /home/victor/airflow_env/lib/python3.10/site-packages/airflow/example_dags/example_dynamic_task_mapping.py
[2024-07-15T10:41:57.698+0100] {processor.py:840} INFO - DAG(s) 'example_dynamic_task_mapping' retrieved from /home/victor/airflow_env/lib/python3.10/site-packages/airflow/example_dags/example_dynamic_task_mapping.py
[2024-07-15T10:41:57.811+0100] {logging_mixin.py:188} INFO - [2024-07-15T10:41:57.811+0100] {dag.py:3096} INFO - Sync 1 DAGs
[2024-07-15T10:41:57.940+0100] {logging_mixin.py:188} INFO - [2024-07-15T10:41:57.939+0100] {dag.py:3954} INFO - Setting next_dagrun for example_dynamic_task_mapping to 2022-03-04 00:00:00+00:00, run_after=2022-03-05 00:00:00+00:00
[2024-07-15T10:41:58.282+0100] {processor.py:183} INFO - Processing /home/victor/airflow_env/lib/python3.10/site-packages/airflow/example_dags/example_dynamic_task_mapping.py took 0.679 seconds
[2024-07-15T10:44:32.527+0100] {processor.py:161} INFO - Started process (PID=32033) to work on /home/victor/airflow_env/lib/python3.10/site-packages/airflow/example_dags/example_dynamic_task_mapping.py
[2024-07-15T10:44:32.531+0100] {processor.py:830} INFO - Processing file /home/victor/airflow_env/lib/python3.10/site-packages/airflow/example_dags/example_dynamic_task_mapping.py for tasks to queue
[2024-07-15T10:44:32.539+0100] {logging_mixin.py:188} INFO - [2024-07-15T10:44:32.538+0100] {dagbag.py:545} INFO - Filling up the DagBag from /home/victor/airflow_env/lib/python3.10/site-packages/airflow/example_dags/example_dynamic_task_mapping.py
[2024-07-15T10:44:32.570+0100] {processor.py:840} INFO - DAG(s) 'example_dynamic_task_mapping' retrieved from /home/victor/airflow_env/lib/python3.10/site-packages/airflow/example_dags/example_dynamic_task_mapping.py
[2024-07-15T10:44:32.654+0100] {logging_mixin.py:188} INFO - [2024-07-15T10:44:32.653+0100] {dag.py:3096} INFO - Sync 1 DAGs
[2024-07-15T10:44:32.762+0100] {logging_mixin.py:188} INFO - [2024-07-15T10:44:32.760+0100] {dag.py:3954} INFO - Setting next_dagrun for example_dynamic_task_mapping to 2022-03-04 00:00:00+00:00, run_after=2022-03-05 00:00:00+00:00
[2024-07-15T10:44:33.019+0100] {processor.py:183} INFO - Processing /home/victor/airflow_env/lib/python3.10/site-packages/airflow/example_dags/example_dynamic_task_mapping.py took 0.519 seconds
[2024-07-15T10:46:57.481+0100] {processor.py:161} INFO - Started process (PID=32781) to work on /home/victor/airflow_env/lib/python3.10/site-packages/airflow/example_dags/example_dynamic_task_mapping.py
[2024-07-15T10:46:57.485+0100] {processor.py:830} INFO - Processing file /home/victor/airflow_env/lib/python3.10/site-packages/airflow/example_dags/example_dynamic_task_mapping.py for tasks to queue
[2024-07-15T10:46:57.492+0100] {logging_mixin.py:188} INFO - [2024-07-15T10:46:57.491+0100] {dagbag.py:545} INFO - Filling up the DagBag from /home/victor/airflow_env/lib/python3.10/site-packages/airflow/example_dags/example_dynamic_task_mapping.py
[2024-07-15T10:46:57.526+0100] {processor.py:840} INFO - DAG(s) 'example_dynamic_task_mapping' retrieved from /home/victor/airflow_env/lib/python3.10/site-packages/airflow/example_dags/example_dynamic_task_mapping.py
[2024-07-15T10:46:57.622+0100] {logging_mixin.py:188} INFO - [2024-07-15T10:46:57.621+0100] {dag.py:3096} INFO - Sync 1 DAGs
[2024-07-15T10:46:57.749+0100] {logging_mixin.py:188} INFO - [2024-07-15T10:46:57.748+0100] {dag.py:3954} INFO - Setting next_dagrun for example_dynamic_task_mapping to 2022-03-04 00:00:00+00:00, run_after=2022-03-05 00:00:00+00:00
[2024-07-15T10:46:58.127+0100] {processor.py:183} INFO - Processing /home/victor/airflow_env/lib/python3.10/site-packages/airflow/example_dags/example_dynamic_task_mapping.py took 0.678 seconds
[2024-07-15T10:49:53.106+0100] {processor.py:161} INFO - Started process (PID=33865) to work on /home/victor/airflow_env/lib/python3.10/site-packages/airflow/example_dags/example_dynamic_task_mapping.py
[2024-07-15T10:49:53.111+0100] {processor.py:830} INFO - Processing file /home/victor/airflow_env/lib/python3.10/site-packages/airflow/example_dags/example_dynamic_task_mapping.py for tasks to queue
[2024-07-15T10:49:53.122+0100] {logging_mixin.py:188} INFO - [2024-07-15T10:49:53.119+0100] {dagbag.py:545} INFO - Filling up the DagBag from /home/victor/airflow_env/lib/python3.10/site-packages/airflow/example_dags/example_dynamic_task_mapping.py
[2024-07-15T10:49:53.160+0100] {processor.py:840} INFO - DAG(s) 'example_dynamic_task_mapping' retrieved from /home/victor/airflow_env/lib/python3.10/site-packages/airflow/example_dags/example_dynamic_task_mapping.py
[2024-07-15T10:49:53.288+0100] {logging_mixin.py:188} INFO - [2024-07-15T10:49:53.287+0100] {dag.py:3096} INFO - Sync 1 DAGs
[2024-07-15T10:49:53.435+0100] {logging_mixin.py:188} INFO - [2024-07-15T10:49:53.433+0100] {dag.py:3954} INFO - Setting next_dagrun for example_dynamic_task_mapping to 2022-03-04 00:00:00+00:00, run_after=2022-03-05 00:00:00+00:00
[2024-07-15T10:49:53.767+0100] {processor.py:183} INFO - Processing /home/victor/airflow_env/lib/python3.10/site-packages/airflow/example_dags/example_dynamic_task_mapping.py took 0.692 seconds
