[2024-07-15T09:47:50.506+0100] {processor.py:161} INFO - Started process (PID=9960) to work on /home/victor/airflow_env/lib/python3.10/site-packages/airflow/example_dags/example_trigger_controller_dag.py
[2024-07-15T09:47:50.514+0100] {processor.py:830} INFO - Processing file /home/victor/airflow_env/lib/python3.10/site-packages/airflow/example_dags/example_trigger_controller_dag.py for tasks to queue
[2024-07-15T09:47:50.533+0100] {logging_mixin.py:188} INFO - [2024-07-15T09:47:50.531+0100] {dagbag.py:545} INFO - Filling up the DagBag from /home/victor/airflow_env/lib/python3.10/site-packages/airflow/example_dags/example_trigger_controller_dag.py
[2024-07-15T09:47:50.600+0100] {processor.py:840} INFO - DAG(s) 'example_trigger_controller_dag' retrieved from /home/victor/airflow_env/lib/python3.10/site-packages/airflow/example_dags/example_trigger_controller_dag.py
[2024-07-15T09:47:50.731+0100] {logging_mixin.py:188} INFO - [2024-07-15T09:47:50.730+0100] {dag.py:3096} INFO - Sync 1 DAGs
[2024-07-15T09:47:51.172+0100] {logging_mixin.py:188} INFO - [2024-07-15T09:47:51.171+0100] {dag.py:3954} INFO - Setting next_dagrun for example_trigger_controller_dag to 2021-01-01 00:00:00+00:00, run_after=2021-01-01 00:00:00+00:00
[2024-07-15T09:47:51.642+0100] {processor.py:183} INFO - Processing /home/victor/airflow_env/lib/python3.10/site-packages/airflow/example_dags/example_trigger_controller_dag.py took 1.209 seconds
[2024-07-15T09:50:15.102+0100] {processor.py:161} INFO - Started process (PID=11136) to work on /home/victor/airflow_env/lib/python3.10/site-packages/airflow/example_dags/example_trigger_controller_dag.py
[2024-07-15T09:50:15.106+0100] {processor.py:830} INFO - Processing file /home/victor/airflow_env/lib/python3.10/site-packages/airflow/example_dags/example_trigger_controller_dag.py for tasks to queue
[2024-07-15T09:50:15.113+0100] {logging_mixin.py:188} INFO - [2024-07-15T09:50:15.111+0100] {dagbag.py:545} INFO - Filling up the DagBag from /home/victor/airflow_env/lib/python3.10/site-packages/airflow/example_dags/example_trigger_controller_dag.py
[2024-07-15T09:50:15.134+0100] {processor.py:840} INFO - DAG(s) 'example_trigger_controller_dag' retrieved from /home/victor/airflow_env/lib/python3.10/site-packages/airflow/example_dags/example_trigger_controller_dag.py
[2024-07-15T09:50:15.219+0100] {logging_mixin.py:188} INFO - [2024-07-15T09:50:15.218+0100] {dag.py:3096} INFO - Sync 1 DAGs
[2024-07-15T09:50:15.321+0100] {logging_mixin.py:188} INFO - [2024-07-15T09:50:15.320+0100] {dag.py:3954} INFO - Setting next_dagrun for example_trigger_controller_dag to 2021-01-01 00:00:00+00:00, run_after=2021-01-01 00:00:00+00:00
[2024-07-15T09:50:15.759+0100] {processor.py:183} INFO - Processing /home/victor/airflow_env/lib/python3.10/site-packages/airflow/example_dags/example_trigger_controller_dag.py took 0.681 seconds
[2024-07-15T09:51:36.212+0100] {processor.py:161} INFO - Started process (PID=11622) to work on /home/victor/airflow_env/lib/python3.10/site-packages/airflow/example_dags/example_trigger_controller_dag.py
[2024-07-15T09:51:36.216+0100] {processor.py:830} INFO - Processing file /home/victor/airflow_env/lib/python3.10/site-packages/airflow/example_dags/example_trigger_controller_dag.py for tasks to queue
[2024-07-15T09:51:36.224+0100] {logging_mixin.py:188} INFO - [2024-07-15T09:51:36.223+0100] {dagbag.py:545} INFO - Filling up the DagBag from /home/victor/airflow_env/lib/python3.10/site-packages/airflow/example_dags/example_trigger_controller_dag.py
[2024-07-15T09:51:36.246+0100] {processor.py:840} INFO - DAG(s) 'example_trigger_controller_dag' retrieved from /home/victor/airflow_env/lib/python3.10/site-packages/airflow/example_dags/example_trigger_controller_dag.py
[2024-07-15T09:51:36.334+0100] {logging_mixin.py:188} INFO - [2024-07-15T09:51:36.333+0100] {dag.py:3096} INFO - Sync 1 DAGs
[2024-07-15T09:51:36.443+0100] {logging_mixin.py:188} INFO - [2024-07-15T09:51:36.442+0100] {dag.py:3954} INFO - Setting next_dagrun for example_trigger_controller_dag to 2021-01-01 00:00:00+00:00, run_after=2021-01-01 00:00:00+00:00
[2024-07-15T09:51:36.924+0100] {processor.py:183} INFO - Processing /home/victor/airflow_env/lib/python3.10/site-packages/airflow/example_dags/example_trigger_controller_dag.py took 0.735 seconds
[2024-07-15T09:53:14.251+0100] {processor.py:161} INFO - Started process (PID=12214) to work on /home/victor/airflow_env/lib/python3.10/site-packages/airflow/example_dags/example_trigger_controller_dag.py
[2024-07-15T09:53:14.258+0100] {processor.py:830} INFO - Processing file /home/victor/airflow_env/lib/python3.10/site-packages/airflow/example_dags/example_trigger_controller_dag.py for tasks to queue
[2024-07-15T09:53:14.266+0100] {logging_mixin.py:188} INFO - [2024-07-15T09:53:14.265+0100] {dagbag.py:545} INFO - Filling up the DagBag from /home/victor/airflow_env/lib/python3.10/site-packages/airflow/example_dags/example_trigger_controller_dag.py
[2024-07-15T09:53:14.300+0100] {processor.py:840} INFO - DAG(s) 'example_trigger_controller_dag' retrieved from /home/victor/airflow_env/lib/python3.10/site-packages/airflow/example_dags/example_trigger_controller_dag.py
[2024-07-15T09:53:14.916+0100] {logging_mixin.py:188} INFO - [2024-07-15T09:53:14.915+0100] {dag.py:3096} INFO - Sync 1 DAGs
[2024-07-15T09:53:15.071+0100] {logging_mixin.py:188} INFO - [2024-07-15T09:53:15.070+0100] {dag.py:3954} INFO - Setting next_dagrun for example_trigger_controller_dag to 2021-01-01 00:00:00+00:00, run_after=2021-01-01 00:00:00+00:00
[2024-07-15T09:53:15.426+0100] {processor.py:183} INFO - Processing /home/victor/airflow_env/lib/python3.10/site-packages/airflow/example_dags/example_trigger_controller_dag.py took 1.218 seconds
[2024-07-15T09:55:21.430+0100] {processor.py:161} INFO - Started process (PID=13087) to work on /home/victor/airflow_env/lib/python3.10/site-packages/airflow/example_dags/example_trigger_controller_dag.py
[2024-07-15T09:55:21.434+0100] {processor.py:830} INFO - Processing file /home/victor/airflow_env/lib/python3.10/site-packages/airflow/example_dags/example_trigger_controller_dag.py for tasks to queue
[2024-07-15T09:55:21.443+0100] {logging_mixin.py:188} INFO - [2024-07-15T09:55:21.442+0100] {dagbag.py:545} INFO - Filling up the DagBag from /home/victor/airflow_env/lib/python3.10/site-packages/airflow/example_dags/example_trigger_controller_dag.py
[2024-07-15T09:55:21.470+0100] {processor.py:840} INFO - DAG(s) 'example_trigger_controller_dag' retrieved from /home/victor/airflow_env/lib/python3.10/site-packages/airflow/example_dags/example_trigger_controller_dag.py
[2024-07-15T09:55:21.566+0100] {logging_mixin.py:188} INFO - [2024-07-15T09:55:21.565+0100] {dag.py:3096} INFO - Sync 1 DAGs
[2024-07-15T09:55:21.667+0100] {logging_mixin.py:188} INFO - [2024-07-15T09:55:21.666+0100] {dag.py:3954} INFO - Setting next_dagrun for example_trigger_controller_dag to 2021-01-01 00:00:00+00:00, run_after=2021-01-01 00:00:00+00:00
[2024-07-15T09:55:22.132+0100] {processor.py:183} INFO - Processing /home/victor/airflow_env/lib/python3.10/site-packages/airflow/example_dags/example_trigger_controller_dag.py took 0.732 seconds
[2024-07-15T09:56:50.602+0100] {processor.py:161} INFO - Started process (PID=13890) to work on /home/victor/airflow_env/lib/python3.10/site-packages/airflow/example_dags/example_trigger_controller_dag.py
[2024-07-15T09:56:50.607+0100] {processor.py:830} INFO - Processing file /home/victor/airflow_env/lib/python3.10/site-packages/airflow/example_dags/example_trigger_controller_dag.py for tasks to queue
[2024-07-15T09:56:50.620+0100] {logging_mixin.py:188} INFO - [2024-07-15T09:56:50.618+0100] {dagbag.py:545} INFO - Filling up the DagBag from /home/victor/airflow_env/lib/python3.10/site-packages/airflow/example_dags/example_trigger_controller_dag.py
[2024-07-15T09:56:50.646+0100] {processor.py:840} INFO - DAG(s) 'example_trigger_controller_dag' retrieved from /home/victor/airflow_env/lib/python3.10/site-packages/airflow/example_dags/example_trigger_controller_dag.py
[2024-07-15T09:56:50.762+0100] {logging_mixin.py:188} INFO - [2024-07-15T09:56:50.761+0100] {dag.py:3096} INFO - Sync 1 DAGs
[2024-07-15T09:56:50.960+0100] {logging_mixin.py:188} INFO - [2024-07-15T09:56:50.956+0100] {dag.py:3954} INFO - Setting next_dagrun for example_trigger_controller_dag to 2021-01-01 00:00:00+00:00, run_after=2021-01-01 00:00:00+00:00
[2024-07-15T09:56:51.373+0100] {processor.py:183} INFO - Processing /home/victor/airflow_env/lib/python3.10/site-packages/airflow/example_dags/example_trigger_controller_dag.py took 0.808 seconds
[2024-07-15T09:58:30.223+0100] {processor.py:161} INFO - Started process (PID=14506) to work on /home/victor/airflow_env/lib/python3.10/site-packages/airflow/example_dags/example_trigger_controller_dag.py
[2024-07-15T09:58:30.226+0100] {processor.py:830} INFO - Processing file /home/victor/airflow_env/lib/python3.10/site-packages/airflow/example_dags/example_trigger_controller_dag.py for tasks to queue
[2024-07-15T09:58:30.234+0100] {logging_mixin.py:188} INFO - [2024-07-15T09:58:30.232+0100] {dagbag.py:545} INFO - Filling up the DagBag from /home/victor/airflow_env/lib/python3.10/site-packages/airflow/example_dags/example_trigger_controller_dag.py
[2024-07-15T09:58:30.256+0100] {processor.py:840} INFO - DAG(s) 'example_trigger_controller_dag' retrieved from /home/victor/airflow_env/lib/python3.10/site-packages/airflow/example_dags/example_trigger_controller_dag.py
[2024-07-15T09:58:30.372+0100] {logging_mixin.py:188} INFO - [2024-07-15T09:58:30.371+0100] {dag.py:3096} INFO - Sync 1 DAGs
[2024-07-15T09:58:30.486+0100] {logging_mixin.py:188} INFO - [2024-07-15T09:58:30.485+0100] {dag.py:3954} INFO - Setting next_dagrun for example_trigger_controller_dag to 2021-01-01 00:00:00+00:00, run_after=2021-01-01 00:00:00+00:00
[2024-07-15T09:58:30.823+0100] {processor.py:183} INFO - Processing /home/victor/airflow_env/lib/python3.10/site-packages/airflow/example_dags/example_trigger_controller_dag.py took 0.625 seconds
[2024-07-15T09:59:56.273+0100] {processor.py:161} INFO - Started process (PID=15002) to work on /home/victor/airflow_env/lib/python3.10/site-packages/airflow/example_dags/example_trigger_controller_dag.py
[2024-07-15T09:59:56.280+0100] {processor.py:830} INFO - Processing file /home/victor/airflow_env/lib/python3.10/site-packages/airflow/example_dags/example_trigger_controller_dag.py for tasks to queue
[2024-07-15T09:59:56.291+0100] {logging_mixin.py:188} INFO - [2024-07-15T09:59:56.289+0100] {dagbag.py:545} INFO - Filling up the DagBag from /home/victor/airflow_env/lib/python3.10/site-packages/airflow/example_dags/example_trigger_controller_dag.py
[2024-07-15T09:59:56.330+0100] {processor.py:840} INFO - DAG(s) 'example_trigger_controller_dag' retrieved from /home/victor/airflow_env/lib/python3.10/site-packages/airflow/example_dags/example_trigger_controller_dag.py
[2024-07-15T09:59:56.429+0100] {logging_mixin.py:188} INFO - [2024-07-15T09:59:56.428+0100] {dag.py:3096} INFO - Sync 1 DAGs
[2024-07-15T09:59:56.571+0100] {logging_mixin.py:188} INFO - [2024-07-15T09:59:56.570+0100] {dag.py:3954} INFO - Setting next_dagrun for example_trigger_controller_dag to 2021-01-01 00:00:00+00:00, run_after=2021-01-01 00:00:00+00:00
[2024-07-15T09:59:56.849+0100] {processor.py:183} INFO - Processing /home/victor/airflow_env/lib/python3.10/site-packages/airflow/example_dags/example_trigger_controller_dag.py took 0.614 seconds
[2024-07-15T10:01:20.620+0100] {processor.py:161} INFO - Started process (PID=15655) to work on /home/victor/airflow_env/lib/python3.10/site-packages/airflow/example_dags/example_trigger_controller_dag.py
[2024-07-15T10:01:20.628+0100] {processor.py:830} INFO - Processing file /home/victor/airflow_env/lib/python3.10/site-packages/airflow/example_dags/example_trigger_controller_dag.py for tasks to queue
[2024-07-15T10:01:20.639+0100] {logging_mixin.py:188} INFO - [2024-07-15T10:01:20.637+0100] {dagbag.py:545} INFO - Filling up the DagBag from /home/victor/airflow_env/lib/python3.10/site-packages/airflow/example_dags/example_trigger_controller_dag.py
[2024-07-15T10:01:20.679+0100] {processor.py:840} INFO - DAG(s) 'example_trigger_controller_dag' retrieved from /home/victor/airflow_env/lib/python3.10/site-packages/airflow/example_dags/example_trigger_controller_dag.py
[2024-07-15T10:01:20.759+0100] {logging_mixin.py:188} INFO - [2024-07-15T10:01:20.758+0100] {dag.py:3096} INFO - Sync 1 DAGs
[2024-07-15T10:01:20.859+0100] {logging_mixin.py:188} INFO - [2024-07-15T10:01:20.858+0100] {dag.py:3954} INFO - Setting next_dagrun for example_trigger_controller_dag to 2021-01-01 00:00:00+00:00, run_after=2021-01-01 00:00:00+00:00
[2024-07-15T10:01:21.108+0100] {processor.py:183} INFO - Processing /home/victor/airflow_env/lib/python3.10/site-packages/airflow/example_dags/example_trigger_controller_dag.py took 0.514 seconds
[2024-07-15T10:02:44.303+0100] {processor.py:161} INFO - Started process (PID=16458) to work on /home/victor/airflow_env/lib/python3.10/site-packages/airflow/example_dags/example_trigger_controller_dag.py
[2024-07-15T10:02:44.307+0100] {processor.py:830} INFO - Processing file /home/victor/airflow_env/lib/python3.10/site-packages/airflow/example_dags/example_trigger_controller_dag.py for tasks to queue
[2024-07-15T10:02:44.314+0100] {logging_mixin.py:188} INFO - [2024-07-15T10:02:44.312+0100] {dagbag.py:545} INFO - Filling up the DagBag from /home/victor/airflow_env/lib/python3.10/site-packages/airflow/example_dags/example_trigger_controller_dag.py
[2024-07-15T10:02:44.336+0100] {processor.py:840} INFO - DAG(s) 'example_trigger_controller_dag' retrieved from /home/victor/airflow_env/lib/python3.10/site-packages/airflow/example_dags/example_trigger_controller_dag.py
[2024-07-15T10:02:44.416+0100] {logging_mixin.py:188} INFO - [2024-07-15T10:02:44.416+0100] {dag.py:3096} INFO - Sync 1 DAGs
[2024-07-15T10:02:44.554+0100] {logging_mixin.py:188} INFO - [2024-07-15T10:02:44.553+0100] {dag.py:3954} INFO - Setting next_dagrun for example_trigger_controller_dag to 2021-01-01 00:00:00+00:00, run_after=2021-01-01 00:00:00+00:00
[2024-07-15T10:02:44.931+0100] {processor.py:183} INFO - Processing /home/victor/airflow_env/lib/python3.10/site-packages/airflow/example_dags/example_trigger_controller_dag.py took 0.653 seconds
[2024-07-15T10:03:57.259+0100] {processor.py:161} INFO - Started process (PID=16955) to work on /home/victor/airflow_env/lib/python3.10/site-packages/airflow/example_dags/example_trigger_controller_dag.py
[2024-07-15T10:03:57.263+0100] {processor.py:830} INFO - Processing file /home/victor/airflow_env/lib/python3.10/site-packages/airflow/example_dags/example_trigger_controller_dag.py for tasks to queue
[2024-07-15T10:03:57.270+0100] {logging_mixin.py:188} INFO - [2024-07-15T10:03:57.269+0100] {dagbag.py:545} INFO - Filling up the DagBag from /home/victor/airflow_env/lib/python3.10/site-packages/airflow/example_dags/example_trigger_controller_dag.py
[2024-07-15T10:03:57.292+0100] {processor.py:840} INFO - DAG(s) 'example_trigger_controller_dag' retrieved from /home/victor/airflow_env/lib/python3.10/site-packages/airflow/example_dags/example_trigger_controller_dag.py
[2024-07-15T10:03:57.374+0100] {logging_mixin.py:188} INFO - [2024-07-15T10:03:57.373+0100] {dag.py:3096} INFO - Sync 1 DAGs
[2024-07-15T10:03:57.477+0100] {logging_mixin.py:188} INFO - [2024-07-15T10:03:57.476+0100] {dag.py:3954} INFO - Setting next_dagrun for example_trigger_controller_dag to 2021-01-01 00:00:00+00:00, run_after=2021-01-01 00:00:00+00:00
[2024-07-15T10:03:57.806+0100] {processor.py:183} INFO - Processing /home/victor/airflow_env/lib/python3.10/site-packages/airflow/example_dags/example_trigger_controller_dag.py took 0.579 seconds
[2024-07-15T10:05:08.699+0100] {processor.py:161} INFO - Started process (PID=17345) to work on /home/victor/airflow_env/lib/python3.10/site-packages/airflow/example_dags/example_trigger_controller_dag.py
[2024-07-15T10:05:08.703+0100] {processor.py:830} INFO - Processing file /home/victor/airflow_env/lib/python3.10/site-packages/airflow/example_dags/example_trigger_controller_dag.py for tasks to queue
[2024-07-15T10:05:08.710+0100] {logging_mixin.py:188} INFO - [2024-07-15T10:05:08.709+0100] {dagbag.py:545} INFO - Filling up the DagBag from /home/victor/airflow_env/lib/python3.10/site-packages/airflow/example_dags/example_trigger_controller_dag.py
[2024-07-15T10:05:08.732+0100] {processor.py:840} INFO - DAG(s) 'example_trigger_controller_dag' retrieved from /home/victor/airflow_env/lib/python3.10/site-packages/airflow/example_dags/example_trigger_controller_dag.py
[2024-07-15T10:05:08.818+0100] {logging_mixin.py:188} INFO - [2024-07-15T10:05:08.817+0100] {dag.py:3096} INFO - Sync 1 DAGs
[2024-07-15T10:05:08.929+0100] {logging_mixin.py:188} INFO - [2024-07-15T10:05:08.928+0100] {dag.py:3954} INFO - Setting next_dagrun for example_trigger_controller_dag to 2021-01-01 00:00:00+00:00, run_after=2021-01-01 00:00:00+00:00
[2024-07-15T10:05:09.252+0100] {processor.py:183} INFO - Processing /home/victor/airflow_env/lib/python3.10/site-packages/airflow/example_dags/example_trigger_controller_dag.py took 0.578 seconds
[2024-07-15T10:06:35.880+0100] {processor.py:161} INFO - Started process (PID=17914) to work on /home/victor/airflow_env/lib/python3.10/site-packages/airflow/example_dags/example_trigger_controller_dag.py
[2024-07-15T10:06:35.884+0100] {processor.py:830} INFO - Processing file /home/victor/airflow_env/lib/python3.10/site-packages/airflow/example_dags/example_trigger_controller_dag.py for tasks to queue
[2024-07-15T10:06:35.892+0100] {logging_mixin.py:188} INFO - [2024-07-15T10:06:35.891+0100] {dagbag.py:545} INFO - Filling up the DagBag from /home/victor/airflow_env/lib/python3.10/site-packages/airflow/example_dags/example_trigger_controller_dag.py
[2024-07-15T10:06:35.916+0100] {processor.py:840} INFO - DAG(s) 'example_trigger_controller_dag' retrieved from /home/victor/airflow_env/lib/python3.10/site-packages/airflow/example_dags/example_trigger_controller_dag.py
[2024-07-15T10:06:36.034+0100] {logging_mixin.py:188} INFO - [2024-07-15T10:06:36.033+0100] {dag.py:3096} INFO - Sync 1 DAGs
[2024-07-15T10:06:36.423+0100] {logging_mixin.py:188} INFO - [2024-07-15T10:06:36.414+0100] {dag.py:3954} INFO - Setting next_dagrun for example_trigger_controller_dag to 2021-01-01 00:00:00+00:00, run_after=2021-01-01 00:00:00+00:00
[2024-07-15T10:06:36.910+0100] {processor.py:183} INFO - Processing /home/victor/airflow_env/lib/python3.10/site-packages/airflow/example_dags/example_trigger_controller_dag.py took 1.050 seconds
[2024-07-15T10:08:12.598+0100] {processor.py:161} INFO - Started process (PID=18616) to work on /home/victor/airflow_env/lib/python3.10/site-packages/airflow/example_dags/example_trigger_controller_dag.py
[2024-07-15T10:08:12.601+0100] {processor.py:830} INFO - Processing file /home/victor/airflow_env/lib/python3.10/site-packages/airflow/example_dags/example_trigger_controller_dag.py for tasks to queue
[2024-07-15T10:08:12.608+0100] {logging_mixin.py:188} INFO - [2024-07-15T10:08:12.606+0100] {dagbag.py:545} INFO - Filling up the DagBag from /home/victor/airflow_env/lib/python3.10/site-packages/airflow/example_dags/example_trigger_controller_dag.py
[2024-07-15T10:08:12.631+0100] {processor.py:840} INFO - DAG(s) 'example_trigger_controller_dag' retrieved from /home/victor/airflow_env/lib/python3.10/site-packages/airflow/example_dags/example_trigger_controller_dag.py
[2024-07-15T10:08:12.720+0100] {logging_mixin.py:188} INFO - [2024-07-15T10:08:12.719+0100] {dag.py:3096} INFO - Sync 1 DAGs
[2024-07-15T10:08:12.913+0100] {logging_mixin.py:188} INFO - [2024-07-15T10:08:12.912+0100] {dag.py:3954} INFO - Setting next_dagrun for example_trigger_controller_dag to 2021-01-01 00:00:00+00:00, run_after=2021-01-01 00:00:00+00:00
[2024-07-15T10:08:13.414+0100] {processor.py:183} INFO - Processing /home/victor/airflow_env/lib/python3.10/site-packages/airflow/example_dags/example_trigger_controller_dag.py took 0.841 seconds
[2024-07-15T10:09:38.256+0100] {processor.py:161} INFO - Started process (PID=19178) to work on /home/victor/airflow_env/lib/python3.10/site-packages/airflow/example_dags/example_trigger_controller_dag.py
[2024-07-15T10:09:38.260+0100] {processor.py:830} INFO - Processing file /home/victor/airflow_env/lib/python3.10/site-packages/airflow/example_dags/example_trigger_controller_dag.py for tasks to queue
[2024-07-15T10:09:38.267+0100] {logging_mixin.py:188} INFO - [2024-07-15T10:09:38.266+0100] {dagbag.py:545} INFO - Filling up the DagBag from /home/victor/airflow_env/lib/python3.10/site-packages/airflow/example_dags/example_trigger_controller_dag.py
[2024-07-15T10:09:38.290+0100] {processor.py:840} INFO - DAG(s) 'example_trigger_controller_dag' retrieved from /home/victor/airflow_env/lib/python3.10/site-packages/airflow/example_dags/example_trigger_controller_dag.py
[2024-07-15T10:09:38.373+0100] {logging_mixin.py:188} INFO - [2024-07-15T10:09:38.372+0100] {dag.py:3096} INFO - Sync 1 DAGs
[2024-07-15T10:09:38.543+0100] {logging_mixin.py:188} INFO - [2024-07-15T10:09:38.542+0100] {dag.py:3954} INFO - Setting next_dagrun for example_trigger_controller_dag to 2021-01-01 00:00:00+00:00, run_after=2021-01-01 00:00:00+00:00
[2024-07-15T10:09:38.811+0100] {processor.py:183} INFO - Processing /home/victor/airflow_env/lib/python3.10/site-packages/airflow/example_dags/example_trigger_controller_dag.py took 0.580 seconds
[2024-07-15T10:11:11.905+0100] {processor.py:161} INFO - Started process (PID=19743) to work on /home/victor/airflow_env/lib/python3.10/site-packages/airflow/example_dags/example_trigger_controller_dag.py
[2024-07-15T10:11:11.909+0100] {processor.py:830} INFO - Processing file /home/victor/airflow_env/lib/python3.10/site-packages/airflow/example_dags/example_trigger_controller_dag.py for tasks to queue
[2024-07-15T10:11:11.916+0100] {logging_mixin.py:188} INFO - [2024-07-15T10:11:11.914+0100] {dagbag.py:545} INFO - Filling up the DagBag from /home/victor/airflow_env/lib/python3.10/site-packages/airflow/example_dags/example_trigger_controller_dag.py
[2024-07-15T10:11:11.940+0100] {processor.py:840} INFO - DAG(s) 'example_trigger_controller_dag' retrieved from /home/victor/airflow_env/lib/python3.10/site-packages/airflow/example_dags/example_trigger_controller_dag.py
[2024-07-15T10:11:12.029+0100] {logging_mixin.py:188} INFO - [2024-07-15T10:11:12.028+0100] {dag.py:3096} INFO - Sync 1 DAGs
[2024-07-15T10:11:12.146+0100] {logging_mixin.py:188} INFO - [2024-07-15T10:11:12.145+0100] {dag.py:3954} INFO - Setting next_dagrun for example_trigger_controller_dag to 2021-01-01 00:00:00+00:00, run_after=2021-01-01 00:00:00+00:00
[2024-07-15T10:11:12.927+0100] {processor.py:183} INFO - Processing /home/victor/airflow_env/lib/python3.10/site-packages/airflow/example_dags/example_trigger_controller_dag.py took 1.050 seconds
[2024-07-15T10:12:38.060+0100] {processor.py:161} INFO - Started process (PID=20216) to work on /home/victor/airflow_env/lib/python3.10/site-packages/airflow/example_dags/example_trigger_controller_dag.py
[2024-07-15T10:12:38.065+0100] {processor.py:830} INFO - Processing file /home/victor/airflow_env/lib/python3.10/site-packages/airflow/example_dags/example_trigger_controller_dag.py for tasks to queue
[2024-07-15T10:12:38.074+0100] {logging_mixin.py:188} INFO - [2024-07-15T10:12:38.072+0100] {dagbag.py:545} INFO - Filling up the DagBag from /home/victor/airflow_env/lib/python3.10/site-packages/airflow/example_dags/example_trigger_controller_dag.py
[2024-07-15T10:12:38.101+0100] {processor.py:840} INFO - DAG(s) 'example_trigger_controller_dag' retrieved from /home/victor/airflow_env/lib/python3.10/site-packages/airflow/example_dags/example_trigger_controller_dag.py
[2024-07-15T10:12:38.212+0100] {logging_mixin.py:188} INFO - [2024-07-15T10:12:38.211+0100] {dag.py:3096} INFO - Sync 1 DAGs
[2024-07-15T10:12:38.369+0100] {logging_mixin.py:188} INFO - [2024-07-15T10:12:38.367+0100] {dag.py:3954} INFO - Setting next_dagrun for example_trigger_controller_dag to 2021-01-01 00:00:00+00:00, run_after=2021-01-01 00:00:00+00:00
[2024-07-15T10:12:38.666+0100] {processor.py:183} INFO - Processing /home/victor/airflow_env/lib/python3.10/site-packages/airflow/example_dags/example_trigger_controller_dag.py took 0.636 seconds
[2024-07-15T10:13:59.979+0100] {processor.py:161} INFO - Started process (PID=20648) to work on /home/victor/airflow_env/lib/python3.10/site-packages/airflow/example_dags/example_trigger_controller_dag.py
[2024-07-15T10:13:59.983+0100] {processor.py:830} INFO - Processing file /home/victor/airflow_env/lib/python3.10/site-packages/airflow/example_dags/example_trigger_controller_dag.py for tasks to queue
[2024-07-15T10:13:59.990+0100] {logging_mixin.py:188} INFO - [2024-07-15T10:13:59.989+0100] {dagbag.py:545} INFO - Filling up the DagBag from /home/victor/airflow_env/lib/python3.10/site-packages/airflow/example_dags/example_trigger_controller_dag.py
[2024-07-15T10:14:00.014+0100] {processor.py:840} INFO - DAG(s) 'example_trigger_controller_dag' retrieved from /home/victor/airflow_env/lib/python3.10/site-packages/airflow/example_dags/example_trigger_controller_dag.py
[2024-07-15T10:14:00.122+0100] {logging_mixin.py:188} INFO - [2024-07-15T10:14:00.121+0100] {dag.py:3096} INFO - Sync 1 DAGs
[2024-07-15T10:14:00.229+0100] {logging_mixin.py:188} INFO - [2024-07-15T10:14:00.228+0100] {dag.py:3954} INFO - Setting next_dagrun for example_trigger_controller_dag to 2021-01-01 00:00:00+00:00, run_after=2021-01-01 00:00:00+00:00
[2024-07-15T10:14:00.598+0100] {processor.py:183} INFO - Processing /home/victor/airflow_env/lib/python3.10/site-packages/airflow/example_dags/example_trigger_controller_dag.py took 0.644 seconds
[2024-07-15T10:15:30.476+0100] {processor.py:161} INFO - Started process (PID=21144) to work on /home/victor/airflow_env/lib/python3.10/site-packages/airflow/example_dags/example_trigger_controller_dag.py
[2024-07-15T10:15:30.481+0100] {processor.py:830} INFO - Processing file /home/victor/airflow_env/lib/python3.10/site-packages/airflow/example_dags/example_trigger_controller_dag.py for tasks to queue
[2024-07-15T10:15:30.489+0100] {logging_mixin.py:188} INFO - [2024-07-15T10:15:30.487+0100] {dagbag.py:545} INFO - Filling up the DagBag from /home/victor/airflow_env/lib/python3.10/site-packages/airflow/example_dags/example_trigger_controller_dag.py
[2024-07-15T10:15:30.520+0100] {processor.py:840} INFO - DAG(s) 'example_trigger_controller_dag' retrieved from /home/victor/airflow_env/lib/python3.10/site-packages/airflow/example_dags/example_trigger_controller_dag.py
[2024-07-15T10:15:30.618+0100] {logging_mixin.py:188} INFO - [2024-07-15T10:15:30.617+0100] {dag.py:3096} INFO - Sync 1 DAGs
[2024-07-15T10:15:30.736+0100] {logging_mixin.py:188} INFO - [2024-07-15T10:15:30.735+0100] {dag.py:3954} INFO - Setting next_dagrun for example_trigger_controller_dag to 2021-01-01 00:00:00+00:00, run_after=2021-01-01 00:00:00+00:00
[2024-07-15T10:15:31.119+0100] {processor.py:183} INFO - Processing /home/victor/airflow_env/lib/python3.10/site-packages/airflow/example_dags/example_trigger_controller_dag.py took 0.676 seconds
[2024-07-15T10:16:58.966+0100] {processor.py:161} INFO - Started process (PID=21724) to work on /home/victor/airflow_env/lib/python3.10/site-packages/airflow/example_dags/example_trigger_controller_dag.py
[2024-07-15T10:16:58.971+0100] {processor.py:830} INFO - Processing file /home/victor/airflow_env/lib/python3.10/site-packages/airflow/example_dags/example_trigger_controller_dag.py for tasks to queue
[2024-07-15T10:16:58.979+0100] {logging_mixin.py:188} INFO - [2024-07-15T10:16:58.977+0100] {dagbag.py:545} INFO - Filling up the DagBag from /home/victor/airflow_env/lib/python3.10/site-packages/airflow/example_dags/example_trigger_controller_dag.py
[2024-07-15T10:16:59.002+0100] {processor.py:840} INFO - DAG(s) 'example_trigger_controller_dag' retrieved from /home/victor/airflow_env/lib/python3.10/site-packages/airflow/example_dags/example_trigger_controller_dag.py
[2024-07-15T10:16:59.122+0100] {logging_mixin.py:188} INFO - [2024-07-15T10:16:59.121+0100] {dag.py:3096} INFO - Sync 1 DAGs
[2024-07-15T10:16:59.253+0100] {logging_mixin.py:188} INFO - [2024-07-15T10:16:59.252+0100] {dag.py:3954} INFO - Setting next_dagrun for example_trigger_controller_dag to 2021-01-01 00:00:00+00:00, run_after=2021-01-01 00:00:00+00:00
[2024-07-15T10:16:59.580+0100] {processor.py:183} INFO - Processing /home/victor/airflow_env/lib/python3.10/site-packages/airflow/example_dags/example_trigger_controller_dag.py took 0.639 seconds
[2024-07-15T10:18:21.425+0100] {processor.py:161} INFO - Started process (PID=22257) to work on /home/victor/airflow_env/lib/python3.10/site-packages/airflow/example_dags/example_trigger_controller_dag.py
[2024-07-15T10:18:21.430+0100] {processor.py:830} INFO - Processing file /home/victor/airflow_env/lib/python3.10/site-packages/airflow/example_dags/example_trigger_controller_dag.py for tasks to queue
[2024-07-15T10:18:21.438+0100] {logging_mixin.py:188} INFO - [2024-07-15T10:18:21.436+0100] {dagbag.py:545} INFO - Filling up the DagBag from /home/victor/airflow_env/lib/python3.10/site-packages/airflow/example_dags/example_trigger_controller_dag.py
[2024-07-15T10:18:21.464+0100] {processor.py:840} INFO - DAG(s) 'example_trigger_controller_dag' retrieved from /home/victor/airflow_env/lib/python3.10/site-packages/airflow/example_dags/example_trigger_controller_dag.py
[2024-07-15T10:18:21.565+0100] {logging_mixin.py:188} INFO - [2024-07-15T10:18:21.564+0100] {dag.py:3096} INFO - Sync 1 DAGs
[2024-07-15T10:18:21.670+0100] {logging_mixin.py:188} INFO - [2024-07-15T10:18:21.669+0100] {dag.py:3954} INFO - Setting next_dagrun for example_trigger_controller_dag to 2021-01-01 00:00:00+00:00, run_after=2021-01-01 00:00:00+00:00
[2024-07-15T10:18:21.944+0100] {processor.py:183} INFO - Processing /home/victor/airflow_env/lib/python3.10/site-packages/airflow/example_dags/example_trigger_controller_dag.py took 0.547 seconds
[2024-07-15T10:19:57.682+0100] {processor.py:161} INFO - Started process (PID=22954) to work on /home/victor/airflow_env/lib/python3.10/site-packages/airflow/example_dags/example_trigger_controller_dag.py
[2024-07-15T10:19:57.687+0100] {processor.py:830} INFO - Processing file /home/victor/airflow_env/lib/python3.10/site-packages/airflow/example_dags/example_trigger_controller_dag.py for tasks to queue
[2024-07-15T10:19:57.695+0100] {logging_mixin.py:188} INFO - [2024-07-15T10:19:57.693+0100] {dagbag.py:545} INFO - Filling up the DagBag from /home/victor/airflow_env/lib/python3.10/site-packages/airflow/example_dags/example_trigger_controller_dag.py
[2024-07-15T10:19:57.737+0100] {processor.py:840} INFO - DAG(s) 'example_trigger_controller_dag' retrieved from /home/victor/airflow_env/lib/python3.10/site-packages/airflow/example_dags/example_trigger_controller_dag.py
[2024-07-15T10:19:57.857+0100] {logging_mixin.py:188} INFO - [2024-07-15T10:19:57.856+0100] {dag.py:3096} INFO - Sync 1 DAGs
[2024-07-15T10:19:58.099+0100] {logging_mixin.py:188} INFO - [2024-07-15T10:19:58.098+0100] {dag.py:3954} INFO - Setting next_dagrun for example_trigger_controller_dag to 2021-01-01 00:00:00+00:00, run_after=2021-01-01 00:00:00+00:00
[2024-07-15T10:19:58.458+0100] {processor.py:183} INFO - Processing /home/victor/airflow_env/lib/python3.10/site-packages/airflow/example_dags/example_trigger_controller_dag.py took 0.808 seconds
[2024-07-15T10:21:55.500+0100] {processor.py:161} INFO - Started process (PID=23792) to work on /home/victor/airflow_env/lib/python3.10/site-packages/airflow/example_dags/example_trigger_controller_dag.py
[2024-07-15T10:21:55.504+0100] {processor.py:830} INFO - Processing file /home/victor/airflow_env/lib/python3.10/site-packages/airflow/example_dags/example_trigger_controller_dag.py for tasks to queue
[2024-07-15T10:21:55.514+0100] {logging_mixin.py:188} INFO - [2024-07-15T10:21:55.513+0100] {dagbag.py:545} INFO - Filling up the DagBag from /home/victor/airflow_env/lib/python3.10/site-packages/airflow/example_dags/example_trigger_controller_dag.py
[2024-07-15T10:21:55.546+0100] {processor.py:840} INFO - DAG(s) 'example_trigger_controller_dag' retrieved from /home/victor/airflow_env/lib/python3.10/site-packages/airflow/example_dags/example_trigger_controller_dag.py
[2024-07-15T10:21:55.654+0100] {logging_mixin.py:188} INFO - [2024-07-15T10:21:55.653+0100] {dag.py:3096} INFO - Sync 1 DAGs
[2024-07-15T10:21:55.832+0100] {logging_mixin.py:188} INFO - [2024-07-15T10:21:55.831+0100] {dag.py:3954} INFO - Setting next_dagrun for example_trigger_controller_dag to 2021-01-01 00:00:00+00:00, run_after=2021-01-01 00:00:00+00:00
[2024-07-15T10:21:56.288+0100] {processor.py:183} INFO - Processing /home/victor/airflow_env/lib/python3.10/site-packages/airflow/example_dags/example_trigger_controller_dag.py took 0.814 seconds
[2024-07-15T10:24:07.166+0100] {processor.py:161} INFO - Started process (PID=24991) to work on /home/victor/airflow_env/lib/python3.10/site-packages/airflow/example_dags/example_trigger_controller_dag.py
[2024-07-15T10:24:07.170+0100] {processor.py:830} INFO - Processing file /home/victor/airflow_env/lib/python3.10/site-packages/airflow/example_dags/example_trigger_controller_dag.py for tasks to queue
[2024-07-15T10:24:07.179+0100] {logging_mixin.py:188} INFO - [2024-07-15T10:24:07.178+0100] {dagbag.py:545} INFO - Filling up the DagBag from /home/victor/airflow_env/lib/python3.10/site-packages/airflow/example_dags/example_trigger_controller_dag.py
[2024-07-15T10:24:07.206+0100] {processor.py:840} INFO - DAG(s) 'example_trigger_controller_dag' retrieved from /home/victor/airflow_env/lib/python3.10/site-packages/airflow/example_dags/example_trigger_controller_dag.py
[2024-07-15T10:24:07.362+0100] {logging_mixin.py:188} INFO - [2024-07-15T10:24:07.361+0100] {dag.py:3096} INFO - Sync 1 DAGs
[2024-07-15T10:24:07.475+0100] {logging_mixin.py:188} INFO - [2024-07-15T10:24:07.474+0100] {dag.py:3954} INFO - Setting next_dagrun for example_trigger_controller_dag to 2021-01-01 00:00:00+00:00, run_after=2021-01-01 00:00:00+00:00
[2024-07-15T10:24:07.814+0100] {processor.py:183} INFO - Processing /home/victor/airflow_env/lib/python3.10/site-packages/airflow/example_dags/example_trigger_controller_dag.py took 0.677 seconds
[2024-07-15T10:25:50.418+0100] {processor.py:161} INFO - Started process (PID=25549) to work on /home/victor/airflow_env/lib/python3.10/site-packages/airflow/example_dags/example_trigger_controller_dag.py
[2024-07-15T10:25:50.422+0100] {processor.py:830} INFO - Processing file /home/victor/airflow_env/lib/python3.10/site-packages/airflow/example_dags/example_trigger_controller_dag.py for tasks to queue
[2024-07-15T10:25:50.430+0100] {logging_mixin.py:188} INFO - [2024-07-15T10:25:50.429+0100] {dagbag.py:545} INFO - Filling up the DagBag from /home/victor/airflow_env/lib/python3.10/site-packages/airflow/example_dags/example_trigger_controller_dag.py
[2024-07-15T10:25:50.453+0100] {processor.py:840} INFO - DAG(s) 'example_trigger_controller_dag' retrieved from /home/victor/airflow_env/lib/python3.10/site-packages/airflow/example_dags/example_trigger_controller_dag.py
[2024-07-15T10:25:50.551+0100] {logging_mixin.py:188} INFO - [2024-07-15T10:25:50.550+0100] {dag.py:3096} INFO - Sync 1 DAGs
[2024-07-15T10:25:50.669+0100] {logging_mixin.py:188} INFO - [2024-07-15T10:25:50.667+0100] {dag.py:3954} INFO - Setting next_dagrun for example_trigger_controller_dag to 2021-01-01 00:00:00+00:00, run_after=2021-01-01 00:00:00+00:00
[2024-07-15T10:25:50.985+0100] {processor.py:183} INFO - Processing /home/victor/airflow_env/lib/python3.10/site-packages/airflow/example_dags/example_trigger_controller_dag.py took 0.594 seconds
[2024-07-15T10:27:38.608+0100] {processor.py:161} INFO - Started process (PID=26370) to work on /home/victor/airflow_env/lib/python3.10/site-packages/airflow/example_dags/example_trigger_controller_dag.py
[2024-07-15T10:27:38.613+0100] {processor.py:830} INFO - Processing file /home/victor/airflow_env/lib/python3.10/site-packages/airflow/example_dags/example_trigger_controller_dag.py for tasks to queue
[2024-07-15T10:27:38.620+0100] {logging_mixin.py:188} INFO - [2024-07-15T10:27:38.619+0100] {dagbag.py:545} INFO - Filling up the DagBag from /home/victor/airflow_env/lib/python3.10/site-packages/airflow/example_dags/example_trigger_controller_dag.py
[2024-07-15T10:27:38.652+0100] {processor.py:840} INFO - DAG(s) 'example_trigger_controller_dag' retrieved from /home/victor/airflow_env/lib/python3.10/site-packages/airflow/example_dags/example_trigger_controller_dag.py
[2024-07-15T10:27:38.776+0100] {logging_mixin.py:188} INFO - [2024-07-15T10:27:38.776+0100] {dag.py:3096} INFO - Sync 1 DAGs
[2024-07-15T10:27:38.939+0100] {logging_mixin.py:188} INFO - [2024-07-15T10:27:38.938+0100] {dag.py:3954} INFO - Setting next_dagrun for example_trigger_controller_dag to 2021-01-01 00:00:00+00:00, run_after=2021-01-01 00:00:00+00:00
[2024-07-15T10:27:39.343+0100] {processor.py:183} INFO - Processing /home/victor/airflow_env/lib/python3.10/site-packages/airflow/example_dags/example_trigger_controller_dag.py took 0.774 seconds
[2024-07-15T10:29:05.186+0100] {processor.py:161} INFO - Started process (PID=26831) to work on /home/victor/airflow_env/lib/python3.10/site-packages/airflow/example_dags/example_trigger_controller_dag.py
[2024-07-15T10:29:05.190+0100] {processor.py:830} INFO - Processing file /home/victor/airflow_env/lib/python3.10/site-packages/airflow/example_dags/example_trigger_controller_dag.py for tasks to queue
[2024-07-15T10:29:05.196+0100] {logging_mixin.py:188} INFO - [2024-07-15T10:29:05.195+0100] {dagbag.py:545} INFO - Filling up the DagBag from /home/victor/airflow_env/lib/python3.10/site-packages/airflow/example_dags/example_trigger_controller_dag.py
[2024-07-15T10:29:05.221+0100] {processor.py:840} INFO - DAG(s) 'example_trigger_controller_dag' retrieved from /home/victor/airflow_env/lib/python3.10/site-packages/airflow/example_dags/example_trigger_controller_dag.py
[2024-07-15T10:29:05.314+0100] {logging_mixin.py:188} INFO - [2024-07-15T10:29:05.313+0100] {dag.py:3096} INFO - Sync 1 DAGs
[2024-07-15T10:29:05.433+0100] {logging_mixin.py:188} INFO - [2024-07-15T10:29:05.432+0100] {dag.py:3954} INFO - Setting next_dagrun for example_trigger_controller_dag to 2021-01-01 00:00:00+00:00, run_after=2021-01-01 00:00:00+00:00
[2024-07-15T10:29:05.879+0100] {processor.py:183} INFO - Processing /home/victor/airflow_env/lib/python3.10/site-packages/airflow/example_dags/example_trigger_controller_dag.py took 0.722 seconds
[2024-07-15T10:30:22.483+0100] {processor.py:161} INFO - Started process (PID=27248) to work on /home/victor/airflow_env/lib/python3.10/site-packages/airflow/example_dags/example_trigger_controller_dag.py
[2024-07-15T10:30:22.487+0100] {processor.py:830} INFO - Processing file /home/victor/airflow_env/lib/python3.10/site-packages/airflow/example_dags/example_trigger_controller_dag.py for tasks to queue
[2024-07-15T10:30:22.494+0100] {logging_mixin.py:188} INFO - [2024-07-15T10:30:22.492+0100] {dagbag.py:545} INFO - Filling up the DagBag from /home/victor/airflow_env/lib/python3.10/site-packages/airflow/example_dags/example_trigger_controller_dag.py
[2024-07-15T10:30:22.515+0100] {processor.py:840} INFO - DAG(s) 'example_trigger_controller_dag' retrieved from /home/victor/airflow_env/lib/python3.10/site-packages/airflow/example_dags/example_trigger_controller_dag.py
[2024-07-15T10:30:22.607+0100] {logging_mixin.py:188} INFO - [2024-07-15T10:30:22.606+0100] {dag.py:3096} INFO - Sync 1 DAGs
[2024-07-15T10:30:22.711+0100] {logging_mixin.py:188} INFO - [2024-07-15T10:30:22.710+0100] {dag.py:3954} INFO - Setting next_dagrun for example_trigger_controller_dag to 2021-01-01 00:00:00+00:00, run_after=2021-01-01 00:00:00+00:00
[2024-07-15T10:30:23.035+0100] {processor.py:183} INFO - Processing /home/victor/airflow_env/lib/python3.10/site-packages/airflow/example_dags/example_trigger_controller_dag.py took 0.578 seconds
[2024-07-15T10:31:41.836+0100] {processor.py:161} INFO - Started process (PID=27656) to work on /home/victor/airflow_env/lib/python3.10/site-packages/airflow/example_dags/example_trigger_controller_dag.py
[2024-07-15T10:31:41.840+0100] {processor.py:830} INFO - Processing file /home/victor/airflow_env/lib/python3.10/site-packages/airflow/example_dags/example_trigger_controller_dag.py for tasks to queue
[2024-07-15T10:31:41.847+0100] {logging_mixin.py:188} INFO - [2024-07-15T10:31:41.846+0100] {dagbag.py:545} INFO - Filling up the DagBag from /home/victor/airflow_env/lib/python3.10/site-packages/airflow/example_dags/example_trigger_controller_dag.py
[2024-07-15T10:31:41.871+0100] {processor.py:840} INFO - DAG(s) 'example_trigger_controller_dag' retrieved from /home/victor/airflow_env/lib/python3.10/site-packages/airflow/example_dags/example_trigger_controller_dag.py
[2024-07-15T10:31:41.979+0100] {logging_mixin.py:188} INFO - [2024-07-15T10:31:41.978+0100] {dag.py:3096} INFO - Sync 1 DAGs
[2024-07-15T10:31:42.089+0100] {logging_mixin.py:188} INFO - [2024-07-15T10:31:42.088+0100] {dag.py:3954} INFO - Setting next_dagrun for example_trigger_controller_dag to 2021-01-01 00:00:00+00:00, run_after=2021-01-01 00:00:00+00:00
[2024-07-15T10:31:42.353+0100] {processor.py:183} INFO - Processing /home/victor/airflow_env/lib/python3.10/site-packages/airflow/example_dags/example_trigger_controller_dag.py took 0.544 seconds
[2024-07-15T10:33:07.785+0100] {processor.py:161} INFO - Started process (PID=28124) to work on /home/victor/airflow_env/lib/python3.10/site-packages/airflow/example_dags/example_trigger_controller_dag.py
[2024-07-15T10:33:07.790+0100] {processor.py:830} INFO - Processing file /home/victor/airflow_env/lib/python3.10/site-packages/airflow/example_dags/example_trigger_controller_dag.py for tasks to queue
[2024-07-15T10:33:07.798+0100] {logging_mixin.py:188} INFO - [2024-07-15T10:33:07.796+0100] {dagbag.py:545} INFO - Filling up the DagBag from /home/victor/airflow_env/lib/python3.10/site-packages/airflow/example_dags/example_trigger_controller_dag.py
[2024-07-15T10:33:07.825+0100] {processor.py:840} INFO - DAG(s) 'example_trigger_controller_dag' retrieved from /home/victor/airflow_env/lib/python3.10/site-packages/airflow/example_dags/example_trigger_controller_dag.py
[2024-07-15T10:33:07.922+0100] {logging_mixin.py:188} INFO - [2024-07-15T10:33:07.921+0100] {dag.py:3096} INFO - Sync 1 DAGs
[2024-07-15T10:33:08.089+0100] {logging_mixin.py:188} INFO - [2024-07-15T10:33:08.087+0100] {dag.py:3954} INFO - Setting next_dagrun for example_trigger_controller_dag to 2021-01-01 00:00:00+00:00, run_after=2021-01-01 00:00:00+00:00
[2024-07-15T10:33:08.436+0100] {processor.py:183} INFO - Processing /home/victor/airflow_env/lib/python3.10/site-packages/airflow/example_dags/example_trigger_controller_dag.py took 0.681 seconds
[2024-07-15T10:34:41.988+0100] {processor.py:161} INFO - Started process (PID=28852) to work on /home/victor/airflow_env/lib/python3.10/site-packages/airflow/example_dags/example_trigger_controller_dag.py
[2024-07-15T10:34:41.994+0100] {processor.py:830} INFO - Processing file /home/victor/airflow_env/lib/python3.10/site-packages/airflow/example_dags/example_trigger_controller_dag.py for tasks to queue
[2024-07-15T10:34:42.014+0100] {logging_mixin.py:188} INFO - [2024-07-15T10:34:42.011+0100] {dagbag.py:545} INFO - Filling up the DagBag from /home/victor/airflow_env/lib/python3.10/site-packages/airflow/example_dags/example_trigger_controller_dag.py
[2024-07-15T10:34:42.058+0100] {processor.py:840} INFO - DAG(s) 'example_trigger_controller_dag' retrieved from /home/victor/airflow_env/lib/python3.10/site-packages/airflow/example_dags/example_trigger_controller_dag.py
[2024-07-15T10:34:42.233+0100] {logging_mixin.py:188} INFO - [2024-07-15T10:34:42.232+0100] {dag.py:3096} INFO - Sync 1 DAGs
[2024-07-15T10:34:42.454+0100] {logging_mixin.py:188} INFO - [2024-07-15T10:34:42.453+0100] {dag.py:3954} INFO - Setting next_dagrun for example_trigger_controller_dag to 2021-01-01 00:00:00+00:00, run_after=2021-01-01 00:00:00+00:00
[2024-07-15T10:34:42.870+0100] {processor.py:183} INFO - Processing /home/victor/airflow_env/lib/python3.10/site-packages/airflow/example_dags/example_trigger_controller_dag.py took 0.918 seconds
[2024-07-15T10:35:59.913+0100] {processor.py:161} INFO - Started process (PID=29258) to work on /home/victor/airflow_env/lib/python3.10/site-packages/airflow/example_dags/example_trigger_controller_dag.py
[2024-07-15T10:35:59.917+0100] {processor.py:830} INFO - Processing file /home/victor/airflow_env/lib/python3.10/site-packages/airflow/example_dags/example_trigger_controller_dag.py for tasks to queue
[2024-07-15T10:35:59.923+0100] {logging_mixin.py:188} INFO - [2024-07-15T10:35:59.922+0100] {dagbag.py:545} INFO - Filling up the DagBag from /home/victor/airflow_env/lib/python3.10/site-packages/airflow/example_dags/example_trigger_controller_dag.py
[2024-07-15T10:35:59.947+0100] {processor.py:840} INFO - DAG(s) 'example_trigger_controller_dag' retrieved from /home/victor/airflow_env/lib/python3.10/site-packages/airflow/example_dags/example_trigger_controller_dag.py
[2024-07-15T10:36:00.074+0100] {logging_mixin.py:188} INFO - [2024-07-15T10:36:00.073+0100] {dag.py:3096} INFO - Sync 1 DAGs
[2024-07-15T10:36:00.203+0100] {logging_mixin.py:188} INFO - [2024-07-15T10:36:00.202+0100] {dag.py:3954} INFO - Setting next_dagrun for example_trigger_controller_dag to 2021-01-01 00:00:00+00:00, run_after=2021-01-01 00:00:00+00:00
[2024-07-15T10:36:00.522+0100] {processor.py:183} INFO - Processing /home/victor/airflow_env/lib/python3.10/site-packages/airflow/example_dags/example_trigger_controller_dag.py took 0.636 seconds
[2024-07-15T10:37:27.928+0100] {processor.py:161} INFO - Started process (PID=29787) to work on /home/victor/airflow_env/lib/python3.10/site-packages/airflow/example_dags/example_trigger_controller_dag.py
[2024-07-15T10:37:27.936+0100] {processor.py:830} INFO - Processing file /home/victor/airflow_env/lib/python3.10/site-packages/airflow/example_dags/example_trigger_controller_dag.py for tasks to queue
[2024-07-15T10:37:27.954+0100] {logging_mixin.py:188} INFO - [2024-07-15T10:37:27.953+0100] {dagbag.py:545} INFO - Filling up the DagBag from /home/victor/airflow_env/lib/python3.10/site-packages/airflow/example_dags/example_trigger_controller_dag.py
[2024-07-15T10:37:27.996+0100] {processor.py:840} INFO - DAG(s) 'example_trigger_controller_dag' retrieved from /home/victor/airflow_env/lib/python3.10/site-packages/airflow/example_dags/example_trigger_controller_dag.py
[2024-07-15T10:37:28.441+0100] {logging_mixin.py:188} INFO - [2024-07-15T10:37:28.439+0100] {dag.py:3096} INFO - Sync 1 DAGs
[2024-07-15T10:37:28.693+0100] {logging_mixin.py:188} INFO - [2024-07-15T10:37:28.692+0100] {dag.py:3954} INFO - Setting next_dagrun for example_trigger_controller_dag to 2021-01-01 00:00:00+00:00, run_after=2021-01-01 00:00:00+00:00
[2024-07-15T10:37:29.060+0100] {processor.py:183} INFO - Processing /home/victor/airflow_env/lib/python3.10/site-packages/airflow/example_dags/example_trigger_controller_dag.py took 1.177 seconds
[2024-07-15T10:38:53.604+0100] {processor.py:161} INFO - Started process (PID=30258) to work on /home/victor/airflow_env/lib/python3.10/site-packages/airflow/example_dags/example_trigger_controller_dag.py
[2024-07-15T10:38:53.609+0100] {processor.py:830} INFO - Processing file /home/victor/airflow_env/lib/python3.10/site-packages/airflow/example_dags/example_trigger_controller_dag.py for tasks to queue
[2024-07-15T10:38:53.619+0100] {logging_mixin.py:188} INFO - [2024-07-15T10:38:53.616+0100] {dagbag.py:545} INFO - Filling up the DagBag from /home/victor/airflow_env/lib/python3.10/site-packages/airflow/example_dags/example_trigger_controller_dag.py
[2024-07-15T10:38:53.655+0100] {processor.py:840} INFO - DAG(s) 'example_trigger_controller_dag' retrieved from /home/victor/airflow_env/lib/python3.10/site-packages/airflow/example_dags/example_trigger_controller_dag.py
[2024-07-15T10:38:53.792+0100] {logging_mixin.py:188} INFO - [2024-07-15T10:38:53.791+0100] {dag.py:3096} INFO - Sync 1 DAGs
[2024-07-15T10:38:53.959+0100] {logging_mixin.py:188} INFO - [2024-07-15T10:38:53.958+0100] {dag.py:3954} INFO - Setting next_dagrun for example_trigger_controller_dag to 2021-01-01 00:00:00+00:00, run_after=2021-01-01 00:00:00+00:00
[2024-07-15T10:38:54.365+0100] {processor.py:183} INFO - Processing /home/victor/airflow_env/lib/python3.10/site-packages/airflow/example_dags/example_trigger_controller_dag.py took 0.795 seconds
[2024-07-15T10:40:04.923+0100] {processor.py:161} INFO - Started process (PID=30628) to work on /home/victor/airflow_env/lib/python3.10/site-packages/airflow/example_dags/example_trigger_controller_dag.py
[2024-07-15T10:40:04.927+0100] {processor.py:830} INFO - Processing file /home/victor/airflow_env/lib/python3.10/site-packages/airflow/example_dags/example_trigger_controller_dag.py for tasks to queue
[2024-07-15T10:40:04.934+0100] {logging_mixin.py:188} INFO - [2024-07-15T10:40:04.932+0100] {dagbag.py:545} INFO - Filling up the DagBag from /home/victor/airflow_env/lib/python3.10/site-packages/airflow/example_dags/example_trigger_controller_dag.py
[2024-07-15T10:40:04.956+0100] {processor.py:840} INFO - DAG(s) 'example_trigger_controller_dag' retrieved from /home/victor/airflow_env/lib/python3.10/site-packages/airflow/example_dags/example_trigger_controller_dag.py
[2024-07-15T10:40:05.050+0100] {logging_mixin.py:188} INFO - [2024-07-15T10:40:05.048+0100] {dag.py:3096} INFO - Sync 1 DAGs
[2024-07-15T10:40:05.151+0100] {logging_mixin.py:188} INFO - [2024-07-15T10:40:05.150+0100] {dag.py:3954} INFO - Setting next_dagrun for example_trigger_controller_dag to 2021-01-01 00:00:00+00:00, run_after=2021-01-01 00:00:00+00:00
[2024-07-15T10:40:05.408+0100] {processor.py:183} INFO - Processing /home/victor/airflow_env/lib/python3.10/site-packages/airflow/example_dags/example_trigger_controller_dag.py took 0.510 seconds
[2024-07-15T10:41:23.580+0100] {processor.py:161} INFO - Started process (PID=31027) to work on /home/victor/airflow_env/lib/python3.10/site-packages/airflow/example_dags/example_trigger_controller_dag.py
[2024-07-15T10:41:23.589+0100] {processor.py:830} INFO - Processing file /home/victor/airflow_env/lib/python3.10/site-packages/airflow/example_dags/example_trigger_controller_dag.py for tasks to queue
[2024-07-15T10:41:23.598+0100] {logging_mixin.py:188} INFO - [2024-07-15T10:41:23.596+0100] {dagbag.py:545} INFO - Filling up the DagBag from /home/victor/airflow_env/lib/python3.10/site-packages/airflow/example_dags/example_trigger_controller_dag.py
[2024-07-15T10:41:23.633+0100] {processor.py:840} INFO - DAG(s) 'example_trigger_controller_dag' retrieved from /home/victor/airflow_env/lib/python3.10/site-packages/airflow/example_dags/example_trigger_controller_dag.py
[2024-07-15T10:41:23.790+0100] {logging_mixin.py:188} INFO - [2024-07-15T10:41:23.789+0100] {dag.py:3096} INFO - Sync 1 DAGs
[2024-07-15T10:41:23.934+0100] {logging_mixin.py:188} INFO - [2024-07-15T10:41:23.933+0100] {dag.py:3954} INFO - Setting next_dagrun for example_trigger_controller_dag to 2021-01-01 00:00:00+00:00, run_after=2021-01-01 00:00:00+00:00
[2024-07-15T10:41:24.417+0100] {processor.py:183} INFO - Processing /home/victor/airflow_env/lib/python3.10/site-packages/airflow/example_dags/example_trigger_controller_dag.py took 0.867 seconds
[2024-07-15T10:42:36.614+0100] {processor.py:161} INFO - Started process (PID=31431) to work on /home/victor/airflow_env/lib/python3.10/site-packages/airflow/example_dags/example_trigger_controller_dag.py
[2024-07-15T10:42:36.618+0100] {processor.py:830} INFO - Processing file /home/victor/airflow_env/lib/python3.10/site-packages/airflow/example_dags/example_trigger_controller_dag.py for tasks to queue
[2024-07-15T10:42:36.626+0100] {logging_mixin.py:188} INFO - [2024-07-15T10:42:36.624+0100] {dagbag.py:545} INFO - Filling up the DagBag from /home/victor/airflow_env/lib/python3.10/site-packages/airflow/example_dags/example_trigger_controller_dag.py
[2024-07-15T10:42:36.651+0100] {processor.py:840} INFO - DAG(s) 'example_trigger_controller_dag' retrieved from /home/victor/airflow_env/lib/python3.10/site-packages/airflow/example_dags/example_trigger_controller_dag.py
[2024-07-15T10:42:36.750+0100] {logging_mixin.py:188} INFO - [2024-07-15T10:42:36.749+0100] {dag.py:3096} INFO - Sync 1 DAGs
[2024-07-15T10:42:36.871+0100] {logging_mixin.py:188} INFO - [2024-07-15T10:42:36.869+0100] {dag.py:3954} INFO - Setting next_dagrun for example_trigger_controller_dag to 2021-01-01 00:00:00+00:00, run_after=2021-01-01 00:00:00+00:00
[2024-07-15T10:42:37.213+0100] {processor.py:183} INFO - Processing /home/victor/airflow_env/lib/python3.10/site-packages/airflow/example_dags/example_trigger_controller_dag.py took 0.635 seconds
[2024-07-15T10:43:55.278+0100] {processor.py:161} INFO - Started process (PID=31840) to work on /home/victor/airflow_env/lib/python3.10/site-packages/airflow/example_dags/example_trigger_controller_dag.py
[2024-07-15T10:43:55.285+0100] {processor.py:830} INFO - Processing file /home/victor/airflow_env/lib/python3.10/site-packages/airflow/example_dags/example_trigger_controller_dag.py for tasks to queue
[2024-07-15T10:43:55.299+0100] {logging_mixin.py:188} INFO - [2024-07-15T10:43:55.295+0100] {dagbag.py:545} INFO - Filling up the DagBag from /home/victor/airflow_env/lib/python3.10/site-packages/airflow/example_dags/example_trigger_controller_dag.py
[2024-07-15T10:43:55.344+0100] {processor.py:840} INFO - DAG(s) 'example_trigger_controller_dag' retrieved from /home/victor/airflow_env/lib/python3.10/site-packages/airflow/example_dags/example_trigger_controller_dag.py
[2024-07-15T10:43:55.466+0100] {logging_mixin.py:188} INFO - [2024-07-15T10:43:55.466+0100] {dag.py:3096} INFO - Sync 1 DAGs
[2024-07-15T10:43:55.595+0100] {logging_mixin.py:188} INFO - [2024-07-15T10:43:55.594+0100] {dag.py:3954} INFO - Setting next_dagrun for example_trigger_controller_dag to 2021-01-01 00:00:00+00:00, run_after=2021-01-01 00:00:00+00:00
[2024-07-15T10:43:55.990+0100] {processor.py:183} INFO - Processing /home/victor/airflow_env/lib/python3.10/site-packages/airflow/example_dags/example_trigger_controller_dag.py took 0.750 seconds
[2024-07-15T10:45:06.778+0100] {processor.py:161} INFO - Started process (PID=32214) to work on /home/victor/airflow_env/lib/python3.10/site-packages/airflow/example_dags/example_trigger_controller_dag.py
[2024-07-15T10:45:06.782+0100] {processor.py:830} INFO - Processing file /home/victor/airflow_env/lib/python3.10/site-packages/airflow/example_dags/example_trigger_controller_dag.py for tasks to queue
[2024-07-15T10:45:06.789+0100] {logging_mixin.py:188} INFO - [2024-07-15T10:45:06.787+0100] {dagbag.py:545} INFO - Filling up the DagBag from /home/victor/airflow_env/lib/python3.10/site-packages/airflow/example_dags/example_trigger_controller_dag.py
[2024-07-15T10:45:06.810+0100] {processor.py:840} INFO - DAG(s) 'example_trigger_controller_dag' retrieved from /home/victor/airflow_env/lib/python3.10/site-packages/airflow/example_dags/example_trigger_controller_dag.py
[2024-07-15T10:45:06.891+0100] {logging_mixin.py:188} INFO - [2024-07-15T10:45:06.890+0100] {dag.py:3096} INFO - Sync 1 DAGs
[2024-07-15T10:45:06.998+0100] {logging_mixin.py:188} INFO - [2024-07-15T10:45:06.997+0100] {dag.py:3954} INFO - Setting next_dagrun for example_trigger_controller_dag to 2021-01-01 00:00:00+00:00, run_after=2021-01-01 00:00:00+00:00
[2024-07-15T10:45:07.256+0100] {processor.py:183} INFO - Processing /home/victor/airflow_env/lib/python3.10/site-packages/airflow/example_dags/example_trigger_controller_dag.py took 0.504 seconds
[2024-07-15T10:46:18.211+0100] {processor.py:161} INFO - Started process (PID=32583) to work on /home/victor/airflow_env/lib/python3.10/site-packages/airflow/example_dags/example_trigger_controller_dag.py
[2024-07-15T10:46:18.215+0100] {processor.py:830} INFO - Processing file /home/victor/airflow_env/lib/python3.10/site-packages/airflow/example_dags/example_trigger_controller_dag.py for tasks to queue
[2024-07-15T10:46:18.222+0100] {logging_mixin.py:188} INFO - [2024-07-15T10:46:18.220+0100] {dagbag.py:545} INFO - Filling up the DagBag from /home/victor/airflow_env/lib/python3.10/site-packages/airflow/example_dags/example_trigger_controller_dag.py
[2024-07-15T10:46:18.249+0100] {processor.py:840} INFO - DAG(s) 'example_trigger_controller_dag' retrieved from /home/victor/airflow_env/lib/python3.10/site-packages/airflow/example_dags/example_trigger_controller_dag.py
[2024-07-15T10:46:18.332+0100] {logging_mixin.py:188} INFO - [2024-07-15T10:46:18.332+0100] {dag.py:3096} INFO - Sync 1 DAGs
[2024-07-15T10:46:18.436+0100] {logging_mixin.py:188} INFO - [2024-07-15T10:46:18.435+0100] {dag.py:3954} INFO - Setting next_dagrun for example_trigger_controller_dag to 2021-01-01 00:00:00+00:00, run_after=2021-01-01 00:00:00+00:00
[2024-07-15T10:46:18.667+0100] {processor.py:183} INFO - Processing /home/victor/airflow_env/lib/python3.10/site-packages/airflow/example_dags/example_trigger_controller_dag.py took 0.481 seconds
[2024-07-15T10:47:38.209+0100] {processor.py:161} INFO - Started process (PID=33026) to work on /home/victor/airflow_env/lib/python3.10/site-packages/airflow/example_dags/example_trigger_controller_dag.py
[2024-07-15T10:47:38.216+0100] {processor.py:830} INFO - Processing file /home/victor/airflow_env/lib/python3.10/site-packages/airflow/example_dags/example_trigger_controller_dag.py for tasks to queue
[2024-07-15T10:47:38.223+0100] {logging_mixin.py:188} INFO - [2024-07-15T10:47:38.222+0100] {dagbag.py:545} INFO - Filling up the DagBag from /home/victor/airflow_env/lib/python3.10/site-packages/airflow/example_dags/example_trigger_controller_dag.py
[2024-07-15T10:47:38.248+0100] {processor.py:840} INFO - DAG(s) 'example_trigger_controller_dag' retrieved from /home/victor/airflow_env/lib/python3.10/site-packages/airflow/example_dags/example_trigger_controller_dag.py
[2024-07-15T10:47:38.344+0100] {logging_mixin.py:188} INFO - [2024-07-15T10:47:38.343+0100] {dag.py:3096} INFO - Sync 1 DAGs
[2024-07-15T10:47:38.475+0100] {logging_mixin.py:188} INFO - [2024-07-15T10:47:38.474+0100] {dag.py:3954} INFO - Setting next_dagrun for example_trigger_controller_dag to 2021-01-01 00:00:00+00:00, run_after=2021-01-01 00:00:00+00:00
[2024-07-15T10:47:38.858+0100] {processor.py:183} INFO - Processing /home/victor/airflow_env/lib/python3.10/site-packages/airflow/example_dags/example_trigger_controller_dag.py took 0.681 seconds
[2024-07-15T10:49:00.434+0100] {processor.py:161} INFO - Started process (PID=33452) to work on /home/victor/airflow_env/lib/python3.10/site-packages/airflow/example_dags/example_trigger_controller_dag.py
[2024-07-15T10:49:00.438+0100] {processor.py:830} INFO - Processing file /home/victor/airflow_env/lib/python3.10/site-packages/airflow/example_dags/example_trigger_controller_dag.py for tasks to queue
[2024-07-15T10:49:00.446+0100] {logging_mixin.py:188} INFO - [2024-07-15T10:49:00.444+0100] {dagbag.py:545} INFO - Filling up the DagBag from /home/victor/airflow_env/lib/python3.10/site-packages/airflow/example_dags/example_trigger_controller_dag.py
[2024-07-15T10:49:00.470+0100] {processor.py:840} INFO - DAG(s) 'example_trigger_controller_dag' retrieved from /home/victor/airflow_env/lib/python3.10/site-packages/airflow/example_dags/example_trigger_controller_dag.py
[2024-07-15T10:49:00.574+0100] {logging_mixin.py:188} INFO - [2024-07-15T10:49:00.573+0100] {dag.py:3096} INFO - Sync 1 DAGs
[2024-07-15T10:49:00.701+0100] {logging_mixin.py:188} INFO - [2024-07-15T10:49:00.700+0100] {dag.py:3954} INFO - Setting next_dagrun for example_trigger_controller_dag to 2021-01-01 00:00:00+00:00, run_after=2021-01-01 00:00:00+00:00
[2024-07-15T10:49:01.009+0100] {processor.py:183} INFO - Processing /home/victor/airflow_env/lib/python3.10/site-packages/airflow/example_dags/example_trigger_controller_dag.py took 0.602 seconds
[2024-07-15T10:50:45.173+0100] {processor.py:161} INFO - Started process (PID=34344) to work on /home/victor/airflow_env/lib/python3.10/site-packages/airflow/example_dags/example_trigger_controller_dag.py
[2024-07-15T10:50:45.178+0100] {processor.py:830} INFO - Processing file /home/victor/airflow_env/lib/python3.10/site-packages/airflow/example_dags/example_trigger_controller_dag.py for tasks to queue
[2024-07-15T10:50:45.185+0100] {logging_mixin.py:188} INFO - [2024-07-15T10:50:45.184+0100] {dagbag.py:545} INFO - Filling up the DagBag from /home/victor/airflow_env/lib/python3.10/site-packages/airflow/example_dags/example_trigger_controller_dag.py
[2024-07-15T10:50:45.208+0100] {processor.py:840} INFO - DAG(s) 'example_trigger_controller_dag' retrieved from /home/victor/airflow_env/lib/python3.10/site-packages/airflow/example_dags/example_trigger_controller_dag.py
[2024-07-15T10:50:45.298+0100] {logging_mixin.py:188} INFO - [2024-07-15T10:50:45.297+0100] {dag.py:3096} INFO - Sync 1 DAGs
[2024-07-15T10:50:45.433+0100] {logging_mixin.py:188} INFO - [2024-07-15T10:50:45.432+0100] {dag.py:3954} INFO - Setting next_dagrun for example_trigger_controller_dag to 2021-01-01 00:00:00+00:00, run_after=2021-01-01 00:00:00+00:00
[2024-07-15T10:50:45.742+0100] {processor.py:183} INFO - Processing /home/victor/airflow_env/lib/python3.10/site-packages/airflow/example_dags/example_trigger_controller_dag.py took 0.646 seconds
