[2024-07-15T09:49:29.865+0100] {processor.py:161} INFO - Started process (PID=10896) to work on /home/victor/airflow_env/lib/python3.10/site-packages/airflow/example_dags/example_datasets.py
[2024-07-15T09:49:29.872+0100] {processor.py:830} INFO - Processing file /home/victor/airflow_env/lib/python3.10/site-packages/airflow/example_dags/example_datasets.py for tasks to queue
[2024-07-15T09:49:29.881+0100] {logging_mixin.py:188} INFO - [2024-07-15T09:49:29.878+0100] {dagbag.py:545} INFO - Filling up the DagBag from /home/victor/airflow_env/lib/python3.10/site-packages/airflow/example_dags/example_datasets.py
[2024-07-15T09:49:29.939+0100] {processor.py:840} INFO - DAG(s) 'consume_1_or_both_2_and_3_with_dataset_expressions', 'dataset_consumes_1_never_scheduled', 'dataset_consumes_1_and_2', 'conditional_dataset_and_time_based_timetable', 'dataset_produces_2', 'dataset_consumes_1', 'consume_1_or_2_with_dataset_expressions', 'consume_1_and_2_with_dataset_expressions', 'dataset_consumes_unknown_never_scheduled', 'dataset_produces_1' retrieved from /home/victor/airflow_env/lib/python3.10/site-packages/airflow/example_dags/example_datasets.py
[2024-07-15T09:49:30.262+0100] {logging_mixin.py:188} INFO - [2024-07-15T09:49:30.261+0100] {dag.py:3096} INFO - Sync 10 DAGs
[2024-07-15T09:49:30.391+0100] {logging_mixin.py:188} INFO - [2024-07-15T09:49:30.390+0100] {dag.py:3954} INFO - Setting next_dagrun for conditional_dataset_and_time_based_timetable to 2024-07-10 01:00:00+00:00, run_after=2024-07-10 01:00:00+00:00
[2024-07-15T09:49:30.415+0100] {logging_mixin.py:188} INFO - [2024-07-15T09:49:30.414+0100] {dag.py:3954} INFO - Setting next_dagrun for consume_1_and_2_with_dataset_expressions to None, run_after=None
[2024-07-15T09:49:30.424+0100] {logging_mixin.py:188} INFO - [2024-07-15T09:49:30.423+0100] {dag.py:3954} INFO - Setting next_dagrun for consume_1_or_2_with_dataset_expressions to None, run_after=None
[2024-07-15T09:49:30.434+0100] {logging_mixin.py:188} INFO - [2024-07-15T09:49:30.433+0100] {dag.py:3954} INFO - Setting next_dagrun for consume_1_or_both_2_and_3_with_dataset_expressions to None, run_after=None
[2024-07-15T09:49:30.444+0100] {logging_mixin.py:188} INFO - [2024-07-15T09:49:30.443+0100] {dag.py:3954} INFO - Setting next_dagrun for dataset_consumes_1 to None, run_after=None
[2024-07-15T09:49:30.457+0100] {logging_mixin.py:188} INFO - [2024-07-15T09:49:30.456+0100] {dag.py:3954} INFO - Setting next_dagrun for dataset_consumes_1_and_2 to None, run_after=None
[2024-07-15T09:49:30.470+0100] {logging_mixin.py:188} INFO - [2024-07-15T09:49:30.469+0100] {dag.py:3954} INFO - Setting next_dagrun for dataset_consumes_1_never_scheduled to None, run_after=None
[2024-07-15T09:49:30.485+0100] {logging_mixin.py:188} INFO - [2024-07-15T09:49:30.484+0100] {dag.py:3954} INFO - Setting next_dagrun for dataset_consumes_unknown_never_scheduled to None, run_after=None
[2024-07-15T09:49:30.509+0100] {logging_mixin.py:188} INFO - [2024-07-15T09:49:30.508+0100] {dag.py:3954} INFO - Setting next_dagrun for dataset_produces_1 to 2024-07-14 00:00:00+00:00, run_after=2024-07-15 00:00:00+00:00
[2024-07-15T09:49:30.520+0100] {logging_mixin.py:188} INFO - [2024-07-15T09:49:30.519+0100] {dag.py:3954} INFO - Setting next_dagrun for dataset_produces_2 to None, run_after=None
[2024-07-15T09:49:31.069+0100] {processor.py:183} INFO - Processing /home/victor/airflow_env/lib/python3.10/site-packages/airflow/example_dags/example_datasets.py took 1.237 seconds
[2024-07-15T09:52:05.339+0100] {processor.py:161} INFO - Started process (PID=11833) to work on /home/victor/airflow_env/lib/python3.10/site-packages/airflow/example_dags/example_datasets.py
[2024-07-15T09:52:05.343+0100] {processor.py:830} INFO - Processing file /home/victor/airflow_env/lib/python3.10/site-packages/airflow/example_dags/example_datasets.py for tasks to queue
[2024-07-15T09:52:05.354+0100] {logging_mixin.py:188} INFO - [2024-07-15T09:52:05.352+0100] {dagbag.py:545} INFO - Filling up the DagBag from /home/victor/airflow_env/lib/python3.10/site-packages/airflow/example_dags/example_datasets.py
[2024-07-15T09:52:05.415+0100] {processor.py:840} INFO - DAG(s) 'consume_1_and_2_with_dataset_expressions', 'dataset_produces_2', 'dataset_consumes_unknown_never_scheduled', 'dataset_produces_1', 'dataset_consumes_1_and_2', 'conditional_dataset_and_time_based_timetable', 'dataset_consumes_1', 'dataset_consumes_1_never_scheduled', 'consume_1_or_both_2_and_3_with_dataset_expressions', 'consume_1_or_2_with_dataset_expressions' retrieved from /home/victor/airflow_env/lib/python3.10/site-packages/airflow/example_dags/example_datasets.py
[2024-07-15T09:52:06.031+0100] {logging_mixin.py:188} INFO - [2024-07-15T09:52:06.030+0100] {dag.py:3096} INFO - Sync 10 DAGs
[2024-07-15T09:52:06.646+0100] {logging_mixin.py:188} INFO - [2024-07-15T09:52:06.645+0100] {dag.py:3954} INFO - Setting next_dagrun for conditional_dataset_and_time_based_timetable to 2024-07-10 01:00:00+00:00, run_after=2024-07-10 01:00:00+00:00
[2024-07-15T09:52:06.672+0100] {logging_mixin.py:188} INFO - [2024-07-15T09:52:06.672+0100] {dag.py:3954} INFO - Setting next_dagrun for consume_1_and_2_with_dataset_expressions to None, run_after=None
[2024-07-15T09:52:06.681+0100] {logging_mixin.py:188} INFO - [2024-07-15T09:52:06.680+0100] {dag.py:3954} INFO - Setting next_dagrun for consume_1_or_2_with_dataset_expressions to None, run_after=None
[2024-07-15T09:52:06.689+0100] {logging_mixin.py:188} INFO - [2024-07-15T09:52:06.688+0100] {dag.py:3954} INFO - Setting next_dagrun for consume_1_or_both_2_and_3_with_dataset_expressions to None, run_after=None
[2024-07-15T09:52:06.698+0100] {logging_mixin.py:188} INFO - [2024-07-15T09:52:06.697+0100] {dag.py:3954} INFO - Setting next_dagrun for dataset_consumes_1 to None, run_after=None
[2024-07-15T09:52:06.706+0100] {logging_mixin.py:188} INFO - [2024-07-15T09:52:06.705+0100] {dag.py:3954} INFO - Setting next_dagrun for dataset_consumes_1_and_2 to None, run_after=None
[2024-07-15T09:52:06.715+0100] {logging_mixin.py:188} INFO - [2024-07-15T09:52:06.714+0100] {dag.py:3954} INFO - Setting next_dagrun for dataset_consumes_1_never_scheduled to None, run_after=None
[2024-07-15T09:52:06.724+0100] {logging_mixin.py:188} INFO - [2024-07-15T09:52:06.723+0100] {dag.py:3954} INFO - Setting next_dagrun for dataset_consumes_unknown_never_scheduled to None, run_after=None
[2024-07-15T09:52:06.738+0100] {logging_mixin.py:188} INFO - [2024-07-15T09:52:06.737+0100] {dag.py:3954} INFO - Setting next_dagrun for dataset_produces_1 to 2024-07-14 00:00:00+00:00, run_after=2024-07-15 00:00:00+00:00
[2024-07-15T09:52:06.747+0100] {logging_mixin.py:188} INFO - [2024-07-15T09:52:06.746+0100] {dag.py:3954} INFO - Setting next_dagrun for dataset_produces_2 to None, run_after=None
[2024-07-15T09:52:07.184+0100] {processor.py:183} INFO - Processing /home/victor/airflow_env/lib/python3.10/site-packages/airflow/example_dags/example_datasets.py took 1.880 seconds
[2024-07-15T09:54:50.031+0100] {processor.py:161} INFO - Started process (PID=12897) to work on /home/victor/airflow_env/lib/python3.10/site-packages/airflow/example_dags/example_datasets.py
[2024-07-15T09:54:50.036+0100] {processor.py:830} INFO - Processing file /home/victor/airflow_env/lib/python3.10/site-packages/airflow/example_dags/example_datasets.py for tasks to queue
[2024-07-15T09:54:50.050+0100] {logging_mixin.py:188} INFO - [2024-07-15T09:54:50.047+0100] {dagbag.py:545} INFO - Filling up the DagBag from /home/victor/airflow_env/lib/python3.10/site-packages/airflow/example_dags/example_datasets.py
[2024-07-15T09:54:50.144+0100] {processor.py:840} INFO - DAG(s) 'consume_1_or_2_with_dataset_expressions', 'dataset_produces_1', 'consume_1_and_2_with_dataset_expressions', 'dataset_consumes_unknown_never_scheduled', 'dataset_consumes_1_never_scheduled', 'dataset_consumes_1', 'dataset_consumes_1_and_2', 'dataset_produces_2', 'conditional_dataset_and_time_based_timetable', 'consume_1_or_both_2_and_3_with_dataset_expressions' retrieved from /home/victor/airflow_env/lib/python3.10/site-packages/airflow/example_dags/example_datasets.py
[2024-07-15T09:54:50.508+0100] {logging_mixin.py:188} INFO - [2024-07-15T09:54:50.507+0100] {dag.py:3096} INFO - Sync 10 DAGs
[2024-07-15T09:54:50.642+0100] {logging_mixin.py:188} INFO - [2024-07-15T09:54:50.641+0100] {dag.py:3954} INFO - Setting next_dagrun for conditional_dataset_and_time_based_timetable to 2024-07-10 01:00:00+00:00, run_after=2024-07-10 01:00:00+00:00
[2024-07-15T09:54:50.662+0100] {logging_mixin.py:188} INFO - [2024-07-15T09:54:50.661+0100] {dag.py:3954} INFO - Setting next_dagrun for consume_1_and_2_with_dataset_expressions to None, run_after=None
[2024-07-15T09:54:50.671+0100] {logging_mixin.py:188} INFO - [2024-07-15T09:54:50.670+0100] {dag.py:3954} INFO - Setting next_dagrun for consume_1_or_2_with_dataset_expressions to None, run_after=None
[2024-07-15T09:54:50.682+0100] {logging_mixin.py:188} INFO - [2024-07-15T09:54:50.681+0100] {dag.py:3954} INFO - Setting next_dagrun for consume_1_or_both_2_and_3_with_dataset_expressions to None, run_after=None
[2024-07-15T09:54:50.691+0100] {logging_mixin.py:188} INFO - [2024-07-15T09:54:50.690+0100] {dag.py:3954} INFO - Setting next_dagrun for dataset_consumes_1 to None, run_after=None
[2024-07-15T09:54:50.699+0100] {logging_mixin.py:188} INFO - [2024-07-15T09:54:50.699+0100] {dag.py:3954} INFO - Setting next_dagrun for dataset_consumes_1_and_2 to None, run_after=None
[2024-07-15T09:54:50.710+0100] {logging_mixin.py:188} INFO - [2024-07-15T09:54:50.709+0100] {dag.py:3954} INFO - Setting next_dagrun for dataset_consumes_1_never_scheduled to None, run_after=None
[2024-07-15T09:54:50.720+0100] {logging_mixin.py:188} INFO - [2024-07-15T09:54:50.719+0100] {dag.py:3954} INFO - Setting next_dagrun for dataset_consumes_unknown_never_scheduled to None, run_after=None
[2024-07-15T09:54:50.738+0100] {logging_mixin.py:188} INFO - [2024-07-15T09:54:50.737+0100] {dag.py:3954} INFO - Setting next_dagrun for dataset_produces_1 to 2024-07-14 00:00:00+00:00, run_after=2024-07-15 00:00:00+00:00
[2024-07-15T09:54:50.750+0100] {logging_mixin.py:188} INFO - [2024-07-15T09:54:50.749+0100] {dag.py:3954} INFO - Setting next_dagrun for dataset_produces_2 to None, run_after=None
[2024-07-15T09:54:51.503+0100] {processor.py:183} INFO - Processing /home/victor/airflow_env/lib/python3.10/site-packages/airflow/example_dags/example_datasets.py took 1.517 seconds
[2024-07-15T09:57:58.747+0100] {processor.py:161} INFO - Started process (PID=14346) to work on /home/victor/airflow_env/lib/python3.10/site-packages/airflow/example_dags/example_datasets.py
[2024-07-15T09:57:58.751+0100] {processor.py:830} INFO - Processing file /home/victor/airflow_env/lib/python3.10/site-packages/airflow/example_dags/example_datasets.py for tasks to queue
[2024-07-15T09:57:58.759+0100] {logging_mixin.py:188} INFO - [2024-07-15T09:57:58.757+0100] {dagbag.py:545} INFO - Filling up the DagBag from /home/victor/airflow_env/lib/python3.10/site-packages/airflow/example_dags/example_datasets.py
[2024-07-15T09:57:58.824+0100] {processor.py:840} INFO - DAG(s) 'consume_1_and_2_with_dataset_expressions', 'dataset_consumes_1_and_2', 'dataset_consumes_1', 'consume_1_or_2_with_dataset_expressions', 'dataset_consumes_unknown_never_scheduled', 'conditional_dataset_and_time_based_timetable', 'dataset_produces_2', 'dataset_consumes_1_never_scheduled', 'consume_1_or_both_2_and_3_with_dataset_expressions', 'dataset_produces_1' retrieved from /home/victor/airflow_env/lib/python3.10/site-packages/airflow/example_dags/example_datasets.py
[2024-07-15T09:57:59.194+0100] {logging_mixin.py:188} INFO - [2024-07-15T09:57:59.193+0100] {dag.py:3096} INFO - Sync 10 DAGs
[2024-07-15T09:57:59.364+0100] {logging_mixin.py:188} INFO - [2024-07-15T09:57:59.363+0100] {dag.py:3954} INFO - Setting next_dagrun for conditional_dataset_and_time_based_timetable to 2024-07-10 01:00:00+00:00, run_after=2024-07-10 01:00:00+00:00
[2024-07-15T09:57:59.385+0100] {logging_mixin.py:188} INFO - [2024-07-15T09:57:59.384+0100] {dag.py:3954} INFO - Setting next_dagrun for consume_1_and_2_with_dataset_expressions to None, run_after=None
[2024-07-15T09:57:59.394+0100] {logging_mixin.py:188} INFO - [2024-07-15T09:57:59.393+0100] {dag.py:3954} INFO - Setting next_dagrun for consume_1_or_2_with_dataset_expressions to None, run_after=None
[2024-07-15T09:57:59.404+0100] {logging_mixin.py:188} INFO - [2024-07-15T09:57:59.403+0100] {dag.py:3954} INFO - Setting next_dagrun for consume_1_or_both_2_and_3_with_dataset_expressions to None, run_after=None
[2024-07-15T09:57:59.413+0100] {logging_mixin.py:188} INFO - [2024-07-15T09:57:59.412+0100] {dag.py:3954} INFO - Setting next_dagrun for dataset_consumes_1 to None, run_after=None
[2024-07-15T09:57:59.421+0100] {logging_mixin.py:188} INFO - [2024-07-15T09:57:59.420+0100] {dag.py:3954} INFO - Setting next_dagrun for dataset_consumes_1_and_2 to None, run_after=None
[2024-07-15T09:57:59.435+0100] {logging_mixin.py:188} INFO - [2024-07-15T09:57:59.434+0100] {dag.py:3954} INFO - Setting next_dagrun for dataset_consumes_1_never_scheduled to None, run_after=None
[2024-07-15T09:57:59.451+0100] {logging_mixin.py:188} INFO - [2024-07-15T09:57:59.450+0100] {dag.py:3954} INFO - Setting next_dagrun for dataset_consumes_unknown_never_scheduled to None, run_after=None
[2024-07-15T09:57:59.470+0100] {logging_mixin.py:188} INFO - [2024-07-15T09:57:59.470+0100] {dag.py:3954} INFO - Setting next_dagrun for dataset_produces_1 to 2024-07-14 00:00:00+00:00, run_after=2024-07-15 00:00:00+00:00
[2024-07-15T09:57:59.482+0100] {logging_mixin.py:188} INFO - [2024-07-15T09:57:59.481+0100] {dag.py:3954} INFO - Setting next_dagrun for dataset_produces_2 to None, run_after=None
[2024-07-15T09:57:59.958+0100] {processor.py:183} INFO - Processing /home/victor/airflow_env/lib/python3.10/site-packages/airflow/example_dags/example_datasets.py took 1.239 seconds
[2024-07-15T10:00:50.337+0100] {processor.py:161} INFO - Started process (PID=15403) to work on /home/victor/airflow_env/lib/python3.10/site-packages/airflow/example_dags/example_datasets.py
[2024-07-15T10:00:50.341+0100] {processor.py:830} INFO - Processing file /home/victor/airflow_env/lib/python3.10/site-packages/airflow/example_dags/example_datasets.py for tasks to queue
[2024-07-15T10:00:50.350+0100] {logging_mixin.py:188} INFO - [2024-07-15T10:00:50.348+0100] {dagbag.py:545} INFO - Filling up the DagBag from /home/victor/airflow_env/lib/python3.10/site-packages/airflow/example_dags/example_datasets.py
[2024-07-15T10:00:50.494+0100] {processor.py:840} INFO - DAG(s) 'consume_1_or_2_with_dataset_expressions', 'consume_1_or_both_2_and_3_with_dataset_expressions', 'dataset_consumes_1_and_2', 'dataset_produces_2', 'dataset_produces_1', 'conditional_dataset_and_time_based_timetable', 'dataset_consumes_1_never_scheduled', 'consume_1_and_2_with_dataset_expressions', 'dataset_consumes_unknown_never_scheduled', 'dataset_consumes_1' retrieved from /home/victor/airflow_env/lib/python3.10/site-packages/airflow/example_dags/example_datasets.py
[2024-07-15T10:00:51.033+0100] {logging_mixin.py:188} INFO - [2024-07-15T10:00:51.032+0100] {dag.py:3096} INFO - Sync 10 DAGs
[2024-07-15T10:00:51.295+0100] {logging_mixin.py:188} INFO - [2024-07-15T10:00:51.294+0100] {dag.py:3954} INFO - Setting next_dagrun for conditional_dataset_and_time_based_timetable to 2024-07-10 01:00:00+00:00, run_after=2024-07-10 01:00:00+00:00
[2024-07-15T10:00:51.322+0100] {logging_mixin.py:188} INFO - [2024-07-15T10:00:51.321+0100] {dag.py:3954} INFO - Setting next_dagrun for consume_1_and_2_with_dataset_expressions to None, run_after=None
[2024-07-15T10:00:51.332+0100] {logging_mixin.py:188} INFO - [2024-07-15T10:00:51.331+0100] {dag.py:3954} INFO - Setting next_dagrun for consume_1_or_2_with_dataset_expressions to None, run_after=None
[2024-07-15T10:00:51.344+0100] {logging_mixin.py:188} INFO - [2024-07-15T10:00:51.343+0100] {dag.py:3954} INFO - Setting next_dagrun for consume_1_or_both_2_and_3_with_dataset_expressions to None, run_after=None
[2024-07-15T10:00:51.363+0100] {logging_mixin.py:188} INFO - [2024-07-15T10:00:51.358+0100] {dag.py:3954} INFO - Setting next_dagrun for dataset_consumes_1 to None, run_after=None
[2024-07-15T10:00:51.382+0100] {logging_mixin.py:188} INFO - [2024-07-15T10:00:51.380+0100] {dag.py:3954} INFO - Setting next_dagrun for dataset_consumes_1_and_2 to None, run_after=None
[2024-07-15T10:00:51.394+0100] {logging_mixin.py:188} INFO - [2024-07-15T10:00:51.393+0100] {dag.py:3954} INFO - Setting next_dagrun for dataset_consumes_1_never_scheduled to None, run_after=None
[2024-07-15T10:00:51.412+0100] {logging_mixin.py:188} INFO - [2024-07-15T10:00:51.411+0100] {dag.py:3954} INFO - Setting next_dagrun for dataset_consumes_unknown_never_scheduled to None, run_after=None
[2024-07-15T10:00:51.433+0100] {logging_mixin.py:188} INFO - [2024-07-15T10:00:51.433+0100] {dag.py:3954} INFO - Setting next_dagrun for dataset_produces_1 to 2024-07-14 00:00:00+00:00, run_after=2024-07-15 00:00:00+00:00
[2024-07-15T10:00:51.445+0100] {logging_mixin.py:188} INFO - [2024-07-15T10:00:51.444+0100] {dag.py:3954} INFO - Setting next_dagrun for dataset_produces_2 to None, run_after=None
[2024-07-15T10:00:52.381+0100] {processor.py:183} INFO - Processing /home/victor/airflow_env/lib/python3.10/site-packages/airflow/example_dags/example_datasets.py took 2.101 seconds
[2024-07-15T10:03:30.759+0100] {processor.py:161} INFO - Started process (PID=16810) to work on /home/victor/airflow_env/lib/python3.10/site-packages/airflow/example_dags/example_datasets.py
[2024-07-15T10:03:30.765+0100] {processor.py:830} INFO - Processing file /home/victor/airflow_env/lib/python3.10/site-packages/airflow/example_dags/example_datasets.py for tasks to queue
[2024-07-15T10:03:30.783+0100] {logging_mixin.py:188} INFO - [2024-07-15T10:03:30.781+0100] {dagbag.py:545} INFO - Filling up the DagBag from /home/victor/airflow_env/lib/python3.10/site-packages/airflow/example_dags/example_datasets.py
[2024-07-15T10:03:30.909+0100] {processor.py:840} INFO - DAG(s) 'dataset_produces_1', 'conditional_dataset_and_time_based_timetable', 'dataset_consumes_1_never_scheduled', 'dataset_consumes_1_and_2', 'dataset_consumes_unknown_never_scheduled', 'consume_1_or_2_with_dataset_expressions', 'dataset_consumes_1', 'consume_1_or_both_2_and_3_with_dataset_expressions', 'consume_1_and_2_with_dataset_expressions', 'dataset_produces_2' retrieved from /home/victor/airflow_env/lib/python3.10/site-packages/airflow/example_dags/example_datasets.py
[2024-07-15T10:03:31.463+0100] {logging_mixin.py:188} INFO - [2024-07-15T10:03:31.462+0100] {dag.py:3096} INFO - Sync 10 DAGs
[2024-07-15T10:03:31.651+0100] {logging_mixin.py:188} INFO - [2024-07-15T10:03:31.650+0100] {dag.py:3954} INFO - Setting next_dagrun for conditional_dataset_and_time_based_timetable to 2024-07-10 01:00:00+00:00, run_after=2024-07-10 01:00:00+00:00
[2024-07-15T10:03:31.675+0100] {logging_mixin.py:188} INFO - [2024-07-15T10:03:31.674+0100] {dag.py:3954} INFO - Setting next_dagrun for consume_1_and_2_with_dataset_expressions to None, run_after=None
[2024-07-15T10:03:31.685+0100] {logging_mixin.py:188} INFO - [2024-07-15T10:03:31.684+0100] {dag.py:3954} INFO - Setting next_dagrun for consume_1_or_2_with_dataset_expressions to None, run_after=None
[2024-07-15T10:03:31.699+0100] {logging_mixin.py:188} INFO - [2024-07-15T10:03:31.697+0100] {dag.py:3954} INFO - Setting next_dagrun for consume_1_or_both_2_and_3_with_dataset_expressions to None, run_after=None
[2024-07-15T10:03:31.714+0100] {logging_mixin.py:188} INFO - [2024-07-15T10:03:31.713+0100] {dag.py:3954} INFO - Setting next_dagrun for dataset_consumes_1 to None, run_after=None
[2024-07-15T10:03:31.726+0100] {logging_mixin.py:188} INFO - [2024-07-15T10:03:31.725+0100] {dag.py:3954} INFO - Setting next_dagrun for dataset_consumes_1_and_2 to None, run_after=None
[2024-07-15T10:03:31.735+0100] {logging_mixin.py:188} INFO - [2024-07-15T10:03:31.734+0100] {dag.py:3954} INFO - Setting next_dagrun for dataset_consumes_1_never_scheduled to None, run_after=None
[2024-07-15T10:03:31.749+0100] {logging_mixin.py:188} INFO - [2024-07-15T10:03:31.747+0100] {dag.py:3954} INFO - Setting next_dagrun for dataset_consumes_unknown_never_scheduled to None, run_after=None
[2024-07-15T10:03:31.771+0100] {logging_mixin.py:188} INFO - [2024-07-15T10:03:31.770+0100] {dag.py:3954} INFO - Setting next_dagrun for dataset_produces_1 to 2024-07-14 00:00:00+00:00, run_after=2024-07-15 00:00:00+00:00
[2024-07-15T10:03:31.780+0100] {logging_mixin.py:188} INFO - [2024-07-15T10:03:31.779+0100] {dag.py:3954} INFO - Setting next_dagrun for dataset_produces_2 to None, run_after=None
[2024-07-15T10:03:32.251+0100] {processor.py:183} INFO - Processing /home/victor/airflow_env/lib/python3.10/site-packages/airflow/example_dags/example_datasets.py took 1.546 seconds
[2024-07-15T10:06:07.185+0100] {processor.py:161} INFO - Started process (PID=17679) to work on /home/victor/airflow_env/lib/python3.10/site-packages/airflow/example_dags/example_datasets.py
[2024-07-15T10:06:07.189+0100] {processor.py:830} INFO - Processing file /home/victor/airflow_env/lib/python3.10/site-packages/airflow/example_dags/example_datasets.py for tasks to queue
[2024-07-15T10:06:07.197+0100] {logging_mixin.py:188} INFO - [2024-07-15T10:06:07.196+0100] {dagbag.py:545} INFO - Filling up the DagBag from /home/victor/airflow_env/lib/python3.10/site-packages/airflow/example_dags/example_datasets.py
[2024-07-15T10:06:07.268+0100] {processor.py:840} INFO - DAG(s) 'conditional_dataset_and_time_based_timetable', 'dataset_produces_1', 'dataset_consumes_1_and_2', 'consume_1_or_2_with_dataset_expressions', 'consume_1_and_2_with_dataset_expressions', 'dataset_consumes_unknown_never_scheduled', 'consume_1_or_both_2_and_3_with_dataset_expressions', 'dataset_consumes_1', 'dataset_produces_2', 'dataset_consumes_1_never_scheduled' retrieved from /home/victor/airflow_env/lib/python3.10/site-packages/airflow/example_dags/example_datasets.py
[2024-07-15T10:06:07.649+0100] {logging_mixin.py:188} INFO - [2024-07-15T10:06:07.648+0100] {dag.py:3096} INFO - Sync 10 DAGs
[2024-07-15T10:06:07.856+0100] {logging_mixin.py:188} INFO - [2024-07-15T10:06:07.855+0100] {dag.py:3954} INFO - Setting next_dagrun for conditional_dataset_and_time_based_timetable to 2024-07-10 01:00:00+00:00, run_after=2024-07-10 01:00:00+00:00
[2024-07-15T10:06:07.879+0100] {logging_mixin.py:188} INFO - [2024-07-15T10:06:07.878+0100] {dag.py:3954} INFO - Setting next_dagrun for consume_1_and_2_with_dataset_expressions to None, run_after=None
[2024-07-15T10:06:07.890+0100] {logging_mixin.py:188} INFO - [2024-07-15T10:06:07.889+0100] {dag.py:3954} INFO - Setting next_dagrun for consume_1_or_2_with_dataset_expressions to None, run_after=None
[2024-07-15T10:06:07.901+0100] {logging_mixin.py:188} INFO - [2024-07-15T10:06:07.900+0100] {dag.py:3954} INFO - Setting next_dagrun for consume_1_or_both_2_and_3_with_dataset_expressions to None, run_after=None
[2024-07-15T10:06:07.913+0100] {logging_mixin.py:188} INFO - [2024-07-15T10:06:07.912+0100] {dag.py:3954} INFO - Setting next_dagrun for dataset_consumes_1 to None, run_after=None
[2024-07-15T10:06:07.926+0100] {logging_mixin.py:188} INFO - [2024-07-15T10:06:07.924+0100] {dag.py:3954} INFO - Setting next_dagrun for dataset_consumes_1_and_2 to None, run_after=None
[2024-07-15T10:06:07.939+0100] {logging_mixin.py:188} INFO - [2024-07-15T10:06:07.937+0100] {dag.py:3954} INFO - Setting next_dagrun for dataset_consumes_1_never_scheduled to None, run_after=None
[2024-07-15T10:06:07.954+0100] {logging_mixin.py:188} INFO - [2024-07-15T10:06:07.954+0100] {dag.py:3954} INFO - Setting next_dagrun for dataset_consumes_unknown_never_scheduled to None, run_after=None
[2024-07-15T10:06:07.973+0100] {logging_mixin.py:188} INFO - [2024-07-15T10:06:07.972+0100] {dag.py:3954} INFO - Setting next_dagrun for dataset_produces_1 to 2024-07-14 00:00:00+00:00, run_after=2024-07-15 00:00:00+00:00
[2024-07-15T10:06:07.990+0100] {logging_mixin.py:188} INFO - [2024-07-15T10:06:07.989+0100] {dag.py:3954} INFO - Setting next_dagrun for dataset_produces_2 to None, run_after=None
[2024-07-15T10:06:08.452+0100] {processor.py:183} INFO - Processing /home/victor/airflow_env/lib/python3.10/site-packages/airflow/example_dags/example_datasets.py took 1.300 seconds
[2024-07-15T10:09:10.696+0100] {processor.py:161} INFO - Started process (PID=18927) to work on /home/victor/airflow_env/lib/python3.10/site-packages/airflow/example_dags/example_datasets.py
[2024-07-15T10:09:10.711+0100] {processor.py:830} INFO - Processing file /home/victor/airflow_env/lib/python3.10/site-packages/airflow/example_dags/example_datasets.py for tasks to queue
[2024-07-15T10:09:10.721+0100] {logging_mixin.py:188} INFO - [2024-07-15T10:09:10.719+0100] {dagbag.py:545} INFO - Filling up the DagBag from /home/victor/airflow_env/lib/python3.10/site-packages/airflow/example_dags/example_datasets.py
[2024-07-15T10:09:10.799+0100] {processor.py:840} INFO - DAG(s) 'dataset_consumes_1', 'dataset_consumes_1_never_scheduled', 'dataset_consumes_1_and_2', 'dataset_produces_1', 'consume_1_or_both_2_and_3_with_dataset_expressions', 'conditional_dataset_and_time_based_timetable', 'consume_1_and_2_with_dataset_expressions', 'dataset_consumes_unknown_never_scheduled', 'dataset_produces_2', 'consume_1_or_2_with_dataset_expressions' retrieved from /home/victor/airflow_env/lib/python3.10/site-packages/airflow/example_dags/example_datasets.py
[2024-07-15T10:09:11.411+0100] {logging_mixin.py:188} INFO - [2024-07-15T10:09:11.410+0100] {dag.py:3096} INFO - Sync 10 DAGs
[2024-07-15T10:09:11.598+0100] {logging_mixin.py:188} INFO - [2024-07-15T10:09:11.597+0100] {dag.py:3954} INFO - Setting next_dagrun for conditional_dataset_and_time_based_timetable to 2024-07-10 01:00:00+00:00, run_after=2024-07-10 01:00:00+00:00
[2024-07-15T10:09:11.621+0100] {logging_mixin.py:188} INFO - [2024-07-15T10:09:11.620+0100] {dag.py:3954} INFO - Setting next_dagrun for consume_1_and_2_with_dataset_expressions to None, run_after=None
[2024-07-15T10:09:11.636+0100] {logging_mixin.py:188} INFO - [2024-07-15T10:09:11.635+0100] {dag.py:3954} INFO - Setting next_dagrun for consume_1_or_2_with_dataset_expressions to None, run_after=None
[2024-07-15T10:09:11.646+0100] {logging_mixin.py:188} INFO - [2024-07-15T10:09:11.646+0100] {dag.py:3954} INFO - Setting next_dagrun for consume_1_or_both_2_and_3_with_dataset_expressions to None, run_after=None
[2024-07-15T10:09:11.660+0100] {logging_mixin.py:188} INFO - [2024-07-15T10:09:11.659+0100] {dag.py:3954} INFO - Setting next_dagrun for dataset_consumes_1 to None, run_after=None
[2024-07-15T10:09:11.675+0100] {logging_mixin.py:188} INFO - [2024-07-15T10:09:11.674+0100] {dag.py:3954} INFO - Setting next_dagrun for dataset_consumes_1_and_2 to None, run_after=None
[2024-07-15T10:09:11.688+0100] {logging_mixin.py:188} INFO - [2024-07-15T10:09:11.687+0100] {dag.py:3954} INFO - Setting next_dagrun for dataset_consumes_1_never_scheduled to None, run_after=None
[2024-07-15T10:09:11.700+0100] {logging_mixin.py:188} INFO - [2024-07-15T10:09:11.699+0100] {dag.py:3954} INFO - Setting next_dagrun for dataset_consumes_unknown_never_scheduled to None, run_after=None
[2024-07-15T10:09:11.722+0100] {logging_mixin.py:188} INFO - [2024-07-15T10:09:11.722+0100] {dag.py:3954} INFO - Setting next_dagrun for dataset_produces_1 to 2024-07-14 00:00:00+00:00, run_after=2024-07-15 00:00:00+00:00
[2024-07-15T10:09:11.735+0100] {logging_mixin.py:188} INFO - [2024-07-15T10:09:11.733+0100] {dag.py:3954} INFO - Setting next_dagrun for dataset_produces_2 to None, run_after=None
[2024-07-15T10:09:12.229+0100] {processor.py:183} INFO - Processing /home/victor/airflow_env/lib/python3.10/site-packages/airflow/example_dags/example_datasets.py took 1.564 seconds
[2024-07-15T10:12:07.206+0100] {processor.py:161} INFO - Started process (PID=20031) to work on /home/victor/airflow_env/lib/python3.10/site-packages/airflow/example_dags/example_datasets.py
[2024-07-15T10:12:07.210+0100] {processor.py:830} INFO - Processing file /home/victor/airflow_env/lib/python3.10/site-packages/airflow/example_dags/example_datasets.py for tasks to queue
[2024-07-15T10:12:07.217+0100] {logging_mixin.py:188} INFO - [2024-07-15T10:12:07.215+0100] {dagbag.py:545} INFO - Filling up the DagBag from /home/victor/airflow_env/lib/python3.10/site-packages/airflow/example_dags/example_datasets.py
[2024-07-15T10:12:07.283+0100] {processor.py:840} INFO - DAG(s) 'dataset_produces_1', 'dataset_consumes_unknown_never_scheduled', 'dataset_consumes_1_and_2', 'consume_1_or_both_2_and_3_with_dataset_expressions', 'consume_1_and_2_with_dataset_expressions', 'dataset_consumes_1', 'consume_1_or_2_with_dataset_expressions', 'dataset_consumes_1_never_scheduled', 'conditional_dataset_and_time_based_timetable', 'dataset_produces_2' retrieved from /home/victor/airflow_env/lib/python3.10/site-packages/airflow/example_dags/example_datasets.py
[2024-07-15T10:12:07.762+0100] {logging_mixin.py:188} INFO - [2024-07-15T10:12:07.760+0100] {dag.py:3096} INFO - Sync 10 DAGs
[2024-07-15T10:12:07.975+0100] {logging_mixin.py:188} INFO - [2024-07-15T10:12:07.974+0100] {dag.py:3954} INFO - Setting next_dagrun for conditional_dataset_and_time_based_timetable to 2024-07-10 01:00:00+00:00, run_after=2024-07-10 01:00:00+00:00
[2024-07-15T10:12:08.003+0100] {logging_mixin.py:188} INFO - [2024-07-15T10:12:08.001+0100] {dag.py:3954} INFO - Setting next_dagrun for consume_1_and_2_with_dataset_expressions to None, run_after=None
[2024-07-15T10:12:08.015+0100] {logging_mixin.py:188} INFO - [2024-07-15T10:12:08.014+0100] {dag.py:3954} INFO - Setting next_dagrun for consume_1_or_2_with_dataset_expressions to None, run_after=None
[2024-07-15T10:12:08.030+0100] {logging_mixin.py:188} INFO - [2024-07-15T10:12:08.029+0100] {dag.py:3954} INFO - Setting next_dagrun for consume_1_or_both_2_and_3_with_dataset_expressions to None, run_after=None
[2024-07-15T10:12:08.047+0100] {logging_mixin.py:188} INFO - [2024-07-15T10:12:08.046+0100] {dag.py:3954} INFO - Setting next_dagrun for dataset_consumes_1 to None, run_after=None
[2024-07-15T10:12:08.059+0100] {logging_mixin.py:188} INFO - [2024-07-15T10:12:08.058+0100] {dag.py:3954} INFO - Setting next_dagrun for dataset_consumes_1_and_2 to None, run_after=None
[2024-07-15T10:12:08.076+0100] {logging_mixin.py:188} INFO - [2024-07-15T10:12:08.075+0100] {dag.py:3954} INFO - Setting next_dagrun for dataset_consumes_1_never_scheduled to None, run_after=None
[2024-07-15T10:12:08.091+0100] {logging_mixin.py:188} INFO - [2024-07-15T10:12:08.090+0100] {dag.py:3954} INFO - Setting next_dagrun for dataset_consumes_unknown_never_scheduled to None, run_after=None
[2024-07-15T10:12:08.111+0100] {logging_mixin.py:188} INFO - [2024-07-15T10:12:08.110+0100] {dag.py:3954} INFO - Setting next_dagrun for dataset_produces_1 to 2024-07-14 00:00:00+00:00, run_after=2024-07-15 00:00:00+00:00
[2024-07-15T10:12:08.123+0100] {logging_mixin.py:188} INFO - [2024-07-15T10:12:08.122+0100] {dag.py:3954} INFO - Setting next_dagrun for dataset_produces_2 to None, run_after=None
[2024-07-15T10:12:08.720+0100] {processor.py:183} INFO - Processing /home/victor/airflow_env/lib/python3.10/site-packages/airflow/example_dags/example_datasets.py took 1.542 seconds
[2024-07-15T10:14:58.411+0100] {processor.py:161} INFO - Started process (PID=20951) to work on /home/victor/airflow_env/lib/python3.10/site-packages/airflow/example_dags/example_datasets.py
[2024-07-15T10:14:58.415+0100] {processor.py:830} INFO - Processing file /home/victor/airflow_env/lib/python3.10/site-packages/airflow/example_dags/example_datasets.py for tasks to queue
[2024-07-15T10:14:58.425+0100] {logging_mixin.py:188} INFO - [2024-07-15T10:14:58.423+0100] {dagbag.py:545} INFO - Filling up the DagBag from /home/victor/airflow_env/lib/python3.10/site-packages/airflow/example_dags/example_datasets.py
[2024-07-15T10:14:58.503+0100] {processor.py:840} INFO - DAG(s) 'dataset_consumes_1_never_scheduled', 'dataset_consumes_unknown_never_scheduled', 'consume_1_and_2_with_dataset_expressions', 'conditional_dataset_and_time_based_timetable', 'consume_1_or_2_with_dataset_expressions', 'consume_1_or_both_2_and_3_with_dataset_expressions', 'dataset_produces_2', 'dataset_consumes_1', 'dataset_consumes_1_and_2', 'dataset_produces_1' retrieved from /home/victor/airflow_env/lib/python3.10/site-packages/airflow/example_dags/example_datasets.py
[2024-07-15T10:14:58.998+0100] {logging_mixin.py:188} INFO - [2024-07-15T10:14:58.997+0100] {dag.py:3096} INFO - Sync 10 DAGs
[2024-07-15T10:14:59.219+0100] {logging_mixin.py:188} INFO - [2024-07-15T10:14:59.213+0100] {dag.py:3954} INFO - Setting next_dagrun for conditional_dataset_and_time_based_timetable to 2024-07-10 01:00:00+00:00, run_after=2024-07-10 01:00:00+00:00
[2024-07-15T10:14:59.257+0100] {logging_mixin.py:188} INFO - [2024-07-15T10:14:59.254+0100] {dag.py:3954} INFO - Setting next_dagrun for consume_1_and_2_with_dataset_expressions to None, run_after=None
[2024-07-15T10:14:59.274+0100] {logging_mixin.py:188} INFO - [2024-07-15T10:14:59.273+0100] {dag.py:3954} INFO - Setting next_dagrun for consume_1_or_2_with_dataset_expressions to None, run_after=None
[2024-07-15T10:14:59.288+0100] {logging_mixin.py:188} INFO - [2024-07-15T10:14:59.287+0100] {dag.py:3954} INFO - Setting next_dagrun for consume_1_or_both_2_and_3_with_dataset_expressions to None, run_after=None
[2024-07-15T10:14:59.304+0100] {logging_mixin.py:188} INFO - [2024-07-15T10:14:59.304+0100] {dag.py:3954} INFO - Setting next_dagrun for dataset_consumes_1 to None, run_after=None
[2024-07-15T10:14:59.317+0100] {logging_mixin.py:188} INFO - [2024-07-15T10:14:59.316+0100] {dag.py:3954} INFO - Setting next_dagrun for dataset_consumes_1_and_2 to None, run_after=None
[2024-07-15T10:14:59.333+0100] {logging_mixin.py:188} INFO - [2024-07-15T10:14:59.332+0100] {dag.py:3954} INFO - Setting next_dagrun for dataset_consumes_1_never_scheduled to None, run_after=None
[2024-07-15T10:14:59.349+0100] {logging_mixin.py:188} INFO - [2024-07-15T10:14:59.348+0100] {dag.py:3954} INFO - Setting next_dagrun for dataset_consumes_unknown_never_scheduled to None, run_after=None
[2024-07-15T10:14:59.380+0100] {logging_mixin.py:188} INFO - [2024-07-15T10:14:59.378+0100] {dag.py:3954} INFO - Setting next_dagrun for dataset_produces_1 to 2024-07-14 00:00:00+00:00, run_after=2024-07-15 00:00:00+00:00
[2024-07-15T10:14:59.397+0100] {logging_mixin.py:188} INFO - [2024-07-15T10:14:59.396+0100] {dag.py:3954} INFO - Setting next_dagrun for dataset_produces_2 to None, run_after=None
[2024-07-15T10:14:59.949+0100] {processor.py:183} INFO - Processing /home/victor/airflow_env/lib/python3.10/site-packages/airflow/example_dags/example_datasets.py took 1.572 seconds
[2024-07-15T10:17:56.314+0100] {processor.py:161} INFO - Started process (PID=22103) to work on /home/victor/airflow_env/lib/python3.10/site-packages/airflow/example_dags/example_datasets.py
[2024-07-15T10:17:56.318+0100] {processor.py:830} INFO - Processing file /home/victor/airflow_env/lib/python3.10/site-packages/airflow/example_dags/example_datasets.py for tasks to queue
[2024-07-15T10:17:56.330+0100] {logging_mixin.py:188} INFO - [2024-07-15T10:17:56.328+0100] {dagbag.py:545} INFO - Filling up the DagBag from /home/victor/airflow_env/lib/python3.10/site-packages/airflow/example_dags/example_datasets.py
[2024-07-15T10:17:56.406+0100] {processor.py:840} INFO - DAG(s) 'dataset_consumes_1_and_2', 'conditional_dataset_and_time_based_timetable', 'dataset_produces_2', 'consume_1_or_both_2_and_3_with_dataset_expressions', 'dataset_consumes_1_never_scheduled', 'consume_1_and_2_with_dataset_expressions', 'dataset_produces_1', 'dataset_consumes_unknown_never_scheduled', 'dataset_consumes_1', 'consume_1_or_2_with_dataset_expressions' retrieved from /home/victor/airflow_env/lib/python3.10/site-packages/airflow/example_dags/example_datasets.py
[2024-07-15T10:17:56.729+0100] {logging_mixin.py:188} INFO - [2024-07-15T10:17:56.729+0100] {dag.py:3096} INFO - Sync 10 DAGs
[2024-07-15T10:17:56.864+0100] {logging_mixin.py:188} INFO - [2024-07-15T10:17:56.864+0100] {dag.py:3954} INFO - Setting next_dagrun for conditional_dataset_and_time_based_timetable to 2024-07-10 01:00:00+00:00, run_after=2024-07-10 01:00:00+00:00
[2024-07-15T10:17:56.884+0100] {logging_mixin.py:188} INFO - [2024-07-15T10:17:56.883+0100] {dag.py:3954} INFO - Setting next_dagrun for consume_1_and_2_with_dataset_expressions to None, run_after=None
[2024-07-15T10:17:56.893+0100] {logging_mixin.py:188} INFO - [2024-07-15T10:17:56.892+0100] {dag.py:3954} INFO - Setting next_dagrun for consume_1_or_2_with_dataset_expressions to None, run_after=None
[2024-07-15T10:17:56.902+0100] {logging_mixin.py:188} INFO - [2024-07-15T10:17:56.901+0100] {dag.py:3954} INFO - Setting next_dagrun for consume_1_or_both_2_and_3_with_dataset_expressions to None, run_after=None
[2024-07-15T10:17:56.911+0100] {logging_mixin.py:188} INFO - [2024-07-15T10:17:56.910+0100] {dag.py:3954} INFO - Setting next_dagrun for dataset_consumes_1 to None, run_after=None
[2024-07-15T10:17:56.920+0100] {logging_mixin.py:188} INFO - [2024-07-15T10:17:56.919+0100] {dag.py:3954} INFO - Setting next_dagrun for dataset_consumes_1_and_2 to None, run_after=None
[2024-07-15T10:17:56.929+0100] {logging_mixin.py:188} INFO - [2024-07-15T10:17:56.928+0100] {dag.py:3954} INFO - Setting next_dagrun for dataset_consumes_1_never_scheduled to None, run_after=None
[2024-07-15T10:17:56.938+0100] {logging_mixin.py:188} INFO - [2024-07-15T10:17:56.937+0100] {dag.py:3954} INFO - Setting next_dagrun for dataset_consumes_unknown_never_scheduled to None, run_after=None
[2024-07-15T10:17:56.955+0100] {logging_mixin.py:188} INFO - [2024-07-15T10:17:56.954+0100] {dag.py:3954} INFO - Setting next_dagrun for dataset_produces_1 to 2024-07-14 00:00:00+00:00, run_after=2024-07-15 00:00:00+00:00
[2024-07-15T10:17:56.966+0100] {logging_mixin.py:188} INFO - [2024-07-15T10:17:56.965+0100] {dag.py:3954} INFO - Setting next_dagrun for dataset_produces_2 to None, run_after=None
[2024-07-15T10:17:57.382+0100] {processor.py:183} INFO - Processing /home/victor/airflow_env/lib/python3.10/site-packages/airflow/example_dags/example_datasets.py took 1.106 seconds
[2024-07-15T10:21:22.756+0100] {processor.py:161} INFO - Started process (PID=23487) to work on /home/victor/airflow_env/lib/python3.10/site-packages/airflow/example_dags/example_datasets.py
[2024-07-15T10:21:22.764+0100] {processor.py:830} INFO - Processing file /home/victor/airflow_env/lib/python3.10/site-packages/airflow/example_dags/example_datasets.py for tasks to queue
[2024-07-15T10:21:22.780+0100] {logging_mixin.py:188} INFO - [2024-07-15T10:21:22.775+0100] {dagbag.py:545} INFO - Filling up the DagBag from /home/victor/airflow_env/lib/python3.10/site-packages/airflow/example_dags/example_datasets.py
[2024-07-15T10:21:22.913+0100] {processor.py:840} INFO - DAG(s) 'dataset_consumes_unknown_never_scheduled', 'conditional_dataset_and_time_based_timetable', 'dataset_produces_2', 'dataset_consumes_1_and_2', 'dataset_consumes_1', 'consume_1_and_2_with_dataset_expressions', 'consume_1_or_both_2_and_3_with_dataset_expressions', 'dataset_produces_1', 'consume_1_or_2_with_dataset_expressions', 'dataset_consumes_1_never_scheduled' retrieved from /home/victor/airflow_env/lib/python3.10/site-packages/airflow/example_dags/example_datasets.py
[2024-07-15T10:21:23.687+0100] {logging_mixin.py:188} INFO - [2024-07-15T10:21:23.686+0100] {dag.py:3096} INFO - Sync 10 DAGs
[2024-07-15T10:21:24.058+0100] {logging_mixin.py:188} INFO - [2024-07-15T10:21:24.057+0100] {dag.py:3954} INFO - Setting next_dagrun for conditional_dataset_and_time_based_timetable to 2024-07-10 01:00:00+00:00, run_after=2024-07-10 01:00:00+00:00
[2024-07-15T10:21:24.107+0100] {logging_mixin.py:188} INFO - [2024-07-15T10:21:24.104+0100] {dag.py:3954} INFO - Setting next_dagrun for consume_1_and_2_with_dataset_expressions to None, run_after=None
[2024-07-15T10:21:24.132+0100] {logging_mixin.py:188} INFO - [2024-07-15T10:21:24.131+0100] {dag.py:3954} INFO - Setting next_dagrun for consume_1_or_2_with_dataset_expressions to None, run_after=None
[2024-07-15T10:21:24.155+0100] {logging_mixin.py:188} INFO - [2024-07-15T10:21:24.147+0100] {dag.py:3954} INFO - Setting next_dagrun for consume_1_or_both_2_and_3_with_dataset_expressions to None, run_after=None
[2024-07-15T10:21:24.171+0100] {logging_mixin.py:188} INFO - [2024-07-15T10:21:24.170+0100] {dag.py:3954} INFO - Setting next_dagrun for dataset_consumes_1 to None, run_after=None
[2024-07-15T10:21:24.198+0100] {logging_mixin.py:188} INFO - [2024-07-15T10:21:24.194+0100] {dag.py:3954} INFO - Setting next_dagrun for dataset_consumes_1_and_2 to None, run_after=None
[2024-07-15T10:21:24.216+0100] {logging_mixin.py:188} INFO - [2024-07-15T10:21:24.215+0100] {dag.py:3954} INFO - Setting next_dagrun for dataset_consumes_1_never_scheduled to None, run_after=None
[2024-07-15T10:21:24.308+0100] {logging_mixin.py:188} INFO - [2024-07-15T10:21:24.307+0100] {dag.py:3954} INFO - Setting next_dagrun for dataset_consumes_unknown_never_scheduled to None, run_after=None
[2024-07-15T10:21:24.340+0100] {logging_mixin.py:188} INFO - [2024-07-15T10:21:24.339+0100] {dag.py:3954} INFO - Setting next_dagrun for dataset_produces_1 to 2024-07-14 00:00:00+00:00, run_after=2024-07-15 00:00:00+00:00
[2024-07-15T10:21:24.364+0100] {logging_mixin.py:188} INFO - [2024-07-15T10:21:24.364+0100] {dag.py:3954} INFO - Setting next_dagrun for dataset_produces_2 to None, run_after=None
[2024-07-15T10:21:25.881+0100] {processor.py:183} INFO - Processing /home/victor/airflow_env/lib/python3.10/site-packages/airflow/example_dags/example_datasets.py took 3.170 seconds
[2024-07-15T10:25:12.634+0100] {processor.py:161} INFO - Started process (PID=25350) to work on /home/victor/airflow_env/lib/python3.10/site-packages/airflow/example_dags/example_datasets.py
[2024-07-15T10:25:12.638+0100] {processor.py:830} INFO - Processing file /home/victor/airflow_env/lib/python3.10/site-packages/airflow/example_dags/example_datasets.py for tasks to queue
[2024-07-15T10:25:12.646+0100] {logging_mixin.py:188} INFO - [2024-07-15T10:25:12.644+0100] {dagbag.py:545} INFO - Filling up the DagBag from /home/victor/airflow_env/lib/python3.10/site-packages/airflow/example_dags/example_datasets.py
[2024-07-15T10:25:12.720+0100] {processor.py:840} INFO - DAG(s) 'dataset_consumes_1_never_scheduled', 'dataset_produces_2', 'consume_1_or_2_with_dataset_expressions', 'conditional_dataset_and_time_based_timetable', 'dataset_produces_1', 'consume_1_or_both_2_and_3_with_dataset_expressions', 'dataset_consumes_1_and_2', 'dataset_consumes_1', 'dataset_consumes_unknown_never_scheduled', 'consume_1_and_2_with_dataset_expressions' retrieved from /home/victor/airflow_env/lib/python3.10/site-packages/airflow/example_dags/example_datasets.py
[2024-07-15T10:25:13.133+0100] {logging_mixin.py:188} INFO - [2024-07-15T10:25:13.132+0100] {dag.py:3096} INFO - Sync 10 DAGs
[2024-07-15T10:25:13.298+0100] {logging_mixin.py:188} INFO - [2024-07-15T10:25:13.297+0100] {dag.py:3954} INFO - Setting next_dagrun for conditional_dataset_and_time_based_timetable to 2024-07-10 01:00:00+00:00, run_after=2024-07-10 01:00:00+00:00
[2024-07-15T10:25:13.320+0100] {logging_mixin.py:188} INFO - [2024-07-15T10:25:13.319+0100] {dag.py:3954} INFO - Setting next_dagrun for consume_1_and_2_with_dataset_expressions to None, run_after=None
[2024-07-15T10:25:13.331+0100] {logging_mixin.py:188} INFO - [2024-07-15T10:25:13.330+0100] {dag.py:3954} INFO - Setting next_dagrun for consume_1_or_2_with_dataset_expressions to None, run_after=None
[2024-07-15T10:25:13.342+0100] {logging_mixin.py:188} INFO - [2024-07-15T10:25:13.341+0100] {dag.py:3954} INFO - Setting next_dagrun for consume_1_or_both_2_and_3_with_dataset_expressions to None, run_after=None
[2024-07-15T10:25:13.354+0100] {logging_mixin.py:188} INFO - [2024-07-15T10:25:13.353+0100] {dag.py:3954} INFO - Setting next_dagrun for dataset_consumes_1 to None, run_after=None
[2024-07-15T10:25:13.366+0100] {logging_mixin.py:188} INFO - [2024-07-15T10:25:13.365+0100] {dag.py:3954} INFO - Setting next_dagrun for dataset_consumes_1_and_2 to None, run_after=None
[2024-07-15T10:25:13.377+0100] {logging_mixin.py:188} INFO - [2024-07-15T10:25:13.376+0100] {dag.py:3954} INFO - Setting next_dagrun for dataset_consumes_1_never_scheduled to None, run_after=None
[2024-07-15T10:25:13.389+0100] {logging_mixin.py:188} INFO - [2024-07-15T10:25:13.388+0100] {dag.py:3954} INFO - Setting next_dagrun for dataset_consumes_unknown_never_scheduled to None, run_after=None
[2024-07-15T10:25:13.412+0100] {logging_mixin.py:188} INFO - [2024-07-15T10:25:13.411+0100] {dag.py:3954} INFO - Setting next_dagrun for dataset_produces_1 to 2024-07-14 00:00:00+00:00, run_after=2024-07-15 00:00:00+00:00
[2024-07-15T10:25:13.422+0100] {logging_mixin.py:188} INFO - [2024-07-15T10:25:13.422+0100] {dag.py:3954} INFO - Setting next_dagrun for dataset_produces_2 to None, run_after=None
[2024-07-15T10:25:13.840+0100] {processor.py:183} INFO - Processing /home/victor/airflow_env/lib/python3.10/site-packages/airflow/example_dags/example_datasets.py took 1.236 seconds
[2024-07-15T10:28:31.574+0100] {processor.py:161} INFO - Started process (PID=26653) to work on /home/victor/airflow_env/lib/python3.10/site-packages/airflow/example_dags/example_datasets.py
[2024-07-15T10:28:31.582+0100] {processor.py:830} INFO - Processing file /home/victor/airflow_env/lib/python3.10/site-packages/airflow/example_dags/example_datasets.py for tasks to queue
[2024-07-15T10:28:31.589+0100] {logging_mixin.py:188} INFO - [2024-07-15T10:28:31.588+0100] {dagbag.py:545} INFO - Filling up the DagBag from /home/victor/airflow_env/lib/python3.10/site-packages/airflow/example_dags/example_datasets.py
[2024-07-15T10:28:31.652+0100] {processor.py:840} INFO - DAG(s) 'dataset_consumes_unknown_never_scheduled', 'consume_1_and_2_with_dataset_expressions', 'consume_1_or_both_2_and_3_with_dataset_expressions', 'dataset_consumes_1_and_2', 'dataset_consumes_1_never_scheduled', 'consume_1_or_2_with_dataset_expressions', 'dataset_consumes_1', 'dataset_produces_2', 'dataset_produces_1', 'conditional_dataset_and_time_based_timetable' retrieved from /home/victor/airflow_env/lib/python3.10/site-packages/airflow/example_dags/example_datasets.py
[2024-07-15T10:28:32.110+0100] {logging_mixin.py:188} INFO - [2024-07-15T10:28:32.109+0100] {dag.py:3096} INFO - Sync 10 DAGs
[2024-07-15T10:28:32.277+0100] {logging_mixin.py:188} INFO - [2024-07-15T10:28:32.276+0100] {dag.py:3954} INFO - Setting next_dagrun for conditional_dataset_and_time_based_timetable to 2024-07-10 01:00:00+00:00, run_after=2024-07-10 01:00:00+00:00
[2024-07-15T10:28:32.304+0100] {logging_mixin.py:188} INFO - [2024-07-15T10:28:32.303+0100] {dag.py:3954} INFO - Setting next_dagrun for consume_1_and_2_with_dataset_expressions to None, run_after=None
[2024-07-15T10:28:32.314+0100] {logging_mixin.py:188} INFO - [2024-07-15T10:28:32.313+0100] {dag.py:3954} INFO - Setting next_dagrun for consume_1_or_2_with_dataset_expressions to None, run_after=None
[2024-07-15T10:28:32.323+0100] {logging_mixin.py:188} INFO - [2024-07-15T10:28:32.322+0100] {dag.py:3954} INFO - Setting next_dagrun for consume_1_or_both_2_and_3_with_dataset_expressions to None, run_after=None
[2024-07-15T10:28:32.334+0100] {logging_mixin.py:188} INFO - [2024-07-15T10:28:32.333+0100] {dag.py:3954} INFO - Setting next_dagrun for dataset_consumes_1 to None, run_after=None
[2024-07-15T10:28:32.344+0100] {logging_mixin.py:188} INFO - [2024-07-15T10:28:32.343+0100] {dag.py:3954} INFO - Setting next_dagrun for dataset_consumes_1_and_2 to None, run_after=None
[2024-07-15T10:28:32.355+0100] {logging_mixin.py:188} INFO - [2024-07-15T10:28:32.354+0100] {dag.py:3954} INFO - Setting next_dagrun for dataset_consumes_1_never_scheduled to None, run_after=None
[2024-07-15T10:28:32.370+0100] {logging_mixin.py:188} INFO - [2024-07-15T10:28:32.369+0100] {dag.py:3954} INFO - Setting next_dagrun for dataset_consumes_unknown_never_scheduled to None, run_after=None
[2024-07-15T10:28:32.389+0100] {logging_mixin.py:188} INFO - [2024-07-15T10:28:32.388+0100] {dag.py:3954} INFO - Setting next_dagrun for dataset_produces_1 to 2024-07-14 00:00:00+00:00, run_after=2024-07-15 00:00:00+00:00
[2024-07-15T10:28:32.401+0100] {logging_mixin.py:188} INFO - [2024-07-15T10:28:32.400+0100] {dag.py:3954} INFO - Setting next_dagrun for dataset_produces_2 to None, run_after=None
[2024-07-15T10:28:32.838+0100] {processor.py:183} INFO - Processing /home/victor/airflow_env/lib/python3.10/site-packages/airflow/example_dags/example_datasets.py took 1.294 seconds
[2024-07-15T10:30:59.921+0100] {processor.py:161} INFO - Started process (PID=27442) to work on /home/victor/airflow_env/lib/python3.10/site-packages/airflow/example_dags/example_datasets.py
[2024-07-15T10:30:59.925+0100] {processor.py:830} INFO - Processing file /home/victor/airflow_env/lib/python3.10/site-packages/airflow/example_dags/example_datasets.py for tasks to queue
[2024-07-15T10:30:59.932+0100] {logging_mixin.py:188} INFO - [2024-07-15T10:30:59.930+0100] {dagbag.py:545} INFO - Filling up the DagBag from /home/victor/airflow_env/lib/python3.10/site-packages/airflow/example_dags/example_datasets.py
[2024-07-15T10:31:00.003+0100] {processor.py:840} INFO - DAG(s) 'conditional_dataset_and_time_based_timetable', 'consume_1_and_2_with_dataset_expressions', 'consume_1_or_both_2_and_3_with_dataset_expressions', 'dataset_consumes_1_never_scheduled', 'dataset_consumes_unknown_never_scheduled', 'dataset_produces_2', 'consume_1_or_2_with_dataset_expressions', 'dataset_consumes_1_and_2', 'dataset_consumes_1', 'dataset_produces_1' retrieved from /home/victor/airflow_env/lib/python3.10/site-packages/airflow/example_dags/example_datasets.py
[2024-07-15T10:31:00.370+0100] {logging_mixin.py:188} INFO - [2024-07-15T10:31:00.369+0100] {dag.py:3096} INFO - Sync 10 DAGs
[2024-07-15T10:31:00.501+0100] {logging_mixin.py:188} INFO - [2024-07-15T10:31:00.500+0100] {dag.py:3954} INFO - Setting next_dagrun for conditional_dataset_and_time_based_timetable to 2024-07-10 01:00:00+00:00, run_after=2024-07-10 01:00:00+00:00
[2024-07-15T10:31:00.521+0100] {logging_mixin.py:188} INFO - [2024-07-15T10:31:00.520+0100] {dag.py:3954} INFO - Setting next_dagrun for consume_1_and_2_with_dataset_expressions to None, run_after=None
[2024-07-15T10:31:00.529+0100] {logging_mixin.py:188} INFO - [2024-07-15T10:31:00.528+0100] {dag.py:3954} INFO - Setting next_dagrun for consume_1_or_2_with_dataset_expressions to None, run_after=None
[2024-07-15T10:31:00.538+0100] {logging_mixin.py:188} INFO - [2024-07-15T10:31:00.537+0100] {dag.py:3954} INFO - Setting next_dagrun for consume_1_or_both_2_and_3_with_dataset_expressions to None, run_after=None
[2024-07-15T10:31:00.547+0100] {logging_mixin.py:188} INFO - [2024-07-15T10:31:00.546+0100] {dag.py:3954} INFO - Setting next_dagrun for dataset_consumes_1 to None, run_after=None
[2024-07-15T10:31:00.557+0100] {logging_mixin.py:188} INFO - [2024-07-15T10:31:00.556+0100] {dag.py:3954} INFO - Setting next_dagrun for dataset_consumes_1_and_2 to None, run_after=None
[2024-07-15T10:31:00.567+0100] {logging_mixin.py:188} INFO - [2024-07-15T10:31:00.566+0100] {dag.py:3954} INFO - Setting next_dagrun for dataset_consumes_1_never_scheduled to None, run_after=None
[2024-07-15T10:31:00.576+0100] {logging_mixin.py:188} INFO - [2024-07-15T10:31:00.575+0100] {dag.py:3954} INFO - Setting next_dagrun for dataset_consumes_unknown_never_scheduled to None, run_after=None
[2024-07-15T10:31:00.591+0100] {logging_mixin.py:188} INFO - [2024-07-15T10:31:00.590+0100] {dag.py:3954} INFO - Setting next_dagrun for dataset_produces_1 to 2024-07-14 00:00:00+00:00, run_after=2024-07-15 00:00:00+00:00
[2024-07-15T10:31:00.600+0100] {logging_mixin.py:188} INFO - [2024-07-15T10:31:00.599+0100] {dag.py:3954} INFO - Setting next_dagrun for dataset_produces_2 to None, run_after=None
[2024-07-15T10:31:00.949+0100] {processor.py:183} INFO - Processing /home/victor/airflow_env/lib/python3.10/site-packages/airflow/example_dags/example_datasets.py took 1.053 seconds
[2024-07-15T10:34:04.485+0100] {processor.py:161} INFO - Started process (PID=28600) to work on /home/victor/airflow_env/lib/python3.10/site-packages/airflow/example_dags/example_datasets.py
[2024-07-15T10:34:04.497+0100] {processor.py:830} INFO - Processing file /home/victor/airflow_env/lib/python3.10/site-packages/airflow/example_dags/example_datasets.py for tasks to queue
[2024-07-15T10:34:04.510+0100] {logging_mixin.py:188} INFO - [2024-07-15T10:34:04.507+0100] {dagbag.py:545} INFO - Filling up the DagBag from /home/victor/airflow_env/lib/python3.10/site-packages/airflow/example_dags/example_datasets.py
[2024-07-15T10:34:04.591+0100] {processor.py:840} INFO - DAG(s) 'consume_1_or_both_2_and_3_with_dataset_expressions', 'dataset_consumes_1_and_2', 'consume_1_and_2_with_dataset_expressions', 'consume_1_or_2_with_dataset_expressions', 'conditional_dataset_and_time_based_timetable', 'dataset_produces_2', 'dataset_produces_1', 'dataset_consumes_1', 'dataset_consumes_unknown_never_scheduled', 'dataset_consumes_1_never_scheduled' retrieved from /home/victor/airflow_env/lib/python3.10/site-packages/airflow/example_dags/example_datasets.py
[2024-07-15T10:34:06.099+0100] {logging_mixin.py:188} INFO - [2024-07-15T10:34:06.098+0100] {dag.py:3096} INFO - Sync 10 DAGs
[2024-07-15T10:34:06.311+0100] {logging_mixin.py:188} INFO - [2024-07-15T10:34:06.310+0100] {dag.py:3954} INFO - Setting next_dagrun for conditional_dataset_and_time_based_timetable to 2024-07-10 01:00:00+00:00, run_after=2024-07-10 01:00:00+00:00
[2024-07-15T10:34:06.342+0100] {logging_mixin.py:188} INFO - [2024-07-15T10:34:06.339+0100] {dag.py:3954} INFO - Setting next_dagrun for consume_1_and_2_with_dataset_expressions to None, run_after=None
[2024-07-15T10:34:06.359+0100] {logging_mixin.py:188} INFO - [2024-07-15T10:34:06.357+0100] {dag.py:3954} INFO - Setting next_dagrun for consume_1_or_2_with_dataset_expressions to None, run_after=None
[2024-07-15T10:34:06.369+0100] {logging_mixin.py:188} INFO - [2024-07-15T10:34:06.368+0100] {dag.py:3954} INFO - Setting next_dagrun for consume_1_or_both_2_and_3_with_dataset_expressions to None, run_after=None
[2024-07-15T10:34:06.384+0100] {logging_mixin.py:188} INFO - [2024-07-15T10:34:06.383+0100] {dag.py:3954} INFO - Setting next_dagrun for dataset_consumes_1 to None, run_after=None
[2024-07-15T10:34:06.396+0100] {logging_mixin.py:188} INFO - [2024-07-15T10:34:06.395+0100] {dag.py:3954} INFO - Setting next_dagrun for dataset_consumes_1_and_2 to None, run_after=None
[2024-07-15T10:34:06.411+0100] {logging_mixin.py:188} INFO - [2024-07-15T10:34:06.410+0100] {dag.py:3954} INFO - Setting next_dagrun for dataset_consumes_1_never_scheduled to None, run_after=None
[2024-07-15T10:34:06.422+0100] {logging_mixin.py:188} INFO - [2024-07-15T10:34:06.421+0100] {dag.py:3954} INFO - Setting next_dagrun for dataset_consumes_unknown_never_scheduled to None, run_after=None
[2024-07-15T10:34:06.451+0100] {logging_mixin.py:188} INFO - [2024-07-15T10:34:06.450+0100] {dag.py:3954} INFO - Setting next_dagrun for dataset_produces_1 to 2024-07-14 00:00:00+00:00, run_after=2024-07-15 00:00:00+00:00
[2024-07-15T10:34:06.468+0100] {logging_mixin.py:188} INFO - [2024-07-15T10:34:06.467+0100] {dag.py:3954} INFO - Setting next_dagrun for dataset_produces_2 to None, run_after=None
[2024-07-15T10:34:07.194+0100] {processor.py:183} INFO - Processing /home/victor/airflow_env/lib/python3.10/site-packages/airflow/example_dags/example_datasets.py took 2.804 seconds
[2024-07-15T10:36:44.945+0100] {processor.py:161} INFO - Started process (PID=29542) to work on /home/victor/airflow_env/lib/python3.10/site-packages/airflow/example_dags/example_datasets.py
[2024-07-15T10:36:44.971+0100] {processor.py:830} INFO - Processing file /home/victor/airflow_env/lib/python3.10/site-packages/airflow/example_dags/example_datasets.py for tasks to queue
[2024-07-15T10:36:45.021+0100] {logging_mixin.py:188} INFO - [2024-07-15T10:36:45.015+0100] {dagbag.py:545} INFO - Filling up the DagBag from /home/victor/airflow_env/lib/python3.10/site-packages/airflow/example_dags/example_datasets.py
[2024-07-15T10:36:45.231+0100] {processor.py:840} INFO - DAG(s) 'dataset_consumes_unknown_never_scheduled', 'dataset_consumes_1', 'consume_1_and_2_with_dataset_expressions', 'dataset_consumes_1_and_2', 'dataset_produces_1', 'conditional_dataset_and_time_based_timetable', 'dataset_produces_2', 'consume_1_or_2_with_dataset_expressions', 'consume_1_or_both_2_and_3_with_dataset_expressions', 'dataset_consumes_1_never_scheduled' retrieved from /home/victor/airflow_env/lib/python3.10/site-packages/airflow/example_dags/example_datasets.py
[2024-07-15T10:36:47.485+0100] {logging_mixin.py:188} INFO - [2024-07-15T10:36:47.484+0100] {dag.py:3096} INFO - Sync 10 DAGs
[2024-07-15T10:36:47.801+0100] {logging_mixin.py:188} INFO - [2024-07-15T10:36:47.799+0100] {dag.py:3954} INFO - Setting next_dagrun for conditional_dataset_and_time_based_timetable to 2024-07-10 01:00:00+00:00, run_after=2024-07-10 01:00:00+00:00
[2024-07-15T10:36:47.838+0100] {logging_mixin.py:188} INFO - [2024-07-15T10:36:47.837+0100] {dag.py:3954} INFO - Setting next_dagrun for consume_1_and_2_with_dataset_expressions to None, run_after=None
[2024-07-15T10:36:47.854+0100] {logging_mixin.py:188} INFO - [2024-07-15T10:36:47.853+0100] {dag.py:3954} INFO - Setting next_dagrun for consume_1_or_2_with_dataset_expressions to None, run_after=None
[2024-07-15T10:36:47.871+0100] {logging_mixin.py:188} INFO - [2024-07-15T10:36:47.870+0100] {dag.py:3954} INFO - Setting next_dagrun for consume_1_or_both_2_and_3_with_dataset_expressions to None, run_after=None
[2024-07-15T10:36:47.883+0100] {logging_mixin.py:188} INFO - [2024-07-15T10:36:47.882+0100] {dag.py:3954} INFO - Setting next_dagrun for dataset_consumes_1 to None, run_after=None
[2024-07-15T10:36:47.897+0100] {logging_mixin.py:188} INFO - [2024-07-15T10:36:47.896+0100] {dag.py:3954} INFO - Setting next_dagrun for dataset_consumes_1_and_2 to None, run_after=None
[2024-07-15T10:36:47.913+0100] {logging_mixin.py:188} INFO - [2024-07-15T10:36:47.912+0100] {dag.py:3954} INFO - Setting next_dagrun for dataset_consumes_1_never_scheduled to None, run_after=None
[2024-07-15T10:36:47.935+0100] {logging_mixin.py:188} INFO - [2024-07-15T10:36:47.934+0100] {dag.py:3954} INFO - Setting next_dagrun for dataset_consumes_unknown_never_scheduled to None, run_after=None
[2024-07-15T10:36:47.977+0100] {logging_mixin.py:188} INFO - [2024-07-15T10:36:47.975+0100] {dag.py:3954} INFO - Setting next_dagrun for dataset_produces_1 to 2024-07-14 00:00:00+00:00, run_after=2024-07-15 00:00:00+00:00
[2024-07-15T10:36:47.989+0100] {logging_mixin.py:188} INFO - [2024-07-15T10:36:47.988+0100] {dag.py:3954} INFO - Setting next_dagrun for dataset_produces_2 to None, run_after=None
[2024-07-15T10:36:48.495+0100] {processor.py:183} INFO - Processing /home/victor/airflow_env/lib/python3.10/site-packages/airflow/example_dags/example_datasets.py took 3.618 seconds
[2024-07-15T10:39:30.957+0100] {processor.py:161} INFO - Started process (PID=30449) to work on /home/victor/airflow_env/lib/python3.10/site-packages/airflow/example_dags/example_datasets.py
[2024-07-15T10:39:30.961+0100] {processor.py:830} INFO - Processing file /home/victor/airflow_env/lib/python3.10/site-packages/airflow/example_dags/example_datasets.py for tasks to queue
[2024-07-15T10:39:30.971+0100] {logging_mixin.py:188} INFO - [2024-07-15T10:39:30.970+0100] {dagbag.py:545} INFO - Filling up the DagBag from /home/victor/airflow_env/lib/python3.10/site-packages/airflow/example_dags/example_datasets.py
[2024-07-15T10:39:31.039+0100] {processor.py:840} INFO - DAG(s) 'consume_1_or_2_with_dataset_expressions', 'consume_1_and_2_with_dataset_expressions', 'dataset_produces_1', 'dataset_consumes_1_never_scheduled', 'dataset_consumes_1', 'dataset_consumes_1_and_2', 'conditional_dataset_and_time_based_timetable', 'consume_1_or_both_2_and_3_with_dataset_expressions', 'dataset_produces_2', 'dataset_consumes_unknown_never_scheduled' retrieved from /home/victor/airflow_env/lib/python3.10/site-packages/airflow/example_dags/example_datasets.py
[2024-07-15T10:39:31.373+0100] {logging_mixin.py:188} INFO - [2024-07-15T10:39:31.372+0100] {dag.py:3096} INFO - Sync 10 DAGs
[2024-07-15T10:39:31.516+0100] {logging_mixin.py:188} INFO - [2024-07-15T10:39:31.515+0100] {dag.py:3954} INFO - Setting next_dagrun for conditional_dataset_and_time_based_timetable to 2024-07-10 01:00:00+00:00, run_after=2024-07-10 01:00:00+00:00
[2024-07-15T10:39:31.543+0100] {logging_mixin.py:188} INFO - [2024-07-15T10:39:31.542+0100] {dag.py:3954} INFO - Setting next_dagrun for consume_1_and_2_with_dataset_expressions to None, run_after=None
[2024-07-15T10:39:31.557+0100] {logging_mixin.py:188} INFO - [2024-07-15T10:39:31.557+0100] {dag.py:3954} INFO - Setting next_dagrun for consume_1_or_2_with_dataset_expressions to None, run_after=None
[2024-07-15T10:39:31.570+0100] {logging_mixin.py:188} INFO - [2024-07-15T10:39:31.569+0100] {dag.py:3954} INFO - Setting next_dagrun for consume_1_or_both_2_and_3_with_dataset_expressions to None, run_after=None
[2024-07-15T10:39:31.579+0100] {logging_mixin.py:188} INFO - [2024-07-15T10:39:31.578+0100] {dag.py:3954} INFO - Setting next_dagrun for dataset_consumes_1 to None, run_after=None
[2024-07-15T10:39:31.589+0100] {logging_mixin.py:188} INFO - [2024-07-15T10:39:31.588+0100] {dag.py:3954} INFO - Setting next_dagrun for dataset_consumes_1_and_2 to None, run_after=None
[2024-07-15T10:39:31.598+0100] {logging_mixin.py:188} INFO - [2024-07-15T10:39:31.597+0100] {dag.py:3954} INFO - Setting next_dagrun for dataset_consumes_1_never_scheduled to None, run_after=None
[2024-07-15T10:39:31.608+0100] {logging_mixin.py:188} INFO - [2024-07-15T10:39:31.607+0100] {dag.py:3954} INFO - Setting next_dagrun for dataset_consumes_unknown_never_scheduled to None, run_after=None
[2024-07-15T10:39:31.625+0100] {logging_mixin.py:188} INFO - [2024-07-15T10:39:31.625+0100] {dag.py:3954} INFO - Setting next_dagrun for dataset_produces_1 to 2024-07-14 00:00:00+00:00, run_after=2024-07-15 00:00:00+00:00
[2024-07-15T10:39:31.635+0100] {logging_mixin.py:188} INFO - [2024-07-15T10:39:31.634+0100] {dag.py:3954} INFO - Setting next_dagrun for dataset_produces_2 to None, run_after=None
[2024-07-15T10:39:32.103+0100] {processor.py:183} INFO - Processing /home/victor/airflow_env/lib/python3.10/site-packages/airflow/example_dags/example_datasets.py took 1.185 seconds
[2024-07-15T10:42:00.149+0100] {processor.py:161} INFO - Started process (PID=31215) to work on /home/victor/airflow_env/lib/python3.10/site-packages/airflow/example_dags/example_datasets.py
[2024-07-15T10:42:00.163+0100] {processor.py:830} INFO - Processing file /home/victor/airflow_env/lib/python3.10/site-packages/airflow/example_dags/example_datasets.py for tasks to queue
[2024-07-15T10:42:00.173+0100] {logging_mixin.py:188} INFO - [2024-07-15T10:42:00.170+0100] {dagbag.py:545} INFO - Filling up the DagBag from /home/victor/airflow_env/lib/python3.10/site-packages/airflow/example_dags/example_datasets.py
[2024-07-15T10:42:00.318+0100] {processor.py:840} INFO - DAG(s) 'dataset_consumes_1', 'dataset_consumes_1_and_2', 'consume_1_or_2_with_dataset_expressions', 'conditional_dataset_and_time_based_timetable', 'dataset_consumes_unknown_never_scheduled', 'dataset_produces_1', 'dataset_consumes_1_never_scheduled', 'consume_1_and_2_with_dataset_expressions', 'consume_1_or_both_2_and_3_with_dataset_expressions', 'dataset_produces_2' retrieved from /home/victor/airflow_env/lib/python3.10/site-packages/airflow/example_dags/example_datasets.py
[2024-07-15T10:42:00.765+0100] {logging_mixin.py:188} INFO - [2024-07-15T10:42:00.764+0100] {dag.py:3096} INFO - Sync 10 DAGs
[2024-07-15T10:42:00.901+0100] {logging_mixin.py:188} INFO - [2024-07-15T10:42:00.900+0100] {dag.py:3954} INFO - Setting next_dagrun for conditional_dataset_and_time_based_timetable to 2024-07-10 01:00:00+00:00, run_after=2024-07-10 01:00:00+00:00
[2024-07-15T10:42:00.923+0100] {logging_mixin.py:188} INFO - [2024-07-15T10:42:00.921+0100] {dag.py:3954} INFO - Setting next_dagrun for consume_1_and_2_with_dataset_expressions to None, run_after=None
[2024-07-15T10:42:00.932+0100] {logging_mixin.py:188} INFO - [2024-07-15T10:42:00.931+0100] {dag.py:3954} INFO - Setting next_dagrun for consume_1_or_2_with_dataset_expressions to None, run_after=None
[2024-07-15T10:42:00.944+0100] {logging_mixin.py:188} INFO - [2024-07-15T10:42:00.943+0100] {dag.py:3954} INFO - Setting next_dagrun for consume_1_or_both_2_and_3_with_dataset_expressions to None, run_after=None
[2024-07-15T10:42:00.955+0100] {logging_mixin.py:188} INFO - [2024-07-15T10:42:00.954+0100] {dag.py:3954} INFO - Setting next_dagrun for dataset_consumes_1 to None, run_after=None
[2024-07-15T10:42:00.965+0100] {logging_mixin.py:188} INFO - [2024-07-15T10:42:00.964+0100] {dag.py:3954} INFO - Setting next_dagrun for dataset_consumes_1_and_2 to None, run_after=None
[2024-07-15T10:42:00.980+0100] {logging_mixin.py:188} INFO - [2024-07-15T10:42:00.979+0100] {dag.py:3954} INFO - Setting next_dagrun for dataset_consumes_1_never_scheduled to None, run_after=None
[2024-07-15T10:42:00.991+0100] {logging_mixin.py:188} INFO - [2024-07-15T10:42:00.990+0100] {dag.py:3954} INFO - Setting next_dagrun for dataset_consumes_unknown_never_scheduled to None, run_after=None
[2024-07-15T10:42:01.009+0100] {logging_mixin.py:188} INFO - [2024-07-15T10:42:01.009+0100] {dag.py:3954} INFO - Setting next_dagrun for dataset_produces_1 to 2024-07-14 00:00:00+00:00, run_after=2024-07-15 00:00:00+00:00
[2024-07-15T10:42:01.026+0100] {logging_mixin.py:188} INFO - [2024-07-15T10:42:01.025+0100] {dag.py:3954} INFO - Setting next_dagrun for dataset_produces_2 to None, run_after=None
[2024-07-15T10:42:01.712+0100] {processor.py:183} INFO - Processing /home/victor/airflow_env/lib/python3.10/site-packages/airflow/example_dags/example_datasets.py took 1.621 seconds
[2024-07-15T10:44:34.697+0100] {processor.py:161} INFO - Started process (PID=32048) to work on /home/victor/airflow_env/lib/python3.10/site-packages/airflow/example_dags/example_datasets.py
[2024-07-15T10:44:34.701+0100] {processor.py:830} INFO - Processing file /home/victor/airflow_env/lib/python3.10/site-packages/airflow/example_dags/example_datasets.py for tasks to queue
[2024-07-15T10:44:34.709+0100] {logging_mixin.py:188} INFO - [2024-07-15T10:44:34.708+0100] {dagbag.py:545} INFO - Filling up the DagBag from /home/victor/airflow_env/lib/python3.10/site-packages/airflow/example_dags/example_datasets.py
[2024-07-15T10:44:34.769+0100] {processor.py:840} INFO - DAG(s) 'dataset_produces_2', 'consume_1_or_both_2_and_3_with_dataset_expressions', 'dataset_consumes_1', 'conditional_dataset_and_time_based_timetable', 'dataset_consumes_1_never_scheduled', 'consume_1_and_2_with_dataset_expressions', 'dataset_consumes_unknown_never_scheduled', 'dataset_consumes_1_and_2', 'dataset_produces_1', 'consume_1_or_2_with_dataset_expressions' retrieved from /home/victor/airflow_env/lib/python3.10/site-packages/airflow/example_dags/example_datasets.py
[2024-07-15T10:44:35.099+0100] {logging_mixin.py:188} INFO - [2024-07-15T10:44:35.098+0100] {dag.py:3096} INFO - Sync 10 DAGs
[2024-07-15T10:44:35.236+0100] {logging_mixin.py:188} INFO - [2024-07-15T10:44:35.235+0100] {dag.py:3954} INFO - Setting next_dagrun for conditional_dataset_and_time_based_timetable to 2024-07-10 01:00:00+00:00, run_after=2024-07-10 01:00:00+00:00
[2024-07-15T10:44:35.261+0100] {logging_mixin.py:188} INFO - [2024-07-15T10:44:35.261+0100] {dag.py:3954} INFO - Setting next_dagrun for consume_1_and_2_with_dataset_expressions to None, run_after=None
[2024-07-15T10:44:35.271+0100] {logging_mixin.py:188} INFO - [2024-07-15T10:44:35.270+0100] {dag.py:3954} INFO - Setting next_dagrun for consume_1_or_2_with_dataset_expressions to None, run_after=None
[2024-07-15T10:44:35.280+0100] {logging_mixin.py:188} INFO - [2024-07-15T10:44:35.279+0100] {dag.py:3954} INFO - Setting next_dagrun for consume_1_or_both_2_and_3_with_dataset_expressions to None, run_after=None
[2024-07-15T10:44:35.289+0100] {logging_mixin.py:188} INFO - [2024-07-15T10:44:35.288+0100] {dag.py:3954} INFO - Setting next_dagrun for dataset_consumes_1 to None, run_after=None
[2024-07-15T10:44:35.298+0100] {logging_mixin.py:188} INFO - [2024-07-15T10:44:35.297+0100] {dag.py:3954} INFO - Setting next_dagrun for dataset_consumes_1_and_2 to None, run_after=None
[2024-07-15T10:44:35.312+0100] {logging_mixin.py:188} INFO - [2024-07-15T10:44:35.312+0100] {dag.py:3954} INFO - Setting next_dagrun for dataset_consumes_1_never_scheduled to None, run_after=None
[2024-07-15T10:44:35.321+0100] {logging_mixin.py:188} INFO - [2024-07-15T10:44:35.321+0100] {dag.py:3954} INFO - Setting next_dagrun for dataset_consumes_unknown_never_scheduled to None, run_after=None
[2024-07-15T10:44:35.337+0100] {logging_mixin.py:188} INFO - [2024-07-15T10:44:35.336+0100] {dag.py:3954} INFO - Setting next_dagrun for dataset_produces_1 to 2024-07-14 00:00:00+00:00, run_after=2024-07-15 00:00:00+00:00
[2024-07-15T10:44:35.348+0100] {logging_mixin.py:188} INFO - [2024-07-15T10:44:35.347+0100] {dag.py:3954} INFO - Setting next_dagrun for dataset_produces_2 to None, run_after=None
[2024-07-15T10:44:35.736+0100] {processor.py:183} INFO - Processing /home/victor/airflow_env/lib/python3.10/site-packages/airflow/example_dags/example_datasets.py took 1.064 seconds
[2024-07-15T10:46:59.656+0100] {processor.py:161} INFO - Started process (PID=32796) to work on /home/victor/airflow_env/lib/python3.10/site-packages/airflow/example_dags/example_datasets.py
[2024-07-15T10:46:59.660+0100] {processor.py:830} INFO - Processing file /home/victor/airflow_env/lib/python3.10/site-packages/airflow/example_dags/example_datasets.py for tasks to queue
[2024-07-15T10:46:59.669+0100] {logging_mixin.py:188} INFO - [2024-07-15T10:46:59.667+0100] {dagbag.py:545} INFO - Filling up the DagBag from /home/victor/airflow_env/lib/python3.10/site-packages/airflow/example_dags/example_datasets.py
[2024-07-15T10:46:59.749+0100] {processor.py:840} INFO - DAG(s) 'consume_1_or_both_2_and_3_with_dataset_expressions', 'consume_1_or_2_with_dataset_expressions', 'dataset_consumes_1_and_2', 'dataset_consumes_1_never_scheduled', 'dataset_produces_1', 'consume_1_and_2_with_dataset_expressions', 'dataset_consumes_unknown_never_scheduled', 'dataset_consumes_1', 'dataset_produces_2', 'conditional_dataset_and_time_based_timetable' retrieved from /home/victor/airflow_env/lib/python3.10/site-packages/airflow/example_dags/example_datasets.py
[2024-07-15T10:47:00.120+0100] {logging_mixin.py:188} INFO - [2024-07-15T10:47:00.119+0100] {dag.py:3096} INFO - Sync 10 DAGs
[2024-07-15T10:47:00.281+0100] {logging_mixin.py:188} INFO - [2024-07-15T10:47:00.280+0100] {dag.py:3954} INFO - Setting next_dagrun for conditional_dataset_and_time_based_timetable to 2024-07-10 01:00:00+00:00, run_after=2024-07-10 01:00:00+00:00
[2024-07-15T10:47:00.304+0100] {logging_mixin.py:188} INFO - [2024-07-15T10:47:00.304+0100] {dag.py:3954} INFO - Setting next_dagrun for consume_1_and_2_with_dataset_expressions to None, run_after=None
[2024-07-15T10:47:00.320+0100] {logging_mixin.py:188} INFO - [2024-07-15T10:47:00.319+0100] {dag.py:3954} INFO - Setting next_dagrun for consume_1_or_2_with_dataset_expressions to None, run_after=None
[2024-07-15T10:47:00.333+0100] {logging_mixin.py:188} INFO - [2024-07-15T10:47:00.332+0100] {dag.py:3954} INFO - Setting next_dagrun for consume_1_or_both_2_and_3_with_dataset_expressions to None, run_after=None
[2024-07-15T10:47:00.343+0100] {logging_mixin.py:188} INFO - [2024-07-15T10:47:00.342+0100] {dag.py:3954} INFO - Setting next_dagrun for dataset_consumes_1 to None, run_after=None
[2024-07-15T10:47:00.356+0100] {logging_mixin.py:188} INFO - [2024-07-15T10:47:00.355+0100] {dag.py:3954} INFO - Setting next_dagrun for dataset_consumes_1_and_2 to None, run_after=None
[2024-07-15T10:47:00.367+0100] {logging_mixin.py:188} INFO - [2024-07-15T10:47:00.366+0100] {dag.py:3954} INFO - Setting next_dagrun for dataset_consumes_1_never_scheduled to None, run_after=None
[2024-07-15T10:47:00.377+0100] {logging_mixin.py:188} INFO - [2024-07-15T10:47:00.376+0100] {dag.py:3954} INFO - Setting next_dagrun for dataset_consumes_unknown_never_scheduled to None, run_after=None
[2024-07-15T10:47:00.397+0100] {logging_mixin.py:188} INFO - [2024-07-15T10:47:00.396+0100] {dag.py:3954} INFO - Setting next_dagrun for dataset_produces_1 to 2024-07-14 00:00:00+00:00, run_after=2024-07-15 00:00:00+00:00
[2024-07-15T10:47:00.406+0100] {logging_mixin.py:188} INFO - [2024-07-15T10:47:00.406+0100] {dag.py:3954} INFO - Setting next_dagrun for dataset_produces_2 to None, run_after=None
[2024-07-15T10:47:00.856+0100] {processor.py:183} INFO - Processing /home/victor/airflow_env/lib/python3.10/site-packages/airflow/example_dags/example_datasets.py took 1.242 seconds
[2024-07-15T10:49:55.291+0100] {processor.py:161} INFO - Started process (PID=33889) to work on /home/victor/airflow_env/lib/python3.10/site-packages/airflow/example_dags/example_datasets.py
[2024-07-15T10:49:55.297+0100] {processor.py:830} INFO - Processing file /home/victor/airflow_env/lib/python3.10/site-packages/airflow/example_dags/example_datasets.py for tasks to queue
[2024-07-15T10:49:55.310+0100] {logging_mixin.py:188} INFO - [2024-07-15T10:49:55.307+0100] {dagbag.py:545} INFO - Filling up the DagBag from /home/victor/airflow_env/lib/python3.10/site-packages/airflow/example_dags/example_datasets.py
[2024-07-15T10:49:55.458+0100] {processor.py:840} INFO - DAG(s) 'dataset_consumes_unknown_never_scheduled', 'consume_1_or_2_with_dataset_expressions', 'dataset_consumes_1_and_2', 'dataset_produces_1', 'dataset_produces_2', 'dataset_consumes_1_never_scheduled', 'conditional_dataset_and_time_based_timetable', 'consume_1_and_2_with_dataset_expressions', 'dataset_consumes_1', 'consume_1_or_both_2_and_3_with_dataset_expressions' retrieved from /home/victor/airflow_env/lib/python3.10/site-packages/airflow/example_dags/example_datasets.py
[2024-07-15T10:49:55.930+0100] {logging_mixin.py:188} INFO - [2024-07-15T10:49:55.929+0100] {dag.py:3096} INFO - Sync 10 DAGs
[2024-07-15T10:49:56.110+0100] {logging_mixin.py:188} INFO - [2024-07-15T10:49:56.109+0100] {dag.py:3954} INFO - Setting next_dagrun for conditional_dataset_and_time_based_timetable to 2024-07-10 01:00:00+00:00, run_after=2024-07-10 01:00:00+00:00
[2024-07-15T10:49:56.136+0100] {logging_mixin.py:188} INFO - [2024-07-15T10:49:56.134+0100] {dag.py:3954} INFO - Setting next_dagrun for consume_1_and_2_with_dataset_expressions to None, run_after=None
[2024-07-15T10:49:56.149+0100] {logging_mixin.py:188} INFO - [2024-07-15T10:49:56.148+0100] {dag.py:3954} INFO - Setting next_dagrun for consume_1_or_2_with_dataset_expressions to None, run_after=None
[2024-07-15T10:49:56.168+0100] {logging_mixin.py:188} INFO - [2024-07-15T10:49:56.166+0100] {dag.py:3954} INFO - Setting next_dagrun for consume_1_or_both_2_and_3_with_dataset_expressions to None, run_after=None
[2024-07-15T10:49:56.181+0100] {logging_mixin.py:188} INFO - [2024-07-15T10:49:56.180+0100] {dag.py:3954} INFO - Setting next_dagrun for dataset_consumes_1 to None, run_after=None
[2024-07-15T10:49:56.192+0100] {logging_mixin.py:188} INFO - [2024-07-15T10:49:56.191+0100] {dag.py:3954} INFO - Setting next_dagrun for dataset_consumes_1_and_2 to None, run_after=None
[2024-07-15T10:49:56.205+0100] {logging_mixin.py:188} INFO - [2024-07-15T10:49:56.204+0100] {dag.py:3954} INFO - Setting next_dagrun for dataset_consumes_1_never_scheduled to None, run_after=None
[2024-07-15T10:49:56.216+0100] {logging_mixin.py:188} INFO - [2024-07-15T10:49:56.215+0100] {dag.py:3954} INFO - Setting next_dagrun for dataset_consumes_unknown_never_scheduled to None, run_after=None
[2024-07-15T10:49:56.245+0100] {logging_mixin.py:188} INFO - [2024-07-15T10:49:56.244+0100] {dag.py:3954} INFO - Setting next_dagrun for dataset_produces_1 to 2024-07-14 00:00:00+00:00, run_after=2024-07-15 00:00:00+00:00
[2024-07-15T10:49:56.264+0100] {logging_mixin.py:188} INFO - [2024-07-15T10:49:56.262+0100] {dag.py:3954} INFO - Setting next_dagrun for dataset_produces_2 to None, run_after=None
[2024-07-15T10:49:57.092+0100] {processor.py:183} INFO - Processing /home/victor/airflow_env/lib/python3.10/site-packages/airflow/example_dags/example_datasets.py took 1.846 seconds
