[2024-07-15T09:48:04.222+0100] {processor.py:161} INFO - Started process (PID=10078) to work on /home/victor/airflow_env/lib/python3.10/site-packages/airflow/example_dags/example_setup_teardown_taskflow.py
[2024-07-15T09:48:04.227+0100] {processor.py:830} INFO - Processing file /home/victor/airflow_env/lib/python3.10/site-packages/airflow/example_dags/example_setup_teardown_taskflow.py for tasks to queue
[2024-07-15T09:48:04.236+0100] {logging_mixin.py:188} INFO - [2024-07-15T09:48:04.234+0100] {dagbag.py:545} INFO - Filling up the DagBag from /home/victor/airflow_env/lib/python3.10/site-packages/airflow/example_dags/example_setup_teardown_taskflow.py
[2024-07-15T09:48:04.312+0100] {processor.py:840} INFO - DAG(s) 'example_setup_teardown_taskflow' retrieved from /home/victor/airflow_env/lib/python3.10/site-packages/airflow/example_dags/example_setup_teardown_taskflow.py
[2024-07-15T09:48:04.463+0100] {logging_mixin.py:188} INFO - [2024-07-15T09:48:04.462+0100] {dag.py:3096} INFO - Sync 1 DAGs
[2024-07-15T09:48:04.593+0100] {logging_mixin.py:188} INFO - [2024-07-15T09:48:04.583+0100] {dag.py:3954} INFO - Setting next_dagrun for example_setup_teardown_taskflow to 2024-07-14 00:00:00+00:00, run_after=2024-07-15 00:00:00+00:00
[2024-07-15T09:48:05.138+0100] {processor.py:183} INFO - Processing /home/victor/airflow_env/lib/python3.10/site-packages/airflow/example_dags/example_setup_teardown_taskflow.py took 0.975 seconds
[2024-07-15T09:50:25.531+0100] {processor.py:161} INFO - Started process (PID=11192) to work on /home/victor/airflow_env/lib/python3.10/site-packages/airflow/example_dags/example_setup_teardown_taskflow.py
[2024-07-15T09:50:25.535+0100] {processor.py:830} INFO - Processing file /home/victor/airflow_env/lib/python3.10/site-packages/airflow/example_dags/example_setup_teardown_taskflow.py for tasks to queue
[2024-07-15T09:50:25.542+0100] {logging_mixin.py:188} INFO - [2024-07-15T09:50:25.541+0100] {dagbag.py:545} INFO - Filling up the DagBag from /home/victor/airflow_env/lib/python3.10/site-packages/airflow/example_dags/example_setup_teardown_taskflow.py
[2024-07-15T09:50:25.592+0100] {processor.py:840} INFO - DAG(s) 'example_setup_teardown_taskflow' retrieved from /home/victor/airflow_env/lib/python3.10/site-packages/airflow/example_dags/example_setup_teardown_taskflow.py
[2024-07-15T09:50:25.714+0100] {logging_mixin.py:188} INFO - [2024-07-15T09:50:25.713+0100] {dag.py:3096} INFO - Sync 1 DAGs
[2024-07-15T09:50:25.810+0100] {logging_mixin.py:188} INFO - [2024-07-15T09:50:25.809+0100] {dag.py:3954} INFO - Setting next_dagrun for example_setup_teardown_taskflow to 2024-07-14 00:00:00+00:00, run_after=2024-07-15 00:00:00+00:00
[2024-07-15T09:50:26.091+0100] {processor.py:183} INFO - Processing /home/victor/airflow_env/lib/python3.10/site-packages/airflow/example_dags/example_setup_teardown_taskflow.py took 0.584 seconds
[2024-07-15T09:51:46.091+0100] {processor.py:161} INFO - Started process (PID=11675) to work on /home/victor/airflow_env/lib/python3.10/site-packages/airflow/example_dags/example_setup_teardown_taskflow.py
[2024-07-15T09:51:46.095+0100] {processor.py:830} INFO - Processing file /home/victor/airflow_env/lib/python3.10/site-packages/airflow/example_dags/example_setup_teardown_taskflow.py for tasks to queue
[2024-07-15T09:51:46.102+0100] {logging_mixin.py:188} INFO - [2024-07-15T09:51:46.100+0100] {dagbag.py:545} INFO - Filling up the DagBag from /home/victor/airflow_env/lib/python3.10/site-packages/airflow/example_dags/example_setup_teardown_taskflow.py
[2024-07-15T09:51:46.143+0100] {processor.py:840} INFO - DAG(s) 'example_setup_teardown_taskflow' retrieved from /home/victor/airflow_env/lib/python3.10/site-packages/airflow/example_dags/example_setup_teardown_taskflow.py
[2024-07-15T09:51:46.242+0100] {logging_mixin.py:188} INFO - [2024-07-15T09:51:46.242+0100] {dag.py:3096} INFO - Sync 1 DAGs
[2024-07-15T09:51:46.356+0100] {logging_mixin.py:188} INFO - [2024-07-15T09:51:46.355+0100] {dag.py:3954} INFO - Setting next_dagrun for example_setup_teardown_taskflow to 2024-07-14 00:00:00+00:00, run_after=2024-07-15 00:00:00+00:00
[2024-07-15T09:51:46.996+0100] {processor.py:183} INFO - Processing /home/victor/airflow_env/lib/python3.10/site-packages/airflow/example_dags/example_setup_teardown_taskflow.py took 0.929 seconds
[2024-07-15T09:53:32.968+0100] {processor.py:161} INFO - Started process (PID=12306) to work on /home/victor/airflow_env/lib/python3.10/site-packages/airflow/example_dags/example_setup_teardown_taskflow.py
[2024-07-15T09:53:32.986+0100] {processor.py:830} INFO - Processing file /home/victor/airflow_env/lib/python3.10/site-packages/airflow/example_dags/example_setup_teardown_taskflow.py for tasks to queue
[2024-07-15T09:53:33.006+0100] {logging_mixin.py:188} INFO - [2024-07-15T09:53:33.004+0100] {dagbag.py:545} INFO - Filling up the DagBag from /home/victor/airflow_env/lib/python3.10/site-packages/airflow/example_dags/example_setup_teardown_taskflow.py
[2024-07-15T09:53:33.171+0100] {processor.py:840} INFO - DAG(s) 'example_setup_teardown_taskflow' retrieved from /home/victor/airflow_env/lib/python3.10/site-packages/airflow/example_dags/example_setup_teardown_taskflow.py
[2024-07-15T09:53:33.891+0100] {logging_mixin.py:188} INFO - [2024-07-15T09:53:33.890+0100] {dag.py:3096} INFO - Sync 1 DAGs
[2024-07-15T09:53:34.083+0100] {logging_mixin.py:188} INFO - [2024-07-15T09:53:34.083+0100] {dag.py:3954} INFO - Setting next_dagrun for example_setup_teardown_taskflow to 2024-07-14 00:00:00+00:00, run_after=2024-07-15 00:00:00+00:00
[2024-07-15T09:53:35.441+0100] {processor.py:183} INFO - Processing /home/victor/airflow_env/lib/python3.10/site-packages/airflow/example_dags/example_setup_teardown_taskflow.py took 2.532 seconds
[2024-07-15T09:55:33.271+0100] {processor.py:161} INFO - Started process (PID=13179) to work on /home/victor/airflow_env/lib/python3.10/site-packages/airflow/example_dags/example_setup_teardown_taskflow.py
[2024-07-15T09:55:33.284+0100] {processor.py:830} INFO - Processing file /home/victor/airflow_env/lib/python3.10/site-packages/airflow/example_dags/example_setup_teardown_taskflow.py for tasks to queue
[2024-07-15T09:55:33.300+0100] {logging_mixin.py:188} INFO - [2024-07-15T09:55:33.297+0100] {dagbag.py:545} INFO - Filling up the DagBag from /home/victor/airflow_env/lib/python3.10/site-packages/airflow/example_dags/example_setup_teardown_taskflow.py
[2024-07-15T09:55:33.448+0100] {processor.py:840} INFO - DAG(s) 'example_setup_teardown_taskflow' retrieved from /home/victor/airflow_env/lib/python3.10/site-packages/airflow/example_dags/example_setup_teardown_taskflow.py
[2024-07-15T09:55:33.719+0100] {logging_mixin.py:188} INFO - [2024-07-15T09:55:33.718+0100] {dag.py:3096} INFO - Sync 1 DAGs
[2024-07-15T09:55:33.981+0100] {logging_mixin.py:188} INFO - [2024-07-15T09:55:33.978+0100] {dag.py:3954} INFO - Setting next_dagrun for example_setup_teardown_taskflow to 2024-07-14 00:00:00+00:00, run_after=2024-07-15 00:00:00+00:00
[2024-07-15T09:55:35.059+0100] {processor.py:183} INFO - Processing /home/victor/airflow_env/lib/python3.10/site-packages/airflow/example_dags/example_setup_teardown_taskflow.py took 1.847 seconds
[2024-07-15T09:57:02.553+0100] {processor.py:161} INFO - Started process (PID=14022) to work on /home/victor/airflow_env/lib/python3.10/site-packages/airflow/example_dags/example_setup_teardown_taskflow.py
[2024-07-15T09:57:02.557+0100] {processor.py:830} INFO - Processing file /home/victor/airflow_env/lib/python3.10/site-packages/airflow/example_dags/example_setup_teardown_taskflow.py for tasks to queue
[2024-07-15T09:57:02.564+0100] {logging_mixin.py:188} INFO - [2024-07-15T09:57:02.562+0100] {dagbag.py:545} INFO - Filling up the DagBag from /home/victor/airflow_env/lib/python3.10/site-packages/airflow/example_dags/example_setup_teardown_taskflow.py
[2024-07-15T09:57:02.606+0100] {processor.py:840} INFO - DAG(s) 'example_setup_teardown_taskflow' retrieved from /home/victor/airflow_env/lib/python3.10/site-packages/airflow/example_dags/example_setup_teardown_taskflow.py
[2024-07-15T09:57:02.720+0100] {logging_mixin.py:188} INFO - [2024-07-15T09:57:02.719+0100] {dag.py:3096} INFO - Sync 1 DAGs
[2024-07-15T09:57:02.822+0100] {logging_mixin.py:188} INFO - [2024-07-15T09:57:02.821+0100] {dag.py:3954} INFO - Setting next_dagrun for example_setup_teardown_taskflow to 2024-07-14 00:00:00+00:00, run_after=2024-07-15 00:00:00+00:00
[2024-07-15T09:57:03.239+0100] {processor.py:183} INFO - Processing /home/victor/airflow_env/lib/python3.10/site-packages/airflow/example_dags/example_setup_teardown_taskflow.py took 0.711 seconds
[2024-07-15T09:58:42.665+0100] {processor.py:161} INFO - Started process (PID=14571) to work on /home/victor/airflow_env/lib/python3.10/site-packages/airflow/example_dags/example_setup_teardown_taskflow.py
[2024-07-15T09:58:42.671+0100] {processor.py:830} INFO - Processing file /home/victor/airflow_env/lib/python3.10/site-packages/airflow/example_dags/example_setup_teardown_taskflow.py for tasks to queue
[2024-07-15T09:58:42.687+0100] {logging_mixin.py:188} INFO - [2024-07-15T09:58:42.685+0100] {dagbag.py:545} INFO - Filling up the DagBag from /home/victor/airflow_env/lib/python3.10/site-packages/airflow/example_dags/example_setup_teardown_taskflow.py
[2024-07-15T09:58:42.778+0100] {processor.py:840} INFO - DAG(s) 'example_setup_teardown_taskflow' retrieved from /home/victor/airflow_env/lib/python3.10/site-packages/airflow/example_dags/example_setup_teardown_taskflow.py
[2024-07-15T09:58:42.940+0100] {logging_mixin.py:188} INFO - [2024-07-15T09:58:42.939+0100] {dag.py:3096} INFO - Sync 1 DAGs
[2024-07-15T09:58:43.094+0100] {logging_mixin.py:188} INFO - [2024-07-15T09:58:43.093+0100] {dag.py:3954} INFO - Setting next_dagrun for example_setup_teardown_taskflow to 2024-07-14 00:00:00+00:00, run_after=2024-07-15 00:00:00+00:00
[2024-07-15T09:58:43.490+0100] {processor.py:183} INFO - Processing /home/victor/airflow_env/lib/python3.10/site-packages/airflow/example_dags/example_setup_teardown_taskflow.py took 0.883 seconds
[2024-07-15T10:00:06.470+0100] {processor.py:161} INFO - Started process (PID=15067) to work on /home/victor/airflow_env/lib/python3.10/site-packages/airflow/example_dags/example_setup_teardown_taskflow.py
[2024-07-15T10:00:06.476+0100] {processor.py:830} INFO - Processing file /home/victor/airflow_env/lib/python3.10/site-packages/airflow/example_dags/example_setup_teardown_taskflow.py for tasks to queue
[2024-07-15T10:00:06.486+0100] {logging_mixin.py:188} INFO - [2024-07-15T10:00:06.484+0100] {dagbag.py:545} INFO - Filling up the DagBag from /home/victor/airflow_env/lib/python3.10/site-packages/airflow/example_dags/example_setup_teardown_taskflow.py
[2024-07-15T10:00:06.561+0100] {processor.py:840} INFO - DAG(s) 'example_setup_teardown_taskflow' retrieved from /home/victor/airflow_env/lib/python3.10/site-packages/airflow/example_dags/example_setup_teardown_taskflow.py
[2024-07-15T10:00:06.733+0100] {logging_mixin.py:188} INFO - [2024-07-15T10:00:06.731+0100] {dag.py:3096} INFO - Sync 1 DAGs
[2024-07-15T10:00:06.877+0100] {logging_mixin.py:188} INFO - [2024-07-15T10:00:06.876+0100] {dag.py:3954} INFO - Setting next_dagrun for example_setup_teardown_taskflow to 2024-07-14 00:00:00+00:00, run_after=2024-07-15 00:00:00+00:00
[2024-07-15T10:00:07.221+0100] {processor.py:183} INFO - Processing /home/victor/airflow_env/lib/python3.10/site-packages/airflow/example_dags/example_setup_teardown_taskflow.py took 0.780 seconds
[2024-07-15T10:01:28.828+0100] {processor.py:161} INFO - Started process (PID=15771) to work on /home/victor/airflow_env/lib/python3.10/site-packages/airflow/example_dags/example_setup_teardown_taskflow.py
[2024-07-15T10:01:28.834+0100] {processor.py:830} INFO - Processing file /home/victor/airflow_env/lib/python3.10/site-packages/airflow/example_dags/example_setup_teardown_taskflow.py for tasks to queue
[2024-07-15T10:01:28.853+0100] {logging_mixin.py:188} INFO - [2024-07-15T10:01:28.850+0100] {dagbag.py:545} INFO - Filling up the DagBag from /home/victor/airflow_env/lib/python3.10/site-packages/airflow/example_dags/example_setup_teardown_taskflow.py
[2024-07-15T10:01:28.975+0100] {processor.py:840} INFO - DAG(s) 'example_setup_teardown_taskflow' retrieved from /home/victor/airflow_env/lib/python3.10/site-packages/airflow/example_dags/example_setup_teardown_taskflow.py
[2024-07-15T10:01:29.204+0100] {logging_mixin.py:188} INFO - [2024-07-15T10:01:29.202+0100] {dag.py:3096} INFO - Sync 1 DAGs
[2024-07-15T10:01:29.383+0100] {logging_mixin.py:188} INFO - [2024-07-15T10:01:29.382+0100] {dag.py:3954} INFO - Setting next_dagrun for example_setup_teardown_taskflow to 2024-07-14 00:00:00+00:00, run_after=2024-07-15 00:00:00+00:00
[2024-07-15T10:01:29.736+0100] {processor.py:183} INFO - Processing /home/victor/airflow_env/lib/python3.10/site-packages/airflow/example_dags/example_setup_teardown_taskflow.py took 0.969 seconds
[2024-07-15T10:02:53.070+0100] {processor.py:161} INFO - Started process (PID=16513) to work on /home/victor/airflow_env/lib/python3.10/site-packages/airflow/example_dags/example_setup_teardown_taskflow.py
[2024-07-15T10:02:53.073+0100] {processor.py:830} INFO - Processing file /home/victor/airflow_env/lib/python3.10/site-packages/airflow/example_dags/example_setup_teardown_taskflow.py for tasks to queue
[2024-07-15T10:02:53.080+0100] {logging_mixin.py:188} INFO - [2024-07-15T10:02:53.079+0100] {dagbag.py:545} INFO - Filling up the DagBag from /home/victor/airflow_env/lib/python3.10/site-packages/airflow/example_dags/example_setup_teardown_taskflow.py
[2024-07-15T10:02:53.128+0100] {processor.py:840} INFO - DAG(s) 'example_setup_teardown_taskflow' retrieved from /home/victor/airflow_env/lib/python3.10/site-packages/airflow/example_dags/example_setup_teardown_taskflow.py
[2024-07-15T10:02:53.245+0100] {logging_mixin.py:188} INFO - [2024-07-15T10:02:53.244+0100] {dag.py:3096} INFO - Sync 1 DAGs
[2024-07-15T10:02:53.363+0100] {logging_mixin.py:188} INFO - [2024-07-15T10:02:53.362+0100] {dag.py:3954} INFO - Setting next_dagrun for example_setup_teardown_taskflow to 2024-07-14 00:00:00+00:00, run_after=2024-07-15 00:00:00+00:00
[2024-07-15T10:02:54.000+0100] {processor.py:183} INFO - Processing /home/victor/airflow_env/lib/python3.10/site-packages/airflow/example_dags/example_setup_teardown_taskflow.py took 0.956 seconds
[2024-07-15T10:04:07.547+0100] {processor.py:161} INFO - Started process (PID=17022) to work on /home/victor/airflow_env/lib/python3.10/site-packages/airflow/example_dags/example_setup_teardown_taskflow.py
[2024-07-15T10:04:07.551+0100] {processor.py:830} INFO - Processing file /home/victor/airflow_env/lib/python3.10/site-packages/airflow/example_dags/example_setup_teardown_taskflow.py for tasks to queue
[2024-07-15T10:04:07.558+0100] {logging_mixin.py:188} INFO - [2024-07-15T10:04:07.556+0100] {dagbag.py:545} INFO - Filling up the DagBag from /home/victor/airflow_env/lib/python3.10/site-packages/airflow/example_dags/example_setup_teardown_taskflow.py
[2024-07-15T10:04:07.602+0100] {processor.py:840} INFO - DAG(s) 'example_setup_teardown_taskflow' retrieved from /home/victor/airflow_env/lib/python3.10/site-packages/airflow/example_dags/example_setup_teardown_taskflow.py
[2024-07-15T10:04:07.707+0100] {logging_mixin.py:188} INFO - [2024-07-15T10:04:07.706+0100] {dag.py:3096} INFO - Sync 1 DAGs
[2024-07-15T10:04:07.821+0100] {logging_mixin.py:188} INFO - [2024-07-15T10:04:07.819+0100] {dag.py:3954} INFO - Setting next_dagrun for example_setup_teardown_taskflow to 2024-07-14 00:00:00+00:00, run_after=2024-07-15 00:00:00+00:00
[2024-07-15T10:04:08.098+0100] {processor.py:183} INFO - Processing /home/victor/airflow_env/lib/python3.10/site-packages/airflow/example_dags/example_setup_teardown_taskflow.py took 0.577 seconds
[2024-07-15T10:05:19.154+0100] {processor.py:161} INFO - Started process (PID=17394) to work on /home/victor/airflow_env/lib/python3.10/site-packages/airflow/example_dags/example_setup_teardown_taskflow.py
[2024-07-15T10:05:19.158+0100] {processor.py:830} INFO - Processing file /home/victor/airflow_env/lib/python3.10/site-packages/airflow/example_dags/example_setup_teardown_taskflow.py for tasks to queue
[2024-07-15T10:05:19.165+0100] {logging_mixin.py:188} INFO - [2024-07-15T10:05:19.164+0100] {dagbag.py:545} INFO - Filling up the DagBag from /home/victor/airflow_env/lib/python3.10/site-packages/airflow/example_dags/example_setup_teardown_taskflow.py
[2024-07-15T10:05:19.216+0100] {processor.py:840} INFO - DAG(s) 'example_setup_teardown_taskflow' retrieved from /home/victor/airflow_env/lib/python3.10/site-packages/airflow/example_dags/example_setup_teardown_taskflow.py
[2024-07-15T10:05:19.321+0100] {logging_mixin.py:188} INFO - [2024-07-15T10:05:19.320+0100] {dag.py:3096} INFO - Sync 1 DAGs
[2024-07-15T10:05:19.439+0100] {logging_mixin.py:188} INFO - [2024-07-15T10:05:19.438+0100] {dag.py:3954} INFO - Setting next_dagrun for example_setup_teardown_taskflow to 2024-07-14 00:00:00+00:00, run_after=2024-07-15 00:00:00+00:00
[2024-07-15T10:05:19.715+0100] {processor.py:183} INFO - Processing /home/victor/airflow_env/lib/python3.10/site-packages/airflow/example_dags/example_setup_teardown_taskflow.py took 0.587 seconds
[2024-07-15T10:06:49.849+0100] {processor.py:161} INFO - Started process (PID=18023) to work on /home/victor/airflow_env/lib/python3.10/site-packages/airflow/example_dags/example_setup_teardown_taskflow.py
[2024-07-15T10:06:49.853+0100] {processor.py:830} INFO - Processing file /home/victor/airflow_env/lib/python3.10/site-packages/airflow/example_dags/example_setup_teardown_taskflow.py for tasks to queue
[2024-07-15T10:06:49.861+0100] {logging_mixin.py:188} INFO - [2024-07-15T10:06:49.859+0100] {dagbag.py:545} INFO - Filling up the DagBag from /home/victor/airflow_env/lib/python3.10/site-packages/airflow/example_dags/example_setup_teardown_taskflow.py
[2024-07-15T10:06:49.916+0100] {processor.py:840} INFO - DAG(s) 'example_setup_teardown_taskflow' retrieved from /home/victor/airflow_env/lib/python3.10/site-packages/airflow/example_dags/example_setup_teardown_taskflow.py
[2024-07-15T10:06:50.017+0100] {logging_mixin.py:188} INFO - [2024-07-15T10:06:50.016+0100] {dag.py:3096} INFO - Sync 1 DAGs
[2024-07-15T10:06:50.131+0100] {logging_mixin.py:188} INFO - [2024-07-15T10:06:50.130+0100] {dag.py:3954} INFO - Setting next_dagrun for example_setup_teardown_taskflow to 2024-07-14 00:00:00+00:00, run_after=2024-07-15 00:00:00+00:00
[2024-07-15T10:06:50.394+0100] {processor.py:183} INFO - Processing /home/victor/airflow_env/lib/python3.10/site-packages/airflow/example_dags/example_setup_teardown_taskflow.py took 0.573 seconds
[2024-07-15T10:08:24.394+0100] {processor.py:161} INFO - Started process (PID=18688) to work on /home/victor/airflow_env/lib/python3.10/site-packages/airflow/example_dags/example_setup_teardown_taskflow.py
[2024-07-15T10:08:24.398+0100] {processor.py:830} INFO - Processing file /home/victor/airflow_env/lib/python3.10/site-packages/airflow/example_dags/example_setup_teardown_taskflow.py for tasks to queue
[2024-07-15T10:08:24.406+0100] {logging_mixin.py:188} INFO - [2024-07-15T10:08:24.404+0100] {dagbag.py:545} INFO - Filling up the DagBag from /home/victor/airflow_env/lib/python3.10/site-packages/airflow/example_dags/example_setup_teardown_taskflow.py
[2024-07-15T10:08:24.454+0100] {processor.py:840} INFO - DAG(s) 'example_setup_teardown_taskflow' retrieved from /home/victor/airflow_env/lib/python3.10/site-packages/airflow/example_dags/example_setup_teardown_taskflow.py
[2024-07-15T10:08:24.566+0100] {logging_mixin.py:188} INFO - [2024-07-15T10:08:24.565+0100] {dag.py:3096} INFO - Sync 1 DAGs
[2024-07-15T10:08:24.703+0100] {logging_mixin.py:188} INFO - [2024-07-15T10:08:24.702+0100] {dag.py:3954} INFO - Setting next_dagrun for example_setup_teardown_taskflow to 2024-07-14 00:00:00+00:00, run_after=2024-07-15 00:00:00+00:00
[2024-07-15T10:08:24.971+0100] {processor.py:183} INFO - Processing /home/victor/airflow_env/lib/python3.10/site-packages/airflow/example_dags/example_setup_teardown_taskflow.py took 0.607 seconds
[2024-07-15T10:09:50.678+0100] {processor.py:161} INFO - Started process (PID=19284) to work on /home/victor/airflow_env/lib/python3.10/site-packages/airflow/example_dags/example_setup_teardown_taskflow.py
[2024-07-15T10:09:50.692+0100] {processor.py:830} INFO - Processing file /home/victor/airflow_env/lib/python3.10/site-packages/airflow/example_dags/example_setup_teardown_taskflow.py for tasks to queue
[2024-07-15T10:09:50.706+0100] {logging_mixin.py:188} INFO - [2024-07-15T10:09:50.702+0100] {dagbag.py:545} INFO - Filling up the DagBag from /home/victor/airflow_env/lib/python3.10/site-packages/airflow/example_dags/example_setup_teardown_taskflow.py
[2024-07-15T10:09:50.858+0100] {processor.py:840} INFO - DAG(s) 'example_setup_teardown_taskflow' retrieved from /home/victor/airflow_env/lib/python3.10/site-packages/airflow/example_dags/example_setup_teardown_taskflow.py
[2024-07-15T10:09:51.072+0100] {logging_mixin.py:188} INFO - [2024-07-15T10:09:51.070+0100] {dag.py:3096} INFO - Sync 1 DAGs
[2024-07-15T10:09:51.292+0100] {logging_mixin.py:188} INFO - [2024-07-15T10:09:51.291+0100] {dag.py:3954} INFO - Setting next_dagrun for example_setup_teardown_taskflow to 2024-07-14 00:00:00+00:00, run_after=2024-07-15 00:00:00+00:00
[2024-07-15T10:09:52.678+0100] {processor.py:183} INFO - Processing /home/victor/airflow_env/lib/python3.10/site-packages/airflow/example_dags/example_setup_teardown_taskflow.py took 2.060 seconds
[2024-07-15T10:11:23.353+0100] {processor.py:161} INFO - Started process (PID=19802) to work on /home/victor/airflow_env/lib/python3.10/site-packages/airflow/example_dags/example_setup_teardown_taskflow.py
[2024-07-15T10:11:23.357+0100] {processor.py:830} INFO - Processing file /home/victor/airflow_env/lib/python3.10/site-packages/airflow/example_dags/example_setup_teardown_taskflow.py for tasks to queue
[2024-07-15T10:11:23.365+0100] {logging_mixin.py:188} INFO - [2024-07-15T10:11:23.363+0100] {dagbag.py:545} INFO - Filling up the DagBag from /home/victor/airflow_env/lib/python3.10/site-packages/airflow/example_dags/example_setup_teardown_taskflow.py
[2024-07-15T10:11:23.425+0100] {processor.py:840} INFO - DAG(s) 'example_setup_teardown_taskflow' retrieved from /home/victor/airflow_env/lib/python3.10/site-packages/airflow/example_dags/example_setup_teardown_taskflow.py
[2024-07-15T10:11:23.565+0100] {logging_mixin.py:188} INFO - [2024-07-15T10:11:23.564+0100] {dag.py:3096} INFO - Sync 1 DAGs
[2024-07-15T10:11:23.720+0100] {logging_mixin.py:188} INFO - [2024-07-15T10:11:23.718+0100] {dag.py:3954} INFO - Setting next_dagrun for example_setup_teardown_taskflow to 2024-07-14 00:00:00+00:00, run_after=2024-07-15 00:00:00+00:00
[2024-07-15T10:11:24.113+0100] {processor.py:183} INFO - Processing /home/victor/airflow_env/lib/python3.10/site-packages/airflow/example_dags/example_setup_teardown_taskflow.py took 0.788 seconds
[2024-07-15T10:12:48.139+0100] {processor.py:161} INFO - Started process (PID=20270) to work on /home/victor/airflow_env/lib/python3.10/site-packages/airflow/example_dags/example_setup_teardown_taskflow.py
[2024-07-15T10:12:48.143+0100] {processor.py:830} INFO - Processing file /home/victor/airflow_env/lib/python3.10/site-packages/airflow/example_dags/example_setup_teardown_taskflow.py for tasks to queue
[2024-07-15T10:12:48.151+0100] {logging_mixin.py:188} INFO - [2024-07-15T10:12:48.149+0100] {dagbag.py:545} INFO - Filling up the DagBag from /home/victor/airflow_env/lib/python3.10/site-packages/airflow/example_dags/example_setup_teardown_taskflow.py
[2024-07-15T10:12:48.200+0100] {processor.py:840} INFO - DAG(s) 'example_setup_teardown_taskflow' retrieved from /home/victor/airflow_env/lib/python3.10/site-packages/airflow/example_dags/example_setup_teardown_taskflow.py
[2024-07-15T10:12:48.338+0100] {logging_mixin.py:188} INFO - [2024-07-15T10:12:48.337+0100] {dag.py:3096} INFO - Sync 1 DAGs
[2024-07-15T10:12:48.465+0100] {logging_mixin.py:188} INFO - [2024-07-15T10:12:48.464+0100] {dag.py:3954} INFO - Setting next_dagrun for example_setup_teardown_taskflow to 2024-07-14 00:00:00+00:00, run_after=2024-07-15 00:00:00+00:00
[2024-07-15T10:12:48.732+0100] {processor.py:183} INFO - Processing /home/victor/airflow_env/lib/python3.10/site-packages/airflow/example_dags/example_setup_teardown_taskflow.py took 0.621 seconds
[2024-07-15T10:14:10.448+0100] {processor.py:161} INFO - Started process (PID=20704) to work on /home/victor/airflow_env/lib/python3.10/site-packages/airflow/example_dags/example_setup_teardown_taskflow.py
[2024-07-15T10:14:10.452+0100] {processor.py:830} INFO - Processing file /home/victor/airflow_env/lib/python3.10/site-packages/airflow/example_dags/example_setup_teardown_taskflow.py for tasks to queue
[2024-07-15T10:14:10.465+0100] {logging_mixin.py:188} INFO - [2024-07-15T10:14:10.462+0100] {dagbag.py:545} INFO - Filling up the DagBag from /home/victor/airflow_env/lib/python3.10/site-packages/airflow/example_dags/example_setup_teardown_taskflow.py
[2024-07-15T10:14:10.531+0100] {processor.py:840} INFO - DAG(s) 'example_setup_teardown_taskflow' retrieved from /home/victor/airflow_env/lib/python3.10/site-packages/airflow/example_dags/example_setup_teardown_taskflow.py
[2024-07-15T10:14:10.645+0100] {logging_mixin.py:188} INFO - [2024-07-15T10:14:10.644+0100] {dag.py:3096} INFO - Sync 1 DAGs
[2024-07-15T10:14:10.784+0100] {logging_mixin.py:188} INFO - [2024-07-15T10:14:10.783+0100] {dag.py:3954} INFO - Setting next_dagrun for example_setup_teardown_taskflow to 2024-07-14 00:00:00+00:00, run_after=2024-07-15 00:00:00+00:00
[2024-07-15T10:14:11.305+0100] {processor.py:183} INFO - Processing /home/victor/airflow_env/lib/python3.10/site-packages/airflow/example_dags/example_setup_teardown_taskflow.py took 0.893 seconds
[2024-07-15T10:15:43.145+0100] {processor.py:161} INFO - Started process (PID=21208) to work on /home/victor/airflow_env/lib/python3.10/site-packages/airflow/example_dags/example_setup_teardown_taskflow.py
[2024-07-15T10:15:43.158+0100] {processor.py:830} INFO - Processing file /home/victor/airflow_env/lib/python3.10/site-packages/airflow/example_dags/example_setup_teardown_taskflow.py for tasks to queue
[2024-07-15T10:15:43.174+0100] {logging_mixin.py:188} INFO - [2024-07-15T10:15:43.171+0100] {dagbag.py:545} INFO - Filling up the DagBag from /home/victor/airflow_env/lib/python3.10/site-packages/airflow/example_dags/example_setup_teardown_taskflow.py
[2024-07-15T10:15:43.274+0100] {processor.py:840} INFO - DAG(s) 'example_setup_teardown_taskflow' retrieved from /home/victor/airflow_env/lib/python3.10/site-packages/airflow/example_dags/example_setup_teardown_taskflow.py
[2024-07-15T10:15:43.588+0100] {logging_mixin.py:188} INFO - [2024-07-15T10:15:43.587+0100] {dag.py:3096} INFO - Sync 1 DAGs
[2024-07-15T10:15:43.741+0100] {logging_mixin.py:188} INFO - [2024-07-15T10:15:43.740+0100] {dag.py:3954} INFO - Setting next_dagrun for example_setup_teardown_taskflow to 2024-07-14 00:00:00+00:00, run_after=2024-07-15 00:00:00+00:00
[2024-07-15T10:15:44.065+0100] {processor.py:183} INFO - Processing /home/victor/airflow_env/lib/python3.10/site-packages/airflow/example_dags/example_setup_teardown_taskflow.py took 0.969 seconds
[2024-07-15T10:17:14.076+0100] {processor.py:161} INFO - Started process (PID=21814) to work on /home/victor/airflow_env/lib/python3.10/site-packages/airflow/example_dags/example_setup_teardown_taskflow.py
[2024-07-15T10:17:14.081+0100] {processor.py:830} INFO - Processing file /home/victor/airflow_env/lib/python3.10/site-packages/airflow/example_dags/example_setup_teardown_taskflow.py for tasks to queue
[2024-07-15T10:17:14.090+0100] {logging_mixin.py:188} INFO - [2024-07-15T10:17:14.088+0100] {dagbag.py:545} INFO - Filling up the DagBag from /home/victor/airflow_env/lib/python3.10/site-packages/airflow/example_dags/example_setup_teardown_taskflow.py
[2024-07-15T10:17:14.146+0100] {processor.py:840} INFO - DAG(s) 'example_setup_teardown_taskflow' retrieved from /home/victor/airflow_env/lib/python3.10/site-packages/airflow/example_dags/example_setup_teardown_taskflow.py
[2024-07-15T10:17:14.286+0100] {logging_mixin.py:188} INFO - [2024-07-15T10:17:14.284+0100] {dag.py:3096} INFO - Sync 1 DAGs
[2024-07-15T10:17:14.415+0100] {logging_mixin.py:188} INFO - [2024-07-15T10:17:14.414+0100] {dag.py:3954} INFO - Setting next_dagrun for example_setup_teardown_taskflow to 2024-07-14 00:00:00+00:00, run_after=2024-07-15 00:00:00+00:00
[2024-07-15T10:17:14.905+0100] {processor.py:183} INFO - Processing /home/victor/airflow_env/lib/python3.10/site-packages/airflow/example_dags/example_setup_teardown_taskflow.py took 0.863 seconds
[2024-07-15T10:18:32.993+0100] {processor.py:161} INFO - Started process (PID=22326) to work on /home/victor/airflow_env/lib/python3.10/site-packages/airflow/example_dags/example_setup_teardown_taskflow.py
[2024-07-15T10:18:33.001+0100] {processor.py:830} INFO - Processing file /home/victor/airflow_env/lib/python3.10/site-packages/airflow/example_dags/example_setup_teardown_taskflow.py for tasks to queue
[2024-07-15T10:18:33.015+0100] {logging_mixin.py:188} INFO - [2024-07-15T10:18:33.011+0100] {dagbag.py:545} INFO - Filling up the DagBag from /home/victor/airflow_env/lib/python3.10/site-packages/airflow/example_dags/example_setup_teardown_taskflow.py
[2024-07-15T10:18:33.105+0100] {processor.py:840} INFO - DAG(s) 'example_setup_teardown_taskflow' retrieved from /home/victor/airflow_env/lib/python3.10/site-packages/airflow/example_dags/example_setup_teardown_taskflow.py
[2024-07-15T10:18:33.341+0100] {logging_mixin.py:188} INFO - [2024-07-15T10:18:33.340+0100] {dag.py:3096} INFO - Sync 1 DAGs
[2024-07-15T10:18:33.705+0100] {logging_mixin.py:188} INFO - [2024-07-15T10:18:33.704+0100] {dag.py:3954} INFO - Setting next_dagrun for example_setup_teardown_taskflow to 2024-07-14 00:00:00+00:00, run_after=2024-07-15 00:00:00+00:00
[2024-07-15T10:18:34.191+0100] {processor.py:183} INFO - Processing /home/victor/airflow_env/lib/python3.10/site-packages/airflow/example_dags/example_setup_teardown_taskflow.py took 1.245 seconds
[2024-07-15T10:20:12.994+0100] {processor.py:161} INFO - Started process (PID=23065) to work on /home/victor/airflow_env/lib/python3.10/site-packages/airflow/example_dags/example_setup_teardown_taskflow.py
[2024-07-15T10:20:13.002+0100] {processor.py:830} INFO - Processing file /home/victor/airflow_env/lib/python3.10/site-packages/airflow/example_dags/example_setup_teardown_taskflow.py for tasks to queue
[2024-07-15T10:20:13.026+0100] {logging_mixin.py:188} INFO - [2024-07-15T10:20:13.023+0100] {dagbag.py:545} INFO - Filling up the DagBag from /home/victor/airflow_env/lib/python3.10/site-packages/airflow/example_dags/example_setup_teardown_taskflow.py
[2024-07-15T10:20:13.217+0100] {processor.py:840} INFO - DAG(s) 'example_setup_teardown_taskflow' retrieved from /home/victor/airflow_env/lib/python3.10/site-packages/airflow/example_dags/example_setup_teardown_taskflow.py
[2024-07-15T10:20:13.527+0100] {logging_mixin.py:188} INFO - [2024-07-15T10:20:13.526+0100] {dag.py:3096} INFO - Sync 1 DAGs
[2024-07-15T10:20:13.874+0100] {logging_mixin.py:188} INFO - [2024-07-15T10:20:13.867+0100] {dag.py:3954} INFO - Setting next_dagrun for example_setup_teardown_taskflow to 2024-07-14 00:00:00+00:00, run_after=2024-07-15 00:00:00+00:00
[2024-07-15T10:20:14.457+0100] {processor.py:183} INFO - Processing /home/victor/airflow_env/lib/python3.10/site-packages/airflow/example_dags/example_setup_teardown_taskflow.py took 1.577 seconds
[2024-07-15T10:22:05.843+0100] {processor.py:161} INFO - Started process (PID=23885) to work on /home/victor/airflow_env/lib/python3.10/site-packages/airflow/example_dags/example_setup_teardown_taskflow.py
[2024-07-15T10:22:05.848+0100] {processor.py:830} INFO - Processing file /home/victor/airflow_env/lib/python3.10/site-packages/airflow/example_dags/example_setup_teardown_taskflow.py for tasks to queue
[2024-07-15T10:22:05.856+0100] {logging_mixin.py:188} INFO - [2024-07-15T10:22:05.854+0100] {dagbag.py:545} INFO - Filling up the DagBag from /home/victor/airflow_env/lib/python3.10/site-packages/airflow/example_dags/example_setup_teardown_taskflow.py
[2024-07-15T10:22:05.917+0100] {processor.py:840} INFO - DAG(s) 'example_setup_teardown_taskflow' retrieved from /home/victor/airflow_env/lib/python3.10/site-packages/airflow/example_dags/example_setup_teardown_taskflow.py
[2024-07-15T10:22:06.104+0100] {logging_mixin.py:188} INFO - [2024-07-15T10:22:06.103+0100] {dag.py:3096} INFO - Sync 1 DAGs
[2024-07-15T10:22:06.246+0100] {logging_mixin.py:188} INFO - [2024-07-15T10:22:06.245+0100] {dag.py:3954} INFO - Setting next_dagrun for example_setup_teardown_taskflow to 2024-07-14 00:00:00+00:00, run_after=2024-07-15 00:00:00+00:00
[2024-07-15T10:22:06.651+0100] {processor.py:183} INFO - Processing /home/victor/airflow_env/lib/python3.10/site-packages/airflow/example_dags/example_setup_teardown_taskflow.py took 0.848 seconds
[2024-07-15T10:24:20.804+0100] {processor.py:161} INFO - Started process (PID=25070) to work on /home/victor/airflow_env/lib/python3.10/site-packages/airflow/example_dags/example_setup_teardown_taskflow.py
[2024-07-15T10:24:20.811+0100] {processor.py:830} INFO - Processing file /home/victor/airflow_env/lib/python3.10/site-packages/airflow/example_dags/example_setup_teardown_taskflow.py for tasks to queue
[2024-07-15T10:24:20.820+0100] {logging_mixin.py:188} INFO - [2024-07-15T10:24:20.818+0100] {dagbag.py:545} INFO - Filling up the DagBag from /home/victor/airflow_env/lib/python3.10/site-packages/airflow/example_dags/example_setup_teardown_taskflow.py
[2024-07-15T10:24:20.889+0100] {processor.py:840} INFO - DAG(s) 'example_setup_teardown_taskflow' retrieved from /home/victor/airflow_env/lib/python3.10/site-packages/airflow/example_dags/example_setup_teardown_taskflow.py
[2024-07-15T10:24:21.031+0100] {logging_mixin.py:188} INFO - [2024-07-15T10:24:21.030+0100] {dag.py:3096} INFO - Sync 1 DAGs
[2024-07-15T10:24:21.162+0100] {logging_mixin.py:188} INFO - [2024-07-15T10:24:21.161+0100] {dag.py:3954} INFO - Setting next_dagrun for example_setup_teardown_taskflow to 2024-07-14 00:00:00+00:00, run_after=2024-07-15 00:00:00+00:00
[2024-07-15T10:24:21.769+0100] {processor.py:183} INFO - Processing /home/victor/airflow_env/lib/python3.10/site-packages/airflow/example_dags/example_setup_teardown_taskflow.py took 0.999 seconds
[2024-07-15T10:26:02.625+0100] {processor.py:161} INFO - Started process (PID=25653) to work on /home/victor/airflow_env/lib/python3.10/site-packages/airflow/example_dags/example_setup_teardown_taskflow.py
[2024-07-15T10:26:02.631+0100] {processor.py:830} INFO - Processing file /home/victor/airflow_env/lib/python3.10/site-packages/airflow/example_dags/example_setup_teardown_taskflow.py for tasks to queue
[2024-07-15T10:26:02.639+0100] {logging_mixin.py:188} INFO - [2024-07-15T10:26:02.637+0100] {dagbag.py:545} INFO - Filling up the DagBag from /home/victor/airflow_env/lib/python3.10/site-packages/airflow/example_dags/example_setup_teardown_taskflow.py
[2024-07-15T10:26:02.705+0100] {processor.py:840} INFO - DAG(s) 'example_setup_teardown_taskflow' retrieved from /home/victor/airflow_env/lib/python3.10/site-packages/airflow/example_dags/example_setup_teardown_taskflow.py
[2024-07-15T10:26:02.854+0100] {logging_mixin.py:188} INFO - [2024-07-15T10:26:02.852+0100] {dag.py:3096} INFO - Sync 1 DAGs
[2024-07-15T10:26:03.030+0100] {logging_mixin.py:188} INFO - [2024-07-15T10:26:03.029+0100] {dag.py:3954} INFO - Setting next_dagrun for example_setup_teardown_taskflow to 2024-07-14 00:00:00+00:00, run_after=2024-07-15 00:00:00+00:00
[2024-07-15T10:26:03.483+0100] {processor.py:183} INFO - Processing /home/victor/airflow_env/lib/python3.10/site-packages/airflow/example_dags/example_setup_teardown_taskflow.py took 0.922 seconds
[2024-07-15T10:27:53.163+0100] {processor.py:161} INFO - Started process (PID=26452) to work on /home/victor/airflow_env/lib/python3.10/site-packages/airflow/example_dags/example_setup_teardown_taskflow.py
[2024-07-15T10:27:53.167+0100] {processor.py:830} INFO - Processing file /home/victor/airflow_env/lib/python3.10/site-packages/airflow/example_dags/example_setup_teardown_taskflow.py for tasks to queue
[2024-07-15T10:27:53.194+0100] {logging_mixin.py:188} INFO - [2024-07-15T10:27:53.186+0100] {dagbag.py:545} INFO - Filling up the DagBag from /home/victor/airflow_env/lib/python3.10/site-packages/airflow/example_dags/example_setup_teardown_taskflow.py
[2024-07-15T10:27:53.246+0100] {processor.py:840} INFO - DAG(s) 'example_setup_teardown_taskflow' retrieved from /home/victor/airflow_env/lib/python3.10/site-packages/airflow/example_dags/example_setup_teardown_taskflow.py
[2024-07-15T10:27:53.361+0100] {logging_mixin.py:188} INFO - [2024-07-15T10:27:53.360+0100] {dag.py:3096} INFO - Sync 1 DAGs
[2024-07-15T10:27:53.526+0100] {logging_mixin.py:188} INFO - [2024-07-15T10:27:53.525+0100] {dag.py:3954} INFO - Setting next_dagrun for example_setup_teardown_taskflow to 2024-07-14 00:00:00+00:00, run_after=2024-07-15 00:00:00+00:00
[2024-07-15T10:27:54.057+0100] {processor.py:183} INFO - Processing /home/victor/airflow_env/lib/python3.10/site-packages/airflow/example_dags/example_setup_teardown_taskflow.py took 0.921 seconds
[2024-07-15T10:29:18.828+0100] {processor.py:161} INFO - Started process (PID=26904) to work on /home/victor/airflow_env/lib/python3.10/site-packages/airflow/example_dags/example_setup_teardown_taskflow.py
[2024-07-15T10:29:18.832+0100] {processor.py:830} INFO - Processing file /home/victor/airflow_env/lib/python3.10/site-packages/airflow/example_dags/example_setup_teardown_taskflow.py for tasks to queue
[2024-07-15T10:29:18.841+0100] {logging_mixin.py:188} INFO - [2024-07-15T10:29:18.839+0100] {dagbag.py:545} INFO - Filling up the DagBag from /home/victor/airflow_env/lib/python3.10/site-packages/airflow/example_dags/example_setup_teardown_taskflow.py
[2024-07-15T10:29:18.891+0100] {processor.py:840} INFO - DAG(s) 'example_setup_teardown_taskflow' retrieved from /home/victor/airflow_env/lib/python3.10/site-packages/airflow/example_dags/example_setup_teardown_taskflow.py
[2024-07-15T10:29:19.014+0100] {logging_mixin.py:188} INFO - [2024-07-15T10:29:19.013+0100] {dag.py:3096} INFO - Sync 1 DAGs
[2024-07-15T10:29:19.129+0100] {logging_mixin.py:188} INFO - [2024-07-15T10:29:19.127+0100] {dag.py:3954} INFO - Setting next_dagrun for example_setup_teardown_taskflow to 2024-07-14 00:00:00+00:00, run_after=2024-07-15 00:00:00+00:00
[2024-07-15T10:29:19.435+0100] {processor.py:183} INFO - Processing /home/victor/airflow_env/lib/python3.10/site-packages/airflow/example_dags/example_setup_teardown_taskflow.py took 0.637 seconds
[2024-07-15T10:30:32.462+0100] {processor.py:161} INFO - Started process (PID=27302) to work on /home/victor/airflow_env/lib/python3.10/site-packages/airflow/example_dags/example_setup_teardown_taskflow.py
[2024-07-15T10:30:32.466+0100] {processor.py:830} INFO - Processing file /home/victor/airflow_env/lib/python3.10/site-packages/airflow/example_dags/example_setup_teardown_taskflow.py for tasks to queue
[2024-07-15T10:30:32.473+0100] {logging_mixin.py:188} INFO - [2024-07-15T10:30:32.471+0100] {dagbag.py:545} INFO - Filling up the DagBag from /home/victor/airflow_env/lib/python3.10/site-packages/airflow/example_dags/example_setup_teardown_taskflow.py
[2024-07-15T10:30:32.522+0100] {processor.py:840} INFO - DAG(s) 'example_setup_teardown_taskflow' retrieved from /home/victor/airflow_env/lib/python3.10/site-packages/airflow/example_dags/example_setup_teardown_taskflow.py
[2024-07-15T10:30:32.624+0100] {logging_mixin.py:188} INFO - [2024-07-15T10:30:32.623+0100] {dag.py:3096} INFO - Sync 1 DAGs
[2024-07-15T10:30:32.730+0100] {logging_mixin.py:188} INFO - [2024-07-15T10:30:32.728+0100] {dag.py:3954} INFO - Setting next_dagrun for example_setup_teardown_taskflow to 2024-07-14 00:00:00+00:00, run_after=2024-07-15 00:00:00+00:00
[2024-07-15T10:30:33.053+0100] {processor.py:183} INFO - Processing /home/victor/airflow_env/lib/python3.10/site-packages/airflow/example_dags/example_setup_teardown_taskflow.py took 0.616 seconds
[2024-07-15T10:31:51.454+0100] {processor.py:161} INFO - Started process (PID=27702) to work on /home/victor/airflow_env/lib/python3.10/site-packages/airflow/example_dags/example_setup_teardown_taskflow.py
[2024-07-15T10:31:51.458+0100] {processor.py:830} INFO - Processing file /home/victor/airflow_env/lib/python3.10/site-packages/airflow/example_dags/example_setup_teardown_taskflow.py for tasks to queue
[2024-07-15T10:31:51.465+0100] {logging_mixin.py:188} INFO - [2024-07-15T10:31:51.464+0100] {dagbag.py:545} INFO - Filling up the DagBag from /home/victor/airflow_env/lib/python3.10/site-packages/airflow/example_dags/example_setup_teardown_taskflow.py
[2024-07-15T10:31:51.510+0100] {processor.py:840} INFO - DAG(s) 'example_setup_teardown_taskflow' retrieved from /home/victor/airflow_env/lib/python3.10/site-packages/airflow/example_dags/example_setup_teardown_taskflow.py
[2024-07-15T10:31:51.622+0100] {logging_mixin.py:188} INFO - [2024-07-15T10:31:51.620+0100] {dag.py:3096} INFO - Sync 1 DAGs
[2024-07-15T10:31:51.791+0100] {logging_mixin.py:188} INFO - [2024-07-15T10:31:51.789+0100] {dag.py:3954} INFO - Setting next_dagrun for example_setup_teardown_taskflow to 2024-07-14 00:00:00+00:00, run_after=2024-07-15 00:00:00+00:00
[2024-07-15T10:31:52.141+0100] {processor.py:183} INFO - Processing /home/victor/airflow_env/lib/python3.10/site-packages/airflow/example_dags/example_setup_teardown_taskflow.py took 0.712 seconds
[2024-07-15T10:33:21.307+0100] {processor.py:161} INFO - Started process (PID=28273) to work on /home/victor/airflow_env/lib/python3.10/site-packages/airflow/example_dags/example_setup_teardown_taskflow.py
[2024-07-15T10:33:21.315+0100] {processor.py:830} INFO - Processing file /home/victor/airflow_env/lib/python3.10/site-packages/airflow/example_dags/example_setup_teardown_taskflow.py for tasks to queue
[2024-07-15T10:33:21.332+0100] {logging_mixin.py:188} INFO - [2024-07-15T10:33:21.327+0100] {dagbag.py:545} INFO - Filling up the DagBag from /home/victor/airflow_env/lib/python3.10/site-packages/airflow/example_dags/example_setup_teardown_taskflow.py
[2024-07-15T10:33:21.432+0100] {processor.py:840} INFO - DAG(s) 'example_setup_teardown_taskflow' retrieved from /home/victor/airflow_env/lib/python3.10/site-packages/airflow/example_dags/example_setup_teardown_taskflow.py
[2024-07-15T10:33:21.632+0100] {logging_mixin.py:188} INFO - [2024-07-15T10:33:21.631+0100] {dag.py:3096} INFO - Sync 1 DAGs
[2024-07-15T10:33:21.825+0100] {logging_mixin.py:188} INFO - [2024-07-15T10:33:21.824+0100] {dag.py:3954} INFO - Setting next_dagrun for example_setup_teardown_taskflow to 2024-07-14 00:00:00+00:00, run_after=2024-07-15 00:00:00+00:00
[2024-07-15T10:33:22.207+0100] {processor.py:183} INFO - Processing /home/victor/airflow_env/lib/python3.10/site-packages/airflow/example_dags/example_setup_teardown_taskflow.py took 0.952 seconds
[2024-07-15T10:34:52.064+0100] {processor.py:161} INFO - Started process (PID=28906) to work on /home/victor/airflow_env/lib/python3.10/site-packages/airflow/example_dags/example_setup_teardown_taskflow.py
[2024-07-15T10:34:52.068+0100] {processor.py:830} INFO - Processing file /home/victor/airflow_env/lib/python3.10/site-packages/airflow/example_dags/example_setup_teardown_taskflow.py for tasks to queue
[2024-07-15T10:34:52.076+0100] {logging_mixin.py:188} INFO - [2024-07-15T10:34:52.074+0100] {dagbag.py:545} INFO - Filling up the DagBag from /home/victor/airflow_env/lib/python3.10/site-packages/airflow/example_dags/example_setup_teardown_taskflow.py
[2024-07-15T10:34:52.124+0100] {processor.py:840} INFO - DAG(s) 'example_setup_teardown_taskflow' retrieved from /home/victor/airflow_env/lib/python3.10/site-packages/airflow/example_dags/example_setup_teardown_taskflow.py
[2024-07-15T10:34:52.266+0100] {logging_mixin.py:188} INFO - [2024-07-15T10:34:52.265+0100] {dag.py:3096} INFO - Sync 1 DAGs
[2024-07-15T10:34:52.411+0100] {logging_mixin.py:188} INFO - [2024-07-15T10:34:52.410+0100] {dag.py:3954} INFO - Setting next_dagrun for example_setup_teardown_taskflow to 2024-07-14 00:00:00+00:00, run_after=2024-07-15 00:00:00+00:00
[2024-07-15T10:34:52.817+0100] {processor.py:183} INFO - Processing /home/victor/airflow_env/lib/python3.10/site-packages/airflow/example_dags/example_setup_teardown_taskflow.py took 0.788 seconds
[2024-07-15T10:36:08.959+0100] {processor.py:161} INFO - Started process (PID=29335) to work on /home/victor/airflow_env/lib/python3.10/site-packages/airflow/example_dags/example_setup_teardown_taskflow.py
[2024-07-15T10:36:08.981+0100] {processor.py:830} INFO - Processing file /home/victor/airflow_env/lib/python3.10/site-packages/airflow/example_dags/example_setup_teardown_taskflow.py for tasks to queue
[2024-07-15T10:36:09.029+0100] {logging_mixin.py:188} INFO - [2024-07-15T10:36:09.026+0100] {dagbag.py:545} INFO - Filling up the DagBag from /home/victor/airflow_env/lib/python3.10/site-packages/airflow/example_dags/example_setup_teardown_taskflow.py
[2024-07-15T10:36:09.206+0100] {processor.py:840} INFO - DAG(s) 'example_setup_teardown_taskflow' retrieved from /home/victor/airflow_env/lib/python3.10/site-packages/airflow/example_dags/example_setup_teardown_taskflow.py
[2024-07-15T10:36:09.641+0100] {logging_mixin.py:188} INFO - [2024-07-15T10:36:09.640+0100] {dag.py:3096} INFO - Sync 1 DAGs
[2024-07-15T10:36:09.818+0100] {logging_mixin.py:188} INFO - [2024-07-15T10:36:09.817+0100] {dag.py:3954} INFO - Setting next_dagrun for example_setup_teardown_taskflow to 2024-07-14 00:00:00+00:00, run_after=2024-07-15 00:00:00+00:00
[2024-07-15T10:36:10.169+0100] {processor.py:183} INFO - Processing /home/victor/airflow_env/lib/python3.10/site-packages/airflow/example_dags/example_setup_teardown_taskflow.py took 1.253 seconds
[2024-07-15T10:37:40.229+0100] {processor.py:161} INFO - Started process (PID=29872) to work on /home/victor/airflow_env/lib/python3.10/site-packages/airflow/example_dags/example_setup_teardown_taskflow.py
[2024-07-15T10:37:40.233+0100] {processor.py:830} INFO - Processing file /home/victor/airflow_env/lib/python3.10/site-packages/airflow/example_dags/example_setup_teardown_taskflow.py for tasks to queue
[2024-07-15T10:37:40.241+0100] {logging_mixin.py:188} INFO - [2024-07-15T10:37:40.239+0100] {dagbag.py:545} INFO - Filling up the DagBag from /home/victor/airflow_env/lib/python3.10/site-packages/airflow/example_dags/example_setup_teardown_taskflow.py
[2024-07-15T10:37:40.293+0100] {processor.py:840} INFO - DAG(s) 'example_setup_teardown_taskflow' retrieved from /home/victor/airflow_env/lib/python3.10/site-packages/airflow/example_dags/example_setup_teardown_taskflow.py
[2024-07-15T10:37:40.449+0100] {logging_mixin.py:188} INFO - [2024-07-15T10:37:40.448+0100] {dag.py:3096} INFO - Sync 1 DAGs
[2024-07-15T10:37:40.578+0100] {logging_mixin.py:188} INFO - [2024-07-15T10:37:40.577+0100] {dag.py:3954} INFO - Setting next_dagrun for example_setup_teardown_taskflow to 2024-07-14 00:00:00+00:00, run_after=2024-07-15 00:00:00+00:00
[2024-07-15T10:37:41.096+0100] {processor.py:183} INFO - Processing /home/victor/airflow_env/lib/python3.10/site-packages/airflow/example_dags/example_setup_teardown_taskflow.py took 0.892 seconds
[2024-07-15T10:39:03.676+0100] {processor.py:161} INFO - Started process (PID=30312) to work on /home/victor/airflow_env/lib/python3.10/site-packages/airflow/example_dags/example_setup_teardown_taskflow.py
[2024-07-15T10:39:03.681+0100] {processor.py:830} INFO - Processing file /home/victor/airflow_env/lib/python3.10/site-packages/airflow/example_dags/example_setup_teardown_taskflow.py for tasks to queue
[2024-07-15T10:39:03.690+0100] {logging_mixin.py:188} INFO - [2024-07-15T10:39:03.688+0100] {dagbag.py:545} INFO - Filling up the DagBag from /home/victor/airflow_env/lib/python3.10/site-packages/airflow/example_dags/example_setup_teardown_taskflow.py
[2024-07-15T10:39:03.749+0100] {processor.py:840} INFO - DAG(s) 'example_setup_teardown_taskflow' retrieved from /home/victor/airflow_env/lib/python3.10/site-packages/airflow/example_dags/example_setup_teardown_taskflow.py
[2024-07-15T10:39:03.942+0100] {logging_mixin.py:188} INFO - [2024-07-15T10:39:03.940+0100] {dag.py:3096} INFO - Sync 1 DAGs
[2024-07-15T10:39:04.133+0100] {logging_mixin.py:188} INFO - [2024-07-15T10:39:04.132+0100] {dag.py:3954} INFO - Setting next_dagrun for example_setup_teardown_taskflow to 2024-07-14 00:00:00+00:00, run_after=2024-07-15 00:00:00+00:00
[2024-07-15T10:39:04.541+0100] {processor.py:183} INFO - Processing /home/victor/airflow_env/lib/python3.10/site-packages/airflow/example_dags/example_setup_teardown_taskflow.py took 0.891 seconds
[2024-07-15T10:40:15.142+0100] {processor.py:161} INFO - Started process (PID=30676) to work on /home/victor/airflow_env/lib/python3.10/site-packages/airflow/example_dags/example_setup_teardown_taskflow.py
[2024-07-15T10:40:15.146+0100] {processor.py:830} INFO - Processing file /home/victor/airflow_env/lib/python3.10/site-packages/airflow/example_dags/example_setup_teardown_taskflow.py for tasks to queue
[2024-07-15T10:40:15.153+0100] {logging_mixin.py:188} INFO - [2024-07-15T10:40:15.151+0100] {dagbag.py:545} INFO - Filling up the DagBag from /home/victor/airflow_env/lib/python3.10/site-packages/airflow/example_dags/example_setup_teardown_taskflow.py
[2024-07-15T10:40:15.196+0100] {processor.py:840} INFO - DAG(s) 'example_setup_teardown_taskflow' retrieved from /home/victor/airflow_env/lib/python3.10/site-packages/airflow/example_dags/example_setup_teardown_taskflow.py
[2024-07-15T10:40:15.298+0100] {logging_mixin.py:188} INFO - [2024-07-15T10:40:15.297+0100] {dag.py:3096} INFO - Sync 1 DAGs
[2024-07-15T10:40:15.403+0100] {logging_mixin.py:188} INFO - [2024-07-15T10:40:15.402+0100] {dag.py:3954} INFO - Setting next_dagrun for example_setup_teardown_taskflow to 2024-07-14 00:00:00+00:00, run_after=2024-07-15 00:00:00+00:00
[2024-07-15T10:40:15.708+0100] {processor.py:183} INFO - Processing /home/victor/airflow_env/lib/python3.10/site-packages/airflow/example_dags/example_setup_teardown_taskflow.py took 0.592 seconds
[2024-07-15T10:41:31.214+0100] {processor.py:161} INFO - Started process (PID=31072) to work on /home/victor/airflow_env/lib/python3.10/site-packages/airflow/example_dags/example_setup_teardown_taskflow.py
[2024-07-15T10:41:31.219+0100] {processor.py:830} INFO - Processing file /home/victor/airflow_env/lib/python3.10/site-packages/airflow/example_dags/example_setup_teardown_taskflow.py for tasks to queue
[2024-07-15T10:41:31.231+0100] {logging_mixin.py:188} INFO - [2024-07-15T10:41:31.229+0100] {dagbag.py:545} INFO - Filling up the DagBag from /home/victor/airflow_env/lib/python3.10/site-packages/airflow/example_dags/example_setup_teardown_taskflow.py
[2024-07-15T10:41:31.276+0100] {processor.py:840} INFO - DAG(s) 'example_setup_teardown_taskflow' retrieved from /home/victor/airflow_env/lib/python3.10/site-packages/airflow/example_dags/example_setup_teardown_taskflow.py
[2024-07-15T10:41:31.386+0100] {logging_mixin.py:188} INFO - [2024-07-15T10:41:31.386+0100] {dag.py:3096} INFO - Sync 1 DAGs
[2024-07-15T10:41:31.496+0100] {logging_mixin.py:188} INFO - [2024-07-15T10:41:31.495+0100] {dag.py:3954} INFO - Setting next_dagrun for example_setup_teardown_taskflow to 2024-07-14 00:00:00+00:00, run_after=2024-07-15 00:00:00+00:00
[2024-07-15T10:41:31.768+0100] {processor.py:183} INFO - Processing /home/victor/airflow_env/lib/python3.10/site-packages/airflow/example_dags/example_setup_teardown_taskflow.py took 0.582 seconds
[2024-07-15T10:42:47.112+0100] {processor.py:161} INFO - Started process (PID=31487) to work on /home/victor/airflow_env/lib/python3.10/site-packages/airflow/example_dags/example_setup_teardown_taskflow.py
[2024-07-15T10:42:47.117+0100] {processor.py:830} INFO - Processing file /home/victor/airflow_env/lib/python3.10/site-packages/airflow/example_dags/example_setup_teardown_taskflow.py for tasks to queue
[2024-07-15T10:42:47.124+0100] {logging_mixin.py:188} INFO - [2024-07-15T10:42:47.123+0100] {dagbag.py:545} INFO - Filling up the DagBag from /home/victor/airflow_env/lib/python3.10/site-packages/airflow/example_dags/example_setup_teardown_taskflow.py
[2024-07-15T10:42:47.175+0100] {processor.py:840} INFO - DAG(s) 'example_setup_teardown_taskflow' retrieved from /home/victor/airflow_env/lib/python3.10/site-packages/airflow/example_dags/example_setup_teardown_taskflow.py
[2024-07-15T10:42:47.317+0100] {logging_mixin.py:188} INFO - [2024-07-15T10:42:47.316+0100] {dag.py:3096} INFO - Sync 1 DAGs
[2024-07-15T10:42:47.461+0100] {logging_mixin.py:188} INFO - [2024-07-15T10:42:47.460+0100] {dag.py:3954} INFO - Setting next_dagrun for example_setup_teardown_taskflow to 2024-07-14 00:00:00+00:00, run_after=2024-07-15 00:00:00+00:00
[2024-07-15T10:42:47.859+0100] {processor.py:183} INFO - Processing /home/victor/airflow_env/lib/python3.10/site-packages/airflow/example_dags/example_setup_teardown_taskflow.py took 0.779 seconds
[2024-07-15T10:44:06.240+0100] {processor.py:161} INFO - Started process (PID=31898) to work on /home/victor/airflow_env/lib/python3.10/site-packages/airflow/example_dags/example_setup_teardown_taskflow.py
[2024-07-15T10:44:06.244+0100] {processor.py:830} INFO - Processing file /home/victor/airflow_env/lib/python3.10/site-packages/airflow/example_dags/example_setup_teardown_taskflow.py for tasks to queue
[2024-07-15T10:44:06.252+0100] {logging_mixin.py:188} INFO - [2024-07-15T10:44:06.250+0100] {dagbag.py:545} INFO - Filling up the DagBag from /home/victor/airflow_env/lib/python3.10/site-packages/airflow/example_dags/example_setup_teardown_taskflow.py
[2024-07-15T10:44:06.304+0100] {processor.py:840} INFO - DAG(s) 'example_setup_teardown_taskflow' retrieved from /home/victor/airflow_env/lib/python3.10/site-packages/airflow/example_dags/example_setup_teardown_taskflow.py
[2024-07-15T10:44:06.421+0100] {logging_mixin.py:188} INFO - [2024-07-15T10:44:06.420+0100] {dag.py:3096} INFO - Sync 1 DAGs
[2024-07-15T10:44:06.550+0100] {logging_mixin.py:188} INFO - [2024-07-15T10:44:06.549+0100] {dag.py:3954} INFO - Setting next_dagrun for example_setup_teardown_taskflow to 2024-07-14 00:00:00+00:00, run_after=2024-07-15 00:00:00+00:00
[2024-07-15T10:44:06.979+0100] {processor.py:183} INFO - Processing /home/victor/airflow_env/lib/python3.10/site-packages/airflow/example_dags/example_setup_teardown_taskflow.py took 0.768 seconds
[2024-07-15T10:45:17.019+0100] {processor.py:161} INFO - Started process (PID=32268) to work on /home/victor/airflow_env/lib/python3.10/site-packages/airflow/example_dags/example_setup_teardown_taskflow.py
[2024-07-15T10:45:17.023+0100] {processor.py:830} INFO - Processing file /home/victor/airflow_env/lib/python3.10/site-packages/airflow/example_dags/example_setup_teardown_taskflow.py for tasks to queue
[2024-07-15T10:45:17.031+0100] {logging_mixin.py:188} INFO - [2024-07-15T10:45:17.030+0100] {dagbag.py:545} INFO - Filling up the DagBag from /home/victor/airflow_env/lib/python3.10/site-packages/airflow/example_dags/example_setup_teardown_taskflow.py
[2024-07-15T10:45:17.093+0100] {processor.py:840} INFO - DAG(s) 'example_setup_teardown_taskflow' retrieved from /home/victor/airflow_env/lib/python3.10/site-packages/airflow/example_dags/example_setup_teardown_taskflow.py
[2024-07-15T10:45:17.210+0100] {logging_mixin.py:188} INFO - [2024-07-15T10:45:17.209+0100] {dag.py:3096} INFO - Sync 1 DAGs
[2024-07-15T10:45:17.328+0100] {logging_mixin.py:188} INFO - [2024-07-15T10:45:17.327+0100] {dag.py:3954} INFO - Setting next_dagrun for example_setup_teardown_taskflow to 2024-07-14 00:00:00+00:00, run_after=2024-07-15 00:00:00+00:00
[2024-07-15T10:45:17.683+0100] {processor.py:183} INFO - Processing /home/victor/airflow_env/lib/python3.10/site-packages/airflow/example_dags/example_setup_teardown_taskflow.py took 0.695 seconds
[2024-07-15T10:46:27.420+0100] {processor.py:161} INFO - Started process (PID=32628) to work on /home/victor/airflow_env/lib/python3.10/site-packages/airflow/example_dags/example_setup_teardown_taskflow.py
[2024-07-15T10:46:27.424+0100] {processor.py:830} INFO - Processing file /home/victor/airflow_env/lib/python3.10/site-packages/airflow/example_dags/example_setup_teardown_taskflow.py for tasks to queue
[2024-07-15T10:46:27.431+0100] {logging_mixin.py:188} INFO - [2024-07-15T10:46:27.429+0100] {dagbag.py:545} INFO - Filling up the DagBag from /home/victor/airflow_env/lib/python3.10/site-packages/airflow/example_dags/example_setup_teardown_taskflow.py
[2024-07-15T10:46:27.474+0100] {processor.py:840} INFO - DAG(s) 'example_setup_teardown_taskflow' retrieved from /home/victor/airflow_env/lib/python3.10/site-packages/airflow/example_dags/example_setup_teardown_taskflow.py
[2024-07-15T10:46:27.580+0100] {logging_mixin.py:188} INFO - [2024-07-15T10:46:27.579+0100] {dag.py:3096} INFO - Sync 1 DAGs
[2024-07-15T10:46:27.680+0100] {logging_mixin.py:188} INFO - [2024-07-15T10:46:27.680+0100] {dag.py:3954} INFO - Setting next_dagrun for example_setup_teardown_taskflow to 2024-07-14 00:00:00+00:00, run_after=2024-07-15 00:00:00+00:00
[2024-07-15T10:46:27.952+0100] {processor.py:183} INFO - Processing /home/victor/airflow_env/lib/python3.10/site-packages/airflow/example_dags/example_setup_teardown_taskflow.py took 0.557 seconds
[2024-07-15T10:47:49.240+0100] {processor.py:161} INFO - Started process (PID=33084) to work on /home/victor/airflow_env/lib/python3.10/site-packages/airflow/example_dags/example_setup_teardown_taskflow.py
[2024-07-15T10:47:49.244+0100] {processor.py:830} INFO - Processing file /home/victor/airflow_env/lib/python3.10/site-packages/airflow/example_dags/example_setup_teardown_taskflow.py for tasks to queue
[2024-07-15T10:47:49.252+0100] {logging_mixin.py:188} INFO - [2024-07-15T10:47:49.250+0100] {dagbag.py:545} INFO - Filling up the DagBag from /home/victor/airflow_env/lib/python3.10/site-packages/airflow/example_dags/example_setup_teardown_taskflow.py
[2024-07-15T10:47:49.300+0100] {processor.py:840} INFO - DAG(s) 'example_setup_teardown_taskflow' retrieved from /home/victor/airflow_env/lib/python3.10/site-packages/airflow/example_dags/example_setup_teardown_taskflow.py
[2024-07-15T10:47:49.420+0100] {logging_mixin.py:188} INFO - [2024-07-15T10:47:49.419+0100] {dag.py:3096} INFO - Sync 1 DAGs
[2024-07-15T10:47:49.542+0100] {logging_mixin.py:188} INFO - [2024-07-15T10:47:49.541+0100] {dag.py:3954} INFO - Setting next_dagrun for example_setup_teardown_taskflow to 2024-07-14 00:00:00+00:00, run_after=2024-07-15 00:00:00+00:00
[2024-07-15T10:47:49.852+0100] {processor.py:183} INFO - Processing /home/victor/airflow_env/lib/python3.10/site-packages/airflow/example_dags/example_setup_teardown_taskflow.py took 0.640 seconds
[2024-07-15T10:49:10.395+0100] {processor.py:161} INFO - Started process (PID=33500) to work on /home/victor/airflow_env/lib/python3.10/site-packages/airflow/example_dags/example_setup_teardown_taskflow.py
[2024-07-15T10:49:10.400+0100] {processor.py:830} INFO - Processing file /home/victor/airflow_env/lib/python3.10/site-packages/airflow/example_dags/example_setup_teardown_taskflow.py for tasks to queue
[2024-07-15T10:49:10.407+0100] {logging_mixin.py:188} INFO - [2024-07-15T10:49:10.406+0100] {dagbag.py:545} INFO - Filling up the DagBag from /home/victor/airflow_env/lib/python3.10/site-packages/airflow/example_dags/example_setup_teardown_taskflow.py
[2024-07-15T10:49:10.462+0100] {processor.py:840} INFO - DAG(s) 'example_setup_teardown_taskflow' retrieved from /home/victor/airflow_env/lib/python3.10/site-packages/airflow/example_dags/example_setup_teardown_taskflow.py
[2024-07-15T10:49:10.584+0100] {logging_mixin.py:188} INFO - [2024-07-15T10:49:10.582+0100] {dag.py:3096} INFO - Sync 1 DAGs
[2024-07-15T10:49:10.707+0100] {logging_mixin.py:188} INFO - [2024-07-15T10:49:10.706+0100] {dag.py:3954} INFO - Setting next_dagrun for example_setup_teardown_taskflow to 2024-07-14 00:00:00+00:00, run_after=2024-07-15 00:00:00+00:00
[2024-07-15T10:49:11.075+0100] {processor.py:183} INFO - Processing /home/victor/airflow_env/lib/python3.10/site-packages/airflow/example_dags/example_setup_teardown_taskflow.py took 0.706 seconds
[2024-07-15T10:50:55.351+0100] {processor.py:161} INFO - Started process (PID=34396) to work on /home/victor/airflow_env/lib/python3.10/site-packages/airflow/example_dags/example_setup_teardown_taskflow.py
[2024-07-15T10:50:55.355+0100] {processor.py:830} INFO - Processing file /home/victor/airflow_env/lib/python3.10/site-packages/airflow/example_dags/example_setup_teardown_taskflow.py for tasks to queue
[2024-07-15T10:50:55.362+0100] {logging_mixin.py:188} INFO - [2024-07-15T10:50:55.361+0100] {dagbag.py:545} INFO - Filling up the DagBag from /home/victor/airflow_env/lib/python3.10/site-packages/airflow/example_dags/example_setup_teardown_taskflow.py
[2024-07-15T10:50:55.414+0100] {processor.py:840} INFO - DAG(s) 'example_setup_teardown_taskflow' retrieved from /home/victor/airflow_env/lib/python3.10/site-packages/airflow/example_dags/example_setup_teardown_taskflow.py
[2024-07-15T10:50:55.538+0100] {logging_mixin.py:188} INFO - [2024-07-15T10:50:55.537+0100] {dag.py:3096} INFO - Sync 1 DAGs
[2024-07-15T10:50:55.649+0100] {logging_mixin.py:188} INFO - [2024-07-15T10:50:55.648+0100] {dag.py:3954} INFO - Setting next_dagrun for example_setup_teardown_taskflow to 2024-07-14 00:00:00+00:00, run_after=2024-07-15 00:00:00+00:00
[2024-07-15T10:50:55.980+0100] {processor.py:183} INFO - Processing /home/victor/airflow_env/lib/python3.10/site-packages/airflow/example_dags/example_setup_teardown_taskflow.py took 0.658 seconds
