[2024-07-15T09:49:05.400+0100] {processor.py:161} INFO - Started process (PID=10678) to work on /home/victor/airflow_env/lib/python3.10/site-packages/airflow/example_dags/example_nested_branch_dag.py
[2024-07-15T09:49:05.423+0100] {processor.py:830} INFO - Processing file /home/victor/airflow_env/lib/python3.10/site-packages/airflow/example_dags/example_nested_branch_dag.py for tasks to queue
[2024-07-15T09:49:05.433+0100] {logging_mixin.py:188} INFO - [2024-07-15T09:49:05.431+0100] {dagbag.py:545} INFO - Filling up the DagBag from /home/victor/airflow_env/lib/python3.10/site-packages/airflow/example_dags/example_nested_branch_dag.py
[2024-07-15T09:49:05.535+0100] {processor.py:840} INFO - DAG(s) 'example_nested_branch_dag' retrieved from /home/victor/airflow_env/lib/python3.10/site-packages/airflow/example_dags/example_nested_branch_dag.py
[2024-07-15T09:49:05.762+0100] {logging_mixin.py:188} INFO - [2024-07-15T09:49:05.760+0100] {dag.py:3096} INFO - Sync 1 DAGs
[2024-07-15T09:49:05.934+0100] {logging_mixin.py:188} INFO - [2024-07-15T09:49:05.933+0100] {dag.py:3954} INFO - Setting next_dagrun for example_nested_branch_dag to 2024-07-14 00:00:00+00:00, run_after=2024-07-15 00:00:00+00:00
[2024-07-15T09:49:06.517+0100] {processor.py:183} INFO - Processing /home/victor/airflow_env/lib/python3.10/site-packages/airflow/example_dags/example_nested_branch_dag.py took 1.154 seconds
[2024-07-15T09:51:05.114+0100] {processor.py:161} INFO - Started process (PID=11394) to work on /home/victor/airflow_env/lib/python3.10/site-packages/airflow/example_dags/example_nested_branch_dag.py
[2024-07-15T09:51:05.118+0100] {processor.py:830} INFO - Processing file /home/victor/airflow_env/lib/python3.10/site-packages/airflow/example_dags/example_nested_branch_dag.py for tasks to queue
[2024-07-15T09:51:05.125+0100] {logging_mixin.py:188} INFO - [2024-07-15T09:51:05.123+0100] {dagbag.py:545} INFO - Filling up the DagBag from /home/victor/airflow_env/lib/python3.10/site-packages/airflow/example_dags/example_nested_branch_dag.py
[2024-07-15T09:51:05.167+0100] {processor.py:840} INFO - DAG(s) 'example_nested_branch_dag' retrieved from /home/victor/airflow_env/lib/python3.10/site-packages/airflow/example_dags/example_nested_branch_dag.py
[2024-07-15T09:51:05.270+0100] {logging_mixin.py:188} INFO - [2024-07-15T09:51:05.269+0100] {dag.py:3096} INFO - Sync 1 DAGs
[2024-07-15T09:51:05.376+0100] {logging_mixin.py:188} INFO - [2024-07-15T09:51:05.375+0100] {dag.py:3954} INFO - Setting next_dagrun for example_nested_branch_dag to 2024-07-14 00:00:00+00:00, run_after=2024-07-15 00:00:00+00:00
[2024-07-15T09:51:05.660+0100] {processor.py:183} INFO - Processing /home/victor/airflow_env/lib/python3.10/site-packages/airflow/example_dags/example_nested_branch_dag.py took 0.573 seconds
[2024-07-15T09:54:30.340+0100] {processor.py:161} INFO - Started process (PID=12781) to work on /home/victor/airflow_env/lib/python3.10/site-packages/airflow/example_dags/example_nested_branch_dag.py
[2024-07-15T09:54:30.344+0100] {processor.py:830} INFO - Processing file /home/victor/airflow_env/lib/python3.10/site-packages/airflow/example_dags/example_nested_branch_dag.py for tasks to queue
[2024-07-15T09:54:30.351+0100] {logging_mixin.py:188} INFO - [2024-07-15T09:54:30.349+0100] {dagbag.py:545} INFO - Filling up the DagBag from /home/victor/airflow_env/lib/python3.10/site-packages/airflow/example_dags/example_nested_branch_dag.py
[2024-07-15T09:54:30.407+0100] {processor.py:840} INFO - DAG(s) 'example_nested_branch_dag' retrieved from /home/victor/airflow_env/lib/python3.10/site-packages/airflow/example_dags/example_nested_branch_dag.py
[2024-07-15T09:54:30.535+0100] {logging_mixin.py:188} INFO - [2024-07-15T09:54:30.533+0100] {dag.py:3096} INFO - Sync 1 DAGs
[2024-07-15T09:54:30.660+0100] {logging_mixin.py:188} INFO - [2024-07-15T09:54:30.659+0100] {dag.py:3954} INFO - Setting next_dagrun for example_nested_branch_dag to 2024-07-14 00:00:00+00:00, run_after=2024-07-15 00:00:00+00:00
[2024-07-15T09:54:30.953+0100] {processor.py:183} INFO - Processing /home/victor/airflow_env/lib/python3.10/site-packages/airflow/example_dags/example_nested_branch_dag.py took 0.640 seconds
[2024-07-15T09:57:38.524+0100] {processor.py:161} INFO - Started process (PID=14234) to work on /home/victor/airflow_env/lib/python3.10/site-packages/airflow/example_dags/example_nested_branch_dag.py
[2024-07-15T09:57:38.533+0100] {processor.py:830} INFO - Processing file /home/victor/airflow_env/lib/python3.10/site-packages/airflow/example_dags/example_nested_branch_dag.py for tasks to queue
[2024-07-15T09:57:38.541+0100] {logging_mixin.py:188} INFO - [2024-07-15T09:57:38.540+0100] {dagbag.py:545} INFO - Filling up the DagBag from /home/victor/airflow_env/lib/python3.10/site-packages/airflow/example_dags/example_nested_branch_dag.py
[2024-07-15T09:57:38.603+0100] {processor.py:840} INFO - DAG(s) 'example_nested_branch_dag' retrieved from /home/victor/airflow_env/lib/python3.10/site-packages/airflow/example_dags/example_nested_branch_dag.py
[2024-07-15T09:57:38.720+0100] {logging_mixin.py:188} INFO - [2024-07-15T09:57:38.719+0100] {dag.py:3096} INFO - Sync 1 DAGs
[2024-07-15T09:57:38.856+0100] {logging_mixin.py:188} INFO - [2024-07-15T09:57:38.855+0100] {dag.py:3954} INFO - Setting next_dagrun for example_nested_branch_dag to 2024-07-14 00:00:00+00:00, run_after=2024-07-15 00:00:00+00:00
[2024-07-15T09:57:39.449+0100] {processor.py:183} INFO - Processing /home/victor/airflow_env/lib/python3.10/site-packages/airflow/example_dags/example_nested_branch_dag.py took 0.956 seconds
[2024-07-15T10:00:29.924+0100] {processor.py:161} INFO - Started process (PID=15290) to work on /home/victor/airflow_env/lib/python3.10/site-packages/airflow/example_dags/example_nested_branch_dag.py
[2024-07-15T10:00:29.928+0100] {processor.py:830} INFO - Processing file /home/victor/airflow_env/lib/python3.10/site-packages/airflow/example_dags/example_nested_branch_dag.py for tasks to queue
[2024-07-15T10:00:29.935+0100] {logging_mixin.py:188} INFO - [2024-07-15T10:00:29.934+0100] {dagbag.py:545} INFO - Filling up the DagBag from /home/victor/airflow_env/lib/python3.10/site-packages/airflow/example_dags/example_nested_branch_dag.py
[2024-07-15T10:00:29.982+0100] {processor.py:840} INFO - DAG(s) 'example_nested_branch_dag' retrieved from /home/victor/airflow_env/lib/python3.10/site-packages/airflow/example_dags/example_nested_branch_dag.py
[2024-07-15T10:00:30.089+0100] {logging_mixin.py:188} INFO - [2024-07-15T10:00:30.088+0100] {dag.py:3096} INFO - Sync 1 DAGs
[2024-07-15T10:00:30.200+0100] {logging_mixin.py:188} INFO - [2024-07-15T10:00:30.199+0100] {dag.py:3954} INFO - Setting next_dagrun for example_nested_branch_dag to 2024-07-14 00:00:00+00:00, run_after=2024-07-15 00:00:00+00:00
[2024-07-15T10:00:30.507+0100] {processor.py:183} INFO - Processing /home/victor/airflow_env/lib/python3.10/site-packages/airflow/example_dags/example_nested_branch_dag.py took 0.612 seconds
[2024-07-15T10:03:16.686+0100] {processor.py:161} INFO - Started process (PID=16700) to work on /home/victor/airflow_env/lib/python3.10/site-packages/airflow/example_dags/example_nested_branch_dag.py
[2024-07-15T10:03:16.691+0100] {processor.py:830} INFO - Processing file /home/victor/airflow_env/lib/python3.10/site-packages/airflow/example_dags/example_nested_branch_dag.py for tasks to queue
[2024-07-15T10:03:16.702+0100] {logging_mixin.py:188} INFO - [2024-07-15T10:03:16.700+0100] {dagbag.py:545} INFO - Filling up the DagBag from /home/victor/airflow_env/lib/python3.10/site-packages/airflow/example_dags/example_nested_branch_dag.py
[2024-07-15T10:03:16.772+0100] {processor.py:840} INFO - DAG(s) 'example_nested_branch_dag' retrieved from /home/victor/airflow_env/lib/python3.10/site-packages/airflow/example_dags/example_nested_branch_dag.py
[2024-07-15T10:03:16.914+0100] {logging_mixin.py:188} INFO - [2024-07-15T10:03:16.912+0100] {dag.py:3096} INFO - Sync 1 DAGs
[2024-07-15T10:03:17.131+0100] {logging_mixin.py:188} INFO - [2024-07-15T10:03:17.127+0100] {dag.py:3954} INFO - Setting next_dagrun for example_nested_branch_dag to 2024-07-14 00:00:00+00:00, run_after=2024-07-15 00:00:00+00:00
[2024-07-15T10:03:17.578+0100] {processor.py:183} INFO - Processing /home/victor/airflow_env/lib/python3.10/site-packages/airflow/example_dags/example_nested_branch_dag.py took 0.930 seconds
[2024-07-15T10:05:38.579+0100] {processor.py:161} INFO - Started process (PID=17502) to work on /home/victor/airflow_env/lib/python3.10/site-packages/airflow/example_dags/example_nested_branch_dag.py
[2024-07-15T10:05:38.583+0100] {processor.py:830} INFO - Processing file /home/victor/airflow_env/lib/python3.10/site-packages/airflow/example_dags/example_nested_branch_dag.py for tasks to queue
[2024-07-15T10:05:38.590+0100] {logging_mixin.py:188} INFO - [2024-07-15T10:05:38.588+0100] {dagbag.py:545} INFO - Filling up the DagBag from /home/victor/airflow_env/lib/python3.10/site-packages/airflow/example_dags/example_nested_branch_dag.py
[2024-07-15T10:05:38.635+0100] {processor.py:840} INFO - DAG(s) 'example_nested_branch_dag' retrieved from /home/victor/airflow_env/lib/python3.10/site-packages/airflow/example_dags/example_nested_branch_dag.py
[2024-07-15T10:05:38.737+0100] {logging_mixin.py:188} INFO - [2024-07-15T10:05:38.736+0100] {dag.py:3096} INFO - Sync 1 DAGs
[2024-07-15T10:05:38.867+0100] {logging_mixin.py:188} INFO - [2024-07-15T10:05:38.866+0100] {dag.py:3954} INFO - Setting next_dagrun for example_nested_branch_dag to 2024-07-14 00:00:00+00:00, run_after=2024-07-15 00:00:00+00:00
[2024-07-15T10:05:39.230+0100] {processor.py:183} INFO - Processing /home/victor/airflow_env/lib/python3.10/site-packages/airflow/example_dags/example_nested_branch_dag.py took 0.678 seconds
[2024-07-15T10:07:25.161+0100] {processor.py:161} INFO - Started process (PID=18322) to work on /home/victor/airflow_env/lib/python3.10/site-packages/airflow/example_dags/example_nested_branch_dag.py
[2024-07-15T10:07:25.165+0100] {processor.py:830} INFO - Processing file /home/victor/airflow_env/lib/python3.10/site-packages/airflow/example_dags/example_nested_branch_dag.py for tasks to queue
[2024-07-15T10:07:25.180+0100] {logging_mixin.py:188} INFO - [2024-07-15T10:07:25.178+0100] {dagbag.py:545} INFO - Filling up the DagBag from /home/victor/airflow_env/lib/python3.10/site-packages/airflow/example_dags/example_nested_branch_dag.py
[2024-07-15T10:07:25.227+0100] {processor.py:840} INFO - DAG(s) 'example_nested_branch_dag' retrieved from /home/victor/airflow_env/lib/python3.10/site-packages/airflow/example_dags/example_nested_branch_dag.py
[2024-07-15T10:07:25.337+0100] {logging_mixin.py:188} INFO - [2024-07-15T10:07:25.336+0100] {dag.py:3096} INFO - Sync 1 DAGs
[2024-07-15T10:07:25.442+0100] {logging_mixin.py:188} INFO - [2024-07-15T10:07:25.441+0100] {dag.py:3954} INFO - Setting next_dagrun for example_nested_branch_dag to 2024-07-14 00:00:00+00:00, run_after=2024-07-15 00:00:00+00:00
[2024-07-15T10:07:25.708+0100] {processor.py:183} INFO - Processing /home/victor/airflow_env/lib/python3.10/site-packages/airflow/example_dags/example_nested_branch_dag.py took 0.578 seconds
[2024-07-15T10:10:24.573+0100] {processor.py:161} INFO - Started process (PID=19480) to work on /home/victor/airflow_env/lib/python3.10/site-packages/airflow/example_dags/example_nested_branch_dag.py
[2024-07-15T10:10:24.579+0100] {processor.py:830} INFO - Processing file /home/victor/airflow_env/lib/python3.10/site-packages/airflow/example_dags/example_nested_branch_dag.py for tasks to queue
[2024-07-15T10:10:24.589+0100] {logging_mixin.py:188} INFO - [2024-07-15T10:10:24.587+0100] {dagbag.py:545} INFO - Filling up the DagBag from /home/victor/airflow_env/lib/python3.10/site-packages/airflow/example_dags/example_nested_branch_dag.py
[2024-07-15T10:10:24.672+0100] {processor.py:840} INFO - DAG(s) 'example_nested_branch_dag' retrieved from /home/victor/airflow_env/lib/python3.10/site-packages/airflow/example_dags/example_nested_branch_dag.py
[2024-07-15T10:10:24.861+0100] {logging_mixin.py:188} INFO - [2024-07-15T10:10:24.860+0100] {dag.py:3096} INFO - Sync 1 DAGs
[2024-07-15T10:10:25.065+0100] {logging_mixin.py:188} INFO - [2024-07-15T10:10:25.063+0100] {dag.py:3954} INFO - Setting next_dagrun for example_nested_branch_dag to 2024-07-14 00:00:00+00:00, run_after=2024-07-15 00:00:00+00:00
[2024-07-15T10:10:25.523+0100] {processor.py:183} INFO - Processing /home/victor/airflow_env/lib/python3.10/site-packages/airflow/example_dags/example_nested_branch_dag.py took 0.993 seconds
[2024-07-15T10:13:09.306+0100] {processor.py:161} INFO - Started process (PID=20378) to work on /home/victor/airflow_env/lib/python3.10/site-packages/airflow/example_dags/example_nested_branch_dag.py
[2024-07-15T10:13:09.309+0100] {processor.py:830} INFO - Processing file /home/victor/airflow_env/lib/python3.10/site-packages/airflow/example_dags/example_nested_branch_dag.py for tasks to queue
[2024-07-15T10:13:09.318+0100] {logging_mixin.py:188} INFO - [2024-07-15T10:13:09.315+0100] {dagbag.py:545} INFO - Filling up the DagBag from /home/victor/airflow_env/lib/python3.10/site-packages/airflow/example_dags/example_nested_branch_dag.py
[2024-07-15T10:13:09.369+0100] {processor.py:840} INFO - DAG(s) 'example_nested_branch_dag' retrieved from /home/victor/airflow_env/lib/python3.10/site-packages/airflow/example_dags/example_nested_branch_dag.py
[2024-07-15T10:13:09.480+0100] {logging_mixin.py:188} INFO - [2024-07-15T10:13:09.479+0100] {dag.py:3096} INFO - Sync 1 DAGs
[2024-07-15T10:13:09.608+0100] {logging_mixin.py:188} INFO - [2024-07-15T10:13:09.606+0100] {dag.py:3954} INFO - Setting next_dagrun for example_nested_branch_dag to 2024-07-14 00:00:00+00:00, run_after=2024-07-15 00:00:00+00:00
[2024-07-15T10:13:09.955+0100] {processor.py:183} INFO - Processing /home/victor/airflow_env/lib/python3.10/site-packages/airflow/example_dags/example_nested_branch_dag.py took 0.679 seconds
[2024-07-15T10:16:08.929+0100] {processor.py:161} INFO - Started process (PID=21357) to work on /home/victor/airflow_env/lib/python3.10/site-packages/airflow/example_dags/example_nested_branch_dag.py
[2024-07-15T10:16:08.934+0100] {processor.py:830} INFO - Processing file /home/victor/airflow_env/lib/python3.10/site-packages/airflow/example_dags/example_nested_branch_dag.py for tasks to queue
[2024-07-15T10:16:08.942+0100] {logging_mixin.py:188} INFO - [2024-07-15T10:16:08.941+0100] {dagbag.py:545} INFO - Filling up the DagBag from /home/victor/airflow_env/lib/python3.10/site-packages/airflow/example_dags/example_nested_branch_dag.py
[2024-07-15T10:16:09.014+0100] {processor.py:840} INFO - DAG(s) 'example_nested_branch_dag' retrieved from /home/victor/airflow_env/lib/python3.10/site-packages/airflow/example_dags/example_nested_branch_dag.py
[2024-07-15T10:16:09.201+0100] {logging_mixin.py:188} INFO - [2024-07-15T10:16:09.200+0100] {dag.py:3096} INFO - Sync 1 DAGs
[2024-07-15T10:16:09.446+0100] {logging_mixin.py:188} INFO - [2024-07-15T10:16:09.445+0100] {dag.py:3954} INFO - Setting next_dagrun for example_nested_branch_dag to 2024-07-14 00:00:00+00:00, run_after=2024-07-15 00:00:00+00:00
[2024-07-15T10:16:09.827+0100] {processor.py:183} INFO - Processing /home/victor/airflow_env/lib/python3.10/site-packages/airflow/example_dags/example_nested_branch_dag.py took 0.926 seconds
[2024-07-15T10:18:54.769+0100] {processor.py:161} INFO - Started process (PID=22457) to work on /home/victor/airflow_env/lib/python3.10/site-packages/airflow/example_dags/example_nested_branch_dag.py
[2024-07-15T10:18:54.775+0100] {processor.py:830} INFO - Processing file /home/victor/airflow_env/lib/python3.10/site-packages/airflow/example_dags/example_nested_branch_dag.py for tasks to queue
[2024-07-15T10:18:54.789+0100] {logging_mixin.py:188} INFO - [2024-07-15T10:18:54.785+0100] {dagbag.py:545} INFO - Filling up the DagBag from /home/victor/airflow_env/lib/python3.10/site-packages/airflow/example_dags/example_nested_branch_dag.py
[2024-07-15T10:18:54.893+0100] {processor.py:840} INFO - DAG(s) 'example_nested_branch_dag' retrieved from /home/victor/airflow_env/lib/python3.10/site-packages/airflow/example_dags/example_nested_branch_dag.py
[2024-07-15T10:18:55.086+0100] {logging_mixin.py:188} INFO - [2024-07-15T10:18:55.084+0100] {dag.py:3096} INFO - Sync 1 DAGs
[2024-07-15T10:18:55.323+0100] {logging_mixin.py:188} INFO - [2024-07-15T10:18:55.315+0100] {dag.py:3954} INFO - Setting next_dagrun for example_nested_branch_dag to 2024-07-14 00:00:00+00:00, run_after=2024-07-15 00:00:00+00:00
[2024-07-15T10:18:56.301+0100] {processor.py:183} INFO - Processing /home/victor/airflow_env/lib/python3.10/site-packages/airflow/example_dags/example_nested_branch_dag.py took 1.602 seconds
[2024-07-15T10:20:59.180+0100] {processor.py:161} INFO - Started process (PID=23360) to work on /home/victor/airflow_env/lib/python3.10/site-packages/airflow/example_dags/example_nested_branch_dag.py
[2024-07-15T10:20:59.184+0100] {processor.py:830} INFO - Processing file /home/victor/airflow_env/lib/python3.10/site-packages/airflow/example_dags/example_nested_branch_dag.py for tasks to queue
[2024-07-15T10:20:59.193+0100] {logging_mixin.py:188} INFO - [2024-07-15T10:20:59.191+0100] {dagbag.py:545} INFO - Filling up the DagBag from /home/victor/airflow_env/lib/python3.10/site-packages/airflow/example_dags/example_nested_branch_dag.py
[2024-07-15T10:20:59.250+0100] {processor.py:840} INFO - DAG(s) 'example_nested_branch_dag' retrieved from /home/victor/airflow_env/lib/python3.10/site-packages/airflow/example_dags/example_nested_branch_dag.py
[2024-07-15T10:20:59.360+0100] {logging_mixin.py:188} INFO - [2024-07-15T10:20:59.359+0100] {dag.py:3096} INFO - Sync 1 DAGs
[2024-07-15T10:20:59.490+0100] {logging_mixin.py:188} INFO - [2024-07-15T10:20:59.489+0100] {dag.py:3954} INFO - Setting next_dagrun for example_nested_branch_dag to 2024-07-14 00:00:00+00:00, run_after=2024-07-15 00:00:00+00:00
[2024-07-15T10:20:59.892+0100] {processor.py:183} INFO - Processing /home/victor/airflow_env/lib/python3.10/site-packages/airflow/example_dags/example_nested_branch_dag.py took 0.739 seconds
[2024-07-15T10:22:43.683+0100] {processor.py:161} INFO - Started process (PID=24239) to work on /home/victor/airflow_env/lib/python3.10/site-packages/airflow/example_dags/example_nested_branch_dag.py
[2024-07-15T10:22:43.817+0100] {processor.py:830} INFO - Processing file /home/victor/airflow_env/lib/python3.10/site-packages/airflow/example_dags/example_nested_branch_dag.py for tasks to queue
[2024-07-15T10:22:43.885+0100] {logging_mixin.py:188} INFO - [2024-07-15T10:22:43.883+0100] {dagbag.py:545} INFO - Filling up the DagBag from /home/victor/airflow_env/lib/python3.10/site-packages/airflow/example_dags/example_nested_branch_dag.py
[2024-07-15T10:22:44.055+0100] {processor.py:840} INFO - DAG(s) 'example_nested_branch_dag' retrieved from /home/victor/airflow_env/lib/python3.10/site-packages/airflow/example_dags/example_nested_branch_dag.py
[2024-07-15T10:22:44.487+0100] {logging_mixin.py:188} INFO - [2024-07-15T10:22:44.486+0100] {dag.py:3096} INFO - Sync 1 DAGs
[2024-07-15T10:22:44.686+0100] {logging_mixin.py:188} INFO - [2024-07-15T10:22:44.685+0100] {dag.py:3954} INFO - Setting next_dagrun for example_nested_branch_dag to 2024-07-14 00:00:00+00:00, run_after=2024-07-15 00:00:00+00:00
[2024-07-15T10:22:45.021+0100] {processor.py:183} INFO - Processing /home/victor/airflow_env/lib/python3.10/site-packages/airflow/example_dags/example_nested_branch_dag.py took 1.418 seconds
[2024-07-15T10:24:54.396+0100] {processor.py:161} INFO - Started process (PID=25257) to work on /home/victor/airflow_env/lib/python3.10/site-packages/airflow/example_dags/example_nested_branch_dag.py
[2024-07-15T10:24:54.399+0100] {processor.py:830} INFO - Processing file /home/victor/airflow_env/lib/python3.10/site-packages/airflow/example_dags/example_nested_branch_dag.py for tasks to queue
[2024-07-15T10:24:54.406+0100] {logging_mixin.py:188} INFO - [2024-07-15T10:24:54.405+0100] {dagbag.py:545} INFO - Filling up the DagBag from /home/victor/airflow_env/lib/python3.10/site-packages/airflow/example_dags/example_nested_branch_dag.py
[2024-07-15T10:24:54.454+0100] {processor.py:840} INFO - DAG(s) 'example_nested_branch_dag' retrieved from /home/victor/airflow_env/lib/python3.10/site-packages/airflow/example_dags/example_nested_branch_dag.py
[2024-07-15T10:24:54.564+0100] {logging_mixin.py:188} INFO - [2024-07-15T10:24:54.563+0100] {dag.py:3096} INFO - Sync 1 DAGs
[2024-07-15T10:24:54.686+0100] {logging_mixin.py:188} INFO - [2024-07-15T10:24:54.685+0100] {dag.py:3954} INFO - Setting next_dagrun for example_nested_branch_dag to 2024-07-14 00:00:00+00:00, run_after=2024-07-15 00:00:00+00:00
[2024-07-15T10:24:55.015+0100] {processor.py:183} INFO - Processing /home/victor/airflow_env/lib/python3.10/site-packages/airflow/example_dags/example_nested_branch_dag.py took 0.646 seconds
[2024-07-15T10:26:44.134+0100] {processor.py:161} INFO - Started process (PID=26070) to work on /home/victor/airflow_env/lib/python3.10/site-packages/airflow/example_dags/example_nested_branch_dag.py
[2024-07-15T10:26:44.146+0100] {processor.py:830} INFO - Processing file /home/victor/airflow_env/lib/python3.10/site-packages/airflow/example_dags/example_nested_branch_dag.py for tasks to queue
[2024-07-15T10:26:44.156+0100] {logging_mixin.py:188} INFO - [2024-07-15T10:26:44.154+0100] {dagbag.py:545} INFO - Filling up the DagBag from /home/victor/airflow_env/lib/python3.10/site-packages/airflow/example_dags/example_nested_branch_dag.py
[2024-07-15T10:26:44.260+0100] {processor.py:840} INFO - DAG(s) 'example_nested_branch_dag' retrieved from /home/victor/airflow_env/lib/python3.10/site-packages/airflow/example_dags/example_nested_branch_dag.py
[2024-07-15T10:26:44.437+0100] {logging_mixin.py:188} INFO - [2024-07-15T10:26:44.436+0100] {dag.py:3096} INFO - Sync 1 DAGs
[2024-07-15T10:26:44.595+0100] {logging_mixin.py:188} INFO - [2024-07-15T10:26:44.594+0100] {dag.py:3954} INFO - Setting next_dagrun for example_nested_branch_dag to 2024-07-14 00:00:00+00:00, run_after=2024-07-15 00:00:00+00:00
[2024-07-15T10:26:44.940+0100] {processor.py:183} INFO - Processing /home/victor/airflow_env/lib/python3.10/site-packages/airflow/example_dags/example_nested_branch_dag.py took 0.870 seconds
[2024-07-15T10:29:49.135+0100] {processor.py:161} INFO - Started process (PID=27077) to work on /home/victor/airflow_env/lib/python3.10/site-packages/airflow/example_dags/example_nested_branch_dag.py
[2024-07-15T10:29:49.139+0100] {processor.py:830} INFO - Processing file /home/victor/airflow_env/lib/python3.10/site-packages/airflow/example_dags/example_nested_branch_dag.py for tasks to queue
[2024-07-15T10:29:49.147+0100] {logging_mixin.py:188} INFO - [2024-07-15T10:29:49.145+0100] {dagbag.py:545} INFO - Filling up the DagBag from /home/victor/airflow_env/lib/python3.10/site-packages/airflow/example_dags/example_nested_branch_dag.py
[2024-07-15T10:29:49.196+0100] {processor.py:840} INFO - DAG(s) 'example_nested_branch_dag' retrieved from /home/victor/airflow_env/lib/python3.10/site-packages/airflow/example_dags/example_nested_branch_dag.py
[2024-07-15T10:29:49.305+0100] {logging_mixin.py:188} INFO - [2024-07-15T10:29:49.304+0100] {dag.py:3096} INFO - Sync 1 DAGs
[2024-07-15T10:29:49.440+0100] {logging_mixin.py:188} INFO - [2024-07-15T10:29:49.438+0100] {dag.py:3954} INFO - Setting next_dagrun for example_nested_branch_dag to 2024-07-14 00:00:00+00:00, run_after=2024-07-15 00:00:00+00:00
[2024-07-15T10:29:49.722+0100] {processor.py:183} INFO - Processing /home/victor/airflow_env/lib/python3.10/site-packages/airflow/example_dags/example_nested_branch_dag.py took 0.614 seconds
[2024-07-15T10:32:29.241+0100] {processor.py:161} INFO - Started process (PID=27926) to work on /home/victor/airflow_env/lib/python3.10/site-packages/airflow/example_dags/example_nested_branch_dag.py
[2024-07-15T10:32:29.245+0100] {processor.py:830} INFO - Processing file /home/victor/airflow_env/lib/python3.10/site-packages/airflow/example_dags/example_nested_branch_dag.py for tasks to queue
[2024-07-15T10:32:29.253+0100] {logging_mixin.py:188} INFO - [2024-07-15T10:32:29.251+0100] {dagbag.py:545} INFO - Filling up the DagBag from /home/victor/airflow_env/lib/python3.10/site-packages/airflow/example_dags/example_nested_branch_dag.py
[2024-07-15T10:32:29.314+0100] {processor.py:840} INFO - DAG(s) 'example_nested_branch_dag' retrieved from /home/victor/airflow_env/lib/python3.10/site-packages/airflow/example_dags/example_nested_branch_dag.py
[2024-07-15T10:32:29.444+0100] {logging_mixin.py:188} INFO - [2024-07-15T10:32:29.443+0100] {dag.py:3096} INFO - Sync 1 DAGs
[2024-07-15T10:32:29.605+0100] {logging_mixin.py:188} INFO - [2024-07-15T10:32:29.604+0100] {dag.py:3954} INFO - Setting next_dagrun for example_nested_branch_dag to 2024-07-14 00:00:00+00:00, run_after=2024-07-15 00:00:00+00:00
[2024-07-15T10:32:29.901+0100] {processor.py:183} INFO - Processing /home/victor/airflow_env/lib/python3.10/site-packages/airflow/example_dags/example_nested_branch_dag.py took 0.693 seconds
[2024-07-15T10:35:21.115+0100] {processor.py:161} INFO - Started process (PID=29053) to work on /home/victor/airflow_env/lib/python3.10/site-packages/airflow/example_dags/example_nested_branch_dag.py
[2024-07-15T10:35:21.119+0100] {processor.py:830} INFO - Processing file /home/victor/airflow_env/lib/python3.10/site-packages/airflow/example_dags/example_nested_branch_dag.py for tasks to queue
[2024-07-15T10:35:21.125+0100] {logging_mixin.py:188} INFO - [2024-07-15T10:35:21.124+0100] {dagbag.py:545} INFO - Filling up the DagBag from /home/victor/airflow_env/lib/python3.10/site-packages/airflow/example_dags/example_nested_branch_dag.py
[2024-07-15T10:35:21.170+0100] {processor.py:840} INFO - DAG(s) 'example_nested_branch_dag' retrieved from /home/victor/airflow_env/lib/python3.10/site-packages/airflow/example_dags/example_nested_branch_dag.py
[2024-07-15T10:35:21.265+0100] {logging_mixin.py:188} INFO - [2024-07-15T10:35:21.264+0100] {dag.py:3096} INFO - Sync 1 DAGs
[2024-07-15T10:35:21.385+0100] {logging_mixin.py:188} INFO - [2024-07-15T10:35:21.384+0100] {dag.py:3954} INFO - Setting next_dagrun for example_nested_branch_dag to 2024-07-14 00:00:00+00:00, run_after=2024-07-15 00:00:00+00:00
[2024-07-15T10:35:21.677+0100] {processor.py:183} INFO - Processing /home/victor/airflow_env/lib/python3.10/site-packages/airflow/example_dags/example_nested_branch_dag.py took 0.587 seconds
[2024-07-15T10:38:11.673+0100] {processor.py:161} INFO - Started process (PID=30039) to work on /home/victor/airflow_env/lib/python3.10/site-packages/airflow/example_dags/example_nested_branch_dag.py
[2024-07-15T10:38:11.677+0100] {processor.py:830} INFO - Processing file /home/victor/airflow_env/lib/python3.10/site-packages/airflow/example_dags/example_nested_branch_dag.py for tasks to queue
[2024-07-15T10:38:11.687+0100] {logging_mixin.py:188} INFO - [2024-07-15T10:38:11.685+0100] {dagbag.py:545} INFO - Filling up the DagBag from /home/victor/airflow_env/lib/python3.10/site-packages/airflow/example_dags/example_nested_branch_dag.py
[2024-07-15T10:38:11.745+0100] {processor.py:840} INFO - DAG(s) 'example_nested_branch_dag' retrieved from /home/victor/airflow_env/lib/python3.10/site-packages/airflow/example_dags/example_nested_branch_dag.py
[2024-07-15T10:38:11.894+0100] {logging_mixin.py:188} INFO - [2024-07-15T10:38:11.893+0100] {dag.py:3096} INFO - Sync 1 DAGs
[2024-07-15T10:38:12.075+0100] {logging_mixin.py:188} INFO - [2024-07-15T10:38:12.075+0100] {dag.py:3954} INFO - Setting next_dagrun for example_nested_branch_dag to 2024-07-14 00:00:00+00:00, run_after=2024-07-15 00:00:00+00:00
[2024-07-15T10:38:12.430+0100] {processor.py:183} INFO - Processing /home/victor/airflow_env/lib/python3.10/site-packages/airflow/example_dags/example_nested_branch_dag.py took 0.787 seconds
[2024-07-15T10:40:38.667+0100] {processor.py:161} INFO - Started process (PID=30798) to work on /home/victor/airflow_env/lib/python3.10/site-packages/airflow/example_dags/example_nested_branch_dag.py
[2024-07-15T10:40:38.671+0100] {processor.py:830} INFO - Processing file /home/victor/airflow_env/lib/python3.10/site-packages/airflow/example_dags/example_nested_branch_dag.py for tasks to queue
[2024-07-15T10:40:38.678+0100] {logging_mixin.py:188} INFO - [2024-07-15T10:40:38.677+0100] {dagbag.py:545} INFO - Filling up the DagBag from /home/victor/airflow_env/lib/python3.10/site-packages/airflow/example_dags/example_nested_branch_dag.py
[2024-07-15T10:40:38.731+0100] {processor.py:840} INFO - DAG(s) 'example_nested_branch_dag' retrieved from /home/victor/airflow_env/lib/python3.10/site-packages/airflow/example_dags/example_nested_branch_dag.py
[2024-07-15T10:40:38.847+0100] {logging_mixin.py:188} INFO - [2024-07-15T10:40:38.846+0100] {dag.py:3096} INFO - Sync 1 DAGs
[2024-07-15T10:40:38.993+0100] {logging_mixin.py:188} INFO - [2024-07-15T10:40:38.992+0100] {dag.py:3954} INFO - Setting next_dagrun for example_nested_branch_dag to 2024-07-14 00:00:00+00:00, run_after=2024-07-15 00:00:00+00:00
[2024-07-15T10:40:39.271+0100] {processor.py:183} INFO - Processing /home/victor/airflow_env/lib/python3.10/site-packages/airflow/example_dags/example_nested_branch_dag.py took 0.629 seconds
[2024-07-15T10:43:13.679+0100] {processor.py:161} INFO - Started process (PID=31623) to work on /home/victor/airflow_env/lib/python3.10/site-packages/airflow/example_dags/example_nested_branch_dag.py
[2024-07-15T10:43:13.682+0100] {processor.py:830} INFO - Processing file /home/victor/airflow_env/lib/python3.10/site-packages/airflow/example_dags/example_nested_branch_dag.py for tasks to queue
[2024-07-15T10:43:13.690+0100] {logging_mixin.py:188} INFO - [2024-07-15T10:43:13.688+0100] {dagbag.py:545} INFO - Filling up the DagBag from /home/victor/airflow_env/lib/python3.10/site-packages/airflow/example_dags/example_nested_branch_dag.py
[2024-07-15T10:43:13.745+0100] {processor.py:840} INFO - DAG(s) 'example_nested_branch_dag' retrieved from /home/victor/airflow_env/lib/python3.10/site-packages/airflow/example_dags/example_nested_branch_dag.py
[2024-07-15T10:43:13.857+0100] {logging_mixin.py:188} INFO - [2024-07-15T10:43:13.856+0100] {dag.py:3096} INFO - Sync 1 DAGs
[2024-07-15T10:43:13.986+0100] {logging_mixin.py:188} INFO - [2024-07-15T10:43:13.985+0100] {dag.py:3954} INFO - Setting next_dagrun for example_nested_branch_dag to 2024-07-14 00:00:00+00:00, run_after=2024-07-15 00:00:00+00:00
[2024-07-15T10:43:14.291+0100] {processor.py:183} INFO - Processing /home/victor/airflow_env/lib/python3.10/site-packages/airflow/example_dags/example_nested_branch_dag.py took 0.640 seconds
[2024-07-15T10:45:38.928+0100] {processor.py:161} INFO - Started process (PID=32377) to work on /home/victor/airflow_env/lib/python3.10/site-packages/airflow/example_dags/example_nested_branch_dag.py
[2024-07-15T10:45:38.932+0100] {processor.py:830} INFO - Processing file /home/victor/airflow_env/lib/python3.10/site-packages/airflow/example_dags/example_nested_branch_dag.py for tasks to queue
[2024-07-15T10:45:38.939+0100] {logging_mixin.py:188} INFO - [2024-07-15T10:45:38.938+0100] {dagbag.py:545} INFO - Filling up the DagBag from /home/victor/airflow_env/lib/python3.10/site-packages/airflow/example_dags/example_nested_branch_dag.py
[2024-07-15T10:45:38.984+0100] {processor.py:840} INFO - DAG(s) 'example_nested_branch_dag' retrieved from /home/victor/airflow_env/lib/python3.10/site-packages/airflow/example_dags/example_nested_branch_dag.py
[2024-07-15T10:45:39.091+0100] {logging_mixin.py:188} INFO - [2024-07-15T10:45:39.090+0100] {dag.py:3096} INFO - Sync 1 DAGs
[2024-07-15T10:45:39.201+0100] {logging_mixin.py:188} INFO - [2024-07-15T10:45:39.200+0100] {dag.py:3954} INFO - Setting next_dagrun for example_nested_branch_dag to 2024-07-14 00:00:00+00:00, run_after=2024-07-15 00:00:00+00:00
[2024-07-15T10:45:39.456+0100] {processor.py:183} INFO - Processing /home/victor/airflow_env/lib/python3.10/site-packages/airflow/example_dags/example_nested_branch_dag.py took 0.553 seconds
[2024-07-15T10:48:15.837+0100] {processor.py:161} INFO - Started process (PID=33218) to work on /home/victor/airflow_env/lib/python3.10/site-packages/airflow/example_dags/example_nested_branch_dag.py
[2024-07-15T10:48:15.842+0100] {processor.py:830} INFO - Processing file /home/victor/airflow_env/lib/python3.10/site-packages/airflow/example_dags/example_nested_branch_dag.py for tasks to queue
[2024-07-15T10:48:15.852+0100] {logging_mixin.py:188} INFO - [2024-07-15T10:48:15.850+0100] {dagbag.py:545} INFO - Filling up the DagBag from /home/victor/airflow_env/lib/python3.10/site-packages/airflow/example_dags/example_nested_branch_dag.py
[2024-07-15T10:48:15.909+0100] {processor.py:840} INFO - DAG(s) 'example_nested_branch_dag' retrieved from /home/victor/airflow_env/lib/python3.10/site-packages/airflow/example_dags/example_nested_branch_dag.py
[2024-07-15T10:48:16.035+0100] {logging_mixin.py:188} INFO - [2024-07-15T10:48:16.034+0100] {dag.py:3096} INFO - Sync 1 DAGs
[2024-07-15T10:48:16.175+0100] {logging_mixin.py:188} INFO - [2024-07-15T10:48:16.175+0100] {dag.py:3954} INFO - Setting next_dagrun for example_nested_branch_dag to 2024-07-14 00:00:00+00:00, run_after=2024-07-15 00:00:00+00:00
[2024-07-15T10:48:16.503+0100] {processor.py:183} INFO - Processing /home/victor/airflow_env/lib/python3.10/site-packages/airflow/example_dags/example_nested_branch_dag.py took 0.695 seconds
[2024-07-15T10:51:34.365+0100] {processor.py:161} INFO - Started process (PID=34635) to work on /home/victor/airflow_env/lib/python3.10/site-packages/airflow/example_dags/example_nested_branch_dag.py
[2024-07-15T10:51:34.379+0100] {processor.py:830} INFO - Processing file /home/victor/airflow_env/lib/python3.10/site-packages/airflow/example_dags/example_nested_branch_dag.py for tasks to queue
[2024-07-15T10:51:34.408+0100] {logging_mixin.py:188} INFO - [2024-07-15T10:51:34.396+0100] {dagbag.py:545} INFO - Filling up the DagBag from /home/victor/airflow_env/lib/python3.10/site-packages/airflow/example_dags/example_nested_branch_dag.py
[2024-07-15T10:51:34.589+0100] {processor.py:840} INFO - DAG(s) 'example_nested_branch_dag' retrieved from /home/victor/airflow_env/lib/python3.10/site-packages/airflow/example_dags/example_nested_branch_dag.py
[2024-07-15T10:51:34.911+0100] {logging_mixin.py:188} INFO - [2024-07-15T10:51:34.908+0100] {dag.py:3096} INFO - Sync 1 DAGs
[2024-07-15T10:51:35.745+0100] {logging_mixin.py:188} INFO - [2024-07-15T10:51:35.744+0100] {dag.py:3954} INFO - Setting next_dagrun for example_nested_branch_dag to 2024-07-14 00:00:00+00:00, run_after=2024-07-15 00:00:00+00:00
[2024-07-15T10:51:36.328+0100] {processor.py:183} INFO - Processing /home/victor/airflow_env/lib/python3.10/site-packages/airflow/example_dags/example_nested_branch_dag.py took 2.055 seconds
