[2024-07-15T09:47:56.610+0100] {processor.py:161} INFO - Started process (PID=9999) to work on /home/victor/airflow_env/lib/python3.10/site-packages/airflow/example_dags/example_time_delta_sensor_async.py
[2024-07-15T09:47:56.616+0100] {processor.py:830} INFO - Processing file /home/victor/airflow_env/lib/python3.10/site-packages/airflow/example_dags/example_time_delta_sensor_async.py for tasks to queue
[2024-07-15T09:47:56.627+0100] {logging_mixin.py:188} INFO - [2024-07-15T09:47:56.626+0100] {dagbag.py:545} INFO - Filling up the DagBag from /home/victor/airflow_env/lib/python3.10/site-packages/airflow/example_dags/example_time_delta_sensor_async.py
[2024-07-15T09:47:56.659+0100] {processor.py:840} INFO - DAG(s) 'example_time_delta_sensor_async' retrieved from /home/victor/airflow_env/lib/python3.10/site-packages/airflow/example_dags/example_time_delta_sensor_async.py
[2024-07-15T09:47:56.774+0100] {logging_mixin.py:188} INFO - [2024-07-15T09:47:56.773+0100] {dag.py:3096} INFO - Sync 1 DAGs
[2024-07-15T09:47:56.843+0100] {logging_mixin.py:188} INFO - [2024-07-15T09:47:56.842+0100] {dag.py:3954} INFO - Setting next_dagrun for example_time_delta_sensor_async to None, run_after=None
[2024-07-15T09:47:57.233+0100] {processor.py:183} INFO - Processing /home/victor/airflow_env/lib/python3.10/site-packages/airflow/example_dags/example_time_delta_sensor_async.py took 0.674 seconds
[2024-07-15T09:50:19.790+0100] {processor.py:161} INFO - Started process (PID=11162) to work on /home/victor/airflow_env/lib/python3.10/site-packages/airflow/example_dags/example_time_delta_sensor_async.py
[2024-07-15T09:50:19.795+0100] {processor.py:830} INFO - Processing file /home/victor/airflow_env/lib/python3.10/site-packages/airflow/example_dags/example_time_delta_sensor_async.py for tasks to queue
[2024-07-15T09:50:19.805+0100] {logging_mixin.py:188} INFO - [2024-07-15T09:50:19.803+0100] {dagbag.py:545} INFO - Filling up the DagBag from /home/victor/airflow_env/lib/python3.10/site-packages/airflow/example_dags/example_time_delta_sensor_async.py
[2024-07-15T09:50:19.823+0100] {processor.py:840} INFO - DAG(s) 'example_time_delta_sensor_async' retrieved from /home/victor/airflow_env/lib/python3.10/site-packages/airflow/example_dags/example_time_delta_sensor_async.py
[2024-07-15T09:50:19.910+0100] {logging_mixin.py:188} INFO - [2024-07-15T09:50:19.909+0100] {dag.py:3096} INFO - Sync 1 DAGs
[2024-07-15T09:50:19.966+0100] {logging_mixin.py:188} INFO - [2024-07-15T09:50:19.965+0100] {dag.py:3954} INFO - Setting next_dagrun for example_time_delta_sensor_async to None, run_after=None
[2024-07-15T09:50:20.279+0100] {processor.py:183} INFO - Processing /home/victor/airflow_env/lib/python3.10/site-packages/airflow/example_dags/example_time_delta_sensor_async.py took 0.516 seconds
[2024-07-15T09:51:40.513+0100] {processor.py:161} INFO - Started process (PID=11646) to work on /home/victor/airflow_env/lib/python3.10/site-packages/airflow/example_dags/example_time_delta_sensor_async.py
[2024-07-15T09:51:40.517+0100] {processor.py:830} INFO - Processing file /home/victor/airflow_env/lib/python3.10/site-packages/airflow/example_dags/example_time_delta_sensor_async.py for tasks to queue
[2024-07-15T09:51:40.526+0100] {logging_mixin.py:188} INFO - [2024-07-15T09:51:40.524+0100] {dagbag.py:545} INFO - Filling up the DagBag from /home/victor/airflow_env/lib/python3.10/site-packages/airflow/example_dags/example_time_delta_sensor_async.py
[2024-07-15T09:51:40.549+0100] {processor.py:840} INFO - DAG(s) 'example_time_delta_sensor_async' retrieved from /home/victor/airflow_env/lib/python3.10/site-packages/airflow/example_dags/example_time_delta_sensor_async.py
[2024-07-15T09:51:40.651+0100] {logging_mixin.py:188} INFO - [2024-07-15T09:51:40.650+0100] {dag.py:3096} INFO - Sync 1 DAGs
[2024-07-15T09:51:40.754+0100] {logging_mixin.py:188} INFO - [2024-07-15T09:51:40.753+0100] {dag.py:3954} INFO - Setting next_dagrun for example_time_delta_sensor_async to None, run_after=None
[2024-07-15T09:51:41.105+0100] {processor.py:183} INFO - Processing /home/victor/airflow_env/lib/python3.10/site-packages/airflow/example_dags/example_time_delta_sensor_async.py took 0.616 seconds
[2024-07-15T09:53:23.094+0100] {processor.py:161} INFO - Started process (PID=12254) to work on /home/victor/airflow_env/lib/python3.10/site-packages/airflow/example_dags/example_time_delta_sensor_async.py
[2024-07-15T09:53:23.098+0100] {processor.py:830} INFO - Processing file /home/victor/airflow_env/lib/python3.10/site-packages/airflow/example_dags/example_time_delta_sensor_async.py for tasks to queue
[2024-07-15T09:53:23.107+0100] {logging_mixin.py:188} INFO - [2024-07-15T09:53:23.105+0100] {dagbag.py:545} INFO - Filling up the DagBag from /home/victor/airflow_env/lib/python3.10/site-packages/airflow/example_dags/example_time_delta_sensor_async.py
[2024-07-15T09:53:23.131+0100] {processor.py:840} INFO - DAG(s) 'example_time_delta_sensor_async' retrieved from /home/victor/airflow_env/lib/python3.10/site-packages/airflow/example_dags/example_time_delta_sensor_async.py
[2024-07-15T09:53:23.649+0100] {logging_mixin.py:188} INFO - [2024-07-15T09:53:23.648+0100] {dag.py:3096} INFO - Sync 1 DAGs
[2024-07-15T09:53:23.775+0100] {logging_mixin.py:188} INFO - [2024-07-15T09:53:23.767+0100] {dag.py:3954} INFO - Setting next_dagrun for example_time_delta_sensor_async to None, run_after=None
[2024-07-15T09:53:24.452+0100] {processor.py:183} INFO - Processing /home/victor/airflow_env/lib/python3.10/site-packages/airflow/example_dags/example_time_delta_sensor_async.py took 1.387 seconds
[2024-07-15T09:55:26.907+0100] {processor.py:161} INFO - Started process (PID=13113) to work on /home/victor/airflow_env/lib/python3.10/site-packages/airflow/example_dags/example_time_delta_sensor_async.py
[2024-07-15T09:55:26.913+0100] {processor.py:830} INFO - Processing file /home/victor/airflow_env/lib/python3.10/site-packages/airflow/example_dags/example_time_delta_sensor_async.py for tasks to queue
[2024-07-15T09:55:26.930+0100] {logging_mixin.py:188} INFO - [2024-07-15T09:55:26.926+0100] {dagbag.py:545} INFO - Filling up the DagBag from /home/victor/airflow_env/lib/python3.10/site-packages/airflow/example_dags/example_time_delta_sensor_async.py
[2024-07-15T09:55:26.955+0100] {processor.py:840} INFO - DAG(s) 'example_time_delta_sensor_async' retrieved from /home/victor/airflow_env/lib/python3.10/site-packages/airflow/example_dags/example_time_delta_sensor_async.py
[2024-07-15T09:55:27.086+0100] {logging_mixin.py:188} INFO - [2024-07-15T09:55:27.085+0100] {dag.py:3096} INFO - Sync 1 DAGs
[2024-07-15T09:55:27.182+0100] {logging_mixin.py:188} INFO - [2024-07-15T09:55:27.181+0100] {dag.py:3954} INFO - Setting next_dagrun for example_time_delta_sensor_async to None, run_after=None
[2024-07-15T09:55:27.525+0100] {processor.py:183} INFO - Processing /home/victor/airflow_env/lib/python3.10/site-packages/airflow/example_dags/example_time_delta_sensor_async.py took 0.682 seconds
[2024-07-15T09:56:55.655+0100] {processor.py:161} INFO - Started process (PID=13969) to work on /home/victor/airflow_env/lib/python3.10/site-packages/airflow/example_dags/example_time_delta_sensor_async.py
[2024-07-15T09:56:55.661+0100] {processor.py:830} INFO - Processing file /home/victor/airflow_env/lib/python3.10/site-packages/airflow/example_dags/example_time_delta_sensor_async.py for tasks to queue
[2024-07-15T09:56:55.678+0100] {logging_mixin.py:188} INFO - [2024-07-15T09:56:55.676+0100] {dagbag.py:545} INFO - Filling up the DagBag from /home/victor/airflow_env/lib/python3.10/site-packages/airflow/example_dags/example_time_delta_sensor_async.py
[2024-07-15T09:56:55.699+0100] {processor.py:840} INFO - DAG(s) 'example_time_delta_sensor_async' retrieved from /home/victor/airflow_env/lib/python3.10/site-packages/airflow/example_dags/example_time_delta_sensor_async.py
[2024-07-15T09:56:55.812+0100] {logging_mixin.py:188} INFO - [2024-07-15T09:56:55.811+0100] {dag.py:3096} INFO - Sync 1 DAGs
[2024-07-15T09:56:55.922+0100] {logging_mixin.py:188} INFO - [2024-07-15T09:56:55.921+0100] {dag.py:3954} INFO - Setting next_dagrun for example_time_delta_sensor_async to None, run_after=None
[2024-07-15T09:56:56.568+0100] {processor.py:183} INFO - Processing /home/victor/airflow_env/lib/python3.10/site-packages/airflow/example_dags/example_time_delta_sensor_async.py took 0.938 seconds
[2024-07-15T09:58:34.242+0100] {processor.py:161} INFO - Started process (PID=14529) to work on /home/victor/airflow_env/lib/python3.10/site-packages/airflow/example_dags/example_time_delta_sensor_async.py
[2024-07-15T09:58:34.246+0100] {processor.py:830} INFO - Processing file /home/victor/airflow_env/lib/python3.10/site-packages/airflow/example_dags/example_time_delta_sensor_async.py for tasks to queue
[2024-07-15T09:58:34.254+0100] {logging_mixin.py:188} INFO - [2024-07-15T09:58:34.252+0100] {dagbag.py:545} INFO - Filling up the DagBag from /home/victor/airflow_env/lib/python3.10/site-packages/airflow/example_dags/example_time_delta_sensor_async.py
[2024-07-15T09:58:34.279+0100] {processor.py:840} INFO - DAG(s) 'example_time_delta_sensor_async' retrieved from /home/victor/airflow_env/lib/python3.10/site-packages/airflow/example_dags/example_time_delta_sensor_async.py
[2024-07-15T09:58:34.387+0100] {logging_mixin.py:188} INFO - [2024-07-15T09:58:34.386+0100] {dag.py:3096} INFO - Sync 1 DAGs
[2024-07-15T09:58:34.467+0100] {logging_mixin.py:188} INFO - [2024-07-15T09:58:34.466+0100] {dag.py:3954} INFO - Setting next_dagrun for example_time_delta_sensor_async to None, run_after=None
[2024-07-15T09:58:34.858+0100] {processor.py:183} INFO - Processing /home/victor/airflow_env/lib/python3.10/site-packages/airflow/example_dags/example_time_delta_sensor_async.py took 0.670 seconds
[2024-07-15T10:00:00.589+0100] {processor.py:161} INFO - Started process (PID=15032) to work on /home/victor/airflow_env/lib/python3.10/site-packages/airflow/example_dags/example_time_delta_sensor_async.py
[2024-07-15T10:00:00.593+0100] {processor.py:830} INFO - Processing file /home/victor/airflow_env/lib/python3.10/site-packages/airflow/example_dags/example_time_delta_sensor_async.py for tasks to queue
[2024-07-15T10:00:00.603+0100] {logging_mixin.py:188} INFO - [2024-07-15T10:00:00.601+0100] {dagbag.py:545} INFO - Filling up the DagBag from /home/victor/airflow_env/lib/python3.10/site-packages/airflow/example_dags/example_time_delta_sensor_async.py
[2024-07-15T10:00:00.623+0100] {processor.py:840} INFO - DAG(s) 'example_time_delta_sensor_async' retrieved from /home/victor/airflow_env/lib/python3.10/site-packages/airflow/example_dags/example_time_delta_sensor_async.py
[2024-07-15T10:00:00.719+0100] {logging_mixin.py:188} INFO - [2024-07-15T10:00:00.718+0100] {dag.py:3096} INFO - Sync 1 DAGs
[2024-07-15T10:00:00.782+0100] {logging_mixin.py:188} INFO - [2024-07-15T10:00:00.781+0100] {dag.py:3954} INFO - Setting next_dagrun for example_time_delta_sensor_async to None, run_after=None
[2024-07-15T10:00:01.044+0100] {processor.py:183} INFO - Processing /home/victor/airflow_env/lib/python3.10/site-packages/airflow/example_dags/example_time_delta_sensor_async.py took 0.483 seconds
[2024-07-15T10:01:24.557+0100] {processor.py:161} INFO - Started process (PID=15696) to work on /home/victor/airflow_env/lib/python3.10/site-packages/airflow/example_dags/example_time_delta_sensor_async.py
[2024-07-15T10:01:24.561+0100] {processor.py:830} INFO - Processing file /home/victor/airflow_env/lib/python3.10/site-packages/airflow/example_dags/example_time_delta_sensor_async.py for tasks to queue
[2024-07-15T10:01:24.568+0100] {logging_mixin.py:188} INFO - [2024-07-15T10:01:24.566+0100] {dagbag.py:545} INFO - Filling up the DagBag from /home/victor/airflow_env/lib/python3.10/site-packages/airflow/example_dags/example_time_delta_sensor_async.py
[2024-07-15T10:01:24.589+0100] {processor.py:840} INFO - DAG(s) 'example_time_delta_sensor_async' retrieved from /home/victor/airflow_env/lib/python3.10/site-packages/airflow/example_dags/example_time_delta_sensor_async.py
[2024-07-15T10:01:24.674+0100] {logging_mixin.py:188} INFO - [2024-07-15T10:01:24.673+0100] {dag.py:3096} INFO - Sync 1 DAGs
[2024-07-15T10:01:24.743+0100] {logging_mixin.py:188} INFO - [2024-07-15T10:01:24.742+0100] {dag.py:3954} INFO - Setting next_dagrun for example_time_delta_sensor_async to None, run_after=None
[2024-07-15T10:01:25.150+0100] {processor.py:183} INFO - Processing /home/victor/airflow_env/lib/python3.10/site-packages/airflow/example_dags/example_time_delta_sensor_async.py took 0.616 seconds
[2024-07-15T10:02:46.996+0100] {processor.py:161} INFO - Started process (PID=16476) to work on /home/victor/airflow_env/lib/python3.10/site-packages/airflow/example_dags/example_time_delta_sensor_async.py
[2024-07-15T10:02:47.000+0100] {processor.py:830} INFO - Processing file /home/victor/airflow_env/lib/python3.10/site-packages/airflow/example_dags/example_time_delta_sensor_async.py for tasks to queue
[2024-07-15T10:02:47.007+0100] {logging_mixin.py:188} INFO - [2024-07-15T10:02:47.006+0100] {dagbag.py:545} INFO - Filling up the DagBag from /home/victor/airflow_env/lib/python3.10/site-packages/airflow/example_dags/example_time_delta_sensor_async.py
[2024-07-15T10:02:47.029+0100] {processor.py:840} INFO - DAG(s) 'example_time_delta_sensor_async' retrieved from /home/victor/airflow_env/lib/python3.10/site-packages/airflow/example_dags/example_time_delta_sensor_async.py
[2024-07-15T10:02:47.114+0100] {logging_mixin.py:188} INFO - [2024-07-15T10:02:47.113+0100] {dag.py:3096} INFO - Sync 1 DAGs
[2024-07-15T10:02:47.187+0100] {logging_mixin.py:188} INFO - [2024-07-15T10:02:47.185+0100] {dag.py:3954} INFO - Setting next_dagrun for example_time_delta_sensor_async to None, run_after=None
[2024-07-15T10:02:47.497+0100] {processor.py:183} INFO - Processing /home/victor/airflow_env/lib/python3.10/site-packages/airflow/example_dags/example_time_delta_sensor_async.py took 0.525 seconds
[2024-07-15T10:04:01.342+0100] {processor.py:161} INFO - Started process (PID=16975) to work on /home/victor/airflow_env/lib/python3.10/site-packages/airflow/example_dags/example_time_delta_sensor_async.py
[2024-07-15T10:04:01.346+0100] {processor.py:830} INFO - Processing file /home/victor/airflow_env/lib/python3.10/site-packages/airflow/example_dags/example_time_delta_sensor_async.py for tasks to queue
[2024-07-15T10:04:01.354+0100] {logging_mixin.py:188} INFO - [2024-07-15T10:04:01.352+0100] {dagbag.py:545} INFO - Filling up the DagBag from /home/victor/airflow_env/lib/python3.10/site-packages/airflow/example_dags/example_time_delta_sensor_async.py
[2024-07-15T10:04:01.388+0100] {processor.py:840} INFO - DAG(s) 'example_time_delta_sensor_async' retrieved from /home/victor/airflow_env/lib/python3.10/site-packages/airflow/example_dags/example_time_delta_sensor_async.py
[2024-07-15T10:04:01.504+0100] {logging_mixin.py:188} INFO - [2024-07-15T10:04:01.503+0100] {dag.py:3096} INFO - Sync 1 DAGs
[2024-07-15T10:04:01.568+0100] {logging_mixin.py:188} INFO - [2024-07-15T10:04:01.567+0100] {dag.py:3954} INFO - Setting next_dagrun for example_time_delta_sensor_async to None, run_after=None
[2024-07-15T10:04:01.989+0100] {processor.py:183} INFO - Processing /home/victor/airflow_env/lib/python3.10/site-packages/airflow/example_dags/example_time_delta_sensor_async.py took 0.680 seconds
[2024-07-15T10:05:12.813+0100] {processor.py:161} INFO - Started process (PID=17362) to work on /home/victor/airflow_env/lib/python3.10/site-packages/airflow/example_dags/example_time_delta_sensor_async.py
[2024-07-15T10:05:12.817+0100] {processor.py:830} INFO - Processing file /home/victor/airflow_env/lib/python3.10/site-packages/airflow/example_dags/example_time_delta_sensor_async.py for tasks to queue
[2024-07-15T10:05:12.827+0100] {logging_mixin.py:188} INFO - [2024-07-15T10:05:12.825+0100] {dagbag.py:545} INFO - Filling up the DagBag from /home/victor/airflow_env/lib/python3.10/site-packages/airflow/example_dags/example_time_delta_sensor_async.py
[2024-07-15T10:05:12.846+0100] {processor.py:840} INFO - DAG(s) 'example_time_delta_sensor_async' retrieved from /home/victor/airflow_env/lib/python3.10/site-packages/airflow/example_dags/example_time_delta_sensor_async.py
[2024-07-15T10:05:12.934+0100] {logging_mixin.py:188} INFO - [2024-07-15T10:05:12.933+0100] {dag.py:3096} INFO - Sync 1 DAGs
[2024-07-15T10:05:13.012+0100] {logging_mixin.py:188} INFO - [2024-07-15T10:05:13.011+0100] {dag.py:3954} INFO - Setting next_dagrun for example_time_delta_sensor_async to None, run_after=None
[2024-07-15T10:05:13.350+0100] {processor.py:183} INFO - Processing /home/victor/airflow_env/lib/python3.10/site-packages/airflow/example_dags/example_time_delta_sensor_async.py took 0.567 seconds
[2024-07-15T10:06:41.114+0100] {processor.py:161} INFO - Started process (PID=17962) to work on /home/victor/airflow_env/lib/python3.10/site-packages/airflow/example_dags/example_time_delta_sensor_async.py
[2024-07-15T10:06:41.119+0100] {processor.py:830} INFO - Processing file /home/victor/airflow_env/lib/python3.10/site-packages/airflow/example_dags/example_time_delta_sensor_async.py for tasks to queue
[2024-07-15T10:06:41.127+0100] {logging_mixin.py:188} INFO - [2024-07-15T10:06:41.125+0100] {dagbag.py:545} INFO - Filling up the DagBag from /home/victor/airflow_env/lib/python3.10/site-packages/airflow/example_dags/example_time_delta_sensor_async.py
[2024-07-15T10:06:41.151+0100] {processor.py:840} INFO - DAG(s) 'example_time_delta_sensor_async' retrieved from /home/victor/airflow_env/lib/python3.10/site-packages/airflow/example_dags/example_time_delta_sensor_async.py
[2024-07-15T10:06:41.236+0100] {logging_mixin.py:188} INFO - [2024-07-15T10:06:41.235+0100] {dag.py:3096} INFO - Sync 1 DAGs
[2024-07-15T10:06:41.305+0100] {logging_mixin.py:188} INFO - [2024-07-15T10:06:41.304+0100] {dag.py:3954} INFO - Setting next_dagrun for example_time_delta_sensor_async to None, run_after=None
[2024-07-15T10:06:41.632+0100] {processor.py:183} INFO - Processing /home/victor/airflow_env/lib/python3.10/site-packages/airflow/example_dags/example_time_delta_sensor_async.py took 0.547 seconds
[2024-07-15T10:08:18.191+0100] {processor.py:161} INFO - Started process (PID=18649) to work on /home/victor/airflow_env/lib/python3.10/site-packages/airflow/example_dags/example_time_delta_sensor_async.py
[2024-07-15T10:08:18.205+0100] {processor.py:830} INFO - Processing file /home/victor/airflow_env/lib/python3.10/site-packages/airflow/example_dags/example_time_delta_sensor_async.py for tasks to queue
[2024-07-15T10:08:18.227+0100] {logging_mixin.py:188} INFO - [2024-07-15T10:08:18.225+0100] {dagbag.py:545} INFO - Filling up the DagBag from /home/victor/airflow_env/lib/python3.10/site-packages/airflow/example_dags/example_time_delta_sensor_async.py
[2024-07-15T10:08:18.263+0100] {processor.py:840} INFO - DAG(s) 'example_time_delta_sensor_async' retrieved from /home/victor/airflow_env/lib/python3.10/site-packages/airflow/example_dags/example_time_delta_sensor_async.py
[2024-07-15T10:08:18.491+0100] {logging_mixin.py:188} INFO - [2024-07-15T10:08:18.490+0100] {dag.py:3096} INFO - Sync 1 DAGs
[2024-07-15T10:08:18.630+0100] {logging_mixin.py:188} INFO - [2024-07-15T10:08:18.629+0100] {dag.py:3954} INFO - Setting next_dagrun for example_time_delta_sensor_async to None, run_after=None
[2024-07-15T10:08:18.925+0100] {processor.py:183} INFO - Processing /home/victor/airflow_env/lib/python3.10/site-packages/airflow/example_dags/example_time_delta_sensor_async.py took 0.784 seconds
[2024-07-15T10:09:43.565+0100] {processor.py:161} INFO - Started process (PID=19217) to work on /home/victor/airflow_env/lib/python3.10/site-packages/airflow/example_dags/example_time_delta_sensor_async.py
[2024-07-15T10:09:43.574+0100] {processor.py:830} INFO - Processing file /home/victor/airflow_env/lib/python3.10/site-packages/airflow/example_dags/example_time_delta_sensor_async.py for tasks to queue
[2024-07-15T10:09:43.583+0100] {logging_mixin.py:188} INFO - [2024-07-15T10:09:43.581+0100] {dagbag.py:545} INFO - Filling up the DagBag from /home/victor/airflow_env/lib/python3.10/site-packages/airflow/example_dags/example_time_delta_sensor_async.py
[2024-07-15T10:09:43.624+0100] {processor.py:840} INFO - DAG(s) 'example_time_delta_sensor_async' retrieved from /home/victor/airflow_env/lib/python3.10/site-packages/airflow/example_dags/example_time_delta_sensor_async.py
[2024-07-15T10:09:43.833+0100] {logging_mixin.py:188} INFO - [2024-07-15T10:09:43.831+0100] {dag.py:3096} INFO - Sync 1 DAGs
[2024-07-15T10:09:43.921+0100] {logging_mixin.py:188} INFO - [2024-07-15T10:09:43.920+0100] {dag.py:3954} INFO - Setting next_dagrun for example_time_delta_sensor_async to None, run_after=None
[2024-07-15T10:09:44.606+0100] {processor.py:183} INFO - Processing /home/victor/airflow_env/lib/python3.10/site-packages/airflow/example_dags/example_time_delta_sensor_async.py took 1.074 seconds
[2024-07-15T10:11:16.086+0100] {processor.py:161} INFO - Started process (PID=19766) to work on /home/victor/airflow_env/lib/python3.10/site-packages/airflow/example_dags/example_time_delta_sensor_async.py
[2024-07-15T10:11:16.091+0100] {processor.py:830} INFO - Processing file /home/victor/airflow_env/lib/python3.10/site-packages/airflow/example_dags/example_time_delta_sensor_async.py for tasks to queue
[2024-07-15T10:11:16.102+0100] {logging_mixin.py:188} INFO - [2024-07-15T10:11:16.100+0100] {dagbag.py:545} INFO - Filling up the DagBag from /home/victor/airflow_env/lib/python3.10/site-packages/airflow/example_dags/example_time_delta_sensor_async.py
[2024-07-15T10:11:16.125+0100] {processor.py:840} INFO - DAG(s) 'example_time_delta_sensor_async' retrieved from /home/victor/airflow_env/lib/python3.10/site-packages/airflow/example_dags/example_time_delta_sensor_async.py
[2024-07-15T10:11:16.233+0100] {logging_mixin.py:188} INFO - [2024-07-15T10:11:16.232+0100] {dag.py:3096} INFO - Sync 1 DAGs
[2024-07-15T10:11:16.310+0100] {logging_mixin.py:188} INFO - [2024-07-15T10:11:16.309+0100] {dag.py:3954} INFO - Setting next_dagrun for example_time_delta_sensor_async to None, run_after=None
[2024-07-15T10:11:16.908+0100] {processor.py:183} INFO - Processing /home/victor/airflow_env/lib/python3.10/site-packages/airflow/example_dags/example_time_delta_sensor_async.py took 0.856 seconds
[2024-07-15T10:12:41.885+0100] {processor.py:161} INFO - Started process (PID=20239) to work on /home/victor/airflow_env/lib/python3.10/site-packages/airflow/example_dags/example_time_delta_sensor_async.py
[2024-07-15T10:12:41.889+0100] {processor.py:830} INFO - Processing file /home/victor/airflow_env/lib/python3.10/site-packages/airflow/example_dags/example_time_delta_sensor_async.py for tasks to queue
[2024-07-15T10:12:41.896+0100] {logging_mixin.py:188} INFO - [2024-07-15T10:12:41.895+0100] {dagbag.py:545} INFO - Filling up the DagBag from /home/victor/airflow_env/lib/python3.10/site-packages/airflow/example_dags/example_time_delta_sensor_async.py
[2024-07-15T10:12:41.918+0100] {processor.py:840} INFO - DAG(s) 'example_time_delta_sensor_async' retrieved from /home/victor/airflow_env/lib/python3.10/site-packages/airflow/example_dags/example_time_delta_sensor_async.py
[2024-07-15T10:12:42.009+0100] {logging_mixin.py:188} INFO - [2024-07-15T10:12:42.008+0100] {dag.py:3096} INFO - Sync 1 DAGs
[2024-07-15T10:12:42.078+0100] {logging_mixin.py:188} INFO - [2024-07-15T10:12:42.077+0100] {dag.py:3954} INFO - Setting next_dagrun for example_time_delta_sensor_async to None, run_after=None
[2024-07-15T10:12:42.404+0100] {processor.py:183} INFO - Processing /home/victor/airflow_env/lib/python3.10/site-packages/airflow/example_dags/example_time_delta_sensor_async.py took 0.544 seconds
[2024-07-15T10:14:04.142+0100] {processor.py:161} INFO - Started process (PID=20672) to work on /home/victor/airflow_env/lib/python3.10/site-packages/airflow/example_dags/example_time_delta_sensor_async.py
[2024-07-15T10:14:04.146+0100] {processor.py:830} INFO - Processing file /home/victor/airflow_env/lib/python3.10/site-packages/airflow/example_dags/example_time_delta_sensor_async.py for tasks to queue
[2024-07-15T10:14:04.155+0100] {logging_mixin.py:188} INFO - [2024-07-15T10:14:04.154+0100] {dagbag.py:545} INFO - Filling up the DagBag from /home/victor/airflow_env/lib/python3.10/site-packages/airflow/example_dags/example_time_delta_sensor_async.py
[2024-07-15T10:14:04.174+0100] {processor.py:840} INFO - DAG(s) 'example_time_delta_sensor_async' retrieved from /home/victor/airflow_env/lib/python3.10/site-packages/airflow/example_dags/example_time_delta_sensor_async.py
[2024-07-15T10:14:04.262+0100] {logging_mixin.py:188} INFO - [2024-07-15T10:14:04.261+0100] {dag.py:3096} INFO - Sync 1 DAGs
[2024-07-15T10:14:04.328+0100] {logging_mixin.py:188} INFO - [2024-07-15T10:14:04.327+0100] {dag.py:3954} INFO - Setting next_dagrun for example_time_delta_sensor_async to None, run_after=None
[2024-07-15T10:14:04.663+0100] {processor.py:183} INFO - Processing /home/victor/airflow_env/lib/python3.10/site-packages/airflow/example_dags/example_time_delta_sensor_async.py took 0.547 seconds
[2024-07-15T10:15:35.348+0100] {processor.py:161} INFO - Started process (PID=21170) to work on /home/victor/airflow_env/lib/python3.10/site-packages/airflow/example_dags/example_time_delta_sensor_async.py
[2024-07-15T10:15:35.352+0100] {processor.py:830} INFO - Processing file /home/victor/airflow_env/lib/python3.10/site-packages/airflow/example_dags/example_time_delta_sensor_async.py for tasks to queue
[2024-07-15T10:15:35.359+0100] {logging_mixin.py:188} INFO - [2024-07-15T10:15:35.357+0100] {dagbag.py:545} INFO - Filling up the DagBag from /home/victor/airflow_env/lib/python3.10/site-packages/airflow/example_dags/example_time_delta_sensor_async.py
[2024-07-15T10:15:35.382+0100] {processor.py:840} INFO - DAG(s) 'example_time_delta_sensor_async' retrieved from /home/victor/airflow_env/lib/python3.10/site-packages/airflow/example_dags/example_time_delta_sensor_async.py
[2024-07-15T10:15:35.486+0100] {logging_mixin.py:188} INFO - [2024-07-15T10:15:35.485+0100] {dag.py:3096} INFO - Sync 1 DAGs
[2024-07-15T10:15:35.551+0100] {logging_mixin.py:188} INFO - [2024-07-15T10:15:35.551+0100] {dag.py:3954} INFO - Setting next_dagrun for example_time_delta_sensor_async to None, run_after=None
[2024-07-15T10:15:35.886+0100] {processor.py:183} INFO - Processing /home/victor/airflow_env/lib/python3.10/site-packages/airflow/example_dags/example_time_delta_sensor_async.py took 0.567 seconds
[2024-07-15T10:17:04.724+0100] {processor.py:161} INFO - Started process (PID=21762) to work on /home/victor/airflow_env/lib/python3.10/site-packages/airflow/example_dags/example_time_delta_sensor_async.py
[2024-07-15T10:17:04.731+0100] {processor.py:830} INFO - Processing file /home/victor/airflow_env/lib/python3.10/site-packages/airflow/example_dags/example_time_delta_sensor_async.py for tasks to queue
[2024-07-15T10:17:04.742+0100] {logging_mixin.py:188} INFO - [2024-07-15T10:17:04.740+0100] {dagbag.py:545} INFO - Filling up the DagBag from /home/victor/airflow_env/lib/python3.10/site-packages/airflow/example_dags/example_time_delta_sensor_async.py
[2024-07-15T10:17:04.774+0100] {processor.py:840} INFO - DAG(s) 'example_time_delta_sensor_async' retrieved from /home/victor/airflow_env/lib/python3.10/site-packages/airflow/example_dags/example_time_delta_sensor_async.py
[2024-07-15T10:17:04.986+0100] {logging_mixin.py:188} INFO - [2024-07-15T10:17:04.985+0100] {dag.py:3096} INFO - Sync 1 DAGs
[2024-07-15T10:17:05.068+0100] {logging_mixin.py:188} INFO - [2024-07-15T10:17:05.067+0100] {dag.py:3954} INFO - Setting next_dagrun for example_time_delta_sensor_async to None, run_after=None
[2024-07-15T10:17:05.957+0100] {processor.py:183} INFO - Processing /home/victor/airflow_env/lib/python3.10/site-packages/airflow/example_dags/example_time_delta_sensor_async.py took 1.269 seconds
[2024-07-15T10:18:25.351+0100] {processor.py:161} INFO - Started process (PID=22280) to work on /home/victor/airflow_env/lib/python3.10/site-packages/airflow/example_dags/example_time_delta_sensor_async.py
[2024-07-15T10:18:25.355+0100] {processor.py:830} INFO - Processing file /home/victor/airflow_env/lib/python3.10/site-packages/airflow/example_dags/example_time_delta_sensor_async.py for tasks to queue
[2024-07-15T10:18:25.362+0100] {logging_mixin.py:188} INFO - [2024-07-15T10:18:25.361+0100] {dagbag.py:545} INFO - Filling up the DagBag from /home/victor/airflow_env/lib/python3.10/site-packages/airflow/example_dags/example_time_delta_sensor_async.py
[2024-07-15T10:18:25.390+0100] {processor.py:840} INFO - DAG(s) 'example_time_delta_sensor_async' retrieved from /home/victor/airflow_env/lib/python3.10/site-packages/airflow/example_dags/example_time_delta_sensor_async.py
[2024-07-15T10:18:25.484+0100] {logging_mixin.py:188} INFO - [2024-07-15T10:18:25.483+0100] {dag.py:3096} INFO - Sync 1 DAGs
[2024-07-15T10:18:25.554+0100] {logging_mixin.py:188} INFO - [2024-07-15T10:18:25.553+0100] {dag.py:3954} INFO - Setting next_dagrun for example_time_delta_sensor_async to None, run_after=None
[2024-07-15T10:18:25.998+0100] {processor.py:183} INFO - Processing /home/victor/airflow_env/lib/python3.10/site-packages/airflow/example_dags/example_time_delta_sensor_async.py took 0.671 seconds
[2024-07-15T10:20:02.802+0100] {processor.py:161} INFO - Started process (PID=22999) to work on /home/victor/airflow_env/lib/python3.10/site-packages/airflow/example_dags/example_time_delta_sensor_async.py
[2024-07-15T10:20:02.806+0100] {processor.py:830} INFO - Processing file /home/victor/airflow_env/lib/python3.10/site-packages/airflow/example_dags/example_time_delta_sensor_async.py for tasks to queue
[2024-07-15T10:20:02.824+0100] {logging_mixin.py:188} INFO - [2024-07-15T10:20:02.822+0100] {dagbag.py:545} INFO - Filling up the DagBag from /home/victor/airflow_env/lib/python3.10/site-packages/airflow/example_dags/example_time_delta_sensor_async.py
[2024-07-15T10:20:02.902+0100] {processor.py:840} INFO - DAG(s) 'example_time_delta_sensor_async' retrieved from /home/victor/airflow_env/lib/python3.10/site-packages/airflow/example_dags/example_time_delta_sensor_async.py
[2024-07-15T10:20:03.023+0100] {logging_mixin.py:188} INFO - [2024-07-15T10:20:03.022+0100] {dag.py:3096} INFO - Sync 1 DAGs
[2024-07-15T10:20:03.136+0100] {logging_mixin.py:188} INFO - [2024-07-15T10:20:03.133+0100] {dag.py:3954} INFO - Setting next_dagrun for example_time_delta_sensor_async to None, run_after=None
[2024-07-15T10:20:03.476+0100] {processor.py:183} INFO - Processing /home/victor/airflow_env/lib/python3.10/site-packages/airflow/example_dags/example_time_delta_sensor_async.py took 0.708 seconds
[2024-07-15T10:21:59.344+0100] {processor.py:161} INFO - Started process (PID=23814) to work on /home/victor/airflow_env/lib/python3.10/site-packages/airflow/example_dags/example_time_delta_sensor_async.py
[2024-07-15T10:21:59.348+0100] {processor.py:830} INFO - Processing file /home/victor/airflow_env/lib/python3.10/site-packages/airflow/example_dags/example_time_delta_sensor_async.py for tasks to queue
[2024-07-15T10:21:59.355+0100] {logging_mixin.py:188} INFO - [2024-07-15T10:21:59.354+0100] {dagbag.py:545} INFO - Filling up the DagBag from /home/victor/airflow_env/lib/python3.10/site-packages/airflow/example_dags/example_time_delta_sensor_async.py
[2024-07-15T10:21:59.380+0100] {processor.py:840} INFO - DAG(s) 'example_time_delta_sensor_async' retrieved from /home/victor/airflow_env/lib/python3.10/site-packages/airflow/example_dags/example_time_delta_sensor_async.py
[2024-07-15T10:21:59.466+0100] {logging_mixin.py:188} INFO - [2024-07-15T10:21:59.465+0100] {dag.py:3096} INFO - Sync 1 DAGs
[2024-07-15T10:21:59.528+0100] {logging_mixin.py:188} INFO - [2024-07-15T10:21:59.527+0100] {dag.py:3954} INFO - Setting next_dagrun for example_time_delta_sensor_async to None, run_after=None
[2024-07-15T10:21:59.891+0100] {processor.py:183} INFO - Processing /home/victor/airflow_env/lib/python3.10/site-packages/airflow/example_dags/example_time_delta_sensor_async.py took 0.571 seconds
[2024-07-15T10:24:11.711+0100] {processor.py:161} INFO - Started process (PID=25019) to work on /home/victor/airflow_env/lib/python3.10/site-packages/airflow/example_dags/example_time_delta_sensor_async.py
[2024-07-15T10:24:11.716+0100] {processor.py:830} INFO - Processing file /home/victor/airflow_env/lib/python3.10/site-packages/airflow/example_dags/example_time_delta_sensor_async.py for tasks to queue
[2024-07-15T10:24:11.728+0100] {logging_mixin.py:188} INFO - [2024-07-15T10:24:11.726+0100] {dagbag.py:545} INFO - Filling up the DagBag from /home/victor/airflow_env/lib/python3.10/site-packages/airflow/example_dags/example_time_delta_sensor_async.py
[2024-07-15T10:24:11.751+0100] {processor.py:840} INFO - DAG(s) 'example_time_delta_sensor_async' retrieved from /home/victor/airflow_env/lib/python3.10/site-packages/airflow/example_dags/example_time_delta_sensor_async.py
[2024-07-15T10:24:11.883+0100] {logging_mixin.py:188} INFO - [2024-07-15T10:24:11.882+0100] {dag.py:3096} INFO - Sync 1 DAGs
[2024-07-15T10:24:11.991+0100] {logging_mixin.py:188} INFO - [2024-07-15T10:24:11.990+0100] {dag.py:3954} INFO - Setting next_dagrun for example_time_delta_sensor_async to None, run_after=None
[2024-07-15T10:24:12.501+0100] {processor.py:183} INFO - Processing /home/victor/airflow_env/lib/python3.10/site-packages/airflow/example_dags/example_time_delta_sensor_async.py took 0.860 seconds
[2024-07-15T10:25:55.113+0100] {processor.py:161} INFO - Started process (PID=25578) to work on /home/victor/airflow_env/lib/python3.10/site-packages/airflow/example_dags/example_time_delta_sensor_async.py
[2024-07-15T10:25:55.118+0100] {processor.py:830} INFO - Processing file /home/victor/airflow_env/lib/python3.10/site-packages/airflow/example_dags/example_time_delta_sensor_async.py for tasks to queue
[2024-07-15T10:25:55.127+0100] {logging_mixin.py:188} INFO - [2024-07-15T10:25:55.123+0100] {dagbag.py:545} INFO - Filling up the DagBag from /home/victor/airflow_env/lib/python3.10/site-packages/airflow/example_dags/example_time_delta_sensor_async.py
[2024-07-15T10:25:55.158+0100] {processor.py:840} INFO - DAG(s) 'example_time_delta_sensor_async' retrieved from /home/victor/airflow_env/lib/python3.10/site-packages/airflow/example_dags/example_time_delta_sensor_async.py
[2024-07-15T10:25:55.286+0100] {logging_mixin.py:188} INFO - [2024-07-15T10:25:55.285+0100] {dag.py:3096} INFO - Sync 1 DAGs
[2024-07-15T10:25:55.369+0100] {logging_mixin.py:188} INFO - [2024-07-15T10:25:55.367+0100] {dag.py:3954} INFO - Setting next_dagrun for example_time_delta_sensor_async to None, run_after=None
[2024-07-15T10:25:55.713+0100] {processor.py:183} INFO - Processing /home/victor/airflow_env/lib/python3.10/site-packages/airflow/example_dags/example_time_delta_sensor_async.py took 0.633 seconds
[2024-07-15T10:27:44.868+0100] {processor.py:161} INFO - Started process (PID=26404) to work on /home/victor/airflow_env/lib/python3.10/site-packages/airflow/example_dags/example_time_delta_sensor_async.py
[2024-07-15T10:27:44.872+0100] {processor.py:830} INFO - Processing file /home/victor/airflow_env/lib/python3.10/site-packages/airflow/example_dags/example_time_delta_sensor_async.py for tasks to queue
[2024-07-15T10:27:44.880+0100] {logging_mixin.py:188} INFO - [2024-07-15T10:27:44.879+0100] {dagbag.py:545} INFO - Filling up the DagBag from /home/victor/airflow_env/lib/python3.10/site-packages/airflow/example_dags/example_time_delta_sensor_async.py
[2024-07-15T10:27:44.917+0100] {processor.py:840} INFO - DAG(s) 'example_time_delta_sensor_async' retrieved from /home/victor/airflow_env/lib/python3.10/site-packages/airflow/example_dags/example_time_delta_sensor_async.py
[2024-07-15T10:27:45.075+0100] {logging_mixin.py:188} INFO - [2024-07-15T10:27:45.074+0100] {dag.py:3096} INFO - Sync 1 DAGs
[2024-07-15T10:27:45.182+0100] {logging_mixin.py:188} INFO - [2024-07-15T10:27:45.180+0100] {dag.py:3954} INFO - Setting next_dagrun for example_time_delta_sensor_async to None, run_after=None
[2024-07-15T10:27:45.797+0100] {processor.py:183} INFO - Processing /home/victor/airflow_env/lib/python3.10/site-packages/airflow/example_dags/example_time_delta_sensor_async.py took 0.967 seconds
[2024-07-15T10:29:09.380+0100] {processor.py:161} INFO - Started process (PID=26848) to work on /home/victor/airflow_env/lib/python3.10/site-packages/airflow/example_dags/example_time_delta_sensor_async.py
[2024-07-15T10:29:09.386+0100] {processor.py:830} INFO - Processing file /home/victor/airflow_env/lib/python3.10/site-packages/airflow/example_dags/example_time_delta_sensor_async.py for tasks to queue
[2024-07-15T10:29:09.395+0100] {logging_mixin.py:188} INFO - [2024-07-15T10:29:09.394+0100] {dagbag.py:545} INFO - Filling up the DagBag from /home/victor/airflow_env/lib/python3.10/site-packages/airflow/example_dags/example_time_delta_sensor_async.py
[2024-07-15T10:29:09.442+0100] {processor.py:840} INFO - DAG(s) 'example_time_delta_sensor_async' retrieved from /home/victor/airflow_env/lib/python3.10/site-packages/airflow/example_dags/example_time_delta_sensor_async.py
[2024-07-15T10:29:09.760+0100] {logging_mixin.py:188} INFO - [2024-07-15T10:29:09.758+0100] {dag.py:3096} INFO - Sync 1 DAGs
[2024-07-15T10:29:09.975+0100] {logging_mixin.py:188} INFO - [2024-07-15T10:29:09.962+0100] {dag.py:3954} INFO - Setting next_dagrun for example_time_delta_sensor_async to None, run_after=None
[2024-07-15T10:29:10.473+0100] {processor.py:183} INFO - Processing /home/victor/airflow_env/lib/python3.10/site-packages/airflow/example_dags/example_time_delta_sensor_async.py took 1.137 seconds
[2024-07-15T10:30:26.550+0100] {processor.py:161} INFO - Started process (PID=27271) to work on /home/victor/airflow_env/lib/python3.10/site-packages/airflow/example_dags/example_time_delta_sensor_async.py
[2024-07-15T10:30:26.554+0100] {processor.py:830} INFO - Processing file /home/victor/airflow_env/lib/python3.10/site-packages/airflow/example_dags/example_time_delta_sensor_async.py for tasks to queue
[2024-07-15T10:30:26.564+0100] {logging_mixin.py:188} INFO - [2024-07-15T10:30:26.563+0100] {dagbag.py:545} INFO - Filling up the DagBag from /home/victor/airflow_env/lib/python3.10/site-packages/airflow/example_dags/example_time_delta_sensor_async.py
[2024-07-15T10:30:26.591+0100] {processor.py:840} INFO - DAG(s) 'example_time_delta_sensor_async' retrieved from /home/victor/airflow_env/lib/python3.10/site-packages/airflow/example_dags/example_time_delta_sensor_async.py
[2024-07-15T10:30:26.678+0100] {logging_mixin.py:188} INFO - [2024-07-15T10:30:26.677+0100] {dag.py:3096} INFO - Sync 1 DAGs
[2024-07-15T10:30:26.739+0100] {logging_mixin.py:188} INFO - [2024-07-15T10:30:26.738+0100] {dag.py:3954} INFO - Setting next_dagrun for example_time_delta_sensor_async to None, run_after=None
[2024-07-15T10:30:27.085+0100] {processor.py:183} INFO - Processing /home/victor/airflow_env/lib/python3.10/site-packages/airflow/example_dags/example_time_delta_sensor_async.py took 0.561 seconds
[2024-07-15T10:31:45.097+0100] {processor.py:161} INFO - Started process (PID=27670) to work on /home/victor/airflow_env/lib/python3.10/site-packages/airflow/example_dags/example_time_delta_sensor_async.py
[2024-07-15T10:31:45.101+0100] {processor.py:830} INFO - Processing file /home/victor/airflow_env/lib/python3.10/site-packages/airflow/example_dags/example_time_delta_sensor_async.py for tasks to queue
[2024-07-15T10:31:45.109+0100] {logging_mixin.py:188} INFO - [2024-07-15T10:31:45.107+0100] {dagbag.py:545} INFO - Filling up the DagBag from /home/victor/airflow_env/lib/python3.10/site-packages/airflow/example_dags/example_time_delta_sensor_async.py
[2024-07-15T10:31:45.130+0100] {processor.py:840} INFO - DAG(s) 'example_time_delta_sensor_async' retrieved from /home/victor/airflow_env/lib/python3.10/site-packages/airflow/example_dags/example_time_delta_sensor_async.py
[2024-07-15T10:31:45.224+0100] {logging_mixin.py:188} INFO - [2024-07-15T10:31:45.224+0100] {dag.py:3096} INFO - Sync 1 DAGs
[2024-07-15T10:31:45.284+0100] {logging_mixin.py:188} INFO - [2024-07-15T10:31:45.283+0100] {dag.py:3954} INFO - Setting next_dagrun for example_time_delta_sensor_async to None, run_after=None
[2024-07-15T10:31:45.574+0100] {processor.py:183} INFO - Processing /home/victor/airflow_env/lib/python3.10/site-packages/airflow/example_dags/example_time_delta_sensor_async.py took 0.501 seconds
[2024-07-15T10:33:11.480+0100] {processor.py:161} INFO - Started process (PID=28145) to work on /home/victor/airflow_env/lib/python3.10/site-packages/airflow/example_dags/example_time_delta_sensor_async.py
[2024-07-15T10:33:11.484+0100] {processor.py:830} INFO - Processing file /home/victor/airflow_env/lib/python3.10/site-packages/airflow/example_dags/example_time_delta_sensor_async.py for tasks to queue
[2024-07-15T10:33:11.496+0100] {logging_mixin.py:188} INFO - [2024-07-15T10:33:11.494+0100] {dagbag.py:545} INFO - Filling up the DagBag from /home/victor/airflow_env/lib/python3.10/site-packages/airflow/example_dags/example_time_delta_sensor_async.py
[2024-07-15T10:33:11.523+0100] {processor.py:840} INFO - DAG(s) 'example_time_delta_sensor_async' retrieved from /home/victor/airflow_env/lib/python3.10/site-packages/airflow/example_dags/example_time_delta_sensor_async.py
[2024-07-15T10:33:11.669+0100] {logging_mixin.py:188} INFO - [2024-07-15T10:33:11.668+0100] {dag.py:3096} INFO - Sync 1 DAGs
[2024-07-15T10:33:11.795+0100] {logging_mixin.py:188} INFO - [2024-07-15T10:33:11.793+0100] {dag.py:3954} INFO - Setting next_dagrun for example_time_delta_sensor_async to None, run_after=None
[2024-07-15T10:33:12.247+0100] {processor.py:183} INFO - Processing /home/victor/airflow_env/lib/python3.10/site-packages/airflow/example_dags/example_time_delta_sensor_async.py took 0.798 seconds
[2024-07-15T10:34:46.303+0100] {processor.py:161} INFO - Started process (PID=28876) to work on /home/victor/airflow_env/lib/python3.10/site-packages/airflow/example_dags/example_time_delta_sensor_async.py
[2024-07-15T10:34:46.308+0100] {processor.py:830} INFO - Processing file /home/victor/airflow_env/lib/python3.10/site-packages/airflow/example_dags/example_time_delta_sensor_async.py for tasks to queue
[2024-07-15T10:34:46.318+0100] {logging_mixin.py:188} INFO - [2024-07-15T10:34:46.314+0100] {dagbag.py:545} INFO - Filling up the DagBag from /home/victor/airflow_env/lib/python3.10/site-packages/airflow/example_dags/example_time_delta_sensor_async.py
[2024-07-15T10:34:46.352+0100] {processor.py:840} INFO - DAG(s) 'example_time_delta_sensor_async' retrieved from /home/victor/airflow_env/lib/python3.10/site-packages/airflow/example_dags/example_time_delta_sensor_async.py
[2024-07-15T10:34:46.453+0100] {logging_mixin.py:188} INFO - [2024-07-15T10:34:46.452+0100] {dag.py:3096} INFO - Sync 1 DAGs
[2024-07-15T10:34:46.518+0100] {logging_mixin.py:188} INFO - [2024-07-15T10:34:46.517+0100] {dag.py:3954} INFO - Setting next_dagrun for example_time_delta_sensor_async to None, run_after=None
[2024-07-15T10:34:46.810+0100] {processor.py:183} INFO - Processing /home/victor/airflow_env/lib/python3.10/site-packages/airflow/example_dags/example_time_delta_sensor_async.py took 0.538 seconds
[2024-07-15T10:36:03.701+0100] {processor.py:161} INFO - Started process (PID=29274) to work on /home/victor/airflow_env/lib/python3.10/site-packages/airflow/example_dags/example_time_delta_sensor_async.py
[2024-07-15T10:36:03.712+0100] {processor.py:830} INFO - Processing file /home/victor/airflow_env/lib/python3.10/site-packages/airflow/example_dags/example_time_delta_sensor_async.py for tasks to queue
[2024-07-15T10:36:03.723+0100] {logging_mixin.py:188} INFO - [2024-07-15T10:36:03.722+0100] {dagbag.py:545} INFO - Filling up the DagBag from /home/victor/airflow_env/lib/python3.10/site-packages/airflow/example_dags/example_time_delta_sensor_async.py
[2024-07-15T10:36:03.746+0100] {processor.py:840} INFO - DAG(s) 'example_time_delta_sensor_async' retrieved from /home/victor/airflow_env/lib/python3.10/site-packages/airflow/example_dags/example_time_delta_sensor_async.py
[2024-07-15T10:36:03.855+0100] {logging_mixin.py:188} INFO - [2024-07-15T10:36:03.854+0100] {dag.py:3096} INFO - Sync 1 DAGs
[2024-07-15T10:36:03.928+0100] {logging_mixin.py:188} INFO - [2024-07-15T10:36:03.927+0100] {dag.py:3954} INFO - Setting next_dagrun for example_time_delta_sensor_async to None, run_after=None
[2024-07-15T10:36:04.230+0100] {processor.py:183} INFO - Processing /home/victor/airflow_env/lib/python3.10/site-packages/airflow/example_dags/example_time_delta_sensor_async.py took 0.562 seconds
[2024-07-15T10:37:32.545+0100] {processor.py:161} INFO - Started process (PID=29828) to work on /home/victor/airflow_env/lib/python3.10/site-packages/airflow/example_dags/example_time_delta_sensor_async.py
[2024-07-15T10:37:32.550+0100] {processor.py:830} INFO - Processing file /home/victor/airflow_env/lib/python3.10/site-packages/airflow/example_dags/example_time_delta_sensor_async.py for tasks to queue
[2024-07-15T10:37:32.556+0100] {logging_mixin.py:188} INFO - [2024-07-15T10:37:32.555+0100] {dagbag.py:545} INFO - Filling up the DagBag from /home/victor/airflow_env/lib/python3.10/site-packages/airflow/example_dags/example_time_delta_sensor_async.py
[2024-07-15T10:37:32.579+0100] {processor.py:840} INFO - DAG(s) 'example_time_delta_sensor_async' retrieved from /home/victor/airflow_env/lib/python3.10/site-packages/airflow/example_dags/example_time_delta_sensor_async.py
[2024-07-15T10:37:32.677+0100] {logging_mixin.py:188} INFO - [2024-07-15T10:37:32.676+0100] {dag.py:3096} INFO - Sync 1 DAGs
[2024-07-15T10:37:32.747+0100] {logging_mixin.py:188} INFO - [2024-07-15T10:37:32.746+0100] {dag.py:3954} INFO - Setting next_dagrun for example_time_delta_sensor_async to None, run_after=None
[2024-07-15T10:37:33.025+0100] {processor.py:183} INFO - Processing /home/victor/airflow_env/lib/python3.10/site-packages/airflow/example_dags/example_time_delta_sensor_async.py took 0.516 seconds
[2024-07-15T10:38:57.555+0100] {processor.py:161} INFO - Started process (PID=30280) to work on /home/victor/airflow_env/lib/python3.10/site-packages/airflow/example_dags/example_time_delta_sensor_async.py
[2024-07-15T10:38:57.559+0100] {processor.py:830} INFO - Processing file /home/victor/airflow_env/lib/python3.10/site-packages/airflow/example_dags/example_time_delta_sensor_async.py for tasks to queue
[2024-07-15T10:38:57.571+0100] {logging_mixin.py:188} INFO - [2024-07-15T10:38:57.569+0100] {dagbag.py:545} INFO - Filling up the DagBag from /home/victor/airflow_env/lib/python3.10/site-packages/airflow/example_dags/example_time_delta_sensor_async.py
[2024-07-15T10:38:57.592+0100] {processor.py:840} INFO - DAG(s) 'example_time_delta_sensor_async' retrieved from /home/victor/airflow_env/lib/python3.10/site-packages/airflow/example_dags/example_time_delta_sensor_async.py
[2024-07-15T10:38:57.691+0100] {logging_mixin.py:188} INFO - [2024-07-15T10:38:57.690+0100] {dag.py:3096} INFO - Sync 1 DAGs
[2024-07-15T10:38:57.756+0100] {logging_mixin.py:188} INFO - [2024-07-15T10:38:57.755+0100] {dag.py:3954} INFO - Setting next_dagrun for example_time_delta_sensor_async to None, run_after=None
[2024-07-15T10:38:58.063+0100] {processor.py:183} INFO - Processing /home/victor/airflow_env/lib/python3.10/site-packages/airflow/example_dags/example_time_delta_sensor_async.py took 0.534 seconds
[2024-07-15T10:40:08.965+0100] {processor.py:161} INFO - Started process (PID=30645) to work on /home/victor/airflow_env/lib/python3.10/site-packages/airflow/example_dags/example_time_delta_sensor_async.py
[2024-07-15T10:40:08.969+0100] {processor.py:830} INFO - Processing file /home/victor/airflow_env/lib/python3.10/site-packages/airflow/example_dags/example_time_delta_sensor_async.py for tasks to queue
[2024-07-15T10:40:08.978+0100] {logging_mixin.py:188} INFO - [2024-07-15T10:40:08.977+0100] {dagbag.py:545} INFO - Filling up the DagBag from /home/victor/airflow_env/lib/python3.10/site-packages/airflow/example_dags/example_time_delta_sensor_async.py
[2024-07-15T10:40:09.000+0100] {processor.py:840} INFO - DAG(s) 'example_time_delta_sensor_async' retrieved from /home/victor/airflow_env/lib/python3.10/site-packages/airflow/example_dags/example_time_delta_sensor_async.py
[2024-07-15T10:40:09.091+0100] {logging_mixin.py:188} INFO - [2024-07-15T10:40:09.090+0100] {dag.py:3096} INFO - Sync 1 DAGs
[2024-07-15T10:40:09.153+0100] {logging_mixin.py:188} INFO - [2024-07-15T10:40:09.152+0100] {dag.py:3954} INFO - Setting next_dagrun for example_time_delta_sensor_async to None, run_after=None
[2024-07-15T10:40:09.490+0100] {processor.py:183} INFO - Processing /home/victor/airflow_env/lib/python3.10/site-packages/airflow/example_dags/example_time_delta_sensor_async.py took 0.548 seconds
[2024-07-15T10:41:27.257+0100] {processor.py:161} INFO - Started process (PID=31048) to work on /home/victor/airflow_env/lib/python3.10/site-packages/airflow/example_dags/example_time_delta_sensor_async.py
[2024-07-15T10:41:27.262+0100] {processor.py:830} INFO - Processing file /home/victor/airflow_env/lib/python3.10/site-packages/airflow/example_dags/example_time_delta_sensor_async.py for tasks to queue
[2024-07-15T10:41:27.272+0100] {logging_mixin.py:188} INFO - [2024-07-15T10:41:27.270+0100] {dagbag.py:545} INFO - Filling up the DagBag from /home/victor/airflow_env/lib/python3.10/site-packages/airflow/example_dags/example_time_delta_sensor_async.py
[2024-07-15T10:41:27.293+0100] {processor.py:840} INFO - DAG(s) 'example_time_delta_sensor_async' retrieved from /home/victor/airflow_env/lib/python3.10/site-packages/airflow/example_dags/example_time_delta_sensor_async.py
[2024-07-15T10:41:27.382+0100] {logging_mixin.py:188} INFO - [2024-07-15T10:41:27.382+0100] {dag.py:3096} INFO - Sync 1 DAGs
[2024-07-15T10:41:27.444+0100] {logging_mixin.py:188} INFO - [2024-07-15T10:41:27.443+0100] {dag.py:3954} INFO - Setting next_dagrun for example_time_delta_sensor_async to None, run_after=None
[2024-07-15T10:41:27.907+0100] {processor.py:183} INFO - Processing /home/victor/airflow_env/lib/python3.10/site-packages/airflow/example_dags/example_time_delta_sensor_async.py took 0.675 seconds
[2024-07-15T10:42:40.746+0100] {processor.py:161} INFO - Started process (PID=31455) to work on /home/victor/airflow_env/lib/python3.10/site-packages/airflow/example_dags/example_time_delta_sensor_async.py
[2024-07-15T10:42:40.750+0100] {processor.py:830} INFO - Processing file /home/victor/airflow_env/lib/python3.10/site-packages/airflow/example_dags/example_time_delta_sensor_async.py for tasks to queue
[2024-07-15T10:42:40.758+0100] {logging_mixin.py:188} INFO - [2024-07-15T10:42:40.757+0100] {dagbag.py:545} INFO - Filling up the DagBag from /home/victor/airflow_env/lib/python3.10/site-packages/airflow/example_dags/example_time_delta_sensor_async.py
[2024-07-15T10:42:40.785+0100] {processor.py:840} INFO - DAG(s) 'example_time_delta_sensor_async' retrieved from /home/victor/airflow_env/lib/python3.10/site-packages/airflow/example_dags/example_time_delta_sensor_async.py
[2024-07-15T10:42:40.884+0100] {logging_mixin.py:188} INFO - [2024-07-15T10:42:40.883+0100] {dag.py:3096} INFO - Sync 1 DAGs
[2024-07-15T10:42:40.951+0100] {logging_mixin.py:188} INFO - [2024-07-15T10:42:40.950+0100] {dag.py:3954} INFO - Setting next_dagrun for example_time_delta_sensor_async to None, run_after=None
[2024-07-15T10:42:41.237+0100] {processor.py:183} INFO - Processing /home/victor/airflow_env/lib/python3.10/site-packages/airflow/example_dags/example_time_delta_sensor_async.py took 0.517 seconds
[2024-07-15T10:43:59.817+0100] {processor.py:161} INFO - Started process (PID=31865) to work on /home/victor/airflow_env/lib/python3.10/site-packages/airflow/example_dags/example_time_delta_sensor_async.py
[2024-07-15T10:43:59.821+0100] {processor.py:830} INFO - Processing file /home/victor/airflow_env/lib/python3.10/site-packages/airflow/example_dags/example_time_delta_sensor_async.py for tasks to queue
[2024-07-15T10:43:59.834+0100] {logging_mixin.py:188} INFO - [2024-07-15T10:43:59.832+0100] {dagbag.py:545} INFO - Filling up the DagBag from /home/victor/airflow_env/lib/python3.10/site-packages/airflow/example_dags/example_time_delta_sensor_async.py
[2024-07-15T10:43:59.861+0100] {processor.py:840} INFO - DAG(s) 'example_time_delta_sensor_async' retrieved from /home/victor/airflow_env/lib/python3.10/site-packages/airflow/example_dags/example_time_delta_sensor_async.py
[2024-07-15T10:43:59.967+0100] {logging_mixin.py:188} INFO - [2024-07-15T10:43:59.967+0100] {dag.py:3096} INFO - Sync 1 DAGs
[2024-07-15T10:44:00.064+0100] {logging_mixin.py:188} INFO - [2024-07-15T10:44:00.063+0100] {dag.py:3954} INFO - Setting next_dagrun for example_time_delta_sensor_async to None, run_after=None
[2024-07-15T10:44:00.445+0100] {processor.py:183} INFO - Processing /home/victor/airflow_env/lib/python3.10/site-packages/airflow/example_dags/example_time_delta_sensor_async.py took 0.660 seconds
[2024-07-15T10:45:10.919+0100] {processor.py:161} INFO - Started process (PID=32237) to work on /home/victor/airflow_env/lib/python3.10/site-packages/airflow/example_dags/example_time_delta_sensor_async.py
[2024-07-15T10:45:10.923+0100] {processor.py:830} INFO - Processing file /home/victor/airflow_env/lib/python3.10/site-packages/airflow/example_dags/example_time_delta_sensor_async.py for tasks to queue
[2024-07-15T10:45:10.931+0100] {logging_mixin.py:188} INFO - [2024-07-15T10:45:10.929+0100] {dagbag.py:545} INFO - Filling up the DagBag from /home/victor/airflow_env/lib/python3.10/site-packages/airflow/example_dags/example_time_delta_sensor_async.py
[2024-07-15T10:45:10.953+0100] {processor.py:840} INFO - DAG(s) 'example_time_delta_sensor_async' retrieved from /home/victor/airflow_env/lib/python3.10/site-packages/airflow/example_dags/example_time_delta_sensor_async.py
[2024-07-15T10:45:11.056+0100] {logging_mixin.py:188} INFO - [2024-07-15T10:45:11.054+0100] {dag.py:3096} INFO - Sync 1 DAGs
[2024-07-15T10:45:11.127+0100] {logging_mixin.py:188} INFO - [2024-07-15T10:45:11.126+0100] {dag.py:3954} INFO - Setting next_dagrun for example_time_delta_sensor_async to None, run_after=None
[2024-07-15T10:45:11.424+0100] {processor.py:183} INFO - Processing /home/victor/airflow_env/lib/python3.10/site-packages/airflow/example_dags/example_time_delta_sensor_async.py took 0.532 seconds
[2024-07-15T10:46:21.303+0100] {processor.py:161} INFO - Started process (PID=32597) to work on /home/victor/airflow_env/lib/python3.10/site-packages/airflow/example_dags/example_time_delta_sensor_async.py
[2024-07-15T10:46:21.306+0100] {processor.py:830} INFO - Processing file /home/victor/airflow_env/lib/python3.10/site-packages/airflow/example_dags/example_time_delta_sensor_async.py for tasks to queue
[2024-07-15T10:46:21.316+0100] {logging_mixin.py:188} INFO - [2024-07-15T10:46:21.315+0100] {dagbag.py:545} INFO - Filling up the DagBag from /home/victor/airflow_env/lib/python3.10/site-packages/airflow/example_dags/example_time_delta_sensor_async.py
[2024-07-15T10:46:21.335+0100] {processor.py:840} INFO - DAG(s) 'example_time_delta_sensor_async' retrieved from /home/victor/airflow_env/lib/python3.10/site-packages/airflow/example_dags/example_time_delta_sensor_async.py
[2024-07-15T10:46:21.422+0100] {logging_mixin.py:188} INFO - [2024-07-15T10:46:21.421+0100] {dag.py:3096} INFO - Sync 1 DAGs
[2024-07-15T10:46:21.490+0100] {logging_mixin.py:188} INFO - [2024-07-15T10:46:21.489+0100] {dag.py:3954} INFO - Setting next_dagrun for example_time_delta_sensor_async to None, run_after=None
[2024-07-15T10:46:21.839+0100] {processor.py:183} INFO - Processing /home/victor/airflow_env/lib/python3.10/site-packages/airflow/example_dags/example_time_delta_sensor_async.py took 0.560 seconds
[2024-07-15T10:47:42.707+0100] {processor.py:161} INFO - Started process (PID=33050) to work on /home/victor/airflow_env/lib/python3.10/site-packages/airflow/example_dags/example_time_delta_sensor_async.py
[2024-07-15T10:47:42.712+0100] {processor.py:830} INFO - Processing file /home/victor/airflow_env/lib/python3.10/site-packages/airflow/example_dags/example_time_delta_sensor_async.py for tasks to queue
[2024-07-15T10:47:42.725+0100] {logging_mixin.py:188} INFO - [2024-07-15T10:47:42.723+0100] {dagbag.py:545} INFO - Filling up the DagBag from /home/victor/airflow_env/lib/python3.10/site-packages/airflow/example_dags/example_time_delta_sensor_async.py
[2024-07-15T10:47:42.754+0100] {processor.py:840} INFO - DAG(s) 'example_time_delta_sensor_async' retrieved from /home/victor/airflow_env/lib/python3.10/site-packages/airflow/example_dags/example_time_delta_sensor_async.py
[2024-07-15T10:47:42.869+0100] {logging_mixin.py:188} INFO - [2024-07-15T10:47:42.868+0100] {dag.py:3096} INFO - Sync 1 DAGs
[2024-07-15T10:47:42.945+0100] {logging_mixin.py:188} INFO - [2024-07-15T10:47:42.944+0100] {dag.py:3954} INFO - Setting next_dagrun for example_time_delta_sensor_async to None, run_after=None
[2024-07-15T10:47:43.252+0100] {processor.py:183} INFO - Processing /home/victor/airflow_env/lib/python3.10/site-packages/airflow/example_dags/example_time_delta_sensor_async.py took 0.573 seconds
[2024-07-15T10:49:04.818+0100] {processor.py:161} INFO - Started process (PID=33470) to work on /home/victor/airflow_env/lib/python3.10/site-packages/airflow/example_dags/example_time_delta_sensor_async.py
[2024-07-15T10:49:04.823+0100] {processor.py:830} INFO - Processing file /home/victor/airflow_env/lib/python3.10/site-packages/airflow/example_dags/example_time_delta_sensor_async.py for tasks to queue
[2024-07-15T10:49:04.834+0100] {logging_mixin.py:188} INFO - [2024-07-15T10:49:04.831+0100] {dagbag.py:545} INFO - Filling up the DagBag from /home/victor/airflow_env/lib/python3.10/site-packages/airflow/example_dags/example_time_delta_sensor_async.py
[2024-07-15T10:49:04.859+0100] {processor.py:840} INFO - DAG(s) 'example_time_delta_sensor_async' retrieved from /home/victor/airflow_env/lib/python3.10/site-packages/airflow/example_dags/example_time_delta_sensor_async.py
[2024-07-15T10:49:04.989+0100] {logging_mixin.py:188} INFO - [2024-07-15T10:49:04.988+0100] {dag.py:3096} INFO - Sync 1 DAGs
[2024-07-15T10:49:05.079+0100] {logging_mixin.py:188} INFO - [2024-07-15T10:49:05.078+0100] {dag.py:3954} INFO - Setting next_dagrun for example_time_delta_sensor_async to None, run_after=None
[2024-07-15T10:49:05.456+0100] {processor.py:183} INFO - Processing /home/victor/airflow_env/lib/python3.10/site-packages/airflow/example_dags/example_time_delta_sensor_async.py took 0.666 seconds
[2024-07-15T10:50:48.611+0100] {processor.py:161} INFO - Started process (PID=34362) to work on /home/victor/airflow_env/lib/python3.10/site-packages/airflow/example_dags/example_time_delta_sensor_async.py
[2024-07-15T10:50:48.615+0100] {processor.py:830} INFO - Processing file /home/victor/airflow_env/lib/python3.10/site-packages/airflow/example_dags/example_time_delta_sensor_async.py for tasks to queue
[2024-07-15T10:50:48.625+0100] {logging_mixin.py:188} INFO - [2024-07-15T10:50:48.623+0100] {dagbag.py:545} INFO - Filling up the DagBag from /home/victor/airflow_env/lib/python3.10/site-packages/airflow/example_dags/example_time_delta_sensor_async.py
[2024-07-15T10:50:48.647+0100] {processor.py:840} INFO - DAG(s) 'example_time_delta_sensor_async' retrieved from /home/victor/airflow_env/lib/python3.10/site-packages/airflow/example_dags/example_time_delta_sensor_async.py
[2024-07-15T10:50:48.749+0100] {logging_mixin.py:188} INFO - [2024-07-15T10:50:48.749+0100] {dag.py:3096} INFO - Sync 1 DAGs
[2024-07-15T10:50:48.827+0100] {logging_mixin.py:188} INFO - [2024-07-15T10:50:48.825+0100] {dag.py:3954} INFO - Setting next_dagrun for example_time_delta_sensor_async to None, run_after=None
[2024-07-15T10:50:49.275+0100] {processor.py:183} INFO - Processing /home/victor/airflow_env/lib/python3.10/site-packages/airflow/example_dags/example_time_delta_sensor_async.py took 0.707 seconds
