[2024-07-15T09:47:42.566+0100] {processor.py:161} INFO - Started process (PID=9870) to work on /home/victor/airflow_env/lib/python3.10/site-packages/airflow/example_dags/example_task_group_decorator.py
[2024-07-15T09:47:42.572+0100] {processor.py:830} INFO - Processing file /home/victor/airflow_env/lib/python3.10/site-packages/airflow/example_dags/example_task_group_decorator.py for tasks to queue
[2024-07-15T09:47:42.584+0100] {logging_mixin.py:188} INFO - [2024-07-15T09:47:42.582+0100] {dagbag.py:545} INFO - Filling up the DagBag from /home/victor/airflow_env/lib/python3.10/site-packages/airflow/example_dags/example_task_group_decorator.py
[2024-07-15T09:47:42.705+0100] {processor.py:840} INFO - DAG(s) 'example_task_group_decorator' retrieved from /home/victor/airflow_env/lib/python3.10/site-packages/airflow/example_dags/example_task_group_decorator.py
[2024-07-15T09:47:42.884+0100] {logging_mixin.py:188} INFO - [2024-07-15T09:47:42.883+0100] {dag.py:3096} INFO - Sync 1 DAGs
[2024-07-15T09:47:43.024+0100] {logging_mixin.py:188} INFO - [2024-07-15T09:47:43.023+0100] {dag.py:3954} INFO - Setting next_dagrun for example_task_group_decorator to 2024-07-14 00:00:00+00:00, run_after=2024-07-15 00:00:00+00:00
[2024-07-15T09:47:43.489+0100] {processor.py:183} INFO - Processing /home/victor/airflow_env/lib/python3.10/site-packages/airflow/example_dags/example_task_group_decorator.py took 0.948 seconds
[2024-07-15T09:50:08.935+0100] {processor.py:161} INFO - Started process (PID=11105) to work on /home/victor/airflow_env/lib/python3.10/site-packages/airflow/example_dags/example_task_group_decorator.py
[2024-07-15T09:50:08.939+0100] {processor.py:830} INFO - Processing file /home/victor/airflow_env/lib/python3.10/site-packages/airflow/example_dags/example_task_group_decorator.py for tasks to queue
[2024-07-15T09:50:08.946+0100] {logging_mixin.py:188} INFO - [2024-07-15T09:50:08.944+0100] {dagbag.py:545} INFO - Filling up the DagBag from /home/victor/airflow_env/lib/python3.10/site-packages/airflow/example_dags/example_task_group_decorator.py
[2024-07-15T09:50:09.013+0100] {processor.py:840} INFO - DAG(s) 'example_task_group_decorator' retrieved from /home/victor/airflow_env/lib/python3.10/site-packages/airflow/example_dags/example_task_group_decorator.py
[2024-07-15T09:50:09.139+0100] {logging_mixin.py:188} INFO - [2024-07-15T09:50:09.138+0100] {dag.py:3096} INFO - Sync 1 DAGs
[2024-07-15T09:50:09.239+0100] {logging_mixin.py:188} INFO - [2024-07-15T09:50:09.238+0100] {dag.py:3954} INFO - Setting next_dagrun for example_task_group_decorator to 2024-07-14 00:00:00+00:00, run_after=2024-07-15 00:00:00+00:00
[2024-07-15T09:50:09.507+0100] {processor.py:183} INFO - Processing /home/victor/airflow_env/lib/python3.10/site-packages/airflow/example_dags/example_task_group_decorator.py took 0.595 seconds
[2024-07-15T09:51:29.521+0100] {processor.py:161} INFO - Started process (PID=11588) to work on /home/victor/airflow_env/lib/python3.10/site-packages/airflow/example_dags/example_task_group_decorator.py
[2024-07-15T09:51:29.526+0100] {processor.py:830} INFO - Processing file /home/victor/airflow_env/lib/python3.10/site-packages/airflow/example_dags/example_task_group_decorator.py for tasks to queue
[2024-07-15T09:51:29.534+0100] {logging_mixin.py:188} INFO - [2024-07-15T09:51:29.533+0100] {dagbag.py:545} INFO - Filling up the DagBag from /home/victor/airflow_env/lib/python3.10/site-packages/airflow/example_dags/example_task_group_decorator.py
[2024-07-15T09:51:29.696+0100] {processor.py:840} INFO - DAG(s) 'example_task_group_decorator' retrieved from /home/victor/airflow_env/lib/python3.10/site-packages/airflow/example_dags/example_task_group_decorator.py
[2024-07-15T09:51:29.893+0100] {logging_mixin.py:188} INFO - [2024-07-15T09:51:29.893+0100] {dag.py:3096} INFO - Sync 1 DAGs
[2024-07-15T09:51:30.011+0100] {logging_mixin.py:188} INFO - [2024-07-15T09:51:30.010+0100] {dag.py:3954} INFO - Setting next_dagrun for example_task_group_decorator to 2024-07-14 00:00:00+00:00, run_after=2024-07-15 00:00:00+00:00
[2024-07-15T09:51:30.767+0100] {processor.py:183} INFO - Processing /home/victor/airflow_env/lib/python3.10/site-packages/airflow/example_dags/example_task_group_decorator.py took 1.292 seconds
[2024-07-15T09:53:04.487+0100] {processor.py:161} INFO - Started process (PID=12163) to work on /home/victor/airflow_env/lib/python3.10/site-packages/airflow/example_dags/example_task_group_decorator.py
[2024-07-15T09:53:04.493+0100] {processor.py:830} INFO - Processing file /home/victor/airflow_env/lib/python3.10/site-packages/airflow/example_dags/example_task_group_decorator.py for tasks to queue
[2024-07-15T09:53:04.502+0100] {logging_mixin.py:188} INFO - [2024-07-15T09:53:04.500+0100] {dagbag.py:545} INFO - Filling up the DagBag from /home/victor/airflow_env/lib/python3.10/site-packages/airflow/example_dags/example_task_group_decorator.py
[2024-07-15T09:53:04.657+0100] {processor.py:840} INFO - DAG(s) 'example_task_group_decorator' retrieved from /home/victor/airflow_env/lib/python3.10/site-packages/airflow/example_dags/example_task_group_decorator.py
[2024-07-15T09:53:05.192+0100] {logging_mixin.py:188} INFO - [2024-07-15T09:53:05.191+0100] {dag.py:3096} INFO - Sync 1 DAGs
[2024-07-15T09:53:05.304+0100] {logging_mixin.py:188} INFO - [2024-07-15T09:53:05.302+0100] {dag.py:3954} INFO - Setting next_dagrun for example_task_group_decorator to 2024-07-14 00:00:00+00:00, run_after=2024-07-15 00:00:00+00:00
[2024-07-15T09:53:05.716+0100] {processor.py:183} INFO - Processing /home/victor/airflow_env/lib/python3.10/site-packages/airflow/example_dags/example_task_group_decorator.py took 1.274 seconds
[2024-07-15T09:55:13.672+0100] {processor.py:161} INFO - Started process (PID=13038) to work on /home/victor/airflow_env/lib/python3.10/site-packages/airflow/example_dags/example_task_group_decorator.py
[2024-07-15T09:55:13.677+0100] {processor.py:830} INFO - Processing file /home/victor/airflow_env/lib/python3.10/site-packages/airflow/example_dags/example_task_group_decorator.py for tasks to queue
[2024-07-15T09:55:13.685+0100] {logging_mixin.py:188} INFO - [2024-07-15T09:55:13.684+0100] {dagbag.py:545} INFO - Filling up the DagBag from /home/victor/airflow_env/lib/python3.10/site-packages/airflow/example_dags/example_task_group_decorator.py
[2024-07-15T09:55:13.770+0100] {processor.py:840} INFO - DAG(s) 'example_task_group_decorator' retrieved from /home/victor/airflow_env/lib/python3.10/site-packages/airflow/example_dags/example_task_group_decorator.py
[2024-07-15T09:55:13.948+0100] {logging_mixin.py:188} INFO - [2024-07-15T09:55:13.947+0100] {dag.py:3096} INFO - Sync 1 DAGs
[2024-07-15T09:55:14.063+0100] {logging_mixin.py:188} INFO - [2024-07-15T09:55:14.063+0100] {dag.py:3954} INFO - Setting next_dagrun for example_task_group_decorator to 2024-07-14 00:00:00+00:00, run_after=2024-07-15 00:00:00+00:00
[2024-07-15T09:55:14.395+0100] {processor.py:183} INFO - Processing /home/victor/airflow_env/lib/python3.10/site-packages/airflow/example_dags/example_task_group_decorator.py took 0.749 seconds
[2024-07-15T09:56:43.389+0100] {processor.py:161} INFO - Started process (PID=13827) to work on /home/victor/airflow_env/lib/python3.10/site-packages/airflow/example_dags/example_task_group_decorator.py
[2024-07-15T09:56:43.395+0100] {processor.py:830} INFO - Processing file /home/victor/airflow_env/lib/python3.10/site-packages/airflow/example_dags/example_task_group_decorator.py for tasks to queue
[2024-07-15T09:56:43.414+0100] {logging_mixin.py:188} INFO - [2024-07-15T09:56:43.412+0100] {dagbag.py:545} INFO - Filling up the DagBag from /home/victor/airflow_env/lib/python3.10/site-packages/airflow/example_dags/example_task_group_decorator.py
[2024-07-15T09:56:43.631+0100] {processor.py:840} INFO - DAG(s) 'example_task_group_decorator' retrieved from /home/victor/airflow_env/lib/python3.10/site-packages/airflow/example_dags/example_task_group_decorator.py
[2024-07-15T09:56:43.909+0100] {logging_mixin.py:188} INFO - [2024-07-15T09:56:43.908+0100] {dag.py:3096} INFO - Sync 1 DAGs
[2024-07-15T09:56:44.068+0100] {logging_mixin.py:188} INFO - [2024-07-15T09:56:44.067+0100] {dag.py:3954} INFO - Setting next_dagrun for example_task_group_decorator to 2024-07-14 00:00:00+00:00, run_after=2024-07-15 00:00:00+00:00
[2024-07-15T09:56:44.656+0100] {processor.py:183} INFO - Processing /home/victor/airflow_env/lib/python3.10/site-packages/airflow/example_dags/example_task_group_decorator.py took 1.333 seconds
[2024-07-15T09:58:23.653+0100] {processor.py:161} INFO - Started process (PID=14473) to work on /home/victor/airflow_env/lib/python3.10/site-packages/airflow/example_dags/example_task_group_decorator.py
[2024-07-15T09:58:23.656+0100] {processor.py:830} INFO - Processing file /home/victor/airflow_env/lib/python3.10/site-packages/airflow/example_dags/example_task_group_decorator.py for tasks to queue
[2024-07-15T09:58:23.664+0100] {logging_mixin.py:188} INFO - [2024-07-15T09:58:23.662+0100] {dagbag.py:545} INFO - Filling up the DagBag from /home/victor/airflow_env/lib/python3.10/site-packages/airflow/example_dags/example_task_group_decorator.py
[2024-07-15T09:58:23.744+0100] {processor.py:840} INFO - DAG(s) 'example_task_group_decorator' retrieved from /home/victor/airflow_env/lib/python3.10/site-packages/airflow/example_dags/example_task_group_decorator.py
[2024-07-15T09:58:23.879+0100] {logging_mixin.py:188} INFO - [2024-07-15T09:58:23.878+0100] {dag.py:3096} INFO - Sync 1 DAGs
[2024-07-15T09:58:24.016+0100] {logging_mixin.py:188} INFO - [2024-07-15T09:58:24.015+0100] {dag.py:3954} INFO - Setting next_dagrun for example_task_group_decorator to 2024-07-14 00:00:00+00:00, run_after=2024-07-15 00:00:00+00:00
[2024-07-15T09:58:24.403+0100] {processor.py:183} INFO - Processing /home/victor/airflow_env/lib/python3.10/site-packages/airflow/example_dags/example_task_group_decorator.py took 0.789 seconds
[2024-07-15T09:59:50.399+0100] {processor.py:161} INFO - Started process (PID=14965) to work on /home/victor/airflow_env/lib/python3.10/site-packages/airflow/example_dags/example_task_group_decorator.py
[2024-07-15T09:59:50.403+0100] {processor.py:830} INFO - Processing file /home/victor/airflow_env/lib/python3.10/site-packages/airflow/example_dags/example_task_group_decorator.py for tasks to queue
[2024-07-15T09:59:50.410+0100] {logging_mixin.py:188} INFO - [2024-07-15T09:59:50.408+0100] {dagbag.py:545} INFO - Filling up the DagBag from /home/victor/airflow_env/lib/python3.10/site-packages/airflow/example_dags/example_task_group_decorator.py
[2024-07-15T09:59:50.484+0100] {processor.py:840} INFO - DAG(s) 'example_task_group_decorator' retrieved from /home/victor/airflow_env/lib/python3.10/site-packages/airflow/example_dags/example_task_group_decorator.py
[2024-07-15T09:59:50.606+0100] {logging_mixin.py:188} INFO - [2024-07-15T09:59:50.604+0100] {dag.py:3096} INFO - Sync 1 DAGs
[2024-07-15T09:59:50.713+0100] {logging_mixin.py:188} INFO - [2024-07-15T09:59:50.712+0100] {dag.py:3954} INFO - Setting next_dagrun for example_task_group_decorator to 2024-07-14 00:00:00+00:00, run_after=2024-07-15 00:00:00+00:00
[2024-07-15T09:59:51.003+0100] {processor.py:183} INFO - Processing /home/victor/airflow_env/lib/python3.10/site-packages/airflow/example_dags/example_task_group_decorator.py took 0.629 seconds
[2024-07-15T10:01:13.912+0100] {processor.py:161} INFO - Started process (PID=15556) to work on /home/victor/airflow_env/lib/python3.10/site-packages/airflow/example_dags/example_task_group_decorator.py
[2024-07-15T10:01:13.916+0100] {processor.py:830} INFO - Processing file /home/victor/airflow_env/lib/python3.10/site-packages/airflow/example_dags/example_task_group_decorator.py for tasks to queue
[2024-07-15T10:01:13.923+0100] {logging_mixin.py:188} INFO - [2024-07-15T10:01:13.922+0100] {dagbag.py:545} INFO - Filling up the DagBag from /home/victor/airflow_env/lib/python3.10/site-packages/airflow/example_dags/example_task_group_decorator.py
[2024-07-15T10:01:14.020+0100] {processor.py:840} INFO - DAG(s) 'example_task_group_decorator' retrieved from /home/victor/airflow_env/lib/python3.10/site-packages/airflow/example_dags/example_task_group_decorator.py
[2024-07-15T10:01:14.195+0100] {logging_mixin.py:188} INFO - [2024-07-15T10:01:14.194+0100] {dag.py:3096} INFO - Sync 1 DAGs
[2024-07-15T10:01:14.312+0100] {logging_mixin.py:188} INFO - [2024-07-15T10:01:14.311+0100] {dag.py:3954} INFO - Setting next_dagrun for example_task_group_decorator to 2024-07-14 00:00:00+00:00, run_after=2024-07-15 00:00:00+00:00
[2024-07-15T10:01:14.691+0100] {processor.py:183} INFO - Processing /home/victor/airflow_env/lib/python3.10/site-packages/airflow/example_dags/example_task_group_decorator.py took 0.805 seconds
[2024-07-15T10:02:38.020+0100] {processor.py:161} INFO - Started process (PID=16420) to work on /home/victor/airflow_env/lib/python3.10/site-packages/airflow/example_dags/example_task_group_decorator.py
[2024-07-15T10:02:38.024+0100] {processor.py:830} INFO - Processing file /home/victor/airflow_env/lib/python3.10/site-packages/airflow/example_dags/example_task_group_decorator.py for tasks to queue
[2024-07-15T10:02:38.032+0100] {logging_mixin.py:188} INFO - [2024-07-15T10:02:38.030+0100] {dagbag.py:545} INFO - Filling up the DagBag from /home/victor/airflow_env/lib/python3.10/site-packages/airflow/example_dags/example_task_group_decorator.py
[2024-07-15T10:02:38.114+0100] {processor.py:840} INFO - DAG(s) 'example_task_group_decorator' retrieved from /home/victor/airflow_env/lib/python3.10/site-packages/airflow/example_dags/example_task_group_decorator.py
[2024-07-15T10:02:38.255+0100] {logging_mixin.py:188} INFO - [2024-07-15T10:02:38.255+0100] {dag.py:3096} INFO - Sync 1 DAGs
[2024-07-15T10:02:38.382+0100] {logging_mixin.py:188} INFO - [2024-07-15T10:02:38.381+0100] {dag.py:3954} INFO - Setting next_dagrun for example_task_group_decorator to 2024-07-14 00:00:00+00:00, run_after=2024-07-15 00:00:00+00:00
[2024-07-15T10:02:38.706+0100] {processor.py:183} INFO - Processing /home/victor/airflow_env/lib/python3.10/site-packages/airflow/example_dags/example_task_group_decorator.py took 0.712 seconds
[2024-07-15T10:03:50.698+0100] {processor.py:161} INFO - Started process (PID=16922) to work on /home/victor/airflow_env/lib/python3.10/site-packages/airflow/example_dags/example_task_group_decorator.py
[2024-07-15T10:03:50.702+0100] {processor.py:830} INFO - Processing file /home/victor/airflow_env/lib/python3.10/site-packages/airflow/example_dags/example_task_group_decorator.py for tasks to queue
[2024-07-15T10:03:50.711+0100] {logging_mixin.py:188} INFO - [2024-07-15T10:03:50.709+0100] {dagbag.py:545} INFO - Filling up the DagBag from /home/victor/airflow_env/lib/python3.10/site-packages/airflow/example_dags/example_task_group_decorator.py
[2024-07-15T10:03:50.787+0100] {processor.py:840} INFO - DAG(s) 'example_task_group_decorator' retrieved from /home/victor/airflow_env/lib/python3.10/site-packages/airflow/example_dags/example_task_group_decorator.py
[2024-07-15T10:03:50.926+0100] {logging_mixin.py:188} INFO - [2024-07-15T10:03:50.925+0100] {dag.py:3096} INFO - Sync 1 DAGs
[2024-07-15T10:03:51.027+0100] {logging_mixin.py:188} INFO - [2024-07-15T10:03:51.026+0100] {dag.py:3954} INFO - Setting next_dagrun for example_task_group_decorator to 2024-07-14 00:00:00+00:00, run_after=2024-07-15 00:00:00+00:00
[2024-07-15T10:03:51.368+0100] {processor.py:183} INFO - Processing /home/victor/airflow_env/lib/python3.10/site-packages/airflow/example_dags/example_task_group_decorator.py took 0.698 seconds
[2024-07-15T10:05:02.593+0100] {processor.py:161} INFO - Started process (PID=17307) to work on /home/victor/airflow_env/lib/python3.10/site-packages/airflow/example_dags/example_task_group_decorator.py
[2024-07-15T10:05:02.597+0100] {processor.py:830} INFO - Processing file /home/victor/airflow_env/lib/python3.10/site-packages/airflow/example_dags/example_task_group_decorator.py for tasks to queue
[2024-07-15T10:05:02.604+0100] {logging_mixin.py:188} INFO - [2024-07-15T10:05:02.603+0100] {dagbag.py:545} INFO - Filling up the DagBag from /home/victor/airflow_env/lib/python3.10/site-packages/airflow/example_dags/example_task_group_decorator.py
[2024-07-15T10:05:02.680+0100] {processor.py:840} INFO - DAG(s) 'example_task_group_decorator' retrieved from /home/victor/airflow_env/lib/python3.10/site-packages/airflow/example_dags/example_task_group_decorator.py
[2024-07-15T10:05:02.834+0100] {logging_mixin.py:188} INFO - [2024-07-15T10:05:02.833+0100] {dag.py:3096} INFO - Sync 1 DAGs
[2024-07-15T10:05:02.962+0100] {logging_mixin.py:188} INFO - [2024-07-15T10:05:02.962+0100] {dag.py:3954} INFO - Setting next_dagrun for example_task_group_decorator to 2024-07-14 00:00:00+00:00, run_after=2024-07-15 00:00:00+00:00
[2024-07-15T10:05:03.303+0100] {processor.py:183} INFO - Processing /home/victor/airflow_env/lib/python3.10/site-packages/airflow/example_dags/example_task_group_decorator.py took 0.735 seconds
[2024-07-15T10:06:30.205+0100] {processor.py:161} INFO - Started process (PID=17880) to work on /home/victor/airflow_env/lib/python3.10/site-packages/airflow/example_dags/example_task_group_decorator.py
[2024-07-15T10:06:30.217+0100] {processor.py:830} INFO - Processing file /home/victor/airflow_env/lib/python3.10/site-packages/airflow/example_dags/example_task_group_decorator.py for tasks to queue
[2024-07-15T10:06:30.233+0100] {logging_mixin.py:188} INFO - [2024-07-15T10:06:30.230+0100] {dagbag.py:545} INFO - Filling up the DagBag from /home/victor/airflow_env/lib/python3.10/site-packages/airflow/example_dags/example_task_group_decorator.py
[2024-07-15T10:06:30.419+0100] {processor.py:840} INFO - DAG(s) 'example_task_group_decorator' retrieved from /home/victor/airflow_env/lib/python3.10/site-packages/airflow/example_dags/example_task_group_decorator.py
[2024-07-15T10:06:30.675+0100] {logging_mixin.py:188} INFO - [2024-07-15T10:06:30.674+0100] {dag.py:3096} INFO - Sync 1 DAGs
[2024-07-15T10:06:30.779+0100] {logging_mixin.py:188} INFO - [2024-07-15T10:06:30.778+0100] {dag.py:3954} INFO - Setting next_dagrun for example_task_group_decorator to 2024-07-14 00:00:00+00:00, run_after=2024-07-15 00:00:00+00:00
[2024-07-15T10:06:31.097+0100] {processor.py:183} INFO - Processing /home/victor/airflow_env/lib/python3.10/site-packages/airflow/example_dags/example_task_group_decorator.py took 0.926 seconds
[2024-07-15T10:08:05.609+0100] {processor.py:161} INFO - Started process (PID=18576) to work on /home/victor/airflow_env/lib/python3.10/site-packages/airflow/example_dags/example_task_group_decorator.py
[2024-07-15T10:08:05.614+0100] {processor.py:830} INFO - Processing file /home/victor/airflow_env/lib/python3.10/site-packages/airflow/example_dags/example_task_group_decorator.py for tasks to queue
[2024-07-15T10:08:05.631+0100] {logging_mixin.py:188} INFO - [2024-07-15T10:08:05.629+0100] {dagbag.py:545} INFO - Filling up the DagBag from /home/victor/airflow_env/lib/python3.10/site-packages/airflow/example_dags/example_task_group_decorator.py
[2024-07-15T10:08:05.722+0100] {processor.py:840} INFO - DAG(s) 'example_task_group_decorator' retrieved from /home/victor/airflow_env/lib/python3.10/site-packages/airflow/example_dags/example_task_group_decorator.py
[2024-07-15T10:08:05.876+0100] {logging_mixin.py:188} INFO - [2024-07-15T10:08:05.875+0100] {dag.py:3096} INFO - Sync 1 DAGs
[2024-07-15T10:08:05.993+0100] {logging_mixin.py:188} INFO - [2024-07-15T10:08:05.992+0100] {dag.py:3954} INFO - Setting next_dagrun for example_task_group_decorator to 2024-07-14 00:00:00+00:00, run_after=2024-07-15 00:00:00+00:00
[2024-07-15T10:08:06.901+0100] {processor.py:183} INFO - Processing /home/victor/airflow_env/lib/python3.10/site-packages/airflow/example_dags/example_task_group_decorator.py took 1.329 seconds
[2024-07-15T10:09:32.576+0100] {processor.py:161} INFO - Started process (PID=19118) to work on /home/victor/airflow_env/lib/python3.10/site-packages/airflow/example_dags/example_task_group_decorator.py
[2024-07-15T10:09:32.581+0100] {processor.py:830} INFO - Processing file /home/victor/airflow_env/lib/python3.10/site-packages/airflow/example_dags/example_task_group_decorator.py for tasks to queue
[2024-07-15T10:09:32.589+0100] {logging_mixin.py:188} INFO - [2024-07-15T10:09:32.587+0100] {dagbag.py:545} INFO - Filling up the DagBag from /home/victor/airflow_env/lib/python3.10/site-packages/airflow/example_dags/example_task_group_decorator.py
[2024-07-15T10:09:32.675+0100] {processor.py:840} INFO - DAG(s) 'example_task_group_decorator' retrieved from /home/victor/airflow_env/lib/python3.10/site-packages/airflow/example_dags/example_task_group_decorator.py
[2024-07-15T10:09:32.849+0100] {logging_mixin.py:188} INFO - [2024-07-15T10:09:32.848+0100] {dag.py:3096} INFO - Sync 1 DAGs
[2024-07-15T10:09:32.987+0100] {logging_mixin.py:188} INFO - [2024-07-15T10:09:32.986+0100] {dag.py:3954} INFO - Setting next_dagrun for example_task_group_decorator to 2024-07-14 00:00:00+00:00, run_after=2024-07-15 00:00:00+00:00
[2024-07-15T10:09:33.331+0100] {processor.py:183} INFO - Processing /home/victor/airflow_env/lib/python3.10/site-packages/airflow/example_dags/example_task_group_decorator.py took 0.781 seconds
[2024-07-15T10:11:04.917+0100] {processor.py:161} INFO - Started process (PID=19708) to work on /home/victor/airflow_env/lib/python3.10/site-packages/airflow/example_dags/example_task_group_decorator.py
[2024-07-15T10:11:04.921+0100] {processor.py:830} INFO - Processing file /home/victor/airflow_env/lib/python3.10/site-packages/airflow/example_dags/example_task_group_decorator.py for tasks to queue
[2024-07-15T10:11:04.928+0100] {logging_mixin.py:188} INFO - [2024-07-15T10:11:04.927+0100] {dagbag.py:545} INFO - Filling up the DagBag from /home/victor/airflow_env/lib/python3.10/site-packages/airflow/example_dags/example_task_group_decorator.py
[2024-07-15T10:11:05.014+0100] {processor.py:840} INFO - DAG(s) 'example_task_group_decorator' retrieved from /home/victor/airflow_env/lib/python3.10/site-packages/airflow/example_dags/example_task_group_decorator.py
[2024-07-15T10:11:05.194+0100] {logging_mixin.py:188} INFO - [2024-07-15T10:11:05.193+0100] {dag.py:3096} INFO - Sync 1 DAGs
[2024-07-15T10:11:05.310+0100] {logging_mixin.py:188} INFO - [2024-07-15T10:11:05.309+0100] {dag.py:3954} INFO - Setting next_dagrun for example_task_group_decorator to 2024-07-14 00:00:00+00:00, run_after=2024-07-15 00:00:00+00:00
[2024-07-15T10:11:05.649+0100] {processor.py:183} INFO - Processing /home/victor/airflow_env/lib/python3.10/site-packages/airflow/example_dags/example_task_group_decorator.py took 0.762 seconds
[2024-07-15T10:12:31.768+0100] {processor.py:161} INFO - Started process (PID=20184) to work on /home/victor/airflow_env/lib/python3.10/site-packages/airflow/example_dags/example_task_group_decorator.py
[2024-07-15T10:12:31.772+0100] {processor.py:830} INFO - Processing file /home/victor/airflow_env/lib/python3.10/site-packages/airflow/example_dags/example_task_group_decorator.py for tasks to queue
[2024-07-15T10:12:31.779+0100] {logging_mixin.py:188} INFO - [2024-07-15T10:12:31.777+0100] {dagbag.py:545} INFO - Filling up the DagBag from /home/victor/airflow_env/lib/python3.10/site-packages/airflow/example_dags/example_task_group_decorator.py
[2024-07-15T10:12:31.856+0100] {processor.py:840} INFO - DAG(s) 'example_task_group_decorator' retrieved from /home/victor/airflow_env/lib/python3.10/site-packages/airflow/example_dags/example_task_group_decorator.py
[2024-07-15T10:12:31.980+0100] {logging_mixin.py:188} INFO - [2024-07-15T10:12:31.979+0100] {dag.py:3096} INFO - Sync 1 DAGs
[2024-07-15T10:12:32.093+0100] {logging_mixin.py:188} INFO - [2024-07-15T10:12:32.092+0100] {dag.py:3954} INFO - Setting next_dagrun for example_task_group_decorator to 2024-07-14 00:00:00+00:00, run_after=2024-07-15 00:00:00+00:00
[2024-07-15T10:12:32.383+0100] {processor.py:183} INFO - Processing /home/victor/airflow_env/lib/python3.10/site-packages/airflow/example_dags/example_task_group_decorator.py took 0.647 seconds
[2024-07-15T10:13:54.079+0100] {processor.py:161} INFO - Started process (PID=20618) to work on /home/victor/airflow_env/lib/python3.10/site-packages/airflow/example_dags/example_task_group_decorator.py
[2024-07-15T10:13:54.084+0100] {processor.py:830} INFO - Processing file /home/victor/airflow_env/lib/python3.10/site-packages/airflow/example_dags/example_task_group_decorator.py for tasks to queue
[2024-07-15T10:13:54.094+0100] {logging_mixin.py:188} INFO - [2024-07-15T10:13:54.092+0100] {dagbag.py:545} INFO - Filling up the DagBag from /home/victor/airflow_env/lib/python3.10/site-packages/airflow/example_dags/example_task_group_decorator.py
[2024-07-15T10:13:54.180+0100] {processor.py:840} INFO - DAG(s) 'example_task_group_decorator' retrieved from /home/victor/airflow_env/lib/python3.10/site-packages/airflow/example_dags/example_task_group_decorator.py
[2024-07-15T10:13:54.311+0100] {logging_mixin.py:188} INFO - [2024-07-15T10:13:54.310+0100] {dag.py:3096} INFO - Sync 1 DAGs
[2024-07-15T10:13:54.414+0100] {logging_mixin.py:188} INFO - [2024-07-15T10:13:54.413+0100] {dag.py:3954} INFO - Setting next_dagrun for example_task_group_decorator to 2024-07-14 00:00:00+00:00, run_after=2024-07-15 00:00:00+00:00
[2024-07-15T10:13:54.713+0100] {processor.py:183} INFO - Processing /home/victor/airflow_env/lib/python3.10/site-packages/airflow/example_dags/example_task_group_decorator.py took 0.662 seconds
[2024-07-15T10:15:23.998+0100] {processor.py:161} INFO - Started process (PID=21111) to work on /home/victor/airflow_env/lib/python3.10/site-packages/airflow/example_dags/example_task_group_decorator.py
[2024-07-15T10:15:24.002+0100] {processor.py:830} INFO - Processing file /home/victor/airflow_env/lib/python3.10/site-packages/airflow/example_dags/example_task_group_decorator.py for tasks to queue
[2024-07-15T10:15:24.011+0100] {logging_mixin.py:188} INFO - [2024-07-15T10:15:24.009+0100] {dagbag.py:545} INFO - Filling up the DagBag from /home/victor/airflow_env/lib/python3.10/site-packages/airflow/example_dags/example_task_group_decorator.py
[2024-07-15T10:15:24.097+0100] {processor.py:840} INFO - DAG(s) 'example_task_group_decorator' retrieved from /home/victor/airflow_env/lib/python3.10/site-packages/airflow/example_dags/example_task_group_decorator.py
[2024-07-15T10:15:24.235+0100] {logging_mixin.py:188} INFO - [2024-07-15T10:15:24.234+0100] {dag.py:3096} INFO - Sync 1 DAGs
[2024-07-15T10:15:24.353+0100] {logging_mixin.py:188} INFO - [2024-07-15T10:15:24.352+0100] {dag.py:3954} INFO - Setting next_dagrun for example_task_group_decorator to 2024-07-14 00:00:00+00:00, run_after=2024-07-15 00:00:00+00:00
[2024-07-15T10:15:24.672+0100] {processor.py:183} INFO - Processing /home/victor/airflow_env/lib/python3.10/site-packages/airflow/example_dags/example_task_group_decorator.py took 0.702 seconds
[2024-07-15T10:16:52.568+0100] {processor.py:161} INFO - Started process (PID=21685) to work on /home/victor/airflow_env/lib/python3.10/site-packages/airflow/example_dags/example_task_group_decorator.py
[2024-07-15T10:16:52.574+0100] {processor.py:830} INFO - Processing file /home/victor/airflow_env/lib/python3.10/site-packages/airflow/example_dags/example_task_group_decorator.py for tasks to queue
[2024-07-15T10:16:52.582+0100] {logging_mixin.py:188} INFO - [2024-07-15T10:16:52.580+0100] {dagbag.py:545} INFO - Filling up the DagBag from /home/victor/airflow_env/lib/python3.10/site-packages/airflow/example_dags/example_task_group_decorator.py
[2024-07-15T10:16:52.658+0100] {processor.py:840} INFO - DAG(s) 'example_task_group_decorator' retrieved from /home/victor/airflow_env/lib/python3.10/site-packages/airflow/example_dags/example_task_group_decorator.py
[2024-07-15T10:16:52.783+0100] {logging_mixin.py:188} INFO - [2024-07-15T10:16:52.782+0100] {dag.py:3096} INFO - Sync 1 DAGs
[2024-07-15T10:16:52.892+0100] {logging_mixin.py:188} INFO - [2024-07-15T10:16:52.891+0100] {dag.py:3954} INFO - Setting next_dagrun for example_task_group_decorator to 2024-07-14 00:00:00+00:00, run_after=2024-07-15 00:00:00+00:00
[2024-07-15T10:16:53.192+0100] {processor.py:183} INFO - Processing /home/victor/airflow_env/lib/python3.10/site-packages/airflow/example_dags/example_task_group_decorator.py took 0.649 seconds
[2024-07-15T10:18:15.207+0100] {processor.py:161} INFO - Started process (PID=22219) to work on /home/victor/airflow_env/lib/python3.10/site-packages/airflow/example_dags/example_task_group_decorator.py
[2024-07-15T10:18:15.213+0100] {processor.py:830} INFO - Processing file /home/victor/airflow_env/lib/python3.10/site-packages/airflow/example_dags/example_task_group_decorator.py for tasks to queue
[2024-07-15T10:18:15.221+0100] {logging_mixin.py:188} INFO - [2024-07-15T10:18:15.219+0100] {dagbag.py:545} INFO - Filling up the DagBag from /home/victor/airflow_env/lib/python3.10/site-packages/airflow/example_dags/example_task_group_decorator.py
[2024-07-15T10:18:15.327+0100] {processor.py:840} INFO - DAG(s) 'example_task_group_decorator' retrieved from /home/victor/airflow_env/lib/python3.10/site-packages/airflow/example_dags/example_task_group_decorator.py
[2024-07-15T10:18:15.466+0100] {logging_mixin.py:188} INFO - [2024-07-15T10:18:15.466+0100] {dag.py:3096} INFO - Sync 1 DAGs
[2024-07-15T10:18:15.573+0100] {logging_mixin.py:188} INFO - [2024-07-15T10:18:15.572+0100] {dag.py:3954} INFO - Setting next_dagrun for example_task_group_decorator to 2024-07-14 00:00:00+00:00, run_after=2024-07-15 00:00:00+00:00
[2024-07-15T10:18:15.938+0100] {processor.py:183} INFO - Processing /home/victor/airflow_env/lib/python3.10/site-packages/airflow/example_dags/example_task_group_decorator.py took 0.772 seconds
[2024-07-15T10:19:50.847+0100] {processor.py:161} INFO - Started process (PID=22880) to work on /home/victor/airflow_env/lib/python3.10/site-packages/airflow/example_dags/example_task_group_decorator.py
[2024-07-15T10:19:50.851+0100] {processor.py:830} INFO - Processing file /home/victor/airflow_env/lib/python3.10/site-packages/airflow/example_dags/example_task_group_decorator.py for tasks to queue
[2024-07-15T10:19:50.857+0100] {logging_mixin.py:188} INFO - [2024-07-15T10:19:50.856+0100] {dagbag.py:545} INFO - Filling up the DagBag from /home/victor/airflow_env/lib/python3.10/site-packages/airflow/example_dags/example_task_group_decorator.py
[2024-07-15T10:19:50.928+0100] {processor.py:840} INFO - DAG(s) 'example_task_group_decorator' retrieved from /home/victor/airflow_env/lib/python3.10/site-packages/airflow/example_dags/example_task_group_decorator.py
[2024-07-15T10:19:51.060+0100] {logging_mixin.py:188} INFO - [2024-07-15T10:19:51.060+0100] {dag.py:3096} INFO - Sync 1 DAGs
[2024-07-15T10:19:51.169+0100] {logging_mixin.py:188} INFO - [2024-07-15T10:19:51.168+0100] {dag.py:3954} INFO - Setting next_dagrun for example_task_group_decorator to 2024-07-14 00:00:00+00:00, run_after=2024-07-15 00:00:00+00:00
[2024-07-15T10:19:51.437+0100] {processor.py:183} INFO - Processing /home/victor/airflow_env/lib/python3.10/site-packages/airflow/example_dags/example_task_group_decorator.py took 0.613 seconds
[2024-07-15T10:21:47.203+0100] {processor.py:161} INFO - Started process (PID=23740) to work on /home/victor/airflow_env/lib/python3.10/site-packages/airflow/example_dags/example_task_group_decorator.py
[2024-07-15T10:21:47.208+0100] {processor.py:830} INFO - Processing file /home/victor/airflow_env/lib/python3.10/site-packages/airflow/example_dags/example_task_group_decorator.py for tasks to queue
[2024-07-15T10:21:47.216+0100] {logging_mixin.py:188} INFO - [2024-07-15T10:21:47.214+0100] {dagbag.py:545} INFO - Filling up the DagBag from /home/victor/airflow_env/lib/python3.10/site-packages/airflow/example_dags/example_task_group_decorator.py
[2024-07-15T10:21:47.370+0100] {processor.py:840} INFO - DAG(s) 'example_task_group_decorator' retrieved from /home/victor/airflow_env/lib/python3.10/site-packages/airflow/example_dags/example_task_group_decorator.py
[2024-07-15T10:21:47.558+0100] {logging_mixin.py:188} INFO - [2024-07-15T10:21:47.557+0100] {dag.py:3096} INFO - Sync 1 DAGs
[2024-07-15T10:21:47.875+0100] {logging_mixin.py:188} INFO - [2024-07-15T10:21:47.873+0100] {dag.py:3954} INFO - Setting next_dagrun for example_task_group_decorator to 2024-07-14 00:00:00+00:00, run_after=2024-07-15 00:00:00+00:00
[2024-07-15T10:21:48.468+0100] {processor.py:183} INFO - Processing /home/victor/airflow_env/lib/python3.10/site-packages/airflow/example_dags/example_task_group_decorator.py took 1.304 seconds
[2024-07-15T10:23:56.494+0100] {processor.py:161} INFO - Started process (PID=24872) to work on /home/victor/airflow_env/lib/python3.10/site-packages/airflow/example_dags/example_task_group_decorator.py
[2024-07-15T10:23:56.499+0100] {processor.py:830} INFO - Processing file /home/victor/airflow_env/lib/python3.10/site-packages/airflow/example_dags/example_task_group_decorator.py for tasks to queue
[2024-07-15T10:23:56.507+0100] {logging_mixin.py:188} INFO - [2024-07-15T10:23:56.505+0100] {dagbag.py:545} INFO - Filling up the DagBag from /home/victor/airflow_env/lib/python3.10/site-packages/airflow/example_dags/example_task_group_decorator.py
[2024-07-15T10:23:56.679+0100] {processor.py:840} INFO - DAG(s) 'example_task_group_decorator' retrieved from /home/victor/airflow_env/lib/python3.10/site-packages/airflow/example_dags/example_task_group_decorator.py
[2024-07-15T10:23:57.155+0100] {logging_mixin.py:188} INFO - [2024-07-15T10:23:57.153+0100] {dag.py:3096} INFO - Sync 1 DAGs
[2024-07-15T10:23:58.001+0100] {logging_mixin.py:188} INFO - [2024-07-15T10:23:57.990+0100] {dag.py:3954} INFO - Setting next_dagrun for example_task_group_decorator to 2024-07-14 00:00:00+00:00, run_after=2024-07-15 00:00:00+00:00
[2024-07-15T10:23:58.519+0100] {processor.py:183} INFO - Processing /home/victor/airflow_env/lib/python3.10/site-packages/airflow/example_dags/example_task_group_decorator.py took 2.069 seconds
[2024-07-15T10:25:41.563+0100] {processor.py:161} INFO - Started process (PID=25496) to work on /home/victor/airflow_env/lib/python3.10/site-packages/airflow/example_dags/example_task_group_decorator.py
[2024-07-15T10:25:41.566+0100] {processor.py:830} INFO - Processing file /home/victor/airflow_env/lib/python3.10/site-packages/airflow/example_dags/example_task_group_decorator.py for tasks to queue
[2024-07-15T10:25:41.574+0100] {logging_mixin.py:188} INFO - [2024-07-15T10:25:41.572+0100] {dagbag.py:545} INFO - Filling up the DagBag from /home/victor/airflow_env/lib/python3.10/site-packages/airflow/example_dags/example_task_group_decorator.py
[2024-07-15T10:25:41.666+0100] {processor.py:840} INFO - DAG(s) 'example_task_group_decorator' retrieved from /home/victor/airflow_env/lib/python3.10/site-packages/airflow/example_dags/example_task_group_decorator.py
[2024-07-15T10:25:41.814+0100] {logging_mixin.py:188} INFO - [2024-07-15T10:25:41.814+0100] {dag.py:3096} INFO - Sync 1 DAGs
[2024-07-15T10:25:41.938+0100] {logging_mixin.py:188} INFO - [2024-07-15T10:25:41.937+0100] {dag.py:3954} INFO - Setting next_dagrun for example_task_group_decorator to 2024-07-14 00:00:00+00:00, run_after=2024-07-15 00:00:00+00:00
[2024-07-15T10:25:42.289+0100] {processor.py:183} INFO - Processing /home/victor/airflow_env/lib/python3.10/site-packages/airflow/example_dags/example_task_group_decorator.py took 0.753 seconds
[2024-07-15T10:27:31.491+0100] {processor.py:161} INFO - Started process (PID=26336) to work on /home/victor/airflow_env/lib/python3.10/site-packages/airflow/example_dags/example_task_group_decorator.py
[2024-07-15T10:27:31.516+0100] {processor.py:830} INFO - Processing file /home/victor/airflow_env/lib/python3.10/site-packages/airflow/example_dags/example_task_group_decorator.py for tasks to queue
[2024-07-15T10:27:31.524+0100] {logging_mixin.py:188} INFO - [2024-07-15T10:27:31.523+0100] {dagbag.py:545} INFO - Filling up the DagBag from /home/victor/airflow_env/lib/python3.10/site-packages/airflow/example_dags/example_task_group_decorator.py
[2024-07-15T10:27:31.643+0100] {processor.py:840} INFO - DAG(s) 'example_task_group_decorator' retrieved from /home/victor/airflow_env/lib/python3.10/site-packages/airflow/example_dags/example_task_group_decorator.py
[2024-07-15T10:27:31.827+0100] {logging_mixin.py:188} INFO - [2024-07-15T10:27:31.825+0100] {dag.py:3096} INFO - Sync 1 DAGs
[2024-07-15T10:27:32.024+0100] {logging_mixin.py:188} INFO - [2024-07-15T10:27:32.023+0100] {dag.py:3954} INFO - Setting next_dagrun for example_task_group_decorator to 2024-07-14 00:00:00+00:00, run_after=2024-07-15 00:00:00+00:00
[2024-07-15T10:27:32.534+0100] {processor.py:183} INFO - Processing /home/victor/airflow_env/lib/python3.10/site-packages/airflow/example_dags/example_task_group_decorator.py took 1.096 seconds
[2024-07-15T10:28:59.049+0100] {processor.py:161} INFO - Started process (PID=26800) to work on /home/victor/airflow_env/lib/python3.10/site-packages/airflow/example_dags/example_task_group_decorator.py
[2024-07-15T10:28:59.054+0100] {processor.py:830} INFO - Processing file /home/victor/airflow_env/lib/python3.10/site-packages/airflow/example_dags/example_task_group_decorator.py for tasks to queue
[2024-07-15T10:28:59.061+0100] {logging_mixin.py:188} INFO - [2024-07-15T10:28:59.059+0100] {dagbag.py:545} INFO - Filling up the DagBag from /home/victor/airflow_env/lib/python3.10/site-packages/airflow/example_dags/example_task_group_decorator.py
[2024-07-15T10:28:59.150+0100] {processor.py:840} INFO - DAG(s) 'example_task_group_decorator' retrieved from /home/victor/airflow_env/lib/python3.10/site-packages/airflow/example_dags/example_task_group_decorator.py
[2024-07-15T10:28:59.325+0100] {logging_mixin.py:188} INFO - [2024-07-15T10:28:59.324+0100] {dag.py:3096} INFO - Sync 1 DAGs
[2024-07-15T10:28:59.488+0100] {logging_mixin.py:188} INFO - [2024-07-15T10:28:59.487+0100] {dag.py:3954} INFO - Setting next_dagrun for example_task_group_decorator to 2024-07-14 00:00:00+00:00, run_after=2024-07-15 00:00:00+00:00
[2024-07-15T10:28:59.827+0100] {processor.py:183} INFO - Processing /home/victor/airflow_env/lib/python3.10/site-packages/airflow/example_dags/example_task_group_decorator.py took 0.812 seconds
[2024-07-15T10:30:16.358+0100] {processor.py:161} INFO - Started process (PID=27216) to work on /home/victor/airflow_env/lib/python3.10/site-packages/airflow/example_dags/example_task_group_decorator.py
[2024-07-15T10:30:16.362+0100] {processor.py:830} INFO - Processing file /home/victor/airflow_env/lib/python3.10/site-packages/airflow/example_dags/example_task_group_decorator.py for tasks to queue
[2024-07-15T10:30:16.371+0100] {logging_mixin.py:188} INFO - [2024-07-15T10:30:16.369+0100] {dagbag.py:545} INFO - Filling up the DagBag from /home/victor/airflow_env/lib/python3.10/site-packages/airflow/example_dags/example_task_group_decorator.py
[2024-07-15T10:30:16.471+0100] {processor.py:840} INFO - DAG(s) 'example_task_group_decorator' retrieved from /home/victor/airflow_env/lib/python3.10/site-packages/airflow/example_dags/example_task_group_decorator.py
[2024-07-15T10:30:16.625+0100] {logging_mixin.py:188} INFO - [2024-07-15T10:30:16.624+0100] {dag.py:3096} INFO - Sync 1 DAGs
[2024-07-15T10:30:16.760+0100] {logging_mixin.py:188} INFO - [2024-07-15T10:30:16.759+0100] {dag.py:3954} INFO - Setting next_dagrun for example_task_group_decorator to 2024-07-14 00:00:00+00:00, run_after=2024-07-15 00:00:00+00:00
[2024-07-15T10:30:17.030+0100] {processor.py:183} INFO - Processing /home/victor/airflow_env/lib/python3.10/site-packages/airflow/example_dags/example_task_group_decorator.py took 0.701 seconds
[2024-07-15T10:31:35.606+0100] {processor.py:161} INFO - Started process (PID=27624) to work on /home/victor/airflow_env/lib/python3.10/site-packages/airflow/example_dags/example_task_group_decorator.py
[2024-07-15T10:31:35.610+0100] {processor.py:830} INFO - Processing file /home/victor/airflow_env/lib/python3.10/site-packages/airflow/example_dags/example_task_group_decorator.py for tasks to queue
[2024-07-15T10:31:35.617+0100] {logging_mixin.py:188} INFO - [2024-07-15T10:31:35.616+0100] {dagbag.py:545} INFO - Filling up the DagBag from /home/victor/airflow_env/lib/python3.10/site-packages/airflow/example_dags/example_task_group_decorator.py
[2024-07-15T10:31:35.705+0100] {processor.py:840} INFO - DAG(s) 'example_task_group_decorator' retrieved from /home/victor/airflow_env/lib/python3.10/site-packages/airflow/example_dags/example_task_group_decorator.py
[2024-07-15T10:31:35.882+0100] {logging_mixin.py:188} INFO - [2024-07-15T10:31:35.881+0100] {dag.py:3096} INFO - Sync 1 DAGs
[2024-07-15T10:31:36.092+0100] {logging_mixin.py:188} INFO - [2024-07-15T10:31:36.083+0100] {dag.py:3954} INFO - Setting next_dagrun for example_task_group_decorator to 2024-07-14 00:00:00+00:00, run_after=2024-07-15 00:00:00+00:00
[2024-07-15T10:31:36.446+0100] {processor.py:183} INFO - Processing /home/victor/airflow_env/lib/python3.10/site-packages/airflow/example_dags/example_task_group_decorator.py took 0.867 seconds
[2024-07-15T10:33:01.304+0100] {processor.py:161} INFO - Started process (PID=28091) to work on /home/victor/airflow_env/lib/python3.10/site-packages/airflow/example_dags/example_task_group_decorator.py
[2024-07-15T10:33:01.310+0100] {processor.py:830} INFO - Processing file /home/victor/airflow_env/lib/python3.10/site-packages/airflow/example_dags/example_task_group_decorator.py for tasks to queue
[2024-07-15T10:33:01.318+0100] {logging_mixin.py:188} INFO - [2024-07-15T10:33:01.317+0100] {dagbag.py:545} INFO - Filling up the DagBag from /home/victor/airflow_env/lib/python3.10/site-packages/airflow/example_dags/example_task_group_decorator.py
[2024-07-15T10:33:01.404+0100] {processor.py:840} INFO - DAG(s) 'example_task_group_decorator' retrieved from /home/victor/airflow_env/lib/python3.10/site-packages/airflow/example_dags/example_task_group_decorator.py
[2024-07-15T10:33:01.586+0100] {logging_mixin.py:188} INFO - [2024-07-15T10:33:01.585+0100] {dag.py:3096} INFO - Sync 1 DAGs
[2024-07-15T10:33:01.717+0100] {logging_mixin.py:188} INFO - [2024-07-15T10:33:01.716+0100] {dag.py:3954} INFO - Setting next_dagrun for example_task_group_decorator to 2024-07-14 00:00:00+00:00, run_after=2024-07-15 00:00:00+00:00
[2024-07-15T10:33:02.048+0100] {processor.py:183} INFO - Processing /home/victor/airflow_env/lib/python3.10/site-packages/airflow/example_dags/example_task_group_decorator.py took 0.772 seconds
[2024-07-15T10:34:35.485+0100] {processor.py:161} INFO - Started process (PID=28819) to work on /home/victor/airflow_env/lib/python3.10/site-packages/airflow/example_dags/example_task_group_decorator.py
[2024-07-15T10:34:35.489+0100] {processor.py:830} INFO - Processing file /home/victor/airflow_env/lib/python3.10/site-packages/airflow/example_dags/example_task_group_decorator.py for tasks to queue
[2024-07-15T10:34:35.497+0100] {logging_mixin.py:188} INFO - [2024-07-15T10:34:35.495+0100] {dagbag.py:545} INFO - Filling up the DagBag from /home/victor/airflow_env/lib/python3.10/site-packages/airflow/example_dags/example_task_group_decorator.py
[2024-07-15T10:34:35.581+0100] {processor.py:840} INFO - DAG(s) 'example_task_group_decorator' retrieved from /home/victor/airflow_env/lib/python3.10/site-packages/airflow/example_dags/example_task_group_decorator.py
[2024-07-15T10:34:35.721+0100] {logging_mixin.py:188} INFO - [2024-07-15T10:34:35.720+0100] {dag.py:3096} INFO - Sync 1 DAGs
[2024-07-15T10:34:35.842+0100] {logging_mixin.py:188} INFO - [2024-07-15T10:34:35.840+0100] {dag.py:3954} INFO - Setting next_dagrun for example_task_group_decorator to 2024-07-14 00:00:00+00:00, run_after=2024-07-15 00:00:00+00:00
[2024-07-15T10:34:36.242+0100] {processor.py:183} INFO - Processing /home/victor/airflow_env/lib/python3.10/site-packages/airflow/example_dags/example_task_group_decorator.py took 0.790 seconds
[2024-07-15T10:35:53.381+0100] {processor.py:161} INFO - Started process (PID=29225) to work on /home/victor/airflow_env/lib/python3.10/site-packages/airflow/example_dags/example_task_group_decorator.py
[2024-07-15T10:35:53.385+0100] {processor.py:830} INFO - Processing file /home/victor/airflow_env/lib/python3.10/site-packages/airflow/example_dags/example_task_group_decorator.py for tasks to queue
[2024-07-15T10:35:53.394+0100] {logging_mixin.py:188} INFO - [2024-07-15T10:35:53.392+0100] {dagbag.py:545} INFO - Filling up the DagBag from /home/victor/airflow_env/lib/python3.10/site-packages/airflow/example_dags/example_task_group_decorator.py
[2024-07-15T10:35:53.480+0100] {processor.py:840} INFO - DAG(s) 'example_task_group_decorator' retrieved from /home/victor/airflow_env/lib/python3.10/site-packages/airflow/example_dags/example_task_group_decorator.py
[2024-07-15T10:35:53.625+0100] {logging_mixin.py:188} INFO - [2024-07-15T10:35:53.624+0100] {dag.py:3096} INFO - Sync 1 DAGs
[2024-07-15T10:35:53.750+0100] {logging_mixin.py:188} INFO - [2024-07-15T10:35:53.750+0100] {dag.py:3954} INFO - Setting next_dagrun for example_task_group_decorator to 2024-07-14 00:00:00+00:00, run_after=2024-07-15 00:00:00+00:00
[2024-07-15T10:35:54.049+0100] {processor.py:183} INFO - Processing /home/victor/airflow_env/lib/python3.10/site-packages/airflow/example_dags/example_task_group_decorator.py took 0.695 seconds
[2024-07-15T10:37:17.905+0100] {processor.py:161} INFO - Started process (PID=29719) to work on /home/victor/airflow_env/lib/python3.10/site-packages/airflow/example_dags/example_task_group_decorator.py
[2024-07-15T10:37:17.911+0100] {processor.py:830} INFO - Processing file /home/victor/airflow_env/lib/python3.10/site-packages/airflow/example_dags/example_task_group_decorator.py for tasks to queue
[2024-07-15T10:37:17.925+0100] {logging_mixin.py:188} INFO - [2024-07-15T10:37:17.923+0100] {dagbag.py:545} INFO - Filling up the DagBag from /home/victor/airflow_env/lib/python3.10/site-packages/airflow/example_dags/example_task_group_decorator.py
[2024-07-15T10:37:18.043+0100] {processor.py:840} INFO - DAG(s) 'example_task_group_decorator' retrieved from /home/victor/airflow_env/lib/python3.10/site-packages/airflow/example_dags/example_task_group_decorator.py
[2024-07-15T10:37:18.194+0100] {logging_mixin.py:188} INFO - [2024-07-15T10:37:18.193+0100] {dag.py:3096} INFO - Sync 1 DAGs
[2024-07-15T10:37:18.320+0100] {logging_mixin.py:188} INFO - [2024-07-15T10:37:18.319+0100] {dag.py:3954} INFO - Setting next_dagrun for example_task_group_decorator to 2024-07-14 00:00:00+00:00, run_after=2024-07-15 00:00:00+00:00
[2024-07-15T10:37:18.636+0100] {processor.py:183} INFO - Processing /home/victor/airflow_env/lib/python3.10/site-packages/airflow/example_dags/example_task_group_decorator.py took 0.761 seconds
[2024-07-15T10:38:47.062+0100] {processor.py:161} INFO - Started process (PID=30225) to work on /home/victor/airflow_env/lib/python3.10/site-packages/airflow/example_dags/example_task_group_decorator.py
[2024-07-15T10:38:47.071+0100] {processor.py:830} INFO - Processing file /home/victor/airflow_env/lib/python3.10/site-packages/airflow/example_dags/example_task_group_decorator.py for tasks to queue
[2024-07-15T10:38:47.082+0100] {logging_mixin.py:188} INFO - [2024-07-15T10:38:47.077+0100] {dagbag.py:545} INFO - Filling up the DagBag from /home/victor/airflow_env/lib/python3.10/site-packages/airflow/example_dags/example_task_group_decorator.py
[2024-07-15T10:38:47.188+0100] {processor.py:840} INFO - DAG(s) 'example_task_group_decorator' retrieved from /home/victor/airflow_env/lib/python3.10/site-packages/airflow/example_dags/example_task_group_decorator.py
[2024-07-15T10:38:47.371+0100] {logging_mixin.py:188} INFO - [2024-07-15T10:38:47.371+0100] {dag.py:3096} INFO - Sync 1 DAGs
[2024-07-15T10:38:47.495+0100] {logging_mixin.py:188} INFO - [2024-07-15T10:38:47.493+0100] {dag.py:3954} INFO - Setting next_dagrun for example_task_group_decorator to 2024-07-14 00:00:00+00:00, run_after=2024-07-15 00:00:00+00:00
[2024-07-15T10:38:47.933+0100] {processor.py:183} INFO - Processing /home/victor/airflow_env/lib/python3.10/site-packages/airflow/example_dags/example_task_group_decorator.py took 0.907 seconds
[2024-07-15T10:39:58.803+0100] {processor.py:161} INFO - Started process (PID=30597) to work on /home/victor/airflow_env/lib/python3.10/site-packages/airflow/example_dags/example_task_group_decorator.py
[2024-07-15T10:39:58.807+0100] {processor.py:830} INFO - Processing file /home/victor/airflow_env/lib/python3.10/site-packages/airflow/example_dags/example_task_group_decorator.py for tasks to queue
[2024-07-15T10:39:58.827+0100] {logging_mixin.py:188} INFO - [2024-07-15T10:39:58.825+0100] {dagbag.py:545} INFO - Filling up the DagBag from /home/victor/airflow_env/lib/python3.10/site-packages/airflow/example_dags/example_task_group_decorator.py
[2024-07-15T10:39:58.908+0100] {processor.py:840} INFO - DAG(s) 'example_task_group_decorator' retrieved from /home/victor/airflow_env/lib/python3.10/site-packages/airflow/example_dags/example_task_group_decorator.py
[2024-07-15T10:39:59.043+0100] {logging_mixin.py:188} INFO - [2024-07-15T10:39:59.043+0100] {dag.py:3096} INFO - Sync 1 DAGs
[2024-07-15T10:39:59.145+0100] {logging_mixin.py:188} INFO - [2024-07-15T10:39:59.144+0100] {dag.py:3954} INFO - Setting next_dagrun for example_task_group_decorator to 2024-07-14 00:00:00+00:00, run_after=2024-07-15 00:00:00+00:00
[2024-07-15T10:39:59.406+0100] {processor.py:183} INFO - Processing /home/victor/airflow_env/lib/python3.10/site-packages/airflow/example_dags/example_task_group_decorator.py took 0.629 seconds
[2024-07-15T10:41:12.285+0100] {processor.py:161} INFO - Started process (PID=30976) to work on /home/victor/airflow_env/lib/python3.10/site-packages/airflow/example_dags/example_task_group_decorator.py
[2024-07-15T10:41:12.294+0100] {processor.py:830} INFO - Processing file /home/victor/airflow_env/lib/python3.10/site-packages/airflow/example_dags/example_task_group_decorator.py for tasks to queue
[2024-07-15T10:41:12.301+0100] {logging_mixin.py:188} INFO - [2024-07-15T10:41:12.300+0100] {dagbag.py:545} INFO - Filling up the DagBag from /home/victor/airflow_env/lib/python3.10/site-packages/airflow/example_dags/example_task_group_decorator.py
[2024-07-15T10:41:12.376+0100] {processor.py:840} INFO - DAG(s) 'example_task_group_decorator' retrieved from /home/victor/airflow_env/lib/python3.10/site-packages/airflow/example_dags/example_task_group_decorator.py
[2024-07-15T10:41:12.504+0100] {logging_mixin.py:188} INFO - [2024-07-15T10:41:12.503+0100] {dag.py:3096} INFO - Sync 1 DAGs
[2024-07-15T10:41:12.609+0100] {logging_mixin.py:188} INFO - [2024-07-15T10:41:12.609+0100] {dag.py:3954} INFO - Setting next_dagrun for example_task_group_decorator to 2024-07-14 00:00:00+00:00, run_after=2024-07-15 00:00:00+00:00
[2024-07-15T10:41:13.131+0100] {processor.py:183} INFO - Processing /home/victor/airflow_env/lib/python3.10/site-packages/airflow/example_dags/example_task_group_decorator.py took 0.875 seconds
[2024-07-15T10:42:30.367+0100] {processor.py:161} INFO - Started process (PID=31399) to work on /home/victor/airflow_env/lib/python3.10/site-packages/airflow/example_dags/example_task_group_decorator.py
[2024-07-15T10:42:30.371+0100] {processor.py:830} INFO - Processing file /home/victor/airflow_env/lib/python3.10/site-packages/airflow/example_dags/example_task_group_decorator.py for tasks to queue
[2024-07-15T10:42:30.379+0100] {logging_mixin.py:188} INFO - [2024-07-15T10:42:30.377+0100] {dagbag.py:545} INFO - Filling up the DagBag from /home/victor/airflow_env/lib/python3.10/site-packages/airflow/example_dags/example_task_group_decorator.py
[2024-07-15T10:42:30.463+0100] {processor.py:840} INFO - DAG(s) 'example_task_group_decorator' retrieved from /home/victor/airflow_env/lib/python3.10/site-packages/airflow/example_dags/example_task_group_decorator.py
[2024-07-15T10:42:30.613+0100] {logging_mixin.py:188} INFO - [2024-07-15T10:42:30.612+0100] {dag.py:3096} INFO - Sync 1 DAGs
[2024-07-15T10:42:30.732+0100] {logging_mixin.py:188} INFO - [2024-07-15T10:42:30.731+0100] {dag.py:3954} INFO - Setting next_dagrun for example_task_group_decorator to 2024-07-14 00:00:00+00:00, run_after=2024-07-15 00:00:00+00:00
[2024-07-15T10:42:31.094+0100] {processor.py:183} INFO - Processing /home/victor/airflow_env/lib/python3.10/site-packages/airflow/example_dags/example_task_group_decorator.py took 0.757 seconds
[2024-07-15T10:43:48.251+0100] {processor.py:161} INFO - Started process (PID=31805) to work on /home/victor/airflow_env/lib/python3.10/site-packages/airflow/example_dags/example_task_group_decorator.py
[2024-07-15T10:43:48.258+0100] {processor.py:830} INFO - Processing file /home/victor/airflow_env/lib/python3.10/site-packages/airflow/example_dags/example_task_group_decorator.py for tasks to queue
[2024-07-15T10:43:48.268+0100] {logging_mixin.py:188} INFO - [2024-07-15T10:43:48.267+0100] {dagbag.py:545} INFO - Filling up the DagBag from /home/victor/airflow_env/lib/python3.10/site-packages/airflow/example_dags/example_task_group_decorator.py
[2024-07-15T10:43:48.367+0100] {processor.py:840} INFO - DAG(s) 'example_task_group_decorator' retrieved from /home/victor/airflow_env/lib/python3.10/site-packages/airflow/example_dags/example_task_group_decorator.py
[2024-07-15T10:43:48.531+0100] {logging_mixin.py:188} INFO - [2024-07-15T10:43:48.530+0100] {dag.py:3096} INFO - Sync 1 DAGs
[2024-07-15T10:43:48.694+0100] {logging_mixin.py:188} INFO - [2024-07-15T10:43:48.692+0100] {dag.py:3954} INFO - Setting next_dagrun for example_task_group_decorator to 2024-07-14 00:00:00+00:00, run_after=2024-07-15 00:00:00+00:00
[2024-07-15T10:43:49.105+0100] {processor.py:183} INFO - Processing /home/victor/airflow_env/lib/python3.10/site-packages/airflow/example_dags/example_task_group_decorator.py took 0.898 seconds
[2024-07-15T10:45:00.882+0100] {processor.py:161} INFO - Started process (PID=32183) to work on /home/victor/airflow_env/lib/python3.10/site-packages/airflow/example_dags/example_task_group_decorator.py
[2024-07-15T10:45:00.886+0100] {processor.py:830} INFO - Processing file /home/victor/airflow_env/lib/python3.10/site-packages/airflow/example_dags/example_task_group_decorator.py for tasks to queue
[2024-07-15T10:45:00.893+0100] {logging_mixin.py:188} INFO - [2024-07-15T10:45:00.891+0100] {dagbag.py:545} INFO - Filling up the DagBag from /home/victor/airflow_env/lib/python3.10/site-packages/airflow/example_dags/example_task_group_decorator.py
[2024-07-15T10:45:00.967+0100] {processor.py:840} INFO - DAG(s) 'example_task_group_decorator' retrieved from /home/victor/airflow_env/lib/python3.10/site-packages/airflow/example_dags/example_task_group_decorator.py
[2024-07-15T10:45:01.112+0100] {logging_mixin.py:188} INFO - [2024-07-15T10:45:01.111+0100] {dag.py:3096} INFO - Sync 1 DAGs
[2024-07-15T10:45:01.231+0100] {logging_mixin.py:188} INFO - [2024-07-15T10:45:01.230+0100] {dag.py:3954} INFO - Setting next_dagrun for example_task_group_decorator to 2024-07-14 00:00:00+00:00, run_after=2024-07-15 00:00:00+00:00
[2024-07-15T10:45:01.509+0100] {processor.py:183} INFO - Processing /home/victor/airflow_env/lib/python3.10/site-packages/airflow/example_dags/example_task_group_decorator.py took 0.651 seconds
[2024-07-15T10:46:11.871+0100] {processor.py:161} INFO - Started process (PID=32551) to work on /home/victor/airflow_env/lib/python3.10/site-packages/airflow/example_dags/example_task_group_decorator.py
[2024-07-15T10:46:11.875+0100] {processor.py:830} INFO - Processing file /home/victor/airflow_env/lib/python3.10/site-packages/airflow/example_dags/example_task_group_decorator.py for tasks to queue
[2024-07-15T10:46:11.882+0100] {logging_mixin.py:188} INFO - [2024-07-15T10:46:11.881+0100] {dagbag.py:545} INFO - Filling up the DagBag from /home/victor/airflow_env/lib/python3.10/site-packages/airflow/example_dags/example_task_group_decorator.py
[2024-07-15T10:46:11.956+0100] {processor.py:840} INFO - DAG(s) 'example_task_group_decorator' retrieved from /home/victor/airflow_env/lib/python3.10/site-packages/airflow/example_dags/example_task_group_decorator.py
[2024-07-15T10:46:12.089+0100] {logging_mixin.py:188} INFO - [2024-07-15T10:46:12.088+0100] {dag.py:3096} INFO - Sync 1 DAGs
[2024-07-15T10:46:12.192+0100] {logging_mixin.py:188} INFO - [2024-07-15T10:46:12.191+0100] {dag.py:3954} INFO - Setting next_dagrun for example_task_group_decorator to 2024-07-14 00:00:00+00:00, run_after=2024-07-15 00:00:00+00:00
[2024-07-15T10:46:12.492+0100] {processor.py:183} INFO - Processing /home/victor/airflow_env/lib/python3.10/site-packages/airflow/example_dags/example_task_group_decorator.py took 0.645 seconds
[2024-07-15T10:47:32.120+0100] {processor.py:161} INFO - Started process (PID=32994) to work on /home/victor/airflow_env/lib/python3.10/site-packages/airflow/example_dags/example_task_group_decorator.py
[2024-07-15T10:47:32.124+0100] {processor.py:830} INFO - Processing file /home/victor/airflow_env/lib/python3.10/site-packages/airflow/example_dags/example_task_group_decorator.py for tasks to queue
[2024-07-15T10:47:32.133+0100] {logging_mixin.py:188} INFO - [2024-07-15T10:47:32.131+0100] {dagbag.py:545} INFO - Filling up the DagBag from /home/victor/airflow_env/lib/python3.10/site-packages/airflow/example_dags/example_task_group_decorator.py
[2024-07-15T10:47:32.216+0100] {processor.py:840} INFO - DAG(s) 'example_task_group_decorator' retrieved from /home/victor/airflow_env/lib/python3.10/site-packages/airflow/example_dags/example_task_group_decorator.py
[2024-07-15T10:47:32.353+0100] {logging_mixin.py:188} INFO - [2024-07-15T10:47:32.352+0100] {dag.py:3096} INFO - Sync 1 DAGs
[2024-07-15T10:47:32.474+0100] {logging_mixin.py:188} INFO - [2024-07-15T10:47:32.473+0100] {dag.py:3954} INFO - Setting next_dagrun for example_task_group_decorator to 2024-07-14 00:00:00+00:00, run_after=2024-07-15 00:00:00+00:00
[2024-07-15T10:47:32.858+0100] {processor.py:183} INFO - Processing /home/victor/airflow_env/lib/python3.10/site-packages/airflow/example_dags/example_task_group_decorator.py took 0.764 seconds
[2024-07-15T10:48:53.888+0100] {processor.py:161} INFO - Started process (PID=33419) to work on /home/victor/airflow_env/lib/python3.10/site-packages/airflow/example_dags/example_task_group_decorator.py
[2024-07-15T10:48:53.892+0100] {processor.py:830} INFO - Processing file /home/victor/airflow_env/lib/python3.10/site-packages/airflow/example_dags/example_task_group_decorator.py for tasks to queue
[2024-07-15T10:48:53.899+0100] {logging_mixin.py:188} INFO - [2024-07-15T10:48:53.898+0100] {dagbag.py:545} INFO - Filling up the DagBag from /home/victor/airflow_env/lib/python3.10/site-packages/airflow/example_dags/example_task_group_decorator.py
[2024-07-15T10:48:53.985+0100] {processor.py:840} INFO - DAG(s) 'example_task_group_decorator' retrieved from /home/victor/airflow_env/lib/python3.10/site-packages/airflow/example_dags/example_task_group_decorator.py
[2024-07-15T10:48:54.154+0100] {logging_mixin.py:188} INFO - [2024-07-15T10:48:54.152+0100] {dag.py:3096} INFO - Sync 1 DAGs
[2024-07-15T10:48:54.310+0100] {logging_mixin.py:188} INFO - [2024-07-15T10:48:54.309+0100] {dag.py:3954} INFO - Setting next_dagrun for example_task_group_decorator to 2024-07-14 00:00:00+00:00, run_after=2024-07-15 00:00:00+00:00
[2024-07-15T10:48:54.736+0100] {processor.py:183} INFO - Processing /home/victor/airflow_env/lib/python3.10/site-packages/airflow/example_dags/example_task_group_decorator.py took 0.874 seconds
[2024-07-15T10:50:37.265+0100] {processor.py:161} INFO - Started process (PID=34258) to work on /home/victor/airflow_env/lib/python3.10/site-packages/airflow/example_dags/example_task_group_decorator.py
[2024-07-15T10:50:37.272+0100] {processor.py:830} INFO - Processing file /home/victor/airflow_env/lib/python3.10/site-packages/airflow/example_dags/example_task_group_decorator.py for tasks to queue
[2024-07-15T10:50:37.281+0100] {logging_mixin.py:188} INFO - [2024-07-15T10:50:37.279+0100] {dagbag.py:545} INFO - Filling up the DagBag from /home/victor/airflow_env/lib/python3.10/site-packages/airflow/example_dags/example_task_group_decorator.py
[2024-07-15T10:50:37.381+0100] {processor.py:840} INFO - DAG(s) 'example_task_group_decorator' retrieved from /home/victor/airflow_env/lib/python3.10/site-packages/airflow/example_dags/example_task_group_decorator.py
[2024-07-15T10:50:37.542+0100] {logging_mixin.py:188} INFO - [2024-07-15T10:50:37.541+0100] {dag.py:3096} INFO - Sync 1 DAGs
[2024-07-15T10:50:37.668+0100] {logging_mixin.py:188} INFO - [2024-07-15T10:50:37.667+0100] {dag.py:3954} INFO - Setting next_dagrun for example_task_group_decorator to 2024-07-14 00:00:00+00:00, run_after=2024-07-15 00:00:00+00:00
[2024-07-15T10:50:38.075+0100] {processor.py:183} INFO - Processing /home/victor/airflow_env/lib/python3.10/site-packages/airflow/example_dags/example_task_group_decorator.py took 0.841 seconds
