[2024-07-15T09:48:07.109+0100] {processor.py:161} INFO - Started process (PID=10109) to work on /home/victor/airflow_env/lib/python3.10/site-packages/airflow/example_dags/example_short_circuit_decorator.py
[2024-07-15T09:48:07.115+0100] {processor.py:830} INFO - Processing file /home/victor/airflow_env/lib/python3.10/site-packages/airflow/example_dags/example_short_circuit_decorator.py for tasks to queue
[2024-07-15T09:48:07.132+0100] {logging_mixin.py:188} INFO - [2024-07-15T09:48:07.129+0100] {dagbag.py:545} INFO - Filling up the DagBag from /home/victor/airflow_env/lib/python3.10/site-packages/airflow/example_dags/example_short_circuit_decorator.py
[2024-07-15T09:48:07.274+0100] {processor.py:840} INFO - DAG(s) 'example_short_circuit_decorator' retrieved from /home/victor/airflow_env/lib/python3.10/site-packages/airflow/example_dags/example_short_circuit_decorator.py
[2024-07-15T09:48:07.588+0100] {logging_mixin.py:188} INFO - [2024-07-15T09:48:07.587+0100] {dag.py:3096} INFO - Sync 1 DAGs
[2024-07-15T09:48:07.820+0100] {logging_mixin.py:188} INFO - [2024-07-15T09:48:07.819+0100] {dag.py:3954} INFO - Setting next_dagrun for example_short_circuit_decorator to 2024-07-14 00:00:00+00:00, run_after=2024-07-15 00:00:00+00:00
[2024-07-15T09:48:08.375+0100] {processor.py:183} INFO - Processing /home/victor/airflow_env/lib/python3.10/site-packages/airflow/example_dags/example_short_circuit_decorator.py took 1.323 seconds
[2024-07-15T09:50:27.707+0100] {processor.py:161} INFO - Started process (PID=11201) to work on /home/victor/airflow_env/lib/python3.10/site-packages/airflow/example_dags/example_short_circuit_decorator.py
[2024-07-15T09:50:27.714+0100] {processor.py:830} INFO - Processing file /home/victor/airflow_env/lib/python3.10/site-packages/airflow/example_dags/example_short_circuit_decorator.py for tasks to queue
[2024-07-15T09:50:27.725+0100] {logging_mixin.py:188} INFO - [2024-07-15T09:50:27.724+0100] {dagbag.py:545} INFO - Filling up the DagBag from /home/victor/airflow_env/lib/python3.10/site-packages/airflow/example_dags/example_short_circuit_decorator.py
[2024-07-15T09:50:27.777+0100] {processor.py:840} INFO - DAG(s) 'example_short_circuit_decorator' retrieved from /home/victor/airflow_env/lib/python3.10/site-packages/airflow/example_dags/example_short_circuit_decorator.py
[2024-07-15T09:50:27.897+0100] {logging_mixin.py:188} INFO - [2024-07-15T09:50:27.896+0100] {dag.py:3096} INFO - Sync 1 DAGs
[2024-07-15T09:50:28.004+0100] {logging_mixin.py:188} INFO - [2024-07-15T09:50:28.003+0100] {dag.py:3954} INFO - Setting next_dagrun for example_short_circuit_decorator to 2024-07-14 00:00:00+00:00, run_after=2024-07-15 00:00:00+00:00
[2024-07-15T09:50:28.302+0100] {processor.py:183} INFO - Processing /home/victor/airflow_env/lib/python3.10/site-packages/airflow/example_dags/example_short_circuit_decorator.py took 0.629 seconds
[2024-07-15T09:51:48.405+0100] {processor.py:161} INFO - Started process (PID=11685) to work on /home/victor/airflow_env/lib/python3.10/site-packages/airflow/example_dags/example_short_circuit_decorator.py
[2024-07-15T09:51:48.410+0100] {processor.py:830} INFO - Processing file /home/victor/airflow_env/lib/python3.10/site-packages/airflow/example_dags/example_short_circuit_decorator.py for tasks to queue
[2024-07-15T09:51:48.423+0100] {logging_mixin.py:188} INFO - [2024-07-15T09:51:48.421+0100] {dagbag.py:545} INFO - Filling up the DagBag from /home/victor/airflow_env/lib/python3.10/site-packages/airflow/example_dags/example_short_circuit_decorator.py
[2024-07-15T09:51:48.471+0100] {processor.py:840} INFO - DAG(s) 'example_short_circuit_decorator' retrieved from /home/victor/airflow_env/lib/python3.10/site-packages/airflow/example_dags/example_short_circuit_decorator.py
[2024-07-15T09:51:48.590+0100] {logging_mixin.py:188} INFO - [2024-07-15T09:51:48.589+0100] {dag.py:3096} INFO - Sync 1 DAGs
[2024-07-15T09:51:48.690+0100] {logging_mixin.py:188} INFO - [2024-07-15T09:51:48.689+0100] {dag.py:3954} INFO - Setting next_dagrun for example_short_circuit_decorator to 2024-07-14 00:00:00+00:00, run_after=2024-07-15 00:00:00+00:00
[2024-07-15T09:51:49.230+0100] {processor.py:183} INFO - Processing /home/victor/airflow_env/lib/python3.10/site-packages/airflow/example_dags/example_short_circuit_decorator.py took 0.851 seconds
[2024-07-15T09:53:39.326+0100] {processor.py:161} INFO - Started process (PID=12364) to work on /home/victor/airflow_env/lib/python3.10/site-packages/airflow/example_dags/example_short_circuit_decorator.py
[2024-07-15T09:53:39.342+0100] {processor.py:830} INFO - Processing file /home/victor/airflow_env/lib/python3.10/site-packages/airflow/example_dags/example_short_circuit_decorator.py for tasks to queue
[2024-07-15T09:53:39.370+0100] {logging_mixin.py:188} INFO - [2024-07-15T09:53:39.358+0100] {dagbag.py:545} INFO - Filling up the DagBag from /home/victor/airflow_env/lib/python3.10/site-packages/airflow/example_dags/example_short_circuit_decorator.py
[2024-07-15T09:53:39.542+0100] {processor.py:840} INFO - DAG(s) 'example_short_circuit_decorator' retrieved from /home/victor/airflow_env/lib/python3.10/site-packages/airflow/example_dags/example_short_circuit_decorator.py
[2024-07-15T09:53:40.846+0100] {logging_mixin.py:188} INFO - [2024-07-15T09:53:40.844+0100] {dag.py:3096} INFO - Sync 1 DAGs
[2024-07-15T09:53:41.123+0100] {logging_mixin.py:188} INFO - [2024-07-15T09:53:41.121+0100] {dag.py:3954} INFO - Setting next_dagrun for example_short_circuit_decorator to 2024-07-14 00:00:00+00:00, run_after=2024-07-15 00:00:00+00:00
[2024-07-15T09:53:42.352+0100] {processor.py:183} INFO - Processing /home/victor/airflow_env/lib/python3.10/site-packages/airflow/example_dags/example_short_circuit_decorator.py took 3.097 seconds
[2024-07-15T09:55:37.024+0100] {processor.py:161} INFO - Started process (PID=13237) to work on /home/victor/airflow_env/lib/python3.10/site-packages/airflow/example_dags/example_short_circuit_decorator.py
[2024-07-15T09:55:37.031+0100] {processor.py:830} INFO - Processing file /home/victor/airflow_env/lib/python3.10/site-packages/airflow/example_dags/example_short_circuit_decorator.py for tasks to queue
[2024-07-15T09:55:37.040+0100] {logging_mixin.py:188} INFO - [2024-07-15T09:55:37.038+0100] {dagbag.py:545} INFO - Filling up the DagBag from /home/victor/airflow_env/lib/python3.10/site-packages/airflow/example_dags/example_short_circuit_decorator.py
[2024-07-15T09:55:37.117+0100] {processor.py:840} INFO - DAG(s) 'example_short_circuit_decorator' retrieved from /home/victor/airflow_env/lib/python3.10/site-packages/airflow/example_dags/example_short_circuit_decorator.py
[2024-07-15T09:55:37.271+0100] {logging_mixin.py:188} INFO - [2024-07-15T09:55:37.270+0100] {dag.py:3096} INFO - Sync 1 DAGs
[2024-07-15T09:55:37.443+0100] {logging_mixin.py:188} INFO - [2024-07-15T09:55:37.442+0100] {dag.py:3954} INFO - Setting next_dagrun for example_short_circuit_decorator to 2024-07-14 00:00:00+00:00, run_after=2024-07-15 00:00:00+00:00
[2024-07-15T09:55:37.798+0100] {processor.py:183} INFO - Processing /home/victor/airflow_env/lib/python3.10/site-packages/airflow/example_dags/example_short_circuit_decorator.py took 0.809 seconds
[2024-07-15T09:57:05.262+0100] {processor.py:161} INFO - Started process (PID=14042) to work on /home/victor/airflow_env/lib/python3.10/site-packages/airflow/example_dags/example_short_circuit_decorator.py
[2024-07-15T09:57:05.266+0100] {processor.py:830} INFO - Processing file /home/victor/airflow_env/lib/python3.10/site-packages/airflow/example_dags/example_short_circuit_decorator.py for tasks to queue
[2024-07-15T09:57:05.277+0100] {logging_mixin.py:188} INFO - [2024-07-15T09:57:05.275+0100] {dagbag.py:545} INFO - Filling up the DagBag from /home/victor/airflow_env/lib/python3.10/site-packages/airflow/example_dags/example_short_circuit_decorator.py
[2024-07-15T09:57:05.352+0100] {processor.py:840} INFO - DAG(s) 'example_short_circuit_decorator' retrieved from /home/victor/airflow_env/lib/python3.10/site-packages/airflow/example_dags/example_short_circuit_decorator.py
[2024-07-15T09:57:05.568+0100] {logging_mixin.py:188} INFO - [2024-07-15T09:57:05.567+0100] {dag.py:3096} INFO - Sync 1 DAGs
[2024-07-15T09:57:05.731+0100] {logging_mixin.py:188} INFO - [2024-07-15T09:57:05.730+0100] {dag.py:3954} INFO - Setting next_dagrun for example_short_circuit_decorator to 2024-07-14 00:00:00+00:00, run_after=2024-07-15 00:00:00+00:00
[2024-07-15T09:57:06.069+0100] {processor.py:183} INFO - Processing /home/victor/airflow_env/lib/python3.10/site-packages/airflow/example_dags/example_short_circuit_decorator.py took 0.836 seconds
[2024-07-15T09:58:44.589+0100] {processor.py:161} INFO - Started process (PID=14582) to work on /home/victor/airflow_env/lib/python3.10/site-packages/airflow/example_dags/example_short_circuit_decorator.py
[2024-07-15T09:58:44.594+0100] {processor.py:830} INFO - Processing file /home/victor/airflow_env/lib/python3.10/site-packages/airflow/example_dags/example_short_circuit_decorator.py for tasks to queue
[2024-07-15T09:58:44.622+0100] {logging_mixin.py:188} INFO - [2024-07-15T09:58:44.617+0100] {dagbag.py:545} INFO - Filling up the DagBag from /home/victor/airflow_env/lib/python3.10/site-packages/airflow/example_dags/example_short_circuit_decorator.py
[2024-07-15T09:58:44.726+0100] {processor.py:840} INFO - DAG(s) 'example_short_circuit_decorator' retrieved from /home/victor/airflow_env/lib/python3.10/site-packages/airflow/example_dags/example_short_circuit_decorator.py
[2024-07-15T09:58:44.904+0100] {logging_mixin.py:188} INFO - [2024-07-15T09:58:44.903+0100] {dag.py:3096} INFO - Sync 1 DAGs
[2024-07-15T09:58:45.068+0100] {logging_mixin.py:188} INFO - [2024-07-15T09:58:45.067+0100] {dag.py:3954} INFO - Setting next_dagrun for example_short_circuit_decorator to 2024-07-14 00:00:00+00:00, run_after=2024-07-15 00:00:00+00:00
[2024-07-15T09:58:45.697+0100] {processor.py:183} INFO - Processing /home/victor/airflow_env/lib/python3.10/site-packages/airflow/example_dags/example_short_circuit_decorator.py took 1.177 seconds
[2024-07-15T10:00:08.764+0100] {processor.py:161} INFO - Started process (PID=15084) to work on /home/victor/airflow_env/lib/python3.10/site-packages/airflow/example_dags/example_short_circuit_decorator.py
[2024-07-15T10:00:08.768+0100] {processor.py:830} INFO - Processing file /home/victor/airflow_env/lib/python3.10/site-packages/airflow/example_dags/example_short_circuit_decorator.py for tasks to queue
[2024-07-15T10:00:08.775+0100] {logging_mixin.py:188} INFO - [2024-07-15T10:00:08.773+0100] {dagbag.py:545} INFO - Filling up the DagBag from /home/victor/airflow_env/lib/python3.10/site-packages/airflow/example_dags/example_short_circuit_decorator.py
[2024-07-15T10:00:08.817+0100] {processor.py:840} INFO - DAG(s) 'example_short_circuit_decorator' retrieved from /home/victor/airflow_env/lib/python3.10/site-packages/airflow/example_dags/example_short_circuit_decorator.py
[2024-07-15T10:00:08.924+0100] {logging_mixin.py:188} INFO - [2024-07-15T10:00:08.924+0100] {dag.py:3096} INFO - Sync 1 DAGs
[2024-07-15T10:00:09.027+0100] {logging_mixin.py:188} INFO - [2024-07-15T10:00:09.026+0100] {dag.py:3954} INFO - Setting next_dagrun for example_short_circuit_decorator to 2024-07-14 00:00:00+00:00, run_after=2024-07-15 00:00:00+00:00
[2024-07-15T10:00:09.281+0100] {processor.py:183} INFO - Processing /home/victor/airflow_env/lib/python3.10/site-packages/airflow/example_dags/example_short_circuit_decorator.py took 0.545 seconds
[2024-07-15T10:01:31.544+0100] {processor.py:161} INFO - Started process (PID=15792) to work on /home/victor/airflow_env/lib/python3.10/site-packages/airflow/example_dags/example_short_circuit_decorator.py
[2024-07-15T10:01:31.549+0100] {processor.py:830} INFO - Processing file /home/victor/airflow_env/lib/python3.10/site-packages/airflow/example_dags/example_short_circuit_decorator.py for tasks to queue
[2024-07-15T10:01:31.558+0100] {logging_mixin.py:188} INFO - [2024-07-15T10:01:31.556+0100] {dagbag.py:545} INFO - Filling up the DagBag from /home/victor/airflow_env/lib/python3.10/site-packages/airflow/example_dags/example_short_circuit_decorator.py
[2024-07-15T10:01:31.607+0100] {processor.py:840} INFO - DAG(s) 'example_short_circuit_decorator' retrieved from /home/victor/airflow_env/lib/python3.10/site-packages/airflow/example_dags/example_short_circuit_decorator.py
[2024-07-15T10:01:31.738+0100] {logging_mixin.py:188} INFO - [2024-07-15T10:01:31.737+0100] {dag.py:3096} INFO - Sync 1 DAGs
[2024-07-15T10:01:31.853+0100] {logging_mixin.py:188} INFO - [2024-07-15T10:01:31.852+0100] {dag.py:3954} INFO - Setting next_dagrun for example_short_circuit_decorator to 2024-07-14 00:00:00+00:00, run_after=2024-07-15 00:00:00+00:00
[2024-07-15T10:01:32.215+0100] {processor.py:183} INFO - Processing /home/victor/airflow_env/lib/python3.10/site-packages/airflow/example_dags/example_short_circuit_decorator.py took 0.698 seconds
[2024-07-15T10:02:54.686+0100] {processor.py:161} INFO - Started process (PID=16526) to work on /home/victor/airflow_env/lib/python3.10/site-packages/airflow/example_dags/example_short_circuit_decorator.py
[2024-07-15T10:02:54.690+0100] {processor.py:830} INFO - Processing file /home/victor/airflow_env/lib/python3.10/site-packages/airflow/example_dags/example_short_circuit_decorator.py for tasks to queue
[2024-07-15T10:02:54.698+0100] {logging_mixin.py:188} INFO - [2024-07-15T10:02:54.696+0100] {dagbag.py:545} INFO - Filling up the DagBag from /home/victor/airflow_env/lib/python3.10/site-packages/airflow/example_dags/example_short_circuit_decorator.py
[2024-07-15T10:02:54.747+0100] {processor.py:840} INFO - DAG(s) 'example_short_circuit_decorator' retrieved from /home/victor/airflow_env/lib/python3.10/site-packages/airflow/example_dags/example_short_circuit_decorator.py
[2024-07-15T10:02:54.863+0100] {logging_mixin.py:188} INFO - [2024-07-15T10:02:54.862+0100] {dag.py:3096} INFO - Sync 1 DAGs
[2024-07-15T10:02:54.973+0100] {logging_mixin.py:188} INFO - [2024-07-15T10:02:54.972+0100] {dag.py:3954} INFO - Setting next_dagrun for example_short_circuit_decorator to 2024-07-14 00:00:00+00:00, run_after=2024-07-15 00:00:00+00:00
[2024-07-15T10:02:55.239+0100] {processor.py:183} INFO - Processing /home/victor/airflow_env/lib/python3.10/site-packages/airflow/example_dags/example_short_circuit_decorator.py took 0.578 seconds
[2024-07-15T10:04:09.852+0100] {processor.py:161} INFO - Started process (PID=17032) to work on /home/victor/airflow_env/lib/python3.10/site-packages/airflow/example_dags/example_short_circuit_decorator.py
[2024-07-15T10:04:09.856+0100] {processor.py:830} INFO - Processing file /home/victor/airflow_env/lib/python3.10/site-packages/airflow/example_dags/example_short_circuit_decorator.py for tasks to queue
[2024-07-15T10:04:09.863+0100] {logging_mixin.py:188} INFO - [2024-07-15T10:04:09.861+0100] {dagbag.py:545} INFO - Filling up the DagBag from /home/victor/airflow_env/lib/python3.10/site-packages/airflow/example_dags/example_short_circuit_decorator.py
[2024-07-15T10:04:09.905+0100] {processor.py:840} INFO - DAG(s) 'example_short_circuit_decorator' retrieved from /home/victor/airflow_env/lib/python3.10/site-packages/airflow/example_dags/example_short_circuit_decorator.py
[2024-07-15T10:04:10.032+0100] {logging_mixin.py:188} INFO - [2024-07-15T10:04:10.031+0100] {dag.py:3096} INFO - Sync 1 DAGs
[2024-07-15T10:04:10.133+0100] {logging_mixin.py:188} INFO - [2024-07-15T10:04:10.132+0100] {dag.py:3954} INFO - Setting next_dagrun for example_short_circuit_decorator to 2024-07-14 00:00:00+00:00, run_after=2024-07-15 00:00:00+00:00
[2024-07-15T10:04:10.404+0100] {processor.py:183} INFO - Processing /home/victor/airflow_env/lib/python3.10/site-packages/airflow/example_dags/example_short_circuit_decorator.py took 0.579 seconds
[2024-07-15T10:05:21.038+0100] {processor.py:161} INFO - Started process (PID=17410) to work on /home/victor/airflow_env/lib/python3.10/site-packages/airflow/example_dags/example_short_circuit_decorator.py
[2024-07-15T10:05:21.041+0100] {processor.py:830} INFO - Processing file /home/victor/airflow_env/lib/python3.10/site-packages/airflow/example_dags/example_short_circuit_decorator.py for tasks to queue
[2024-07-15T10:05:21.049+0100] {logging_mixin.py:188} INFO - [2024-07-15T10:05:21.047+0100] {dagbag.py:545} INFO - Filling up the DagBag from /home/victor/airflow_env/lib/python3.10/site-packages/airflow/example_dags/example_short_circuit_decorator.py
[2024-07-15T10:05:21.091+0100] {processor.py:840} INFO - DAG(s) 'example_short_circuit_decorator' retrieved from /home/victor/airflow_env/lib/python3.10/site-packages/airflow/example_dags/example_short_circuit_decorator.py
[2024-07-15T10:05:21.206+0100] {logging_mixin.py:188} INFO - [2024-07-15T10:05:21.205+0100] {dag.py:3096} INFO - Sync 1 DAGs
[2024-07-15T10:05:21.311+0100] {logging_mixin.py:188} INFO - [2024-07-15T10:05:21.310+0100] {dag.py:3954} INFO - Setting next_dagrun for example_short_circuit_decorator to 2024-07-14 00:00:00+00:00, run_after=2024-07-15 00:00:00+00:00
[2024-07-15T10:05:21.628+0100] {processor.py:183} INFO - Processing /home/victor/airflow_env/lib/python3.10/site-packages/airflow/example_dags/example_short_circuit_decorator.py took 0.616 seconds
[2024-07-15T10:06:51.668+0100] {processor.py:161} INFO - Started process (PID=18037) to work on /home/victor/airflow_env/lib/python3.10/site-packages/airflow/example_dags/example_short_circuit_decorator.py
[2024-07-15T10:06:51.672+0100] {processor.py:830} INFO - Processing file /home/victor/airflow_env/lib/python3.10/site-packages/airflow/example_dags/example_short_circuit_decorator.py for tasks to queue
[2024-07-15T10:06:51.680+0100] {logging_mixin.py:188} INFO - [2024-07-15T10:06:51.678+0100] {dagbag.py:545} INFO - Filling up the DagBag from /home/victor/airflow_env/lib/python3.10/site-packages/airflow/example_dags/example_short_circuit_decorator.py
[2024-07-15T10:06:51.727+0100] {processor.py:840} INFO - DAG(s) 'example_short_circuit_decorator' retrieved from /home/victor/airflow_env/lib/python3.10/site-packages/airflow/example_dags/example_short_circuit_decorator.py
[2024-07-15T10:06:51.845+0100] {logging_mixin.py:188} INFO - [2024-07-15T10:06:51.844+0100] {dag.py:3096} INFO - Sync 1 DAGs
[2024-07-15T10:06:51.950+0100] {logging_mixin.py:188} INFO - [2024-07-15T10:06:51.950+0100] {dag.py:3954} INFO - Setting next_dagrun for example_short_circuit_decorator to 2024-07-14 00:00:00+00:00, run_after=2024-07-15 00:00:00+00:00
[2024-07-15T10:06:52.238+0100] {processor.py:183} INFO - Processing /home/victor/airflow_env/lib/python3.10/site-packages/airflow/example_dags/example_short_circuit_decorator.py took 0.599 seconds
[2024-07-15T10:08:26.195+0100] {processor.py:161} INFO - Started process (PID=18696) to work on /home/victor/airflow_env/lib/python3.10/site-packages/airflow/example_dags/example_short_circuit_decorator.py
[2024-07-15T10:08:26.198+0100] {processor.py:830} INFO - Processing file /home/victor/airflow_env/lib/python3.10/site-packages/airflow/example_dags/example_short_circuit_decorator.py for tasks to queue
[2024-07-15T10:08:26.205+0100] {logging_mixin.py:188} INFO - [2024-07-15T10:08:26.204+0100] {dagbag.py:545} INFO - Filling up the DagBag from /home/victor/airflow_env/lib/python3.10/site-packages/airflow/example_dags/example_short_circuit_decorator.py
[2024-07-15T10:08:26.251+0100] {processor.py:840} INFO - DAG(s) 'example_short_circuit_decorator' retrieved from /home/victor/airflow_env/lib/python3.10/site-packages/airflow/example_dags/example_short_circuit_decorator.py
[2024-07-15T10:08:26.357+0100] {logging_mixin.py:188} INFO - [2024-07-15T10:08:26.356+0100] {dag.py:3096} INFO - Sync 1 DAGs
[2024-07-15T10:08:26.867+0100] {logging_mixin.py:188} INFO - [2024-07-15T10:08:26.865+0100] {dag.py:3954} INFO - Setting next_dagrun for example_short_circuit_decorator to 2024-07-14 00:00:00+00:00, run_after=2024-07-15 00:00:00+00:00
[2024-07-15T10:08:27.909+0100] {processor.py:183} INFO - Processing /home/victor/airflow_env/lib/python3.10/site-packages/airflow/example_dags/example_short_circuit_decorator.py took 1.740 seconds
[2024-07-15T10:09:54.525+0100] {processor.py:161} INFO - Started process (PID=19311) to work on /home/victor/airflow_env/lib/python3.10/site-packages/airflow/example_dags/example_short_circuit_decorator.py
[2024-07-15T10:09:54.530+0100] {processor.py:830} INFO - Processing file /home/victor/airflow_env/lib/python3.10/site-packages/airflow/example_dags/example_short_circuit_decorator.py for tasks to queue
[2024-07-15T10:09:54.540+0100] {logging_mixin.py:188} INFO - [2024-07-15T10:09:54.539+0100] {dagbag.py:545} INFO - Filling up the DagBag from /home/victor/airflow_env/lib/python3.10/site-packages/airflow/example_dags/example_short_circuit_decorator.py
[2024-07-15T10:09:54.596+0100] {processor.py:840} INFO - DAG(s) 'example_short_circuit_decorator' retrieved from /home/victor/airflow_env/lib/python3.10/site-packages/airflow/example_dags/example_short_circuit_decorator.py
[2024-07-15T10:09:54.736+0100] {logging_mixin.py:188} INFO - [2024-07-15T10:09:54.735+0100] {dag.py:3096} INFO - Sync 1 DAGs
[2024-07-15T10:09:54.890+0100] {logging_mixin.py:188} INFO - [2024-07-15T10:09:54.889+0100] {dag.py:3954} INFO - Setting next_dagrun for example_short_circuit_decorator to 2024-07-14 00:00:00+00:00, run_after=2024-07-15 00:00:00+00:00
[2024-07-15T10:09:55.404+0100] {processor.py:183} INFO - Processing /home/victor/airflow_env/lib/python3.10/site-packages/airflow/example_dags/example_short_circuit_decorator.py took 0.918 seconds
[2024-07-15T10:11:25.798+0100] {processor.py:161} INFO - Started process (PID=19812) to work on /home/victor/airflow_env/lib/python3.10/site-packages/airflow/example_dags/example_short_circuit_decorator.py
[2024-07-15T10:11:25.829+0100] {processor.py:830} INFO - Processing file /home/victor/airflow_env/lib/python3.10/site-packages/airflow/example_dags/example_short_circuit_decorator.py for tasks to queue
[2024-07-15T10:11:25.842+0100] {logging_mixin.py:188} INFO - [2024-07-15T10:11:25.841+0100] {dagbag.py:545} INFO - Filling up the DagBag from /home/victor/airflow_env/lib/python3.10/site-packages/airflow/example_dags/example_short_circuit_decorator.py
[2024-07-15T10:11:26.044+0100] {processor.py:840} INFO - DAG(s) 'example_short_circuit_decorator' retrieved from /home/victor/airflow_env/lib/python3.10/site-packages/airflow/example_dags/example_short_circuit_decorator.py
[2024-07-15T10:11:26.199+0100] {logging_mixin.py:188} INFO - [2024-07-15T10:11:26.198+0100] {dag.py:3096} INFO - Sync 1 DAGs
[2024-07-15T10:11:26.347+0100] {logging_mixin.py:188} INFO - [2024-07-15T10:11:26.346+0100] {dag.py:3954} INFO - Setting next_dagrun for example_short_circuit_decorator to 2024-07-14 00:00:00+00:00, run_after=2024-07-15 00:00:00+00:00
[2024-07-15T10:11:26.626+0100] {processor.py:183} INFO - Processing /home/victor/airflow_env/lib/python3.10/site-packages/airflow/example_dags/example_short_circuit_decorator.py took 0.894 seconds
[2024-07-15T10:12:50.021+0100] {processor.py:161} INFO - Started process (PID=20279) to work on /home/victor/airflow_env/lib/python3.10/site-packages/airflow/example_dags/example_short_circuit_decorator.py
[2024-07-15T10:12:50.025+0100] {processor.py:830} INFO - Processing file /home/victor/airflow_env/lib/python3.10/site-packages/airflow/example_dags/example_short_circuit_decorator.py for tasks to queue
[2024-07-15T10:12:50.032+0100] {logging_mixin.py:188} INFO - [2024-07-15T10:12:50.030+0100] {dagbag.py:545} INFO - Filling up the DagBag from /home/victor/airflow_env/lib/python3.10/site-packages/airflow/example_dags/example_short_circuit_decorator.py
[2024-07-15T10:12:50.078+0100] {processor.py:840} INFO - DAG(s) 'example_short_circuit_decorator' retrieved from /home/victor/airflow_env/lib/python3.10/site-packages/airflow/example_dags/example_short_circuit_decorator.py
[2024-07-15T10:12:50.194+0100] {logging_mixin.py:188} INFO - [2024-07-15T10:12:50.193+0100] {dag.py:3096} INFO - Sync 1 DAGs
[2024-07-15T10:12:50.297+0100] {logging_mixin.py:188} INFO - [2024-07-15T10:12:50.296+0100] {dag.py:3954} INFO - Setting next_dagrun for example_short_circuit_decorator to 2024-07-14 00:00:00+00:00, run_after=2024-07-15 00:00:00+00:00
[2024-07-15T10:12:50.695+0100] {processor.py:183} INFO - Processing /home/victor/airflow_env/lib/python3.10/site-packages/airflow/example_dags/example_short_circuit_decorator.py took 0.702 seconds
[2024-07-15T10:14:13.222+0100] {processor.py:161} INFO - Started process (PID=20715) to work on /home/victor/airflow_env/lib/python3.10/site-packages/airflow/example_dags/example_short_circuit_decorator.py
[2024-07-15T10:14:13.234+0100] {processor.py:830} INFO - Processing file /home/victor/airflow_env/lib/python3.10/site-packages/airflow/example_dags/example_short_circuit_decorator.py for tasks to queue
[2024-07-15T10:14:13.245+0100] {logging_mixin.py:188} INFO - [2024-07-15T10:14:13.242+0100] {dagbag.py:545} INFO - Filling up the DagBag from /home/victor/airflow_env/lib/python3.10/site-packages/airflow/example_dags/example_short_circuit_decorator.py
[2024-07-15T10:14:13.301+0100] {processor.py:840} INFO - DAG(s) 'example_short_circuit_decorator' retrieved from /home/victor/airflow_env/lib/python3.10/site-packages/airflow/example_dags/example_short_circuit_decorator.py
[2024-07-15T10:14:13.512+0100] {logging_mixin.py:188} INFO - [2024-07-15T10:14:13.511+0100] {dag.py:3096} INFO - Sync 1 DAGs
[2024-07-15T10:14:13.707+0100] {logging_mixin.py:188} INFO - [2024-07-15T10:14:13.703+0100] {dag.py:3954} INFO - Setting next_dagrun for example_short_circuit_decorator to 2024-07-14 00:00:00+00:00, run_after=2024-07-15 00:00:00+00:00
[2024-07-15T10:14:14.312+0100] {processor.py:183} INFO - Processing /home/victor/airflow_env/lib/python3.10/site-packages/airflow/example_dags/example_short_circuit_decorator.py took 1.146 seconds
[2024-07-15T10:15:46.447+0100] {processor.py:161} INFO - Started process (PID=21229) to work on /home/victor/airflow_env/lib/python3.10/site-packages/airflow/example_dags/example_short_circuit_decorator.py
[2024-07-15T10:15:46.456+0100] {processor.py:830} INFO - Processing file /home/victor/airflow_env/lib/python3.10/site-packages/airflow/example_dags/example_short_circuit_decorator.py for tasks to queue
[2024-07-15T10:15:46.469+0100] {logging_mixin.py:188} INFO - [2024-07-15T10:15:46.467+0100] {dagbag.py:545} INFO - Filling up the DagBag from /home/victor/airflow_env/lib/python3.10/site-packages/airflow/example_dags/example_short_circuit_decorator.py
[2024-07-15T10:15:46.561+0100] {processor.py:840} INFO - DAG(s) 'example_short_circuit_decorator' retrieved from /home/victor/airflow_env/lib/python3.10/site-packages/airflow/example_dags/example_short_circuit_decorator.py
[2024-07-15T10:15:46.783+0100] {logging_mixin.py:188} INFO - [2024-07-15T10:15:46.782+0100] {dag.py:3096} INFO - Sync 1 DAGs
[2024-07-15T10:15:46.954+0100] {logging_mixin.py:188} INFO - [2024-07-15T10:15:46.953+0100] {dag.py:3954} INFO - Setting next_dagrun for example_short_circuit_decorator to 2024-07-14 00:00:00+00:00, run_after=2024-07-15 00:00:00+00:00
[2024-07-15T10:15:47.389+0100] {processor.py:183} INFO - Processing /home/victor/airflow_env/lib/python3.10/site-packages/airflow/example_dags/example_short_circuit_decorator.py took 0.985 seconds
[2024-07-15T10:17:16.657+0100] {processor.py:161} INFO - Started process (PID=21831) to work on /home/victor/airflow_env/lib/python3.10/site-packages/airflow/example_dags/example_short_circuit_decorator.py
[2024-07-15T10:17:16.677+0100] {processor.py:830} INFO - Processing file /home/victor/airflow_env/lib/python3.10/site-packages/airflow/example_dags/example_short_circuit_decorator.py for tasks to queue
[2024-07-15T10:17:16.688+0100] {logging_mixin.py:188} INFO - [2024-07-15T10:17:16.686+0100] {dagbag.py:545} INFO - Filling up the DagBag from /home/victor/airflow_env/lib/python3.10/site-packages/airflow/example_dags/example_short_circuit_decorator.py
[2024-07-15T10:17:16.786+0100] {processor.py:840} INFO - DAG(s) 'example_short_circuit_decorator' retrieved from /home/victor/airflow_env/lib/python3.10/site-packages/airflow/example_dags/example_short_circuit_decorator.py
[2024-07-15T10:17:16.951+0100] {logging_mixin.py:188} INFO - [2024-07-15T10:17:16.950+0100] {dag.py:3096} INFO - Sync 1 DAGs
[2024-07-15T10:17:17.109+0100] {logging_mixin.py:188} INFO - [2024-07-15T10:17:17.108+0100] {dag.py:3954} INFO - Setting next_dagrun for example_short_circuit_decorator to 2024-07-14 00:00:00+00:00, run_after=2024-07-15 00:00:00+00:00
[2024-07-15T10:17:17.466+0100] {processor.py:183} INFO - Processing /home/victor/airflow_env/lib/python3.10/site-packages/airflow/example_dags/example_short_circuit_decorator.py took 0.868 seconds
[2024-07-15T10:18:35.959+0100] {processor.py:161} INFO - Started process (PID=22347) to work on /home/victor/airflow_env/lib/python3.10/site-packages/airflow/example_dags/example_short_circuit_decorator.py
[2024-07-15T10:18:35.967+0100] {processor.py:830} INFO - Processing file /home/victor/airflow_env/lib/python3.10/site-packages/airflow/example_dags/example_short_circuit_decorator.py for tasks to queue
[2024-07-15T10:18:35.978+0100] {logging_mixin.py:188} INFO - [2024-07-15T10:18:35.976+0100] {dagbag.py:545} INFO - Filling up the DagBag from /home/victor/airflow_env/lib/python3.10/site-packages/airflow/example_dags/example_short_circuit_decorator.py
[2024-07-15T10:18:36.053+0100] {processor.py:840} INFO - DAG(s) 'example_short_circuit_decorator' retrieved from /home/victor/airflow_env/lib/python3.10/site-packages/airflow/example_dags/example_short_circuit_decorator.py
[2024-07-15T10:18:36.202+0100] {logging_mixin.py:188} INFO - [2024-07-15T10:18:36.201+0100] {dag.py:3096} INFO - Sync 1 DAGs
[2024-07-15T10:18:36.314+0100] {logging_mixin.py:188} INFO - [2024-07-15T10:18:36.313+0100] {dag.py:3954} INFO - Setting next_dagrun for example_short_circuit_decorator to 2024-07-14 00:00:00+00:00, run_after=2024-07-15 00:00:00+00:00
[2024-07-15T10:18:36.631+0100] {processor.py:183} INFO - Processing /home/victor/airflow_env/lib/python3.10/site-packages/airflow/example_dags/example_short_circuit_decorator.py took 0.706 seconds
[2024-07-15T10:20:17.230+0100] {processor.py:161} INFO - Started process (PID=23101) to work on /home/victor/airflow_env/lib/python3.10/site-packages/airflow/example_dags/example_short_circuit_decorator.py
[2024-07-15T10:20:17.245+0100] {processor.py:830} INFO - Processing file /home/victor/airflow_env/lib/python3.10/site-packages/airflow/example_dags/example_short_circuit_decorator.py for tasks to queue
[2024-07-15T10:20:17.266+0100] {logging_mixin.py:188} INFO - [2024-07-15T10:20:17.264+0100] {dagbag.py:545} INFO - Filling up the DagBag from /home/victor/airflow_env/lib/python3.10/site-packages/airflow/example_dags/example_short_circuit_decorator.py
[2024-07-15T10:20:17.387+0100] {processor.py:840} INFO - DAG(s) 'example_short_circuit_decorator' retrieved from /home/victor/airflow_env/lib/python3.10/site-packages/airflow/example_dags/example_short_circuit_decorator.py
[2024-07-15T10:20:17.676+0100] {logging_mixin.py:188} INFO - [2024-07-15T10:20:17.675+0100] {dag.py:3096} INFO - Sync 1 DAGs
[2024-07-15T10:20:17.888+0100] {logging_mixin.py:188} INFO - [2024-07-15T10:20:17.887+0100] {dag.py:3954} INFO - Setting next_dagrun for example_short_circuit_decorator to 2024-07-14 00:00:00+00:00, run_after=2024-07-15 00:00:00+00:00
[2024-07-15T10:20:18.524+0100] {processor.py:183} INFO - Processing /home/victor/airflow_env/lib/python3.10/site-packages/airflow/example_dags/example_short_circuit_decorator.py took 1.395 seconds
[2024-07-15T10:22:08.416+0100] {processor.py:161} INFO - Started process (PID=23913) to work on /home/victor/airflow_env/lib/python3.10/site-packages/airflow/example_dags/example_short_circuit_decorator.py
[2024-07-15T10:22:08.423+0100] {processor.py:830} INFO - Processing file /home/victor/airflow_env/lib/python3.10/site-packages/airflow/example_dags/example_short_circuit_decorator.py for tasks to queue
[2024-07-15T10:22:08.437+0100] {logging_mixin.py:188} INFO - [2024-07-15T10:22:08.435+0100] {dagbag.py:545} INFO - Filling up the DagBag from /home/victor/airflow_env/lib/python3.10/site-packages/airflow/example_dags/example_short_circuit_decorator.py
[2024-07-15T10:22:08.555+0100] {processor.py:840} INFO - DAG(s) 'example_short_circuit_decorator' retrieved from /home/victor/airflow_env/lib/python3.10/site-packages/airflow/example_dags/example_short_circuit_decorator.py
[2024-07-15T10:22:08.871+0100] {logging_mixin.py:188} INFO - [2024-07-15T10:22:08.870+0100] {dag.py:3096} INFO - Sync 1 DAGs
[2024-07-15T10:22:09.120+0100] {logging_mixin.py:188} INFO - [2024-07-15T10:22:09.119+0100] {dag.py:3954} INFO - Setting next_dagrun for example_short_circuit_decorator to 2024-07-14 00:00:00+00:00, run_after=2024-07-15 00:00:00+00:00
[2024-07-15T10:22:09.525+0100] {processor.py:183} INFO - Processing /home/victor/airflow_env/lib/python3.10/site-packages/airflow/example_dags/example_short_circuit_decorator.py took 1.148 seconds
[2024-07-15T10:24:23.347+0100] {processor.py:161} INFO - Started process (PID=25080) to work on /home/victor/airflow_env/lib/python3.10/site-packages/airflow/example_dags/example_short_circuit_decorator.py
[2024-07-15T10:24:23.351+0100] {processor.py:830} INFO - Processing file /home/victor/airflow_env/lib/python3.10/site-packages/airflow/example_dags/example_short_circuit_decorator.py for tasks to queue
[2024-07-15T10:24:23.360+0100] {logging_mixin.py:188} INFO - [2024-07-15T10:24:23.358+0100] {dagbag.py:545} INFO - Filling up the DagBag from /home/victor/airflow_env/lib/python3.10/site-packages/airflow/example_dags/example_short_circuit_decorator.py
[2024-07-15T10:24:23.418+0100] {processor.py:840} INFO - DAG(s) 'example_short_circuit_decorator' retrieved from /home/victor/airflow_env/lib/python3.10/site-packages/airflow/example_dags/example_short_circuit_decorator.py
[2024-07-15T10:24:23.572+0100] {logging_mixin.py:188} INFO - [2024-07-15T10:24:23.568+0100] {dag.py:3096} INFO - Sync 1 DAGs
[2024-07-15T10:24:23.803+0100] {logging_mixin.py:188} INFO - [2024-07-15T10:24:23.800+0100] {dag.py:3954} INFO - Setting next_dagrun for example_short_circuit_decorator to 2024-07-14 00:00:00+00:00, run_after=2024-07-15 00:00:00+00:00
[2024-07-15T10:24:24.317+0100] {processor.py:183} INFO - Processing /home/victor/airflow_env/lib/python3.10/site-packages/airflow/example_dags/example_short_circuit_decorator.py took 1.001 seconds
[2024-07-15T10:26:05.422+0100] {processor.py:161} INFO - Started process (PID=25697) to work on /home/victor/airflow_env/lib/python3.10/site-packages/airflow/example_dags/example_short_circuit_decorator.py
[2024-07-15T10:26:05.429+0100] {processor.py:830} INFO - Processing file /home/victor/airflow_env/lib/python3.10/site-packages/airflow/example_dags/example_short_circuit_decorator.py for tasks to queue
[2024-07-15T10:26:05.437+0100] {logging_mixin.py:188} INFO - [2024-07-15T10:26:05.435+0100] {dagbag.py:545} INFO - Filling up the DagBag from /home/victor/airflow_env/lib/python3.10/site-packages/airflow/example_dags/example_short_circuit_decorator.py
[2024-07-15T10:26:05.501+0100] {processor.py:840} INFO - DAG(s) 'example_short_circuit_decorator' retrieved from /home/victor/airflow_env/lib/python3.10/site-packages/airflow/example_dags/example_short_circuit_decorator.py
[2024-07-15T10:26:05.644+0100] {logging_mixin.py:188} INFO - [2024-07-15T10:26:05.643+0100] {dag.py:3096} INFO - Sync 1 DAGs
[2024-07-15T10:26:05.770+0100] {logging_mixin.py:188} INFO - [2024-07-15T10:26:05.770+0100] {dag.py:3954} INFO - Setting next_dagrun for example_short_circuit_decorator to 2024-07-14 00:00:00+00:00, run_after=2024-07-15 00:00:00+00:00
[2024-07-15T10:26:06.119+0100] {processor.py:183} INFO - Processing /home/victor/airflow_env/lib/python3.10/site-packages/airflow/example_dags/example_short_circuit_decorator.py took 0.728 seconds
[2024-07-15T10:27:55.942+0100] {processor.py:161} INFO - Started process (PID=26466) to work on /home/victor/airflow_env/lib/python3.10/site-packages/airflow/example_dags/example_short_circuit_decorator.py
[2024-07-15T10:27:55.948+0100] {processor.py:830} INFO - Processing file /home/victor/airflow_env/lib/python3.10/site-packages/airflow/example_dags/example_short_circuit_decorator.py for tasks to queue
[2024-07-15T10:27:55.959+0100] {logging_mixin.py:188} INFO - [2024-07-15T10:27:55.957+0100] {dagbag.py:545} INFO - Filling up the DagBag from /home/victor/airflow_env/lib/python3.10/site-packages/airflow/example_dags/example_short_circuit_decorator.py
[2024-07-15T10:27:56.022+0100] {processor.py:840} INFO - DAG(s) 'example_short_circuit_decorator' retrieved from /home/victor/airflow_env/lib/python3.10/site-packages/airflow/example_dags/example_short_circuit_decorator.py
[2024-07-15T10:27:56.145+0100] {logging_mixin.py:188} INFO - [2024-07-15T10:27:56.144+0100] {dag.py:3096} INFO - Sync 1 DAGs
[2024-07-15T10:27:56.300+0100] {logging_mixin.py:188} INFO - [2024-07-15T10:27:56.298+0100] {dag.py:3954} INFO - Setting next_dagrun for example_short_circuit_decorator to 2024-07-14 00:00:00+00:00, run_after=2024-07-15 00:00:00+00:00
[2024-07-15T10:27:56.624+0100] {processor.py:183} INFO - Processing /home/victor/airflow_env/lib/python3.10/site-packages/airflow/example_dags/example_short_circuit_decorator.py took 0.716 seconds
[2024-07-15T10:29:21.211+0100] {processor.py:161} INFO - Started process (PID=26916) to work on /home/victor/airflow_env/lib/python3.10/site-packages/airflow/example_dags/example_short_circuit_decorator.py
[2024-07-15T10:29:21.217+0100] {processor.py:830} INFO - Processing file /home/victor/airflow_env/lib/python3.10/site-packages/airflow/example_dags/example_short_circuit_decorator.py for tasks to queue
[2024-07-15T10:29:21.232+0100] {logging_mixin.py:188} INFO - [2024-07-15T10:29:21.230+0100] {dagbag.py:545} INFO - Filling up the DagBag from /home/victor/airflow_env/lib/python3.10/site-packages/airflow/example_dags/example_short_circuit_decorator.py
[2024-07-15T10:29:21.300+0100] {processor.py:840} INFO - DAG(s) 'example_short_circuit_decorator' retrieved from /home/victor/airflow_env/lib/python3.10/site-packages/airflow/example_dags/example_short_circuit_decorator.py
[2024-07-15T10:29:21.462+0100] {logging_mixin.py:188} INFO - [2024-07-15T10:29:21.460+0100] {dag.py:3096} INFO - Sync 1 DAGs
[2024-07-15T10:29:21.660+0100] {logging_mixin.py:188} INFO - [2024-07-15T10:29:21.659+0100] {dag.py:3954} INFO - Setting next_dagrun for example_short_circuit_decorator to 2024-07-14 00:00:00+00:00, run_after=2024-07-15 00:00:00+00:00
[2024-07-15T10:29:22.130+0100] {processor.py:183} INFO - Processing /home/victor/airflow_env/lib/python3.10/site-packages/airflow/example_dags/example_short_circuit_decorator.py took 0.974 seconds
[2024-07-15T10:30:34.498+0100] {processor.py:161} INFO - Started process (PID=27311) to work on /home/victor/airflow_env/lib/python3.10/site-packages/airflow/example_dags/example_short_circuit_decorator.py
[2024-07-15T10:30:34.502+0100] {processor.py:830} INFO - Processing file /home/victor/airflow_env/lib/python3.10/site-packages/airflow/example_dags/example_short_circuit_decorator.py for tasks to queue
[2024-07-15T10:30:34.509+0100] {logging_mixin.py:188} INFO - [2024-07-15T10:30:34.507+0100] {dagbag.py:545} INFO - Filling up the DagBag from /home/victor/airflow_env/lib/python3.10/site-packages/airflow/example_dags/example_short_circuit_decorator.py
[2024-07-15T10:30:34.552+0100] {processor.py:840} INFO - DAG(s) 'example_short_circuit_decorator' retrieved from /home/victor/airflow_env/lib/python3.10/site-packages/airflow/example_dags/example_short_circuit_decorator.py
[2024-07-15T10:30:34.680+0100] {logging_mixin.py:188} INFO - [2024-07-15T10:30:34.679+0100] {dag.py:3096} INFO - Sync 1 DAGs
[2024-07-15T10:30:34.787+0100] {logging_mixin.py:188} INFO - [2024-07-15T10:30:34.786+0100] {dag.py:3954} INFO - Setting next_dagrun for example_short_circuit_decorator to 2024-07-14 00:00:00+00:00, run_after=2024-07-15 00:00:00+00:00
[2024-07-15T10:30:35.057+0100] {processor.py:183} INFO - Processing /home/victor/airflow_env/lib/python3.10/site-packages/airflow/example_dags/example_short_circuit_decorator.py took 0.585 seconds
[2024-07-15T10:31:53.656+0100] {processor.py:161} INFO - Started process (PID=27717) to work on /home/victor/airflow_env/lib/python3.10/site-packages/airflow/example_dags/example_short_circuit_decorator.py
[2024-07-15T10:31:53.662+0100] {processor.py:830} INFO - Processing file /home/victor/airflow_env/lib/python3.10/site-packages/airflow/example_dags/example_short_circuit_decorator.py for tasks to queue
[2024-07-15T10:31:53.673+0100] {logging_mixin.py:188} INFO - [2024-07-15T10:31:53.669+0100] {dagbag.py:545} INFO - Filling up the DagBag from /home/victor/airflow_env/lib/python3.10/site-packages/airflow/example_dags/example_short_circuit_decorator.py
[2024-07-15T10:31:53.728+0100] {processor.py:840} INFO - DAG(s) 'example_short_circuit_decorator' retrieved from /home/victor/airflow_env/lib/python3.10/site-packages/airflow/example_dags/example_short_circuit_decorator.py
[2024-07-15T10:31:53.897+0100] {logging_mixin.py:188} INFO - [2024-07-15T10:31:53.896+0100] {dag.py:3096} INFO - Sync 1 DAGs
[2024-07-15T10:31:54.056+0100] {logging_mixin.py:188} INFO - [2024-07-15T10:31:54.054+0100] {dag.py:3954} INFO - Setting next_dagrun for example_short_circuit_decorator to 2024-07-14 00:00:00+00:00, run_after=2024-07-15 00:00:00+00:00
[2024-07-15T10:31:54.482+0100] {processor.py:183} INFO - Processing /home/victor/airflow_env/lib/python3.10/site-packages/airflow/example_dags/example_short_circuit_decorator.py took 0.864 seconds
[2024-07-15T10:33:23.762+0100] {processor.py:161} INFO - Started process (PID=28327) to work on /home/victor/airflow_env/lib/python3.10/site-packages/airflow/example_dags/example_short_circuit_decorator.py
[2024-07-15T10:33:23.766+0100] {processor.py:830} INFO - Processing file /home/victor/airflow_env/lib/python3.10/site-packages/airflow/example_dags/example_short_circuit_decorator.py for tasks to queue
[2024-07-15T10:33:23.774+0100] {logging_mixin.py:188} INFO - [2024-07-15T10:33:23.772+0100] {dagbag.py:545} INFO - Filling up the DagBag from /home/victor/airflow_env/lib/python3.10/site-packages/airflow/example_dags/example_short_circuit_decorator.py
[2024-07-15T10:33:23.821+0100] {processor.py:840} INFO - DAG(s) 'example_short_circuit_decorator' retrieved from /home/victor/airflow_env/lib/python3.10/site-packages/airflow/example_dags/example_short_circuit_decorator.py
[2024-07-15T10:33:23.979+0100] {logging_mixin.py:188} INFO - [2024-07-15T10:33:23.978+0100] {dag.py:3096} INFO - Sync 1 DAGs
[2024-07-15T10:33:24.189+0100] {logging_mixin.py:188} INFO - [2024-07-15T10:33:24.186+0100] {dag.py:3954} INFO - Setting next_dagrun for example_short_circuit_decorator to 2024-07-14 00:00:00+00:00, run_after=2024-07-15 00:00:00+00:00
[2024-07-15T10:33:24.612+0100] {processor.py:183} INFO - Processing /home/victor/airflow_env/lib/python3.10/site-packages/airflow/example_dags/example_short_circuit_decorator.py took 0.877 seconds
[2024-07-15T10:34:53.417+0100] {processor.py:161} INFO - Started process (PID=28912) to work on /home/victor/airflow_env/lib/python3.10/site-packages/airflow/example_dags/example_short_circuit_decorator.py
[2024-07-15T10:34:53.421+0100] {processor.py:830} INFO - Processing file /home/victor/airflow_env/lib/python3.10/site-packages/airflow/example_dags/example_short_circuit_decorator.py for tasks to queue
[2024-07-15T10:34:53.432+0100] {logging_mixin.py:188} INFO - [2024-07-15T10:34:53.430+0100] {dagbag.py:545} INFO - Filling up the DagBag from /home/victor/airflow_env/lib/python3.10/site-packages/airflow/example_dags/example_short_circuit_decorator.py
[2024-07-15T10:34:53.476+0100] {processor.py:840} INFO - DAG(s) 'example_short_circuit_decorator' retrieved from /home/victor/airflow_env/lib/python3.10/site-packages/airflow/example_dags/example_short_circuit_decorator.py
[2024-07-15T10:34:53.616+0100] {logging_mixin.py:188} INFO - [2024-07-15T10:34:53.615+0100] {dag.py:3096} INFO - Sync 1 DAGs
[2024-07-15T10:34:53.737+0100] {logging_mixin.py:188} INFO - [2024-07-15T10:34:53.736+0100] {dag.py:3954} INFO - Setting next_dagrun for example_short_circuit_decorator to 2024-07-14 00:00:00+00:00, run_after=2024-07-15 00:00:00+00:00
[2024-07-15T10:34:54.054+0100] {processor.py:183} INFO - Processing /home/victor/airflow_env/lib/python3.10/site-packages/airflow/example_dags/example_short_circuit_decorator.py took 0.666 seconds
[2024-07-15T10:36:11.707+0100] {processor.py:161} INFO - Started process (PID=29367) to work on /home/victor/airflow_env/lib/python3.10/site-packages/airflow/example_dags/example_short_circuit_decorator.py
[2024-07-15T10:36:11.714+0100] {processor.py:830} INFO - Processing file /home/victor/airflow_env/lib/python3.10/site-packages/airflow/example_dags/example_short_circuit_decorator.py for tasks to queue
[2024-07-15T10:36:11.722+0100] {logging_mixin.py:188} INFO - [2024-07-15T10:36:11.721+0100] {dagbag.py:545} INFO - Filling up the DagBag from /home/victor/airflow_env/lib/python3.10/site-packages/airflow/example_dags/example_short_circuit_decorator.py
[2024-07-15T10:36:11.771+0100] {processor.py:840} INFO - DAG(s) 'example_short_circuit_decorator' retrieved from /home/victor/airflow_env/lib/python3.10/site-packages/airflow/example_dags/example_short_circuit_decorator.py
[2024-07-15T10:36:11.899+0100] {logging_mixin.py:188} INFO - [2024-07-15T10:36:11.898+0100] {dag.py:3096} INFO - Sync 1 DAGs
[2024-07-15T10:36:12.192+0100] {logging_mixin.py:188} INFO - [2024-07-15T10:36:12.191+0100] {dag.py:3954} INFO - Setting next_dagrun for example_short_circuit_decorator to 2024-07-14 00:00:00+00:00, run_after=2024-07-15 00:00:00+00:00
[2024-07-15T10:36:12.769+0100] {processor.py:183} INFO - Processing /home/victor/airflow_env/lib/python3.10/site-packages/airflow/example_dags/example_short_circuit_decorator.py took 1.096 seconds
[2024-07-15T10:37:43.626+0100] {processor.py:161} INFO - Started process (PID=29894) to work on /home/victor/airflow_env/lib/python3.10/site-packages/airflow/example_dags/example_short_circuit_decorator.py
[2024-07-15T10:37:43.632+0100] {processor.py:830} INFO - Processing file /home/victor/airflow_env/lib/python3.10/site-packages/airflow/example_dags/example_short_circuit_decorator.py for tasks to queue
[2024-07-15T10:37:43.641+0100] {logging_mixin.py:188} INFO - [2024-07-15T10:37:43.639+0100] {dagbag.py:545} INFO - Filling up the DagBag from /home/victor/airflow_env/lib/python3.10/site-packages/airflow/example_dags/example_short_circuit_decorator.py
[2024-07-15T10:37:43.698+0100] {processor.py:840} INFO - DAG(s) 'example_short_circuit_decorator' retrieved from /home/victor/airflow_env/lib/python3.10/site-packages/airflow/example_dags/example_short_circuit_decorator.py
[2024-07-15T10:37:43.892+0100] {logging_mixin.py:188} INFO - [2024-07-15T10:37:43.891+0100] {dag.py:3096} INFO - Sync 1 DAGs
[2024-07-15T10:37:44.086+0100] {logging_mixin.py:188} INFO - [2024-07-15T10:37:44.084+0100] {dag.py:3954} INFO - Setting next_dagrun for example_short_circuit_decorator to 2024-07-14 00:00:00+00:00, run_after=2024-07-15 00:00:00+00:00
[2024-07-15T10:37:44.452+0100] {processor.py:183} INFO - Processing /home/victor/airflow_env/lib/python3.10/site-packages/airflow/example_dags/example_short_circuit_decorator.py took 0.861 seconds
[2024-07-15T10:39:06.777+0100] {processor.py:161} INFO - Started process (PID=30324) to work on /home/victor/airflow_env/lib/python3.10/site-packages/airflow/example_dags/example_short_circuit_decorator.py
[2024-07-15T10:39:06.783+0100] {processor.py:830} INFO - Processing file /home/victor/airflow_env/lib/python3.10/site-packages/airflow/example_dags/example_short_circuit_decorator.py for tasks to queue
[2024-07-15T10:39:06.792+0100] {logging_mixin.py:188} INFO - [2024-07-15T10:39:06.791+0100] {dagbag.py:545} INFO - Filling up the DagBag from /home/victor/airflow_env/lib/python3.10/site-packages/airflow/example_dags/example_short_circuit_decorator.py
[2024-07-15T10:39:06.840+0100] {processor.py:840} INFO - DAG(s) 'example_short_circuit_decorator' retrieved from /home/victor/airflow_env/lib/python3.10/site-packages/airflow/example_dags/example_short_circuit_decorator.py
[2024-07-15T10:39:06.974+0100] {logging_mixin.py:188} INFO - [2024-07-15T10:39:06.972+0100] {dag.py:3096} INFO - Sync 1 DAGs
[2024-07-15T10:39:07.153+0100] {logging_mixin.py:188} INFO - [2024-07-15T10:39:07.152+0100] {dag.py:3954} INFO - Setting next_dagrun for example_short_circuit_decorator to 2024-07-14 00:00:00+00:00, run_after=2024-07-15 00:00:00+00:00
[2024-07-15T10:39:07.540+0100] {processor.py:183} INFO - Processing /home/victor/airflow_env/lib/python3.10/site-packages/airflow/example_dags/example_short_circuit_decorator.py took 0.795 seconds
[2024-07-15T10:40:17.183+0100] {processor.py:161} INFO - Started process (PID=30691) to work on /home/victor/airflow_env/lib/python3.10/site-packages/airflow/example_dags/example_short_circuit_decorator.py
[2024-07-15T10:40:17.187+0100] {processor.py:830} INFO - Processing file /home/victor/airflow_env/lib/python3.10/site-packages/airflow/example_dags/example_short_circuit_decorator.py for tasks to queue
[2024-07-15T10:40:17.195+0100] {logging_mixin.py:188} INFO - [2024-07-15T10:40:17.193+0100] {dagbag.py:545} INFO - Filling up the DagBag from /home/victor/airflow_env/lib/python3.10/site-packages/airflow/example_dags/example_short_circuit_decorator.py
[2024-07-15T10:40:17.237+0100] {processor.py:840} INFO - DAG(s) 'example_short_circuit_decorator' retrieved from /home/victor/airflow_env/lib/python3.10/site-packages/airflow/example_dags/example_short_circuit_decorator.py
[2024-07-15T10:40:17.354+0100] {logging_mixin.py:188} INFO - [2024-07-15T10:40:17.353+0100] {dag.py:3096} INFO - Sync 1 DAGs
[2024-07-15T10:40:17.481+0100] {logging_mixin.py:188} INFO - [2024-07-15T10:40:17.480+0100] {dag.py:3954} INFO - Setting next_dagrun for example_short_circuit_decorator to 2024-07-14 00:00:00+00:00, run_after=2024-07-15 00:00:00+00:00
[2024-07-15T10:40:17.853+0100] {processor.py:183} INFO - Processing /home/victor/airflow_env/lib/python3.10/site-packages/airflow/example_dags/example_short_circuit_decorator.py took 0.700 seconds
[2024-07-15T10:41:33.298+0100] {processor.py:161} INFO - Started process (PID=31081) to work on /home/victor/airflow_env/lib/python3.10/site-packages/airflow/example_dags/example_short_circuit_decorator.py
[2024-07-15T10:41:33.304+0100] {processor.py:830} INFO - Processing file /home/victor/airflow_env/lib/python3.10/site-packages/airflow/example_dags/example_short_circuit_decorator.py for tasks to queue
[2024-07-15T10:41:33.312+0100] {logging_mixin.py:188} INFO - [2024-07-15T10:41:33.310+0100] {dagbag.py:545} INFO - Filling up the DagBag from /home/victor/airflow_env/lib/python3.10/site-packages/airflow/example_dags/example_short_circuit_decorator.py
[2024-07-15T10:41:33.356+0100] {processor.py:840} INFO - DAG(s) 'example_short_circuit_decorator' retrieved from /home/victor/airflow_env/lib/python3.10/site-packages/airflow/example_dags/example_short_circuit_decorator.py
[2024-07-15T10:41:33.479+0100] {logging_mixin.py:188} INFO - [2024-07-15T10:41:33.478+0100] {dag.py:3096} INFO - Sync 1 DAGs
[2024-07-15T10:41:33.590+0100] {logging_mixin.py:188} INFO - [2024-07-15T10:41:33.590+0100] {dag.py:3954} INFO - Setting next_dagrun for example_short_circuit_decorator to 2024-07-14 00:00:00+00:00, run_after=2024-07-15 00:00:00+00:00
[2024-07-15T10:41:34.022+0100] {processor.py:183} INFO - Processing /home/victor/airflow_env/lib/python3.10/site-packages/airflow/example_dags/example_short_circuit_decorator.py took 0.752 seconds
[2024-07-15T10:42:48.704+0100] {processor.py:161} INFO - Started process (PID=31494) to work on /home/victor/airflow_env/lib/python3.10/site-packages/airflow/example_dags/example_short_circuit_decorator.py
[2024-07-15T10:42:48.708+0100] {processor.py:830} INFO - Processing file /home/victor/airflow_env/lib/python3.10/site-packages/airflow/example_dags/example_short_circuit_decorator.py for tasks to queue
[2024-07-15T10:42:48.715+0100] {logging_mixin.py:188} INFO - [2024-07-15T10:42:48.713+0100] {dagbag.py:545} INFO - Filling up the DagBag from /home/victor/airflow_env/lib/python3.10/site-packages/airflow/example_dags/example_short_circuit_decorator.py
[2024-07-15T10:42:48.765+0100] {processor.py:840} INFO - DAG(s) 'example_short_circuit_decorator' retrieved from /home/victor/airflow_env/lib/python3.10/site-packages/airflow/example_dags/example_short_circuit_decorator.py
[2024-07-15T10:42:48.897+0100] {logging_mixin.py:188} INFO - [2024-07-15T10:42:48.896+0100] {dag.py:3096} INFO - Sync 1 DAGs
[2024-07-15T10:42:49.034+0100] {logging_mixin.py:188} INFO - [2024-07-15T10:42:49.034+0100] {dag.py:3954} INFO - Setting next_dagrun for example_short_circuit_decorator to 2024-07-14 00:00:00+00:00, run_after=2024-07-15 00:00:00+00:00
[2024-07-15T10:42:49.323+0100] {processor.py:183} INFO - Processing /home/victor/airflow_env/lib/python3.10/site-packages/airflow/example_dags/example_short_circuit_decorator.py took 0.647 seconds
[2024-07-15T10:44:08.132+0100] {processor.py:161} INFO - Started process (PID=31906) to work on /home/victor/airflow_env/lib/python3.10/site-packages/airflow/example_dags/example_short_circuit_decorator.py
[2024-07-15T10:44:08.137+0100] {processor.py:830} INFO - Processing file /home/victor/airflow_env/lib/python3.10/site-packages/airflow/example_dags/example_short_circuit_decorator.py for tasks to queue
[2024-07-15T10:44:08.148+0100] {logging_mixin.py:188} INFO - [2024-07-15T10:44:08.147+0100] {dagbag.py:545} INFO - Filling up the DagBag from /home/victor/airflow_env/lib/python3.10/site-packages/airflow/example_dags/example_short_circuit_decorator.py
[2024-07-15T10:44:08.203+0100] {processor.py:840} INFO - DAG(s) 'example_short_circuit_decorator' retrieved from /home/victor/airflow_env/lib/python3.10/site-packages/airflow/example_dags/example_short_circuit_decorator.py
[2024-07-15T10:44:08.326+0100] {logging_mixin.py:188} INFO - [2024-07-15T10:44:08.325+0100] {dag.py:3096} INFO - Sync 1 DAGs
[2024-07-15T10:44:08.463+0100] {logging_mixin.py:188} INFO - [2024-07-15T10:44:08.462+0100] {dag.py:3954} INFO - Setting next_dagrun for example_short_circuit_decorator to 2024-07-14 00:00:00+00:00, run_after=2024-07-15 00:00:00+00:00
[2024-07-15T10:44:08.777+0100] {processor.py:183} INFO - Processing /home/victor/airflow_env/lib/python3.10/site-packages/airflow/example_dags/example_short_circuit_decorator.py took 0.680 seconds
[2024-07-15T10:45:19.157+0100] {processor.py:161} INFO - Started process (PID=32277) to work on /home/victor/airflow_env/lib/python3.10/site-packages/airflow/example_dags/example_short_circuit_decorator.py
[2024-07-15T10:45:19.162+0100] {processor.py:830} INFO - Processing file /home/victor/airflow_env/lib/python3.10/site-packages/airflow/example_dags/example_short_circuit_decorator.py for tasks to queue
[2024-07-15T10:45:19.169+0100] {logging_mixin.py:188} INFO - [2024-07-15T10:45:19.167+0100] {dagbag.py:545} INFO - Filling up the DagBag from /home/victor/airflow_env/lib/python3.10/site-packages/airflow/example_dags/example_short_circuit_decorator.py
[2024-07-15T10:45:19.226+0100] {processor.py:840} INFO - DAG(s) 'example_short_circuit_decorator' retrieved from /home/victor/airflow_env/lib/python3.10/site-packages/airflow/example_dags/example_short_circuit_decorator.py
[2024-07-15T10:45:19.393+0100] {logging_mixin.py:188} INFO - [2024-07-15T10:45:19.392+0100] {dag.py:3096} INFO - Sync 1 DAGs
[2024-07-15T10:45:19.535+0100] {logging_mixin.py:188} INFO - [2024-07-15T10:45:19.534+0100] {dag.py:3954} INFO - Setting next_dagrun for example_short_circuit_decorator to 2024-07-14 00:00:00+00:00, run_after=2024-07-15 00:00:00+00:00
[2024-07-15T10:45:19.854+0100] {processor.py:183} INFO - Processing /home/victor/airflow_env/lib/python3.10/site-packages/airflow/example_dags/example_short_circuit_decorator.py took 0.729 seconds
[2024-07-15T10:46:29.378+0100] {processor.py:161} INFO - Started process (PID=32642) to work on /home/victor/airflow_env/lib/python3.10/site-packages/airflow/example_dags/example_short_circuit_decorator.py
[2024-07-15T10:46:29.382+0100] {processor.py:830} INFO - Processing file /home/victor/airflow_env/lib/python3.10/site-packages/airflow/example_dags/example_short_circuit_decorator.py for tasks to queue
[2024-07-15T10:46:29.389+0100] {logging_mixin.py:188} INFO - [2024-07-15T10:46:29.387+0100] {dagbag.py:545} INFO - Filling up the DagBag from /home/victor/airflow_env/lib/python3.10/site-packages/airflow/example_dags/example_short_circuit_decorator.py
[2024-07-15T10:46:29.431+0100] {processor.py:840} INFO - DAG(s) 'example_short_circuit_decorator' retrieved from /home/victor/airflow_env/lib/python3.10/site-packages/airflow/example_dags/example_short_circuit_decorator.py
[2024-07-15T10:46:29.558+0100] {logging_mixin.py:188} INFO - [2024-07-15T10:46:29.557+0100] {dag.py:3096} INFO - Sync 1 DAGs
[2024-07-15T10:46:29.669+0100] {logging_mixin.py:188} INFO - [2024-07-15T10:46:29.668+0100] {dag.py:3954} INFO - Setting next_dagrun for example_short_circuit_decorator to 2024-07-14 00:00:00+00:00, run_after=2024-07-15 00:00:00+00:00
[2024-07-15T10:46:30.021+0100] {processor.py:183} INFO - Processing /home/victor/airflow_env/lib/python3.10/site-packages/airflow/example_dags/example_short_circuit_decorator.py took 0.667 seconds
[2024-07-15T10:47:50.959+0100] {processor.py:161} INFO - Started process (PID=33091) to work on /home/victor/airflow_env/lib/python3.10/site-packages/airflow/example_dags/example_short_circuit_decorator.py
[2024-07-15T10:47:50.963+0100] {processor.py:830} INFO - Processing file /home/victor/airflow_env/lib/python3.10/site-packages/airflow/example_dags/example_short_circuit_decorator.py for tasks to queue
[2024-07-15T10:47:50.981+0100] {logging_mixin.py:188} INFO - [2024-07-15T10:47:50.979+0100] {dagbag.py:545} INFO - Filling up the DagBag from /home/victor/airflow_env/lib/python3.10/site-packages/airflow/example_dags/example_short_circuit_decorator.py
[2024-07-15T10:47:51.049+0100] {processor.py:840} INFO - DAG(s) 'example_short_circuit_decorator' retrieved from /home/victor/airflow_env/lib/python3.10/site-packages/airflow/example_dags/example_short_circuit_decorator.py
[2024-07-15T10:47:51.173+0100] {logging_mixin.py:188} INFO - [2024-07-15T10:47:51.172+0100] {dag.py:3096} INFO - Sync 1 DAGs
[2024-07-15T10:47:51.300+0100] {logging_mixin.py:188} INFO - [2024-07-15T10:47:51.299+0100] {dag.py:3954} INFO - Setting next_dagrun for example_short_circuit_decorator to 2024-07-14 00:00:00+00:00, run_after=2024-07-15 00:00:00+00:00
[2024-07-15T10:47:51.610+0100] {processor.py:183} INFO - Processing /home/victor/airflow_env/lib/python3.10/site-packages/airflow/example_dags/example_short_circuit_decorator.py took 0.680 seconds
[2024-07-15T10:49:12.767+0100] {processor.py:161} INFO - Started process (PID=33515) to work on /home/victor/airflow_env/lib/python3.10/site-packages/airflow/example_dags/example_short_circuit_decorator.py
[2024-07-15T10:49:12.791+0100] {processor.py:830} INFO - Processing file /home/victor/airflow_env/lib/python3.10/site-packages/airflow/example_dags/example_short_circuit_decorator.py for tasks to queue
[2024-07-15T10:49:12.807+0100] {logging_mixin.py:188} INFO - [2024-07-15T10:49:12.805+0100] {dagbag.py:545} INFO - Filling up the DagBag from /home/victor/airflow_env/lib/python3.10/site-packages/airflow/example_dags/example_short_circuit_decorator.py
[2024-07-15T10:49:12.956+0100] {processor.py:840} INFO - DAG(s) 'example_short_circuit_decorator' retrieved from /home/victor/airflow_env/lib/python3.10/site-packages/airflow/example_dags/example_short_circuit_decorator.py
[2024-07-15T10:49:13.091+0100] {logging_mixin.py:188} INFO - [2024-07-15T10:49:13.090+0100] {dag.py:3096} INFO - Sync 1 DAGs
[2024-07-15T10:49:13.215+0100] {logging_mixin.py:188} INFO - [2024-07-15T10:49:13.214+0100] {dag.py:3954} INFO - Setting next_dagrun for example_short_circuit_decorator to 2024-07-14 00:00:00+00:00, run_after=2024-07-15 00:00:00+00:00
[2024-07-15T10:49:13.615+0100] {processor.py:183} INFO - Processing /home/victor/airflow_env/lib/python3.10/site-packages/airflow/example_dags/example_short_circuit_decorator.py took 0.922 seconds
[2024-07-15T10:50:57.531+0100] {processor.py:161} INFO - Started process (PID=34411) to work on /home/victor/airflow_env/lib/python3.10/site-packages/airflow/example_dags/example_short_circuit_decorator.py
[2024-07-15T10:50:57.537+0100] {processor.py:830} INFO - Processing file /home/victor/airflow_env/lib/python3.10/site-packages/airflow/example_dags/example_short_circuit_decorator.py for tasks to queue
[2024-07-15T10:50:57.544+0100] {logging_mixin.py:188} INFO - [2024-07-15T10:50:57.543+0100] {dagbag.py:545} INFO - Filling up the DagBag from /home/victor/airflow_env/lib/python3.10/site-packages/airflow/example_dags/example_short_circuit_decorator.py
[2024-07-15T10:50:57.601+0100] {processor.py:840} INFO - DAG(s) 'example_short_circuit_decorator' retrieved from /home/victor/airflow_env/lib/python3.10/site-packages/airflow/example_dags/example_short_circuit_decorator.py
[2024-07-15T10:50:57.723+0100] {logging_mixin.py:188} INFO - [2024-07-15T10:50:57.722+0100] {dag.py:3096} INFO - Sync 1 DAGs
[2024-07-15T10:50:57.847+0100] {logging_mixin.py:188} INFO - [2024-07-15T10:50:57.846+0100] {dag.py:3954} INFO - Setting next_dagrun for example_short_circuit_decorator to 2024-07-14 00:00:00+00:00, run_after=2024-07-15 00:00:00+00:00
[2024-07-15T10:50:58.190+0100] {processor.py:183} INFO - Processing /home/victor/airflow_env/lib/python3.10/site-packages/airflow/example_dags/example_short_circuit_decorator.py took 0.685 seconds
