[2024-07-15T09:48:48.895+0100] {processor.py:161} INFO - Started process (PID=10506) to work on /home/victor/airflow_env/lib/python3.10/site-packages/airflow/example_dags/example_params_trigger_ui.py
[2024-07-15T09:48:48.900+0100] {processor.py:830} INFO - Processing file /home/victor/airflow_env/lib/python3.10/site-packages/airflow/example_dags/example_params_trigger_ui.py for tasks to queue
[2024-07-15T09:48:48.913+0100] {logging_mixin.py:188} INFO - [2024-07-15T09:48:48.910+0100] {dagbag.py:545} INFO - Filling up the DagBag from /home/victor/airflow_env/lib/python3.10/site-packages/airflow/example_dags/example_params_trigger_ui.py
[2024-07-15T09:48:49.018+0100] {processor.py:840} INFO - DAG(s) 'example_params_trigger_ui' retrieved from /home/victor/airflow_env/lib/python3.10/site-packages/airflow/example_dags/example_params_trigger_ui.py
[2024-07-15T09:48:49.845+0100] {logging_mixin.py:188} INFO - [2024-07-15T09:48:49.844+0100] {dag.py:3096} INFO - Sync 1 DAGs
[2024-07-15T09:48:50.142+0100] {logging_mixin.py:188} INFO - [2024-07-15T09:48:50.137+0100] {dag.py:3954} INFO - Setting next_dagrun for example_params_trigger_ui to None, run_after=None
[2024-07-15T09:48:50.979+0100] {processor.py:183} INFO - Processing /home/victor/airflow_env/lib/python3.10/site-packages/airflow/example_dags/example_params_trigger_ui.py took 2.122 seconds
[2024-07-15T09:50:56.609+0100] {processor.py:161} INFO - Started process (PID=11353) to work on /home/victor/airflow_env/lib/python3.10/site-packages/airflow/example_dags/example_params_trigger_ui.py
[2024-07-15T09:50:56.613+0100] {processor.py:830} INFO - Processing file /home/victor/airflow_env/lib/python3.10/site-packages/airflow/example_dags/example_params_trigger_ui.py for tasks to queue
[2024-07-15T09:50:56.621+0100] {logging_mixin.py:188} INFO - [2024-07-15T09:50:56.619+0100] {dagbag.py:545} INFO - Filling up the DagBag from /home/victor/airflow_env/lib/python3.10/site-packages/airflow/example_dags/example_params_trigger_ui.py
[2024-07-15T09:50:56.678+0100] {processor.py:840} INFO - DAG(s) 'example_params_trigger_ui' retrieved from /home/victor/airflow_env/lib/python3.10/site-packages/airflow/example_dags/example_params_trigger_ui.py
[2024-07-15T09:50:56.921+0100] {logging_mixin.py:188} INFO - [2024-07-15T09:50:56.920+0100] {dag.py:3096} INFO - Sync 1 DAGs
[2024-07-15T09:50:56.975+0100] {logging_mixin.py:188} INFO - [2024-07-15T09:50:56.974+0100] {dag.py:3954} INFO - Setting next_dagrun for example_params_trigger_ui to None, run_after=None
[2024-07-15T09:50:57.270+0100] {processor.py:183} INFO - Processing /home/victor/airflow_env/lib/python3.10/site-packages/airflow/example_dags/example_params_trigger_ui.py took 0.685 seconds
[2024-07-15T09:54:20.800+0100] {processor.py:161} INFO - Started process (PID=12718) to work on /home/victor/airflow_env/lib/python3.10/site-packages/airflow/example_dags/example_params_trigger_ui.py
[2024-07-15T09:54:20.806+0100] {processor.py:830} INFO - Processing file /home/victor/airflow_env/lib/python3.10/site-packages/airflow/example_dags/example_params_trigger_ui.py for tasks to queue
[2024-07-15T09:54:20.814+0100] {logging_mixin.py:188} INFO - [2024-07-15T09:54:20.812+0100] {dagbag.py:545} INFO - Filling up the DagBag from /home/victor/airflow_env/lib/python3.10/site-packages/airflow/example_dags/example_params_trigger_ui.py
[2024-07-15T09:54:20.899+0100] {processor.py:840} INFO - DAG(s) 'example_params_trigger_ui' retrieved from /home/victor/airflow_env/lib/python3.10/site-packages/airflow/example_dags/example_params_trigger_ui.py
[2024-07-15T09:54:21.481+0100] {logging_mixin.py:188} INFO - [2024-07-15T09:54:21.480+0100] {dag.py:3096} INFO - Sync 1 DAGs
[2024-07-15T09:54:21.580+0100] {logging_mixin.py:188} INFO - [2024-07-15T09:54:21.579+0100] {dag.py:3954} INFO - Setting next_dagrun for example_params_trigger_ui to None, run_after=None
[2024-07-15T09:54:22.086+0100] {processor.py:183} INFO - Processing /home/victor/airflow_env/lib/python3.10/site-packages/airflow/example_dags/example_params_trigger_ui.py took 1.318 seconds
[2024-07-15T09:56:00.696+0100] {processor.py:161} INFO - Started process (PID=13475) to work on /home/victor/airflow_env/lib/python3.10/site-packages/airflow/example_dags/example_params_trigger_ui.py
[2024-07-15T09:56:00.700+0100] {processor.py:830} INFO - Processing file /home/victor/airflow_env/lib/python3.10/site-packages/airflow/example_dags/example_params_trigger_ui.py for tasks to queue
[2024-07-15T09:56:00.707+0100] {logging_mixin.py:188} INFO - [2024-07-15T09:56:00.705+0100] {dagbag.py:545} INFO - Filling up the DagBag from /home/victor/airflow_env/lib/python3.10/site-packages/airflow/example_dags/example_params_trigger_ui.py
[2024-07-15T09:56:00.786+0100] {processor.py:840} INFO - DAG(s) 'example_params_trigger_ui' retrieved from /home/victor/airflow_env/lib/python3.10/site-packages/airflow/example_dags/example_params_trigger_ui.py
[2024-07-15T09:56:01.116+0100] {logging_mixin.py:188} INFO - [2024-07-15T09:56:01.115+0100] {dag.py:3096} INFO - Sync 1 DAGs
[2024-07-15T09:56:01.184+0100] {logging_mixin.py:188} INFO - [2024-07-15T09:56:01.184+0100] {dag.py:3954} INFO - Setting next_dagrun for example_params_trigger_ui to None, run_after=None
[2024-07-15T09:56:01.560+0100] {processor.py:183} INFO - Processing /home/victor/airflow_env/lib/python3.10/site-packages/airflow/example_dags/example_params_trigger_ui.py took 0.899 seconds
[2024-07-15T09:59:08.124+0100] {processor.py:161} INFO - Started process (PID=14703) to work on /home/victor/airflow_env/lib/python3.10/site-packages/airflow/example_dags/example_params_trigger_ui.py
[2024-07-15T09:59:08.128+0100] {processor.py:830} INFO - Processing file /home/victor/airflow_env/lib/python3.10/site-packages/airflow/example_dags/example_params_trigger_ui.py for tasks to queue
[2024-07-15T09:59:08.136+0100] {logging_mixin.py:188} INFO - [2024-07-15T09:59:08.134+0100] {dagbag.py:545} INFO - Filling up the DagBag from /home/victor/airflow_env/lib/python3.10/site-packages/airflow/example_dags/example_params_trigger_ui.py
[2024-07-15T09:59:08.199+0100] {processor.py:840} INFO - DAG(s) 'example_params_trigger_ui' retrieved from /home/victor/airflow_env/lib/python3.10/site-packages/airflow/example_dags/example_params_trigger_ui.py
[2024-07-15T09:59:08.465+0100] {logging_mixin.py:188} INFO - [2024-07-15T09:59:08.464+0100] {dag.py:3096} INFO - Sync 1 DAGs
[2024-07-15T09:59:08.527+0100] {logging_mixin.py:188} INFO - [2024-07-15T09:59:08.526+0100] {dag.py:3954} INFO - Setting next_dagrun for example_params_trigger_ui to None, run_after=None
[2024-07-15T09:59:08.811+0100] {processor.py:183} INFO - Processing /home/victor/airflow_env/lib/python3.10/site-packages/airflow/example_dags/example_params_trigger_ui.py took 0.713 seconds
[2024-07-15T10:01:53.578+0100] {processor.py:161} INFO - Started process (PID=16018) to work on /home/victor/airflow_env/lib/python3.10/site-packages/airflow/example_dags/example_params_trigger_ui.py
[2024-07-15T10:01:53.582+0100] {processor.py:830} INFO - Processing file /home/victor/airflow_env/lib/python3.10/site-packages/airflow/example_dags/example_params_trigger_ui.py for tasks to queue
[2024-07-15T10:01:53.589+0100] {logging_mixin.py:188} INFO - [2024-07-15T10:01:53.587+0100] {dagbag.py:545} INFO - Filling up the DagBag from /home/victor/airflow_env/lib/python3.10/site-packages/airflow/example_dags/example_params_trigger_ui.py
[2024-07-15T10:01:53.648+0100] {processor.py:840} INFO - DAG(s) 'example_params_trigger_ui' retrieved from /home/victor/airflow_env/lib/python3.10/site-packages/airflow/example_dags/example_params_trigger_ui.py
[2024-07-15T10:01:53.902+0100] {logging_mixin.py:188} INFO - [2024-07-15T10:01:53.901+0100] {dag.py:3096} INFO - Sync 1 DAGs
[2024-07-15T10:01:53.963+0100] {logging_mixin.py:188} INFO - [2024-07-15T10:01:53.963+0100] {dag.py:3954} INFO - Setting next_dagrun for example_params_trigger_ui to None, run_after=None
[2024-07-15T10:01:54.249+0100] {processor.py:183} INFO - Processing /home/victor/airflow_env/lib/python3.10/site-packages/airflow/example_dags/example_params_trigger_ui.py took 0.698 seconds
[2024-07-15T10:04:21.529+0100] {processor.py:161} INFO - Started process (PID=17093) to work on /home/victor/airflow_env/lib/python3.10/site-packages/airflow/example_dags/example_params_trigger_ui.py
[2024-07-15T10:04:21.533+0100] {processor.py:830} INFO - Processing file /home/victor/airflow_env/lib/python3.10/site-packages/airflow/example_dags/example_params_trigger_ui.py for tasks to queue
[2024-07-15T10:04:21.541+0100] {logging_mixin.py:188} INFO - [2024-07-15T10:04:21.539+0100] {dagbag.py:545} INFO - Filling up the DagBag from /home/victor/airflow_env/lib/python3.10/site-packages/airflow/example_dags/example_params_trigger_ui.py
[2024-07-15T10:04:21.606+0100] {processor.py:840} INFO - DAG(s) 'example_params_trigger_ui' retrieved from /home/victor/airflow_env/lib/python3.10/site-packages/airflow/example_dags/example_params_trigger_ui.py
[2024-07-15T10:04:21.859+0100] {logging_mixin.py:188} INFO - [2024-07-15T10:04:21.858+0100] {dag.py:3096} INFO - Sync 1 DAGs
[2024-07-15T10:04:21.939+0100] {logging_mixin.py:188} INFO - [2024-07-15T10:04:21.938+0100] {dag.py:3954} INFO - Setting next_dagrun for example_params_trigger_ui to None, run_after=None
[2024-07-15T10:04:22.342+0100] {processor.py:183} INFO - Processing /home/victor/airflow_env/lib/python3.10/site-packages/airflow/example_dags/example_params_trigger_ui.py took 0.839 seconds
[2024-07-15T10:07:15.067+0100] {processor.py:161} INFO - Started process (PID=18224) to work on /home/victor/airflow_env/lib/python3.10/site-packages/airflow/example_dags/example_params_trigger_ui.py
[2024-07-15T10:07:15.072+0100] {processor.py:830} INFO - Processing file /home/victor/airflow_env/lib/python3.10/site-packages/airflow/example_dags/example_params_trigger_ui.py for tasks to queue
[2024-07-15T10:07:15.082+0100] {logging_mixin.py:188} INFO - [2024-07-15T10:07:15.080+0100] {dagbag.py:545} INFO - Filling up the DagBag from /home/victor/airflow_env/lib/python3.10/site-packages/airflow/example_dags/example_params_trigger_ui.py
[2024-07-15T10:07:15.171+0100] {processor.py:840} INFO - DAG(s) 'example_params_trigger_ui' retrieved from /home/victor/airflow_env/lib/python3.10/site-packages/airflow/example_dags/example_params_trigger_ui.py
[2024-07-15T10:07:15.653+0100] {logging_mixin.py:188} INFO - [2024-07-15T10:07:15.652+0100] {dag.py:3096} INFO - Sync 1 DAGs
[2024-07-15T10:07:15.751+0100] {logging_mixin.py:188} INFO - [2024-07-15T10:07:15.750+0100] {dag.py:3954} INFO - Setting next_dagrun for example_params_trigger_ui to None, run_after=None
[2024-07-15T10:07:16.138+0100] {processor.py:183} INFO - Processing /home/victor/airflow_env/lib/python3.10/site-packages/airflow/example_dags/example_params_trigger_ui.py took 1.107 seconds
[2024-07-15T10:08:51.238+0100] {processor.py:161} INFO - Started process (PID=18827) to work on /home/victor/airflow_env/lib/python3.10/site-packages/airflow/example_dags/example_params_trigger_ui.py
[2024-07-15T10:08:51.243+0100] {processor.py:830} INFO - Processing file /home/victor/airflow_env/lib/python3.10/site-packages/airflow/example_dags/example_params_trigger_ui.py for tasks to queue
[2024-07-15T10:08:51.254+0100] {logging_mixin.py:188} INFO - [2024-07-15T10:08:51.252+0100] {dagbag.py:545} INFO - Filling up the DagBag from /home/victor/airflow_env/lib/python3.10/site-packages/airflow/example_dags/example_params_trigger_ui.py
[2024-07-15T10:08:51.322+0100] {processor.py:840} INFO - DAG(s) 'example_params_trigger_ui' retrieved from /home/victor/airflow_env/lib/python3.10/site-packages/airflow/example_dags/example_params_trigger_ui.py
[2024-07-15T10:08:51.666+0100] {logging_mixin.py:188} INFO - [2024-07-15T10:08:51.664+0100] {dag.py:3096} INFO - Sync 1 DAGs
[2024-07-15T10:08:51.769+0100] {logging_mixin.py:188} INFO - [2024-07-15T10:08:51.767+0100] {dag.py:3954} INFO - Setting next_dagrun for example_params_trigger_ui to None, run_after=None
[2024-07-15T10:08:52.077+0100] {processor.py:183} INFO - Processing /home/victor/airflow_env/lib/python3.10/site-packages/airflow/example_dags/example_params_trigger_ui.py took 0.870 seconds
[2024-07-15T10:11:49.594+0100] {processor.py:161} INFO - Started process (PID=19940) to work on /home/victor/airflow_env/lib/python3.10/site-packages/airflow/example_dags/example_params_trigger_ui.py
[2024-07-15T10:11:49.598+0100] {processor.py:830} INFO - Processing file /home/victor/airflow_env/lib/python3.10/site-packages/airflow/example_dags/example_params_trigger_ui.py for tasks to queue
[2024-07-15T10:11:49.607+0100] {logging_mixin.py:188} INFO - [2024-07-15T10:11:49.606+0100] {dagbag.py:545} INFO - Filling up the DagBag from /home/victor/airflow_env/lib/python3.10/site-packages/airflow/example_dags/example_params_trigger_ui.py
[2024-07-15T10:11:49.681+0100] {processor.py:840} INFO - DAG(s) 'example_params_trigger_ui' retrieved from /home/victor/airflow_env/lib/python3.10/site-packages/airflow/example_dags/example_params_trigger_ui.py
[2024-07-15T10:11:50.039+0100] {logging_mixin.py:188} INFO - [2024-07-15T10:11:50.038+0100] {dag.py:3096} INFO - Sync 1 DAGs
[2024-07-15T10:11:50.119+0100] {logging_mixin.py:188} INFO - [2024-07-15T10:11:50.118+0100] {dag.py:3954} INFO - Setting next_dagrun for example_params_trigger_ui to None, run_after=None
[2024-07-15T10:11:50.444+0100] {processor.py:183} INFO - Processing /home/victor/airflow_env/lib/python3.10/site-packages/airflow/example_dags/example_params_trigger_ui.py took 0.879 seconds
[2024-07-15T10:14:38.413+0100] {processor.py:161} INFO - Started process (PID=20848) to work on /home/victor/airflow_env/lib/python3.10/site-packages/airflow/example_dags/example_params_trigger_ui.py
[2024-07-15T10:14:38.417+0100] {processor.py:830} INFO - Processing file /home/victor/airflow_env/lib/python3.10/site-packages/airflow/example_dags/example_params_trigger_ui.py for tasks to queue
[2024-07-15T10:14:38.425+0100] {logging_mixin.py:188} INFO - [2024-07-15T10:14:38.422+0100] {dagbag.py:545} INFO - Filling up the DagBag from /home/victor/airflow_env/lib/python3.10/site-packages/airflow/example_dags/example_params_trigger_ui.py
[2024-07-15T10:14:38.492+0100] {processor.py:840} INFO - DAG(s) 'example_params_trigger_ui' retrieved from /home/victor/airflow_env/lib/python3.10/site-packages/airflow/example_dags/example_params_trigger_ui.py
[2024-07-15T10:14:38.794+0100] {logging_mixin.py:188} INFO - [2024-07-15T10:14:38.793+0100] {dag.py:3096} INFO - Sync 1 DAGs
[2024-07-15T10:14:38.920+0100] {logging_mixin.py:188} INFO - [2024-07-15T10:14:38.919+0100] {dag.py:3954} INFO - Setting next_dagrun for example_params_trigger_ui to None, run_after=None
[2024-07-15T10:14:39.279+0100] {processor.py:183} INFO - Processing /home/victor/airflow_env/lib/python3.10/site-packages/airflow/example_dags/example_params_trigger_ui.py took 0.893 seconds
[2024-07-15T10:17:36.525+0100] {processor.py:161} INFO - Started process (PID=21979) to work on /home/victor/airflow_env/lib/python3.10/site-packages/airflow/example_dags/example_params_trigger_ui.py
[2024-07-15T10:17:36.530+0100] {processor.py:830} INFO - Processing file /home/victor/airflow_env/lib/python3.10/site-packages/airflow/example_dags/example_params_trigger_ui.py for tasks to queue
[2024-07-15T10:17:36.538+0100] {logging_mixin.py:188} INFO - [2024-07-15T10:17:36.536+0100] {dagbag.py:545} INFO - Filling up the DagBag from /home/victor/airflow_env/lib/python3.10/site-packages/airflow/example_dags/example_params_trigger_ui.py
[2024-07-15T10:17:36.612+0100] {processor.py:840} INFO - DAG(s) 'example_params_trigger_ui' retrieved from /home/victor/airflow_env/lib/python3.10/site-packages/airflow/example_dags/example_params_trigger_ui.py
[2024-07-15T10:17:36.935+0100] {logging_mixin.py:188} INFO - [2024-07-15T10:17:36.934+0100] {dag.py:3096} INFO - Sync 1 DAGs
[2024-07-15T10:17:37.010+0100] {logging_mixin.py:188} INFO - [2024-07-15T10:17:37.009+0100] {dag.py:3954} INFO - Setting next_dagrun for example_params_trigger_ui to None, run_after=None
[2024-07-15T10:17:37.289+0100] {processor.py:183} INFO - Processing /home/victor/airflow_env/lib/python3.10/site-packages/airflow/example_dags/example_params_trigger_ui.py took 0.795 seconds
[2024-07-15T10:20:50.259+0100] {processor.py:161} INFO - Started process (PID=23317) to work on /home/victor/airflow_env/lib/python3.10/site-packages/airflow/example_dags/example_params_trigger_ui.py
[2024-07-15T10:20:50.264+0100] {processor.py:830} INFO - Processing file /home/victor/airflow_env/lib/python3.10/site-packages/airflow/example_dags/example_params_trigger_ui.py for tasks to queue
[2024-07-15T10:20:50.276+0100] {logging_mixin.py:188} INFO - [2024-07-15T10:20:50.274+0100] {dagbag.py:545} INFO - Filling up the DagBag from /home/victor/airflow_env/lib/python3.10/site-packages/airflow/example_dags/example_params_trigger_ui.py
[2024-07-15T10:20:50.389+0100] {processor.py:840} INFO - DAG(s) 'example_params_trigger_ui' retrieved from /home/victor/airflow_env/lib/python3.10/site-packages/airflow/example_dags/example_params_trigger_ui.py
[2024-07-15T10:20:50.722+0100] {logging_mixin.py:188} INFO - [2024-07-15T10:20:50.721+0100] {dag.py:3096} INFO - Sync 1 DAGs
[2024-07-15T10:20:50.806+0100] {logging_mixin.py:188} INFO - [2024-07-15T10:20:50.806+0100] {dag.py:3954} INFO - Setting next_dagrun for example_params_trigger_ui to None, run_after=None
[2024-07-15T10:20:51.148+0100] {processor.py:183} INFO - Processing /home/victor/airflow_env/lib/python3.10/site-packages/airflow/example_dags/example_params_trigger_ui.py took 0.925 seconds
[2024-07-15T10:22:32.911+0100] {processor.py:161} INFO - Started process (PID=24141) to work on /home/victor/airflow_env/lib/python3.10/site-packages/airflow/example_dags/example_params_trigger_ui.py
[2024-07-15T10:22:32.915+0100] {processor.py:830} INFO - Processing file /home/victor/airflow_env/lib/python3.10/site-packages/airflow/example_dags/example_params_trigger_ui.py for tasks to queue
[2024-07-15T10:22:32.922+0100] {logging_mixin.py:188} INFO - [2024-07-15T10:22:32.920+0100] {dagbag.py:545} INFO - Filling up the DagBag from /home/victor/airflow_env/lib/python3.10/site-packages/airflow/example_dags/example_params_trigger_ui.py
[2024-07-15T10:22:32.995+0100] {processor.py:840} INFO - DAG(s) 'example_params_trigger_ui' retrieved from /home/victor/airflow_env/lib/python3.10/site-packages/airflow/example_dags/example_params_trigger_ui.py
[2024-07-15T10:22:33.333+0100] {logging_mixin.py:188} INFO - [2024-07-15T10:22:33.332+0100] {dag.py:3096} INFO - Sync 1 DAGs
[2024-07-15T10:22:33.410+0100] {logging_mixin.py:188} INFO - [2024-07-15T10:22:33.409+0100] {dag.py:3954} INFO - Setting next_dagrun for example_params_trigger_ui to None, run_after=None
[2024-07-15T10:22:33.969+0100] {processor.py:183} INFO - Processing /home/victor/airflow_env/lib/python3.10/site-packages/airflow/example_dags/example_params_trigger_ui.py took 1.084 seconds
[2024-07-15T10:24:46.280+0100] {processor.py:161} INFO - Started process (PID=25210) to work on /home/victor/airflow_env/lib/python3.10/site-packages/airflow/example_dags/example_params_trigger_ui.py
[2024-07-15T10:24:46.284+0100] {processor.py:830} INFO - Processing file /home/victor/airflow_env/lib/python3.10/site-packages/airflow/example_dags/example_params_trigger_ui.py for tasks to queue
[2024-07-15T10:24:46.292+0100] {logging_mixin.py:188} INFO - [2024-07-15T10:24:46.290+0100] {dagbag.py:545} INFO - Filling up the DagBag from /home/victor/airflow_env/lib/python3.10/site-packages/airflow/example_dags/example_params_trigger_ui.py
[2024-07-15T10:24:46.354+0100] {processor.py:840} INFO - DAG(s) 'example_params_trigger_ui' retrieved from /home/victor/airflow_env/lib/python3.10/site-packages/airflow/example_dags/example_params_trigger_ui.py
[2024-07-15T10:24:46.638+0100] {logging_mixin.py:188} INFO - [2024-07-15T10:24:46.637+0100] {dag.py:3096} INFO - Sync 1 DAGs
[2024-07-15T10:24:46.703+0100] {logging_mixin.py:188} INFO - [2024-07-15T10:24:46.702+0100] {dag.py:3954} INFO - Setting next_dagrun for example_params_trigger_ui to None, run_after=None
[2024-07-15T10:24:47.118+0100] {processor.py:183} INFO - Processing /home/victor/airflow_env/lib/python3.10/site-packages/airflow/example_dags/example_params_trigger_ui.py took 0.866 seconds
[2024-07-15T10:26:34.718+0100] {processor.py:161} INFO - Started process (PID=26011) to work on /home/victor/airflow_env/lib/python3.10/site-packages/airflow/example_dags/example_params_trigger_ui.py
[2024-07-15T10:26:34.723+0100] {processor.py:830} INFO - Processing file /home/victor/airflow_env/lib/python3.10/site-packages/airflow/example_dags/example_params_trigger_ui.py for tasks to queue
[2024-07-15T10:26:34.731+0100] {logging_mixin.py:188} INFO - [2024-07-15T10:26:34.729+0100] {dagbag.py:545} INFO - Filling up the DagBag from /home/victor/airflow_env/lib/python3.10/site-packages/airflow/example_dags/example_params_trigger_ui.py
[2024-07-15T10:26:34.800+0100] {processor.py:840} INFO - DAG(s) 'example_params_trigger_ui' retrieved from /home/victor/airflow_env/lib/python3.10/site-packages/airflow/example_dags/example_params_trigger_ui.py
[2024-07-15T10:26:35.111+0100] {logging_mixin.py:188} INFO - [2024-07-15T10:26:35.110+0100] {dag.py:3096} INFO - Sync 1 DAGs
[2024-07-15T10:26:35.180+0100] {logging_mixin.py:188} INFO - [2024-07-15T10:26:35.179+0100] {dag.py:3954} INFO - Setting next_dagrun for example_params_trigger_ui to None, run_after=None
[2024-07-15T10:26:35.601+0100] {processor.py:183} INFO - Processing /home/victor/airflow_env/lib/python3.10/site-packages/airflow/example_dags/example_params_trigger_ui.py took 0.910 seconds
[2024-07-15T10:29:40.548+0100] {processor.py:161} INFO - Started process (PID=27029) to work on /home/victor/airflow_env/lib/python3.10/site-packages/airflow/example_dags/example_params_trigger_ui.py
[2024-07-15T10:29:40.552+0100] {processor.py:830} INFO - Processing file /home/victor/airflow_env/lib/python3.10/site-packages/airflow/example_dags/example_params_trigger_ui.py for tasks to queue
[2024-07-15T10:29:40.559+0100] {logging_mixin.py:188} INFO - [2024-07-15T10:29:40.558+0100] {dagbag.py:545} INFO - Filling up the DagBag from /home/victor/airflow_env/lib/python3.10/site-packages/airflow/example_dags/example_params_trigger_ui.py
[2024-07-15T10:29:40.627+0100] {processor.py:840} INFO - DAG(s) 'example_params_trigger_ui' retrieved from /home/victor/airflow_env/lib/python3.10/site-packages/airflow/example_dags/example_params_trigger_ui.py
[2024-07-15T10:29:40.942+0100] {logging_mixin.py:188} INFO - [2024-07-15T10:29:40.941+0100] {dag.py:3096} INFO - Sync 1 DAGs
[2024-07-15T10:29:41.032+0100] {logging_mixin.py:188} INFO - [2024-07-15T10:29:41.030+0100] {dag.py:3954} INFO - Setting next_dagrun for example_params_trigger_ui to None, run_after=None
[2024-07-15T10:29:41.371+0100] {processor.py:183} INFO - Processing /home/victor/airflow_env/lib/python3.10/site-packages/airflow/example_dags/example_params_trigger_ui.py took 0.851 seconds
[2024-07-15T10:32:18.485+0100] {processor.py:161} INFO - Started process (PID=27843) to work on /home/victor/airflow_env/lib/python3.10/site-packages/airflow/example_dags/example_params_trigger_ui.py
[2024-07-15T10:32:18.490+0100] {processor.py:830} INFO - Processing file /home/victor/airflow_env/lib/python3.10/site-packages/airflow/example_dags/example_params_trigger_ui.py for tasks to queue
[2024-07-15T10:32:18.497+0100] {logging_mixin.py:188} INFO - [2024-07-15T10:32:18.495+0100] {dagbag.py:545} INFO - Filling up the DagBag from /home/victor/airflow_env/lib/python3.10/site-packages/airflow/example_dags/example_params_trigger_ui.py
[2024-07-15T10:32:18.576+0100] {processor.py:840} INFO - DAG(s) 'example_params_trigger_ui' retrieved from /home/victor/airflow_env/lib/python3.10/site-packages/airflow/example_dags/example_params_trigger_ui.py
[2024-07-15T10:32:18.895+0100] {logging_mixin.py:188} INFO - [2024-07-15T10:32:18.894+0100] {dag.py:3096} INFO - Sync 1 DAGs
[2024-07-15T10:32:18.964+0100] {logging_mixin.py:188} INFO - [2024-07-15T10:32:18.963+0100] {dag.py:3954} INFO - Setting next_dagrun for example_params_trigger_ui to None, run_after=None
[2024-07-15T10:32:19.452+0100] {processor.py:183} INFO - Processing /home/victor/airflow_env/lib/python3.10/site-packages/airflow/example_dags/example_params_trigger_ui.py took 1.002 seconds
[2024-07-15T10:35:12.781+0100] {processor.py:161} INFO - Started process (PID=29012) to work on /home/victor/airflow_env/lib/python3.10/site-packages/airflow/example_dags/example_params_trigger_ui.py
[2024-07-15T10:35:12.785+0100] {processor.py:830} INFO - Processing file /home/victor/airflow_env/lib/python3.10/site-packages/airflow/example_dags/example_params_trigger_ui.py for tasks to queue
[2024-07-15T10:35:12.792+0100] {logging_mixin.py:188} INFO - [2024-07-15T10:35:12.790+0100] {dagbag.py:545} INFO - Filling up the DagBag from /home/victor/airflow_env/lib/python3.10/site-packages/airflow/example_dags/example_params_trigger_ui.py
[2024-07-15T10:35:12.877+0100] {processor.py:840} INFO - DAG(s) 'example_params_trigger_ui' retrieved from /home/victor/airflow_env/lib/python3.10/site-packages/airflow/example_dags/example_params_trigger_ui.py
[2024-07-15T10:35:13.192+0100] {logging_mixin.py:188} INFO - [2024-07-15T10:35:13.191+0100] {dag.py:3096} INFO - Sync 1 DAGs
[2024-07-15T10:35:13.297+0100] {logging_mixin.py:188} INFO - [2024-07-15T10:35:13.296+0100] {dag.py:3954} INFO - Setting next_dagrun for example_params_trigger_ui to None, run_after=None
[2024-07-15T10:35:13.800+0100] {processor.py:183} INFO - Processing /home/victor/airflow_env/lib/python3.10/site-packages/airflow/example_dags/example_params_trigger_ui.py took 1.045 seconds
[2024-07-15T10:38:03.371+0100] {processor.py:161} INFO - Started process (PID=29998) to work on /home/victor/airflow_env/lib/python3.10/site-packages/airflow/example_dags/example_params_trigger_ui.py
[2024-07-15T10:38:03.375+0100] {processor.py:830} INFO - Processing file /home/victor/airflow_env/lib/python3.10/site-packages/airflow/example_dags/example_params_trigger_ui.py for tasks to queue
[2024-07-15T10:38:03.385+0100] {logging_mixin.py:188} INFO - [2024-07-15T10:38:03.384+0100] {dagbag.py:545} INFO - Filling up the DagBag from /home/victor/airflow_env/lib/python3.10/site-packages/airflow/example_dags/example_params_trigger_ui.py
[2024-07-15T10:38:03.480+0100] {processor.py:840} INFO - DAG(s) 'example_params_trigger_ui' retrieved from /home/victor/airflow_env/lib/python3.10/site-packages/airflow/example_dags/example_params_trigger_ui.py
[2024-07-15T10:38:03.817+0100] {logging_mixin.py:188} INFO - [2024-07-15T10:38:03.816+0100] {dag.py:3096} INFO - Sync 1 DAGs
[2024-07-15T10:38:03.887+0100] {logging_mixin.py:188} INFO - [2024-07-15T10:38:03.887+0100] {dag.py:3954} INFO - Setting next_dagrun for example_params_trigger_ui to None, run_after=None
[2024-07-15T10:38:04.259+0100] {processor.py:183} INFO - Processing /home/victor/airflow_env/lib/python3.10/site-packages/airflow/example_dags/example_params_trigger_ui.py took 0.918 seconds
[2024-07-15T10:40:30.450+0100] {processor.py:161} INFO - Started process (PID=30758) to work on /home/victor/airflow_env/lib/python3.10/site-packages/airflow/example_dags/example_params_trigger_ui.py
[2024-07-15T10:40:30.454+0100] {processor.py:830} INFO - Processing file /home/victor/airflow_env/lib/python3.10/site-packages/airflow/example_dags/example_params_trigger_ui.py for tasks to queue
[2024-07-15T10:40:30.461+0100] {logging_mixin.py:188} INFO - [2024-07-15T10:40:30.459+0100] {dagbag.py:545} INFO - Filling up the DagBag from /home/victor/airflow_env/lib/python3.10/site-packages/airflow/example_dags/example_params_trigger_ui.py
[2024-07-15T10:40:30.519+0100] {processor.py:840} INFO - DAG(s) 'example_params_trigger_ui' retrieved from /home/victor/airflow_env/lib/python3.10/site-packages/airflow/example_dags/example_params_trigger_ui.py
[2024-07-15T10:40:30.773+0100] {logging_mixin.py:188} INFO - [2024-07-15T10:40:30.772+0100] {dag.py:3096} INFO - Sync 1 DAGs
[2024-07-15T10:40:30.837+0100] {logging_mixin.py:188} INFO - [2024-07-15T10:40:30.836+0100] {dag.py:3954} INFO - Setting next_dagrun for example_params_trigger_ui to None, run_after=None
[2024-07-15T10:40:31.175+0100] {processor.py:183} INFO - Processing /home/victor/airflow_env/lib/python3.10/site-packages/airflow/example_dags/example_params_trigger_ui.py took 0.750 seconds
[2024-07-15T10:43:04.849+0100] {processor.py:161} INFO - Started process (PID=31580) to work on /home/victor/airflow_env/lib/python3.10/site-packages/airflow/example_dags/example_params_trigger_ui.py
[2024-07-15T10:43:04.853+0100] {processor.py:830} INFO - Processing file /home/victor/airflow_env/lib/python3.10/site-packages/airflow/example_dags/example_params_trigger_ui.py for tasks to queue
[2024-07-15T10:43:04.862+0100] {logging_mixin.py:188} INFO - [2024-07-15T10:43:04.861+0100] {dagbag.py:545} INFO - Filling up the DagBag from /home/victor/airflow_env/lib/python3.10/site-packages/airflow/example_dags/example_params_trigger_ui.py
[2024-07-15T10:43:04.948+0100] {processor.py:840} INFO - DAG(s) 'example_params_trigger_ui' retrieved from /home/victor/airflow_env/lib/python3.10/site-packages/airflow/example_dags/example_params_trigger_ui.py
[2024-07-15T10:43:05.259+0100] {logging_mixin.py:188} INFO - [2024-07-15T10:43:05.258+0100] {dag.py:3096} INFO - Sync 1 DAGs
[2024-07-15T10:43:05.329+0100] {logging_mixin.py:188} INFO - [2024-07-15T10:43:05.328+0100] {dag.py:3954} INFO - Setting next_dagrun for example_params_trigger_ui to None, run_after=None
[2024-07-15T10:43:05.632+0100] {processor.py:183} INFO - Processing /home/victor/airflow_env/lib/python3.10/site-packages/airflow/example_dags/example_params_trigger_ui.py took 0.817 seconds
[2024-07-15T10:45:28.856+0100] {processor.py:161} INFO - Started process (PID=32330) to work on /home/victor/airflow_env/lib/python3.10/site-packages/airflow/example_dags/example_params_trigger_ui.py
[2024-07-15T10:45:28.860+0100] {processor.py:830} INFO - Processing file /home/victor/airflow_env/lib/python3.10/site-packages/airflow/example_dags/example_params_trigger_ui.py for tasks to queue
[2024-07-15T10:45:28.867+0100] {logging_mixin.py:188} INFO - [2024-07-15T10:45:28.865+0100] {dagbag.py:545} INFO - Filling up the DagBag from /home/victor/airflow_env/lib/python3.10/site-packages/airflow/example_dags/example_params_trigger_ui.py
[2024-07-15T10:45:28.940+0100] {processor.py:840} INFO - DAG(s) 'example_params_trigger_ui' retrieved from /home/victor/airflow_env/lib/python3.10/site-packages/airflow/example_dags/example_params_trigger_ui.py
[2024-07-15T10:45:29.297+0100] {logging_mixin.py:188} INFO - [2024-07-15T10:45:29.296+0100] {dag.py:3096} INFO - Sync 1 DAGs
[2024-07-15T10:45:29.364+0100] {logging_mixin.py:188} INFO - [2024-07-15T10:45:29.363+0100] {dag.py:3954} INFO - Setting next_dagrun for example_params_trigger_ui to None, run_after=None
[2024-07-15T10:45:30.086+0100] {processor.py:183} INFO - Processing /home/victor/airflow_env/lib/python3.10/site-packages/airflow/example_dags/example_params_trigger_ui.py took 1.260 seconds
[2024-07-15T10:48:06.705+0100] {processor.py:161} INFO - Started process (PID=33175) to work on /home/victor/airflow_env/lib/python3.10/site-packages/airflow/example_dags/example_params_trigger_ui.py
[2024-07-15T10:48:06.710+0100] {processor.py:830} INFO - Processing file /home/victor/airflow_env/lib/python3.10/site-packages/airflow/example_dags/example_params_trigger_ui.py for tasks to queue
[2024-07-15T10:48:06.719+0100] {logging_mixin.py:188} INFO - [2024-07-15T10:48:06.717+0100] {dagbag.py:545} INFO - Filling up the DagBag from /home/victor/airflow_env/lib/python3.10/site-packages/airflow/example_dags/example_params_trigger_ui.py
[2024-07-15T10:48:06.790+0100] {processor.py:840} INFO - DAG(s) 'example_params_trigger_ui' retrieved from /home/victor/airflow_env/lib/python3.10/site-packages/airflow/example_dags/example_params_trigger_ui.py
[2024-07-15T10:48:07.074+0100] {logging_mixin.py:188} INFO - [2024-07-15T10:48:07.074+0100] {dag.py:3096} INFO - Sync 1 DAGs
[2024-07-15T10:48:07.140+0100] {logging_mixin.py:188} INFO - [2024-07-15T10:48:07.140+0100] {dag.py:3954} INFO - Setting next_dagrun for example_params_trigger_ui to None, run_after=None
[2024-07-15T10:48:07.546+0100] {processor.py:183} INFO - Processing /home/victor/airflow_env/lib/python3.10/site-packages/airflow/example_dags/example_params_trigger_ui.py took 0.872 seconds
[2024-07-15T10:51:19.597+0100] {processor.py:161} INFO - Started process (PID=34521) to work on /home/victor/airflow_env/lib/python3.10/site-packages/airflow/example_dags/example_params_trigger_ui.py
[2024-07-15T10:51:19.602+0100] {processor.py:830} INFO - Processing file /home/victor/airflow_env/lib/python3.10/site-packages/airflow/example_dags/example_params_trigger_ui.py for tasks to queue
[2024-07-15T10:51:19.609+0100] {logging_mixin.py:188} INFO - [2024-07-15T10:51:19.608+0100] {dagbag.py:545} INFO - Filling up the DagBag from /home/victor/airflow_env/lib/python3.10/site-packages/airflow/example_dags/example_params_trigger_ui.py
[2024-07-15T10:51:19.705+0100] {processor.py:840} INFO - DAG(s) 'example_params_trigger_ui' retrieved from /home/victor/airflow_env/lib/python3.10/site-packages/airflow/example_dags/example_params_trigger_ui.py
[2024-07-15T10:51:20.079+0100] {logging_mixin.py:188} INFO - [2024-07-15T10:51:20.078+0100] {dag.py:3096} INFO - Sync 1 DAGs
[2024-07-15T10:51:20.151+0100] {logging_mixin.py:188} INFO - [2024-07-15T10:51:20.150+0100] {dag.py:3954} INFO - Setting next_dagrun for example_params_trigger_ui to None, run_after=None
[2024-07-15T10:51:20.531+0100] {processor.py:183} INFO - Processing /home/victor/airflow_env/lib/python3.10/site-packages/airflow/example_dags/example_params_trigger_ui.py took 0.965 seconds
