[2024-07-15T09:49:38.013+0100] {processor.py:161} INFO - Started process (PID=10939) to work on /home/victor/airflow_env/lib/python3.10/site-packages/airflow/example_dags/example_branch_operator_decorator.py
[2024-07-15T09:49:38.018+0100] {processor.py:830} INFO - Processing file /home/victor/airflow_env/lib/python3.10/site-packages/airflow/example_dags/example_branch_operator_decorator.py for tasks to queue
[2024-07-15T09:49:38.027+0100] {logging_mixin.py:188} INFO - [2024-07-15T09:49:38.025+0100] {dagbag.py:545} INFO - Filling up the DagBag from /home/victor/airflow_env/lib/python3.10/site-packages/airflow/example_dags/example_branch_operator_decorator.py
[2024-07-15T09:49:38.146+0100] {processor.py:840} INFO - DAG(s) 'example_branch_python_operator_decorator' retrieved from /home/victor/airflow_env/lib/python3.10/site-packages/airflow/example_dags/example_branch_operator_decorator.py
[2024-07-15T09:49:38.981+0100] {logging_mixin.py:188} INFO - [2024-07-15T09:49:38.980+0100] {dag.py:3096} INFO - Sync 1 DAGs
[2024-07-15T09:49:39.070+0100] {logging_mixin.py:188} INFO - [2024-07-15T09:49:39.069+0100] {dag.py:3954} INFO - Setting next_dagrun for example_branch_python_operator_decorator to 2024-07-14 00:00:00+00:00, run_after=2024-07-15 00:00:00+00:00
[2024-07-15T09:49:39.586+0100] {processor.py:183} INFO - Processing /home/victor/airflow_env/lib/python3.10/site-packages/airflow/example_dags/example_branch_operator_decorator.py took 1.602 seconds
[2024-07-15T09:52:16.977+0100] {processor.py:161} INFO - Started process (PID=11892) to work on /home/victor/airflow_env/lib/python3.10/site-packages/airflow/example_dags/example_branch_operator_decorator.py
[2024-07-15T09:52:17.009+0100] {processor.py:830} INFO - Processing file /home/victor/airflow_env/lib/python3.10/site-packages/airflow/example_dags/example_branch_operator_decorator.py for tasks to queue
[2024-07-15T09:52:17.025+0100] {logging_mixin.py:188} INFO - [2024-07-15T09:52:17.014+0100] {dagbag.py:545} INFO - Filling up the DagBag from /home/victor/airflow_env/lib/python3.10/site-packages/airflow/example_dags/example_branch_operator_decorator.py
[2024-07-15T09:52:17.205+0100] {processor.py:840} INFO - DAG(s) 'example_branch_python_operator_decorator' retrieved from /home/victor/airflow_env/lib/python3.10/site-packages/airflow/example_dags/example_branch_operator_decorator.py
[2024-07-15T09:52:17.847+0100] {logging_mixin.py:188} INFO - [2024-07-15T09:52:17.846+0100] {dag.py:3096} INFO - Sync 1 DAGs
[2024-07-15T09:52:17.959+0100] {logging_mixin.py:188} INFO - [2024-07-15T09:52:17.958+0100] {dag.py:3954} INFO - Setting next_dagrun for example_branch_python_operator_decorator to 2024-07-14 00:00:00+00:00, run_after=2024-07-15 00:00:00+00:00
[2024-07-15T09:52:18.441+0100] {processor.py:183} INFO - Processing /home/victor/airflow_env/lib/python3.10/site-packages/airflow/example_dags/example_branch_operator_decorator.py took 1.493 seconds
[2024-07-15T09:56:11.171+0100] {processor.py:161} INFO - Started process (PID=13531) to work on /home/victor/airflow_env/lib/python3.10/site-packages/airflow/example_dags/example_branch_operator_decorator.py
[2024-07-15T09:56:11.177+0100] {processor.py:830} INFO - Processing file /home/victor/airflow_env/lib/python3.10/site-packages/airflow/example_dags/example_branch_operator_decorator.py for tasks to queue
[2024-07-15T09:56:11.196+0100] {logging_mixin.py:188} INFO - [2024-07-15T09:56:11.194+0100] {dagbag.py:545} INFO - Filling up the DagBag from /home/victor/airflow_env/lib/python3.10/site-packages/airflow/example_dags/example_branch_operator_decorator.py
[2024-07-15T09:56:11.447+0100] {processor.py:840} INFO - DAG(s) 'example_branch_python_operator_decorator' retrieved from /home/victor/airflow_env/lib/python3.10/site-packages/airflow/example_dags/example_branch_operator_decorator.py
[2024-07-15T09:56:11.667+0100] {logging_mixin.py:188} INFO - [2024-07-15T09:56:11.666+0100] {dag.py:3096} INFO - Sync 1 DAGs
[2024-07-15T09:56:11.859+0100] {logging_mixin.py:188} INFO - [2024-07-15T09:56:11.857+0100] {dag.py:3954} INFO - Setting next_dagrun for example_branch_python_operator_decorator to 2024-07-14 00:00:00+00:00, run_after=2024-07-15 00:00:00+00:00
[2024-07-15T09:56:12.306+0100] {processor.py:183} INFO - Processing /home/victor/airflow_env/lib/python3.10/site-packages/airflow/example_dags/example_branch_operator_decorator.py took 1.179 seconds
[2024-07-15T09:59:20.350+0100] {processor.py:161} INFO - Started process (PID=14767) to work on /home/victor/airflow_env/lib/python3.10/site-packages/airflow/example_dags/example_branch_operator_decorator.py
[2024-07-15T09:59:20.359+0100] {processor.py:830} INFO - Processing file /home/victor/airflow_env/lib/python3.10/site-packages/airflow/example_dags/example_branch_operator_decorator.py for tasks to queue
[2024-07-15T09:59:20.372+0100] {logging_mixin.py:188} INFO - [2024-07-15T09:59:20.369+0100] {dagbag.py:545} INFO - Filling up the DagBag from /home/victor/airflow_env/lib/python3.10/site-packages/airflow/example_dags/example_branch_operator_decorator.py
[2024-07-15T09:59:20.703+0100] {processor.py:840} INFO - DAG(s) 'example_branch_python_operator_decorator' retrieved from /home/victor/airflow_env/lib/python3.10/site-packages/airflow/example_dags/example_branch_operator_decorator.py
[2024-07-15T09:59:21.044+0100] {logging_mixin.py:188} INFO - [2024-07-15T09:59:21.043+0100] {dag.py:3096} INFO - Sync 1 DAGs
[2024-07-15T09:59:21.221+0100] {logging_mixin.py:188} INFO - [2024-07-15T09:59:21.220+0100] {dag.py:3954} INFO - Setting next_dagrun for example_branch_python_operator_decorator to 2024-07-14 00:00:00+00:00, run_after=2024-07-15 00:00:00+00:00
[2024-07-15T09:59:21.631+0100] {processor.py:183} INFO - Processing /home/victor/airflow_env/lib/python3.10/site-packages/airflow/example_dags/example_branch_operator_decorator.py took 1.341 seconds
[2024-07-15T10:02:04.416+0100] {processor.py:161} INFO - Started process (PID=16075) to work on /home/victor/airflow_env/lib/python3.10/site-packages/airflow/example_dags/example_branch_operator_decorator.py
[2024-07-15T10:02:04.421+0100] {processor.py:830} INFO - Processing file /home/victor/airflow_env/lib/python3.10/site-packages/airflow/example_dags/example_branch_operator_decorator.py for tasks to queue
[2024-07-15T10:02:04.428+0100] {logging_mixin.py:188} INFO - [2024-07-15T10:02:04.426+0100] {dagbag.py:545} INFO - Filling up the DagBag from /home/victor/airflow_env/lib/python3.10/site-packages/airflow/example_dags/example_branch_operator_decorator.py
[2024-07-15T10:02:04.582+0100] {processor.py:840} INFO - DAG(s) 'example_branch_python_operator_decorator' retrieved from /home/victor/airflow_env/lib/python3.10/site-packages/airflow/example_dags/example_branch_operator_decorator.py
[2024-07-15T10:02:04.833+0100] {logging_mixin.py:188} INFO - [2024-07-15T10:02:04.832+0100] {dag.py:3096} INFO - Sync 1 DAGs
[2024-07-15T10:02:05.027+0100] {logging_mixin.py:188} INFO - [2024-07-15T10:02:05.026+0100] {dag.py:3954} INFO - Setting next_dagrun for example_branch_python_operator_decorator to 2024-07-14 00:00:00+00:00, run_after=2024-07-15 00:00:00+00:00
[2024-07-15T10:02:05.326+0100] {processor.py:183} INFO - Processing /home/victor/airflow_env/lib/python3.10/site-packages/airflow/example_dags/example_branch_operator_decorator.py took 0.941 seconds
[2024-07-15T10:04:32.130+0100] {processor.py:161} INFO - Started process (PID=17149) to work on /home/victor/airflow_env/lib/python3.10/site-packages/airflow/example_dags/example_branch_operator_decorator.py
[2024-07-15T10:04:32.134+0100] {processor.py:830} INFO - Processing file /home/victor/airflow_env/lib/python3.10/site-packages/airflow/example_dags/example_branch_operator_decorator.py for tasks to queue
[2024-07-15T10:04:32.141+0100] {logging_mixin.py:188} INFO - [2024-07-15T10:04:32.140+0100] {dagbag.py:545} INFO - Filling up the DagBag from /home/victor/airflow_env/lib/python3.10/site-packages/airflow/example_dags/example_branch_operator_decorator.py
[2024-07-15T10:04:32.257+0100] {processor.py:840} INFO - DAG(s) 'example_branch_python_operator_decorator' retrieved from /home/victor/airflow_env/lib/python3.10/site-packages/airflow/example_dags/example_branch_operator_decorator.py
[2024-07-15T10:04:32.397+0100] {logging_mixin.py:188} INFO - [2024-07-15T10:04:32.396+0100] {dag.py:3096} INFO - Sync 1 DAGs
[2024-07-15T10:04:32.502+0100] {logging_mixin.py:188} INFO - [2024-07-15T10:04:32.500+0100] {dag.py:3954} INFO - Setting next_dagrun for example_branch_python_operator_decorator to 2024-07-14 00:00:00+00:00, run_after=2024-07-15 00:00:00+00:00
[2024-07-15T10:04:32.776+0100] {processor.py:183} INFO - Processing /home/victor/airflow_env/lib/python3.10/site-packages/airflow/example_dags/example_branch_operator_decorator.py took 0.671 seconds
[2024-07-15T10:07:33.199+0100] {processor.py:161} INFO - Started process (PID=18373) to work on /home/victor/airflow_env/lib/python3.10/site-packages/airflow/example_dags/example_branch_operator_decorator.py
[2024-07-15T10:07:33.203+0100] {processor.py:830} INFO - Processing file /home/victor/airflow_env/lib/python3.10/site-packages/airflow/example_dags/example_branch_operator_decorator.py for tasks to queue
[2024-07-15T10:07:33.211+0100] {logging_mixin.py:188} INFO - [2024-07-15T10:07:33.209+0100] {dagbag.py:545} INFO - Filling up the DagBag from /home/victor/airflow_env/lib/python3.10/site-packages/airflow/example_dags/example_branch_operator_decorator.py
[2024-07-15T10:07:33.342+0100] {processor.py:840} INFO - DAG(s) 'example_branch_python_operator_decorator' retrieved from /home/victor/airflow_env/lib/python3.10/site-packages/airflow/example_dags/example_branch_operator_decorator.py
[2024-07-15T10:07:33.491+0100] {logging_mixin.py:188} INFO - [2024-07-15T10:07:33.490+0100] {dag.py:3096} INFO - Sync 1 DAGs
[2024-07-15T10:07:33.600+0100] {logging_mixin.py:188} INFO - [2024-07-15T10:07:33.599+0100] {dag.py:3954} INFO - Setting next_dagrun for example_branch_python_operator_decorator to 2024-07-14 00:00:00+00:00, run_after=2024-07-15 00:00:00+00:00
[2024-07-15T10:07:33.874+0100] {processor.py:183} INFO - Processing /home/victor/airflow_env/lib/python3.10/site-packages/airflow/example_dags/example_branch_operator_decorator.py took 0.705 seconds
[2024-07-15T10:10:32.803+0100] {processor.py:161} INFO - Started process (PID=19529) to work on /home/victor/airflow_env/lib/python3.10/site-packages/airflow/example_dags/example_branch_operator_decorator.py
[2024-07-15T10:10:32.809+0100] {processor.py:830} INFO - Processing file /home/victor/airflow_env/lib/python3.10/site-packages/airflow/example_dags/example_branch_operator_decorator.py for tasks to queue
[2024-07-15T10:10:32.821+0100] {logging_mixin.py:188} INFO - [2024-07-15T10:10:32.819+0100] {dagbag.py:545} INFO - Filling up the DagBag from /home/victor/airflow_env/lib/python3.10/site-packages/airflow/example_dags/example_branch_operator_decorator.py
[2024-07-15T10:10:33.014+0100] {processor.py:840} INFO - DAG(s) 'example_branch_python_operator_decorator' retrieved from /home/victor/airflow_env/lib/python3.10/site-packages/airflow/example_dags/example_branch_operator_decorator.py
[2024-07-15T10:10:33.209+0100] {logging_mixin.py:188} INFO - [2024-07-15T10:10:33.207+0100] {dag.py:3096} INFO - Sync 1 DAGs
[2024-07-15T10:10:33.355+0100] {logging_mixin.py:188} INFO - [2024-07-15T10:10:33.354+0100] {dag.py:3954} INFO - Setting next_dagrun for example_branch_python_operator_decorator to 2024-07-14 00:00:00+00:00, run_after=2024-07-15 00:00:00+00:00
[2024-07-15T10:10:33.675+0100] {processor.py:183} INFO - Processing /home/victor/airflow_env/lib/python3.10/site-packages/airflow/example_dags/example_branch_operator_decorator.py took 0.911 seconds
[2024-07-15T10:13:18.703+0100] {processor.py:161} INFO - Started process (PID=20428) to work on /home/victor/airflow_env/lib/python3.10/site-packages/airflow/example_dags/example_branch_operator_decorator.py
[2024-07-15T10:13:18.719+0100] {processor.py:830} INFO - Processing file /home/victor/airflow_env/lib/python3.10/site-packages/airflow/example_dags/example_branch_operator_decorator.py for tasks to queue
[2024-07-15T10:13:18.738+0100] {logging_mixin.py:188} INFO - [2024-07-15T10:13:18.736+0100] {dagbag.py:545} INFO - Filling up the DagBag from /home/victor/airflow_env/lib/python3.10/site-packages/airflow/example_dags/example_branch_operator_decorator.py
[2024-07-15T10:13:19.035+0100] {processor.py:840} INFO - DAG(s) 'example_branch_python_operator_decorator' retrieved from /home/victor/airflow_env/lib/python3.10/site-packages/airflow/example_dags/example_branch_operator_decorator.py
[2024-07-15T10:13:19.333+0100] {logging_mixin.py:188} INFO - [2024-07-15T10:13:19.332+0100] {dag.py:3096} INFO - Sync 1 DAGs
[2024-07-15T10:13:19.524+0100] {logging_mixin.py:188} INFO - [2024-07-15T10:13:19.523+0100] {dag.py:3954} INFO - Setting next_dagrun for example_branch_python_operator_decorator to 2024-07-14 00:00:00+00:00, run_after=2024-07-15 00:00:00+00:00
[2024-07-15T10:13:19.846+0100] {processor.py:183} INFO - Processing /home/victor/airflow_env/lib/python3.10/site-packages/airflow/example_dags/example_branch_operator_decorator.py took 1.227 seconds
[2024-07-15T10:16:19.695+0100] {processor.py:161} INFO - Started process (PID=21418) to work on /home/victor/airflow_env/lib/python3.10/site-packages/airflow/example_dags/example_branch_operator_decorator.py
[2024-07-15T10:16:19.700+0100] {processor.py:830} INFO - Processing file /home/victor/airflow_env/lib/python3.10/site-packages/airflow/example_dags/example_branch_operator_decorator.py for tasks to queue
[2024-07-15T10:16:19.707+0100] {logging_mixin.py:188} INFO - [2024-07-15T10:16:19.705+0100] {dagbag.py:545} INFO - Filling up the DagBag from /home/victor/airflow_env/lib/python3.10/site-packages/airflow/example_dags/example_branch_operator_decorator.py
[2024-07-15T10:16:19.813+0100] {processor.py:840} INFO - DAG(s) 'example_branch_python_operator_decorator' retrieved from /home/victor/airflow_env/lib/python3.10/site-packages/airflow/example_dags/example_branch_operator_decorator.py
[2024-07-15T10:16:19.976+0100] {logging_mixin.py:188} INFO - [2024-07-15T10:16:19.975+0100] {dag.py:3096} INFO - Sync 1 DAGs
[2024-07-15T10:16:20.089+0100] {logging_mixin.py:188} INFO - [2024-07-15T10:16:20.089+0100] {dag.py:3954} INFO - Setting next_dagrun for example_branch_python_operator_decorator to 2024-07-14 00:00:00+00:00, run_after=2024-07-15 00:00:00+00:00
[2024-07-15T10:16:20.479+0100] {processor.py:183} INFO - Processing /home/victor/airflow_env/lib/python3.10/site-packages/airflow/example_dags/example_branch_operator_decorator.py took 0.810 seconds
[2024-07-15T10:19:08.975+0100] {processor.py:161} INFO - Started process (PID=22558) to work on /home/victor/airflow_env/lib/python3.10/site-packages/airflow/example_dags/example_branch_operator_decorator.py
[2024-07-15T10:19:08.988+0100] {processor.py:830} INFO - Processing file /home/victor/airflow_env/lib/python3.10/site-packages/airflow/example_dags/example_branch_operator_decorator.py for tasks to queue
[2024-07-15T10:19:09.007+0100] {logging_mixin.py:188} INFO - [2024-07-15T10:19:09.006+0100] {dagbag.py:545} INFO - Filling up the DagBag from /home/victor/airflow_env/lib/python3.10/site-packages/airflow/example_dags/example_branch_operator_decorator.py
[2024-07-15T10:19:09.415+0100] {processor.py:840} INFO - DAG(s) 'example_branch_python_operator_decorator' retrieved from /home/victor/airflow_env/lib/python3.10/site-packages/airflow/example_dags/example_branch_operator_decorator.py
[2024-07-15T10:19:09.892+0100] {logging_mixin.py:188} INFO - [2024-07-15T10:19:09.891+0100] {dag.py:3096} INFO - Sync 1 DAGs
[2024-07-15T10:19:10.447+0100] {logging_mixin.py:188} INFO - [2024-07-15T10:19:10.436+0100] {dag.py:3954} INFO - Setting next_dagrun for example_branch_python_operator_decorator to 2024-07-14 00:00:00+00:00, run_after=2024-07-15 00:00:00+00:00
[2024-07-15T10:19:11.052+0100] {processor.py:183} INFO - Processing /home/victor/airflow_env/lib/python3.10/site-packages/airflow/example_dags/example_branch_operator_decorator.py took 2.152 seconds
[2024-07-15T10:22:53.013+0100] {processor.py:161} INFO - Started process (PID=24331) to work on /home/victor/airflow_env/lib/python3.10/site-packages/airflow/example_dags/example_branch_operator_decorator.py
[2024-07-15T10:22:53.019+0100] {processor.py:830} INFO - Processing file /home/victor/airflow_env/lib/python3.10/site-packages/airflow/example_dags/example_branch_operator_decorator.py for tasks to queue
[2024-07-15T10:22:53.027+0100] {logging_mixin.py:188} INFO - [2024-07-15T10:22:53.026+0100] {dagbag.py:545} INFO - Filling up the DagBag from /home/victor/airflow_env/lib/python3.10/site-packages/airflow/example_dags/example_branch_operator_decorator.py
[2024-07-15T10:22:53.261+0100] {processor.py:840} INFO - DAG(s) 'example_branch_python_operator_decorator' retrieved from /home/victor/airflow_env/lib/python3.10/site-packages/airflow/example_dags/example_branch_operator_decorator.py
[2024-07-15T10:22:53.476+0100] {logging_mixin.py:188} INFO - [2024-07-15T10:22:53.474+0100] {dag.py:3096} INFO - Sync 1 DAGs
[2024-07-15T10:22:53.801+0100] {logging_mixin.py:188} INFO - [2024-07-15T10:22:53.800+0100] {dag.py:3954} INFO - Setting next_dagrun for example_branch_python_operator_decorator to 2024-07-14 00:00:00+00:00, run_after=2024-07-15 00:00:00+00:00
[2024-07-15T10:22:54.257+0100] {processor.py:183} INFO - Processing /home/victor/airflow_env/lib/python3.10/site-packages/airflow/example_dags/example_branch_operator_decorator.py took 1.277 seconds
[2024-07-15T10:25:21.880+0100] {processor.py:161} INFO - Started process (PID=25394) to work on /home/victor/airflow_env/lib/python3.10/site-packages/airflow/example_dags/example_branch_operator_decorator.py
[2024-07-15T10:25:21.884+0100] {processor.py:830} INFO - Processing file /home/victor/airflow_env/lib/python3.10/site-packages/airflow/example_dags/example_branch_operator_decorator.py for tasks to queue
[2024-07-15T10:25:21.891+0100] {logging_mixin.py:188} INFO - [2024-07-15T10:25:21.889+0100] {dagbag.py:545} INFO - Filling up the DagBag from /home/victor/airflow_env/lib/python3.10/site-packages/airflow/example_dags/example_branch_operator_decorator.py
[2024-07-15T10:25:21.997+0100] {processor.py:840} INFO - DAG(s) 'example_branch_python_operator_decorator' retrieved from /home/victor/airflow_env/lib/python3.10/site-packages/airflow/example_dags/example_branch_operator_decorator.py
[2024-07-15T10:25:22.145+0100] {logging_mixin.py:188} INFO - [2024-07-15T10:25:22.144+0100] {dag.py:3096} INFO - Sync 1 DAGs
[2024-07-15T10:25:22.264+0100] {logging_mixin.py:188} INFO - [2024-07-15T10:25:22.263+0100] {dag.py:3954} INFO - Setting next_dagrun for example_branch_python_operator_decorator to 2024-07-14 00:00:00+00:00, run_after=2024-07-15 00:00:00+00:00
[2024-07-15T10:25:22.602+0100] {processor.py:183} INFO - Processing /home/victor/airflow_env/lib/python3.10/site-packages/airflow/example_dags/example_branch_operator_decorator.py took 0.748 seconds
[2024-07-15T10:28:39.529+0100] {processor.py:161} INFO - Started process (PID=26692) to work on /home/victor/airflow_env/lib/python3.10/site-packages/airflow/example_dags/example_branch_operator_decorator.py
[2024-07-15T10:28:39.534+0100] {processor.py:830} INFO - Processing file /home/victor/airflow_env/lib/python3.10/site-packages/airflow/example_dags/example_branch_operator_decorator.py for tasks to queue
[2024-07-15T10:28:39.544+0100] {logging_mixin.py:188} INFO - [2024-07-15T10:28:39.542+0100] {dagbag.py:545} INFO - Filling up the DagBag from /home/victor/airflow_env/lib/python3.10/site-packages/airflow/example_dags/example_branch_operator_decorator.py
[2024-07-15T10:28:39.713+0100] {processor.py:840} INFO - DAG(s) 'example_branch_python_operator_decorator' retrieved from /home/victor/airflow_env/lib/python3.10/site-packages/airflow/example_dags/example_branch_operator_decorator.py
[2024-07-15T10:28:39.946+0100] {logging_mixin.py:188} INFO - [2024-07-15T10:28:39.945+0100] {dag.py:3096} INFO - Sync 1 DAGs
[2024-07-15T10:28:40.090+0100] {logging_mixin.py:188} INFO - [2024-07-15T10:28:40.089+0100] {dag.py:3954} INFO - Setting next_dagrun for example_branch_python_operator_decorator to 2024-07-14 00:00:00+00:00, run_after=2024-07-15 00:00:00+00:00
[2024-07-15T10:28:40.390+0100] {processor.py:183} INFO - Processing /home/victor/airflow_env/lib/python3.10/site-packages/airflow/example_dags/example_branch_operator_decorator.py took 0.892 seconds
[2024-07-15T10:31:11.755+0100] {processor.py:161} INFO - Started process (PID=27501) to work on /home/victor/airflow_env/lib/python3.10/site-packages/airflow/example_dags/example_branch_operator_decorator.py
[2024-07-15T10:31:11.760+0100] {processor.py:830} INFO - Processing file /home/victor/airflow_env/lib/python3.10/site-packages/airflow/example_dags/example_branch_operator_decorator.py for tasks to queue
[2024-07-15T10:31:11.786+0100] {logging_mixin.py:188} INFO - [2024-07-15T10:31:11.774+0100] {dagbag.py:545} INFO - Filling up the DagBag from /home/victor/airflow_env/lib/python3.10/site-packages/airflow/example_dags/example_branch_operator_decorator.py
[2024-07-15T10:31:11.981+0100] {processor.py:840} INFO - DAG(s) 'example_branch_python_operator_decorator' retrieved from /home/victor/airflow_env/lib/python3.10/site-packages/airflow/example_dags/example_branch_operator_decorator.py
[2024-07-15T10:31:12.205+0100] {logging_mixin.py:188} INFO - [2024-07-15T10:31:12.204+0100] {dag.py:3096} INFO - Sync 1 DAGs
[2024-07-15T10:31:12.377+0100] {logging_mixin.py:188} INFO - [2024-07-15T10:31:12.376+0100] {dag.py:3954} INFO - Setting next_dagrun for example_branch_python_operator_decorator to 2024-07-14 00:00:00+00:00, run_after=2024-07-15 00:00:00+00:00
[2024-07-15T10:31:12.845+0100] {processor.py:183} INFO - Processing /home/victor/airflow_env/lib/python3.10/site-packages/airflow/example_dags/example_branch_operator_decorator.py took 1.156 seconds
[2024-07-15T10:34:14.903+0100] {processor.py:161} INFO - Started process (PID=28714) to work on /home/victor/airflow_env/lib/python3.10/site-packages/airflow/example_dags/example_branch_operator_decorator.py
[2024-07-15T10:34:14.918+0100] {processor.py:830} INFO - Processing file /home/victor/airflow_env/lib/python3.10/site-packages/airflow/example_dags/example_branch_operator_decorator.py for tasks to queue
[2024-07-15T10:34:14.927+0100] {logging_mixin.py:188} INFO - [2024-07-15T10:34:14.926+0100] {dagbag.py:545} INFO - Filling up the DagBag from /home/victor/airflow_env/lib/python3.10/site-packages/airflow/example_dags/example_branch_operator_decorator.py
[2024-07-15T10:34:15.084+0100] {processor.py:840} INFO - DAG(s) 'example_branch_python_operator_decorator' retrieved from /home/victor/airflow_env/lib/python3.10/site-packages/airflow/example_dags/example_branch_operator_decorator.py
[2024-07-15T10:34:15.263+0100] {logging_mixin.py:188} INFO - [2024-07-15T10:34:15.262+0100] {dag.py:3096} INFO - Sync 1 DAGs
[2024-07-15T10:34:15.413+0100] {logging_mixin.py:188} INFO - [2024-07-15T10:34:15.412+0100] {dag.py:3954} INFO - Setting next_dagrun for example_branch_python_operator_decorator to 2024-07-14 00:00:00+00:00, run_after=2024-07-15 00:00:00+00:00
[2024-07-15T10:34:15.741+0100] {processor.py:183} INFO - Processing /home/victor/airflow_env/lib/python3.10/site-packages/airflow/example_dags/example_branch_operator_decorator.py took 0.874 seconds
[2024-07-15T10:36:56.935+0100] {processor.py:161} INFO - Started process (PID=29606) to work on /home/victor/airflow_env/lib/python3.10/site-packages/airflow/example_dags/example_branch_operator_decorator.py
[2024-07-15T10:36:56.939+0100] {processor.py:830} INFO - Processing file /home/victor/airflow_env/lib/python3.10/site-packages/airflow/example_dags/example_branch_operator_decorator.py for tasks to queue
[2024-07-15T10:36:56.947+0100] {logging_mixin.py:188} INFO - [2024-07-15T10:36:56.945+0100] {dagbag.py:545} INFO - Filling up the DagBag from /home/victor/airflow_env/lib/python3.10/site-packages/airflow/example_dags/example_branch_operator_decorator.py
[2024-07-15T10:36:57.123+0100] {processor.py:840} INFO - DAG(s) 'example_branch_python_operator_decorator' retrieved from /home/victor/airflow_env/lib/python3.10/site-packages/airflow/example_dags/example_branch_operator_decorator.py
[2024-07-15T10:36:57.331+0100] {logging_mixin.py:188} INFO - [2024-07-15T10:36:57.330+0100] {dag.py:3096} INFO - Sync 1 DAGs
[2024-07-15T10:36:57.537+0100] {logging_mixin.py:188} INFO - [2024-07-15T10:36:57.536+0100] {dag.py:3954} INFO - Setting next_dagrun for example_branch_python_operator_decorator to 2024-07-14 00:00:00+00:00, run_after=2024-07-15 00:00:00+00:00
[2024-07-15T10:36:57.987+0100] {processor.py:183} INFO - Processing /home/victor/airflow_env/lib/python3.10/site-packages/airflow/example_dags/example_branch_operator_decorator.py took 1.085 seconds
[2024-07-15T10:39:38.866+0100] {processor.py:161} INFO - Started process (PID=30488) to work on /home/victor/airflow_env/lib/python3.10/site-packages/airflow/example_dags/example_branch_operator_decorator.py
[2024-07-15T10:39:38.870+0100] {processor.py:830} INFO - Processing file /home/victor/airflow_env/lib/python3.10/site-packages/airflow/example_dags/example_branch_operator_decorator.py for tasks to queue
[2024-07-15T10:39:38.877+0100] {logging_mixin.py:188} INFO - [2024-07-15T10:39:38.875+0100] {dagbag.py:545} INFO - Filling up the DagBag from /home/victor/airflow_env/lib/python3.10/site-packages/airflow/example_dags/example_branch_operator_decorator.py
[2024-07-15T10:39:38.996+0100] {processor.py:840} INFO - DAG(s) 'example_branch_python_operator_decorator' retrieved from /home/victor/airflow_env/lib/python3.10/site-packages/airflow/example_dags/example_branch_operator_decorator.py
[2024-07-15T10:39:39.160+0100] {logging_mixin.py:188} INFO - [2024-07-15T10:39:39.159+0100] {dag.py:3096} INFO - Sync 1 DAGs
[2024-07-15T10:39:39.297+0100] {logging_mixin.py:188} INFO - [2024-07-15T10:39:39.296+0100] {dag.py:3954} INFO - Setting next_dagrun for example_branch_python_operator_decorator to 2024-07-14 00:00:00+00:00, run_after=2024-07-15 00:00:00+00:00
[2024-07-15T10:39:39.969+0100] {processor.py:183} INFO - Processing /home/victor/airflow_env/lib/python3.10/site-packages/airflow/example_dags/example_branch_operator_decorator.py took 1.130 seconds
[2024-07-15T10:42:09.744+0100] {processor.py:161} INFO - Started process (PID=31267) to work on /home/victor/airflow_env/lib/python3.10/site-packages/airflow/example_dags/example_branch_operator_decorator.py
[2024-07-15T10:42:09.748+0100] {processor.py:830} INFO - Processing file /home/victor/airflow_env/lib/python3.10/site-packages/airflow/example_dags/example_branch_operator_decorator.py for tasks to queue
[2024-07-15T10:42:09.759+0100] {logging_mixin.py:188} INFO - [2024-07-15T10:42:09.755+0100] {dagbag.py:545} INFO - Filling up the DagBag from /home/victor/airflow_env/lib/python3.10/site-packages/airflow/example_dags/example_branch_operator_decorator.py
[2024-07-15T10:42:09.906+0100] {processor.py:840} INFO - DAG(s) 'example_branch_python_operator_decorator' retrieved from /home/victor/airflow_env/lib/python3.10/site-packages/airflow/example_dags/example_branch_operator_decorator.py
[2024-07-15T10:42:10.126+0100] {logging_mixin.py:188} INFO - [2024-07-15T10:42:10.125+0100] {dag.py:3096} INFO - Sync 1 DAGs
[2024-07-15T10:42:10.259+0100] {logging_mixin.py:188} INFO - [2024-07-15T10:42:10.258+0100] {dag.py:3954} INFO - Setting next_dagrun for example_branch_python_operator_decorator to 2024-07-14 00:00:00+00:00, run_after=2024-07-15 00:00:00+00:00
[2024-07-15T10:42:10.575+0100] {processor.py:183} INFO - Processing /home/victor/airflow_env/lib/python3.10/site-packages/airflow/example_dags/example_branch_operator_decorator.py took 0.866 seconds
[2024-07-15T10:44:42.739+0100] {processor.py:161} INFO - Started process (PID=32087) to work on /home/victor/airflow_env/lib/python3.10/site-packages/airflow/example_dags/example_branch_operator_decorator.py
[2024-07-15T10:44:42.743+0100] {processor.py:830} INFO - Processing file /home/victor/airflow_env/lib/python3.10/site-packages/airflow/example_dags/example_branch_operator_decorator.py for tasks to queue
[2024-07-15T10:44:42.750+0100] {logging_mixin.py:188} INFO - [2024-07-15T10:44:42.749+0100] {dagbag.py:545} INFO - Filling up the DagBag from /home/victor/airflow_env/lib/python3.10/site-packages/airflow/example_dags/example_branch_operator_decorator.py
[2024-07-15T10:44:42.854+0100] {processor.py:840} INFO - DAG(s) 'example_branch_python_operator_decorator' retrieved from /home/victor/airflow_env/lib/python3.10/site-packages/airflow/example_dags/example_branch_operator_decorator.py
[2024-07-15T10:44:43.009+0100] {logging_mixin.py:188} INFO - [2024-07-15T10:44:43.008+0100] {dag.py:3096} INFO - Sync 1 DAGs
[2024-07-15T10:44:43.119+0100] {logging_mixin.py:188} INFO - [2024-07-15T10:44:43.118+0100] {dag.py:3954} INFO - Setting next_dagrun for example_branch_python_operator_decorator to 2024-07-14 00:00:00+00:00, run_after=2024-07-15 00:00:00+00:00
[2024-07-15T10:44:43.429+0100] {processor.py:183} INFO - Processing /home/victor/airflow_env/lib/python3.10/site-packages/airflow/example_dags/example_branch_operator_decorator.py took 0.722 seconds
[2024-07-15T10:47:08.810+0100] {processor.py:161} INFO - Started process (PID=32840) to work on /home/victor/airflow_env/lib/python3.10/site-packages/airflow/example_dags/example_branch_operator_decorator.py
[2024-07-15T10:47:08.815+0100] {processor.py:830} INFO - Processing file /home/victor/airflow_env/lib/python3.10/site-packages/airflow/example_dags/example_branch_operator_decorator.py for tasks to queue
[2024-07-15T10:47:08.823+0100] {logging_mixin.py:188} INFO - [2024-07-15T10:47:08.822+0100] {dagbag.py:545} INFO - Filling up the DagBag from /home/victor/airflow_env/lib/python3.10/site-packages/airflow/example_dags/example_branch_operator_decorator.py
[2024-07-15T10:47:08.938+0100] {processor.py:840} INFO - DAG(s) 'example_branch_python_operator_decorator' retrieved from /home/victor/airflow_env/lib/python3.10/site-packages/airflow/example_dags/example_branch_operator_decorator.py
[2024-07-15T10:47:09.115+0100] {logging_mixin.py:188} INFO - [2024-07-15T10:47:09.114+0100] {dag.py:3096} INFO - Sync 1 DAGs
[2024-07-15T10:47:09.250+0100] {logging_mixin.py:188} INFO - [2024-07-15T10:47:09.249+0100] {dag.py:3954} INFO - Setting next_dagrun for example_branch_python_operator_decorator to 2024-07-14 00:00:00+00:00, run_after=2024-07-15 00:00:00+00:00
[2024-07-15T10:47:09.615+0100] {processor.py:183} INFO - Processing /home/victor/airflow_env/lib/python3.10/site-packages/airflow/example_dags/example_branch_operator_decorator.py took 0.831 seconds
[2024-07-15T10:50:07.678+0100] {processor.py:161} INFO - Started process (PID=34004) to work on /home/victor/airflow_env/lib/python3.10/site-packages/airflow/example_dags/example_branch_operator_decorator.py
[2024-07-15T10:50:07.683+0100] {processor.py:830} INFO - Processing file /home/victor/airflow_env/lib/python3.10/site-packages/airflow/example_dags/example_branch_operator_decorator.py for tasks to queue
[2024-07-15T10:50:07.692+0100] {logging_mixin.py:188} INFO - [2024-07-15T10:50:07.690+0100] {dagbag.py:545} INFO - Filling up the DagBag from /home/victor/airflow_env/lib/python3.10/site-packages/airflow/example_dags/example_branch_operator_decorator.py
[2024-07-15T10:50:07.817+0100] {processor.py:840} INFO - DAG(s) 'example_branch_python_operator_decorator' retrieved from /home/victor/airflow_env/lib/python3.10/site-packages/airflow/example_dags/example_branch_operator_decorator.py
[2024-07-15T10:50:07.962+0100] {logging_mixin.py:188} INFO - [2024-07-15T10:50:07.961+0100] {dag.py:3096} INFO - Sync 1 DAGs
[2024-07-15T10:50:08.081+0100] {logging_mixin.py:188} INFO - [2024-07-15T10:50:08.080+0100] {dag.py:3954} INFO - Setting next_dagrun for example_branch_python_operator_decorator to 2024-07-14 00:00:00+00:00, run_after=2024-07-15 00:00:00+00:00
[2024-07-15T10:50:08.343+0100] {processor.py:183} INFO - Processing /home/victor/airflow_env/lib/python3.10/site-packages/airflow/example_dags/example_branch_operator_decorator.py took 0.696 seconds
