[2024-07-15T09:49:08.913+0100] {processor.py:161} INFO - Started process (PID=10713) to work on /home/victor/airflow_env/lib/python3.10/site-packages/airflow/example_dags/example_latest_only_with_trigger.py
[2024-07-15T09:49:08.918+0100] {processor.py:830} INFO - Processing file /home/victor/airflow_env/lib/python3.10/site-packages/airflow/example_dags/example_latest_only_with_trigger.py for tasks to queue
[2024-07-15T09:49:08.929+0100] {logging_mixin.py:188} INFO - [2024-07-15T09:49:08.925+0100] {dagbag.py:545} INFO - Filling up the DagBag from /home/victor/airflow_env/lib/python3.10/site-packages/airflow/example_dags/example_latest_only_with_trigger.py
[2024-07-15T09:49:08.991+0100] {processor.py:840} INFO - DAG(s) 'latest_only_with_trigger' retrieved from /home/victor/airflow_env/lib/python3.10/site-packages/airflow/example_dags/example_latest_only_with_trigger.py
[2024-07-15T09:49:09.165+0100] {logging_mixin.py:188} INFO - [2024-07-15T09:49:09.164+0100] {dag.py:3096} INFO - Sync 1 DAGs
[2024-07-15T09:49:09.426+0100] {logging_mixin.py:188} INFO - [2024-07-15T09:49:09.425+0100] {dag.py:3954} INFO - Setting next_dagrun for latest_only_with_trigger to 2024-07-15 04:00:00+00:00, run_after=2024-07-15 08:00:00+00:00
[2024-07-15T09:49:10.439+0100] {processor.py:183} INFO - Processing /home/victor/airflow_env/lib/python3.10/site-packages/airflow/example_dags/example_latest_only_with_trigger.py took 1.566 seconds
[2024-07-15T09:51:07.231+0100] {processor.py:161} INFO - Started process (PID=11405) to work on /home/victor/airflow_env/lib/python3.10/site-packages/airflow/example_dags/example_latest_only_with_trigger.py
[2024-07-15T09:51:07.268+0100] {processor.py:830} INFO - Processing file /home/victor/airflow_env/lib/python3.10/site-packages/airflow/example_dags/example_latest_only_with_trigger.py for tasks to queue
[2024-07-15T09:51:07.284+0100] {logging_mixin.py:188} INFO - [2024-07-15T09:51:07.277+0100] {dagbag.py:545} INFO - Filling up the DagBag from /home/victor/airflow_env/lib/python3.10/site-packages/airflow/example_dags/example_latest_only_with_trigger.py
[2024-07-15T09:51:07.377+0100] {processor.py:840} INFO - DAG(s) 'latest_only_with_trigger' retrieved from /home/victor/airflow_env/lib/python3.10/site-packages/airflow/example_dags/example_latest_only_with_trigger.py
[2024-07-15T09:51:07.698+0100] {logging_mixin.py:188} INFO - [2024-07-15T09:51:07.697+0100] {dag.py:3096} INFO - Sync 1 DAGs
[2024-07-15T09:51:07.937+0100] {logging_mixin.py:188} INFO - [2024-07-15T09:51:07.936+0100] {dag.py:3954} INFO - Setting next_dagrun for latest_only_with_trigger to 2024-07-15 04:00:00+00:00, run_after=2024-07-15 08:00:00+00:00
[2024-07-15T09:51:08.290+0100] {processor.py:183} INFO - Processing /home/victor/airflow_env/lib/python3.10/site-packages/airflow/example_dags/example_latest_only_with_trigger.py took 1.135 seconds
[2024-07-15T09:54:32.846+0100] {processor.py:161} INFO - Started process (PID=12791) to work on /home/victor/airflow_env/lib/python3.10/site-packages/airflow/example_dags/example_latest_only_with_trigger.py
[2024-07-15T09:54:32.850+0100] {processor.py:830} INFO - Processing file /home/victor/airflow_env/lib/python3.10/site-packages/airflow/example_dags/example_latest_only_with_trigger.py for tasks to queue
[2024-07-15T09:54:32.859+0100] {logging_mixin.py:188} INFO - [2024-07-15T09:54:32.857+0100] {dagbag.py:545} INFO - Filling up the DagBag from /home/victor/airflow_env/lib/python3.10/site-packages/airflow/example_dags/example_latest_only_with_trigger.py
[2024-07-15T09:54:32.887+0100] {processor.py:840} INFO - DAG(s) 'latest_only_with_trigger' retrieved from /home/victor/airflow_env/lib/python3.10/site-packages/airflow/example_dags/example_latest_only_with_trigger.py
[2024-07-15T09:54:32.999+0100] {logging_mixin.py:188} INFO - [2024-07-15T09:54:32.998+0100] {dag.py:3096} INFO - Sync 1 DAGs
[2024-07-15T09:54:33.115+0100] {logging_mixin.py:188} INFO - [2024-07-15T09:54:33.114+0100] {dag.py:3954} INFO - Setting next_dagrun for latest_only_with_trigger to 2024-07-15 04:00:00+00:00, run_after=2024-07-15 08:00:00+00:00
[2024-07-15T09:54:33.399+0100] {processor.py:183} INFO - Processing /home/victor/airflow_env/lib/python3.10/site-packages/airflow/example_dags/example_latest_only_with_trigger.py took 0.591 seconds
[2024-07-15T09:57:41.109+0100] {processor.py:161} INFO - Started process (PID=14251) to work on /home/victor/airflow_env/lib/python3.10/site-packages/airflow/example_dags/example_latest_only_with_trigger.py
[2024-07-15T09:57:41.114+0100] {processor.py:830} INFO - Processing file /home/victor/airflow_env/lib/python3.10/site-packages/airflow/example_dags/example_latest_only_with_trigger.py for tasks to queue
[2024-07-15T09:57:41.121+0100] {logging_mixin.py:188} INFO - [2024-07-15T09:57:41.119+0100] {dagbag.py:545} INFO - Filling up the DagBag from /home/victor/airflow_env/lib/python3.10/site-packages/airflow/example_dags/example_latest_only_with_trigger.py
[2024-07-15T09:57:41.158+0100] {processor.py:840} INFO - DAG(s) 'latest_only_with_trigger' retrieved from /home/victor/airflow_env/lib/python3.10/site-packages/airflow/example_dags/example_latest_only_with_trigger.py
[2024-07-15T09:57:41.273+0100] {logging_mixin.py:188} INFO - [2024-07-15T09:57:41.272+0100] {dag.py:3096} INFO - Sync 1 DAGs
[2024-07-15T09:57:41.390+0100] {logging_mixin.py:188} INFO - [2024-07-15T09:57:41.389+0100] {dag.py:3954} INFO - Setting next_dagrun for latest_only_with_trigger to 2024-07-15 04:00:00+00:00, run_after=2024-07-15 08:00:00+00:00
[2024-07-15T09:57:41.752+0100] {processor.py:183} INFO - Processing /home/victor/airflow_env/lib/python3.10/site-packages/airflow/example_dags/example_latest_only_with_trigger.py took 0.670 seconds
[2024-07-15T10:00:32.509+0100] {processor.py:161} INFO - Started process (PID=15309) to work on /home/victor/airflow_env/lib/python3.10/site-packages/airflow/example_dags/example_latest_only_with_trigger.py
[2024-07-15T10:00:32.513+0100] {processor.py:830} INFO - Processing file /home/victor/airflow_env/lib/python3.10/site-packages/airflow/example_dags/example_latest_only_with_trigger.py for tasks to queue
[2024-07-15T10:00:32.525+0100] {logging_mixin.py:188} INFO - [2024-07-15T10:00:32.523+0100] {dagbag.py:545} INFO - Filling up the DagBag from /home/victor/airflow_env/lib/python3.10/site-packages/airflow/example_dags/example_latest_only_with_trigger.py
[2024-07-15T10:00:32.560+0100] {processor.py:840} INFO - DAG(s) 'latest_only_with_trigger' retrieved from /home/victor/airflow_env/lib/python3.10/site-packages/airflow/example_dags/example_latest_only_with_trigger.py
[2024-07-15T10:00:32.700+0100] {logging_mixin.py:188} INFO - [2024-07-15T10:00:32.699+0100] {dag.py:3096} INFO - Sync 1 DAGs
[2024-07-15T10:00:32.851+0100] {logging_mixin.py:188} INFO - [2024-07-15T10:00:32.850+0100] {dag.py:3954} INFO - Setting next_dagrun for latest_only_with_trigger to 2024-07-15 04:00:00+00:00, run_after=2024-07-15 08:00:00+00:00
[2024-07-15T10:00:33.127+0100] {processor.py:183} INFO - Processing /home/victor/airflow_env/lib/python3.10/site-packages/airflow/example_dags/example_latest_only_with_trigger.py took 0.658 seconds
[2024-07-15T10:03:18.620+0100] {processor.py:161} INFO - Started process (PID=16724) to work on /home/victor/airflow_env/lib/python3.10/site-packages/airflow/example_dags/example_latest_only_with_trigger.py
[2024-07-15T10:03:18.627+0100] {processor.py:830} INFO - Processing file /home/victor/airflow_env/lib/python3.10/site-packages/airflow/example_dags/example_latest_only_with_trigger.py for tasks to queue
[2024-07-15T10:03:18.643+0100] {logging_mixin.py:188} INFO - [2024-07-15T10:03:18.641+0100] {dagbag.py:545} INFO - Filling up the DagBag from /home/victor/airflow_env/lib/python3.10/site-packages/airflow/example_dags/example_latest_only_with_trigger.py
[2024-07-15T10:03:18.670+0100] {processor.py:840} INFO - DAG(s) 'latest_only_with_trigger' retrieved from /home/victor/airflow_env/lib/python3.10/site-packages/airflow/example_dags/example_latest_only_with_trigger.py
[2024-07-15T10:03:18.785+0100] {logging_mixin.py:188} INFO - [2024-07-15T10:03:18.784+0100] {dag.py:3096} INFO - Sync 1 DAGs
[2024-07-15T10:03:18.909+0100] {logging_mixin.py:188} INFO - [2024-07-15T10:03:18.907+0100] {dag.py:3954} INFO - Setting next_dagrun for latest_only_with_trigger to 2024-07-15 04:00:00+00:00, run_after=2024-07-15 08:00:00+00:00
[2024-07-15T10:03:19.289+0100] {processor.py:183} INFO - Processing /home/victor/airflow_env/lib/python3.10/site-packages/airflow/example_dags/example_latest_only_with_trigger.py took 0.698 seconds
[2024-07-15T10:05:40.954+0100] {processor.py:161} INFO - Started process (PID=17512) to work on /home/victor/airflow_env/lib/python3.10/site-packages/airflow/example_dags/example_latest_only_with_trigger.py
[2024-07-15T10:05:40.958+0100] {processor.py:830} INFO - Processing file /home/victor/airflow_env/lib/python3.10/site-packages/airflow/example_dags/example_latest_only_with_trigger.py for tasks to queue
[2024-07-15T10:05:40.965+0100] {logging_mixin.py:188} INFO - [2024-07-15T10:05:40.963+0100] {dagbag.py:545} INFO - Filling up the DagBag from /home/victor/airflow_env/lib/python3.10/site-packages/airflow/example_dags/example_latest_only_with_trigger.py
[2024-07-15T10:05:40.991+0100] {processor.py:840} INFO - DAG(s) 'latest_only_with_trigger' retrieved from /home/victor/airflow_env/lib/python3.10/site-packages/airflow/example_dags/example_latest_only_with_trigger.py
[2024-07-15T10:05:41.094+0100] {logging_mixin.py:188} INFO - [2024-07-15T10:05:41.093+0100] {dag.py:3096} INFO - Sync 1 DAGs
[2024-07-15T10:05:41.197+0100] {logging_mixin.py:188} INFO - [2024-07-15T10:05:41.196+0100] {dag.py:3954} INFO - Setting next_dagrun for latest_only_with_trigger to 2024-07-15 04:00:00+00:00, run_after=2024-07-15 08:00:00+00:00
[2024-07-15T10:05:41.488+0100] {processor.py:183} INFO - Processing /home/victor/airflow_env/lib/python3.10/site-packages/airflow/example_dags/example_latest_only_with_trigger.py took 0.559 seconds
[2024-07-15T10:07:26.354+0100] {processor.py:161} INFO - Started process (PID=18333) to work on /home/victor/airflow_env/lib/python3.10/site-packages/airflow/example_dags/example_latest_only_with_trigger.py
[2024-07-15T10:07:26.357+0100] {processor.py:830} INFO - Processing file /home/victor/airflow_env/lib/python3.10/site-packages/airflow/example_dags/example_latest_only_with_trigger.py for tasks to queue
[2024-07-15T10:07:26.365+0100] {logging_mixin.py:188} INFO - [2024-07-15T10:07:26.364+0100] {dagbag.py:545} INFO - Filling up the DagBag from /home/victor/airflow_env/lib/python3.10/site-packages/airflow/example_dags/example_latest_only_with_trigger.py
[2024-07-15T10:07:26.392+0100] {processor.py:840} INFO - DAG(s) 'latest_only_with_trigger' retrieved from /home/victor/airflow_env/lib/python3.10/site-packages/airflow/example_dags/example_latest_only_with_trigger.py
[2024-07-15T10:07:26.482+0100] {logging_mixin.py:188} INFO - [2024-07-15T10:07:26.482+0100] {dag.py:3096} INFO - Sync 1 DAGs
[2024-07-15T10:07:26.598+0100] {logging_mixin.py:188} INFO - [2024-07-15T10:07:26.597+0100] {dag.py:3954} INFO - Setting next_dagrun for latest_only_with_trigger to 2024-07-15 04:00:00+00:00, run_after=2024-07-15 08:00:00+00:00
[2024-07-15T10:07:26.884+0100] {processor.py:183} INFO - Processing /home/victor/airflow_env/lib/python3.10/site-packages/airflow/example_dags/example_latest_only_with_trigger.py took 0.556 seconds
[2024-07-15T10:10:27.385+0100] {processor.py:161} INFO - Started process (PID=19496) to work on /home/victor/airflow_env/lib/python3.10/site-packages/airflow/example_dags/example_latest_only_with_trigger.py
[2024-07-15T10:10:27.390+0100] {processor.py:830} INFO - Processing file /home/victor/airflow_env/lib/python3.10/site-packages/airflow/example_dags/example_latest_only_with_trigger.py for tasks to queue
[2024-07-15T10:10:27.397+0100] {logging_mixin.py:188} INFO - [2024-07-15T10:10:27.396+0100] {dagbag.py:545} INFO - Filling up the DagBag from /home/victor/airflow_env/lib/python3.10/site-packages/airflow/example_dags/example_latest_only_with_trigger.py
[2024-07-15T10:10:27.427+0100] {processor.py:840} INFO - DAG(s) 'latest_only_with_trigger' retrieved from /home/victor/airflow_env/lib/python3.10/site-packages/airflow/example_dags/example_latest_only_with_trigger.py
[2024-07-15T10:10:27.525+0100] {logging_mixin.py:188} INFO - [2024-07-15T10:10:27.525+0100] {dag.py:3096} INFO - Sync 1 DAGs
[2024-07-15T10:10:27.654+0100] {logging_mixin.py:188} INFO - [2024-07-15T10:10:27.653+0100] {dag.py:3954} INFO - Setting next_dagrun for latest_only_with_trigger to 2024-07-15 04:00:00+00:00, run_after=2024-07-15 08:00:00+00:00
[2024-07-15T10:10:27.985+0100] {processor.py:183} INFO - Processing /home/victor/airflow_env/lib/python3.10/site-packages/airflow/example_dags/example_latest_only_with_trigger.py took 0.629 seconds
[2024-07-15T10:13:11.086+0100] {processor.py:161} INFO - Started process (PID=20392) to work on /home/victor/airflow_env/lib/python3.10/site-packages/airflow/example_dags/example_latest_only_with_trigger.py
[2024-07-15T10:13:11.090+0100] {processor.py:830} INFO - Processing file /home/victor/airflow_env/lib/python3.10/site-packages/airflow/example_dags/example_latest_only_with_trigger.py for tasks to queue
[2024-07-15T10:13:11.099+0100] {logging_mixin.py:188} INFO - [2024-07-15T10:13:11.097+0100] {dagbag.py:545} INFO - Filling up the DagBag from /home/victor/airflow_env/lib/python3.10/site-packages/airflow/example_dags/example_latest_only_with_trigger.py
[2024-07-15T10:13:11.126+0100] {processor.py:840} INFO - DAG(s) 'latest_only_with_trigger' retrieved from /home/victor/airflow_env/lib/python3.10/site-packages/airflow/example_dags/example_latest_only_with_trigger.py
[2024-07-15T10:13:11.243+0100] {logging_mixin.py:188} INFO - [2024-07-15T10:13:11.242+0100] {dag.py:3096} INFO - Sync 1 DAGs
[2024-07-15T10:13:11.360+0100] {logging_mixin.py:188} INFO - [2024-07-15T10:13:11.359+0100] {dag.py:3954} INFO - Setting next_dagrun for latest_only_with_trigger to 2024-07-15 04:00:00+00:00, run_after=2024-07-15 08:00:00+00:00
[2024-07-15T10:13:11.700+0100] {processor.py:183} INFO - Processing /home/victor/airflow_env/lib/python3.10/site-packages/airflow/example_dags/example_latest_only_with_trigger.py took 0.641 seconds
[2024-07-15T10:16:11.153+0100] {processor.py:161} INFO - Started process (PID=21372) to work on /home/victor/airflow_env/lib/python3.10/site-packages/airflow/example_dags/example_latest_only_with_trigger.py
[2024-07-15T10:16:11.161+0100] {processor.py:830} INFO - Processing file /home/victor/airflow_env/lib/python3.10/site-packages/airflow/example_dags/example_latest_only_with_trigger.py for tasks to queue
[2024-07-15T10:16:11.170+0100] {logging_mixin.py:188} INFO - [2024-07-15T10:16:11.168+0100] {dagbag.py:545} INFO - Filling up the DagBag from /home/victor/airflow_env/lib/python3.10/site-packages/airflow/example_dags/example_latest_only_with_trigger.py
[2024-07-15T10:16:11.203+0100] {processor.py:840} INFO - DAG(s) 'latest_only_with_trigger' retrieved from /home/victor/airflow_env/lib/python3.10/site-packages/airflow/example_dags/example_latest_only_with_trigger.py
[2024-07-15T10:16:11.314+0100] {logging_mixin.py:188} INFO - [2024-07-15T10:16:11.313+0100] {dag.py:3096} INFO - Sync 1 DAGs
[2024-07-15T10:16:11.456+0100] {logging_mixin.py:188} INFO - [2024-07-15T10:16:11.455+0100] {dag.py:3954} INFO - Setting next_dagrun for latest_only_with_trigger to 2024-07-15 04:00:00+00:00, run_after=2024-07-15 08:00:00+00:00
[2024-07-15T10:16:11.933+0100] {processor.py:183} INFO - Processing /home/victor/airflow_env/lib/python3.10/site-packages/airflow/example_dags/example_latest_only_with_trigger.py took 0.828 seconds
[2024-07-15T10:18:58.013+0100] {processor.py:161} INFO - Started process (PID=22472) to work on /home/victor/airflow_env/lib/python3.10/site-packages/airflow/example_dags/example_latest_only_with_trigger.py
[2024-07-15T10:18:58.019+0100] {processor.py:830} INFO - Processing file /home/victor/airflow_env/lib/python3.10/site-packages/airflow/example_dags/example_latest_only_with_trigger.py for tasks to queue
[2024-07-15T10:18:58.027+0100] {logging_mixin.py:188} INFO - [2024-07-15T10:18:58.025+0100] {dagbag.py:545} INFO - Filling up the DagBag from /home/victor/airflow_env/lib/python3.10/site-packages/airflow/example_dags/example_latest_only_with_trigger.py
[2024-07-15T10:18:58.077+0100] {processor.py:840} INFO - DAG(s) 'latest_only_with_trigger' retrieved from /home/victor/airflow_env/lib/python3.10/site-packages/airflow/example_dags/example_latest_only_with_trigger.py
[2024-07-15T10:18:58.274+0100] {logging_mixin.py:188} INFO - [2024-07-15T10:18:58.273+0100] {dag.py:3096} INFO - Sync 1 DAGs
[2024-07-15T10:18:58.482+0100] {logging_mixin.py:188} INFO - [2024-07-15T10:18:58.481+0100] {dag.py:3954} INFO - Setting next_dagrun for latest_only_with_trigger to 2024-07-15 04:00:00+00:00, run_after=2024-07-15 08:00:00+00:00
[2024-07-15T10:18:58.952+0100] {processor.py:183} INFO - Processing /home/victor/airflow_env/lib/python3.10/site-packages/airflow/example_dags/example_latest_only_with_trigger.py took 0.991 seconds
[2024-07-15T10:21:01.148+0100] {processor.py:161} INFO - Started process (PID=23372) to work on /home/victor/airflow_env/lib/python3.10/site-packages/airflow/example_dags/example_latest_only_with_trigger.py
[2024-07-15T10:21:01.153+0100] {processor.py:830} INFO - Processing file /home/victor/airflow_env/lib/python3.10/site-packages/airflow/example_dags/example_latest_only_with_trigger.py for tasks to queue
[2024-07-15T10:21:01.160+0100] {logging_mixin.py:188} INFO - [2024-07-15T10:21:01.159+0100] {dagbag.py:545} INFO - Filling up the DagBag from /home/victor/airflow_env/lib/python3.10/site-packages/airflow/example_dags/example_latest_only_with_trigger.py
[2024-07-15T10:21:01.188+0100] {processor.py:840} INFO - DAG(s) 'latest_only_with_trigger' retrieved from /home/victor/airflow_env/lib/python3.10/site-packages/airflow/example_dags/example_latest_only_with_trigger.py
[2024-07-15T10:21:01.298+0100] {logging_mixin.py:188} INFO - [2024-07-15T10:21:01.297+0100] {dag.py:3096} INFO - Sync 1 DAGs
[2024-07-15T10:21:01.423+0100] {logging_mixin.py:188} INFO - [2024-07-15T10:21:01.422+0100] {dag.py:3954} INFO - Setting next_dagrun for latest_only_with_trigger to 2024-07-15 04:00:00+00:00, run_after=2024-07-15 08:00:00+00:00
[2024-07-15T10:21:01.776+0100] {processor.py:183} INFO - Processing /home/victor/airflow_env/lib/python3.10/site-packages/airflow/example_dags/example_latest_only_with_trigger.py took 0.668 seconds
[2024-07-15T10:24:56.819+0100] {processor.py:161} INFO - Started process (PID=25267) to work on /home/victor/airflow_env/lib/python3.10/site-packages/airflow/example_dags/example_latest_only_with_trigger.py
[2024-07-15T10:24:56.823+0100] {processor.py:830} INFO - Processing file /home/victor/airflow_env/lib/python3.10/site-packages/airflow/example_dags/example_latest_only_with_trigger.py for tasks to queue
[2024-07-15T10:24:56.831+0100] {logging_mixin.py:188} INFO - [2024-07-15T10:24:56.829+0100] {dagbag.py:545} INFO - Filling up the DagBag from /home/victor/airflow_env/lib/python3.10/site-packages/airflow/example_dags/example_latest_only_with_trigger.py
[2024-07-15T10:24:56.857+0100] {processor.py:840} INFO - DAG(s) 'latest_only_with_trigger' retrieved from /home/victor/airflow_env/lib/python3.10/site-packages/airflow/example_dags/example_latest_only_with_trigger.py
[2024-07-15T10:24:56.963+0100] {logging_mixin.py:188} INFO - [2024-07-15T10:24:56.963+0100] {dag.py:3096} INFO - Sync 1 DAGs
[2024-07-15T10:24:57.090+0100] {logging_mixin.py:188} INFO - [2024-07-15T10:24:57.087+0100] {dag.py:3954} INFO - Setting next_dagrun for latest_only_with_trigger to 2024-07-15 04:00:00+00:00, run_after=2024-07-15 08:00:00+00:00
[2024-07-15T10:24:57.614+0100] {processor.py:183} INFO - Processing /home/victor/airflow_env/lib/python3.10/site-packages/airflow/example_dags/example_latest_only_with_trigger.py took 0.824 seconds
[2024-07-15T10:28:16.410+0100] {processor.py:161} INFO - Started process (PID=26578) to work on /home/victor/airflow_env/lib/python3.10/site-packages/airflow/example_dags/example_latest_only_with_trigger.py
[2024-07-15T10:28:16.416+0100] {processor.py:830} INFO - Processing file /home/victor/airflow_env/lib/python3.10/site-packages/airflow/example_dags/example_latest_only_with_trigger.py for tasks to queue
[2024-07-15T10:28:16.424+0100] {logging_mixin.py:188} INFO - [2024-07-15T10:28:16.423+0100] {dagbag.py:545} INFO - Filling up the DagBag from /home/victor/airflow_env/lib/python3.10/site-packages/airflow/example_dags/example_latest_only_with_trigger.py
[2024-07-15T10:28:16.467+0100] {processor.py:840} INFO - DAG(s) 'latest_only_with_trigger' retrieved from /home/victor/airflow_env/lib/python3.10/site-packages/airflow/example_dags/example_latest_only_with_trigger.py
[2024-07-15T10:28:16.582+0100] {logging_mixin.py:188} INFO - [2024-07-15T10:28:16.580+0100] {dag.py:3096} INFO - Sync 1 DAGs
[2024-07-15T10:28:16.720+0100] {logging_mixin.py:188} INFO - [2024-07-15T10:28:16.719+0100] {dag.py:3954} INFO - Setting next_dagrun for latest_only_with_trigger to 2024-07-15 04:00:00+00:00, run_after=2024-07-15 08:00:00+00:00
[2024-07-15T10:28:17.147+0100] {processor.py:183} INFO - Processing /home/victor/airflow_env/lib/python3.10/site-packages/airflow/example_dags/example_latest_only_with_trigger.py took 0.766 seconds
[2024-07-15T10:30:46.470+0100] {processor.py:161} INFO - Started process (PID=27373) to work on /home/victor/airflow_env/lib/python3.10/site-packages/airflow/example_dags/example_latest_only_with_trigger.py
[2024-07-15T10:30:46.475+0100] {processor.py:830} INFO - Processing file /home/victor/airflow_env/lib/python3.10/site-packages/airflow/example_dags/example_latest_only_with_trigger.py for tasks to queue
[2024-07-15T10:30:46.483+0100] {logging_mixin.py:188} INFO - [2024-07-15T10:30:46.481+0100] {dagbag.py:545} INFO - Filling up the DagBag from /home/victor/airflow_env/lib/python3.10/site-packages/airflow/example_dags/example_latest_only_with_trigger.py
[2024-07-15T10:30:46.514+0100] {processor.py:840} INFO - DAG(s) 'latest_only_with_trigger' retrieved from /home/victor/airflow_env/lib/python3.10/site-packages/airflow/example_dags/example_latest_only_with_trigger.py
[2024-07-15T10:30:46.617+0100] {logging_mixin.py:188} INFO - [2024-07-15T10:30:46.616+0100] {dag.py:3096} INFO - Sync 1 DAGs
[2024-07-15T10:30:46.724+0100] {logging_mixin.py:188} INFO - [2024-07-15T10:30:46.723+0100] {dag.py:3954} INFO - Setting next_dagrun for latest_only_with_trigger to 2024-07-15 04:00:00+00:00, run_after=2024-07-15 08:00:00+00:00
[2024-07-15T10:30:46.995+0100] {processor.py:183} INFO - Processing /home/victor/airflow_env/lib/python3.10/site-packages/airflow/example_dags/example_latest_only_with_trigger.py took 0.552 seconds
[2024-07-15T10:32:30.725+0100] {processor.py:161} INFO - Started process (PID=27932) to work on /home/victor/airflow_env/lib/python3.10/site-packages/airflow/example_dags/example_latest_only_with_trigger.py
[2024-07-15T10:32:30.729+0100] {processor.py:830} INFO - Processing file /home/victor/airflow_env/lib/python3.10/site-packages/airflow/example_dags/example_latest_only_with_trigger.py for tasks to queue
[2024-07-15T10:32:30.737+0100] {logging_mixin.py:188} INFO - [2024-07-15T10:32:30.736+0100] {dagbag.py:545} INFO - Filling up the DagBag from /home/victor/airflow_env/lib/python3.10/site-packages/airflow/example_dags/example_latest_only_with_trigger.py
[2024-07-15T10:32:30.766+0100] {processor.py:840} INFO - DAG(s) 'latest_only_with_trigger' retrieved from /home/victor/airflow_env/lib/python3.10/site-packages/airflow/example_dags/example_latest_only_with_trigger.py
[2024-07-15T10:32:30.866+0100] {logging_mixin.py:188} INFO - [2024-07-15T10:32:30.865+0100] {dag.py:3096} INFO - Sync 1 DAGs
[2024-07-15T10:32:31.003+0100] {logging_mixin.py:188} INFO - [2024-07-15T10:32:31.000+0100] {dag.py:3954} INFO - Setting next_dagrun for latest_only_with_trigger to 2024-07-15 04:00:00+00:00, run_after=2024-07-15 08:00:00+00:00
[2024-07-15T10:32:31.403+0100] {processor.py:183} INFO - Processing /home/victor/airflow_env/lib/python3.10/site-packages/airflow/example_dags/example_latest_only_with_trigger.py took 0.709 seconds
[2024-07-15T10:35:23.324+0100] {processor.py:161} INFO - Started process (PID=29068) to work on /home/victor/airflow_env/lib/python3.10/site-packages/airflow/example_dags/example_latest_only_with_trigger.py
[2024-07-15T10:35:23.329+0100] {processor.py:830} INFO - Processing file /home/victor/airflow_env/lib/python3.10/site-packages/airflow/example_dags/example_latest_only_with_trigger.py for tasks to queue
[2024-07-15T10:35:23.336+0100] {logging_mixin.py:188} INFO - [2024-07-15T10:35:23.334+0100] {dagbag.py:545} INFO - Filling up the DagBag from /home/victor/airflow_env/lib/python3.10/site-packages/airflow/example_dags/example_latest_only_with_trigger.py
[2024-07-15T10:35:23.361+0100] {processor.py:840} INFO - DAG(s) 'latest_only_with_trigger' retrieved from /home/victor/airflow_env/lib/python3.10/site-packages/airflow/example_dags/example_latest_only_with_trigger.py
[2024-07-15T10:35:23.454+0100] {logging_mixin.py:188} INFO - [2024-07-15T10:35:23.453+0100] {dag.py:3096} INFO - Sync 1 DAGs
[2024-07-15T10:35:23.583+0100] {logging_mixin.py:188} INFO - [2024-07-15T10:35:23.583+0100] {dag.py:3954} INFO - Setting next_dagrun for latest_only_with_trigger to 2024-07-15 04:00:00+00:00, run_after=2024-07-15 08:00:00+00:00
[2024-07-15T10:35:23.843+0100] {processor.py:183} INFO - Processing /home/victor/airflow_env/lib/python3.10/site-packages/airflow/example_dags/example_latest_only_with_trigger.py took 0.545 seconds
[2024-07-15T10:38:13.472+0100] {processor.py:161} INFO - Started process (PID=30049) to work on /home/victor/airflow_env/lib/python3.10/site-packages/airflow/example_dags/example_latest_only_with_trigger.py
[2024-07-15T10:38:13.476+0100] {processor.py:830} INFO - Processing file /home/victor/airflow_env/lib/python3.10/site-packages/airflow/example_dags/example_latest_only_with_trigger.py for tasks to queue
[2024-07-15T10:38:13.488+0100] {logging_mixin.py:188} INFO - [2024-07-15T10:38:13.486+0100] {dagbag.py:545} INFO - Filling up the DagBag from /home/victor/airflow_env/lib/python3.10/site-packages/airflow/example_dags/example_latest_only_with_trigger.py
[2024-07-15T10:38:13.524+0100] {processor.py:840} INFO - DAG(s) 'latest_only_with_trigger' retrieved from /home/victor/airflow_env/lib/python3.10/site-packages/airflow/example_dags/example_latest_only_with_trigger.py
[2024-07-15T10:38:13.633+0100] {logging_mixin.py:188} INFO - [2024-07-15T10:38:13.632+0100] {dag.py:3096} INFO - Sync 1 DAGs
[2024-07-15T10:38:13.785+0100] {logging_mixin.py:188} INFO - [2024-07-15T10:38:13.783+0100] {dag.py:3954} INFO - Setting next_dagrun for latest_only_with_trigger to 2024-07-15 04:00:00+00:00, run_after=2024-07-15 08:00:00+00:00
[2024-07-15T10:38:14.101+0100] {processor.py:183} INFO - Processing /home/victor/airflow_env/lib/python3.10/site-packages/airflow/example_dags/example_latest_only_with_trigger.py took 0.670 seconds
[2024-07-15T10:40:40.612+0100] {processor.py:161} INFO - Started process (PID=30806) to work on /home/victor/airflow_env/lib/python3.10/site-packages/airflow/example_dags/example_latest_only_with_trigger.py
[2024-07-15T10:40:40.616+0100] {processor.py:830} INFO - Processing file /home/victor/airflow_env/lib/python3.10/site-packages/airflow/example_dags/example_latest_only_with_trigger.py for tasks to queue
[2024-07-15T10:40:40.623+0100] {logging_mixin.py:188} INFO - [2024-07-15T10:40:40.622+0100] {dagbag.py:545} INFO - Filling up the DagBag from /home/victor/airflow_env/lib/python3.10/site-packages/airflow/example_dags/example_latest_only_with_trigger.py
[2024-07-15T10:40:40.648+0100] {processor.py:840} INFO - DAG(s) 'latest_only_with_trigger' retrieved from /home/victor/airflow_env/lib/python3.10/site-packages/airflow/example_dags/example_latest_only_with_trigger.py
[2024-07-15T10:40:40.747+0100] {logging_mixin.py:188} INFO - [2024-07-15T10:40:40.746+0100] {dag.py:3096} INFO - Sync 1 DAGs
[2024-07-15T10:40:40.856+0100] {logging_mixin.py:188} INFO - [2024-07-15T10:40:40.855+0100] {dag.py:3954} INFO - Setting next_dagrun for latest_only_with_trigger to 2024-07-15 04:00:00+00:00, run_after=2024-07-15 08:00:00+00:00
[2024-07-15T10:40:41.110+0100] {processor.py:183} INFO - Processing /home/victor/airflow_env/lib/python3.10/site-packages/airflow/example_dags/example_latest_only_with_trigger.py took 0.524 seconds
[2024-07-15T10:43:15.830+0100] {processor.py:161} INFO - Started process (PID=31638) to work on /home/victor/airflow_env/lib/python3.10/site-packages/airflow/example_dags/example_latest_only_with_trigger.py
[2024-07-15T10:43:15.834+0100] {processor.py:830} INFO - Processing file /home/victor/airflow_env/lib/python3.10/site-packages/airflow/example_dags/example_latest_only_with_trigger.py for tasks to queue
[2024-07-15T10:43:15.844+0100] {logging_mixin.py:188} INFO - [2024-07-15T10:43:15.842+0100] {dagbag.py:545} INFO - Filling up the DagBag from /home/victor/airflow_env/lib/python3.10/site-packages/airflow/example_dags/example_latest_only_with_trigger.py
[2024-07-15T10:43:15.876+0100] {processor.py:840} INFO - DAG(s) 'latest_only_with_trigger' retrieved from /home/victor/airflow_env/lib/python3.10/site-packages/airflow/example_dags/example_latest_only_with_trigger.py
[2024-07-15T10:43:15.984+0100] {logging_mixin.py:188} INFO - [2024-07-15T10:43:15.983+0100] {dag.py:3096} INFO - Sync 1 DAGs
[2024-07-15T10:43:16.099+0100] {logging_mixin.py:188} INFO - [2024-07-15T10:43:16.098+0100] {dag.py:3954} INFO - Setting next_dagrun for latest_only_with_trigger to 2024-07-15 04:00:00+00:00, run_after=2024-07-15 08:00:00+00:00
[2024-07-15T10:43:16.451+0100] {processor.py:183} INFO - Processing /home/victor/airflow_env/lib/python3.10/site-packages/airflow/example_dags/example_latest_only_with_trigger.py took 0.652 seconds
[2024-07-15T10:45:41.089+0100] {processor.py:161} INFO - Started process (PID=32392) to work on /home/victor/airflow_env/lib/python3.10/site-packages/airflow/example_dags/example_latest_only_with_trigger.py
[2024-07-15T10:45:41.093+0100] {processor.py:830} INFO - Processing file /home/victor/airflow_env/lib/python3.10/site-packages/airflow/example_dags/example_latest_only_with_trigger.py for tasks to queue
[2024-07-15T10:45:41.100+0100] {logging_mixin.py:188} INFO - [2024-07-15T10:45:41.099+0100] {dagbag.py:545} INFO - Filling up the DagBag from /home/victor/airflow_env/lib/python3.10/site-packages/airflow/example_dags/example_latest_only_with_trigger.py
[2024-07-15T10:45:41.125+0100] {processor.py:840} INFO - DAG(s) 'latest_only_with_trigger' retrieved from /home/victor/airflow_env/lib/python3.10/site-packages/airflow/example_dags/example_latest_only_with_trigger.py
[2024-07-15T10:45:41.223+0100] {logging_mixin.py:188} INFO - [2024-07-15T10:45:41.222+0100] {dag.py:3096} INFO - Sync 1 DAGs
[2024-07-15T10:45:41.338+0100] {logging_mixin.py:188} INFO - [2024-07-15T10:45:41.337+0100] {dag.py:3954} INFO - Setting next_dagrun for latest_only_with_trigger to 2024-07-15 04:00:00+00:00, run_after=2024-07-15 08:00:00+00:00
[2024-07-15T10:45:41.650+0100] {processor.py:183} INFO - Processing /home/victor/airflow_env/lib/python3.10/site-packages/airflow/example_dags/example_latest_only_with_trigger.py took 0.585 seconds
[2024-07-15T10:48:18.169+0100] {processor.py:161} INFO - Started process (PID=33234) to work on /home/victor/airflow_env/lib/python3.10/site-packages/airflow/example_dags/example_latest_only_with_trigger.py
[2024-07-15T10:48:18.173+0100] {processor.py:830} INFO - Processing file /home/victor/airflow_env/lib/python3.10/site-packages/airflow/example_dags/example_latest_only_with_trigger.py for tasks to queue
[2024-07-15T10:48:18.181+0100] {logging_mixin.py:188} INFO - [2024-07-15T10:48:18.179+0100] {dagbag.py:545} INFO - Filling up the DagBag from /home/victor/airflow_env/lib/python3.10/site-packages/airflow/example_dags/example_latest_only_with_trigger.py
[2024-07-15T10:48:18.209+0100] {processor.py:840} INFO - DAG(s) 'latest_only_with_trigger' retrieved from /home/victor/airflow_env/lib/python3.10/site-packages/airflow/example_dags/example_latest_only_with_trigger.py
[2024-07-15T10:48:18.327+0100] {logging_mixin.py:188} INFO - [2024-07-15T10:48:18.326+0100] {dag.py:3096} INFO - Sync 1 DAGs
[2024-07-15T10:48:18.452+0100] {logging_mixin.py:188} INFO - [2024-07-15T10:48:18.451+0100] {dag.py:3954} INFO - Setting next_dagrun for latest_only_with_trigger to 2024-07-15 04:00:00+00:00, run_after=2024-07-15 08:00:00+00:00
[2024-07-15T10:48:18.744+0100] {processor.py:183} INFO - Processing /home/victor/airflow_env/lib/python3.10/site-packages/airflow/example_dags/example_latest_only_with_trigger.py took 0.607 seconds
[2024-07-15T10:51:39.033+0100] {processor.py:161} INFO - Started process (PID=34681) to work on /home/victor/airflow_env/lib/python3.10/site-packages/airflow/example_dags/example_latest_only_with_trigger.py
[2024-07-15T10:51:39.047+0100] {processor.py:830} INFO - Processing file /home/victor/airflow_env/lib/python3.10/site-packages/airflow/example_dags/example_latest_only_with_trigger.py for tasks to queue
[2024-07-15T10:51:39.056+0100] {logging_mixin.py:188} INFO - [2024-07-15T10:51:39.054+0100] {dagbag.py:545} INFO - Filling up the DagBag from /home/victor/airflow_env/lib/python3.10/site-packages/airflow/example_dags/example_latest_only_with_trigger.py
[2024-07-15T10:51:39.109+0100] {processor.py:840} INFO - DAG(s) 'latest_only_with_trigger' retrieved from /home/victor/airflow_env/lib/python3.10/site-packages/airflow/example_dags/example_latest_only_with_trigger.py
[2024-07-15T10:51:39.332+0100] {logging_mixin.py:188} INFO - [2024-07-15T10:51:39.331+0100] {dag.py:3096} INFO - Sync 1 DAGs
[2024-07-15T10:51:39.620+0100] {logging_mixin.py:188} INFO - [2024-07-15T10:51:39.619+0100] {dag.py:3954} INFO - Setting next_dagrun for latest_only_with_trigger to 2024-07-15 04:00:00+00:00, run_after=2024-07-15 08:00:00+00:00
[2024-07-15T10:51:40.115+0100] {processor.py:183} INFO - Processing /home/victor/airflow_env/lib/python3.10/site-packages/airflow/example_dags/example_latest_only_with_trigger.py took 1.144 seconds
