[2024-07-15T09:49:15.627+0100] {processor.py:161} INFO - Started process (PID=10760) to work on /home/victor/airflow_env/lib/python3.10/site-packages/airflow/example_dags/example_dynamic_task_mapping_with_no_taskflow_operators.py
[2024-07-15T09:49:15.632+0100] {processor.py:830} INFO - Processing file /home/victor/airflow_env/lib/python3.10/site-packages/airflow/example_dags/example_dynamic_task_mapping_with_no_taskflow_operators.py for tasks to queue
[2024-07-15T09:49:15.647+0100] {logging_mixin.py:188} INFO - [2024-07-15T09:49:15.645+0100] {dagbag.py:545} INFO - Filling up the DagBag from /home/victor/airflow_env/lib/python3.10/site-packages/airflow/example_dags/example_dynamic_task_mapping_with_no_taskflow_operators.py
[2024-07-15T09:49:15.696+0100] {processor.py:840} INFO - DAG(s) 'example_dynamic_task_mapping_with_no_taskflow_operators' retrieved from /home/victor/airflow_env/lib/python3.10/site-packages/airflow/example_dags/example_dynamic_task_mapping_with_no_taskflow_operators.py
[2024-07-15T09:49:16.064+0100] {logging_mixin.py:188} INFO - [2024-07-15T09:49:16.063+0100] {dag.py:3096} INFO - Sync 1 DAGs
[2024-07-15T09:49:16.459+0100] {logging_mixin.py:188} INFO - [2024-07-15T09:49:16.457+0100] {dag.py:3954} INFO - Setting next_dagrun for example_dynamic_task_mapping_with_no_taskflow_operators to 2024-07-14 00:00:00+00:00, run_after=2024-07-15 00:00:00+00:00
[2024-07-15T09:49:16.982+0100] {processor.py:183} INFO - Processing /home/victor/airflow_env/lib/python3.10/site-packages/airflow/example_dags/example_dynamic_task_mapping_with_no_taskflow_operators.py took 1.417 seconds
[2024-07-15T09:51:10.599+0100] {processor.py:161} INFO - Started process (PID=11423) to work on /home/victor/airflow_env/lib/python3.10/site-packages/airflow/example_dags/example_dynamic_task_mapping_with_no_taskflow_operators.py
[2024-07-15T09:51:10.603+0100] {processor.py:830} INFO - Processing file /home/victor/airflow_env/lib/python3.10/site-packages/airflow/example_dags/example_dynamic_task_mapping_with_no_taskflow_operators.py for tasks to queue
[2024-07-15T09:51:10.610+0100] {logging_mixin.py:188} INFO - [2024-07-15T09:51:10.609+0100] {dagbag.py:545} INFO - Filling up the DagBag from /home/victor/airflow_env/lib/python3.10/site-packages/airflow/example_dags/example_dynamic_task_mapping_with_no_taskflow_operators.py
[2024-07-15T09:51:10.639+0100] {processor.py:840} INFO - DAG(s) 'example_dynamic_task_mapping_with_no_taskflow_operators' retrieved from /home/victor/airflow_env/lib/python3.10/site-packages/airflow/example_dags/example_dynamic_task_mapping_with_no_taskflow_operators.py
[2024-07-15T09:51:10.721+0100] {logging_mixin.py:188} INFO - [2024-07-15T09:51:10.720+0100] {dag.py:3096} INFO - Sync 1 DAGs
[2024-07-15T09:51:10.820+0100] {logging_mixin.py:188} INFO - [2024-07-15T09:51:10.819+0100] {dag.py:3954} INFO - Setting next_dagrun for example_dynamic_task_mapping_with_no_taskflow_operators to 2024-07-14 00:00:00+00:00, run_after=2024-07-15 00:00:00+00:00
[2024-07-15T09:51:11.093+0100] {processor.py:183} INFO - Processing /home/victor/airflow_env/lib/python3.10/site-packages/airflow/example_dags/example_dynamic_task_mapping_with_no_taskflow_operators.py took 0.518 seconds
[2024-07-15T09:54:36.899+0100] {processor.py:161} INFO - Started process (PID=12820) to work on /home/victor/airflow_env/lib/python3.10/site-packages/airflow/example_dags/example_dynamic_task_mapping_with_no_taskflow_operators.py
[2024-07-15T09:54:36.908+0100] {processor.py:830} INFO - Processing file /home/victor/airflow_env/lib/python3.10/site-packages/airflow/example_dags/example_dynamic_task_mapping_with_no_taskflow_operators.py for tasks to queue
[2024-07-15T09:54:36.924+0100] {logging_mixin.py:188} INFO - [2024-07-15T09:54:36.921+0100] {dagbag.py:545} INFO - Filling up the DagBag from /home/victor/airflow_env/lib/python3.10/site-packages/airflow/example_dags/example_dynamic_task_mapping_with_no_taskflow_operators.py
[2024-07-15T09:54:36.974+0100] {processor.py:840} INFO - DAG(s) 'example_dynamic_task_mapping_with_no_taskflow_operators' retrieved from /home/victor/airflow_env/lib/python3.10/site-packages/airflow/example_dags/example_dynamic_task_mapping_with_no_taskflow_operators.py
[2024-07-15T09:54:37.085+0100] {logging_mixin.py:188} INFO - [2024-07-15T09:54:37.084+0100] {dag.py:3096} INFO - Sync 1 DAGs
[2024-07-15T09:54:37.243+0100] {logging_mixin.py:188} INFO - [2024-07-15T09:54:37.241+0100] {dag.py:3954} INFO - Setting next_dagrun for example_dynamic_task_mapping_with_no_taskflow_operators to 2024-07-14 00:00:00+00:00, run_after=2024-07-15 00:00:00+00:00
[2024-07-15T09:54:37.644+0100] {processor.py:183} INFO - Processing /home/victor/airflow_env/lib/python3.10/site-packages/airflow/example_dags/example_dynamic_task_mapping_with_no_taskflow_operators.py took 0.791 seconds
[2024-07-15T09:57:45.523+0100] {processor.py:161} INFO - Started process (PID=14269) to work on /home/victor/airflow_env/lib/python3.10/site-packages/airflow/example_dags/example_dynamic_task_mapping_with_no_taskflow_operators.py
[2024-07-15T09:57:45.530+0100] {processor.py:830} INFO - Processing file /home/victor/airflow_env/lib/python3.10/site-packages/airflow/example_dags/example_dynamic_task_mapping_with_no_taskflow_operators.py for tasks to queue
[2024-07-15T09:57:45.540+0100] {logging_mixin.py:188} INFO - [2024-07-15T09:57:45.538+0100] {dagbag.py:545} INFO - Filling up the DagBag from /home/victor/airflow_env/lib/python3.10/site-packages/airflow/example_dags/example_dynamic_task_mapping_with_no_taskflow_operators.py
[2024-07-15T09:57:45.620+0100] {processor.py:840} INFO - DAG(s) 'example_dynamic_task_mapping_with_no_taskflow_operators' retrieved from /home/victor/airflow_env/lib/python3.10/site-packages/airflow/example_dags/example_dynamic_task_mapping_with_no_taskflow_operators.py
[2024-07-15T09:57:45.835+0100] {logging_mixin.py:188} INFO - [2024-07-15T09:57:45.834+0100] {dag.py:3096} INFO - Sync 1 DAGs
[2024-07-15T09:57:46.040+0100] {logging_mixin.py:188} INFO - [2024-07-15T09:57:46.039+0100] {dag.py:3954} INFO - Setting next_dagrun for example_dynamic_task_mapping_with_no_taskflow_operators to 2024-07-14 00:00:00+00:00, run_after=2024-07-15 00:00:00+00:00
[2024-07-15T09:57:46.371+0100] {processor.py:183} INFO - Processing /home/victor/airflow_env/lib/python3.10/site-packages/airflow/example_dags/example_dynamic_task_mapping_with_no_taskflow_operators.py took 0.891 seconds
[2024-07-15T10:00:36.380+0100] {processor.py:161} INFO - Started process (PID=15329) to work on /home/victor/airflow_env/lib/python3.10/site-packages/airflow/example_dags/example_dynamic_task_mapping_with_no_taskflow_operators.py
[2024-07-15T10:00:36.384+0100] {processor.py:830} INFO - Processing file /home/victor/airflow_env/lib/python3.10/site-packages/airflow/example_dags/example_dynamic_task_mapping_with_no_taskflow_operators.py for tasks to queue
[2024-07-15T10:00:36.392+0100] {logging_mixin.py:188} INFO - [2024-07-15T10:00:36.390+0100] {dagbag.py:545} INFO - Filling up the DagBag from /home/victor/airflow_env/lib/python3.10/site-packages/airflow/example_dags/example_dynamic_task_mapping_with_no_taskflow_operators.py
[2024-07-15T10:00:36.421+0100] {processor.py:840} INFO - DAG(s) 'example_dynamic_task_mapping_with_no_taskflow_operators' retrieved from /home/victor/airflow_env/lib/python3.10/site-packages/airflow/example_dags/example_dynamic_task_mapping_with_no_taskflow_operators.py
[2024-07-15T10:00:36.521+0100] {logging_mixin.py:188} INFO - [2024-07-15T10:00:36.520+0100] {dag.py:3096} INFO - Sync 1 DAGs
[2024-07-15T10:00:36.697+0100] {logging_mixin.py:188} INFO - [2024-07-15T10:00:36.696+0100] {dag.py:3954} INFO - Setting next_dagrun for example_dynamic_task_mapping_with_no_taskflow_operators to 2024-07-14 00:00:00+00:00, run_after=2024-07-15 00:00:00+00:00
[2024-07-15T10:00:37.610+0100] {processor.py:183} INFO - Processing /home/victor/airflow_env/lib/python3.10/site-packages/airflow/example_dags/example_dynamic_task_mapping_with_no_taskflow_operators.py took 1.259 seconds
[2024-07-15T10:03:22.411+0100] {processor.py:161} INFO - Started process (PID=16757) to work on /home/victor/airflow_env/lib/python3.10/site-packages/airflow/example_dags/example_dynamic_task_mapping_with_no_taskflow_operators.py
[2024-07-15T10:03:22.415+0100] {processor.py:830} INFO - Processing file /home/victor/airflow_env/lib/python3.10/site-packages/airflow/example_dags/example_dynamic_task_mapping_with_no_taskflow_operators.py for tasks to queue
[2024-07-15T10:03:22.422+0100] {logging_mixin.py:188} INFO - [2024-07-15T10:03:22.421+0100] {dagbag.py:545} INFO - Filling up the DagBag from /home/victor/airflow_env/lib/python3.10/site-packages/airflow/example_dags/example_dynamic_task_mapping_with_no_taskflow_operators.py
[2024-07-15T10:03:22.452+0100] {processor.py:840} INFO - DAG(s) 'example_dynamic_task_mapping_with_no_taskflow_operators' retrieved from /home/victor/airflow_env/lib/python3.10/site-packages/airflow/example_dags/example_dynamic_task_mapping_with_no_taskflow_operators.py
[2024-07-15T10:03:22.551+0100] {logging_mixin.py:188} INFO - [2024-07-15T10:03:22.550+0100] {dag.py:3096} INFO - Sync 1 DAGs
[2024-07-15T10:03:22.662+0100] {logging_mixin.py:188} INFO - [2024-07-15T10:03:22.662+0100] {dag.py:3954} INFO - Setting next_dagrun for example_dynamic_task_mapping_with_no_taskflow_operators to 2024-07-14 00:00:00+00:00, run_after=2024-07-15 00:00:00+00:00
[2024-07-15T10:03:22.899+0100] {processor.py:183} INFO - Processing /home/victor/airflow_env/lib/python3.10/site-packages/airflow/example_dags/example_dynamic_task_mapping_with_no_taskflow_operators.py took 0.513 seconds
[2024-07-15T10:05:44.483+0100] {processor.py:161} INFO - Started process (PID=17533) to work on /home/victor/airflow_env/lib/python3.10/site-packages/airflow/example_dags/example_dynamic_task_mapping_with_no_taskflow_operators.py
[2024-07-15T10:05:44.487+0100] {processor.py:830} INFO - Processing file /home/victor/airflow_env/lib/python3.10/site-packages/airflow/example_dags/example_dynamic_task_mapping_with_no_taskflow_operators.py for tasks to queue
[2024-07-15T10:05:44.495+0100] {logging_mixin.py:188} INFO - [2024-07-15T10:05:44.493+0100] {dagbag.py:545} INFO - Filling up the DagBag from /home/victor/airflow_env/lib/python3.10/site-packages/airflow/example_dags/example_dynamic_task_mapping_with_no_taskflow_operators.py
[2024-07-15T10:05:44.522+0100] {processor.py:840} INFO - DAG(s) 'example_dynamic_task_mapping_with_no_taskflow_operators' retrieved from /home/victor/airflow_env/lib/python3.10/site-packages/airflow/example_dags/example_dynamic_task_mapping_with_no_taskflow_operators.py
[2024-07-15T10:05:44.618+0100] {logging_mixin.py:188} INFO - [2024-07-15T10:05:44.617+0100] {dag.py:3096} INFO - Sync 1 DAGs
[2024-07-15T10:05:44.735+0100] {logging_mixin.py:188} INFO - [2024-07-15T10:05:44.734+0100] {dag.py:3954} INFO - Setting next_dagrun for example_dynamic_task_mapping_with_no_taskflow_operators to 2024-07-14 00:00:00+00:00, run_after=2024-07-15 00:00:00+00:00
[2024-07-15T10:05:45.115+0100] {processor.py:183} INFO - Processing /home/victor/airflow_env/lib/python3.10/site-packages/airflow/example_dags/example_dynamic_task_mapping_with_no_taskflow_operators.py took 0.660 seconds
[2024-07-15T10:08:57.877+0100] {processor.py:161} INFO - Started process (PID=18861) to work on /home/victor/airflow_env/lib/python3.10/site-packages/airflow/example_dags/example_dynamic_task_mapping_with_no_taskflow_operators.py
[2024-07-15T10:08:57.885+0100] {processor.py:830} INFO - Processing file /home/victor/airflow_env/lib/python3.10/site-packages/airflow/example_dags/example_dynamic_task_mapping_with_no_taskflow_operators.py for tasks to queue
[2024-07-15T10:08:57.892+0100] {logging_mixin.py:188} INFO - [2024-07-15T10:08:57.891+0100] {dagbag.py:545} INFO - Filling up the DagBag from /home/victor/airflow_env/lib/python3.10/site-packages/airflow/example_dags/example_dynamic_task_mapping_with_no_taskflow_operators.py
[2024-07-15T10:08:57.936+0100] {processor.py:840} INFO - DAG(s) 'example_dynamic_task_mapping_with_no_taskflow_operators' retrieved from /home/victor/airflow_env/lib/python3.10/site-packages/airflow/example_dags/example_dynamic_task_mapping_with_no_taskflow_operators.py
[2024-07-15T10:08:58.050+0100] {logging_mixin.py:188} INFO - [2024-07-15T10:08:58.049+0100] {dag.py:3096} INFO - Sync 1 DAGs
[2024-07-15T10:08:58.191+0100] {logging_mixin.py:188} INFO - [2024-07-15T10:08:58.190+0100] {dag.py:3954} INFO - Setting next_dagrun for example_dynamic_task_mapping_with_no_taskflow_operators to 2024-07-14 00:00:00+00:00, run_after=2024-07-15 00:00:00+00:00
[2024-07-15T10:08:59.206+0100] {processor.py:183} INFO - Processing /home/victor/airflow_env/lib/python3.10/site-packages/airflow/example_dags/example_dynamic_task_mapping_with_no_taskflow_operators.py took 1.370 seconds
[2024-07-15T10:11:56.155+0100] {processor.py:161} INFO - Started process (PID=19973) to work on /home/victor/airflow_env/lib/python3.10/site-packages/airflow/example_dags/example_dynamic_task_mapping_with_no_taskflow_operators.py
[2024-07-15T10:11:56.159+0100] {processor.py:830} INFO - Processing file /home/victor/airflow_env/lib/python3.10/site-packages/airflow/example_dags/example_dynamic_task_mapping_with_no_taskflow_operators.py for tasks to queue
[2024-07-15T10:11:56.167+0100] {logging_mixin.py:188} INFO - [2024-07-15T10:11:56.165+0100] {dagbag.py:545} INFO - Filling up the DagBag from /home/victor/airflow_env/lib/python3.10/site-packages/airflow/example_dags/example_dynamic_task_mapping_with_no_taskflow_operators.py
[2024-07-15T10:11:56.197+0100] {processor.py:840} INFO - DAG(s) 'example_dynamic_task_mapping_with_no_taskflow_operators' retrieved from /home/victor/airflow_env/lib/python3.10/site-packages/airflow/example_dags/example_dynamic_task_mapping_with_no_taskflow_operators.py
[2024-07-15T10:11:56.293+0100] {logging_mixin.py:188} INFO - [2024-07-15T10:11:56.292+0100] {dag.py:3096} INFO - Sync 1 DAGs
[2024-07-15T10:11:56.419+0100] {logging_mixin.py:188} INFO - [2024-07-15T10:11:56.417+0100] {dag.py:3954} INFO - Setting next_dagrun for example_dynamic_task_mapping_with_no_taskflow_operators to 2024-07-14 00:00:00+00:00, run_after=2024-07-15 00:00:00+00:00
[2024-07-15T10:11:56.782+0100] {processor.py:183} INFO - Processing /home/victor/airflow_env/lib/python3.10/site-packages/airflow/example_dags/example_dynamic_task_mapping_with_no_taskflow_operators.py took 0.655 seconds
[2024-07-15T10:14:46.738+0100] {processor.py:161} INFO - Started process (PID=20889) to work on /home/victor/airflow_env/lib/python3.10/site-packages/airflow/example_dags/example_dynamic_task_mapping_with_no_taskflow_operators.py
[2024-07-15T10:14:46.745+0100] {processor.py:830} INFO - Processing file /home/victor/airflow_env/lib/python3.10/site-packages/airflow/example_dags/example_dynamic_task_mapping_with_no_taskflow_operators.py for tasks to queue
[2024-07-15T10:14:46.752+0100] {logging_mixin.py:188} INFO - [2024-07-15T10:14:46.750+0100] {dagbag.py:545} INFO - Filling up the DagBag from /home/victor/airflow_env/lib/python3.10/site-packages/airflow/example_dags/example_dynamic_task_mapping_with_no_taskflow_operators.py
[2024-07-15T10:14:46.783+0100] {processor.py:840} INFO - DAG(s) 'example_dynamic_task_mapping_with_no_taskflow_operators' retrieved from /home/victor/airflow_env/lib/python3.10/site-packages/airflow/example_dags/example_dynamic_task_mapping_with_no_taskflow_operators.py
[2024-07-15T10:14:46.879+0100] {logging_mixin.py:188} INFO - [2024-07-15T10:14:46.877+0100] {dag.py:3096} INFO - Sync 1 DAGs
[2024-07-15T10:14:47.005+0100] {logging_mixin.py:188} INFO - [2024-07-15T10:14:47.004+0100] {dag.py:3954} INFO - Setting next_dagrun for example_dynamic_task_mapping_with_no_taskflow_operators to 2024-07-14 00:00:00+00:00, run_after=2024-07-15 00:00:00+00:00
[2024-07-15T10:14:47.300+0100] {processor.py:183} INFO - Processing /home/victor/airflow_env/lib/python3.10/site-packages/airflow/example_dags/example_dynamic_task_mapping_with_no_taskflow_operators.py took 0.589 seconds
[2024-07-15T10:17:44.721+0100] {processor.py:161} INFO - Started process (PID=22031) to work on /home/victor/airflow_env/lib/python3.10/site-packages/airflow/example_dags/example_dynamic_task_mapping_with_no_taskflow_operators.py
[2024-07-15T10:17:44.725+0100] {processor.py:830} INFO - Processing file /home/victor/airflow_env/lib/python3.10/site-packages/airflow/example_dags/example_dynamic_task_mapping_with_no_taskflow_operators.py for tasks to queue
[2024-07-15T10:17:44.734+0100] {logging_mixin.py:188} INFO - [2024-07-15T10:17:44.731+0100] {dagbag.py:545} INFO - Filling up the DagBag from /home/victor/airflow_env/lib/python3.10/site-packages/airflow/example_dags/example_dynamic_task_mapping_with_no_taskflow_operators.py
[2024-07-15T10:17:44.763+0100] {processor.py:840} INFO - DAG(s) 'example_dynamic_task_mapping_with_no_taskflow_operators' retrieved from /home/victor/airflow_env/lib/python3.10/site-packages/airflow/example_dags/example_dynamic_task_mapping_with_no_taskflow_operators.py
[2024-07-15T10:17:44.852+0100] {logging_mixin.py:188} INFO - [2024-07-15T10:17:44.851+0100] {dag.py:3096} INFO - Sync 1 DAGs
[2024-07-15T10:17:44.958+0100] {logging_mixin.py:188} INFO - [2024-07-15T10:17:44.957+0100] {dag.py:3954} INFO - Setting next_dagrun for example_dynamic_task_mapping_with_no_taskflow_operators to 2024-07-14 00:00:00+00:00, run_after=2024-07-15 00:00:00+00:00
[2024-07-15T10:17:45.367+0100] {processor.py:183} INFO - Processing /home/victor/airflow_env/lib/python3.10/site-packages/airflow/example_dags/example_dynamic_task_mapping_with_no_taskflow_operators.py took 0.672 seconds
[2024-07-15T10:21:05.275+0100] {processor.py:161} INFO - Started process (PID=23392) to work on /home/victor/airflow_env/lib/python3.10/site-packages/airflow/example_dags/example_dynamic_task_mapping_with_no_taskflow_operators.py
[2024-07-15T10:21:05.279+0100] {processor.py:830} INFO - Processing file /home/victor/airflow_env/lib/python3.10/site-packages/airflow/example_dags/example_dynamic_task_mapping_with_no_taskflow_operators.py for tasks to queue
[2024-07-15T10:21:05.288+0100] {logging_mixin.py:188} INFO - [2024-07-15T10:21:05.286+0100] {dagbag.py:545} INFO - Filling up the DagBag from /home/victor/airflow_env/lib/python3.10/site-packages/airflow/example_dags/example_dynamic_task_mapping_with_no_taskflow_operators.py
[2024-07-15T10:21:05.322+0100] {processor.py:840} INFO - DAG(s) 'example_dynamic_task_mapping_with_no_taskflow_operators' retrieved from /home/victor/airflow_env/lib/python3.10/site-packages/airflow/example_dags/example_dynamic_task_mapping_with_no_taskflow_operators.py
[2024-07-15T10:21:05.427+0100] {logging_mixin.py:188} INFO - [2024-07-15T10:21:05.426+0100] {dag.py:3096} INFO - Sync 1 DAGs
[2024-07-15T10:21:05.548+0100] {logging_mixin.py:188} INFO - [2024-07-15T10:21:05.547+0100] {dag.py:3954} INFO - Setting next_dagrun for example_dynamic_task_mapping_with_no_taskflow_operators to 2024-07-14 00:00:00+00:00, run_after=2024-07-15 00:00:00+00:00
[2024-07-15T10:21:05.834+0100] {processor.py:183} INFO - Processing /home/victor/airflow_env/lib/python3.10/site-packages/airflow/example_dags/example_dynamic_task_mapping_with_no_taskflow_operators.py took 0.593 seconds
[2024-07-15T10:25:00.767+0100] {processor.py:161} INFO - Started process (PID=25289) to work on /home/victor/airflow_env/lib/python3.10/site-packages/airflow/example_dags/example_dynamic_task_mapping_with_no_taskflow_operators.py
[2024-07-15T10:25:00.773+0100] {processor.py:830} INFO - Processing file /home/victor/airflow_env/lib/python3.10/site-packages/airflow/example_dags/example_dynamic_task_mapping_with_no_taskflow_operators.py for tasks to queue
[2024-07-15T10:25:00.782+0100] {logging_mixin.py:188} INFO - [2024-07-15T10:25:00.780+0100] {dagbag.py:545} INFO - Filling up the DagBag from /home/victor/airflow_env/lib/python3.10/site-packages/airflow/example_dags/example_dynamic_task_mapping_with_no_taskflow_operators.py
[2024-07-15T10:25:00.817+0100] {processor.py:840} INFO - DAG(s) 'example_dynamic_task_mapping_with_no_taskflow_operators' retrieved from /home/victor/airflow_env/lib/python3.10/site-packages/airflow/example_dags/example_dynamic_task_mapping_with_no_taskflow_operators.py
[2024-07-15T10:25:00.927+0100] {logging_mixin.py:188} INFO - [2024-07-15T10:25:00.927+0100] {dag.py:3096} INFO - Sync 1 DAGs
[2024-07-15T10:25:01.053+0100] {logging_mixin.py:188} INFO - [2024-07-15T10:25:01.052+0100] {dag.py:3954} INFO - Setting next_dagrun for example_dynamic_task_mapping_with_no_taskflow_operators to 2024-07-14 00:00:00+00:00, run_after=2024-07-15 00:00:00+00:00
[2024-07-15T10:25:01.364+0100] {processor.py:183} INFO - Processing /home/victor/airflow_env/lib/python3.10/site-packages/airflow/example_dags/example_dynamic_task_mapping_with_no_taskflow_operators.py took 0.631 seconds
[2024-07-15T10:28:20.038+0100] {processor.py:161} INFO - Started process (PID=26593) to work on /home/victor/airflow_env/lib/python3.10/site-packages/airflow/example_dags/example_dynamic_task_mapping_with_no_taskflow_operators.py
[2024-07-15T10:28:20.043+0100] {processor.py:830} INFO - Processing file /home/victor/airflow_env/lib/python3.10/site-packages/airflow/example_dags/example_dynamic_task_mapping_with_no_taskflow_operators.py for tasks to queue
[2024-07-15T10:28:20.054+0100] {logging_mixin.py:188} INFO - [2024-07-15T10:28:20.052+0100] {dagbag.py:545} INFO - Filling up the DagBag from /home/victor/airflow_env/lib/python3.10/site-packages/airflow/example_dags/example_dynamic_task_mapping_with_no_taskflow_operators.py
[2024-07-15T10:28:20.089+0100] {processor.py:840} INFO - DAG(s) 'example_dynamic_task_mapping_with_no_taskflow_operators' retrieved from /home/victor/airflow_env/lib/python3.10/site-packages/airflow/example_dags/example_dynamic_task_mapping_with_no_taskflow_operators.py
[2024-07-15T10:28:20.201+0100] {logging_mixin.py:188} INFO - [2024-07-15T10:28:20.199+0100] {dag.py:3096} INFO - Sync 1 DAGs
[2024-07-15T10:28:20.320+0100] {logging_mixin.py:188} INFO - [2024-07-15T10:28:20.319+0100] {dag.py:3954} INFO - Setting next_dagrun for example_dynamic_task_mapping_with_no_taskflow_operators to 2024-07-14 00:00:00+00:00, run_after=2024-07-15 00:00:00+00:00
[2024-07-15T10:28:20.651+0100] {processor.py:183} INFO - Processing /home/victor/airflow_env/lib/python3.10/site-packages/airflow/example_dags/example_dynamic_task_mapping_with_no_taskflow_operators.py took 0.679 seconds
[2024-07-15T10:30:50.189+0100] {processor.py:161} INFO - Started process (PID=27389) to work on /home/victor/airflow_env/lib/python3.10/site-packages/airflow/example_dags/example_dynamic_task_mapping_with_no_taskflow_operators.py
[2024-07-15T10:30:50.193+0100] {processor.py:830} INFO - Processing file /home/victor/airflow_env/lib/python3.10/site-packages/airflow/example_dags/example_dynamic_task_mapping_with_no_taskflow_operators.py for tasks to queue
[2024-07-15T10:30:50.200+0100] {logging_mixin.py:188} INFO - [2024-07-15T10:30:50.199+0100] {dagbag.py:545} INFO - Filling up the DagBag from /home/victor/airflow_env/lib/python3.10/site-packages/airflow/example_dags/example_dynamic_task_mapping_with_no_taskflow_operators.py
[2024-07-15T10:30:50.227+0100] {processor.py:840} INFO - DAG(s) 'example_dynamic_task_mapping_with_no_taskflow_operators' retrieved from /home/victor/airflow_env/lib/python3.10/site-packages/airflow/example_dags/example_dynamic_task_mapping_with_no_taskflow_operators.py
[2024-07-15T10:30:50.342+0100] {logging_mixin.py:188} INFO - [2024-07-15T10:30:50.341+0100] {dag.py:3096} INFO - Sync 1 DAGs
[2024-07-15T10:30:50.472+0100] {logging_mixin.py:188} INFO - [2024-07-15T10:30:50.471+0100] {dag.py:3954} INFO - Setting next_dagrun for example_dynamic_task_mapping_with_no_taskflow_operators to 2024-07-14 00:00:00+00:00, run_after=2024-07-15 00:00:00+00:00
[2024-07-15T10:30:50.806+0100] {processor.py:183} INFO - Processing /home/victor/airflow_env/lib/python3.10/site-packages/airflow/example_dags/example_dynamic_task_mapping_with_no_taskflow_operators.py took 0.643 seconds
[2024-07-15T10:33:49.163+0100] {processor.py:161} INFO - Started process (PID=28521) to work on /home/victor/airflow_env/lib/python3.10/site-packages/airflow/example_dags/example_dynamic_task_mapping_with_no_taskflow_operators.py
[2024-07-15T10:33:49.169+0100] {processor.py:830} INFO - Processing file /home/victor/airflow_env/lib/python3.10/site-packages/airflow/example_dags/example_dynamic_task_mapping_with_no_taskflow_operators.py for tasks to queue
[2024-07-15T10:33:49.188+0100] {logging_mixin.py:188} INFO - [2024-07-15T10:33:49.185+0100] {dagbag.py:545} INFO - Filling up the DagBag from /home/victor/airflow_env/lib/python3.10/site-packages/airflow/example_dags/example_dynamic_task_mapping_with_no_taskflow_operators.py
[2024-07-15T10:33:49.309+0100] {processor.py:840} INFO - DAG(s) 'example_dynamic_task_mapping_with_no_taskflow_operators' retrieved from /home/victor/airflow_env/lib/python3.10/site-packages/airflow/example_dags/example_dynamic_task_mapping_with_no_taskflow_operators.py
[2024-07-15T10:33:49.637+0100] {logging_mixin.py:188} INFO - [2024-07-15T10:33:49.635+0100] {dag.py:3096} INFO - Sync 1 DAGs
[2024-07-15T10:33:49.881+0100] {logging_mixin.py:188} INFO - [2024-07-15T10:33:49.880+0100] {dag.py:3954} INFO - Setting next_dagrun for example_dynamic_task_mapping_with_no_taskflow_operators to 2024-07-14 00:00:00+00:00, run_after=2024-07-15 00:00:00+00:00
[2024-07-15T10:33:50.460+0100] {processor.py:183} INFO - Processing /home/victor/airflow_env/lib/python3.10/site-packages/airflow/example_dags/example_dynamic_task_mapping_with_no_taskflow_operators.py took 1.358 seconds
[2024-07-15T10:36:29.550+0100] {processor.py:161} INFO - Started process (PID=29472) to work on /home/victor/airflow_env/lib/python3.10/site-packages/airflow/example_dags/example_dynamic_task_mapping_with_no_taskflow_operators.py
[2024-07-15T10:36:29.554+0100] {processor.py:830} INFO - Processing file /home/victor/airflow_env/lib/python3.10/site-packages/airflow/example_dags/example_dynamic_task_mapping_with_no_taskflow_operators.py for tasks to queue
[2024-07-15T10:36:29.563+0100] {logging_mixin.py:188} INFO - [2024-07-15T10:36:29.560+0100] {dagbag.py:545} INFO - Filling up the DagBag from /home/victor/airflow_env/lib/python3.10/site-packages/airflow/example_dags/example_dynamic_task_mapping_with_no_taskflow_operators.py
[2024-07-15T10:36:29.605+0100] {processor.py:840} INFO - DAG(s) 'example_dynamic_task_mapping_with_no_taskflow_operators' retrieved from /home/victor/airflow_env/lib/python3.10/site-packages/airflow/example_dags/example_dynamic_task_mapping_with_no_taskflow_operators.py
[2024-07-15T10:36:29.734+0100] {logging_mixin.py:188} INFO - [2024-07-15T10:36:29.733+0100] {dag.py:3096} INFO - Sync 1 DAGs
[2024-07-15T10:36:29.879+0100] {logging_mixin.py:188} INFO - [2024-07-15T10:36:29.877+0100] {dag.py:3954} INFO - Setting next_dagrun for example_dynamic_task_mapping_with_no_taskflow_operators to 2024-07-14 00:00:00+00:00, run_after=2024-07-15 00:00:00+00:00
[2024-07-15T10:36:30.227+0100] {processor.py:183} INFO - Processing /home/victor/airflow_env/lib/python3.10/site-packages/airflow/example_dags/example_dynamic_task_mapping_with_no_taskflow_operators.py took 0.709 seconds
[2024-07-15T10:38:16.494+0100] {processor.py:161} INFO - Started process (PID=30066) to work on /home/victor/airflow_env/lib/python3.10/site-packages/airflow/example_dags/example_dynamic_task_mapping_with_no_taskflow_operators.py
[2024-07-15T10:38:16.502+0100] {processor.py:830} INFO - Processing file /home/victor/airflow_env/lib/python3.10/site-packages/airflow/example_dags/example_dynamic_task_mapping_with_no_taskflow_operators.py for tasks to queue
[2024-07-15T10:38:16.509+0100] {logging_mixin.py:188} INFO - [2024-07-15T10:38:16.507+0100] {dagbag.py:545} INFO - Filling up the DagBag from /home/victor/airflow_env/lib/python3.10/site-packages/airflow/example_dags/example_dynamic_task_mapping_with_no_taskflow_operators.py
[2024-07-15T10:38:16.541+0100] {processor.py:840} INFO - DAG(s) 'example_dynamic_task_mapping_with_no_taskflow_operators' retrieved from /home/victor/airflow_env/lib/python3.10/site-packages/airflow/example_dags/example_dynamic_task_mapping_with_no_taskflow_operators.py
[2024-07-15T10:38:16.646+0100] {logging_mixin.py:188} INFO - [2024-07-15T10:38:16.645+0100] {dag.py:3096} INFO - Sync 1 DAGs
[2024-07-15T10:38:16.784+0100] {logging_mixin.py:188} INFO - [2024-07-15T10:38:16.783+0100] {dag.py:3954} INFO - Setting next_dagrun for example_dynamic_task_mapping_with_no_taskflow_operators to 2024-07-14 00:00:00+00:00, run_after=2024-07-15 00:00:00+00:00
[2024-07-15T10:38:17.119+0100] {processor.py:183} INFO - Processing /home/victor/airflow_env/lib/python3.10/site-packages/airflow/example_dags/example_dynamic_task_mapping_with_no_taskflow_operators.py took 0.653 seconds
[2024-07-15T10:40:44.281+0100] {processor.py:161} INFO - Started process (PID=30827) to work on /home/victor/airflow_env/lib/python3.10/site-packages/airflow/example_dags/example_dynamic_task_mapping_with_no_taskflow_operators.py
[2024-07-15T10:40:44.284+0100] {processor.py:830} INFO - Processing file /home/victor/airflow_env/lib/python3.10/site-packages/airflow/example_dags/example_dynamic_task_mapping_with_no_taskflow_operators.py for tasks to queue
[2024-07-15T10:40:44.292+0100] {logging_mixin.py:188} INFO - [2024-07-15T10:40:44.290+0100] {dagbag.py:545} INFO - Filling up the DagBag from /home/victor/airflow_env/lib/python3.10/site-packages/airflow/example_dags/example_dynamic_task_mapping_with_no_taskflow_operators.py
[2024-07-15T10:40:44.319+0100] {processor.py:840} INFO - DAG(s) 'example_dynamic_task_mapping_with_no_taskflow_operators' retrieved from /home/victor/airflow_env/lib/python3.10/site-packages/airflow/example_dags/example_dynamic_task_mapping_with_no_taskflow_operators.py
[2024-07-15T10:40:44.402+0100] {logging_mixin.py:188} INFO - [2024-07-15T10:40:44.401+0100] {dag.py:3096} INFO - Sync 1 DAGs
[2024-07-15T10:40:44.515+0100] {logging_mixin.py:188} INFO - [2024-07-15T10:40:44.514+0100] {dag.py:3954} INFO - Setting next_dagrun for example_dynamic_task_mapping_with_no_taskflow_operators to 2024-07-14 00:00:00+00:00, run_after=2024-07-15 00:00:00+00:00
[2024-07-15T10:40:44.799+0100] {processor.py:183} INFO - Processing /home/victor/airflow_env/lib/python3.10/site-packages/airflow/example_dags/example_dynamic_task_mapping_with_no_taskflow_operators.py took 0.548 seconds
[2024-07-15T10:43:19.882+0100] {processor.py:161} INFO - Started process (PID=31655) to work on /home/victor/airflow_env/lib/python3.10/site-packages/airflow/example_dags/example_dynamic_task_mapping_with_no_taskflow_operators.py
[2024-07-15T10:43:19.886+0100] {processor.py:830} INFO - Processing file /home/victor/airflow_env/lib/python3.10/site-packages/airflow/example_dags/example_dynamic_task_mapping_with_no_taskflow_operators.py for tasks to queue
[2024-07-15T10:43:19.895+0100] {logging_mixin.py:188} INFO - [2024-07-15T10:43:19.893+0100] {dagbag.py:545} INFO - Filling up the DagBag from /home/victor/airflow_env/lib/python3.10/site-packages/airflow/example_dags/example_dynamic_task_mapping_with_no_taskflow_operators.py
[2024-07-15T10:43:19.929+0100] {processor.py:840} INFO - DAG(s) 'example_dynamic_task_mapping_with_no_taskflow_operators' retrieved from /home/victor/airflow_env/lib/python3.10/site-packages/airflow/example_dags/example_dynamic_task_mapping_with_no_taskflow_operators.py
[2024-07-15T10:43:20.064+0100] {logging_mixin.py:188} INFO - [2024-07-15T10:43:20.063+0100] {dag.py:3096} INFO - Sync 1 DAGs
[2024-07-15T10:43:20.190+0100] {logging_mixin.py:188} INFO - [2024-07-15T10:43:20.188+0100] {dag.py:3954} INFO - Setting next_dagrun for example_dynamic_task_mapping_with_no_taskflow_operators to 2024-07-14 00:00:00+00:00, run_after=2024-07-15 00:00:00+00:00
[2024-07-15T10:43:20.576+0100] {processor.py:183} INFO - Processing /home/victor/airflow_env/lib/python3.10/site-packages/airflow/example_dags/example_dynamic_task_mapping_with_no_taskflow_operators.py took 0.723 seconds
[2024-07-15T10:45:44.723+0100] {processor.py:161} INFO - Started process (PID=32407) to work on /home/victor/airflow_env/lib/python3.10/site-packages/airflow/example_dags/example_dynamic_task_mapping_with_no_taskflow_operators.py
[2024-07-15T10:45:44.727+0100] {processor.py:830} INFO - Processing file /home/victor/airflow_env/lib/python3.10/site-packages/airflow/example_dags/example_dynamic_task_mapping_with_no_taskflow_operators.py for tasks to queue
[2024-07-15T10:45:44.733+0100] {logging_mixin.py:188} INFO - [2024-07-15T10:45:44.732+0100] {dagbag.py:545} INFO - Filling up the DagBag from /home/victor/airflow_env/lib/python3.10/site-packages/airflow/example_dags/example_dynamic_task_mapping_with_no_taskflow_operators.py
[2024-07-15T10:45:44.760+0100] {processor.py:840} INFO - DAG(s) 'example_dynamic_task_mapping_with_no_taskflow_operators' retrieved from /home/victor/airflow_env/lib/python3.10/site-packages/airflow/example_dags/example_dynamic_task_mapping_with_no_taskflow_operators.py
[2024-07-15T10:45:44.857+0100] {logging_mixin.py:188} INFO - [2024-07-15T10:45:44.856+0100] {dag.py:3096} INFO - Sync 1 DAGs
[2024-07-15T10:45:44.961+0100] {logging_mixin.py:188} INFO - [2024-07-15T10:45:44.960+0100] {dag.py:3954} INFO - Setting next_dagrun for example_dynamic_task_mapping_with_no_taskflow_operators to 2024-07-14 00:00:00+00:00, run_after=2024-07-15 00:00:00+00:00
[2024-07-15T10:45:45.227+0100] {processor.py:183} INFO - Processing /home/victor/airflow_env/lib/python3.10/site-packages/airflow/example_dags/example_dynamic_task_mapping_with_no_taskflow_operators.py took 0.529 seconds
[2024-07-15T10:48:21.784+0100] {processor.py:161} INFO - Started process (PID=33249) to work on /home/victor/airflow_env/lib/python3.10/site-packages/airflow/example_dags/example_dynamic_task_mapping_with_no_taskflow_operators.py
[2024-07-15T10:48:21.789+0100] {processor.py:830} INFO - Processing file /home/victor/airflow_env/lib/python3.10/site-packages/airflow/example_dags/example_dynamic_task_mapping_with_no_taskflow_operators.py for tasks to queue
[2024-07-15T10:48:21.803+0100] {logging_mixin.py:188} INFO - [2024-07-15T10:48:21.801+0100] {dagbag.py:545} INFO - Filling up the DagBag from /home/victor/airflow_env/lib/python3.10/site-packages/airflow/example_dags/example_dynamic_task_mapping_with_no_taskflow_operators.py
[2024-07-15T10:48:21.837+0100] {processor.py:840} INFO - DAG(s) 'example_dynamic_task_mapping_with_no_taskflow_operators' retrieved from /home/victor/airflow_env/lib/python3.10/site-packages/airflow/example_dags/example_dynamic_task_mapping_with_no_taskflow_operators.py
[2024-07-15T10:48:21.948+0100] {logging_mixin.py:188} INFO - [2024-07-15T10:48:21.947+0100] {dag.py:3096} INFO - Sync 1 DAGs
[2024-07-15T10:48:22.086+0100] {logging_mixin.py:188} INFO - [2024-07-15T10:48:22.085+0100] {dag.py:3954} INFO - Setting next_dagrun for example_dynamic_task_mapping_with_no_taskflow_operators to 2024-07-14 00:00:00+00:00, run_after=2024-07-15 00:00:00+00:00
[2024-07-15T10:48:22.478+0100] {processor.py:183} INFO - Processing /home/victor/airflow_env/lib/python3.10/site-packages/airflow/example_dags/example_dynamic_task_mapping_with_no_taskflow_operators.py took 0.723 seconds
