[2024-07-15T09:49:19.618+0100] {processor.py:161} INFO - Started process (PID=10785) to work on /home/victor/airflow_env/lib/python3.10/site-packages/airflow/example_dags/example_external_task_marker_dag.py
[2024-07-15T09:49:19.625+0100] {processor.py:830} INFO - Processing file /home/victor/airflow_env/lib/python3.10/site-packages/airflow/example_dags/example_external_task_marker_dag.py for tasks to queue
[2024-07-15T09:49:19.632+0100] {logging_mixin.py:188} INFO - [2024-07-15T09:49:19.630+0100] {dagbag.py:545} INFO - Filling up the DagBag from /home/victor/airflow_env/lib/python3.10/site-packages/airflow/example_dags/example_external_task_marker_dag.py
[2024-07-15T09:49:19.688+0100] {processor.py:840} INFO - DAG(s) 'example_external_task_marker_parent', 'example_external_task_marker_child' retrieved from /home/victor/airflow_env/lib/python3.10/site-packages/airflow/example_dags/example_external_task_marker_dag.py
[2024-07-15T09:49:19.837+0100] {logging_mixin.py:188} INFO - [2024-07-15T09:49:19.836+0100] {dag.py:3096} INFO - Sync 2 DAGs
[2024-07-15T09:49:19.922+0100] {logging_mixin.py:188} INFO - [2024-07-15T09:49:19.920+0100] {dag.py:3954} INFO - Setting next_dagrun for example_external_task_marker_child to None, run_after=None
[2024-07-15T09:49:19.978+0100] {logging_mixin.py:188} INFO - [2024-07-15T09:49:19.976+0100] {dag.py:3954} INFO - Setting next_dagrun for example_external_task_marker_parent to None, run_after=None
[2024-07-15T09:49:20.367+0100] {processor.py:183} INFO - Processing /home/victor/airflow_env/lib/python3.10/site-packages/airflow/example_dags/example_external_task_marker_dag.py took 0.778 seconds
[2024-07-15T09:51:12.568+0100] {processor.py:161} INFO - Started process (PID=11431) to work on /home/victor/airflow_env/lib/python3.10/site-packages/airflow/example_dags/example_external_task_marker_dag.py
[2024-07-15T09:51:12.572+0100] {processor.py:830} INFO - Processing file /home/victor/airflow_env/lib/python3.10/site-packages/airflow/example_dags/example_external_task_marker_dag.py for tasks to queue
[2024-07-15T09:51:12.579+0100] {logging_mixin.py:188} INFO - [2024-07-15T09:51:12.577+0100] {dagbag.py:545} INFO - Filling up the DagBag from /home/victor/airflow_env/lib/python3.10/site-packages/airflow/example_dags/example_external_task_marker_dag.py
[2024-07-15T09:51:12.610+0100] {processor.py:840} INFO - DAG(s) 'example_external_task_marker_parent', 'example_external_task_marker_child' retrieved from /home/victor/airflow_env/lib/python3.10/site-packages/airflow/example_dags/example_external_task_marker_dag.py
[2024-07-15T09:51:12.732+0100] {logging_mixin.py:188} INFO - [2024-07-15T09:51:12.731+0100] {dag.py:3096} INFO - Sync 2 DAGs
[2024-07-15T09:51:12.809+0100] {logging_mixin.py:188} INFO - [2024-07-15T09:51:12.808+0100] {dag.py:3954} INFO - Setting next_dagrun for example_external_task_marker_child to None, run_after=None
[2024-07-15T09:51:12.829+0100] {logging_mixin.py:188} INFO - [2024-07-15T09:51:12.828+0100] {dag.py:3954} INFO - Setting next_dagrun for example_external_task_marker_parent to None, run_after=None
[2024-07-15T09:51:13.118+0100] {processor.py:183} INFO - Processing /home/victor/airflow_env/lib/python3.10/site-packages/airflow/example_dags/example_external_task_marker_dag.py took 0.575 seconds
[2024-07-15T09:54:39.441+0100] {processor.py:161} INFO - Started process (PID=12831) to work on /home/victor/airflow_env/lib/python3.10/site-packages/airflow/example_dags/example_external_task_marker_dag.py
[2024-07-15T09:54:39.445+0100] {processor.py:830} INFO - Processing file /home/victor/airflow_env/lib/python3.10/site-packages/airflow/example_dags/example_external_task_marker_dag.py for tasks to queue
[2024-07-15T09:54:39.454+0100] {logging_mixin.py:188} INFO - [2024-07-15T09:54:39.453+0100] {dagbag.py:545} INFO - Filling up the DagBag from /home/victor/airflow_env/lib/python3.10/site-packages/airflow/example_dags/example_external_task_marker_dag.py
[2024-07-15T09:54:39.483+0100] {processor.py:840} INFO - DAG(s) 'example_external_task_marker_parent', 'example_external_task_marker_child' retrieved from /home/victor/airflow_env/lib/python3.10/site-packages/airflow/example_dags/example_external_task_marker_dag.py
[2024-07-15T09:54:39.613+0100] {logging_mixin.py:188} INFO - [2024-07-15T09:54:39.612+0100] {dag.py:3096} INFO - Sync 2 DAGs
[2024-07-15T09:54:39.681+0100] {logging_mixin.py:188} INFO - [2024-07-15T09:54:39.680+0100] {dag.py:3954} INFO - Setting next_dagrun for example_external_task_marker_child to None, run_after=None
[2024-07-15T09:54:39.707+0100] {logging_mixin.py:188} INFO - [2024-07-15T09:54:39.706+0100] {dag.py:3954} INFO - Setting next_dagrun for example_external_task_marker_parent to None, run_after=None
[2024-07-15T09:54:40.058+0100] {processor.py:183} INFO - Processing /home/victor/airflow_env/lib/python3.10/site-packages/airflow/example_dags/example_external_task_marker_dag.py took 0.643 seconds
[2024-07-15T09:57:47.845+0100] {processor.py:161} INFO - Started process (PID=14284) to work on /home/victor/airflow_env/lib/python3.10/site-packages/airflow/example_dags/example_external_task_marker_dag.py
[2024-07-15T09:57:47.851+0100] {processor.py:830} INFO - Processing file /home/victor/airflow_env/lib/python3.10/site-packages/airflow/example_dags/example_external_task_marker_dag.py for tasks to queue
[2024-07-15T09:57:47.859+0100] {logging_mixin.py:188} INFO - [2024-07-15T09:57:47.857+0100] {dagbag.py:545} INFO - Filling up the DagBag from /home/victor/airflow_env/lib/python3.10/site-packages/airflow/example_dags/example_external_task_marker_dag.py
[2024-07-15T09:57:47.898+0100] {processor.py:840} INFO - DAG(s) 'example_external_task_marker_child', 'example_external_task_marker_parent' retrieved from /home/victor/airflow_env/lib/python3.10/site-packages/airflow/example_dags/example_external_task_marker_dag.py
[2024-07-15T09:57:48.051+0100] {logging_mixin.py:188} INFO - [2024-07-15T09:57:48.050+0100] {dag.py:3096} INFO - Sync 2 DAGs
[2024-07-15T09:57:48.132+0100] {logging_mixin.py:188} INFO - [2024-07-15T09:57:48.131+0100] {dag.py:3954} INFO - Setting next_dagrun for example_external_task_marker_child to None, run_after=None
[2024-07-15T09:57:48.160+0100] {logging_mixin.py:188} INFO - [2024-07-15T09:57:48.158+0100] {dag.py:3954} INFO - Setting next_dagrun for example_external_task_marker_parent to None, run_after=None
[2024-07-15T09:57:48.555+0100] {processor.py:183} INFO - Processing /home/victor/airflow_env/lib/python3.10/site-packages/airflow/example_dags/example_external_task_marker_dag.py took 0.744 seconds
[2024-07-15T10:00:39.615+0100] {processor.py:161} INFO - Started process (PID=15348) to work on /home/victor/airflow_env/lib/python3.10/site-packages/airflow/example_dags/example_external_task_marker_dag.py
[2024-07-15T10:00:39.619+0100] {processor.py:830} INFO - Processing file /home/victor/airflow_env/lib/python3.10/site-packages/airflow/example_dags/example_external_task_marker_dag.py for tasks to queue
[2024-07-15T10:00:39.626+0100] {logging_mixin.py:188} INFO - [2024-07-15T10:00:39.625+0100] {dagbag.py:545} INFO - Filling up the DagBag from /home/victor/airflow_env/lib/python3.10/site-packages/airflow/example_dags/example_external_task_marker_dag.py
[2024-07-15T10:00:39.659+0100] {processor.py:840} INFO - DAG(s) 'example_external_task_marker_child', 'example_external_task_marker_parent' retrieved from /home/victor/airflow_env/lib/python3.10/site-packages/airflow/example_dags/example_external_task_marker_dag.py
[2024-07-15T10:00:39.785+0100] {logging_mixin.py:188} INFO - [2024-07-15T10:00:39.784+0100] {dag.py:3096} INFO - Sync 2 DAGs
[2024-07-15T10:00:39.898+0100] {logging_mixin.py:188} INFO - [2024-07-15T10:00:39.897+0100] {dag.py:3954} INFO - Setting next_dagrun for example_external_task_marker_child to None, run_after=None
[2024-07-15T10:00:39.956+0100] {logging_mixin.py:188} INFO - [2024-07-15T10:00:39.955+0100] {dag.py:3954} INFO - Setting next_dagrun for example_external_task_marker_parent to None, run_after=None
[2024-07-15T10:00:40.845+0100] {processor.py:183} INFO - Processing /home/victor/airflow_env/lib/python3.10/site-packages/airflow/example_dags/example_external_task_marker_dag.py took 1.255 seconds
[2024-07-15T10:03:24.318+0100] {processor.py:161} INFO - Started process (PID=16771) to work on /home/victor/airflow_env/lib/python3.10/site-packages/airflow/example_dags/example_external_task_marker_dag.py
[2024-07-15T10:03:24.328+0100] {processor.py:830} INFO - Processing file /home/victor/airflow_env/lib/python3.10/site-packages/airflow/example_dags/example_external_task_marker_dag.py for tasks to queue
[2024-07-15T10:03:24.337+0100] {logging_mixin.py:188} INFO - [2024-07-15T10:03:24.335+0100] {dagbag.py:545} INFO - Filling up the DagBag from /home/victor/airflow_env/lib/python3.10/site-packages/airflow/example_dags/example_external_task_marker_dag.py
[2024-07-15T10:03:24.389+0100] {processor.py:840} INFO - DAG(s) 'example_external_task_marker_child', 'example_external_task_marker_parent' retrieved from /home/victor/airflow_env/lib/python3.10/site-packages/airflow/example_dags/example_external_task_marker_dag.py
[2024-07-15T10:03:24.560+0100] {logging_mixin.py:188} INFO - [2024-07-15T10:03:24.557+0100] {dag.py:3096} INFO - Sync 2 DAGs
[2024-07-15T10:03:24.719+0100] {logging_mixin.py:188} INFO - [2024-07-15T10:03:24.718+0100] {dag.py:3954} INFO - Setting next_dagrun for example_external_task_marker_child to None, run_after=None
[2024-07-15T10:03:24.749+0100] {logging_mixin.py:188} INFO - [2024-07-15T10:03:24.748+0100] {dag.py:3954} INFO - Setting next_dagrun for example_external_task_marker_parent to None, run_after=None
[2024-07-15T10:03:25.021+0100] {processor.py:183} INFO - Processing /home/victor/airflow_env/lib/python3.10/site-packages/airflow/example_dags/example_external_task_marker_dag.py took 0.732 seconds
[2024-07-15T10:05:47.093+0100] {processor.py:161} INFO - Started process (PID=17545) to work on /home/victor/airflow_env/lib/python3.10/site-packages/airflow/example_dags/example_external_task_marker_dag.py
[2024-07-15T10:05:47.097+0100] {processor.py:830} INFO - Processing file /home/victor/airflow_env/lib/python3.10/site-packages/airflow/example_dags/example_external_task_marker_dag.py for tasks to queue
[2024-07-15T10:05:47.111+0100] {logging_mixin.py:188} INFO - [2024-07-15T10:05:47.106+0100] {dagbag.py:545} INFO - Filling up the DagBag from /home/victor/airflow_env/lib/python3.10/site-packages/airflow/example_dags/example_external_task_marker_dag.py
[2024-07-15T10:05:47.168+0100] {processor.py:840} INFO - DAG(s) 'example_external_task_marker_parent', 'example_external_task_marker_child' retrieved from /home/victor/airflow_env/lib/python3.10/site-packages/airflow/example_dags/example_external_task_marker_dag.py
[2024-07-15T10:05:47.451+0100] {logging_mixin.py:188} INFO - [2024-07-15T10:05:47.449+0100] {dag.py:3096} INFO - Sync 2 DAGs
[2024-07-15T10:05:47.649+0100] {logging_mixin.py:188} INFO - [2024-07-15T10:05:47.648+0100] {dag.py:3954} INFO - Setting next_dagrun for example_external_task_marker_child to None, run_after=None
[2024-07-15T10:05:47.689+0100] {logging_mixin.py:188} INFO - [2024-07-15T10:05:47.688+0100] {dag.py:3954} INFO - Setting next_dagrun for example_external_task_marker_parent to None, run_after=None
[2024-07-15T10:05:48.158+0100] {processor.py:183} INFO - Processing /home/victor/airflow_env/lib/python3.10/site-packages/airflow/example_dags/example_external_task_marker_dag.py took 1.102 seconds
[2024-07-15T10:09:01.153+0100] {processor.py:161} INFO - Started process (PID=18874) to work on /home/victor/airflow_env/lib/python3.10/site-packages/airflow/example_dags/example_external_task_marker_dag.py
[2024-07-15T10:09:01.157+0100] {processor.py:830} INFO - Processing file /home/victor/airflow_env/lib/python3.10/site-packages/airflow/example_dags/example_external_task_marker_dag.py for tasks to queue
[2024-07-15T10:09:01.165+0100] {logging_mixin.py:188} INFO - [2024-07-15T10:09:01.162+0100] {dagbag.py:545} INFO - Filling up the DagBag from /home/victor/airflow_env/lib/python3.10/site-packages/airflow/example_dags/example_external_task_marker_dag.py
[2024-07-15T10:09:01.194+0100] {processor.py:840} INFO - DAG(s) 'example_external_task_marker_child', 'example_external_task_marker_parent' retrieved from /home/victor/airflow_env/lib/python3.10/site-packages/airflow/example_dags/example_external_task_marker_dag.py
[2024-07-15T10:09:01.340+0100] {logging_mixin.py:188} INFO - [2024-07-15T10:09:01.340+0100] {dag.py:3096} INFO - Sync 2 DAGs
[2024-07-15T10:09:01.430+0100] {logging_mixin.py:188} INFO - [2024-07-15T10:09:01.428+0100] {dag.py:3954} INFO - Setting next_dagrun for example_external_task_marker_child to None, run_after=None
[2024-07-15T10:09:01.458+0100] {logging_mixin.py:188} INFO - [2024-07-15T10:09:01.457+0100] {dag.py:3954} INFO - Setting next_dagrun for example_external_task_marker_parent to None, run_after=None
[2024-07-15T10:09:01.726+0100] {processor.py:183} INFO - Processing /home/victor/airflow_env/lib/python3.10/site-packages/airflow/example_dags/example_external_task_marker_dag.py took 0.602 seconds
[2024-07-15T10:11:58.566+0100] {processor.py:161} INFO - Started process (PID=19983) to work on /home/victor/airflow_env/lib/python3.10/site-packages/airflow/example_dags/example_external_task_marker_dag.py
[2024-07-15T10:11:58.572+0100] {processor.py:830} INFO - Processing file /home/victor/airflow_env/lib/python3.10/site-packages/airflow/example_dags/example_external_task_marker_dag.py for tasks to queue
[2024-07-15T10:11:58.580+0100] {logging_mixin.py:188} INFO - [2024-07-15T10:11:58.578+0100] {dagbag.py:545} INFO - Filling up the DagBag from /home/victor/airflow_env/lib/python3.10/site-packages/airflow/example_dags/example_external_task_marker_dag.py
[2024-07-15T10:11:58.612+0100] {processor.py:840} INFO - DAG(s) 'example_external_task_marker_child', 'example_external_task_marker_parent' retrieved from /home/victor/airflow_env/lib/python3.10/site-packages/airflow/example_dags/example_external_task_marker_dag.py
[2024-07-15T10:11:58.730+0100] {logging_mixin.py:188} INFO - [2024-07-15T10:11:58.729+0100] {dag.py:3096} INFO - Sync 2 DAGs
[2024-07-15T10:11:58.812+0100] {logging_mixin.py:188} INFO - [2024-07-15T10:11:58.811+0100] {dag.py:3954} INFO - Setting next_dagrun for example_external_task_marker_child to None, run_after=None
[2024-07-15T10:11:58.834+0100] {logging_mixin.py:188} INFO - [2024-07-15T10:11:58.834+0100] {dag.py:3954} INFO - Setting next_dagrun for example_external_task_marker_parent to None, run_after=None
[2024-07-15T10:11:59.125+0100] {processor.py:183} INFO - Processing /home/victor/airflow_env/lib/python3.10/site-packages/airflow/example_dags/example_external_task_marker_dag.py took 0.585 seconds
[2024-07-15T10:14:48.502+0100] {processor.py:161} INFO - Started process (PID=20902) to work on /home/victor/airflow_env/lib/python3.10/site-packages/airflow/example_dags/example_external_task_marker_dag.py
[2024-07-15T10:14:48.510+0100] {processor.py:830} INFO - Processing file /home/victor/airflow_env/lib/python3.10/site-packages/airflow/example_dags/example_external_task_marker_dag.py for tasks to queue
[2024-07-15T10:14:48.520+0100] {logging_mixin.py:188} INFO - [2024-07-15T10:14:48.519+0100] {dagbag.py:545} INFO - Filling up the DagBag from /home/victor/airflow_env/lib/python3.10/site-packages/airflow/example_dags/example_external_task_marker_dag.py
[2024-07-15T10:14:48.554+0100] {processor.py:840} INFO - DAG(s) 'example_external_task_marker_child', 'example_external_task_marker_parent' retrieved from /home/victor/airflow_env/lib/python3.10/site-packages/airflow/example_dags/example_external_task_marker_dag.py
[2024-07-15T10:14:48.701+0100] {logging_mixin.py:188} INFO - [2024-07-15T10:14:48.700+0100] {dag.py:3096} INFO - Sync 2 DAGs
[2024-07-15T10:14:48.781+0100] {logging_mixin.py:188} INFO - [2024-07-15T10:14:48.777+0100] {dag.py:3954} INFO - Setting next_dagrun for example_external_task_marker_child to None, run_after=None
[2024-07-15T10:14:48.811+0100] {logging_mixin.py:188} INFO - [2024-07-15T10:14:48.810+0100] {dag.py:3954} INFO - Setting next_dagrun for example_external_task_marker_parent to None, run_after=None
[2024-07-15T10:14:49.331+0100] {processor.py:183} INFO - Processing /home/victor/airflow_env/lib/python3.10/site-packages/airflow/example_dags/example_external_task_marker_dag.py took 0.862 seconds
[2024-07-15T10:17:46.834+0100] {processor.py:161} INFO - Started process (PID=22040) to work on /home/victor/airflow_env/lib/python3.10/site-packages/airflow/example_dags/example_external_task_marker_dag.py
[2024-07-15T10:17:46.837+0100] {processor.py:830} INFO - Processing file /home/victor/airflow_env/lib/python3.10/site-packages/airflow/example_dags/example_external_task_marker_dag.py for tasks to queue
[2024-07-15T10:17:46.844+0100] {logging_mixin.py:188} INFO - [2024-07-15T10:17:46.843+0100] {dagbag.py:545} INFO - Filling up the DagBag from /home/victor/airflow_env/lib/python3.10/site-packages/airflow/example_dags/example_external_task_marker_dag.py
[2024-07-15T10:17:46.871+0100] {processor.py:840} INFO - DAG(s) 'example_external_task_marker_parent', 'example_external_task_marker_child' retrieved from /home/victor/airflow_env/lib/python3.10/site-packages/airflow/example_dags/example_external_task_marker_dag.py
[2024-07-15T10:17:46.993+0100] {logging_mixin.py:188} INFO - [2024-07-15T10:17:46.992+0100] {dag.py:3096} INFO - Sync 2 DAGs
[2024-07-15T10:17:47.056+0100] {logging_mixin.py:188} INFO - [2024-07-15T10:17:47.055+0100] {dag.py:3954} INFO - Setting next_dagrun for example_external_task_marker_child to None, run_after=None
[2024-07-15T10:17:47.074+0100] {logging_mixin.py:188} INFO - [2024-07-15T10:17:47.073+0100] {dag.py:3954} INFO - Setting next_dagrun for example_external_task_marker_parent to None, run_after=None
[2024-07-15T10:17:47.383+0100] {processor.py:183} INFO - Processing /home/victor/airflow_env/lib/python3.10/site-packages/airflow/example_dags/example_external_task_marker_dag.py took 0.575 seconds
[2024-07-15T10:21:07.518+0100] {processor.py:161} INFO - Started process (PID=23407) to work on /home/victor/airflow_env/lib/python3.10/site-packages/airflow/example_dags/example_external_task_marker_dag.py
[2024-07-15T10:21:07.522+0100] {processor.py:830} INFO - Processing file /home/victor/airflow_env/lib/python3.10/site-packages/airflow/example_dags/example_external_task_marker_dag.py for tasks to queue
[2024-07-15T10:21:07.529+0100] {logging_mixin.py:188} INFO - [2024-07-15T10:21:07.528+0100] {dagbag.py:545} INFO - Filling up the DagBag from /home/victor/airflow_env/lib/python3.10/site-packages/airflow/example_dags/example_external_task_marker_dag.py
[2024-07-15T10:21:07.560+0100] {processor.py:840} INFO - DAG(s) 'example_external_task_marker_child', 'example_external_task_marker_parent' retrieved from /home/victor/airflow_env/lib/python3.10/site-packages/airflow/example_dags/example_external_task_marker_dag.py
[2024-07-15T10:21:07.689+0100] {logging_mixin.py:188} INFO - [2024-07-15T10:21:07.688+0100] {dag.py:3096} INFO - Sync 2 DAGs
[2024-07-15T10:21:07.776+0100] {logging_mixin.py:188} INFO - [2024-07-15T10:21:07.775+0100] {dag.py:3954} INFO - Setting next_dagrun for example_external_task_marker_child to None, run_after=None
[2024-07-15T10:21:07.795+0100] {logging_mixin.py:188} INFO - [2024-07-15T10:21:07.795+0100] {dag.py:3954} INFO - Setting next_dagrun for example_external_task_marker_parent to None, run_after=None
[2024-07-15T10:21:08.224+0100] {processor.py:183} INFO - Processing /home/victor/airflow_env/lib/python3.10/site-packages/airflow/example_dags/example_external_task_marker_dag.py took 0.737 seconds
[2024-07-15T10:25:03.161+0100] {processor.py:161} INFO - Started process (PID=25299) to work on /home/victor/airflow_env/lib/python3.10/site-packages/airflow/example_dags/example_external_task_marker_dag.py
[2024-07-15T10:25:03.166+0100] {processor.py:830} INFO - Processing file /home/victor/airflow_env/lib/python3.10/site-packages/airflow/example_dags/example_external_task_marker_dag.py for tasks to queue
[2024-07-15T10:25:03.175+0100] {logging_mixin.py:188} INFO - [2024-07-15T10:25:03.173+0100] {dagbag.py:545} INFO - Filling up the DagBag from /home/victor/airflow_env/lib/python3.10/site-packages/airflow/example_dags/example_external_task_marker_dag.py
[2024-07-15T10:25:03.216+0100] {processor.py:840} INFO - DAG(s) 'example_external_task_marker_parent', 'example_external_task_marker_child' retrieved from /home/victor/airflow_env/lib/python3.10/site-packages/airflow/example_dags/example_external_task_marker_dag.py
[2024-07-15T10:25:03.419+0100] {logging_mixin.py:188} INFO - [2024-07-15T10:25:03.418+0100] {dag.py:3096} INFO - Sync 2 DAGs
[2024-07-15T10:25:03.486+0100] {logging_mixin.py:188} INFO - [2024-07-15T10:25:03.485+0100] {dag.py:3954} INFO - Setting next_dagrun for example_external_task_marker_child to None, run_after=None
[2024-07-15T10:25:03.519+0100] {logging_mixin.py:188} INFO - [2024-07-15T10:25:03.518+0100] {dag.py:3954} INFO - Setting next_dagrun for example_external_task_marker_parent to None, run_after=None
[2024-07-15T10:25:03.903+0100] {processor.py:183} INFO - Processing /home/victor/airflow_env/lib/python3.10/site-packages/airflow/example_dags/example_external_task_marker_dag.py took 0.771 seconds
[2024-07-15T10:28:22.173+0100] {processor.py:161} INFO - Started process (PID=26608) to work on /home/victor/airflow_env/lib/python3.10/site-packages/airflow/example_dags/example_external_task_marker_dag.py
[2024-07-15T10:28:22.177+0100] {processor.py:830} INFO - Processing file /home/victor/airflow_env/lib/python3.10/site-packages/airflow/example_dags/example_external_task_marker_dag.py for tasks to queue
[2024-07-15T10:28:22.185+0100] {logging_mixin.py:188} INFO - [2024-07-15T10:28:22.183+0100] {dagbag.py:545} INFO - Filling up the DagBag from /home/victor/airflow_env/lib/python3.10/site-packages/airflow/example_dags/example_external_task_marker_dag.py
[2024-07-15T10:28:22.224+0100] {processor.py:840} INFO - DAG(s) 'example_external_task_marker_child', 'example_external_task_marker_parent' retrieved from /home/victor/airflow_env/lib/python3.10/site-packages/airflow/example_dags/example_external_task_marker_dag.py
[2024-07-15T10:28:22.359+0100] {logging_mixin.py:188} INFO - [2024-07-15T10:28:22.359+0100] {dag.py:3096} INFO - Sync 2 DAGs
[2024-07-15T10:28:22.431+0100] {logging_mixin.py:188} INFO - [2024-07-15T10:28:22.430+0100] {dag.py:3954} INFO - Setting next_dagrun for example_external_task_marker_child to None, run_after=None
[2024-07-15T10:28:22.460+0100] {logging_mixin.py:188} INFO - [2024-07-15T10:28:22.459+0100] {dag.py:3954} INFO - Setting next_dagrun for example_external_task_marker_parent to None, run_after=None
[2024-07-15T10:28:22.829+0100] {processor.py:183} INFO - Processing /home/victor/airflow_env/lib/python3.10/site-packages/airflow/example_dags/example_external_task_marker_dag.py took 0.682 seconds
[2024-07-15T10:30:51.750+0100] {processor.py:161} INFO - Started process (PID=27401) to work on /home/victor/airflow_env/lib/python3.10/site-packages/airflow/example_dags/example_external_task_marker_dag.py
[2024-07-15T10:30:51.753+0100] {processor.py:830} INFO - Processing file /home/victor/airflow_env/lib/python3.10/site-packages/airflow/example_dags/example_external_task_marker_dag.py for tasks to queue
[2024-07-15T10:30:51.762+0100] {logging_mixin.py:188} INFO - [2024-07-15T10:30:51.760+0100] {dagbag.py:545} INFO - Filling up the DagBag from /home/victor/airflow_env/lib/python3.10/site-packages/airflow/example_dags/example_external_task_marker_dag.py
[2024-07-15T10:30:51.792+0100] {processor.py:840} INFO - DAG(s) 'example_external_task_marker_child', 'example_external_task_marker_parent' retrieved from /home/victor/airflow_env/lib/python3.10/site-packages/airflow/example_dags/example_external_task_marker_dag.py
[2024-07-15T10:30:51.906+0100] {logging_mixin.py:188} INFO - [2024-07-15T10:30:51.905+0100] {dag.py:3096} INFO - Sync 2 DAGs
[2024-07-15T10:30:51.980+0100] {logging_mixin.py:188} INFO - [2024-07-15T10:30:51.979+0100] {dag.py:3954} INFO - Setting next_dagrun for example_external_task_marker_child to None, run_after=None
[2024-07-15T10:30:52.008+0100] {logging_mixin.py:188} INFO - [2024-07-15T10:30:52.007+0100] {dag.py:3954} INFO - Setting next_dagrun for example_external_task_marker_parent to None, run_after=None
[2024-07-15T10:30:52.305+0100] {processor.py:183} INFO - Processing /home/victor/airflow_env/lib/python3.10/site-packages/airflow/example_dags/example_external_task_marker_dag.py took 0.580 seconds
[2024-07-15T10:33:52.522+0100] {processor.py:161} INFO - Started process (PID=28537) to work on /home/victor/airflow_env/lib/python3.10/site-packages/airflow/example_dags/example_external_task_marker_dag.py
[2024-07-15T10:33:52.529+0100] {processor.py:830} INFO - Processing file /home/victor/airflow_env/lib/python3.10/site-packages/airflow/example_dags/example_external_task_marker_dag.py for tasks to queue
[2024-07-15T10:33:52.536+0100] {logging_mixin.py:188} INFO - [2024-07-15T10:33:52.535+0100] {dagbag.py:545} INFO - Filling up the DagBag from /home/victor/airflow_env/lib/python3.10/site-packages/airflow/example_dags/example_external_task_marker_dag.py
[2024-07-15T10:33:52.589+0100] {processor.py:840} INFO - DAG(s) 'example_external_task_marker_parent', 'example_external_task_marker_child' retrieved from /home/victor/airflow_env/lib/python3.10/site-packages/airflow/example_dags/example_external_task_marker_dag.py
[2024-07-15T10:33:52.794+0100] {logging_mixin.py:188} INFO - [2024-07-15T10:33:52.793+0100] {dag.py:3096} INFO - Sync 2 DAGs
[2024-07-15T10:33:52.923+0100] {logging_mixin.py:188} INFO - [2024-07-15T10:33:52.922+0100] {dag.py:3954} INFO - Setting next_dagrun for example_external_task_marker_child to None, run_after=None
[2024-07-15T10:33:52.961+0100] {logging_mixin.py:188} INFO - [2024-07-15T10:33:52.960+0100] {dag.py:3954} INFO - Setting next_dagrun for example_external_task_marker_parent to None, run_after=None
[2024-07-15T10:33:53.394+0100] {processor.py:183} INFO - Processing /home/victor/airflow_env/lib/python3.10/site-packages/airflow/example_dags/example_external_task_marker_dag.py took 0.910 seconds
[2024-07-15T10:36:32.126+0100] {processor.py:161} INFO - Started process (PID=29483) to work on /home/victor/airflow_env/lib/python3.10/site-packages/airflow/example_dags/example_external_task_marker_dag.py
[2024-07-15T10:36:32.131+0100] {processor.py:830} INFO - Processing file /home/victor/airflow_env/lib/python3.10/site-packages/airflow/example_dags/example_external_task_marker_dag.py for tasks to queue
[2024-07-15T10:36:32.139+0100] {logging_mixin.py:188} INFO - [2024-07-15T10:36:32.137+0100] {dagbag.py:545} INFO - Filling up the DagBag from /home/victor/airflow_env/lib/python3.10/site-packages/airflow/example_dags/example_external_task_marker_dag.py
[2024-07-15T10:36:32.172+0100] {processor.py:840} INFO - DAG(s) 'example_external_task_marker_child', 'example_external_task_marker_parent' retrieved from /home/victor/airflow_env/lib/python3.10/site-packages/airflow/example_dags/example_external_task_marker_dag.py
[2024-07-15T10:36:32.329+0100] {logging_mixin.py:188} INFO - [2024-07-15T10:36:32.328+0100] {dag.py:3096} INFO - Sync 2 DAGs
[2024-07-15T10:36:32.415+0100] {logging_mixin.py:188} INFO - [2024-07-15T10:36:32.415+0100] {dag.py:3954} INFO - Setting next_dagrun for example_external_task_marker_child to None, run_after=None
[2024-07-15T10:36:32.443+0100] {logging_mixin.py:188} INFO - [2024-07-15T10:36:32.441+0100] {dag.py:3954} INFO - Setting next_dagrun for example_external_task_marker_parent to None, run_after=None
[2024-07-15T10:36:32.884+0100] {processor.py:183} INFO - Processing /home/victor/airflow_env/lib/python3.10/site-packages/airflow/example_dags/example_external_task_marker_dag.py took 0.786 seconds
[2024-07-15T10:39:22.287+0100] {processor.py:161} INFO - Started process (PID=30407) to work on /home/victor/airflow_env/lib/python3.10/site-packages/airflow/example_dags/example_external_task_marker_dag.py
[2024-07-15T10:39:22.294+0100] {processor.py:830} INFO - Processing file /home/victor/airflow_env/lib/python3.10/site-packages/airflow/example_dags/example_external_task_marker_dag.py for tasks to queue
[2024-07-15T10:39:22.304+0100] {logging_mixin.py:188} INFO - [2024-07-15T10:39:22.302+0100] {dagbag.py:545} INFO - Filling up the DagBag from /home/victor/airflow_env/lib/python3.10/site-packages/airflow/example_dags/example_external_task_marker_dag.py
[2024-07-15T10:39:22.340+0100] {processor.py:840} INFO - DAG(s) 'example_external_task_marker_parent', 'example_external_task_marker_child' retrieved from /home/victor/airflow_env/lib/python3.10/site-packages/airflow/example_dags/example_external_task_marker_dag.py
[2024-07-15T10:39:22.499+0100] {logging_mixin.py:188} INFO - [2024-07-15T10:39:22.497+0100] {dag.py:3096} INFO - Sync 2 DAGs
[2024-07-15T10:39:22.568+0100] {logging_mixin.py:188} INFO - [2024-07-15T10:39:22.567+0100] {dag.py:3954} INFO - Setting next_dagrun for example_external_task_marker_child to None, run_after=None
[2024-07-15T10:39:22.588+0100] {logging_mixin.py:188} INFO - [2024-07-15T10:39:22.587+0100] {dag.py:3954} INFO - Setting next_dagrun for example_external_task_marker_parent to None, run_after=None
[2024-07-15T10:39:22.923+0100] {processor.py:183} INFO - Processing /home/victor/airflow_env/lib/python3.10/site-packages/airflow/example_dags/example_external_task_marker_dag.py took 0.671 seconds
[2024-07-15T10:41:49.598+0100] {processor.py:161} INFO - Started process (PID=31166) to work on /home/victor/airflow_env/lib/python3.10/site-packages/airflow/example_dags/example_external_task_marker_dag.py
[2024-07-15T10:41:49.602+0100] {processor.py:830} INFO - Processing file /home/victor/airflow_env/lib/python3.10/site-packages/airflow/example_dags/example_external_task_marker_dag.py for tasks to queue
[2024-07-15T10:41:49.610+0100] {logging_mixin.py:188} INFO - [2024-07-15T10:41:49.608+0100] {dagbag.py:545} INFO - Filling up the DagBag from /home/victor/airflow_env/lib/python3.10/site-packages/airflow/example_dags/example_external_task_marker_dag.py
[2024-07-15T10:41:49.641+0100] {processor.py:840} INFO - DAG(s) 'example_external_task_marker_child', 'example_external_task_marker_parent' retrieved from /home/victor/airflow_env/lib/python3.10/site-packages/airflow/example_dags/example_external_task_marker_dag.py
[2024-07-15T10:41:49.785+0100] {logging_mixin.py:188} INFO - [2024-07-15T10:41:49.784+0100] {dag.py:3096} INFO - Sync 2 DAGs
[2024-07-15T10:41:49.959+0100] {logging_mixin.py:188} INFO - [2024-07-15T10:41:49.957+0100] {dag.py:3954} INFO - Setting next_dagrun for example_external_task_marker_child to None, run_after=None
[2024-07-15T10:41:49.987+0100] {logging_mixin.py:188} INFO - [2024-07-15T10:41:49.986+0100] {dag.py:3954} INFO - Setting next_dagrun for example_external_task_marker_parent to None, run_after=None
[2024-07-15T10:41:50.312+0100] {processor.py:183} INFO - Processing /home/victor/airflow_env/lib/python3.10/site-packages/airflow/example_dags/example_external_task_marker_dag.py took 0.742 seconds
[2024-07-15T10:44:26.658+0100] {processor.py:161} INFO - Started process (PID=32002) to work on /home/victor/airflow_env/lib/python3.10/site-packages/airflow/example_dags/example_external_task_marker_dag.py
[2024-07-15T10:44:26.662+0100] {processor.py:830} INFO - Processing file /home/victor/airflow_env/lib/python3.10/site-packages/airflow/example_dags/example_external_task_marker_dag.py for tasks to queue
[2024-07-15T10:44:26.669+0100] {logging_mixin.py:188} INFO - [2024-07-15T10:44:26.668+0100] {dagbag.py:545} INFO - Filling up the DagBag from /home/victor/airflow_env/lib/python3.10/site-packages/airflow/example_dags/example_external_task_marker_dag.py
[2024-07-15T10:44:26.696+0100] {processor.py:840} INFO - DAG(s) 'example_external_task_marker_parent', 'example_external_task_marker_child' retrieved from /home/victor/airflow_env/lib/python3.10/site-packages/airflow/example_dags/example_external_task_marker_dag.py
[2024-07-15T10:44:26.813+0100] {logging_mixin.py:188} INFO - [2024-07-15T10:44:26.812+0100] {dag.py:3096} INFO - Sync 2 DAGs
[2024-07-15T10:44:26.895+0100] {logging_mixin.py:188} INFO - [2024-07-15T10:44:26.894+0100] {dag.py:3954} INFO - Setting next_dagrun for example_external_task_marker_child to None, run_after=None
[2024-07-15T10:44:26.918+0100] {logging_mixin.py:188} INFO - [2024-07-15T10:44:26.917+0100] {dag.py:3954} INFO - Setting next_dagrun for example_external_task_marker_parent to None, run_after=None
[2024-07-15T10:44:27.231+0100] {processor.py:183} INFO - Processing /home/victor/airflow_env/lib/python3.10/site-packages/airflow/example_dags/example_external_task_marker_dag.py took 0.597 seconds
[2024-07-15T10:46:49.371+0100] {processor.py:161} INFO - Started process (PID=32742) to work on /home/victor/airflow_env/lib/python3.10/site-packages/airflow/example_dags/example_external_task_marker_dag.py
[2024-07-15T10:46:49.376+0100] {processor.py:830} INFO - Processing file /home/victor/airflow_env/lib/python3.10/site-packages/airflow/example_dags/example_external_task_marker_dag.py for tasks to queue
[2024-07-15T10:46:49.392+0100] {logging_mixin.py:188} INFO - [2024-07-15T10:46:49.390+0100] {dagbag.py:545} INFO - Filling up the DagBag from /home/victor/airflow_env/lib/python3.10/site-packages/airflow/example_dags/example_external_task_marker_dag.py
[2024-07-15T10:46:49.456+0100] {processor.py:840} INFO - DAG(s) 'example_external_task_marker_parent', 'example_external_task_marker_child' retrieved from /home/victor/airflow_env/lib/python3.10/site-packages/airflow/example_dags/example_external_task_marker_dag.py
[2024-07-15T10:46:49.694+0100] {logging_mixin.py:188} INFO - [2024-07-15T10:46:49.693+0100] {dag.py:3096} INFO - Sync 2 DAGs
[2024-07-15T10:46:49.769+0100] {logging_mixin.py:188} INFO - [2024-07-15T10:46:49.768+0100] {dag.py:3954} INFO - Setting next_dagrun for example_external_task_marker_child to None, run_after=None
[2024-07-15T10:46:49.790+0100] {logging_mixin.py:188} INFO - [2024-07-15T10:46:49.790+0100] {dag.py:3954} INFO - Setting next_dagrun for example_external_task_marker_parent to None, run_after=None
[2024-07-15T10:46:50.108+0100] {processor.py:183} INFO - Processing /home/victor/airflow_env/lib/python3.10/site-packages/airflow/example_dags/example_external_task_marker_dag.py took 0.772 seconds
[2024-07-15T10:49:43.604+0100] {processor.py:161} INFO - Started process (PID=33760) to work on /home/victor/airflow_env/lib/python3.10/site-packages/airflow/example_dags/example_external_task_marker_dag.py
[2024-07-15T10:49:43.617+0100] {processor.py:830} INFO - Processing file /home/victor/airflow_env/lib/python3.10/site-packages/airflow/example_dags/example_external_task_marker_dag.py for tasks to queue
[2024-07-15T10:49:43.627+0100] {logging_mixin.py:188} INFO - [2024-07-15T10:49:43.625+0100] {dagbag.py:545} INFO - Filling up the DagBag from /home/victor/airflow_env/lib/python3.10/site-packages/airflow/example_dags/example_external_task_marker_dag.py
[2024-07-15T10:49:43.689+0100] {processor.py:840} INFO - DAG(s) 'example_external_task_marker_child', 'example_external_task_marker_parent' retrieved from /home/victor/airflow_env/lib/python3.10/site-packages/airflow/example_dags/example_external_task_marker_dag.py
[2024-07-15T10:49:44.221+0100] {logging_mixin.py:188} INFO - [2024-07-15T10:49:44.220+0100] {dag.py:3096} INFO - Sync 2 DAGs
[2024-07-15T10:49:44.322+0100] {logging_mixin.py:188} INFO - [2024-07-15T10:49:44.321+0100] {dag.py:3954} INFO - Setting next_dagrun for example_external_task_marker_child to None, run_after=None
[2024-07-15T10:49:44.369+0100] {logging_mixin.py:188} INFO - [2024-07-15T10:49:44.362+0100] {dag.py:3954} INFO - Setting next_dagrun for example_external_task_marker_parent to None, run_after=None
[2024-07-15T10:49:44.786+0100] {processor.py:183} INFO - Processing /home/victor/airflow_env/lib/python3.10/site-packages/airflow/example_dags/example_external_task_marker_dag.py took 1.241 seconds
