[2024-07-15T09:47:36.667+0100] {processor.py:161} INFO - Started process (PID=9805) to work on /home/victor/airflow_env/lib/python3.10/site-packages/airflow/example_dags/tutorial_dag.py
[2024-07-15T09:47:36.674+0100] {processor.py:830} INFO - Processing file /home/victor/airflow_env/lib/python3.10/site-packages/airflow/example_dags/tutorial_dag.py for tasks to queue
[2024-07-15T09:47:36.701+0100] {logging_mixin.py:188} INFO - [2024-07-15T09:47:36.690+0100] {dagbag.py:545} INFO - Filling up the DagBag from /home/victor/airflow_env/lib/python3.10/site-packages/airflow/example_dags/tutorial_dag.py
[2024-07-15T09:47:36.807+0100] {processor.py:840} INFO - DAG(s) 'tutorial_dag' retrieved from /home/victor/airflow_env/lib/python3.10/site-packages/airflow/example_dags/tutorial_dag.py
[2024-07-15T09:47:37.020+0100] {logging_mixin.py:188} INFO - [2024-07-15T09:47:37.019+0100] {dag.py:3096} INFO - Sync 1 DAGs
[2024-07-15T09:47:37.099+0100] {logging_mixin.py:188} INFO - [2024-07-15T09:47:37.097+0100] {dag.py:3954} INFO - Setting next_dagrun for tutorial_dag to None, run_after=None
[2024-07-15T09:47:37.626+0100] {processor.py:183} INFO - Processing /home/victor/airflow_env/lib/python3.10/site-packages/airflow/example_dags/tutorial_dag.py took 1.019 seconds
[2024-07-15T09:50:06.516+0100] {processor.py:161} INFO - Started process (PID=11088) to work on /home/victor/airflow_env/lib/python3.10/site-packages/airflow/example_dags/tutorial_dag.py
[2024-07-15T09:50:06.520+0100] {processor.py:830} INFO - Processing file /home/victor/airflow_env/lib/python3.10/site-packages/airflow/example_dags/tutorial_dag.py for tasks to queue
[2024-07-15T09:50:06.527+0100] {logging_mixin.py:188} INFO - [2024-07-15T09:50:06.526+0100] {dagbag.py:545} INFO - Filling up the DagBag from /home/victor/airflow_env/lib/python3.10/site-packages/airflow/example_dags/tutorial_dag.py
[2024-07-15T09:50:06.551+0100] {processor.py:840} INFO - DAG(s) 'tutorial_dag' retrieved from /home/victor/airflow_env/lib/python3.10/site-packages/airflow/example_dags/tutorial_dag.py
[2024-07-15T09:50:06.643+0100] {logging_mixin.py:188} INFO - [2024-07-15T09:50:06.642+0100] {dag.py:3096} INFO - Sync 1 DAGs
[2024-07-15T09:50:06.712+0100] {logging_mixin.py:188} INFO - [2024-07-15T09:50:06.711+0100] {dag.py:3954} INFO - Setting next_dagrun for tutorial_dag to None, run_after=None
[2024-07-15T09:50:07.008+0100] {processor.py:183} INFO - Processing /home/victor/airflow_env/lib/python3.10/site-packages/airflow/example_dags/tutorial_dag.py took 0.516 seconds
[2024-07-15T09:51:25.545+0100] {processor.py:161} INFO - Started process (PID=11538) to work on /home/victor/airflow_env/lib/python3.10/site-packages/airflow/example_dags/tutorial_dag.py
[2024-07-15T09:51:25.551+0100] {processor.py:830} INFO - Processing file /home/victor/airflow_env/lib/python3.10/site-packages/airflow/example_dags/tutorial_dag.py for tasks to queue
[2024-07-15T09:51:25.560+0100] {logging_mixin.py:188} INFO - [2024-07-15T09:51:25.558+0100] {dagbag.py:545} INFO - Filling up the DagBag from /home/victor/airflow_env/lib/python3.10/site-packages/airflow/example_dags/tutorial_dag.py
[2024-07-15T09:51:25.584+0100] {processor.py:840} INFO - DAG(s) 'tutorial_dag' retrieved from /home/victor/airflow_env/lib/python3.10/site-packages/airflow/example_dags/tutorial_dag.py
[2024-07-15T09:51:25.692+0100] {logging_mixin.py:188} INFO - [2024-07-15T09:51:25.690+0100] {dag.py:3096} INFO - Sync 1 DAGs
[2024-07-15T09:51:25.765+0100] {logging_mixin.py:188} INFO - [2024-07-15T09:51:25.764+0100] {dag.py:3954} INFO - Setting next_dagrun for tutorial_dag to None, run_after=None
[2024-07-15T09:51:26.028+0100] {processor.py:183} INFO - Processing /home/victor/airflow_env/lib/python3.10/site-packages/airflow/example_dags/tutorial_dag.py took 0.515 seconds
[2024-07-15T09:52:58.388+0100] {processor.py:161} INFO - Started process (PID=12133) to work on /home/victor/airflow_env/lib/python3.10/site-packages/airflow/example_dags/tutorial_dag.py
[2024-07-15T09:52:58.393+0100] {processor.py:830} INFO - Processing file /home/victor/airflow_env/lib/python3.10/site-packages/airflow/example_dags/tutorial_dag.py for tasks to queue
[2024-07-15T09:52:58.401+0100] {logging_mixin.py:188} INFO - [2024-07-15T09:52:58.400+0100] {dagbag.py:545} INFO - Filling up the DagBag from /home/victor/airflow_env/lib/python3.10/site-packages/airflow/example_dags/tutorial_dag.py
[2024-07-15T09:52:58.429+0100] {processor.py:840} INFO - DAG(s) 'tutorial_dag' retrieved from /home/victor/airflow_env/lib/python3.10/site-packages/airflow/example_dags/tutorial_dag.py
[2024-07-15T09:52:59.067+0100] {logging_mixin.py:188} INFO - [2024-07-15T09:52:59.066+0100] {dag.py:3096} INFO - Sync 1 DAGs
[2024-07-15T09:52:59.144+0100] {logging_mixin.py:188} INFO - [2024-07-15T09:52:59.143+0100] {dag.py:3954} INFO - Setting next_dagrun for tutorial_dag to None, run_after=None
[2024-07-15T09:52:59.511+0100] {processor.py:183} INFO - Processing /home/victor/airflow_env/lib/python3.10/site-packages/airflow/example_dags/tutorial_dag.py took 1.151 seconds
[2024-07-15T09:55:08.815+0100] {processor.py:161} INFO - Started process (PID=13008) to work on /home/victor/airflow_env/lib/python3.10/site-packages/airflow/example_dags/tutorial_dag.py
[2024-07-15T09:55:08.828+0100] {processor.py:830} INFO - Processing file /home/victor/airflow_env/lib/python3.10/site-packages/airflow/example_dags/tutorial_dag.py for tasks to queue
[2024-07-15T09:55:08.838+0100] {logging_mixin.py:188} INFO - [2024-07-15T09:55:08.836+0100] {dagbag.py:545} INFO - Filling up the DagBag from /home/victor/airflow_env/lib/python3.10/site-packages/airflow/example_dags/tutorial_dag.py
[2024-07-15T09:55:08.876+0100] {processor.py:840} INFO - DAG(s) 'tutorial_dag' retrieved from /home/victor/airflow_env/lib/python3.10/site-packages/airflow/example_dags/tutorial_dag.py
[2024-07-15T09:55:09.051+0100] {logging_mixin.py:188} INFO - [2024-07-15T09:55:09.049+0100] {dag.py:3096} INFO - Sync 1 DAGs
[2024-07-15T09:55:09.145+0100] {logging_mixin.py:188} INFO - [2024-07-15T09:55:09.144+0100] {dag.py:3954} INFO - Setting next_dagrun for tutorial_dag to None, run_after=None
[2024-07-15T09:55:09.736+0100] {processor.py:183} INFO - Processing /home/victor/airflow_env/lib/python3.10/site-packages/airflow/example_dags/tutorial_dag.py took 0.955 seconds
[2024-07-15T09:56:39.402+0100] {processor.py:161} INFO - Started process (PID=13802) to work on /home/victor/airflow_env/lib/python3.10/site-packages/airflow/example_dags/tutorial_dag.py
[2024-07-15T09:56:39.406+0100] {processor.py:830} INFO - Processing file /home/victor/airflow_env/lib/python3.10/site-packages/airflow/example_dags/tutorial_dag.py for tasks to queue
[2024-07-15T09:56:39.415+0100] {logging_mixin.py:188} INFO - [2024-07-15T09:56:39.413+0100] {dagbag.py:545} INFO - Filling up the DagBag from /home/victor/airflow_env/lib/python3.10/site-packages/airflow/example_dags/tutorial_dag.py
[2024-07-15T09:56:39.448+0100] {processor.py:840} INFO - DAG(s) 'tutorial_dag' retrieved from /home/victor/airflow_env/lib/python3.10/site-packages/airflow/example_dags/tutorial_dag.py
[2024-07-15T09:56:39.554+0100] {logging_mixin.py:188} INFO - [2024-07-15T09:56:39.553+0100] {dag.py:3096} INFO - Sync 1 DAGs
[2024-07-15T09:56:39.613+0100] {logging_mixin.py:188} INFO - [2024-07-15T09:56:39.612+0100] {dag.py:3954} INFO - Setting next_dagrun for tutorial_dag to None, run_after=None
[2024-07-15T09:56:40.071+0100] {processor.py:183} INFO - Processing /home/victor/airflow_env/lib/python3.10/site-packages/airflow/example_dags/tutorial_dag.py took 0.699 seconds
[2024-07-15T09:58:17.706+0100] {processor.py:161} INFO - Started process (PID=14443) to work on /home/victor/airflow_env/lib/python3.10/site-packages/airflow/example_dags/tutorial_dag.py
[2024-07-15T09:58:17.711+0100] {processor.py:830} INFO - Processing file /home/victor/airflow_env/lib/python3.10/site-packages/airflow/example_dags/tutorial_dag.py for tasks to queue
[2024-07-15T09:58:17.720+0100] {logging_mixin.py:188} INFO - [2024-07-15T09:58:17.718+0100] {dagbag.py:545} INFO - Filling up the DagBag from /home/victor/airflow_env/lib/python3.10/site-packages/airflow/example_dags/tutorial_dag.py
[2024-07-15T09:58:17.751+0100] {processor.py:840} INFO - DAG(s) 'tutorial_dag' retrieved from /home/victor/airflow_env/lib/python3.10/site-packages/airflow/example_dags/tutorial_dag.py
[2024-07-15T09:58:17.892+0100] {logging_mixin.py:188} INFO - [2024-07-15T09:58:17.892+0100] {dag.py:3096} INFO - Sync 1 DAGs
[2024-07-15T09:58:17.983+0100] {logging_mixin.py:188} INFO - [2024-07-15T09:58:17.982+0100] {dag.py:3954} INFO - Setting next_dagrun for tutorial_dag to None, run_after=None
[2024-07-15T09:58:18.365+0100] {processor.py:183} INFO - Processing /home/victor/airflow_env/lib/python3.10/site-packages/airflow/example_dags/tutorial_dag.py took 0.691 seconds
[2024-07-15T09:59:46.406+0100] {processor.py:161} INFO - Started process (PID=14945) to work on /home/victor/airflow_env/lib/python3.10/site-packages/airflow/example_dags/tutorial_dag.py
[2024-07-15T09:59:46.417+0100] {processor.py:830} INFO - Processing file /home/victor/airflow_env/lib/python3.10/site-packages/airflow/example_dags/tutorial_dag.py for tasks to queue
[2024-07-15T09:59:46.430+0100] {logging_mixin.py:188} INFO - [2024-07-15T09:59:46.428+0100] {dagbag.py:545} INFO - Filling up the DagBag from /home/victor/airflow_env/lib/python3.10/site-packages/airflow/example_dags/tutorial_dag.py
[2024-07-15T09:59:46.471+0100] {processor.py:840} INFO - DAG(s) 'tutorial_dag' retrieved from /home/victor/airflow_env/lib/python3.10/site-packages/airflow/example_dags/tutorial_dag.py
[2024-07-15T09:59:46.595+0100] {logging_mixin.py:188} INFO - [2024-07-15T09:59:46.594+0100] {dag.py:3096} INFO - Sync 1 DAGs
[2024-07-15T09:59:46.685+0100] {logging_mixin.py:188} INFO - [2024-07-15T09:59:46.684+0100] {dag.py:3954} INFO - Setting next_dagrun for tutorial_dag to None, run_after=None
[2024-07-15T09:59:47.069+0100] {processor.py:183} INFO - Processing /home/victor/airflow_env/lib/python3.10/site-packages/airflow/example_dags/tutorial_dag.py took 0.704 seconds
[2024-07-15T10:01:08.181+0100] {processor.py:161} INFO - Started process (PID=15497) to work on /home/victor/airflow_env/lib/python3.10/site-packages/airflow/example_dags/tutorial_dag.py
[2024-07-15T10:01:08.184+0100] {processor.py:830} INFO - Processing file /home/victor/airflow_env/lib/python3.10/site-packages/airflow/example_dags/tutorial_dag.py for tasks to queue
[2024-07-15T10:01:08.192+0100] {logging_mixin.py:188} INFO - [2024-07-15T10:01:08.191+0100] {dagbag.py:545} INFO - Filling up the DagBag from /home/victor/airflow_env/lib/python3.10/site-packages/airflow/example_dags/tutorial_dag.py
[2024-07-15T10:01:08.217+0100] {processor.py:840} INFO - DAG(s) 'tutorial_dag' retrieved from /home/victor/airflow_env/lib/python3.10/site-packages/airflow/example_dags/tutorial_dag.py
[2024-07-15T10:01:08.310+0100] {logging_mixin.py:188} INFO - [2024-07-15T10:01:08.310+0100] {dag.py:3096} INFO - Sync 1 DAGs
[2024-07-15T10:01:08.377+0100] {logging_mixin.py:188} INFO - [2024-07-15T10:01:08.376+0100] {dag.py:3954} INFO - Setting next_dagrun for tutorial_dag to None, run_after=None
[2024-07-15T10:01:09.618+0100] {processor.py:183} INFO - Processing /home/victor/airflow_env/lib/python3.10/site-packages/airflow/example_dags/tutorial_dag.py took 1.462 seconds
[2024-07-15T10:02:34.334+0100] {processor.py:161} INFO - Started process (PID=16386) to work on /home/victor/airflow_env/lib/python3.10/site-packages/airflow/example_dags/tutorial_dag.py
[2024-07-15T10:02:34.338+0100] {processor.py:830} INFO - Processing file /home/victor/airflow_env/lib/python3.10/site-packages/airflow/example_dags/tutorial_dag.py for tasks to queue
[2024-07-15T10:02:34.345+0100] {logging_mixin.py:188} INFO - [2024-07-15T10:02:34.344+0100] {dagbag.py:545} INFO - Filling up the DagBag from /home/victor/airflow_env/lib/python3.10/site-packages/airflow/example_dags/tutorial_dag.py
[2024-07-15T10:02:34.369+0100] {processor.py:840} INFO - DAG(s) 'tutorial_dag' retrieved from /home/victor/airflow_env/lib/python3.10/site-packages/airflow/example_dags/tutorial_dag.py
[2024-07-15T10:02:34.464+0100] {logging_mixin.py:188} INFO - [2024-07-15T10:02:34.463+0100] {dag.py:3096} INFO - Sync 1 DAGs
[2024-07-15T10:02:34.526+0100] {logging_mixin.py:188} INFO - [2024-07-15T10:02:34.525+0100] {dag.py:3954} INFO - Setting next_dagrun for tutorial_dag to None, run_after=None
[2024-07-15T10:02:34.904+0100] {processor.py:183} INFO - Processing /home/victor/airflow_env/lib/python3.10/site-packages/airflow/example_dags/tutorial_dag.py took 0.594 seconds
[2024-07-15T10:03:47.546+0100] {processor.py:161} INFO - Started process (PID=16902) to work on /home/victor/airflow_env/lib/python3.10/site-packages/airflow/example_dags/tutorial_dag.py
[2024-07-15T10:03:47.550+0100] {processor.py:830} INFO - Processing file /home/victor/airflow_env/lib/python3.10/site-packages/airflow/example_dags/tutorial_dag.py for tasks to queue
[2024-07-15T10:03:47.559+0100] {logging_mixin.py:188} INFO - [2024-07-15T10:03:47.557+0100] {dagbag.py:545} INFO - Filling up the DagBag from /home/victor/airflow_env/lib/python3.10/site-packages/airflow/example_dags/tutorial_dag.py
[2024-07-15T10:03:47.585+0100] {processor.py:840} INFO - DAG(s) 'tutorial_dag' retrieved from /home/victor/airflow_env/lib/python3.10/site-packages/airflow/example_dags/tutorial_dag.py
[2024-07-15T10:03:47.677+0100] {logging_mixin.py:188} INFO - [2024-07-15T10:03:47.676+0100] {dag.py:3096} INFO - Sync 1 DAGs
[2024-07-15T10:03:47.737+0100] {logging_mixin.py:188} INFO - [2024-07-15T10:03:47.737+0100] {dag.py:3954} INFO - Setting next_dagrun for tutorial_dag to None, run_after=None
[2024-07-15T10:03:48.011+0100] {processor.py:183} INFO - Processing /home/victor/airflow_env/lib/python3.10/site-packages/airflow/example_dags/tutorial_dag.py took 0.492 seconds
[2024-07-15T10:04:58.780+0100] {processor.py:161} INFO - Started process (PID=17291) to work on /home/victor/airflow_env/lib/python3.10/site-packages/airflow/example_dags/tutorial_dag.py
[2024-07-15T10:04:58.784+0100] {processor.py:830} INFO - Processing file /home/victor/airflow_env/lib/python3.10/site-packages/airflow/example_dags/tutorial_dag.py for tasks to queue
[2024-07-15T10:04:58.791+0100] {logging_mixin.py:188} INFO - [2024-07-15T10:04:58.790+0100] {dagbag.py:545} INFO - Filling up the DagBag from /home/victor/airflow_env/lib/python3.10/site-packages/airflow/example_dags/tutorial_dag.py
[2024-07-15T10:04:58.815+0100] {processor.py:840} INFO - DAG(s) 'tutorial_dag' retrieved from /home/victor/airflow_env/lib/python3.10/site-packages/airflow/example_dags/tutorial_dag.py
[2024-07-15T10:04:58.903+0100] {logging_mixin.py:188} INFO - [2024-07-15T10:04:58.902+0100] {dag.py:3096} INFO - Sync 1 DAGs
[2024-07-15T10:04:58.965+0100] {logging_mixin.py:188} INFO - [2024-07-15T10:04:58.964+0100] {dag.py:3954} INFO - Setting next_dagrun for tutorial_dag to None, run_after=None
[2024-07-15T10:04:59.260+0100] {processor.py:183} INFO - Processing /home/victor/airflow_env/lib/python3.10/site-packages/airflow/example_dags/tutorial_dag.py took 0.509 seconds
[2024-07-15T10:06:25.073+0100] {processor.py:161} INFO - Started process (PID=17835) to work on /home/victor/airflow_env/lib/python3.10/site-packages/airflow/example_dags/tutorial_dag.py
[2024-07-15T10:06:25.087+0100] {processor.py:830} INFO - Processing file /home/victor/airflow_env/lib/python3.10/site-packages/airflow/example_dags/tutorial_dag.py for tasks to queue
[2024-07-15T10:06:25.106+0100] {logging_mixin.py:188} INFO - [2024-07-15T10:06:25.104+0100] {dagbag.py:545} INFO - Filling up the DagBag from /home/victor/airflow_env/lib/python3.10/site-packages/airflow/example_dags/tutorial_dag.py
[2024-07-15T10:06:25.184+0100] {processor.py:840} INFO - DAG(s) 'tutorial_dag' retrieved from /home/victor/airflow_env/lib/python3.10/site-packages/airflow/example_dags/tutorial_dag.py
[2024-07-15T10:06:25.319+0100] {logging_mixin.py:188} INFO - [2024-07-15T10:06:25.317+0100] {dag.py:3096} INFO - Sync 1 DAGs
[2024-07-15T10:06:25.414+0100] {logging_mixin.py:188} INFO - [2024-07-15T10:06:25.413+0100] {dag.py:3954} INFO - Setting next_dagrun for tutorial_dag to None, run_after=None
[2024-07-15T10:06:25.790+0100] {processor.py:183} INFO - Processing /home/victor/airflow_env/lib/python3.10/site-packages/airflow/example_dags/tutorial_dag.py took 0.776 seconds
[2024-07-15T10:08:01.572+0100] {processor.py:161} INFO - Started process (PID=18549) to work on /home/victor/airflow_env/lib/python3.10/site-packages/airflow/example_dags/tutorial_dag.py
[2024-07-15T10:08:01.576+0100] {processor.py:830} INFO - Processing file /home/victor/airflow_env/lib/python3.10/site-packages/airflow/example_dags/tutorial_dag.py for tasks to queue
[2024-07-15T10:08:01.583+0100] {logging_mixin.py:188} INFO - [2024-07-15T10:08:01.582+0100] {dagbag.py:545} INFO - Filling up the DagBag from /home/victor/airflow_env/lib/python3.10/site-packages/airflow/example_dags/tutorial_dag.py
[2024-07-15T10:08:01.610+0100] {processor.py:840} INFO - DAG(s) 'tutorial_dag' retrieved from /home/victor/airflow_env/lib/python3.10/site-packages/airflow/example_dags/tutorial_dag.py
[2024-07-15T10:08:01.713+0100] {logging_mixin.py:188} INFO - [2024-07-15T10:08:01.713+0100] {dag.py:3096} INFO - Sync 1 DAGs
[2024-07-15T10:08:01.803+0100] {logging_mixin.py:188} INFO - [2024-07-15T10:08:01.801+0100] {dag.py:3954} INFO - Setting next_dagrun for tutorial_dag to None, run_after=None
[2024-07-15T10:08:02.191+0100] {processor.py:183} INFO - Processing /home/victor/airflow_env/lib/python3.10/site-packages/airflow/example_dags/tutorial_dag.py took 0.652 seconds
[2024-07-15T10:09:28.147+0100] {processor.py:161} INFO - Started process (PID=19073) to work on /home/victor/airflow_env/lib/python3.10/site-packages/airflow/example_dags/tutorial_dag.py
[2024-07-15T10:09:28.151+0100] {processor.py:830} INFO - Processing file /home/victor/airflow_env/lib/python3.10/site-packages/airflow/example_dags/tutorial_dag.py for tasks to queue
[2024-07-15T10:09:28.158+0100] {logging_mixin.py:188} INFO - [2024-07-15T10:09:28.156+0100] {dagbag.py:545} INFO - Filling up the DagBag from /home/victor/airflow_env/lib/python3.10/site-packages/airflow/example_dags/tutorial_dag.py
[2024-07-15T10:09:28.184+0100] {processor.py:840} INFO - DAG(s) 'tutorial_dag' retrieved from /home/victor/airflow_env/lib/python3.10/site-packages/airflow/example_dags/tutorial_dag.py
[2024-07-15T10:09:28.284+0100] {logging_mixin.py:188} INFO - [2024-07-15T10:09:28.283+0100] {dag.py:3096} INFO - Sync 1 DAGs
[2024-07-15T10:09:28.349+0100] {logging_mixin.py:188} INFO - [2024-07-15T10:09:28.349+0100] {dag.py:3954} INFO - Setting next_dagrun for tutorial_dag to None, run_after=None
[2024-07-15T10:09:28.609+0100] {processor.py:183} INFO - Processing /home/victor/airflow_env/lib/python3.10/site-packages/airflow/example_dags/tutorial_dag.py took 0.487 seconds
[2024-07-15T10:11:00.952+0100] {processor.py:161} INFO - Started process (PID=19685) to work on /home/victor/airflow_env/lib/python3.10/site-packages/airflow/example_dags/tutorial_dag.py
[2024-07-15T10:11:00.956+0100] {processor.py:830} INFO - Processing file /home/victor/airflow_env/lib/python3.10/site-packages/airflow/example_dags/tutorial_dag.py for tasks to queue
[2024-07-15T10:11:00.964+0100] {logging_mixin.py:188} INFO - [2024-07-15T10:11:00.962+0100] {dagbag.py:545} INFO - Filling up the DagBag from /home/victor/airflow_env/lib/python3.10/site-packages/airflow/example_dags/tutorial_dag.py
[2024-07-15T10:11:01.000+0100] {processor.py:840} INFO - DAG(s) 'tutorial_dag' retrieved from /home/victor/airflow_env/lib/python3.10/site-packages/airflow/example_dags/tutorial_dag.py
[2024-07-15T10:11:01.113+0100] {logging_mixin.py:188} INFO - [2024-07-15T10:11:01.112+0100] {dag.py:3096} INFO - Sync 1 DAGs
[2024-07-15T10:11:01.195+0100] {logging_mixin.py:188} INFO - [2024-07-15T10:11:01.194+0100] {dag.py:3954} INFO - Setting next_dagrun for tutorial_dag to None, run_after=None
[2024-07-15T10:11:01.536+0100] {processor.py:183} INFO - Processing /home/victor/airflow_env/lib/python3.10/site-packages/airflow/example_dags/tutorial_dag.py took 0.622 seconds
[2024-07-15T10:12:27.756+0100] {processor.py:161} INFO - Started process (PID=20161) to work on /home/victor/airflow_env/lib/python3.10/site-packages/airflow/example_dags/tutorial_dag.py
[2024-07-15T10:12:27.761+0100] {processor.py:830} INFO - Processing file /home/victor/airflow_env/lib/python3.10/site-packages/airflow/example_dags/tutorial_dag.py for tasks to queue
[2024-07-15T10:12:27.771+0100] {logging_mixin.py:188} INFO - [2024-07-15T10:12:27.769+0100] {dagbag.py:545} INFO - Filling up the DagBag from /home/victor/airflow_env/lib/python3.10/site-packages/airflow/example_dags/tutorial_dag.py
[2024-07-15T10:12:27.796+0100] {processor.py:840} INFO - DAG(s) 'tutorial_dag' retrieved from /home/victor/airflow_env/lib/python3.10/site-packages/airflow/example_dags/tutorial_dag.py
[2024-07-15T10:12:27.886+0100] {logging_mixin.py:188} INFO - [2024-07-15T10:12:27.885+0100] {dag.py:3096} INFO - Sync 1 DAGs
[2024-07-15T10:12:27.949+0100] {logging_mixin.py:188} INFO - [2024-07-15T10:12:27.946+0100] {dag.py:3954} INFO - Setting next_dagrun for tutorial_dag to None, run_after=None
[2024-07-15T10:12:28.279+0100] {processor.py:183} INFO - Processing /home/victor/airflow_env/lib/python3.10/site-packages/airflow/example_dags/tutorial_dag.py took 0.551 seconds
[2024-07-15T10:13:50.025+0100] {processor.py:161} INFO - Started process (PID=20595) to work on /home/victor/airflow_env/lib/python3.10/site-packages/airflow/example_dags/tutorial_dag.py
[2024-07-15T10:13:50.029+0100] {processor.py:830} INFO - Processing file /home/victor/airflow_env/lib/python3.10/site-packages/airflow/example_dags/tutorial_dag.py for tasks to queue
[2024-07-15T10:13:50.036+0100] {logging_mixin.py:188} INFO - [2024-07-15T10:13:50.035+0100] {dagbag.py:545} INFO - Filling up the DagBag from /home/victor/airflow_env/lib/python3.10/site-packages/airflow/example_dags/tutorial_dag.py
[2024-07-15T10:13:50.060+0100] {processor.py:840} INFO - DAG(s) 'tutorial_dag' retrieved from /home/victor/airflow_env/lib/python3.10/site-packages/airflow/example_dags/tutorial_dag.py
[2024-07-15T10:13:50.149+0100] {logging_mixin.py:188} INFO - [2024-07-15T10:13:50.148+0100] {dag.py:3096} INFO - Sync 1 DAGs
[2024-07-15T10:13:50.210+0100] {logging_mixin.py:188} INFO - [2024-07-15T10:13:50.210+0100] {dag.py:3954} INFO - Setting next_dagrun for tutorial_dag to None, run_after=None
[2024-07-15T10:13:50.509+0100] {processor.py:183} INFO - Processing /home/victor/airflow_env/lib/python3.10/site-packages/airflow/example_dags/tutorial_dag.py took 0.508 seconds
[2024-07-15T10:15:17.383+0100] {processor.py:161} INFO - Started process (PID=21070) to work on /home/victor/airflow_env/lib/python3.10/site-packages/airflow/example_dags/tutorial_dag.py
[2024-07-15T10:15:17.387+0100] {processor.py:830} INFO - Processing file /home/victor/airflow_env/lib/python3.10/site-packages/airflow/example_dags/tutorial_dag.py for tasks to queue
[2024-07-15T10:15:17.401+0100] {logging_mixin.py:188} INFO - [2024-07-15T10:15:17.399+0100] {dagbag.py:545} INFO - Filling up the DagBag from /home/victor/airflow_env/lib/python3.10/site-packages/airflow/example_dags/tutorial_dag.py
[2024-07-15T10:15:17.452+0100] {processor.py:840} INFO - DAG(s) 'tutorial_dag' retrieved from /home/victor/airflow_env/lib/python3.10/site-packages/airflow/example_dags/tutorial_dag.py
[2024-07-15T10:15:17.629+0100] {logging_mixin.py:188} INFO - [2024-07-15T10:15:17.626+0100] {dag.py:3096} INFO - Sync 1 DAGs
[2024-07-15T10:15:17.762+0100] {logging_mixin.py:188} INFO - [2024-07-15T10:15:17.761+0100] {dag.py:3954} INFO - Setting next_dagrun for tutorial_dag to None, run_after=None
[2024-07-15T10:15:18.216+0100] {processor.py:183} INFO - Processing /home/victor/airflow_env/lib/python3.10/site-packages/airflow/example_dags/tutorial_dag.py took 0.881 seconds
[2024-07-15T10:16:48.186+0100] {processor.py:161} INFO - Started process (PID=21655) to work on /home/victor/airflow_env/lib/python3.10/site-packages/airflow/example_dags/tutorial_dag.py
[2024-07-15T10:16:48.211+0100] {processor.py:830} INFO - Processing file /home/victor/airflow_env/lib/python3.10/site-packages/airflow/example_dags/tutorial_dag.py for tasks to queue
[2024-07-15T10:16:48.237+0100] {logging_mixin.py:188} INFO - [2024-07-15T10:16:48.235+0100] {dagbag.py:545} INFO - Filling up the DagBag from /home/victor/airflow_env/lib/python3.10/site-packages/airflow/example_dags/tutorial_dag.py
[2024-07-15T10:16:48.267+0100] {processor.py:840} INFO - DAG(s) 'tutorial_dag' retrieved from /home/victor/airflow_env/lib/python3.10/site-packages/airflow/example_dags/tutorial_dag.py
[2024-07-15T10:16:48.374+0100] {logging_mixin.py:188} INFO - [2024-07-15T10:16:48.373+0100] {dag.py:3096} INFO - Sync 1 DAGs
[2024-07-15T10:16:48.480+0100] {logging_mixin.py:188} INFO - [2024-07-15T10:16:48.479+0100] {dag.py:3954} INFO - Setting next_dagrun for tutorial_dag to None, run_after=None
[2024-07-15T10:16:48.790+0100] {processor.py:183} INFO - Processing /home/victor/airflow_env/lib/python3.10/site-packages/airflow/example_dags/tutorial_dag.py took 0.644 seconds
[2024-07-15T10:18:10.651+0100] {processor.py:161} INFO - Started process (PID=22189) to work on /home/victor/airflow_env/lib/python3.10/site-packages/airflow/example_dags/tutorial_dag.py
[2024-07-15T10:18:10.665+0100] {processor.py:830} INFO - Processing file /home/victor/airflow_env/lib/python3.10/site-packages/airflow/example_dags/tutorial_dag.py for tasks to queue
[2024-07-15T10:18:10.673+0100] {logging_mixin.py:188} INFO - [2024-07-15T10:18:10.671+0100] {dagbag.py:545} INFO - Filling up the DagBag from /home/victor/airflow_env/lib/python3.10/site-packages/airflow/example_dags/tutorial_dag.py
[2024-07-15T10:18:10.714+0100] {processor.py:840} INFO - DAG(s) 'tutorial_dag' retrieved from /home/victor/airflow_env/lib/python3.10/site-packages/airflow/example_dags/tutorial_dag.py
[2024-07-15T10:18:10.839+0100] {logging_mixin.py:188} INFO - [2024-07-15T10:18:10.838+0100] {dag.py:3096} INFO - Sync 1 DAGs
[2024-07-15T10:18:10.926+0100] {logging_mixin.py:188} INFO - [2024-07-15T10:18:10.925+0100] {dag.py:3954} INFO - Setting next_dagrun for tutorial_dag to None, run_after=None
[2024-07-15T10:18:11.303+0100] {processor.py:183} INFO - Processing /home/victor/airflow_env/lib/python3.10/site-packages/airflow/example_dags/tutorial_dag.py took 0.682 seconds
[2024-07-15T10:19:46.509+0100] {processor.py:161} INFO - Started process (PID=22849) to work on /home/victor/airflow_env/lib/python3.10/site-packages/airflow/example_dags/tutorial_dag.py
[2024-07-15T10:19:46.513+0100] {processor.py:830} INFO - Processing file /home/victor/airflow_env/lib/python3.10/site-packages/airflow/example_dags/tutorial_dag.py for tasks to queue
[2024-07-15T10:19:46.521+0100] {logging_mixin.py:188} INFO - [2024-07-15T10:19:46.519+0100] {dagbag.py:545} INFO - Filling up the DagBag from /home/victor/airflow_env/lib/python3.10/site-packages/airflow/example_dags/tutorial_dag.py
[2024-07-15T10:19:46.547+0100] {processor.py:840} INFO - DAG(s) 'tutorial_dag' retrieved from /home/victor/airflow_env/lib/python3.10/site-packages/airflow/example_dags/tutorial_dag.py
[2024-07-15T10:19:46.663+0100] {logging_mixin.py:188} INFO - [2024-07-15T10:19:46.662+0100] {dag.py:3096} INFO - Sync 1 DAGs
[2024-07-15T10:19:46.730+0100] {logging_mixin.py:188} INFO - [2024-07-15T10:19:46.730+0100] {dag.py:3954} INFO - Setting next_dagrun for tutorial_dag to None, run_after=None
[2024-07-15T10:19:47.108+0100] {processor.py:183} INFO - Processing /home/victor/airflow_env/lib/python3.10/site-packages/airflow/example_dags/tutorial_dag.py took 0.628 seconds
[2024-07-15T10:21:43.679+0100] {processor.py:161} INFO - Started process (PID=23705) to work on /home/victor/airflow_env/lib/python3.10/site-packages/airflow/example_dags/tutorial_dag.py
[2024-07-15T10:21:43.694+0100] {processor.py:830} INFO - Processing file /home/victor/airflow_env/lib/python3.10/site-packages/airflow/example_dags/tutorial_dag.py for tasks to queue
[2024-07-15T10:21:43.702+0100] {logging_mixin.py:188} INFO - [2024-07-15T10:21:43.701+0100] {dagbag.py:545} INFO - Filling up the DagBag from /home/victor/airflow_env/lib/python3.10/site-packages/airflow/example_dags/tutorial_dag.py
[2024-07-15T10:21:43.728+0100] {processor.py:840} INFO - DAG(s) 'tutorial_dag' retrieved from /home/victor/airflow_env/lib/python3.10/site-packages/airflow/example_dags/tutorial_dag.py
[2024-07-15T10:21:43.861+0100] {logging_mixin.py:188} INFO - [2024-07-15T10:21:43.859+0100] {dag.py:3096} INFO - Sync 1 DAGs
[2024-07-15T10:21:43.983+0100] {logging_mixin.py:188} INFO - [2024-07-15T10:21:43.982+0100] {dag.py:3954} INFO - Setting next_dagrun for tutorial_dag to None, run_after=None
[2024-07-15T10:21:44.397+0100] {processor.py:183} INFO - Processing /home/victor/airflow_env/lib/python3.10/site-packages/airflow/example_dags/tutorial_dag.py took 0.756 seconds
[2024-07-15T10:23:49.760+0100] {processor.py:161} INFO - Started process (PID=24837) to work on /home/victor/airflow_env/lib/python3.10/site-packages/airflow/example_dags/tutorial_dag.py
[2024-07-15T10:23:49.772+0100] {processor.py:830} INFO - Processing file /home/victor/airflow_env/lib/python3.10/site-packages/airflow/example_dags/tutorial_dag.py for tasks to queue
[2024-07-15T10:23:49.795+0100] {logging_mixin.py:188} INFO - [2024-07-15T10:23:49.793+0100] {dagbag.py:545} INFO - Filling up the DagBag from /home/victor/airflow_env/lib/python3.10/site-packages/airflow/example_dags/tutorial_dag.py
[2024-07-15T10:23:49.853+0100] {processor.py:840} INFO - DAG(s) 'tutorial_dag' retrieved from /home/victor/airflow_env/lib/python3.10/site-packages/airflow/example_dags/tutorial_dag.py
[2024-07-15T10:23:50.123+0100] {logging_mixin.py:188} INFO - [2024-07-15T10:23:50.122+0100] {dag.py:3096} INFO - Sync 1 DAGs
[2024-07-15T10:23:50.306+0100] {logging_mixin.py:188} INFO - [2024-07-15T10:23:50.295+0100] {dag.py:3954} INFO - Setting next_dagrun for tutorial_dag to None, run_after=None
[2024-07-15T10:23:50.907+0100] {processor.py:183} INFO - Processing /home/victor/airflow_env/lib/python3.10/site-packages/airflow/example_dags/tutorial_dag.py took 1.192 seconds
[2024-07-15T10:25:37.590+0100] {processor.py:161} INFO - Started process (PID=25479) to work on /home/victor/airflow_env/lib/python3.10/site-packages/airflow/example_dags/tutorial_dag.py
[2024-07-15T10:25:37.599+0100] {processor.py:830} INFO - Processing file /home/victor/airflow_env/lib/python3.10/site-packages/airflow/example_dags/tutorial_dag.py for tasks to queue
[2024-07-15T10:25:37.610+0100] {logging_mixin.py:188} INFO - [2024-07-15T10:25:37.605+0100] {dagbag.py:545} INFO - Filling up the DagBag from /home/victor/airflow_env/lib/python3.10/site-packages/airflow/example_dags/tutorial_dag.py
[2024-07-15T10:25:37.646+0100] {processor.py:840} INFO - DAG(s) 'tutorial_dag' retrieved from /home/victor/airflow_env/lib/python3.10/site-packages/airflow/example_dags/tutorial_dag.py
[2024-07-15T10:25:37.784+0100] {logging_mixin.py:188} INFO - [2024-07-15T10:25:37.782+0100] {dag.py:3096} INFO - Sync 1 DAGs
[2024-07-15T10:25:37.862+0100] {logging_mixin.py:188} INFO - [2024-07-15T10:25:37.861+0100] {dag.py:3954} INFO - Setting next_dagrun for tutorial_dag to None, run_after=None
[2024-07-15T10:25:38.201+0100] {processor.py:183} INFO - Processing /home/victor/airflow_env/lib/python3.10/site-packages/airflow/example_dags/tutorial_dag.py took 0.653 seconds
[2024-07-15T10:27:25.993+0100] {processor.py:161} INFO - Started process (PID=26295) to work on /home/victor/airflow_env/lib/python3.10/site-packages/airflow/example_dags/tutorial_dag.py
[2024-07-15T10:27:25.997+0100] {processor.py:830} INFO - Processing file /home/victor/airflow_env/lib/python3.10/site-packages/airflow/example_dags/tutorial_dag.py for tasks to queue
[2024-07-15T10:27:26.005+0100] {logging_mixin.py:188} INFO - [2024-07-15T10:27:26.003+0100] {dagbag.py:545} INFO - Filling up the DagBag from /home/victor/airflow_env/lib/python3.10/site-packages/airflow/example_dags/tutorial_dag.py
[2024-07-15T10:27:26.033+0100] {processor.py:840} INFO - DAG(s) 'tutorial_dag' retrieved from /home/victor/airflow_env/lib/python3.10/site-packages/airflow/example_dags/tutorial_dag.py
[2024-07-15T10:27:26.152+0100] {logging_mixin.py:188} INFO - [2024-07-15T10:27:26.151+0100] {dag.py:3096} INFO - Sync 1 DAGs
[2024-07-15T10:27:26.243+0100] {logging_mixin.py:188} INFO - [2024-07-15T10:27:26.242+0100] {dag.py:3954} INFO - Setting next_dagrun for tutorial_dag to None, run_after=None
[2024-07-15T10:27:26.757+0100] {processor.py:183} INFO - Processing /home/victor/airflow_env/lib/python3.10/site-packages/airflow/example_dags/tutorial_dag.py took 0.800 seconds
[2024-07-15T10:28:54.830+0100] {processor.py:161} INFO - Started process (PID=26776) to work on /home/victor/airflow_env/lib/python3.10/site-packages/airflow/example_dags/tutorial_dag.py
[2024-07-15T10:28:54.833+0100] {processor.py:830} INFO - Processing file /home/victor/airflow_env/lib/python3.10/site-packages/airflow/example_dags/tutorial_dag.py for tasks to queue
[2024-07-15T10:28:54.841+0100] {logging_mixin.py:188} INFO - [2024-07-15T10:28:54.839+0100] {dagbag.py:545} INFO - Filling up the DagBag from /home/victor/airflow_env/lib/python3.10/site-packages/airflow/example_dags/tutorial_dag.py
[2024-07-15T10:28:54.866+0100] {processor.py:840} INFO - DAG(s) 'tutorial_dag' retrieved from /home/victor/airflow_env/lib/python3.10/site-packages/airflow/example_dags/tutorial_dag.py
[2024-07-15T10:28:54.956+0100] {logging_mixin.py:188} INFO - [2024-07-15T10:28:54.955+0100] {dag.py:3096} INFO - Sync 1 DAGs
[2024-07-15T10:28:55.043+0100] {logging_mixin.py:188} INFO - [2024-07-15T10:28:55.042+0100] {dag.py:3954} INFO - Setting next_dagrun for tutorial_dag to None, run_after=None
[2024-07-15T10:28:55.294+0100] {processor.py:183} INFO - Processing /home/victor/airflow_env/lib/python3.10/site-packages/airflow/example_dags/tutorial_dag.py took 0.490 seconds
[2024-07-15T10:30:12.312+0100] {processor.py:161} INFO - Started process (PID=27193) to work on /home/victor/airflow_env/lib/python3.10/site-packages/airflow/example_dags/tutorial_dag.py
[2024-07-15T10:30:12.315+0100] {processor.py:830} INFO - Processing file /home/victor/airflow_env/lib/python3.10/site-packages/airflow/example_dags/tutorial_dag.py for tasks to queue
[2024-07-15T10:30:12.322+0100] {logging_mixin.py:188} INFO - [2024-07-15T10:30:12.321+0100] {dagbag.py:545} INFO - Filling up the DagBag from /home/victor/airflow_env/lib/python3.10/site-packages/airflow/example_dags/tutorial_dag.py
[2024-07-15T10:30:12.346+0100] {processor.py:840} INFO - DAG(s) 'tutorial_dag' retrieved from /home/victor/airflow_env/lib/python3.10/site-packages/airflow/example_dags/tutorial_dag.py
[2024-07-15T10:30:12.433+0100] {logging_mixin.py:188} INFO - [2024-07-15T10:30:12.432+0100] {dag.py:3096} INFO - Sync 1 DAGs
[2024-07-15T10:30:12.493+0100] {logging_mixin.py:188} INFO - [2024-07-15T10:30:12.493+0100] {dag.py:3954} INFO - Setting next_dagrun for tutorial_dag to None, run_after=None
[2024-07-15T10:30:12.765+0100] {processor.py:183} INFO - Processing /home/victor/airflow_env/lib/python3.10/site-packages/airflow/example_dags/tutorial_dag.py took 0.479 seconds
[2024-07-15T10:31:31.571+0100] {processor.py:161} INFO - Started process (PID=27601) to work on /home/victor/airflow_env/lib/python3.10/site-packages/airflow/example_dags/tutorial_dag.py
[2024-07-15T10:31:31.575+0100] {processor.py:830} INFO - Processing file /home/victor/airflow_env/lib/python3.10/site-packages/airflow/example_dags/tutorial_dag.py for tasks to queue
[2024-07-15T10:31:31.581+0100] {logging_mixin.py:188} INFO - [2024-07-15T10:31:31.580+0100] {dagbag.py:545} INFO - Filling up the DagBag from /home/victor/airflow_env/lib/python3.10/site-packages/airflow/example_dags/tutorial_dag.py
[2024-07-15T10:31:31.612+0100] {processor.py:840} INFO - DAG(s) 'tutorial_dag' retrieved from /home/victor/airflow_env/lib/python3.10/site-packages/airflow/example_dags/tutorial_dag.py
[2024-07-15T10:31:31.721+0100] {logging_mixin.py:188} INFO - [2024-07-15T10:31:31.720+0100] {dag.py:3096} INFO - Sync 1 DAGs
[2024-07-15T10:31:31.803+0100] {logging_mixin.py:188} INFO - [2024-07-15T10:31:31.801+0100] {dag.py:3954} INFO - Setting next_dagrun for tutorial_dag to None, run_after=None
[2024-07-15T10:31:32.140+0100] {processor.py:183} INFO - Processing /home/victor/airflow_env/lib/python3.10/site-packages/airflow/example_dags/tutorial_dag.py took 0.596 seconds
[2024-07-15T10:32:57.376+0100] {processor.py:161} INFO - Started process (PID=28074) to work on /home/victor/airflow_env/lib/python3.10/site-packages/airflow/example_dags/tutorial_dag.py
[2024-07-15T10:32:57.382+0100] {processor.py:830} INFO - Processing file /home/victor/airflow_env/lib/python3.10/site-packages/airflow/example_dags/tutorial_dag.py for tasks to queue
[2024-07-15T10:32:57.392+0100] {logging_mixin.py:188} INFO - [2024-07-15T10:32:57.390+0100] {dagbag.py:545} INFO - Filling up the DagBag from /home/victor/airflow_env/lib/python3.10/site-packages/airflow/example_dags/tutorial_dag.py
[2024-07-15T10:32:57.441+0100] {processor.py:840} INFO - DAG(s) 'tutorial_dag' retrieved from /home/victor/airflow_env/lib/python3.10/site-packages/airflow/example_dags/tutorial_dag.py
[2024-07-15T10:32:57.565+0100] {logging_mixin.py:188} INFO - [2024-07-15T10:32:57.564+0100] {dag.py:3096} INFO - Sync 1 DAGs
[2024-07-15T10:32:57.643+0100] {logging_mixin.py:188} INFO - [2024-07-15T10:32:57.642+0100] {dag.py:3954} INFO - Setting next_dagrun for tutorial_dag to None, run_after=None
[2024-07-15T10:32:57.926+0100] {processor.py:183} INFO - Processing /home/victor/airflow_env/lib/python3.10/site-packages/airflow/example_dags/tutorial_dag.py took 0.593 seconds
[2024-07-15T10:34:30.741+0100] {processor.py:161} INFO - Started process (PID=28794) to work on /home/victor/airflow_env/lib/python3.10/site-packages/airflow/example_dags/tutorial_dag.py
[2024-07-15T10:34:30.745+0100] {processor.py:830} INFO - Processing file /home/victor/airflow_env/lib/python3.10/site-packages/airflow/example_dags/tutorial_dag.py for tasks to queue
[2024-07-15T10:34:30.753+0100] {logging_mixin.py:188} INFO - [2024-07-15T10:34:30.751+0100] {dagbag.py:545} INFO - Filling up the DagBag from /home/victor/airflow_env/lib/python3.10/site-packages/airflow/example_dags/tutorial_dag.py
[2024-07-15T10:34:30.780+0100] {processor.py:840} INFO - DAG(s) 'tutorial_dag' retrieved from /home/victor/airflow_env/lib/python3.10/site-packages/airflow/example_dags/tutorial_dag.py
[2024-07-15T10:34:30.883+0100] {logging_mixin.py:188} INFO - [2024-07-15T10:34:30.882+0100] {dag.py:3096} INFO - Sync 1 DAGs
[2024-07-15T10:34:30.960+0100] {logging_mixin.py:188} INFO - [2024-07-15T10:34:30.955+0100] {dag.py:3954} INFO - Setting next_dagrun for tutorial_dag to None, run_after=None
[2024-07-15T10:34:31.479+0100] {processor.py:183} INFO - Processing /home/victor/airflow_env/lib/python3.10/site-packages/airflow/example_dags/tutorial_dag.py took 0.765 seconds
[2024-07-15T10:35:49.880+0100] {processor.py:161} INFO - Started process (PID=29204) to work on /home/victor/airflow_env/lib/python3.10/site-packages/airflow/example_dags/tutorial_dag.py
[2024-07-15T10:35:49.884+0100] {processor.py:830} INFO - Processing file /home/victor/airflow_env/lib/python3.10/site-packages/airflow/example_dags/tutorial_dag.py for tasks to queue
[2024-07-15T10:35:49.892+0100] {logging_mixin.py:188} INFO - [2024-07-15T10:35:49.890+0100] {dagbag.py:545} INFO - Filling up the DagBag from /home/victor/airflow_env/lib/python3.10/site-packages/airflow/example_dags/tutorial_dag.py
[2024-07-15T10:35:49.919+0100] {processor.py:840} INFO - DAG(s) 'tutorial_dag' retrieved from /home/victor/airflow_env/lib/python3.10/site-packages/airflow/example_dags/tutorial_dag.py
[2024-07-15T10:35:50.030+0100] {logging_mixin.py:188} INFO - [2024-07-15T10:35:50.029+0100] {dag.py:3096} INFO - Sync 1 DAGs
[2024-07-15T10:35:50.100+0100] {logging_mixin.py:188} INFO - [2024-07-15T10:35:50.100+0100] {dag.py:3954} INFO - Setting next_dagrun for tutorial_dag to None, run_after=None
[2024-07-15T10:35:50.398+0100] {processor.py:183} INFO - Processing /home/victor/airflow_env/lib/python3.10/site-packages/airflow/example_dags/tutorial_dag.py took 0.544 seconds
[2024-07-15T10:37:13.180+0100] {processor.py:161} INFO - Started process (PID=29693) to work on /home/victor/airflow_env/lib/python3.10/site-packages/airflow/example_dags/tutorial_dag.py
[2024-07-15T10:37:13.184+0100] {processor.py:830} INFO - Processing file /home/victor/airflow_env/lib/python3.10/site-packages/airflow/example_dags/tutorial_dag.py for tasks to queue
[2024-07-15T10:37:13.191+0100] {logging_mixin.py:188} INFO - [2024-07-15T10:37:13.189+0100] {dagbag.py:545} INFO - Filling up the DagBag from /home/victor/airflow_env/lib/python3.10/site-packages/airflow/example_dags/tutorial_dag.py
[2024-07-15T10:37:13.218+0100] {processor.py:840} INFO - DAG(s) 'tutorial_dag' retrieved from /home/victor/airflow_env/lib/python3.10/site-packages/airflow/example_dags/tutorial_dag.py
[2024-07-15T10:37:13.329+0100] {logging_mixin.py:188} INFO - [2024-07-15T10:37:13.327+0100] {dag.py:3096} INFO - Sync 1 DAGs
[2024-07-15T10:37:13.400+0100] {logging_mixin.py:188} INFO - [2024-07-15T10:37:13.399+0100] {dag.py:3954} INFO - Setting next_dagrun for tutorial_dag to None, run_after=None
[2024-07-15T10:37:13.903+0100] {processor.py:183} INFO - Processing /home/victor/airflow_env/lib/python3.10/site-packages/airflow/example_dags/tutorial_dag.py took 0.749 seconds
[2024-07-15T10:38:42.793+0100] {processor.py:161} INFO - Started process (PID=30200) to work on /home/victor/airflow_env/lib/python3.10/site-packages/airflow/example_dags/tutorial_dag.py
[2024-07-15T10:38:42.797+0100] {processor.py:830} INFO - Processing file /home/victor/airflow_env/lib/python3.10/site-packages/airflow/example_dags/tutorial_dag.py for tasks to queue
[2024-07-15T10:38:42.807+0100] {logging_mixin.py:188} INFO - [2024-07-15T10:38:42.805+0100] {dagbag.py:545} INFO - Filling up the DagBag from /home/victor/airflow_env/lib/python3.10/site-packages/airflow/example_dags/tutorial_dag.py
[2024-07-15T10:38:42.835+0100] {processor.py:840} INFO - DAG(s) 'tutorial_dag' retrieved from /home/victor/airflow_env/lib/python3.10/site-packages/airflow/example_dags/tutorial_dag.py
[2024-07-15T10:38:42.939+0100] {logging_mixin.py:188} INFO - [2024-07-15T10:38:42.937+0100] {dag.py:3096} INFO - Sync 1 DAGs
[2024-07-15T10:38:43.053+0100] {logging_mixin.py:188} INFO - [2024-07-15T10:38:43.052+0100] {dag.py:3954} INFO - Setting next_dagrun for tutorial_dag to None, run_after=None
[2024-07-15T10:38:43.444+0100] {processor.py:183} INFO - Processing /home/victor/airflow_env/lib/python3.10/site-packages/airflow/example_dags/tutorial_dag.py took 0.685 seconds
[2024-07-15T10:39:54.997+0100] {processor.py:161} INFO - Started process (PID=30575) to work on /home/victor/airflow_env/lib/python3.10/site-packages/airflow/example_dags/tutorial_dag.py
[2024-07-15T10:39:55.001+0100] {processor.py:830} INFO - Processing file /home/victor/airflow_env/lib/python3.10/site-packages/airflow/example_dags/tutorial_dag.py for tasks to queue
[2024-07-15T10:39:55.009+0100] {logging_mixin.py:188} INFO - [2024-07-15T10:39:55.007+0100] {dagbag.py:545} INFO - Filling up the DagBag from /home/victor/airflow_env/lib/python3.10/site-packages/airflow/example_dags/tutorial_dag.py
[2024-07-15T10:39:55.033+0100] {processor.py:840} INFO - DAG(s) 'tutorial_dag' retrieved from /home/victor/airflow_env/lib/python3.10/site-packages/airflow/example_dags/tutorial_dag.py
[2024-07-15T10:39:55.122+0100] {logging_mixin.py:188} INFO - [2024-07-15T10:39:55.122+0100] {dag.py:3096} INFO - Sync 1 DAGs
[2024-07-15T10:39:55.183+0100] {logging_mixin.py:188} INFO - [2024-07-15T10:39:55.182+0100] {dag.py:3954} INFO - Setting next_dagrun for tutorial_dag to None, run_after=None
[2024-07-15T10:39:55.474+0100] {processor.py:183} INFO - Processing /home/victor/airflow_env/lib/python3.10/site-packages/airflow/example_dags/tutorial_dag.py took 0.503 seconds
[2024-07-15T10:41:08.321+0100] {processor.py:161} INFO - Started process (PID=30953) to work on /home/victor/airflow_env/lib/python3.10/site-packages/airflow/example_dags/tutorial_dag.py
[2024-07-15T10:41:08.325+0100] {processor.py:830} INFO - Processing file /home/victor/airflow_env/lib/python3.10/site-packages/airflow/example_dags/tutorial_dag.py for tasks to queue
[2024-07-15T10:41:08.332+0100] {logging_mixin.py:188} INFO - [2024-07-15T10:41:08.330+0100] {dagbag.py:545} INFO - Filling up the DagBag from /home/victor/airflow_env/lib/python3.10/site-packages/airflow/example_dags/tutorial_dag.py
[2024-07-15T10:41:08.358+0100] {processor.py:840} INFO - DAG(s) 'tutorial_dag' retrieved from /home/victor/airflow_env/lib/python3.10/site-packages/airflow/example_dags/tutorial_dag.py
[2024-07-15T10:41:08.463+0100] {logging_mixin.py:188} INFO - [2024-07-15T10:41:08.461+0100] {dag.py:3096} INFO - Sync 1 DAGs
[2024-07-15T10:41:08.533+0100] {logging_mixin.py:188} INFO - [2024-07-15T10:41:08.533+0100] {dag.py:3954} INFO - Setting next_dagrun for tutorial_dag to None, run_after=None
[2024-07-15T10:41:09.004+0100] {processor.py:183} INFO - Processing /home/victor/airflow_env/lib/python3.10/site-packages/airflow/example_dags/tutorial_dag.py took 0.709 seconds
[2024-07-15T10:42:25.902+0100] {processor.py:161} INFO - Started process (PID=31354) to work on /home/victor/airflow_env/lib/python3.10/site-packages/airflow/example_dags/tutorial_dag.py
[2024-07-15T10:42:25.907+0100] {processor.py:830} INFO - Processing file /home/victor/airflow_env/lib/python3.10/site-packages/airflow/example_dags/tutorial_dag.py for tasks to queue
[2024-07-15T10:42:25.914+0100] {logging_mixin.py:188} INFO - [2024-07-15T10:42:25.912+0100] {dagbag.py:545} INFO - Filling up the DagBag from /home/victor/airflow_env/lib/python3.10/site-packages/airflow/example_dags/tutorial_dag.py
[2024-07-15T10:42:25.942+0100] {processor.py:840} INFO - DAG(s) 'tutorial_dag' retrieved from /home/victor/airflow_env/lib/python3.10/site-packages/airflow/example_dags/tutorial_dag.py
[2024-07-15T10:42:26.039+0100] {logging_mixin.py:188} INFO - [2024-07-15T10:42:26.037+0100] {dag.py:3096} INFO - Sync 1 DAGs
[2024-07-15T10:42:26.115+0100] {logging_mixin.py:188} INFO - [2024-07-15T10:42:26.114+0100] {dag.py:3954} INFO - Setting next_dagrun for tutorial_dag to None, run_after=None
[2024-07-15T10:42:26.441+0100] {processor.py:183} INFO - Processing /home/victor/airflow_env/lib/python3.10/site-packages/airflow/example_dags/tutorial_dag.py took 0.567 seconds
[2024-07-15T10:43:44.570+0100] {processor.py:161} INFO - Started process (PID=31784) to work on /home/victor/airflow_env/lib/python3.10/site-packages/airflow/example_dags/tutorial_dag.py
[2024-07-15T10:43:44.577+0100] {processor.py:830} INFO - Processing file /home/victor/airflow_env/lib/python3.10/site-packages/airflow/example_dags/tutorial_dag.py for tasks to queue
[2024-07-15T10:43:44.585+0100] {logging_mixin.py:188} INFO - [2024-07-15T10:43:44.583+0100] {dagbag.py:545} INFO - Filling up the DagBag from /home/victor/airflow_env/lib/python3.10/site-packages/airflow/example_dags/tutorial_dag.py
[2024-07-15T10:43:44.646+0100] {processor.py:840} INFO - DAG(s) 'tutorial_dag' retrieved from /home/victor/airflow_env/lib/python3.10/site-packages/airflow/example_dags/tutorial_dag.py
[2024-07-15T10:43:44.789+0100] {logging_mixin.py:188} INFO - [2024-07-15T10:43:44.788+0100] {dag.py:3096} INFO - Sync 1 DAGs
[2024-07-15T10:43:44.862+0100] {logging_mixin.py:188} INFO - [2024-07-15T10:43:44.861+0100] {dag.py:3954} INFO - Setting next_dagrun for tutorial_dag to None, run_after=None
[2024-07-15T10:43:45.148+0100] {processor.py:183} INFO - Processing /home/victor/airflow_env/lib/python3.10/site-packages/airflow/example_dags/tutorial_dag.py took 0.615 seconds
[2024-07-15T10:44:56.744+0100] {processor.py:161} INFO - Started process (PID=32160) to work on /home/victor/airflow_env/lib/python3.10/site-packages/airflow/example_dags/tutorial_dag.py
[2024-07-15T10:44:56.748+0100] {processor.py:830} INFO - Processing file /home/victor/airflow_env/lib/python3.10/site-packages/airflow/example_dags/tutorial_dag.py for tasks to queue
[2024-07-15T10:44:56.755+0100] {logging_mixin.py:188} INFO - [2024-07-15T10:44:56.754+0100] {dagbag.py:545} INFO - Filling up the DagBag from /home/victor/airflow_env/lib/python3.10/site-packages/airflow/example_dags/tutorial_dag.py
[2024-07-15T10:44:56.779+0100] {processor.py:840} INFO - DAG(s) 'tutorial_dag' retrieved from /home/victor/airflow_env/lib/python3.10/site-packages/airflow/example_dags/tutorial_dag.py
[2024-07-15T10:44:56.873+0100] {logging_mixin.py:188} INFO - [2024-07-15T10:44:56.872+0100] {dag.py:3096} INFO - Sync 1 DAGs
[2024-07-15T10:44:56.937+0100] {logging_mixin.py:188} INFO - [2024-07-15T10:44:56.937+0100] {dag.py:3954} INFO - Setting next_dagrun for tutorial_dag to None, run_after=None
[2024-07-15T10:44:57.192+0100] {processor.py:183} INFO - Processing /home/victor/airflow_env/lib/python3.10/site-packages/airflow/example_dags/tutorial_dag.py took 0.473 seconds
[2024-07-15T10:46:07.988+0100] {processor.py:161} INFO - Started process (PID=32529) to work on /home/victor/airflow_env/lib/python3.10/site-packages/airflow/example_dags/tutorial_dag.py
[2024-07-15T10:46:07.993+0100] {processor.py:830} INFO - Processing file /home/victor/airflow_env/lib/python3.10/site-packages/airflow/example_dags/tutorial_dag.py for tasks to queue
[2024-07-15T10:46:08.008+0100] {logging_mixin.py:188} INFO - [2024-07-15T10:46:08.006+0100] {dagbag.py:545} INFO - Filling up the DagBag from /home/victor/airflow_env/lib/python3.10/site-packages/airflow/example_dags/tutorial_dag.py
[2024-07-15T10:46:08.032+0100] {processor.py:840} INFO - DAG(s) 'tutorial_dag' retrieved from /home/victor/airflow_env/lib/python3.10/site-packages/airflow/example_dags/tutorial_dag.py
[2024-07-15T10:46:08.123+0100] {logging_mixin.py:188} INFO - [2024-07-15T10:46:08.122+0100] {dag.py:3096} INFO - Sync 1 DAGs
[2024-07-15T10:46:08.190+0100] {logging_mixin.py:188} INFO - [2024-07-15T10:46:08.189+0100] {dag.py:3954} INFO - Setting next_dagrun for tutorial_dag to None, run_after=None
[2024-07-15T10:46:08.465+0100] {processor.py:183} INFO - Processing /home/victor/airflow_env/lib/python3.10/site-packages/airflow/example_dags/tutorial_dag.py took 0.504 seconds
[2024-07-15T10:47:28.573+0100] {processor.py:161} INFO - Started process (PID=32966) to work on /home/victor/airflow_env/lib/python3.10/site-packages/airflow/example_dags/tutorial_dag.py
[2024-07-15T10:47:28.579+0100] {processor.py:830} INFO - Processing file /home/victor/airflow_env/lib/python3.10/site-packages/airflow/example_dags/tutorial_dag.py for tasks to queue
[2024-07-15T10:47:28.592+0100] {logging_mixin.py:188} INFO - [2024-07-15T10:47:28.590+0100] {dagbag.py:545} INFO - Filling up the DagBag from /home/victor/airflow_env/lib/python3.10/site-packages/airflow/example_dags/tutorial_dag.py
[2024-07-15T10:47:28.619+0100] {processor.py:840} INFO - DAG(s) 'tutorial_dag' retrieved from /home/victor/airflow_env/lib/python3.10/site-packages/airflow/example_dags/tutorial_dag.py
[2024-07-15T10:47:28.724+0100] {logging_mixin.py:188} INFO - [2024-07-15T10:47:28.723+0100] {dag.py:3096} INFO - Sync 1 DAGs
[2024-07-15T10:47:28.794+0100] {logging_mixin.py:188} INFO - [2024-07-15T10:47:28.793+0100] {dag.py:3954} INFO - Setting next_dagrun for tutorial_dag to None, run_after=None
[2024-07-15T10:47:29.140+0100] {processor.py:183} INFO - Processing /home/victor/airflow_env/lib/python3.10/site-packages/airflow/example_dags/tutorial_dag.py took 0.599 seconds
[2024-07-15T10:48:50.053+0100] {processor.py:161} INFO - Started process (PID=33396) to work on /home/victor/airflow_env/lib/python3.10/site-packages/airflow/example_dags/tutorial_dag.py
[2024-07-15T10:48:50.058+0100] {processor.py:830} INFO - Processing file /home/victor/airflow_env/lib/python3.10/site-packages/airflow/example_dags/tutorial_dag.py for tasks to queue
[2024-07-15T10:48:50.065+0100] {logging_mixin.py:188} INFO - [2024-07-15T10:48:50.063+0100] {dagbag.py:545} INFO - Filling up the DagBag from /home/victor/airflow_env/lib/python3.10/site-packages/airflow/example_dags/tutorial_dag.py
[2024-07-15T10:48:50.093+0100] {processor.py:840} INFO - DAG(s) 'tutorial_dag' retrieved from /home/victor/airflow_env/lib/python3.10/site-packages/airflow/example_dags/tutorial_dag.py
[2024-07-15T10:48:50.423+0100] {logging_mixin.py:188} INFO - [2024-07-15T10:48:50.421+0100] {dag.py:3096} INFO - Sync 1 DAGs
[2024-07-15T10:48:50.556+0100] {logging_mixin.py:188} INFO - [2024-07-15T10:48:50.555+0100] {dag.py:3954} INFO - Setting next_dagrun for tutorial_dag to None, run_after=None
[2024-07-15T10:48:51.009+0100] {processor.py:183} INFO - Processing /home/victor/airflow_env/lib/python3.10/site-packages/airflow/example_dags/tutorial_dag.py took 0.995 seconds
[2024-07-15T10:50:29.122+0100] {processor.py:161} INFO - Started process (PID=34175) to work on /home/victor/airflow_env/lib/python3.10/site-packages/airflow/example_dags/tutorial_dag.py
[2024-07-15T10:50:29.126+0100] {processor.py:830} INFO - Processing file /home/victor/airflow_env/lib/python3.10/site-packages/airflow/example_dags/tutorial_dag.py for tasks to queue
[2024-07-15T10:50:29.134+0100] {logging_mixin.py:188} INFO - [2024-07-15T10:50:29.131+0100] {dagbag.py:545} INFO - Filling up the DagBag from /home/victor/airflow_env/lib/python3.10/site-packages/airflow/example_dags/tutorial_dag.py
[2024-07-15T10:50:29.169+0100] {processor.py:840} INFO - DAG(s) 'tutorial_dag' retrieved from /home/victor/airflow_env/lib/python3.10/site-packages/airflow/example_dags/tutorial_dag.py
[2024-07-15T10:50:29.307+0100] {logging_mixin.py:188} INFO - [2024-07-15T10:50:29.306+0100] {dag.py:3096} INFO - Sync 1 DAGs
[2024-07-15T10:50:29.425+0100] {logging_mixin.py:188} INFO - [2024-07-15T10:50:29.424+0100] {dag.py:3954} INFO - Setting next_dagrun for tutorial_dag to None, run_after=None
[2024-07-15T10:50:29.827+0100] {processor.py:183} INFO - Processing /home/victor/airflow_env/lib/python3.10/site-packages/airflow/example_dags/tutorial_dag.py took 0.744 seconds
