[2024-07-15T09:47:26.598+0100] {processor.py:161} INFO - Started process (PID=9719) to work on /home/victor/airflow_env/lib/python3.10/site-packages/airflow/example_dags/tutorial_taskflow_api_virtualenv.py
[2024-07-15T09:47:26.603+0100] {processor.py:830} INFO - Processing file /home/victor/airflow_env/lib/python3.10/site-packages/airflow/example_dags/tutorial_taskflow_api_virtualenv.py for tasks to queue
[2024-07-15T09:47:26.610+0100] {logging_mixin.py:188} INFO - [2024-07-15T09:47:26.608+0100] {dagbag.py:545} INFO - Filling up the DagBag from /home/victor/airflow_env/lib/python3.10/site-packages/airflow/example_dags/tutorial_taskflow_api_virtualenv.py
[2024-07-15T09:47:26.658+0100] {processor.py:840} INFO - DAG(s) 'tutorial_taskflow_api_virtualenv' retrieved from /home/victor/airflow_env/lib/python3.10/site-packages/airflow/example_dags/tutorial_taskflow_api_virtualenv.py
[2024-07-15T09:47:27.483+0100] {logging_mixin.py:188} INFO - [2024-07-15T09:47:27.482+0100] {dag.py:3096} INFO - Sync 1 DAGs
[2024-07-15T09:47:27.816+0100] {logging_mixin.py:188} INFO - [2024-07-15T09:47:27.815+0100] {dag.py:3954} INFO - Setting next_dagrun for tutorial_taskflow_api_virtualenv to None, run_after=None
[2024-07-15T09:47:28.537+0100] {processor.py:183} INFO - Processing /home/victor/airflow_env/lib/python3.10/site-packages/airflow/example_dags/tutorial_taskflow_api_virtualenv.py took 1.962 seconds
[2024-07-15T09:50:02.848+0100] {processor.py:161} INFO - Started process (PID=11072) to work on /home/victor/airflow_env/lib/python3.10/site-packages/airflow/example_dags/tutorial_taskflow_api_virtualenv.py
[2024-07-15T09:50:02.853+0100] {processor.py:830} INFO - Processing file /home/victor/airflow_env/lib/python3.10/site-packages/airflow/example_dags/tutorial_taskflow_api_virtualenv.py for tasks to queue
[2024-07-15T09:50:02.860+0100] {logging_mixin.py:188} INFO - [2024-07-15T09:50:02.859+0100] {dagbag.py:545} INFO - Filling up the DagBag from /home/victor/airflow_env/lib/python3.10/site-packages/airflow/example_dags/tutorial_taskflow_api_virtualenv.py
[2024-07-15T09:50:02.905+0100] {processor.py:840} INFO - DAG(s) 'tutorial_taskflow_api_virtualenv' retrieved from /home/victor/airflow_env/lib/python3.10/site-packages/airflow/example_dags/tutorial_taskflow_api_virtualenv.py
[2024-07-15T09:50:03.002+0100] {logging_mixin.py:188} INFO - [2024-07-15T09:50:03.000+0100] {dag.py:3096} INFO - Sync 1 DAGs
[2024-07-15T09:50:03.057+0100] {logging_mixin.py:188} INFO - [2024-07-15T09:50:03.056+0100] {dag.py:3954} INFO - Setting next_dagrun for tutorial_taskflow_api_virtualenv to None, run_after=None
[2024-07-15T09:50:03.309+0100] {processor.py:183} INFO - Processing /home/victor/airflow_env/lib/python3.10/site-packages/airflow/example_dags/tutorial_taskflow_api_virtualenv.py took 0.487 seconds
[2024-07-15T09:51:21.658+0100] {processor.py:161} INFO - Started process (PID=11500) to work on /home/victor/airflow_env/lib/python3.10/site-packages/airflow/example_dags/tutorial_taskflow_api_virtualenv.py
[2024-07-15T09:51:21.662+0100] {processor.py:830} INFO - Processing file /home/victor/airflow_env/lib/python3.10/site-packages/airflow/example_dags/tutorial_taskflow_api_virtualenv.py for tasks to queue
[2024-07-15T09:51:21.671+0100] {logging_mixin.py:188} INFO - [2024-07-15T09:51:21.669+0100] {dagbag.py:545} INFO - Filling up the DagBag from /home/victor/airflow_env/lib/python3.10/site-packages/airflow/example_dags/tutorial_taskflow_api_virtualenv.py
[2024-07-15T09:51:21.714+0100] {processor.py:840} INFO - DAG(s) 'tutorial_taskflow_api_virtualenv' retrieved from /home/victor/airflow_env/lib/python3.10/site-packages/airflow/example_dags/tutorial_taskflow_api_virtualenv.py
[2024-07-15T09:51:21.797+0100] {logging_mixin.py:188} INFO - [2024-07-15T09:51:21.796+0100] {dag.py:3096} INFO - Sync 1 DAGs
[2024-07-15T09:51:21.860+0100] {logging_mixin.py:188} INFO - [2024-07-15T09:51:21.859+0100] {dag.py:3954} INFO - Setting next_dagrun for tutorial_taskflow_api_virtualenv to None, run_after=None
[2024-07-15T09:51:22.101+0100] {processor.py:183} INFO - Processing /home/victor/airflow_env/lib/python3.10/site-packages/airflow/example_dags/tutorial_taskflow_api_virtualenv.py took 0.473 seconds
[2024-07-15T09:52:51.847+0100] {processor.py:161} INFO - Started process (PID=12101) to work on /home/victor/airflow_env/lib/python3.10/site-packages/airflow/example_dags/tutorial_taskflow_api_virtualenv.py
[2024-07-15T09:52:51.852+0100] {processor.py:830} INFO - Processing file /home/victor/airflow_env/lib/python3.10/site-packages/airflow/example_dags/tutorial_taskflow_api_virtualenv.py for tasks to queue
[2024-07-15T09:52:51.869+0100] {logging_mixin.py:188} INFO - [2024-07-15T09:52:51.866+0100] {dagbag.py:545} INFO - Filling up the DagBag from /home/victor/airflow_env/lib/python3.10/site-packages/airflow/example_dags/tutorial_taskflow_api_virtualenv.py
[2024-07-15T09:52:51.940+0100] {processor.py:840} INFO - DAG(s) 'tutorial_taskflow_api_virtualenv' retrieved from /home/victor/airflow_env/lib/python3.10/site-packages/airflow/example_dags/tutorial_taskflow_api_virtualenv.py
[2024-07-15T09:52:52.575+0100] {logging_mixin.py:188} INFO - [2024-07-15T09:52:52.566+0100] {dag.py:3096} INFO - Sync 1 DAGs
[2024-07-15T09:52:52.677+0100] {logging_mixin.py:188} INFO - [2024-07-15T09:52:52.673+0100] {dag.py:3954} INFO - Setting next_dagrun for tutorial_taskflow_api_virtualenv to None, run_after=None
[2024-07-15T09:52:53.237+0100] {processor.py:183} INFO - Processing /home/victor/airflow_env/lib/python3.10/site-packages/airflow/example_dags/tutorial_taskflow_api_virtualenv.py took 1.418 seconds
[2024-07-15T09:55:04.738+0100] {processor.py:161} INFO - Started process (PID=12989) to work on /home/victor/airflow_env/lib/python3.10/site-packages/airflow/example_dags/tutorial_taskflow_api_virtualenv.py
[2024-07-15T09:55:04.743+0100] {processor.py:830} INFO - Processing file /home/victor/airflow_env/lib/python3.10/site-packages/airflow/example_dags/tutorial_taskflow_api_virtualenv.py for tasks to queue
[2024-07-15T09:55:04.751+0100] {logging_mixin.py:188} INFO - [2024-07-15T09:55:04.749+0100] {dagbag.py:545} INFO - Filling up the DagBag from /home/victor/airflow_env/lib/python3.10/site-packages/airflow/example_dags/tutorial_taskflow_api_virtualenv.py
[2024-07-15T09:55:04.809+0100] {processor.py:840} INFO - DAG(s) 'tutorial_taskflow_api_virtualenv' retrieved from /home/victor/airflow_env/lib/python3.10/site-packages/airflow/example_dags/tutorial_taskflow_api_virtualenv.py
[2024-07-15T09:55:04.927+0100] {logging_mixin.py:188} INFO - [2024-07-15T09:55:04.926+0100] {dag.py:3096} INFO - Sync 1 DAGs
[2024-07-15T09:55:04.996+0100] {logging_mixin.py:188} INFO - [2024-07-15T09:55:04.995+0100] {dag.py:3954} INFO - Setting next_dagrun for tutorial_taskflow_api_virtualenv to None, run_after=None
[2024-07-15T09:55:05.351+0100] {processor.py:183} INFO - Processing /home/victor/airflow_env/lib/python3.10/site-packages/airflow/example_dags/tutorial_taskflow_api_virtualenv.py took 0.643 seconds
[2024-07-15T09:56:34.831+0100] {processor.py:161} INFO - Started process (PID=13771) to work on /home/victor/airflow_env/lib/python3.10/site-packages/airflow/example_dags/tutorial_taskflow_api_virtualenv.py
[2024-07-15T09:56:34.835+0100] {processor.py:830} INFO - Processing file /home/victor/airflow_env/lib/python3.10/site-packages/airflow/example_dags/tutorial_taskflow_api_virtualenv.py for tasks to queue
[2024-07-15T09:56:34.843+0100] {logging_mixin.py:188} INFO - [2024-07-15T09:56:34.841+0100] {dagbag.py:545} INFO - Filling up the DagBag from /home/victor/airflow_env/lib/python3.10/site-packages/airflow/example_dags/tutorial_taskflow_api_virtualenv.py
[2024-07-15T09:56:34.891+0100] {processor.py:840} INFO - DAG(s) 'tutorial_taskflow_api_virtualenv' retrieved from /home/victor/airflow_env/lib/python3.10/site-packages/airflow/example_dags/tutorial_taskflow_api_virtualenv.py
[2024-07-15T09:56:35.032+0100] {logging_mixin.py:188} INFO - [2024-07-15T09:56:35.031+0100] {dag.py:3096} INFO - Sync 1 DAGs
[2024-07-15T09:56:35.102+0100] {logging_mixin.py:188} INFO - [2024-07-15T09:56:35.101+0100] {dag.py:3954} INFO - Setting next_dagrun for tutorial_taskflow_api_virtualenv to None, run_after=None
[2024-07-15T09:56:35.444+0100] {processor.py:183} INFO - Processing /home/victor/airflow_env/lib/python3.10/site-packages/airflow/example_dags/tutorial_taskflow_api_virtualenv.py took 0.644 seconds
[2024-07-15T09:58:12.786+0100] {processor.py:161} INFO - Started process (PID=14417) to work on /home/victor/airflow_env/lib/python3.10/site-packages/airflow/example_dags/tutorial_taskflow_api_virtualenv.py
[2024-07-15T09:58:12.791+0100] {processor.py:830} INFO - Processing file /home/victor/airflow_env/lib/python3.10/site-packages/airflow/example_dags/tutorial_taskflow_api_virtualenv.py for tasks to queue
[2024-07-15T09:58:12.802+0100] {logging_mixin.py:188} INFO - [2024-07-15T09:58:12.800+0100] {dagbag.py:545} INFO - Filling up the DagBag from /home/victor/airflow_env/lib/python3.10/site-packages/airflow/example_dags/tutorial_taskflow_api_virtualenv.py
[2024-07-15T09:58:12.867+0100] {processor.py:840} INFO - DAG(s) 'tutorial_taskflow_api_virtualenv' retrieved from /home/victor/airflow_env/lib/python3.10/site-packages/airflow/example_dags/tutorial_taskflow_api_virtualenv.py
[2024-07-15T09:58:13.041+0100] {logging_mixin.py:188} INFO - [2024-07-15T09:58:13.040+0100] {dag.py:3096} INFO - Sync 1 DAGs
[2024-07-15T09:58:13.136+0100] {logging_mixin.py:188} INFO - [2024-07-15T09:58:13.136+0100] {dag.py:3954} INFO - Setting next_dagrun for tutorial_taskflow_api_virtualenv to None, run_after=None
[2024-07-15T09:58:13.495+0100] {processor.py:183} INFO - Processing /home/victor/airflow_env/lib/python3.10/site-packages/airflow/example_dags/tutorial_taskflow_api_virtualenv.py took 0.746 seconds
[2024-07-15T09:59:43.063+0100] {processor.py:161} INFO - Started process (PID=14922) to work on /home/victor/airflow_env/lib/python3.10/site-packages/airflow/example_dags/tutorial_taskflow_api_virtualenv.py
[2024-07-15T09:59:43.068+0100] {processor.py:830} INFO - Processing file /home/victor/airflow_env/lib/python3.10/site-packages/airflow/example_dags/tutorial_taskflow_api_virtualenv.py for tasks to queue
[2024-07-15T09:59:43.075+0100] {logging_mixin.py:188} INFO - [2024-07-15T09:59:43.073+0100] {dagbag.py:545} INFO - Filling up the DagBag from /home/victor/airflow_env/lib/python3.10/site-packages/airflow/example_dags/tutorial_taskflow_api_virtualenv.py
[2024-07-15T09:59:43.118+0100] {processor.py:840} INFO - DAG(s) 'tutorial_taskflow_api_virtualenv' retrieved from /home/victor/airflow_env/lib/python3.10/site-packages/airflow/example_dags/tutorial_taskflow_api_virtualenv.py
[2024-07-15T09:59:43.218+0100] {logging_mixin.py:188} INFO - [2024-07-15T09:59:43.217+0100] {dag.py:3096} INFO - Sync 1 DAGs
[2024-07-15T09:59:43.293+0100] {logging_mixin.py:188} INFO - [2024-07-15T09:59:43.292+0100] {dag.py:3954} INFO - Setting next_dagrun for tutorial_taskflow_api_virtualenv to None, run_after=None
[2024-07-15T09:59:43.573+0100] {processor.py:183} INFO - Processing /home/victor/airflow_env/lib/python3.10/site-packages/airflow/example_dags/tutorial_taskflow_api_virtualenv.py took 0.534 seconds
[2024-07-15T10:01:03.885+0100] {processor.py:161} INFO - Started process (PID=15472) to work on /home/victor/airflow_env/lib/python3.10/site-packages/airflow/example_dags/tutorial_taskflow_api_virtualenv.py
[2024-07-15T10:01:03.889+0100] {processor.py:830} INFO - Processing file /home/victor/airflow_env/lib/python3.10/site-packages/airflow/example_dags/tutorial_taskflow_api_virtualenv.py for tasks to queue
[2024-07-15T10:01:03.896+0100] {logging_mixin.py:188} INFO - [2024-07-15T10:01:03.895+0100] {dagbag.py:545} INFO - Filling up the DagBag from /home/victor/airflow_env/lib/python3.10/site-packages/airflow/example_dags/tutorial_taskflow_api_virtualenv.py
[2024-07-15T10:01:03.960+0100] {processor.py:840} INFO - DAG(s) 'tutorial_taskflow_api_virtualenv' retrieved from /home/victor/airflow_env/lib/python3.10/site-packages/airflow/example_dags/tutorial_taskflow_api_virtualenv.py
[2024-07-15T10:01:04.069+0100] {logging_mixin.py:188} INFO - [2024-07-15T10:01:04.068+0100] {dag.py:3096} INFO - Sync 1 DAGs
[2024-07-15T10:01:04.149+0100] {logging_mixin.py:188} INFO - [2024-07-15T10:01:04.147+0100] {dag.py:3954} INFO - Setting next_dagrun for tutorial_taskflow_api_virtualenv to None, run_after=None
[2024-07-15T10:01:04.525+0100] {processor.py:183} INFO - Processing /home/victor/airflow_env/lib/python3.10/site-packages/airflow/example_dags/tutorial_taskflow_api_virtualenv.py took 0.671 seconds
[2024-07-15T10:02:29.363+0100] {processor.py:161} INFO - Started process (PID=16313) to work on /home/victor/airflow_env/lib/python3.10/site-packages/airflow/example_dags/tutorial_taskflow_api_virtualenv.py
[2024-07-15T10:02:29.367+0100] {processor.py:830} INFO - Processing file /home/victor/airflow_env/lib/python3.10/site-packages/airflow/example_dags/tutorial_taskflow_api_virtualenv.py for tasks to queue
[2024-07-15T10:02:29.374+0100] {logging_mixin.py:188} INFO - [2024-07-15T10:02:29.372+0100] {dagbag.py:545} INFO - Filling up the DagBag from /home/victor/airflow_env/lib/python3.10/site-packages/airflow/example_dags/tutorial_taskflow_api_virtualenv.py
[2024-07-15T10:02:29.421+0100] {processor.py:840} INFO - DAG(s) 'tutorial_taskflow_api_virtualenv' retrieved from /home/victor/airflow_env/lib/python3.10/site-packages/airflow/example_dags/tutorial_taskflow_api_virtualenv.py
[2024-07-15T10:02:29.521+0100] {logging_mixin.py:188} INFO - [2024-07-15T10:02:29.520+0100] {dag.py:3096} INFO - Sync 1 DAGs
[2024-07-15T10:02:29.581+0100] {logging_mixin.py:188} INFO - [2024-07-15T10:02:29.580+0100] {dag.py:3954} INFO - Setting next_dagrun for tutorial_taskflow_api_virtualenv to None, run_after=None
[2024-07-15T10:02:29.974+0100] {processor.py:183} INFO - Processing /home/victor/airflow_env/lib/python3.10/site-packages/airflow/example_dags/tutorial_taskflow_api_virtualenv.py took 0.641 seconds
[2024-07-15T10:03:43.273+0100] {processor.py:161} INFO - Started process (PID=16879) to work on /home/victor/airflow_env/lib/python3.10/site-packages/airflow/example_dags/tutorial_taskflow_api_virtualenv.py
[2024-07-15T10:03:43.277+0100] {processor.py:830} INFO - Processing file /home/victor/airflow_env/lib/python3.10/site-packages/airflow/example_dags/tutorial_taskflow_api_virtualenv.py for tasks to queue
[2024-07-15T10:03:43.284+0100] {logging_mixin.py:188} INFO - [2024-07-15T10:03:43.283+0100] {dagbag.py:545} INFO - Filling up the DagBag from /home/victor/airflow_env/lib/python3.10/site-packages/airflow/example_dags/tutorial_taskflow_api_virtualenv.py
[2024-07-15T10:03:43.332+0100] {processor.py:840} INFO - DAG(s) 'tutorial_taskflow_api_virtualenv' retrieved from /home/victor/airflow_env/lib/python3.10/site-packages/airflow/example_dags/tutorial_taskflow_api_virtualenv.py
[2024-07-15T10:03:43.435+0100] {logging_mixin.py:188} INFO - [2024-07-15T10:03:43.435+0100] {dag.py:3096} INFO - Sync 1 DAGs
[2024-07-15T10:03:43.515+0100] {logging_mixin.py:188} INFO - [2024-07-15T10:03:43.514+0100] {dag.py:3954} INFO - Setting next_dagrun for tutorial_taskflow_api_virtualenv to None, run_after=None
[2024-07-15T10:03:43.855+0100] {processor.py:183} INFO - Processing /home/victor/airflow_env/lib/python3.10/site-packages/airflow/example_dags/tutorial_taskflow_api_virtualenv.py took 0.608 seconds
[2024-07-15T10:04:54.555+0100] {processor.py:161} INFO - Started process (PID=17268) to work on /home/victor/airflow_env/lib/python3.10/site-packages/airflow/example_dags/tutorial_taskflow_api_virtualenv.py
[2024-07-15T10:04:54.564+0100] {processor.py:830} INFO - Processing file /home/victor/airflow_env/lib/python3.10/site-packages/airflow/example_dags/tutorial_taskflow_api_virtualenv.py for tasks to queue
[2024-07-15T10:04:54.572+0100] {logging_mixin.py:188} INFO - [2024-07-15T10:04:54.571+0100] {dagbag.py:545} INFO - Filling up the DagBag from /home/victor/airflow_env/lib/python3.10/site-packages/airflow/example_dags/tutorial_taskflow_api_virtualenv.py
[2024-07-15T10:04:54.636+0100] {processor.py:840} INFO - DAG(s) 'tutorial_taskflow_api_virtualenv' retrieved from /home/victor/airflow_env/lib/python3.10/site-packages/airflow/example_dags/tutorial_taskflow_api_virtualenv.py
[2024-07-15T10:04:54.732+0100] {logging_mixin.py:188} INFO - [2024-07-15T10:04:54.730+0100] {dag.py:3096} INFO - Sync 1 DAGs
[2024-07-15T10:04:54.791+0100] {logging_mixin.py:188} INFO - [2024-07-15T10:04:54.790+0100] {dag.py:3954} INFO - Setting next_dagrun for tutorial_taskflow_api_virtualenv to None, run_after=None
[2024-07-15T10:04:55.085+0100] {processor.py:183} INFO - Processing /home/victor/airflow_env/lib/python3.10/site-packages/airflow/example_dags/tutorial_taskflow_api_virtualenv.py took 0.574 seconds
[2024-07-15T10:06:20.999+0100] {processor.py:161} INFO - Started process (PID=17787) to work on /home/victor/airflow_env/lib/python3.10/site-packages/airflow/example_dags/tutorial_taskflow_api_virtualenv.py
[2024-07-15T10:06:21.003+0100] {processor.py:830} INFO - Processing file /home/victor/airflow_env/lib/python3.10/site-packages/airflow/example_dags/tutorial_taskflow_api_virtualenv.py for tasks to queue
[2024-07-15T10:06:21.011+0100] {logging_mixin.py:188} INFO - [2024-07-15T10:06:21.010+0100] {dagbag.py:545} INFO - Filling up the DagBag from /home/victor/airflow_env/lib/python3.10/site-packages/airflow/example_dags/tutorial_taskflow_api_virtualenv.py
[2024-07-15T10:06:21.064+0100] {processor.py:840} INFO - DAG(s) 'tutorial_taskflow_api_virtualenv' retrieved from /home/victor/airflow_env/lib/python3.10/site-packages/airflow/example_dags/tutorial_taskflow_api_virtualenv.py
[2024-07-15T10:06:21.204+0100] {logging_mixin.py:188} INFO - [2024-07-15T10:06:21.203+0100] {dag.py:3096} INFO - Sync 1 DAGs
[2024-07-15T10:06:21.306+0100] {logging_mixin.py:188} INFO - [2024-07-15T10:06:21.305+0100] {dag.py:3954} INFO - Setting next_dagrun for tutorial_taskflow_api_virtualenv to None, run_after=None
[2024-07-15T10:06:21.571+0100] {processor.py:183} INFO - Processing /home/victor/airflow_env/lib/python3.10/site-packages/airflow/example_dags/tutorial_taskflow_api_virtualenv.py took 0.597 seconds
[2024-07-15T10:07:57.272+0100] {processor.py:161} INFO - Started process (PID=18521) to work on /home/victor/airflow_env/lib/python3.10/site-packages/airflow/example_dags/tutorial_taskflow_api_virtualenv.py
[2024-07-15T10:07:57.276+0100] {processor.py:830} INFO - Processing file /home/victor/airflow_env/lib/python3.10/site-packages/airflow/example_dags/tutorial_taskflow_api_virtualenv.py for tasks to queue
[2024-07-15T10:07:57.283+0100] {logging_mixin.py:188} INFO - [2024-07-15T10:07:57.281+0100] {dagbag.py:545} INFO - Filling up the DagBag from /home/victor/airflow_env/lib/python3.10/site-packages/airflow/example_dags/tutorial_taskflow_api_virtualenv.py
[2024-07-15T10:07:57.327+0100] {processor.py:840} INFO - DAG(s) 'tutorial_taskflow_api_virtualenv' retrieved from /home/victor/airflow_env/lib/python3.10/site-packages/airflow/example_dags/tutorial_taskflow_api_virtualenv.py
[2024-07-15T10:07:57.416+0100] {logging_mixin.py:188} INFO - [2024-07-15T10:07:57.415+0100] {dag.py:3096} INFO - Sync 1 DAGs
[2024-07-15T10:07:57.482+0100] {logging_mixin.py:188} INFO - [2024-07-15T10:07:57.481+0100] {dag.py:3954} INFO - Setting next_dagrun for tutorial_taskflow_api_virtualenv to None, run_after=None
[2024-07-15T10:07:57.784+0100] {processor.py:183} INFO - Processing /home/victor/airflow_env/lib/python3.10/site-packages/airflow/example_dags/tutorial_taskflow_api_virtualenv.py took 0.537 seconds
[2024-07-15T10:09:24.915+0100] {processor.py:161} INFO - Started process (PID=19045) to work on /home/victor/airflow_env/lib/python3.10/site-packages/airflow/example_dags/tutorial_taskflow_api_virtualenv.py
[2024-07-15T10:09:24.919+0100] {processor.py:830} INFO - Processing file /home/victor/airflow_env/lib/python3.10/site-packages/airflow/example_dags/tutorial_taskflow_api_virtualenv.py for tasks to queue
[2024-07-15T10:09:24.926+0100] {logging_mixin.py:188} INFO - [2024-07-15T10:09:24.924+0100] {dagbag.py:545} INFO - Filling up the DagBag from /home/victor/airflow_env/lib/python3.10/site-packages/airflow/example_dags/tutorial_taskflow_api_virtualenv.py
[2024-07-15T10:09:24.975+0100] {processor.py:840} INFO - DAG(s) 'tutorial_taskflow_api_virtualenv' retrieved from /home/victor/airflow_env/lib/python3.10/site-packages/airflow/example_dags/tutorial_taskflow_api_virtualenv.py
[2024-07-15T10:09:25.076+0100] {logging_mixin.py:188} INFO - [2024-07-15T10:09:25.074+0100] {dag.py:3096} INFO - Sync 1 DAGs
[2024-07-15T10:09:25.175+0100] {logging_mixin.py:188} INFO - [2024-07-15T10:09:25.174+0100] {dag.py:3954} INFO - Setting next_dagrun for tutorial_taskflow_api_virtualenv to None, run_after=None
[2024-07-15T10:09:25.494+0100] {processor.py:183} INFO - Processing /home/victor/airflow_env/lib/python3.10/site-packages/airflow/example_dags/tutorial_taskflow_api_virtualenv.py took 0.605 seconds
[2024-07-15T10:10:56.899+0100] {processor.py:161} INFO - Started process (PID=19662) to work on /home/victor/airflow_env/lib/python3.10/site-packages/airflow/example_dags/tutorial_taskflow_api_virtualenv.py
[2024-07-15T10:10:56.904+0100] {processor.py:830} INFO - Processing file /home/victor/airflow_env/lib/python3.10/site-packages/airflow/example_dags/tutorial_taskflow_api_virtualenv.py for tasks to queue
[2024-07-15T10:10:56.911+0100] {logging_mixin.py:188} INFO - [2024-07-15T10:10:56.909+0100] {dagbag.py:545} INFO - Filling up the DagBag from /home/victor/airflow_env/lib/python3.10/site-packages/airflow/example_dags/tutorial_taskflow_api_virtualenv.py
[2024-07-15T10:10:56.963+0100] {processor.py:840} INFO - DAG(s) 'tutorial_taskflow_api_virtualenv' retrieved from /home/victor/airflow_env/lib/python3.10/site-packages/airflow/example_dags/tutorial_taskflow_api_virtualenv.py
[2024-07-15T10:10:57.069+0100] {logging_mixin.py:188} INFO - [2024-07-15T10:10:57.068+0100] {dag.py:3096} INFO - Sync 1 DAGs
[2024-07-15T10:10:57.141+0100] {logging_mixin.py:188} INFO - [2024-07-15T10:10:57.140+0100] {dag.py:3954} INFO - Setting next_dagrun for tutorial_taskflow_api_virtualenv to None, run_after=None
[2024-07-15T10:10:57.431+0100] {processor.py:183} INFO - Processing /home/victor/airflow_env/lib/python3.10/site-packages/airflow/example_dags/tutorial_taskflow_api_virtualenv.py took 0.562 seconds
[2024-07-15T10:12:23.690+0100] {processor.py:161} INFO - Started process (PID=20125) to work on /home/victor/airflow_env/lib/python3.10/site-packages/airflow/example_dags/tutorial_taskflow_api_virtualenv.py
[2024-07-15T10:12:23.694+0100] {processor.py:830} INFO - Processing file /home/victor/airflow_env/lib/python3.10/site-packages/airflow/example_dags/tutorial_taskflow_api_virtualenv.py for tasks to queue
[2024-07-15T10:12:23.701+0100] {logging_mixin.py:188} INFO - [2024-07-15T10:12:23.700+0100] {dagbag.py:545} INFO - Filling up the DagBag from /home/victor/airflow_env/lib/python3.10/site-packages/airflow/example_dags/tutorial_taskflow_api_virtualenv.py
[2024-07-15T10:12:23.748+0100] {processor.py:840} INFO - DAG(s) 'tutorial_taskflow_api_virtualenv' retrieved from /home/victor/airflow_env/lib/python3.10/site-packages/airflow/example_dags/tutorial_taskflow_api_virtualenv.py
[2024-07-15T10:12:23.864+0100] {logging_mixin.py:188} INFO - [2024-07-15T10:12:23.863+0100] {dag.py:3096} INFO - Sync 1 DAGs
[2024-07-15T10:12:23.930+0100] {logging_mixin.py:188} INFO - [2024-07-15T10:12:23.929+0100] {dag.py:3954} INFO - Setting next_dagrun for tutorial_taskflow_api_virtualenv to None, run_after=None
[2024-07-15T10:12:24.295+0100] {processor.py:183} INFO - Processing /home/victor/airflow_env/lib/python3.10/site-packages/airflow/example_dags/tutorial_taskflow_api_virtualenv.py took 0.637 seconds
[2024-07-15T10:13:45.874+0100] {processor.py:161} INFO - Started process (PID=20578) to work on /home/victor/airflow_env/lib/python3.10/site-packages/airflow/example_dags/tutorial_taskflow_api_virtualenv.py
[2024-07-15T10:13:45.878+0100] {processor.py:830} INFO - Processing file /home/victor/airflow_env/lib/python3.10/site-packages/airflow/example_dags/tutorial_taskflow_api_virtualenv.py for tasks to queue
[2024-07-15T10:13:45.885+0100] {logging_mixin.py:188} INFO - [2024-07-15T10:13:45.884+0100] {dagbag.py:545} INFO - Filling up the DagBag from /home/victor/airflow_env/lib/python3.10/site-packages/airflow/example_dags/tutorial_taskflow_api_virtualenv.py
[2024-07-15T10:13:45.937+0100] {processor.py:840} INFO - DAG(s) 'tutorial_taskflow_api_virtualenv' retrieved from /home/victor/airflow_env/lib/python3.10/site-packages/airflow/example_dags/tutorial_taskflow_api_virtualenv.py
[2024-07-15T10:13:46.038+0100] {logging_mixin.py:188} INFO - [2024-07-15T10:13:46.037+0100] {dag.py:3096} INFO - Sync 1 DAGs
[2024-07-15T10:13:46.125+0100] {logging_mixin.py:188} INFO - [2024-07-15T10:13:46.124+0100] {dag.py:3954} INFO - Setting next_dagrun for tutorial_taskflow_api_virtualenv to None, run_after=None
[2024-07-15T10:13:46.431+0100] {processor.py:183} INFO - Processing /home/victor/airflow_env/lib/python3.10/site-packages/airflow/example_dags/tutorial_taskflow_api_virtualenv.py took 0.586 seconds
[2024-07-15T10:15:13.361+0100] {processor.py:161} INFO - Started process (PID=21049) to work on /home/victor/airflow_env/lib/python3.10/site-packages/airflow/example_dags/tutorial_taskflow_api_virtualenv.py
[2024-07-15T10:15:13.365+0100] {processor.py:830} INFO - Processing file /home/victor/airflow_env/lib/python3.10/site-packages/airflow/example_dags/tutorial_taskflow_api_virtualenv.py for tasks to queue
[2024-07-15T10:15:13.372+0100] {logging_mixin.py:188} INFO - [2024-07-15T10:15:13.370+0100] {dagbag.py:545} INFO - Filling up the DagBag from /home/victor/airflow_env/lib/python3.10/site-packages/airflow/example_dags/tutorial_taskflow_api_virtualenv.py
[2024-07-15T10:15:13.433+0100] {processor.py:840} INFO - DAG(s) 'tutorial_taskflow_api_virtualenv' retrieved from /home/victor/airflow_env/lib/python3.10/site-packages/airflow/example_dags/tutorial_taskflow_api_virtualenv.py
[2024-07-15T10:15:13.587+0100] {logging_mixin.py:188} INFO - [2024-07-15T10:15:13.586+0100] {dag.py:3096} INFO - Sync 1 DAGs
[2024-07-15T10:15:13.704+0100] {logging_mixin.py:188} INFO - [2024-07-15T10:15:13.703+0100] {dag.py:3954} INFO - Setting next_dagrun for tutorial_taskflow_api_virtualenv to None, run_after=None
[2024-07-15T10:15:14.151+0100] {processor.py:183} INFO - Processing /home/victor/airflow_env/lib/python3.10/site-packages/airflow/example_dags/tutorial_taskflow_api_virtualenv.py took 0.819 seconds
[2024-07-15T10:16:43.811+0100] {processor.py:161} INFO - Started process (PID=21613) to work on /home/victor/airflow_env/lib/python3.10/site-packages/airflow/example_dags/tutorial_taskflow_api_virtualenv.py
[2024-07-15T10:16:43.834+0100] {processor.py:830} INFO - Processing file /home/victor/airflow_env/lib/python3.10/site-packages/airflow/example_dags/tutorial_taskflow_api_virtualenv.py for tasks to queue
[2024-07-15T10:16:43.844+0100] {logging_mixin.py:188} INFO - [2024-07-15T10:16:43.840+0100] {dagbag.py:545} INFO - Filling up the DagBag from /home/victor/airflow_env/lib/python3.10/site-packages/airflow/example_dags/tutorial_taskflow_api_virtualenv.py
[2024-07-15T10:16:43.949+0100] {processor.py:840} INFO - DAG(s) 'tutorial_taskflow_api_virtualenv' retrieved from /home/victor/airflow_env/lib/python3.10/site-packages/airflow/example_dags/tutorial_taskflow_api_virtualenv.py
[2024-07-15T10:16:44.257+0100] {logging_mixin.py:188} INFO - [2024-07-15T10:16:44.256+0100] {dag.py:3096} INFO - Sync 1 DAGs
[2024-07-15T10:16:44.413+0100] {logging_mixin.py:188} INFO - [2024-07-15T10:16:44.412+0100] {dag.py:3954} INFO - Setting next_dagrun for tutorial_taskflow_api_virtualenv to None, run_after=None
[2024-07-15T10:16:44.779+0100] {processor.py:183} INFO - Processing /home/victor/airflow_env/lib/python3.10/site-packages/airflow/example_dags/tutorial_taskflow_api_virtualenv.py took 1.019 seconds
[2024-07-15T10:18:06.087+0100] {processor.py:161} INFO - Started process (PID=22158) to work on /home/victor/airflow_env/lib/python3.10/site-packages/airflow/example_dags/tutorial_taskflow_api_virtualenv.py
[2024-07-15T10:18:06.092+0100] {processor.py:830} INFO - Processing file /home/victor/airflow_env/lib/python3.10/site-packages/airflow/example_dags/tutorial_taskflow_api_virtualenv.py for tasks to queue
[2024-07-15T10:18:06.102+0100] {logging_mixin.py:188} INFO - [2024-07-15T10:18:06.100+0100] {dagbag.py:545} INFO - Filling up the DagBag from /home/victor/airflow_env/lib/python3.10/site-packages/airflow/example_dags/tutorial_taskflow_api_virtualenv.py
[2024-07-15T10:18:06.223+0100] {processor.py:840} INFO - DAG(s) 'tutorial_taskflow_api_virtualenv' retrieved from /home/victor/airflow_env/lib/python3.10/site-packages/airflow/example_dags/tutorial_taskflow_api_virtualenv.py
[2024-07-15T10:18:06.622+0100] {logging_mixin.py:188} INFO - [2024-07-15T10:18:06.621+0100] {dag.py:3096} INFO - Sync 1 DAGs
[2024-07-15T10:18:06.722+0100] {logging_mixin.py:188} INFO - [2024-07-15T10:18:06.721+0100] {dag.py:3954} INFO - Setting next_dagrun for tutorial_taskflow_api_virtualenv to None, run_after=None
[2024-07-15T10:18:07.099+0100] {processor.py:183} INFO - Processing /home/victor/airflow_env/lib/python3.10/site-packages/airflow/example_dags/tutorial_taskflow_api_virtualenv.py took 1.050 seconds
[2024-07-15T10:19:40.542+0100] {processor.py:161} INFO - Started process (PID=22779) to work on /home/victor/airflow_env/lib/python3.10/site-packages/airflow/example_dags/tutorial_taskflow_api_virtualenv.py
[2024-07-15T10:19:40.559+0100] {processor.py:830} INFO - Processing file /home/victor/airflow_env/lib/python3.10/site-packages/airflow/example_dags/tutorial_taskflow_api_virtualenv.py for tasks to queue
[2024-07-15T10:19:40.591+0100] {logging_mixin.py:188} INFO - [2024-07-15T10:19:40.589+0100] {dagbag.py:545} INFO - Filling up the DagBag from /home/victor/airflow_env/lib/python3.10/site-packages/airflow/example_dags/tutorial_taskflow_api_virtualenv.py
[2024-07-15T10:19:40.699+0100] {processor.py:840} INFO - DAG(s) 'tutorial_taskflow_api_virtualenv' retrieved from /home/victor/airflow_env/lib/python3.10/site-packages/airflow/example_dags/tutorial_taskflow_api_virtualenv.py
[2024-07-15T10:19:40.925+0100] {logging_mixin.py:188} INFO - [2024-07-15T10:19:40.924+0100] {dag.py:3096} INFO - Sync 1 DAGs
[2024-07-15T10:19:41.083+0100] {logging_mixin.py:188} INFO - [2024-07-15T10:19:41.082+0100] {dag.py:3954} INFO - Setting next_dagrun for tutorial_taskflow_api_virtualenv to None, run_after=None
[2024-07-15T10:19:41.582+0100] {processor.py:183} INFO - Processing /home/victor/airflow_env/lib/python3.10/site-packages/airflow/example_dags/tutorial_taskflow_api_virtualenv.py took 1.132 seconds
[2024-07-15T10:21:39.236+0100] {processor.py:161} INFO - Started process (PID=23635) to work on /home/victor/airflow_env/lib/python3.10/site-packages/airflow/example_dags/tutorial_taskflow_api_virtualenv.py
[2024-07-15T10:21:39.240+0100] {processor.py:830} INFO - Processing file /home/victor/airflow_env/lib/python3.10/site-packages/airflow/example_dags/tutorial_taskflow_api_virtualenv.py for tasks to queue
[2024-07-15T10:21:39.247+0100] {logging_mixin.py:188} INFO - [2024-07-15T10:21:39.246+0100] {dagbag.py:545} INFO - Filling up the DagBag from /home/victor/airflow_env/lib/python3.10/site-packages/airflow/example_dags/tutorial_taskflow_api_virtualenv.py
[2024-07-15T10:21:39.295+0100] {processor.py:840} INFO - DAG(s) 'tutorial_taskflow_api_virtualenv' retrieved from /home/victor/airflow_env/lib/python3.10/site-packages/airflow/example_dags/tutorial_taskflow_api_virtualenv.py
[2024-07-15T10:21:39.400+0100] {logging_mixin.py:188} INFO - [2024-07-15T10:21:39.399+0100] {dag.py:3096} INFO - Sync 1 DAGs
[2024-07-15T10:21:39.462+0100] {logging_mixin.py:188} INFO - [2024-07-15T10:21:39.461+0100] {dag.py:3954} INFO - Setting next_dagrun for tutorial_taskflow_api_virtualenv to None, run_after=None
[2024-07-15T10:21:39.890+0100] {processor.py:183} INFO - Processing /home/victor/airflow_env/lib/python3.10/site-packages/airflow/example_dags/tutorial_taskflow_api_virtualenv.py took 0.689 seconds
[2024-07-15T10:23:42.903+0100] {processor.py:161} INFO - Started process (PID=24772) to work on /home/victor/airflow_env/lib/python3.10/site-packages/airflow/example_dags/tutorial_taskflow_api_virtualenv.py
[2024-07-15T10:23:42.911+0100] {processor.py:830} INFO - Processing file /home/victor/airflow_env/lib/python3.10/site-packages/airflow/example_dags/tutorial_taskflow_api_virtualenv.py for tasks to queue
[2024-07-15T10:23:42.939+0100] {logging_mixin.py:188} INFO - [2024-07-15T10:23:42.926+0100] {dagbag.py:545} INFO - Filling up the DagBag from /home/victor/airflow_env/lib/python3.10/site-packages/airflow/example_dags/tutorial_taskflow_api_virtualenv.py
[2024-07-15T10:23:43.088+0100] {processor.py:840} INFO - DAG(s) 'tutorial_taskflow_api_virtualenv' retrieved from /home/victor/airflow_env/lib/python3.10/site-packages/airflow/example_dags/tutorial_taskflow_api_virtualenv.py
[2024-07-15T10:23:43.337+0100] {logging_mixin.py:188} INFO - [2024-07-15T10:23:43.336+0100] {dag.py:3096} INFO - Sync 1 DAGs
[2024-07-15T10:23:43.477+0100] {logging_mixin.py:188} INFO - [2024-07-15T10:23:43.476+0100] {dag.py:3954} INFO - Setting next_dagrun for tutorial_taskflow_api_virtualenv to None, run_after=None
[2024-07-15T10:23:44.011+0100] {processor.py:183} INFO - Processing /home/victor/airflow_env/lib/python3.10/site-packages/airflow/example_dags/tutorial_taskflow_api_virtualenv.py took 1.193 seconds
[2024-07-15T10:25:33.600+0100] {processor.py:161} INFO - Started process (PID=25456) to work on /home/victor/airflow_env/lib/python3.10/site-packages/airflow/example_dags/tutorial_taskflow_api_virtualenv.py
[2024-07-15T10:25:33.604+0100] {processor.py:830} INFO - Processing file /home/victor/airflow_env/lib/python3.10/site-packages/airflow/example_dags/tutorial_taskflow_api_virtualenv.py for tasks to queue
[2024-07-15T10:25:33.618+0100] {logging_mixin.py:188} INFO - [2024-07-15T10:25:33.616+0100] {dagbag.py:545} INFO - Filling up the DagBag from /home/victor/airflow_env/lib/python3.10/site-packages/airflow/example_dags/tutorial_taskflow_api_virtualenv.py
[2024-07-15T10:25:33.677+0100] {processor.py:840} INFO - DAG(s) 'tutorial_taskflow_api_virtualenv' retrieved from /home/victor/airflow_env/lib/python3.10/site-packages/airflow/example_dags/tutorial_taskflow_api_virtualenv.py
[2024-07-15T10:25:33.790+0100] {logging_mixin.py:188} INFO - [2024-07-15T10:25:33.789+0100] {dag.py:3096} INFO - Sync 1 DAGs
[2024-07-15T10:25:33.860+0100] {logging_mixin.py:188} INFO - [2024-07-15T10:25:33.858+0100] {dag.py:3954} INFO - Setting next_dagrun for tutorial_taskflow_api_virtualenv to None, run_after=None
[2024-07-15T10:25:34.173+0100] {processor.py:183} INFO - Processing /home/victor/airflow_env/lib/python3.10/site-packages/airflow/example_dags/tutorial_taskflow_api_virtualenv.py took 0.610 seconds
[2024-07-15T10:27:16.631+0100] {processor.py:161} INFO - Started process (PID=26236) to work on /home/victor/airflow_env/lib/python3.10/site-packages/airflow/example_dags/tutorial_taskflow_api_virtualenv.py
[2024-07-15T10:27:16.685+0100] {processor.py:830} INFO - Processing file /home/victor/airflow_env/lib/python3.10/site-packages/airflow/example_dags/tutorial_taskflow_api_virtualenv.py for tasks to queue
[2024-07-15T10:27:16.748+0100] {logging_mixin.py:188} INFO - [2024-07-15T10:27:16.746+0100] {dagbag.py:545} INFO - Filling up the DagBag from /home/victor/airflow_env/lib/python3.10/site-packages/airflow/example_dags/tutorial_taskflow_api_virtualenv.py
[2024-07-15T10:27:17.087+0100] {processor.py:840} INFO - DAG(s) 'tutorial_taskflow_api_virtualenv' retrieved from /home/victor/airflow_env/lib/python3.10/site-packages/airflow/example_dags/tutorial_taskflow_api_virtualenv.py
[2024-07-15T10:27:17.508+0100] {logging_mixin.py:188} INFO - [2024-07-15T10:27:17.497+0100] {dag.py:3096} INFO - Sync 1 DAGs
[2024-07-15T10:27:17.765+0100] {logging_mixin.py:188} INFO - [2024-07-15T10:27:17.764+0100] {dag.py:3954} INFO - Setting next_dagrun for tutorial_taskflow_api_virtualenv to None, run_after=None
[2024-07-15T10:27:18.905+0100] {processor.py:183} INFO - Processing /home/victor/airflow_env/lib/python3.10/site-packages/airflow/example_dags/tutorial_taskflow_api_virtualenv.py took 2.394 seconds
[2024-07-15T10:28:51.325+0100] {processor.py:161} INFO - Started process (PID=26755) to work on /home/victor/airflow_env/lib/python3.10/site-packages/airflow/example_dags/tutorial_taskflow_api_virtualenv.py
[2024-07-15T10:28:51.329+0100] {processor.py:830} INFO - Processing file /home/victor/airflow_env/lib/python3.10/site-packages/airflow/example_dags/tutorial_taskflow_api_virtualenv.py for tasks to queue
[2024-07-15T10:28:51.336+0100] {logging_mixin.py:188} INFO - [2024-07-15T10:28:51.335+0100] {dagbag.py:545} INFO - Filling up the DagBag from /home/victor/airflow_env/lib/python3.10/site-packages/airflow/example_dags/tutorial_taskflow_api_virtualenv.py
[2024-07-15T10:28:51.383+0100] {processor.py:840} INFO - DAG(s) 'tutorial_taskflow_api_virtualenv' retrieved from /home/victor/airflow_env/lib/python3.10/site-packages/airflow/example_dags/tutorial_taskflow_api_virtualenv.py
[2024-07-15T10:28:51.473+0100] {logging_mixin.py:188} INFO - [2024-07-15T10:28:51.472+0100] {dag.py:3096} INFO - Sync 1 DAGs
[2024-07-15T10:28:51.534+0100] {logging_mixin.py:188} INFO - [2024-07-15T10:28:51.533+0100] {dag.py:3954} INFO - Setting next_dagrun for tutorial_taskflow_api_virtualenv to None, run_after=None
[2024-07-15T10:28:51.866+0100] {processor.py:183} INFO - Processing /home/victor/airflow_env/lib/python3.10/site-packages/airflow/example_dags/tutorial_taskflow_api_virtualenv.py took 0.572 seconds
[2024-07-15T10:30:08.369+0100] {processor.py:161} INFO - Started process (PID=27177) to work on /home/victor/airflow_env/lib/python3.10/site-packages/airflow/example_dags/tutorial_taskflow_api_virtualenv.py
[2024-07-15T10:30:08.373+0100] {processor.py:830} INFO - Processing file /home/victor/airflow_env/lib/python3.10/site-packages/airflow/example_dags/tutorial_taskflow_api_virtualenv.py for tasks to queue
[2024-07-15T10:30:08.380+0100] {logging_mixin.py:188} INFO - [2024-07-15T10:30:08.379+0100] {dagbag.py:545} INFO - Filling up the DagBag from /home/victor/airflow_env/lib/python3.10/site-packages/airflow/example_dags/tutorial_taskflow_api_virtualenv.py
[2024-07-15T10:30:08.425+0100] {processor.py:840} INFO - DAG(s) 'tutorial_taskflow_api_virtualenv' retrieved from /home/victor/airflow_env/lib/python3.10/site-packages/airflow/example_dags/tutorial_taskflow_api_virtualenv.py
[2024-07-15T10:30:08.525+0100] {logging_mixin.py:188} INFO - [2024-07-15T10:30:08.524+0100] {dag.py:3096} INFO - Sync 1 DAGs
[2024-07-15T10:30:08.588+0100] {logging_mixin.py:188} INFO - [2024-07-15T10:30:08.587+0100] {dag.py:3954} INFO - Setting next_dagrun for tutorial_taskflow_api_virtualenv to None, run_after=None
[2024-07-15T10:30:08.860+0100] {processor.py:183} INFO - Processing /home/victor/airflow_env/lib/python3.10/site-packages/airflow/example_dags/tutorial_taskflow_api_virtualenv.py took 0.517 seconds
[2024-07-15T10:31:27.339+0100] {processor.py:161} INFO - Started process (PID=27577) to work on /home/victor/airflow_env/lib/python3.10/site-packages/airflow/example_dags/tutorial_taskflow_api_virtualenv.py
[2024-07-15T10:31:27.345+0100] {processor.py:830} INFO - Processing file /home/victor/airflow_env/lib/python3.10/site-packages/airflow/example_dags/tutorial_taskflow_api_virtualenv.py for tasks to queue
[2024-07-15T10:31:27.355+0100] {logging_mixin.py:188} INFO - [2024-07-15T10:31:27.352+0100] {dagbag.py:545} INFO - Filling up the DagBag from /home/victor/airflow_env/lib/python3.10/site-packages/airflow/example_dags/tutorial_taskflow_api_virtualenv.py
[2024-07-15T10:31:27.459+0100] {processor.py:840} INFO - DAG(s) 'tutorial_taskflow_api_virtualenv' retrieved from /home/victor/airflow_env/lib/python3.10/site-packages/airflow/example_dags/tutorial_taskflow_api_virtualenv.py
[2024-07-15T10:31:27.639+0100] {logging_mixin.py:188} INFO - [2024-07-15T10:31:27.638+0100] {dag.py:3096} INFO - Sync 1 DAGs
[2024-07-15T10:31:27.759+0100] {logging_mixin.py:188} INFO - [2024-07-15T10:31:27.758+0100] {dag.py:3954} INFO - Setting next_dagrun for tutorial_taskflow_api_virtualenv to None, run_after=None
[2024-07-15T10:31:28.102+0100] {processor.py:183} INFO - Processing /home/victor/airflow_env/lib/python3.10/site-packages/airflow/example_dags/tutorial_taskflow_api_virtualenv.py took 0.796 seconds
[2024-07-15T10:32:52.882+0100] {processor.py:161} INFO - Started process (PID=28049) to work on /home/victor/airflow_env/lib/python3.10/site-packages/airflow/example_dags/tutorial_taskflow_api_virtualenv.py
[2024-07-15T10:32:52.887+0100] {processor.py:830} INFO - Processing file /home/victor/airflow_env/lib/python3.10/site-packages/airflow/example_dags/tutorial_taskflow_api_virtualenv.py for tasks to queue
[2024-07-15T10:32:52.895+0100] {logging_mixin.py:188} INFO - [2024-07-15T10:32:52.894+0100] {dagbag.py:545} INFO - Filling up the DagBag from /home/victor/airflow_env/lib/python3.10/site-packages/airflow/example_dags/tutorial_taskflow_api_virtualenv.py
[2024-07-15T10:32:52.951+0100] {processor.py:840} INFO - DAG(s) 'tutorial_taskflow_api_virtualenv' retrieved from /home/victor/airflow_env/lib/python3.10/site-packages/airflow/example_dags/tutorial_taskflow_api_virtualenv.py
[2024-07-15T10:32:53.057+0100] {logging_mixin.py:188} INFO - [2024-07-15T10:32:53.056+0100] {dag.py:3096} INFO - Sync 1 DAGs
[2024-07-15T10:32:53.133+0100] {logging_mixin.py:188} INFO - [2024-07-15T10:32:53.132+0100] {dag.py:3954} INFO - Setting next_dagrun for tutorial_taskflow_api_virtualenv to None, run_after=None
[2024-07-15T10:32:53.474+0100] {processor.py:183} INFO - Processing /home/victor/airflow_env/lib/python3.10/site-packages/airflow/example_dags/tutorial_taskflow_api_virtualenv.py took 0.625 seconds
[2024-07-15T10:34:26.745+0100] {processor.py:161} INFO - Started process (PID=28777) to work on /home/victor/airflow_env/lib/python3.10/site-packages/airflow/example_dags/tutorial_taskflow_api_virtualenv.py
[2024-07-15T10:34:26.749+0100] {processor.py:830} INFO - Processing file /home/victor/airflow_env/lib/python3.10/site-packages/airflow/example_dags/tutorial_taskflow_api_virtualenv.py for tasks to queue
[2024-07-15T10:34:26.756+0100] {logging_mixin.py:188} INFO - [2024-07-15T10:34:26.755+0100] {dagbag.py:545} INFO - Filling up the DagBag from /home/victor/airflow_env/lib/python3.10/site-packages/airflow/example_dags/tutorial_taskflow_api_virtualenv.py
[2024-07-15T10:34:26.808+0100] {processor.py:840} INFO - DAG(s) 'tutorial_taskflow_api_virtualenv' retrieved from /home/victor/airflow_env/lib/python3.10/site-packages/airflow/example_dags/tutorial_taskflow_api_virtualenv.py
[2024-07-15T10:34:26.916+0100] {logging_mixin.py:188} INFO - [2024-07-15T10:34:26.916+0100] {dag.py:3096} INFO - Sync 1 DAGs
[2024-07-15T10:34:26.987+0100] {logging_mixin.py:188} INFO - [2024-07-15T10:34:26.986+0100] {dag.py:3954} INFO - Setting next_dagrun for tutorial_taskflow_api_virtualenv to None, run_after=None
[2024-07-15T10:34:27.292+0100] {processor.py:183} INFO - Processing /home/victor/airflow_env/lib/python3.10/site-packages/airflow/example_dags/tutorial_taskflow_api_virtualenv.py took 0.572 seconds
[2024-07-15T10:35:45.906+0100] {processor.py:161} INFO - Started process (PID=29181) to work on /home/victor/airflow_env/lib/python3.10/site-packages/airflow/example_dags/tutorial_taskflow_api_virtualenv.py
[2024-07-15T10:35:45.912+0100] {processor.py:830} INFO - Processing file /home/victor/airflow_env/lib/python3.10/site-packages/airflow/example_dags/tutorial_taskflow_api_virtualenv.py for tasks to queue
[2024-07-15T10:35:45.919+0100] {logging_mixin.py:188} INFO - [2024-07-15T10:35:45.917+0100] {dagbag.py:545} INFO - Filling up the DagBag from /home/victor/airflow_env/lib/python3.10/site-packages/airflow/example_dags/tutorial_taskflow_api_virtualenv.py
[2024-07-15T10:35:45.980+0100] {processor.py:840} INFO - DAG(s) 'tutorial_taskflow_api_virtualenv' retrieved from /home/victor/airflow_env/lib/python3.10/site-packages/airflow/example_dags/tutorial_taskflow_api_virtualenv.py
[2024-07-15T10:35:46.079+0100] {logging_mixin.py:188} INFO - [2024-07-15T10:35:46.077+0100] {dag.py:3096} INFO - Sync 1 DAGs
[2024-07-15T10:35:46.161+0100] {logging_mixin.py:188} INFO - [2024-07-15T10:35:46.160+0100] {dag.py:3954} INFO - Setting next_dagrun for tutorial_taskflow_api_virtualenv to None, run_after=None
[2024-07-15T10:35:46.485+0100] {processor.py:183} INFO - Processing /home/victor/airflow_env/lib/python3.10/site-packages/airflow/example_dags/tutorial_taskflow_api_virtualenv.py took 0.613 seconds
[2024-07-15T10:37:09.214+0100] {processor.py:161} INFO - Started process (PID=29671) to work on /home/victor/airflow_env/lib/python3.10/site-packages/airflow/example_dags/tutorial_taskflow_api_virtualenv.py
[2024-07-15T10:37:09.218+0100] {processor.py:830} INFO - Processing file /home/victor/airflow_env/lib/python3.10/site-packages/airflow/example_dags/tutorial_taskflow_api_virtualenv.py for tasks to queue
[2024-07-15T10:37:09.225+0100] {logging_mixin.py:188} INFO - [2024-07-15T10:37:09.224+0100] {dagbag.py:545} INFO - Filling up the DagBag from /home/victor/airflow_env/lib/python3.10/site-packages/airflow/example_dags/tutorial_taskflow_api_virtualenv.py
[2024-07-15T10:37:09.275+0100] {processor.py:840} INFO - DAG(s) 'tutorial_taskflow_api_virtualenv' retrieved from /home/victor/airflow_env/lib/python3.10/site-packages/airflow/example_dags/tutorial_taskflow_api_virtualenv.py
[2024-07-15T10:37:09.381+0100] {logging_mixin.py:188} INFO - [2024-07-15T10:37:09.380+0100] {dag.py:3096} INFO - Sync 1 DAGs
[2024-07-15T10:37:09.448+0100] {logging_mixin.py:188} INFO - [2024-07-15T10:37:09.447+0100] {dag.py:3954} INFO - Setting next_dagrun for tutorial_taskflow_api_virtualenv to None, run_after=None
[2024-07-15T10:37:09.870+0100] {processor.py:183} INFO - Processing /home/victor/airflow_env/lib/python3.10/site-packages/airflow/example_dags/tutorial_taskflow_api_virtualenv.py took 0.683 seconds
[2024-07-15T10:38:37.836+0100] {processor.py:161} INFO - Started process (PID=30174) to work on /home/victor/airflow_env/lib/python3.10/site-packages/airflow/example_dags/tutorial_taskflow_api_virtualenv.py
[2024-07-15T10:38:37.841+0100] {processor.py:830} INFO - Processing file /home/victor/airflow_env/lib/python3.10/site-packages/airflow/example_dags/tutorial_taskflow_api_virtualenv.py for tasks to queue
[2024-07-15T10:38:37.848+0100] {logging_mixin.py:188} INFO - [2024-07-15T10:38:37.846+0100] {dagbag.py:545} INFO - Filling up the DagBag from /home/victor/airflow_env/lib/python3.10/site-packages/airflow/example_dags/tutorial_taskflow_api_virtualenv.py
[2024-07-15T10:38:37.896+0100] {processor.py:840} INFO - DAG(s) 'tutorial_taskflow_api_virtualenv' retrieved from /home/victor/airflow_env/lib/python3.10/site-packages/airflow/example_dags/tutorial_taskflow_api_virtualenv.py
[2024-07-15T10:38:38.023+0100] {logging_mixin.py:188} INFO - [2024-07-15T10:38:38.022+0100] {dag.py:3096} INFO - Sync 1 DAGs
[2024-07-15T10:38:38.101+0100] {logging_mixin.py:188} INFO - [2024-07-15T10:38:38.100+0100] {dag.py:3954} INFO - Setting next_dagrun for tutorial_taskflow_api_virtualenv to None, run_after=None
[2024-07-15T10:38:38.372+0100] {processor.py:183} INFO - Processing /home/victor/airflow_env/lib/python3.10/site-packages/airflow/example_dags/tutorial_taskflow_api_virtualenv.py took 0.564 seconds
[2024-07-15T10:39:50.915+0100] {processor.py:161} INFO - Started process (PID=30552) to work on /home/victor/airflow_env/lib/python3.10/site-packages/airflow/example_dags/tutorial_taskflow_api_virtualenv.py
[2024-07-15T10:39:50.919+0100] {processor.py:830} INFO - Processing file /home/victor/airflow_env/lib/python3.10/site-packages/airflow/example_dags/tutorial_taskflow_api_virtualenv.py for tasks to queue
[2024-07-15T10:39:50.927+0100] {logging_mixin.py:188} INFO - [2024-07-15T10:39:50.925+0100] {dagbag.py:545} INFO - Filling up the DagBag from /home/victor/airflow_env/lib/python3.10/site-packages/airflow/example_dags/tutorial_taskflow_api_virtualenv.py
[2024-07-15T10:39:50.972+0100] {processor.py:840} INFO - DAG(s) 'tutorial_taskflow_api_virtualenv' retrieved from /home/victor/airflow_env/lib/python3.10/site-packages/airflow/example_dags/tutorial_taskflow_api_virtualenv.py
[2024-07-15T10:39:51.058+0100] {logging_mixin.py:188} INFO - [2024-07-15T10:39:51.057+0100] {dag.py:3096} INFO - Sync 1 DAGs
[2024-07-15T10:39:51.117+0100] {logging_mixin.py:188} INFO - [2024-07-15T10:39:51.116+0100] {dag.py:3954} INFO - Setting next_dagrun for tutorial_taskflow_api_virtualenv to None, run_after=None
[2024-07-15T10:39:51.397+0100] {processor.py:183} INFO - Processing /home/victor/airflow_env/lib/python3.10/site-packages/airflow/example_dags/tutorial_taskflow_api_virtualenv.py took 0.507 seconds
[2024-07-15T10:41:04.048+0100] {processor.py:161} INFO - Started process (PID=30930) to work on /home/victor/airflow_env/lib/python3.10/site-packages/airflow/example_dags/tutorial_taskflow_api_virtualenv.py
[2024-07-15T10:41:04.052+0100] {processor.py:830} INFO - Processing file /home/victor/airflow_env/lib/python3.10/site-packages/airflow/example_dags/tutorial_taskflow_api_virtualenv.py for tasks to queue
[2024-07-15T10:41:04.059+0100] {logging_mixin.py:188} INFO - [2024-07-15T10:41:04.058+0100] {dagbag.py:545} INFO - Filling up the DagBag from /home/victor/airflow_env/lib/python3.10/site-packages/airflow/example_dags/tutorial_taskflow_api_virtualenv.py
[2024-07-15T10:41:04.104+0100] {processor.py:840} INFO - DAG(s) 'tutorial_taskflow_api_virtualenv' retrieved from /home/victor/airflow_env/lib/python3.10/site-packages/airflow/example_dags/tutorial_taskflow_api_virtualenv.py
[2024-07-15T10:41:04.205+0100] {logging_mixin.py:188} INFO - [2024-07-15T10:41:04.205+0100] {dag.py:3096} INFO - Sync 1 DAGs
[2024-07-15T10:41:04.270+0100] {logging_mixin.py:188} INFO - [2024-07-15T10:41:04.269+0100] {dag.py:3954} INFO - Setting next_dagrun for tutorial_taskflow_api_virtualenv to None, run_after=None
[2024-07-15T10:41:04.545+0100] {processor.py:183} INFO - Processing /home/victor/airflow_env/lib/python3.10/site-packages/airflow/example_dags/tutorial_taskflow_api_virtualenv.py took 0.521 seconds
[2024-07-15T10:42:21.991+0100] {processor.py:161} INFO - Started process (PID=31331) to work on /home/victor/airflow_env/lib/python3.10/site-packages/airflow/example_dags/tutorial_taskflow_api_virtualenv.py
[2024-07-15T10:42:21.996+0100] {processor.py:830} INFO - Processing file /home/victor/airflow_env/lib/python3.10/site-packages/airflow/example_dags/tutorial_taskflow_api_virtualenv.py for tasks to queue
[2024-07-15T10:42:22.003+0100] {logging_mixin.py:188} INFO - [2024-07-15T10:42:22.001+0100] {dagbag.py:545} INFO - Filling up the DagBag from /home/victor/airflow_env/lib/python3.10/site-packages/airflow/example_dags/tutorial_taskflow_api_virtualenv.py
[2024-07-15T10:42:22.068+0100] {processor.py:840} INFO - DAG(s) 'tutorial_taskflow_api_virtualenv' retrieved from /home/victor/airflow_env/lib/python3.10/site-packages/airflow/example_dags/tutorial_taskflow_api_virtualenv.py
[2024-07-15T10:42:22.164+0100] {logging_mixin.py:188} INFO - [2024-07-15T10:42:22.163+0100] {dag.py:3096} INFO - Sync 1 DAGs
[2024-07-15T10:42:22.229+0100] {logging_mixin.py:188} INFO - [2024-07-15T10:42:22.229+0100] {dag.py:3954} INFO - Setting next_dagrun for tutorial_taskflow_api_virtualenv to None, run_after=None
[2024-07-15T10:42:22.650+0100] {processor.py:183} INFO - Processing /home/victor/airflow_env/lib/python3.10/site-packages/airflow/example_dags/tutorial_taskflow_api_virtualenv.py took 0.687 seconds
[2024-07-15T10:43:40.828+0100] {processor.py:161} INFO - Started process (PID=31768) to work on /home/victor/airflow_env/lib/python3.10/site-packages/airflow/example_dags/tutorial_taskflow_api_virtualenv.py
[2024-07-15T10:43:40.832+0100] {processor.py:830} INFO - Processing file /home/victor/airflow_env/lib/python3.10/site-packages/airflow/example_dags/tutorial_taskflow_api_virtualenv.py for tasks to queue
[2024-07-15T10:43:40.840+0100] {logging_mixin.py:188} INFO - [2024-07-15T10:43:40.838+0100] {dagbag.py:545} INFO - Filling up the DagBag from /home/victor/airflow_env/lib/python3.10/site-packages/airflow/example_dags/tutorial_taskflow_api_virtualenv.py
[2024-07-15T10:43:40.890+0100] {processor.py:840} INFO - DAG(s) 'tutorial_taskflow_api_virtualenv' retrieved from /home/victor/airflow_env/lib/python3.10/site-packages/airflow/example_dags/tutorial_taskflow_api_virtualenv.py
[2024-07-15T10:43:40.991+0100] {logging_mixin.py:188} INFO - [2024-07-15T10:43:40.990+0100] {dag.py:3096} INFO - Sync 1 DAGs
[2024-07-15T10:43:41.084+0100] {logging_mixin.py:188} INFO - [2024-07-15T10:43:41.082+0100] {dag.py:3954} INFO - Setting next_dagrun for tutorial_taskflow_api_virtualenv to None, run_after=None
[2024-07-15T10:43:41.754+0100] {processor.py:183} INFO - Processing /home/victor/airflow_env/lib/python3.10/site-packages/airflow/example_dags/tutorial_taskflow_api_virtualenv.py took 0.952 seconds
[2024-07-15T10:44:53.869+0100] {processor.py:161} INFO - Started process (PID=32147) to work on /home/victor/airflow_env/lib/python3.10/site-packages/airflow/example_dags/tutorial_taskflow_api_virtualenv.py
[2024-07-15T10:44:53.873+0100] {processor.py:830} INFO - Processing file /home/victor/airflow_env/lib/python3.10/site-packages/airflow/example_dags/tutorial_taskflow_api_virtualenv.py for tasks to queue
[2024-07-15T10:44:53.882+0100] {logging_mixin.py:188} INFO - [2024-07-15T10:44:53.880+0100] {dagbag.py:545} INFO - Filling up the DagBag from /home/victor/airflow_env/lib/python3.10/site-packages/airflow/example_dags/tutorial_taskflow_api_virtualenv.py
[2024-07-15T10:44:53.940+0100] {processor.py:840} INFO - DAG(s) 'tutorial_taskflow_api_virtualenv' retrieved from /home/victor/airflow_env/lib/python3.10/site-packages/airflow/example_dags/tutorial_taskflow_api_virtualenv.py
[2024-07-15T10:44:54.041+0100] {logging_mixin.py:188} INFO - [2024-07-15T10:44:54.040+0100] {dag.py:3096} INFO - Sync 1 DAGs
[2024-07-15T10:44:54.099+0100] {logging_mixin.py:188} INFO - [2024-07-15T10:44:54.098+0100] {dag.py:3954} INFO - Setting next_dagrun for tutorial_taskflow_api_virtualenv to None, run_after=None
[2024-07-15T10:44:54.379+0100] {processor.py:183} INFO - Processing /home/victor/airflow_env/lib/python3.10/site-packages/airflow/example_dags/tutorial_taskflow_api_virtualenv.py took 0.538 seconds
[2024-07-15T10:46:04.240+0100] {processor.py:161} INFO - Started process (PID=32513) to work on /home/victor/airflow_env/lib/python3.10/site-packages/airflow/example_dags/tutorial_taskflow_api_virtualenv.py
[2024-07-15T10:46:04.245+0100] {processor.py:830} INFO - Processing file /home/victor/airflow_env/lib/python3.10/site-packages/airflow/example_dags/tutorial_taskflow_api_virtualenv.py for tasks to queue
[2024-07-15T10:46:04.252+0100] {logging_mixin.py:188} INFO - [2024-07-15T10:46:04.251+0100] {dagbag.py:545} INFO - Filling up the DagBag from /home/victor/airflow_env/lib/python3.10/site-packages/airflow/example_dags/tutorial_taskflow_api_virtualenv.py
[2024-07-15T10:46:04.297+0100] {processor.py:840} INFO - DAG(s) 'tutorial_taskflow_api_virtualenv' retrieved from /home/victor/airflow_env/lib/python3.10/site-packages/airflow/example_dags/tutorial_taskflow_api_virtualenv.py
[2024-07-15T10:46:04.393+0100] {logging_mixin.py:188} INFO - [2024-07-15T10:46:04.392+0100] {dag.py:3096} INFO - Sync 1 DAGs
[2024-07-15T10:46:04.451+0100] {logging_mixin.py:188} INFO - [2024-07-15T10:46:04.450+0100] {dag.py:3954} INFO - Setting next_dagrun for tutorial_taskflow_api_virtualenv to None, run_after=None
[2024-07-15T10:46:04.744+0100] {processor.py:183} INFO - Processing /home/victor/airflow_env/lib/python3.10/site-packages/airflow/example_dags/tutorial_taskflow_api_virtualenv.py took 0.528 seconds
[2024-07-15T10:47:23.708+0100] {processor.py:161} INFO - Started process (PID=32926) to work on /home/victor/airflow_env/lib/python3.10/site-packages/airflow/example_dags/tutorial_taskflow_api_virtualenv.py
[2024-07-15T10:47:23.716+0100] {processor.py:830} INFO - Processing file /home/victor/airflow_env/lib/python3.10/site-packages/airflow/example_dags/tutorial_taskflow_api_virtualenv.py for tasks to queue
[2024-07-15T10:47:23.740+0100] {logging_mixin.py:188} INFO - [2024-07-15T10:47:23.732+0100] {dagbag.py:545} INFO - Filling up the DagBag from /home/victor/airflow_env/lib/python3.10/site-packages/airflow/example_dags/tutorial_taskflow_api_virtualenv.py
[2024-07-15T10:47:23.817+0100] {processor.py:840} INFO - DAG(s) 'tutorial_taskflow_api_virtualenv' retrieved from /home/victor/airflow_env/lib/python3.10/site-packages/airflow/example_dags/tutorial_taskflow_api_virtualenv.py
[2024-07-15T10:47:23.954+0100] {logging_mixin.py:188} INFO - [2024-07-15T10:47:23.953+0100] {dag.py:3096} INFO - Sync 1 DAGs
[2024-07-15T10:47:24.041+0100] {logging_mixin.py:188} INFO - [2024-07-15T10:47:24.040+0100] {dag.py:3954} INFO - Setting next_dagrun for tutorial_taskflow_api_virtualenv to None, run_after=None
[2024-07-15T10:47:24.550+0100] {processor.py:183} INFO - Processing /home/victor/airflow_env/lib/python3.10/site-packages/airflow/example_dags/tutorial_taskflow_api_virtualenv.py took 0.882 seconds
[2024-07-15T10:48:44.741+0100] {processor.py:161} INFO - Started process (PID=33369) to work on /home/victor/airflow_env/lib/python3.10/site-packages/airflow/example_dags/tutorial_taskflow_api_virtualenv.py
[2024-07-15T10:48:44.745+0100] {processor.py:830} INFO - Processing file /home/victor/airflow_env/lib/python3.10/site-packages/airflow/example_dags/tutorial_taskflow_api_virtualenv.py for tasks to queue
[2024-07-15T10:48:44.753+0100] {logging_mixin.py:188} INFO - [2024-07-15T10:48:44.752+0100] {dagbag.py:545} INFO - Filling up the DagBag from /home/victor/airflow_env/lib/python3.10/site-packages/airflow/example_dags/tutorial_taskflow_api_virtualenv.py
[2024-07-15T10:48:44.815+0100] {processor.py:840} INFO - DAG(s) 'tutorial_taskflow_api_virtualenv' retrieved from /home/victor/airflow_env/lib/python3.10/site-packages/airflow/example_dags/tutorial_taskflow_api_virtualenv.py
[2024-07-15T10:48:44.921+0100] {logging_mixin.py:188} INFO - [2024-07-15T10:48:44.921+0100] {dag.py:3096} INFO - Sync 1 DAGs
[2024-07-15T10:48:44.991+0100] {logging_mixin.py:188} INFO - [2024-07-15T10:48:44.990+0100] {dag.py:3954} INFO - Setting next_dagrun for tutorial_taskflow_api_virtualenv to None, run_after=None
[2024-07-15T10:48:45.395+0100] {processor.py:183} INFO - Processing /home/victor/airflow_env/lib/python3.10/site-packages/airflow/example_dags/tutorial_taskflow_api_virtualenv.py took 0.680 seconds
[2024-07-15T10:50:21.275+0100] {processor.py:161} INFO - Started process (PID=34108) to work on /home/victor/airflow_env/lib/python3.10/site-packages/airflow/example_dags/tutorial_taskflow_api_virtualenv.py
[2024-07-15T10:50:21.279+0100] {processor.py:830} INFO - Processing file /home/victor/airflow_env/lib/python3.10/site-packages/airflow/example_dags/tutorial_taskflow_api_virtualenv.py for tasks to queue
[2024-07-15T10:50:21.288+0100] {logging_mixin.py:188} INFO - [2024-07-15T10:50:21.286+0100] {dagbag.py:545} INFO - Filling up the DagBag from /home/victor/airflow_env/lib/python3.10/site-packages/airflow/example_dags/tutorial_taskflow_api_virtualenv.py
[2024-07-15T10:50:21.442+0100] {processor.py:840} INFO - DAG(s) 'tutorial_taskflow_api_virtualenv' retrieved from /home/victor/airflow_env/lib/python3.10/site-packages/airflow/example_dags/tutorial_taskflow_api_virtualenv.py
[2024-07-15T10:50:21.795+0100] {logging_mixin.py:188} INFO - [2024-07-15T10:50:21.794+0100] {dag.py:3096} INFO - Sync 1 DAGs
[2024-07-15T10:50:22.066+0100] {logging_mixin.py:188} INFO - [2024-07-15T10:50:22.065+0100] {dag.py:3954} INFO - Setting next_dagrun for tutorial_taskflow_api_virtualenv to None, run_after=None
[2024-07-15T10:50:22.947+0100] {processor.py:183} INFO - Processing /home/victor/airflow_env/lib/python3.10/site-packages/airflow/example_dags/tutorial_taskflow_api_virtualenv.py took 1.705 seconds
