[2024-07-15T09:47:39.300+0100] {processor.py:161} INFO - Started process (PID=9848) to work on /home/victor/airflow_env/lib/python3.10/site-packages/airflow/example_dags/tutorial_taskflow_api.py
[2024-07-15T09:47:39.306+0100] {processor.py:830} INFO - Processing file /home/victor/airflow_env/lib/python3.10/site-packages/airflow/example_dags/tutorial_taskflow_api.py for tasks to queue
[2024-07-15T09:47:39.318+0100] {logging_mixin.py:188} INFO - [2024-07-15T09:47:39.315+0100] {dagbag.py:545} INFO - Filling up the DagBag from /home/victor/airflow_env/lib/python3.10/site-packages/airflow/example_dags/tutorial_taskflow_api.py
[2024-07-15T09:47:39.385+0100] {processor.py:840} INFO - DAG(s) 'tutorial_taskflow_api' retrieved from /home/victor/airflow_env/lib/python3.10/site-packages/airflow/example_dags/tutorial_taskflow_api.py
[2024-07-15T09:47:39.679+0100] {logging_mixin.py:188} INFO - [2024-07-15T09:47:39.678+0100] {dag.py:3096} INFO - Sync 1 DAGs
[2024-07-15T09:47:39.789+0100] {logging_mixin.py:188} INFO - [2024-07-15T09:47:39.787+0100] {dag.py:3954} INFO - Setting next_dagrun for tutorial_taskflow_api to None, run_after=None
[2024-07-15T09:47:40.246+0100] {processor.py:183} INFO - Processing /home/victor/airflow_env/lib/python3.10/site-packages/airflow/example_dags/tutorial_taskflow_api.py took 0.994 seconds
[2024-07-15T09:50:07.557+0100] {processor.py:161} INFO - Started process (PID=11099) to work on /home/victor/airflow_env/lib/python3.10/site-packages/airflow/example_dags/tutorial_taskflow_api.py
[2024-07-15T09:50:07.561+0100] {processor.py:830} INFO - Processing file /home/victor/airflow_env/lib/python3.10/site-packages/airflow/example_dags/tutorial_taskflow_api.py for tasks to queue
[2024-07-15T09:50:07.568+0100] {logging_mixin.py:188} INFO - [2024-07-15T09:50:07.567+0100] {dagbag.py:545} INFO - Filling up the DagBag from /home/victor/airflow_env/lib/python3.10/site-packages/airflow/example_dags/tutorial_taskflow_api.py
[2024-07-15T09:50:07.599+0100] {processor.py:840} INFO - DAG(s) 'tutorial_taskflow_api' retrieved from /home/victor/airflow_env/lib/python3.10/site-packages/airflow/example_dags/tutorial_taskflow_api.py
[2024-07-15T09:50:07.690+0100] {logging_mixin.py:188} INFO - [2024-07-15T09:50:07.689+0100] {dag.py:3096} INFO - Sync 1 DAGs
[2024-07-15T09:50:07.751+0100] {logging_mixin.py:188} INFO - [2024-07-15T09:50:07.750+0100] {dag.py:3954} INFO - Setting next_dagrun for tutorial_taskflow_api to None, run_after=None
[2024-07-15T09:50:08.065+0100] {processor.py:183} INFO - Processing /home/victor/airflow_env/lib/python3.10/site-packages/airflow/example_dags/tutorial_taskflow_api.py took 0.531 seconds
[2024-07-15T09:51:27.814+0100] {processor.py:161} INFO - Started process (PID=11575) to work on /home/victor/airflow_env/lib/python3.10/site-packages/airflow/example_dags/tutorial_taskflow_api.py
[2024-07-15T09:51:27.818+0100] {processor.py:830} INFO - Processing file /home/victor/airflow_env/lib/python3.10/site-packages/airflow/example_dags/tutorial_taskflow_api.py for tasks to queue
[2024-07-15T09:51:27.826+0100] {logging_mixin.py:188} INFO - [2024-07-15T09:51:27.825+0100] {dagbag.py:545} INFO - Filling up the DagBag from /home/victor/airflow_env/lib/python3.10/site-packages/airflow/example_dags/tutorial_taskflow_api.py
[2024-07-15T09:51:27.864+0100] {processor.py:840} INFO - DAG(s) 'tutorial_taskflow_api' retrieved from /home/victor/airflow_env/lib/python3.10/site-packages/airflow/example_dags/tutorial_taskflow_api.py
[2024-07-15T09:51:27.960+0100] {logging_mixin.py:188} INFO - [2024-07-15T09:51:27.959+0100] {dag.py:3096} INFO - Sync 1 DAGs
[2024-07-15T09:51:28.027+0100] {logging_mixin.py:188} INFO - [2024-07-15T09:51:28.026+0100] {dag.py:3954} INFO - Setting next_dagrun for tutorial_taskflow_api to None, run_after=None
[2024-07-15T09:51:28.409+0100] {processor.py:183} INFO - Processing /home/victor/airflow_env/lib/python3.10/site-packages/airflow/example_dags/tutorial_taskflow_api.py took 0.625 seconds
[2024-07-15T09:53:00.855+0100] {processor.py:161} INFO - Started process (PID=12144) to work on /home/victor/airflow_env/lib/python3.10/site-packages/airflow/example_dags/tutorial_taskflow_api.py
[2024-07-15T09:53:00.860+0100] {processor.py:830} INFO - Processing file /home/victor/airflow_env/lib/python3.10/site-packages/airflow/example_dags/tutorial_taskflow_api.py for tasks to queue
[2024-07-15T09:53:00.867+0100] {logging_mixin.py:188} INFO - [2024-07-15T09:53:00.866+0100] {dagbag.py:545} INFO - Filling up the DagBag from /home/victor/airflow_env/lib/python3.10/site-packages/airflow/example_dags/tutorial_taskflow_api.py
[2024-07-15T09:53:00.900+0100] {processor.py:840} INFO - DAG(s) 'tutorial_taskflow_api' retrieved from /home/victor/airflow_env/lib/python3.10/site-packages/airflow/example_dags/tutorial_taskflow_api.py
[2024-07-15T09:53:01.466+0100] {logging_mixin.py:188} INFO - [2024-07-15T09:53:01.465+0100] {dag.py:3096} INFO - Sync 1 DAGs
[2024-07-15T09:53:01.547+0100] {logging_mixin.py:188} INFO - [2024-07-15T09:53:01.546+0100] {dag.py:3954} INFO - Setting next_dagrun for tutorial_taskflow_api to None, run_after=None
[2024-07-15T09:53:02.208+0100] {processor.py:183} INFO - Processing /home/victor/airflow_env/lib/python3.10/site-packages/airflow/example_dags/tutorial_taskflow_api.py took 1.382 seconds
[2024-07-15T09:55:11.619+0100] {processor.py:161} INFO - Started process (PID=13029) to work on /home/victor/airflow_env/lib/python3.10/site-packages/airflow/example_dags/tutorial_taskflow_api.py
[2024-07-15T09:55:11.623+0100] {processor.py:830} INFO - Processing file /home/victor/airflow_env/lib/python3.10/site-packages/airflow/example_dags/tutorial_taskflow_api.py for tasks to queue
[2024-07-15T09:55:11.630+0100] {logging_mixin.py:188} INFO - [2024-07-15T09:55:11.629+0100] {dagbag.py:545} INFO - Filling up the DagBag from /home/victor/airflow_env/lib/python3.10/site-packages/airflow/example_dags/tutorial_taskflow_api.py
[2024-07-15T09:55:11.661+0100] {processor.py:840} INFO - DAG(s) 'tutorial_taskflow_api' retrieved from /home/victor/airflow_env/lib/python3.10/site-packages/airflow/example_dags/tutorial_taskflow_api.py
[2024-07-15T09:55:11.753+0100] {logging_mixin.py:188} INFO - [2024-07-15T09:55:11.752+0100] {dag.py:3096} INFO - Sync 1 DAGs
[2024-07-15T09:55:11.819+0100] {logging_mixin.py:188} INFO - [2024-07-15T09:55:11.819+0100] {dag.py:3954} INFO - Setting next_dagrun for tutorial_taskflow_api to None, run_after=None
[2024-07-15T09:55:12.157+0100] {processor.py:183} INFO - Processing /home/victor/airflow_env/lib/python3.10/site-packages/airflow/example_dags/tutorial_taskflow_api.py took 0.564 seconds
[2024-07-15T09:56:41.557+0100] {processor.py:161} INFO - Started process (PID=13811) to work on /home/victor/airflow_env/lib/python3.10/site-packages/airflow/example_dags/tutorial_taskflow_api.py
[2024-07-15T09:56:41.562+0100] {processor.py:830} INFO - Processing file /home/victor/airflow_env/lib/python3.10/site-packages/airflow/example_dags/tutorial_taskflow_api.py for tasks to queue
[2024-07-15T09:56:41.576+0100] {logging_mixin.py:188} INFO - [2024-07-15T09:56:41.573+0100] {dagbag.py:545} INFO - Filling up the DagBag from /home/victor/airflow_env/lib/python3.10/site-packages/airflow/example_dags/tutorial_taskflow_api.py
[2024-07-15T09:56:41.620+0100] {processor.py:840} INFO - DAG(s) 'tutorial_taskflow_api' retrieved from /home/victor/airflow_env/lib/python3.10/site-packages/airflow/example_dags/tutorial_taskflow_api.py
[2024-07-15T09:56:41.747+0100] {logging_mixin.py:188} INFO - [2024-07-15T09:56:41.746+0100] {dag.py:3096} INFO - Sync 1 DAGs
[2024-07-15T09:56:41.831+0100] {logging_mixin.py:188} INFO - [2024-07-15T09:56:41.830+0100] {dag.py:3954} INFO - Setting next_dagrun for tutorial_taskflow_api to None, run_after=None
[2024-07-15T09:56:42.233+0100] {processor.py:183} INFO - Processing /home/victor/airflow_env/lib/python3.10/site-packages/airflow/example_dags/tutorial_taskflow_api.py took 0.716 seconds
[2024-07-15T09:58:19.938+0100] {processor.py:161} INFO - Started process (PID=14457) to work on /home/victor/airflow_env/lib/python3.10/site-packages/airflow/example_dags/tutorial_taskflow_api.py
[2024-07-15T09:58:19.942+0100] {processor.py:830} INFO - Processing file /home/victor/airflow_env/lib/python3.10/site-packages/airflow/example_dags/tutorial_taskflow_api.py for tasks to queue
[2024-07-15T09:58:19.949+0100] {logging_mixin.py:188} INFO - [2024-07-15T09:58:19.947+0100] {dagbag.py:545} INFO - Filling up the DagBag from /home/victor/airflow_env/lib/python3.10/site-packages/airflow/example_dags/tutorial_taskflow_api.py
[2024-07-15T09:58:19.979+0100] {processor.py:840} INFO - DAG(s) 'tutorial_taskflow_api' retrieved from /home/victor/airflow_env/lib/python3.10/site-packages/airflow/example_dags/tutorial_taskflow_api.py
[2024-07-15T09:58:20.073+0100] {logging_mixin.py:188} INFO - [2024-07-15T09:58:20.072+0100] {dag.py:3096} INFO - Sync 1 DAGs
[2024-07-15T09:58:20.134+0100] {logging_mixin.py:188} INFO - [2024-07-15T09:58:20.133+0100] {dag.py:3954} INFO - Setting next_dagrun for tutorial_taskflow_api to None, run_after=None
[2024-07-15T09:58:21.059+0100] {processor.py:183} INFO - Processing /home/victor/airflow_env/lib/python3.10/site-packages/airflow/example_dags/tutorial_taskflow_api.py took 1.148 seconds
[2024-07-15T09:59:48.848+0100] {processor.py:161} INFO - Started process (PID=14959) to work on /home/victor/airflow_env/lib/python3.10/site-packages/airflow/example_dags/tutorial_taskflow_api.py
[2024-07-15T09:59:48.852+0100] {processor.py:830} INFO - Processing file /home/victor/airflow_env/lib/python3.10/site-packages/airflow/example_dags/tutorial_taskflow_api.py for tasks to queue
[2024-07-15T09:59:48.859+0100] {logging_mixin.py:188} INFO - [2024-07-15T09:59:48.858+0100] {dagbag.py:545} INFO - Filling up the DagBag from /home/victor/airflow_env/lib/python3.10/site-packages/airflow/example_dags/tutorial_taskflow_api.py
[2024-07-15T09:59:48.889+0100] {processor.py:840} INFO - DAG(s) 'tutorial_taskflow_api' retrieved from /home/victor/airflow_env/lib/python3.10/site-packages/airflow/example_dags/tutorial_taskflow_api.py
[2024-07-15T09:59:48.983+0100] {logging_mixin.py:188} INFO - [2024-07-15T09:59:48.982+0100] {dag.py:3096} INFO - Sync 1 DAGs
[2024-07-15T09:59:49.046+0100] {logging_mixin.py:188} INFO - [2024-07-15T09:59:49.045+0100] {dag.py:3954} INFO - Setting next_dagrun for tutorial_taskflow_api to None, run_after=None
[2024-07-15T09:59:49.320+0100] {processor.py:183} INFO - Processing /home/victor/airflow_env/lib/python3.10/site-packages/airflow/example_dags/tutorial_taskflow_api.py took 0.497 seconds
[2024-07-15T10:01:11.834+0100] {processor.py:161} INFO - Started process (PID=15533) to work on /home/victor/airflow_env/lib/python3.10/site-packages/airflow/example_dags/tutorial_taskflow_api.py
[2024-07-15T10:01:11.838+0100] {processor.py:830} INFO - Processing file /home/victor/airflow_env/lib/python3.10/site-packages/airflow/example_dags/tutorial_taskflow_api.py for tasks to queue
[2024-07-15T10:01:11.846+0100] {logging_mixin.py:188} INFO - [2024-07-15T10:01:11.843+0100] {dagbag.py:545} INFO - Filling up the DagBag from /home/victor/airflow_env/lib/python3.10/site-packages/airflow/example_dags/tutorial_taskflow_api.py
[2024-07-15T10:01:11.874+0100] {processor.py:840} INFO - DAG(s) 'tutorial_taskflow_api' retrieved from /home/victor/airflow_env/lib/python3.10/site-packages/airflow/example_dags/tutorial_taskflow_api.py
[2024-07-15T10:01:11.979+0100] {logging_mixin.py:188} INFO - [2024-07-15T10:01:11.977+0100] {dag.py:3096} INFO - Sync 1 DAGs
[2024-07-15T10:01:12.050+0100] {logging_mixin.py:188} INFO - [2024-07-15T10:01:12.049+0100] {dag.py:3954} INFO - Setting next_dagrun for tutorial_taskflow_api to None, run_after=None
[2024-07-15T10:01:12.420+0100] {processor.py:183} INFO - Processing /home/victor/airflow_env/lib/python3.10/site-packages/airflow/example_dags/tutorial_taskflow_api.py took 0.612 seconds
[2024-07-15T10:02:35.804+0100] {processor.py:161} INFO - Started process (PID=16392) to work on /home/victor/airflow_env/lib/python3.10/site-packages/airflow/example_dags/tutorial_taskflow_api.py
[2024-07-15T10:02:35.814+0100] {processor.py:830} INFO - Processing file /home/victor/airflow_env/lib/python3.10/site-packages/airflow/example_dags/tutorial_taskflow_api.py for tasks to queue
[2024-07-15T10:02:35.822+0100] {logging_mixin.py:188} INFO - [2024-07-15T10:02:35.820+0100] {dagbag.py:545} INFO - Filling up the DagBag from /home/victor/airflow_env/lib/python3.10/site-packages/airflow/example_dags/tutorial_taskflow_api.py
[2024-07-15T10:02:35.853+0100] {processor.py:840} INFO - DAG(s) 'tutorial_taskflow_api' retrieved from /home/victor/airflow_env/lib/python3.10/site-packages/airflow/example_dags/tutorial_taskflow_api.py
[2024-07-15T10:02:35.942+0100] {logging_mixin.py:188} INFO - [2024-07-15T10:02:35.941+0100] {dag.py:3096} INFO - Sync 1 DAGs
[2024-07-15T10:02:36.002+0100] {logging_mixin.py:188} INFO - [2024-07-15T10:02:36.001+0100] {dag.py:3954} INFO - Setting next_dagrun for tutorial_taskflow_api to None, run_after=None
[2024-07-15T10:02:36.305+0100] {processor.py:183} INFO - Processing /home/victor/airflow_env/lib/python3.10/site-packages/airflow/example_dags/tutorial_taskflow_api.py took 0.529 seconds
[2024-07-15T10:03:49.407+0100] {processor.py:161} INFO - Started process (PID=16910) to work on /home/victor/airflow_env/lib/python3.10/site-packages/airflow/example_dags/tutorial_taskflow_api.py
[2024-07-15T10:03:49.411+0100] {processor.py:830} INFO - Processing file /home/victor/airflow_env/lib/python3.10/site-packages/airflow/example_dags/tutorial_taskflow_api.py for tasks to queue
[2024-07-15T10:03:49.419+0100] {logging_mixin.py:188} INFO - [2024-07-15T10:03:49.417+0100] {dagbag.py:545} INFO - Filling up the DagBag from /home/victor/airflow_env/lib/python3.10/site-packages/airflow/example_dags/tutorial_taskflow_api.py
[2024-07-15T10:03:49.452+0100] {processor.py:840} INFO - DAG(s) 'tutorial_taskflow_api' retrieved from /home/victor/airflow_env/lib/python3.10/site-packages/airflow/example_dags/tutorial_taskflow_api.py
[2024-07-15T10:03:49.562+0100] {logging_mixin.py:188} INFO - [2024-07-15T10:03:49.560+0100] {dag.py:3096} INFO - Sync 1 DAGs
[2024-07-15T10:03:49.634+0100] {logging_mixin.py:188} INFO - [2024-07-15T10:03:49.633+0100] {dag.py:3954} INFO - Setting next_dagrun for tutorial_taskflow_api to None, run_after=None
[2024-07-15T10:03:49.893+0100] {processor.py:183} INFO - Processing /home/victor/airflow_env/lib/python3.10/site-packages/airflow/example_dags/tutorial_taskflow_api.py took 0.513 seconds
[2024-07-15T10:05:00.642+0100] {processor.py:161} INFO - Started process (PID=17299) to work on /home/victor/airflow_env/lib/python3.10/site-packages/airflow/example_dags/tutorial_taskflow_api.py
[2024-07-15T10:05:00.646+0100] {processor.py:830} INFO - Processing file /home/victor/airflow_env/lib/python3.10/site-packages/airflow/example_dags/tutorial_taskflow_api.py for tasks to queue
[2024-07-15T10:05:00.654+0100] {logging_mixin.py:188} INFO - [2024-07-15T10:05:00.652+0100] {dagbag.py:545} INFO - Filling up the DagBag from /home/victor/airflow_env/lib/python3.10/site-packages/airflow/example_dags/tutorial_taskflow_api.py
[2024-07-15T10:05:00.689+0100] {processor.py:840} INFO - DAG(s) 'tutorial_taskflow_api' retrieved from /home/victor/airflow_env/lib/python3.10/site-packages/airflow/example_dags/tutorial_taskflow_api.py
[2024-07-15T10:05:00.793+0100] {logging_mixin.py:188} INFO - [2024-07-15T10:05:00.792+0100] {dag.py:3096} INFO - Sync 1 DAGs
[2024-07-15T10:05:00.864+0100] {logging_mixin.py:188} INFO - [2024-07-15T10:05:00.863+0100] {dag.py:3954} INFO - Setting next_dagrun for tutorial_taskflow_api to None, run_after=None
[2024-07-15T10:05:01.185+0100] {processor.py:183} INFO - Processing /home/victor/airflow_env/lib/python3.10/site-packages/airflow/example_dags/tutorial_taskflow_api.py took 0.568 seconds
[2024-07-15T10:06:27.705+0100] {processor.py:161} INFO - Started process (PID=17855) to work on /home/victor/airflow_env/lib/python3.10/site-packages/airflow/example_dags/tutorial_taskflow_api.py
[2024-07-15T10:06:27.710+0100] {processor.py:830} INFO - Processing file /home/victor/airflow_env/lib/python3.10/site-packages/airflow/example_dags/tutorial_taskflow_api.py for tasks to queue
[2024-07-15T10:06:27.719+0100] {logging_mixin.py:188} INFO - [2024-07-15T10:06:27.717+0100] {dagbag.py:545} INFO - Filling up the DagBag from /home/victor/airflow_env/lib/python3.10/site-packages/airflow/example_dags/tutorial_taskflow_api.py
[2024-07-15T10:06:27.751+0100] {processor.py:840} INFO - DAG(s) 'tutorial_taskflow_api' retrieved from /home/victor/airflow_env/lib/python3.10/site-packages/airflow/example_dags/tutorial_taskflow_api.py
[2024-07-15T10:06:27.840+0100] {logging_mixin.py:188} INFO - [2024-07-15T10:06:27.839+0100] {dag.py:3096} INFO - Sync 1 DAGs
[2024-07-15T10:06:27.920+0100] {logging_mixin.py:188} INFO - [2024-07-15T10:06:27.918+0100] {dag.py:3954} INFO - Setting next_dagrun for tutorial_taskflow_api to None, run_after=None
[2024-07-15T10:06:28.229+0100] {processor.py:183} INFO - Processing /home/victor/airflow_env/lib/python3.10/site-packages/airflow/example_dags/tutorial_taskflow_api.py took 0.560 seconds
[2024-07-15T10:08:04.062+0100] {processor.py:161} INFO - Started process (PID=18563) to work on /home/victor/airflow_env/lib/python3.10/site-packages/airflow/example_dags/tutorial_taskflow_api.py
[2024-07-15T10:08:04.066+0100] {processor.py:830} INFO - Processing file /home/victor/airflow_env/lib/python3.10/site-packages/airflow/example_dags/tutorial_taskflow_api.py for tasks to queue
[2024-07-15T10:08:04.073+0100] {logging_mixin.py:188} INFO - [2024-07-15T10:08:04.072+0100] {dagbag.py:545} INFO - Filling up the DagBag from /home/victor/airflow_env/lib/python3.10/site-packages/airflow/example_dags/tutorial_taskflow_api.py
[2024-07-15T10:08:04.108+0100] {processor.py:840} INFO - DAG(s) 'tutorial_taskflow_api' retrieved from /home/victor/airflow_env/lib/python3.10/site-packages/airflow/example_dags/tutorial_taskflow_api.py
[2024-07-15T10:08:04.218+0100] {logging_mixin.py:188} INFO - [2024-07-15T10:08:04.217+0100] {dag.py:3096} INFO - Sync 1 DAGs
[2024-07-15T10:08:04.294+0100] {logging_mixin.py:188} INFO - [2024-07-15T10:08:04.293+0100] {dag.py:3954} INFO - Setting next_dagrun for tutorial_taskflow_api to None, run_after=None
[2024-07-15T10:08:04.621+0100] {processor.py:183} INFO - Processing /home/victor/airflow_env/lib/python3.10/site-packages/airflow/example_dags/tutorial_taskflow_api.py took 0.587 seconds
[2024-07-15T10:09:30.464+0100] {processor.py:161} INFO - Started process (PID=19098) to work on /home/victor/airflow_env/lib/python3.10/site-packages/airflow/example_dags/tutorial_taskflow_api.py
[2024-07-15T10:09:30.470+0100] {processor.py:830} INFO - Processing file /home/victor/airflow_env/lib/python3.10/site-packages/airflow/example_dags/tutorial_taskflow_api.py for tasks to queue
[2024-07-15T10:09:30.485+0100] {logging_mixin.py:188} INFO - [2024-07-15T10:09:30.482+0100] {dagbag.py:545} INFO - Filling up the DagBag from /home/victor/airflow_env/lib/python3.10/site-packages/airflow/example_dags/tutorial_taskflow_api.py
[2024-07-15T10:09:30.554+0100] {processor.py:840} INFO - DAG(s) 'tutorial_taskflow_api' retrieved from /home/victor/airflow_env/lib/python3.10/site-packages/airflow/example_dags/tutorial_taskflow_api.py
[2024-07-15T10:09:30.689+0100] {logging_mixin.py:188} INFO - [2024-07-15T10:09:30.688+0100] {dag.py:3096} INFO - Sync 1 DAGs
[2024-07-15T10:09:30.782+0100] {logging_mixin.py:188} INFO - [2024-07-15T10:09:30.780+0100] {dag.py:3954} INFO - Setting next_dagrun for tutorial_taskflow_api to None, run_after=None
[2024-07-15T10:09:31.145+0100] {processor.py:183} INFO - Processing /home/victor/airflow_env/lib/python3.10/site-packages/airflow/example_dags/tutorial_taskflow_api.py took 0.737 seconds
[2024-07-15T10:11:03.258+0100] {processor.py:161} INFO - Started process (PID=19694) to work on /home/victor/airflow_env/lib/python3.10/site-packages/airflow/example_dags/tutorial_taskflow_api.py
[2024-07-15T10:11:03.263+0100] {processor.py:830} INFO - Processing file /home/victor/airflow_env/lib/python3.10/site-packages/airflow/example_dags/tutorial_taskflow_api.py for tasks to queue
[2024-07-15T10:11:03.272+0100] {logging_mixin.py:188} INFO - [2024-07-15T10:11:03.270+0100] {dagbag.py:545} INFO - Filling up the DagBag from /home/victor/airflow_env/lib/python3.10/site-packages/airflow/example_dags/tutorial_taskflow_api.py
[2024-07-15T10:11:03.311+0100] {processor.py:840} INFO - DAG(s) 'tutorial_taskflow_api' retrieved from /home/victor/airflow_env/lib/python3.10/site-packages/airflow/example_dags/tutorial_taskflow_api.py
[2024-07-15T10:11:03.441+0100] {logging_mixin.py:188} INFO - [2024-07-15T10:11:03.440+0100] {dag.py:3096} INFO - Sync 1 DAGs
[2024-07-15T10:11:03.557+0100] {logging_mixin.py:188} INFO - [2024-07-15T10:11:03.556+0100] {dag.py:3954} INFO - Setting next_dagrun for tutorial_taskflow_api to None, run_after=None
[2024-07-15T10:11:03.866+0100] {processor.py:183} INFO - Processing /home/victor/airflow_env/lib/python3.10/site-packages/airflow/example_dags/tutorial_taskflow_api.py took 0.641 seconds
[2024-07-15T10:12:29.833+0100] {processor.py:161} INFO - Started process (PID=20170) to work on /home/victor/airflow_env/lib/python3.10/site-packages/airflow/example_dags/tutorial_taskflow_api.py
[2024-07-15T10:12:29.839+0100] {processor.py:830} INFO - Processing file /home/victor/airflow_env/lib/python3.10/site-packages/airflow/example_dags/tutorial_taskflow_api.py for tasks to queue
[2024-07-15T10:12:29.846+0100] {logging_mixin.py:188} INFO - [2024-07-15T10:12:29.845+0100] {dagbag.py:545} INFO - Filling up the DagBag from /home/victor/airflow_env/lib/python3.10/site-packages/airflow/example_dags/tutorial_taskflow_api.py
[2024-07-15T10:12:29.881+0100] {processor.py:840} INFO - DAG(s) 'tutorial_taskflow_api' retrieved from /home/victor/airflow_env/lib/python3.10/site-packages/airflow/example_dags/tutorial_taskflow_api.py
[2024-07-15T10:12:29.985+0100] {logging_mixin.py:188} INFO - [2024-07-15T10:12:29.984+0100] {dag.py:3096} INFO - Sync 1 DAGs
[2024-07-15T10:12:30.060+0100] {logging_mixin.py:188} INFO - [2024-07-15T10:12:30.059+0100] {dag.py:3954} INFO - Setting next_dagrun for tutorial_taskflow_api to None, run_after=None
[2024-07-15T10:12:30.335+0100] {processor.py:183} INFO - Processing /home/victor/airflow_env/lib/python3.10/site-packages/airflow/example_dags/tutorial_taskflow_api.py took 0.528 seconds
[2024-07-15T10:13:51.943+0100] {processor.py:161} INFO - Started process (PID=20609) to work on /home/victor/airflow_env/lib/python3.10/site-packages/airflow/example_dags/tutorial_taskflow_api.py
[2024-07-15T10:13:51.947+0100] {processor.py:830} INFO - Processing file /home/victor/airflow_env/lib/python3.10/site-packages/airflow/example_dags/tutorial_taskflow_api.py for tasks to queue
[2024-07-15T10:13:51.955+0100] {logging_mixin.py:188} INFO - [2024-07-15T10:13:51.954+0100] {dagbag.py:545} INFO - Filling up the DagBag from /home/victor/airflow_env/lib/python3.10/site-packages/airflow/example_dags/tutorial_taskflow_api.py
[2024-07-15T10:13:51.984+0100] {processor.py:840} INFO - DAG(s) 'tutorial_taskflow_api' retrieved from /home/victor/airflow_env/lib/python3.10/site-packages/airflow/example_dags/tutorial_taskflow_api.py
[2024-07-15T10:13:52.078+0100] {logging_mixin.py:188} INFO - [2024-07-15T10:13:52.077+0100] {dag.py:3096} INFO - Sync 1 DAGs
[2024-07-15T10:13:52.141+0100] {logging_mixin.py:188} INFO - [2024-07-15T10:13:52.140+0100] {dag.py:3954} INFO - Setting next_dagrun for tutorial_taskflow_api to None, run_after=None
[2024-07-15T10:13:52.438+0100] {processor.py:183} INFO - Processing /home/victor/airflow_env/lib/python3.10/site-packages/airflow/example_dags/tutorial_taskflow_api.py took 0.519 seconds
[2024-07-15T10:15:21.402+0100] {processor.py:161} INFO - Started process (PID=21091) to work on /home/victor/airflow_env/lib/python3.10/site-packages/airflow/example_dags/tutorial_taskflow_api.py
[2024-07-15T10:15:21.412+0100] {processor.py:830} INFO - Processing file /home/victor/airflow_env/lib/python3.10/site-packages/airflow/example_dags/tutorial_taskflow_api.py for tasks to queue
[2024-07-15T10:15:21.422+0100] {logging_mixin.py:188} INFO - [2024-07-15T10:15:21.420+0100] {dagbag.py:545} INFO - Filling up the DagBag from /home/victor/airflow_env/lib/python3.10/site-packages/airflow/example_dags/tutorial_taskflow_api.py
[2024-07-15T10:15:21.478+0100] {processor.py:840} INFO - DAG(s) 'tutorial_taskflow_api' retrieved from /home/victor/airflow_env/lib/python3.10/site-packages/airflow/example_dags/tutorial_taskflow_api.py
[2024-07-15T10:15:21.644+0100] {logging_mixin.py:188} INFO - [2024-07-15T10:15:21.642+0100] {dag.py:3096} INFO - Sync 1 DAGs
[2024-07-15T10:15:21.771+0100] {logging_mixin.py:188} INFO - [2024-07-15T10:15:21.769+0100] {dag.py:3954} INFO - Setting next_dagrun for tutorial_taskflow_api to None, run_after=None
[2024-07-15T10:15:22.326+0100] {processor.py:183} INFO - Processing /home/victor/airflow_env/lib/python3.10/site-packages/airflow/example_dags/tutorial_taskflow_api.py took 0.970 seconds
[2024-07-15T10:16:50.506+0100] {processor.py:161} INFO - Started process (PID=21672) to work on /home/victor/airflow_env/lib/python3.10/site-packages/airflow/example_dags/tutorial_taskflow_api.py
[2024-07-15T10:16:50.511+0100] {processor.py:830} INFO - Processing file /home/victor/airflow_env/lib/python3.10/site-packages/airflow/example_dags/tutorial_taskflow_api.py for tasks to queue
[2024-07-15T10:16:50.519+0100] {logging_mixin.py:188} INFO - [2024-07-15T10:16:50.516+0100] {dagbag.py:545} INFO - Filling up the DagBag from /home/victor/airflow_env/lib/python3.10/site-packages/airflow/example_dags/tutorial_taskflow_api.py
[2024-07-15T10:16:50.565+0100] {processor.py:840} INFO - DAG(s) 'tutorial_taskflow_api' retrieved from /home/victor/airflow_env/lib/python3.10/site-packages/airflow/example_dags/tutorial_taskflow_api.py
[2024-07-15T10:16:50.731+0100] {logging_mixin.py:188} INFO - [2024-07-15T10:16:50.729+0100] {dag.py:3096} INFO - Sync 1 DAGs
[2024-07-15T10:16:50.865+0100] {logging_mixin.py:188} INFO - [2024-07-15T10:16:50.861+0100] {dag.py:3954} INFO - Setting next_dagrun for tutorial_taskflow_api to None, run_after=None
[2024-07-15T10:16:51.215+0100] {processor.py:183} INFO - Processing /home/victor/airflow_env/lib/python3.10/site-packages/airflow/example_dags/tutorial_taskflow_api.py took 0.738 seconds
[2024-07-15T10:18:12.709+0100] {processor.py:161} INFO - Started process (PID=22203) to work on /home/victor/airflow_env/lib/python3.10/site-packages/airflow/example_dags/tutorial_taskflow_api.py
[2024-07-15T10:18:12.716+0100] {processor.py:830} INFO - Processing file /home/victor/airflow_env/lib/python3.10/site-packages/airflow/example_dags/tutorial_taskflow_api.py for tasks to queue
[2024-07-15T10:18:12.725+0100] {logging_mixin.py:188} INFO - [2024-07-15T10:18:12.723+0100] {dagbag.py:545} INFO - Filling up the DagBag from /home/victor/airflow_env/lib/python3.10/site-packages/airflow/example_dags/tutorial_taskflow_api.py
[2024-07-15T10:18:12.776+0100] {processor.py:840} INFO - DAG(s) 'tutorial_taskflow_api' retrieved from /home/victor/airflow_env/lib/python3.10/site-packages/airflow/example_dags/tutorial_taskflow_api.py
[2024-07-15T10:18:12.925+0100] {logging_mixin.py:188} INFO - [2024-07-15T10:18:12.924+0100] {dag.py:3096} INFO - Sync 1 DAGs
[2024-07-15T10:18:13.035+0100] {logging_mixin.py:188} INFO - [2024-07-15T10:18:13.034+0100] {dag.py:3954} INFO - Setting next_dagrun for tutorial_taskflow_api to None, run_after=None
[2024-07-15T10:18:13.493+0100] {processor.py:183} INFO - Processing /home/victor/airflow_env/lib/python3.10/site-packages/airflow/example_dags/tutorial_taskflow_api.py took 0.819 seconds
[2024-07-15T10:19:48.809+0100] {processor.py:161} INFO - Started process (PID=22871) to work on /home/victor/airflow_env/lib/python3.10/site-packages/airflow/example_dags/tutorial_taskflow_api.py
[2024-07-15T10:19:48.812+0100] {processor.py:830} INFO - Processing file /home/victor/airflow_env/lib/python3.10/site-packages/airflow/example_dags/tutorial_taskflow_api.py for tasks to queue
[2024-07-15T10:19:48.819+0100] {logging_mixin.py:188} INFO - [2024-07-15T10:19:48.817+0100] {dagbag.py:545} INFO - Filling up the DagBag from /home/victor/airflow_env/lib/python3.10/site-packages/airflow/example_dags/tutorial_taskflow_api.py
[2024-07-15T10:19:48.848+0100] {processor.py:840} INFO - DAG(s) 'tutorial_taskflow_api' retrieved from /home/victor/airflow_env/lib/python3.10/site-packages/airflow/example_dags/tutorial_taskflow_api.py
[2024-07-15T10:19:48.934+0100] {logging_mixin.py:188} INFO - [2024-07-15T10:19:48.933+0100] {dag.py:3096} INFO - Sync 1 DAGs
[2024-07-15T10:19:48.997+0100] {logging_mixin.py:188} INFO - [2024-07-15T10:19:48.997+0100] {dag.py:3954} INFO - Setting next_dagrun for tutorial_taskflow_api to None, run_after=None
[2024-07-15T10:19:49.417+0100] {processor.py:183} INFO - Processing /home/victor/airflow_env/lib/python3.10/site-packages/airflow/example_dags/tutorial_taskflow_api.py took 0.633 seconds
[2024-07-15T10:21:45.627+0100] {processor.py:161} INFO - Started process (PID=23734) to work on /home/victor/airflow_env/lib/python3.10/site-packages/airflow/example_dags/tutorial_taskflow_api.py
[2024-07-15T10:21:45.632+0100] {processor.py:830} INFO - Processing file /home/victor/airflow_env/lib/python3.10/site-packages/airflow/example_dags/tutorial_taskflow_api.py for tasks to queue
[2024-07-15T10:21:45.644+0100] {logging_mixin.py:188} INFO - [2024-07-15T10:21:45.641+0100] {dagbag.py:545} INFO - Filling up the DagBag from /home/victor/airflow_env/lib/python3.10/site-packages/airflow/example_dags/tutorial_taskflow_api.py
[2024-07-15T10:21:45.686+0100] {processor.py:840} INFO - DAG(s) 'tutorial_taskflow_api' retrieved from /home/victor/airflow_env/lib/python3.10/site-packages/airflow/example_dags/tutorial_taskflow_api.py
[2024-07-15T10:21:45.837+0100] {logging_mixin.py:188} INFO - [2024-07-15T10:21:45.833+0100] {dag.py:3096} INFO - Sync 1 DAGs
[2024-07-15T10:21:45.941+0100] {logging_mixin.py:188} INFO - [2024-07-15T10:21:45.939+0100] {dag.py:3954} INFO - Setting next_dagrun for tutorial_taskflow_api to None, run_after=None
[2024-07-15T10:21:46.375+0100] {processor.py:183} INFO - Processing /home/victor/airflow_env/lib/python3.10/site-packages/airflow/example_dags/tutorial_taskflow_api.py took 0.786 seconds
[2024-07-15T10:23:53.670+0100] {processor.py:161} INFO - Started process (PID=24858) to work on /home/victor/airflow_env/lib/python3.10/site-packages/airflow/example_dags/tutorial_taskflow_api.py
[2024-07-15T10:23:53.678+0100] {processor.py:830} INFO - Processing file /home/victor/airflow_env/lib/python3.10/site-packages/airflow/example_dags/tutorial_taskflow_api.py for tasks to queue
[2024-07-15T10:23:53.696+0100] {logging_mixin.py:188} INFO - [2024-07-15T10:23:53.686+0100] {dagbag.py:545} INFO - Filling up the DagBag from /home/victor/airflow_env/lib/python3.10/site-packages/airflow/example_dags/tutorial_taskflow_api.py
[2024-07-15T10:23:53.738+0100] {processor.py:840} INFO - DAG(s) 'tutorial_taskflow_api' retrieved from /home/victor/airflow_env/lib/python3.10/site-packages/airflow/example_dags/tutorial_taskflow_api.py
[2024-07-15T10:23:53.900+0100] {logging_mixin.py:188} INFO - [2024-07-15T10:23:53.899+0100] {dag.py:3096} INFO - Sync 1 DAGs
[2024-07-15T10:23:54.007+0100] {logging_mixin.py:188} INFO - [2024-07-15T10:23:54.006+0100] {dag.py:3954} INFO - Setting next_dagrun for tutorial_taskflow_api to None, run_after=None
[2024-07-15T10:23:54.488+0100] {processor.py:183} INFO - Processing /home/victor/airflow_env/lib/python3.10/site-packages/airflow/example_dags/tutorial_taskflow_api.py took 0.871 seconds
[2024-07-15T10:25:40.040+0100] {processor.py:161} INFO - Started process (PID=25489) to work on /home/victor/airflow_env/lib/python3.10/site-packages/airflow/example_dags/tutorial_taskflow_api.py
[2024-07-15T10:25:40.048+0100] {processor.py:830} INFO - Processing file /home/victor/airflow_env/lib/python3.10/site-packages/airflow/example_dags/tutorial_taskflow_api.py for tasks to queue
[2024-07-15T10:25:40.062+0100] {logging_mixin.py:188} INFO - [2024-07-15T10:25:40.059+0100] {dagbag.py:545} INFO - Filling up the DagBag from /home/victor/airflow_env/lib/python3.10/site-packages/airflow/example_dags/tutorial_taskflow_api.py
[2024-07-15T10:25:40.114+0100] {processor.py:840} INFO - DAG(s) 'tutorial_taskflow_api' retrieved from /home/victor/airflow_env/lib/python3.10/site-packages/airflow/example_dags/tutorial_taskflow_api.py
[2024-07-15T10:25:40.217+0100] {logging_mixin.py:188} INFO - [2024-07-15T10:25:40.216+0100] {dag.py:3096} INFO - Sync 1 DAGs
[2024-07-15T10:25:40.293+0100] {logging_mixin.py:188} INFO - [2024-07-15T10:25:40.292+0100] {dag.py:3954} INFO - Setting next_dagrun for tutorial_taskflow_api to None, run_after=None
[2024-07-15T10:25:40.606+0100] {processor.py:183} INFO - Processing /home/victor/airflow_env/lib/python3.10/site-packages/airflow/example_dags/tutorial_taskflow_api.py took 0.610 seconds
[2024-07-15T10:27:28.840+0100] {processor.py:161} INFO - Started process (PID=26319) to work on /home/victor/airflow_env/lib/python3.10/site-packages/airflow/example_dags/tutorial_taskflow_api.py
[2024-07-15T10:27:28.850+0100] {processor.py:830} INFO - Processing file /home/victor/airflow_env/lib/python3.10/site-packages/airflow/example_dags/tutorial_taskflow_api.py for tasks to queue
[2024-07-15T10:27:28.859+0100] {logging_mixin.py:188} INFO - [2024-07-15T10:27:28.857+0100] {dagbag.py:545} INFO - Filling up the DagBag from /home/victor/airflow_env/lib/python3.10/site-packages/airflow/example_dags/tutorial_taskflow_api.py
[2024-07-15T10:27:28.905+0100] {processor.py:840} INFO - DAG(s) 'tutorial_taskflow_api' retrieved from /home/victor/airflow_env/lib/python3.10/site-packages/airflow/example_dags/tutorial_taskflow_api.py
[2024-07-15T10:27:29.125+0100] {logging_mixin.py:188} INFO - [2024-07-15T10:27:29.124+0100] {dag.py:3096} INFO - Sync 1 DAGs
[2024-07-15T10:27:29.235+0100] {logging_mixin.py:188} INFO - [2024-07-15T10:27:29.234+0100] {dag.py:3954} INFO - Setting next_dagrun for tutorial_taskflow_api to None, run_after=None
[2024-07-15T10:27:29.786+0100] {processor.py:183} INFO - Processing /home/victor/airflow_env/lib/python3.10/site-packages/airflow/example_dags/tutorial_taskflow_api.py took 0.976 seconds
[2024-07-15T10:28:56.944+0100] {processor.py:161} INFO - Started process (PID=26785) to work on /home/victor/airflow_env/lib/python3.10/site-packages/airflow/example_dags/tutorial_taskflow_api.py
[2024-07-15T10:28:56.948+0100] {processor.py:830} INFO - Processing file /home/victor/airflow_env/lib/python3.10/site-packages/airflow/example_dags/tutorial_taskflow_api.py for tasks to queue
[2024-07-15T10:28:56.955+0100] {logging_mixin.py:188} INFO - [2024-07-15T10:28:56.954+0100] {dagbag.py:545} INFO - Filling up the DagBag from /home/victor/airflow_env/lib/python3.10/site-packages/airflow/example_dags/tutorial_taskflow_api.py
[2024-07-15T10:28:56.985+0100] {processor.py:840} INFO - DAG(s) 'tutorial_taskflow_api' retrieved from /home/victor/airflow_env/lib/python3.10/site-packages/airflow/example_dags/tutorial_taskflow_api.py
[2024-07-15T10:28:57.097+0100] {logging_mixin.py:188} INFO - [2024-07-15T10:28:57.096+0100] {dag.py:3096} INFO - Sync 1 DAGs
[2024-07-15T10:28:57.156+0100] {logging_mixin.py:188} INFO - [2024-07-15T10:28:57.155+0100] {dag.py:3954} INFO - Setting next_dagrun for tutorial_taskflow_api to None, run_after=None
[2024-07-15T10:28:57.446+0100] {processor.py:183} INFO - Processing /home/victor/airflow_env/lib/python3.10/site-packages/airflow/example_dags/tutorial_taskflow_api.py took 0.530 seconds
[2024-07-15T10:30:14.726+0100] {processor.py:161} INFO - Started process (PID=27209) to work on /home/victor/airflow_env/lib/python3.10/site-packages/airflow/example_dags/tutorial_taskflow_api.py
[2024-07-15T10:30:14.731+0100] {processor.py:830} INFO - Processing file /home/victor/airflow_env/lib/python3.10/site-packages/airflow/example_dags/tutorial_taskflow_api.py for tasks to queue
[2024-07-15T10:30:14.738+0100] {logging_mixin.py:188} INFO - [2024-07-15T10:30:14.736+0100] {dagbag.py:545} INFO - Filling up the DagBag from /home/victor/airflow_env/lib/python3.10/site-packages/airflow/example_dags/tutorial_taskflow_api.py
[2024-07-15T10:30:14.769+0100] {processor.py:840} INFO - DAG(s) 'tutorial_taskflow_api' retrieved from /home/victor/airflow_env/lib/python3.10/site-packages/airflow/example_dags/tutorial_taskflow_api.py
[2024-07-15T10:30:14.891+0100] {logging_mixin.py:188} INFO - [2024-07-15T10:30:14.890+0100] {dag.py:3096} INFO - Sync 1 DAGs
[2024-07-15T10:30:15.129+0100] {logging_mixin.py:188} INFO - [2024-07-15T10:30:15.127+0100] {dag.py:3954} INFO - Setting next_dagrun for tutorial_taskflow_api to None, run_after=None
[2024-07-15T10:30:15.515+0100] {processor.py:183} INFO - Processing /home/victor/airflow_env/lib/python3.10/site-packages/airflow/example_dags/tutorial_taskflow_api.py took 0.822 seconds
[2024-07-15T10:31:33.655+0100] {processor.py:161} INFO - Started process (PID=27610) to work on /home/victor/airflow_env/lib/python3.10/site-packages/airflow/example_dags/tutorial_taskflow_api.py
[2024-07-15T10:31:33.665+0100] {processor.py:830} INFO - Processing file /home/victor/airflow_env/lib/python3.10/site-packages/airflow/example_dags/tutorial_taskflow_api.py for tasks to queue
[2024-07-15T10:31:33.674+0100] {logging_mixin.py:188} INFO - [2024-07-15T10:31:33.672+0100] {dagbag.py:545} INFO - Filling up the DagBag from /home/victor/airflow_env/lib/python3.10/site-packages/airflow/example_dags/tutorial_taskflow_api.py
[2024-07-15T10:31:33.718+0100] {processor.py:840} INFO - DAG(s) 'tutorial_taskflow_api' retrieved from /home/victor/airflow_env/lib/python3.10/site-packages/airflow/example_dags/tutorial_taskflow_api.py
[2024-07-15T10:31:33.846+0100] {logging_mixin.py:188} INFO - [2024-07-15T10:31:33.846+0100] {dag.py:3096} INFO - Sync 1 DAGs
[2024-07-15T10:31:33.926+0100] {logging_mixin.py:188} INFO - [2024-07-15T10:31:33.925+0100] {dag.py:3954} INFO - Setting next_dagrun for tutorial_taskflow_api to None, run_after=None
[2024-07-15T10:31:34.525+0100] {processor.py:183} INFO - Processing /home/victor/airflow_env/lib/python3.10/site-packages/airflow/example_dags/tutorial_taskflow_api.py took 0.901 seconds
[2024-07-15T10:32:59.510+0100] {processor.py:161} INFO - Started process (PID=28083) to work on /home/victor/airflow_env/lib/python3.10/site-packages/airflow/example_dags/tutorial_taskflow_api.py
[2024-07-15T10:32:59.514+0100] {processor.py:830} INFO - Processing file /home/victor/airflow_env/lib/python3.10/site-packages/airflow/example_dags/tutorial_taskflow_api.py for tasks to queue
[2024-07-15T10:32:59.521+0100] {logging_mixin.py:188} INFO - [2024-07-15T10:32:59.519+0100] {dagbag.py:545} INFO - Filling up the DagBag from /home/victor/airflow_env/lib/python3.10/site-packages/airflow/example_dags/tutorial_taskflow_api.py
[2024-07-15T10:32:59.562+0100] {processor.py:840} INFO - DAG(s) 'tutorial_taskflow_api' retrieved from /home/victor/airflow_env/lib/python3.10/site-packages/airflow/example_dags/tutorial_taskflow_api.py
[2024-07-15T10:32:59.685+0100] {logging_mixin.py:188} INFO - [2024-07-15T10:32:59.682+0100] {dag.py:3096} INFO - Sync 1 DAGs
[2024-07-15T10:32:59.775+0100] {logging_mixin.py:188} INFO - [2024-07-15T10:32:59.774+0100] {dag.py:3954} INFO - Setting next_dagrun for tutorial_taskflow_api to None, run_after=None
[2024-07-15T10:33:00.114+0100] {processor.py:183} INFO - Processing /home/victor/airflow_env/lib/python3.10/site-packages/airflow/example_dags/tutorial_taskflow_api.py took 0.643 seconds
[2024-07-15T10:34:33.366+0100] {processor.py:161} INFO - Started process (PID=28810) to work on /home/victor/airflow_env/lib/python3.10/site-packages/airflow/example_dags/tutorial_taskflow_api.py
[2024-07-15T10:34:33.370+0100] {processor.py:830} INFO - Processing file /home/victor/airflow_env/lib/python3.10/site-packages/airflow/example_dags/tutorial_taskflow_api.py for tasks to queue
[2024-07-15T10:34:33.383+0100] {logging_mixin.py:188} INFO - [2024-07-15T10:34:33.382+0100] {dagbag.py:545} INFO - Filling up the DagBag from /home/victor/airflow_env/lib/python3.10/site-packages/airflow/example_dags/tutorial_taskflow_api.py
[2024-07-15T10:34:33.418+0100] {processor.py:840} INFO - DAG(s) 'tutorial_taskflow_api' retrieved from /home/victor/airflow_env/lib/python3.10/site-packages/airflow/example_dags/tutorial_taskflow_api.py
[2024-07-15T10:34:33.531+0100] {logging_mixin.py:188} INFO - [2024-07-15T10:34:33.530+0100] {dag.py:3096} INFO - Sync 1 DAGs
[2024-07-15T10:34:33.634+0100] {logging_mixin.py:188} INFO - [2024-07-15T10:34:33.633+0100] {dag.py:3954} INFO - Setting next_dagrun for tutorial_taskflow_api to None, run_after=None
[2024-07-15T10:34:34.001+0100] {processor.py:183} INFO - Processing /home/victor/airflow_env/lib/python3.10/site-packages/airflow/example_dags/tutorial_taskflow_api.py took 0.671 seconds
[2024-07-15T10:35:51.281+0100] {processor.py:161} INFO - Started process (PID=29210) to work on /home/victor/airflow_env/lib/python3.10/site-packages/airflow/example_dags/tutorial_taskflow_api.py
[2024-07-15T10:35:51.286+0100] {processor.py:830} INFO - Processing file /home/victor/airflow_env/lib/python3.10/site-packages/airflow/example_dags/tutorial_taskflow_api.py for tasks to queue
[2024-07-15T10:35:51.293+0100] {logging_mixin.py:188} INFO - [2024-07-15T10:35:51.291+0100] {dagbag.py:545} INFO - Filling up the DagBag from /home/victor/airflow_env/lib/python3.10/site-packages/airflow/example_dags/tutorial_taskflow_api.py
[2024-07-15T10:35:51.326+0100] {processor.py:840} INFO - DAG(s) 'tutorial_taskflow_api' retrieved from /home/victor/airflow_env/lib/python3.10/site-packages/airflow/example_dags/tutorial_taskflow_api.py
[2024-07-15T10:35:51.434+0100] {logging_mixin.py:188} INFO - [2024-07-15T10:35:51.434+0100] {dag.py:3096} INFO - Sync 1 DAGs
[2024-07-15T10:35:51.503+0100] {logging_mixin.py:188} INFO - [2024-07-15T10:35:51.503+0100] {dag.py:3954} INFO - Setting next_dagrun for tutorial_taskflow_api to None, run_after=None
[2024-07-15T10:35:51.796+0100] {processor.py:183} INFO - Processing /home/victor/airflow_env/lib/python3.10/site-packages/airflow/example_dags/tutorial_taskflow_api.py took 0.544 seconds
[2024-07-15T10:37:15.727+0100] {processor.py:161} INFO - Started process (PID=29703) to work on /home/victor/airflow_env/lib/python3.10/site-packages/airflow/example_dags/tutorial_taskflow_api.py
[2024-07-15T10:37:15.732+0100] {processor.py:830} INFO - Processing file /home/victor/airflow_env/lib/python3.10/site-packages/airflow/example_dags/tutorial_taskflow_api.py for tasks to queue
[2024-07-15T10:37:15.740+0100] {logging_mixin.py:188} INFO - [2024-07-15T10:37:15.739+0100] {dagbag.py:545} INFO - Filling up the DagBag from /home/victor/airflow_env/lib/python3.10/site-packages/airflow/example_dags/tutorial_taskflow_api.py
[2024-07-15T10:37:15.771+0100] {processor.py:840} INFO - DAG(s) 'tutorial_taskflow_api' retrieved from /home/victor/airflow_env/lib/python3.10/site-packages/airflow/example_dags/tutorial_taskflow_api.py
[2024-07-15T10:37:15.900+0100] {logging_mixin.py:188} INFO - [2024-07-15T10:37:15.899+0100] {dag.py:3096} INFO - Sync 1 DAGs
[2024-07-15T10:37:15.981+0100] {logging_mixin.py:188} INFO - [2024-07-15T10:37:15.980+0100] {dag.py:3954} INFO - Setting next_dagrun for tutorial_taskflow_api to None, run_after=None
[2024-07-15T10:37:16.321+0100] {processor.py:183} INFO - Processing /home/victor/airflow_env/lib/python3.10/site-packages/airflow/example_dags/tutorial_taskflow_api.py took 0.620 seconds
[2024-07-15T10:38:44.336+0100] {processor.py:161} INFO - Started process (PID=30211) to work on /home/victor/airflow_env/lib/python3.10/site-packages/airflow/example_dags/tutorial_taskflow_api.py
[2024-07-15T10:38:44.344+0100] {processor.py:830} INFO - Processing file /home/victor/airflow_env/lib/python3.10/site-packages/airflow/example_dags/tutorial_taskflow_api.py for tasks to queue
[2024-07-15T10:38:44.361+0100] {logging_mixin.py:188} INFO - [2024-07-15T10:38:44.360+0100] {dagbag.py:545} INFO - Filling up the DagBag from /home/victor/airflow_env/lib/python3.10/site-packages/airflow/example_dags/tutorial_taskflow_api.py
[2024-07-15T10:38:44.426+0100] {processor.py:840} INFO - DAG(s) 'tutorial_taskflow_api' retrieved from /home/victor/airflow_env/lib/python3.10/site-packages/airflow/example_dags/tutorial_taskflow_api.py
[2024-07-15T10:38:44.771+0100] {logging_mixin.py:188} INFO - [2024-07-15T10:38:44.770+0100] {dag.py:3096} INFO - Sync 1 DAGs
[2024-07-15T10:38:44.851+0100] {logging_mixin.py:188} INFO - [2024-07-15T10:38:44.850+0100] {dag.py:3954} INFO - Setting next_dagrun for tutorial_taskflow_api to None, run_after=None
[2024-07-15T10:38:45.260+0100] {processor.py:183} INFO - Processing /home/victor/airflow_env/lib/python3.10/site-packages/airflow/example_dags/tutorial_taskflow_api.py took 0.967 seconds
[2024-07-15T10:39:56.902+0100] {processor.py:161} INFO - Started process (PID=30583) to work on /home/victor/airflow_env/lib/python3.10/site-packages/airflow/example_dags/tutorial_taskflow_api.py
[2024-07-15T10:39:56.905+0100] {processor.py:830} INFO - Processing file /home/victor/airflow_env/lib/python3.10/site-packages/airflow/example_dags/tutorial_taskflow_api.py for tasks to queue
[2024-07-15T10:39:56.913+0100] {logging_mixin.py:188} INFO - [2024-07-15T10:39:56.911+0100] {dagbag.py:545} INFO - Filling up the DagBag from /home/victor/airflow_env/lib/python3.10/site-packages/airflow/example_dags/tutorial_taskflow_api.py
[2024-07-15T10:39:56.942+0100] {processor.py:840} INFO - DAG(s) 'tutorial_taskflow_api' retrieved from /home/victor/airflow_env/lib/python3.10/site-packages/airflow/example_dags/tutorial_taskflow_api.py
[2024-07-15T10:39:57.026+0100] {logging_mixin.py:188} INFO - [2024-07-15T10:39:57.025+0100] {dag.py:3096} INFO - Sync 1 DAGs
[2024-07-15T10:39:57.091+0100] {logging_mixin.py:188} INFO - [2024-07-15T10:39:57.090+0100] {dag.py:3954} INFO - Setting next_dagrun for tutorial_taskflow_api to None, run_after=None
[2024-07-15T10:39:57.416+0100] {processor.py:183} INFO - Processing /home/victor/airflow_env/lib/python3.10/site-packages/airflow/example_dags/tutorial_taskflow_api.py took 0.541 seconds
[2024-07-15T10:41:10.416+0100] {processor.py:161} INFO - Started process (PID=30962) to work on /home/victor/airflow_env/lib/python3.10/site-packages/airflow/example_dags/tutorial_taskflow_api.py
[2024-07-15T10:41:10.420+0100] {processor.py:830} INFO - Processing file /home/victor/airflow_env/lib/python3.10/site-packages/airflow/example_dags/tutorial_taskflow_api.py for tasks to queue
[2024-07-15T10:41:10.429+0100] {logging_mixin.py:188} INFO - [2024-07-15T10:41:10.427+0100] {dagbag.py:545} INFO - Filling up the DagBag from /home/victor/airflow_env/lib/python3.10/site-packages/airflow/example_dags/tutorial_taskflow_api.py
[2024-07-15T10:41:10.458+0100] {processor.py:840} INFO - DAG(s) 'tutorial_taskflow_api' retrieved from /home/victor/airflow_env/lib/python3.10/site-packages/airflow/example_dags/tutorial_taskflow_api.py
[2024-07-15T10:41:10.548+0100] {logging_mixin.py:188} INFO - [2024-07-15T10:41:10.547+0100] {dag.py:3096} INFO - Sync 1 DAGs
[2024-07-15T10:41:10.613+0100] {logging_mixin.py:188} INFO - [2024-07-15T10:41:10.612+0100] {dag.py:3954} INFO - Setting next_dagrun for tutorial_taskflow_api to None, run_after=None
[2024-07-15T10:41:11.030+0100] {processor.py:183} INFO - Processing /home/victor/airflow_env/lib/python3.10/site-packages/airflow/example_dags/tutorial_taskflow_api.py took 0.638 seconds
[2024-07-15T10:42:28.393+0100] {processor.py:161} INFO - Started process (PID=31378) to work on /home/victor/airflow_env/lib/python3.10/site-packages/airflow/example_dags/tutorial_taskflow_api.py
[2024-07-15T10:42:28.397+0100] {processor.py:830} INFO - Processing file /home/victor/airflow_env/lib/python3.10/site-packages/airflow/example_dags/tutorial_taskflow_api.py for tasks to queue
[2024-07-15T10:42:28.405+0100] {logging_mixin.py:188} INFO - [2024-07-15T10:42:28.403+0100] {dagbag.py:545} INFO - Filling up the DagBag from /home/victor/airflow_env/lib/python3.10/site-packages/airflow/example_dags/tutorial_taskflow_api.py
[2024-07-15T10:42:28.447+0100] {processor.py:840} INFO - DAG(s) 'tutorial_taskflow_api' retrieved from /home/victor/airflow_env/lib/python3.10/site-packages/airflow/example_dags/tutorial_taskflow_api.py
[2024-07-15T10:42:28.563+0100] {logging_mixin.py:188} INFO - [2024-07-15T10:42:28.562+0100] {dag.py:3096} INFO - Sync 1 DAGs
[2024-07-15T10:42:28.628+0100] {logging_mixin.py:188} INFO - [2024-07-15T10:42:28.627+0100] {dag.py:3954} INFO - Setting next_dagrun for tutorial_taskflow_api to None, run_after=None
[2024-07-15T10:42:28.960+0100] {processor.py:183} INFO - Processing /home/victor/airflow_env/lib/python3.10/site-packages/airflow/example_dags/tutorial_taskflow_api.py took 0.594 seconds
[2024-07-15T10:43:46.616+0100] {processor.py:161} INFO - Started process (PID=31798) to work on /home/victor/airflow_env/lib/python3.10/site-packages/airflow/example_dags/tutorial_taskflow_api.py
[2024-07-15T10:43:46.623+0100] {processor.py:830} INFO - Processing file /home/victor/airflow_env/lib/python3.10/site-packages/airflow/example_dags/tutorial_taskflow_api.py for tasks to queue
[2024-07-15T10:43:46.637+0100] {logging_mixin.py:188} INFO - [2024-07-15T10:43:46.635+0100] {dagbag.py:545} INFO - Filling up the DagBag from /home/victor/airflow_env/lib/python3.10/site-packages/airflow/example_dags/tutorial_taskflow_api.py
[2024-07-15T10:43:46.704+0100] {processor.py:840} INFO - DAG(s) 'tutorial_taskflow_api' retrieved from /home/victor/airflow_env/lib/python3.10/site-packages/airflow/example_dags/tutorial_taskflow_api.py
[2024-07-15T10:43:46.835+0100] {logging_mixin.py:188} INFO - [2024-07-15T10:43:46.834+0100] {dag.py:3096} INFO - Sync 1 DAGs
[2024-07-15T10:43:46.907+0100] {logging_mixin.py:188} INFO - [2024-07-15T10:43:46.906+0100] {dag.py:3954} INFO - Setting next_dagrun for tutorial_taskflow_api to None, run_after=None
[2024-07-15T10:43:47.275+0100] {processor.py:183} INFO - Processing /home/victor/airflow_env/lib/python3.10/site-packages/airflow/example_dags/tutorial_taskflow_api.py took 0.693 seconds
[2024-07-15T10:44:58.961+0100] {processor.py:161} INFO - Started process (PID=32175) to work on /home/victor/airflow_env/lib/python3.10/site-packages/airflow/example_dags/tutorial_taskflow_api.py
[2024-07-15T10:44:58.965+0100] {processor.py:830} INFO - Processing file /home/victor/airflow_env/lib/python3.10/site-packages/airflow/example_dags/tutorial_taskflow_api.py for tasks to queue
[2024-07-15T10:44:58.973+0100] {logging_mixin.py:188} INFO - [2024-07-15T10:44:58.971+0100] {dagbag.py:545} INFO - Filling up the DagBag from /home/victor/airflow_env/lib/python3.10/site-packages/airflow/example_dags/tutorial_taskflow_api.py
[2024-07-15T10:44:59.001+0100] {processor.py:840} INFO - DAG(s) 'tutorial_taskflow_api' retrieved from /home/victor/airflow_env/lib/python3.10/site-packages/airflow/example_dags/tutorial_taskflow_api.py
[2024-07-15T10:44:59.091+0100] {logging_mixin.py:188} INFO - [2024-07-15T10:44:59.090+0100] {dag.py:3096} INFO - Sync 1 DAGs
[2024-07-15T10:44:59.154+0100] {logging_mixin.py:188} INFO - [2024-07-15T10:44:59.154+0100] {dag.py:3954} INFO - Setting next_dagrun for tutorial_taskflow_api to None, run_after=None
[2024-07-15T10:44:59.413+0100] {processor.py:183} INFO - Processing /home/victor/airflow_env/lib/python3.10/site-packages/airflow/example_dags/tutorial_taskflow_api.py took 0.481 seconds
[2024-07-15T10:46:09.874+0100] {processor.py:161} INFO - Started process (PID=32537) to work on /home/victor/airflow_env/lib/python3.10/site-packages/airflow/example_dags/tutorial_taskflow_api.py
[2024-07-15T10:46:09.879+0100] {processor.py:830} INFO - Processing file /home/victor/airflow_env/lib/python3.10/site-packages/airflow/example_dags/tutorial_taskflow_api.py for tasks to queue
[2024-07-15T10:46:09.887+0100] {logging_mixin.py:188} INFO - [2024-07-15T10:46:09.886+0100] {dagbag.py:545} INFO - Filling up the DagBag from /home/victor/airflow_env/lib/python3.10/site-packages/airflow/example_dags/tutorial_taskflow_api.py
[2024-07-15T10:46:09.921+0100] {processor.py:840} INFO - DAG(s) 'tutorial_taskflow_api' retrieved from /home/victor/airflow_env/lib/python3.10/site-packages/airflow/example_dags/tutorial_taskflow_api.py
[2024-07-15T10:46:10.014+0100] {logging_mixin.py:188} INFO - [2024-07-15T10:46:10.013+0100] {dag.py:3096} INFO - Sync 1 DAGs
[2024-07-15T10:46:10.097+0100] {logging_mixin.py:188} INFO - [2024-07-15T10:46:10.096+0100] {dag.py:3954} INFO - Setting next_dagrun for tutorial_taskflow_api to None, run_after=None
[2024-07-15T10:46:10.417+0100] {processor.py:183} INFO - Processing /home/victor/airflow_env/lib/python3.10/site-packages/airflow/example_dags/tutorial_taskflow_api.py took 0.579 seconds
[2024-07-15T10:47:30.611+0100] {processor.py:161} INFO - Started process (PID=32987) to work on /home/victor/airflow_env/lib/python3.10/site-packages/airflow/example_dags/tutorial_taskflow_api.py
[2024-07-15T10:47:30.616+0100] {processor.py:830} INFO - Processing file /home/victor/airflow_env/lib/python3.10/site-packages/airflow/example_dags/tutorial_taskflow_api.py for tasks to queue
[2024-07-15T10:47:30.623+0100] {logging_mixin.py:188} INFO - [2024-07-15T10:47:30.622+0100] {dagbag.py:545} INFO - Filling up the DagBag from /home/victor/airflow_env/lib/python3.10/site-packages/airflow/example_dags/tutorial_taskflow_api.py
[2024-07-15T10:47:30.655+0100] {processor.py:840} INFO - DAG(s) 'tutorial_taskflow_api' retrieved from /home/victor/airflow_env/lib/python3.10/site-packages/airflow/example_dags/tutorial_taskflow_api.py
[2024-07-15T10:47:30.756+0100] {logging_mixin.py:188} INFO - [2024-07-15T10:47:30.755+0100] {dag.py:3096} INFO - Sync 1 DAGs
[2024-07-15T10:47:30.830+0100] {logging_mixin.py:188} INFO - [2024-07-15T10:47:30.829+0100] {dag.py:3954} INFO - Setting next_dagrun for tutorial_taskflow_api to None, run_after=None
[2024-07-15T10:47:31.137+0100] {processor.py:183} INFO - Processing /home/victor/airflow_env/lib/python3.10/site-packages/airflow/example_dags/tutorial_taskflow_api.py took 0.554 seconds
[2024-07-15T10:48:52.038+0100] {processor.py:161} INFO - Started process (PID=33404) to work on /home/victor/airflow_env/lib/python3.10/site-packages/airflow/example_dags/tutorial_taskflow_api.py
[2024-07-15T10:48:52.043+0100] {processor.py:830} INFO - Processing file /home/victor/airflow_env/lib/python3.10/site-packages/airflow/example_dags/tutorial_taskflow_api.py for tasks to queue
[2024-07-15T10:48:52.050+0100] {logging_mixin.py:188} INFO - [2024-07-15T10:48:52.049+0100] {dagbag.py:545} INFO - Filling up the DagBag from /home/victor/airflow_env/lib/python3.10/site-packages/airflow/example_dags/tutorial_taskflow_api.py
[2024-07-15T10:48:52.084+0100] {processor.py:840} INFO - DAG(s) 'tutorial_taskflow_api' retrieved from /home/victor/airflow_env/lib/python3.10/site-packages/airflow/example_dags/tutorial_taskflow_api.py
[2024-07-15T10:48:52.176+0100] {logging_mixin.py:188} INFO - [2024-07-15T10:48:52.175+0100] {dag.py:3096} INFO - Sync 1 DAGs
[2024-07-15T10:48:52.246+0100] {logging_mixin.py:188} INFO - [2024-07-15T10:48:52.245+0100] {dag.py:3954} INFO - Setting next_dagrun for tutorial_taskflow_api to None, run_after=None
[2024-07-15T10:48:52.578+0100] {processor.py:183} INFO - Processing /home/victor/airflow_env/lib/python3.10/site-packages/airflow/example_dags/tutorial_taskflow_api.py took 0.579 seconds
[2024-07-15T10:50:32.152+0100] {processor.py:161} INFO - Started process (PID=34187) to work on /home/victor/airflow_env/lib/python3.10/site-packages/airflow/example_dags/tutorial_taskflow_api.py
[2024-07-15T10:50:32.165+0100] {processor.py:830} INFO - Processing file /home/victor/airflow_env/lib/python3.10/site-packages/airflow/example_dags/tutorial_taskflow_api.py for tasks to queue
[2024-07-15T10:50:32.177+0100] {logging_mixin.py:188} INFO - [2024-07-15T10:50:32.174+0100] {dagbag.py:545} INFO - Filling up the DagBag from /home/victor/airflow_env/lib/python3.10/site-packages/airflow/example_dags/tutorial_taskflow_api.py
[2024-07-15T10:50:32.301+0100] {processor.py:840} INFO - DAG(s) 'tutorial_taskflow_api' retrieved from /home/victor/airflow_env/lib/python3.10/site-packages/airflow/example_dags/tutorial_taskflow_api.py
[2024-07-15T10:50:33.097+0100] {logging_mixin.py:188} INFO - [2024-07-15T10:50:33.096+0100] {dag.py:3096} INFO - Sync 1 DAGs
[2024-07-15T10:50:33.631+0100] {logging_mixin.py:188} INFO - [2024-07-15T10:50:33.628+0100] {dag.py:3954} INFO - Setting next_dagrun for tutorial_taskflow_api to None, run_after=None
[2024-07-15T10:50:35.308+0100] {processor.py:183} INFO - Processing /home/victor/airflow_env/lib/python3.10/site-packages/airflow/example_dags/tutorial_taskflow_api.py took 3.278 seconds
