[2024-07-15T09:47:17.658+0100] {processor.py:161} INFO - Started process (PID=9622) to work on /home/victor/airflow_env/lib/python3.10/site-packages/airflow/example_dags/subdags/subdag.py
[2024-07-15T09:47:17.662+0100] {processor.py:830} INFO - Processing file /home/victor/airflow_env/lib/python3.10/site-packages/airflow/example_dags/subdags/subdag.py for tasks to queue
[2024-07-15T09:47:17.670+0100] {logging_mixin.py:188} INFO - [2024-07-15T09:47:17.668+0100] {dagbag.py:545} INFO - Filling up the DagBag from /home/victor/airflow_env/lib/python3.10/site-packages/airflow/example_dags/subdags/subdag.py
[2024-07-15T09:47:17.704+0100] {processor.py:842} WARNING - No viable dags retrieved from /home/victor/airflow_env/lib/python3.10/site-packages/airflow/example_dags/subdags/subdag.py
[2024-07-15T09:47:17.785+0100] {processor.py:183} INFO - Processing /home/victor/airflow_env/lib/python3.10/site-packages/airflow/example_dags/subdags/subdag.py took 0.152 seconds
[2024-07-15T09:49:55.592+0100] {processor.py:161} INFO - Started process (PID=11029) to work on /home/victor/airflow_env/lib/python3.10/site-packages/airflow/example_dags/subdags/subdag.py
[2024-07-15T09:49:55.596+0100] {processor.py:830} INFO - Processing file /home/victor/airflow_env/lib/python3.10/site-packages/airflow/example_dags/subdags/subdag.py for tasks to queue
[2024-07-15T09:49:55.604+0100] {logging_mixin.py:188} INFO - [2024-07-15T09:49:55.602+0100] {dagbag.py:545} INFO - Filling up the DagBag from /home/victor/airflow_env/lib/python3.10/site-packages/airflow/example_dags/subdags/subdag.py
[2024-07-15T09:49:55.612+0100] {processor.py:842} WARNING - No viable dags retrieved from /home/victor/airflow_env/lib/python3.10/site-packages/airflow/example_dags/subdags/subdag.py
[2024-07-15T09:49:55.699+0100] {processor.py:183} INFO - Processing /home/victor/airflow_env/lib/python3.10/site-packages/airflow/example_dags/subdags/subdag.py took 0.131 seconds
[2024-07-15T09:51:15.708+0100] {processor.py:161} INFO - Started process (PID=11451) to work on /home/victor/airflow_env/lib/python3.10/site-packages/airflow/example_dags/subdags/subdag.py
[2024-07-15T09:51:15.712+0100] {processor.py:830} INFO - Processing file /home/victor/airflow_env/lib/python3.10/site-packages/airflow/example_dags/subdags/subdag.py for tasks to queue
[2024-07-15T09:51:15.719+0100] {logging_mixin.py:188} INFO - [2024-07-15T09:51:15.717+0100] {dagbag.py:545} INFO - Filling up the DagBag from /home/victor/airflow_env/lib/python3.10/site-packages/airflow/example_dags/subdags/subdag.py
[2024-07-15T09:51:15.727+0100] {processor.py:842} WARNING - No viable dags retrieved from /home/victor/airflow_env/lib/python3.10/site-packages/airflow/example_dags/subdags/subdag.py
[2024-07-15T09:51:15.787+0100] {processor.py:183} INFO - Processing /home/victor/airflow_env/lib/python3.10/site-packages/airflow/example_dags/subdags/subdag.py took 0.102 seconds
[2024-07-15T09:52:41.067+0100] {processor.py:161} INFO - Started process (PID=12045) to work on /home/victor/airflow_env/lib/python3.10/site-packages/airflow/example_dags/subdags/subdag.py
[2024-07-15T09:52:41.079+0100] {processor.py:830} INFO - Processing file /home/victor/airflow_env/lib/python3.10/site-packages/airflow/example_dags/subdags/subdag.py for tasks to queue
[2024-07-15T09:52:41.100+0100] {logging_mixin.py:188} INFO - [2024-07-15T09:52:41.098+0100] {dagbag.py:545} INFO - Filling up the DagBag from /home/victor/airflow_env/lib/python3.10/site-packages/airflow/example_dags/subdags/subdag.py
[2024-07-15T09:52:41.118+0100] {processor.py:842} WARNING - No viable dags retrieved from /home/victor/airflow_env/lib/python3.10/site-packages/airflow/example_dags/subdags/subdag.py
[2024-07-15T09:52:41.225+0100] {processor.py:183} INFO - Processing /home/victor/airflow_env/lib/python3.10/site-packages/airflow/example_dags/subdags/subdag.py took 0.194 seconds
[2024-07-15T09:54:55.366+0100] {processor.py:161} INFO - Started process (PID=12928) to work on /home/victor/airflow_env/lib/python3.10/site-packages/airflow/example_dags/subdags/subdag.py
[2024-07-15T09:54:55.374+0100] {processor.py:830} INFO - Processing file /home/victor/airflow_env/lib/python3.10/site-packages/airflow/example_dags/subdags/subdag.py for tasks to queue
[2024-07-15T09:54:55.384+0100] {logging_mixin.py:188} INFO - [2024-07-15T09:54:55.382+0100] {dagbag.py:545} INFO - Filling up the DagBag from /home/victor/airflow_env/lib/python3.10/site-packages/airflow/example_dags/subdags/subdag.py
[2024-07-15T09:54:55.397+0100] {processor.py:842} WARNING - No viable dags retrieved from /home/victor/airflow_env/lib/python3.10/site-packages/airflow/example_dags/subdags/subdag.py
[2024-07-15T09:54:55.548+0100] {processor.py:183} INFO - Processing /home/victor/airflow_env/lib/python3.10/site-packages/airflow/example_dags/subdags/subdag.py took 0.216 seconds
[2024-07-15T09:56:26.777+0100] {processor.py:161} INFO - Started process (PID=13688) to work on /home/victor/airflow_env/lib/python3.10/site-packages/airflow/example_dags/subdags/subdag.py
[2024-07-15T09:56:26.782+0100] {processor.py:830} INFO - Processing file /home/victor/airflow_env/lib/python3.10/site-packages/airflow/example_dags/subdags/subdag.py for tasks to queue
[2024-07-15T09:56:26.793+0100] {logging_mixin.py:188} INFO - [2024-07-15T09:56:26.791+0100] {dagbag.py:545} INFO - Filling up the DagBag from /home/victor/airflow_env/lib/python3.10/site-packages/airflow/example_dags/subdags/subdag.py
[2024-07-15T09:56:26.804+0100] {processor.py:842} WARNING - No viable dags retrieved from /home/victor/airflow_env/lib/python3.10/site-packages/airflow/example_dags/subdags/subdag.py
[2024-07-15T09:56:26.947+0100] {processor.py:183} INFO - Processing /home/victor/airflow_env/lib/python3.10/site-packages/airflow/example_dags/subdags/subdag.py took 0.202 seconds
[2024-07-15T09:58:03.872+0100] {processor.py:161} INFO - Started process (PID=14373) to work on /home/victor/airflow_env/lib/python3.10/site-packages/airflow/example_dags/subdags/subdag.py
[2024-07-15T09:58:03.875+0100] {processor.py:830} INFO - Processing file /home/victor/airflow_env/lib/python3.10/site-packages/airflow/example_dags/subdags/subdag.py for tasks to queue
[2024-07-15T09:58:03.884+0100] {logging_mixin.py:188} INFO - [2024-07-15T09:58:03.882+0100] {dagbag.py:545} INFO - Filling up the DagBag from /home/victor/airflow_env/lib/python3.10/site-packages/airflow/example_dags/subdags/subdag.py
[2024-07-15T09:58:03.893+0100] {processor.py:842} WARNING - No viable dags retrieved from /home/victor/airflow_env/lib/python3.10/site-packages/airflow/example_dags/subdags/subdag.py
[2024-07-15T09:58:03.974+0100] {processor.py:183} INFO - Processing /home/victor/airflow_env/lib/python3.10/site-packages/airflow/example_dags/subdags/subdag.py took 0.131 seconds
[2024-07-15T09:59:36.487+0100] {processor.py:161} INFO - Started process (PID=14881) to work on /home/victor/airflow_env/lib/python3.10/site-packages/airflow/example_dags/subdags/subdag.py
[2024-07-15T09:59:36.491+0100] {processor.py:830} INFO - Processing file /home/victor/airflow_env/lib/python3.10/site-packages/airflow/example_dags/subdags/subdag.py for tasks to queue
[2024-07-15T09:59:36.498+0100] {logging_mixin.py:188} INFO - [2024-07-15T09:59:36.496+0100] {dagbag.py:545} INFO - Filling up the DagBag from /home/victor/airflow_env/lib/python3.10/site-packages/airflow/example_dags/subdags/subdag.py
[2024-07-15T09:59:36.506+0100] {processor.py:842} WARNING - No viable dags retrieved from /home/victor/airflow_env/lib/python3.10/site-packages/airflow/example_dags/subdags/subdag.py
[2024-07-15T09:59:36.573+0100] {processor.py:183} INFO - Processing /home/victor/airflow_env/lib/python3.10/site-packages/airflow/example_dags/subdags/subdag.py took 0.110 seconds
[2024-07-15T10:00:56.028+0100] {processor.py:161} INFO - Started process (PID=15432) to work on /home/victor/airflow_env/lib/python3.10/site-packages/airflow/example_dags/subdags/subdag.py
[2024-07-15T10:00:56.033+0100] {processor.py:830} INFO - Processing file /home/victor/airflow_env/lib/python3.10/site-packages/airflow/example_dags/subdags/subdag.py for tasks to queue
[2024-07-15T10:00:56.051+0100] {logging_mixin.py:188} INFO - [2024-07-15T10:00:56.049+0100] {dagbag.py:545} INFO - Filling up the DagBag from /home/victor/airflow_env/lib/python3.10/site-packages/airflow/example_dags/subdags/subdag.py
[2024-07-15T10:00:56.079+0100] {processor.py:842} WARNING - No viable dags retrieved from /home/victor/airflow_env/lib/python3.10/site-packages/airflow/example_dags/subdags/subdag.py
[2024-07-15T10:00:56.240+0100] {processor.py:183} INFO - Processing /home/victor/airflow_env/lib/python3.10/site-packages/airflow/example_dags/subdags/subdag.py took 0.255 seconds
[2024-07-15T10:02:20.925+0100] {processor.py:161} INFO - Started process (PID=16168) to work on /home/victor/airflow_env/lib/python3.10/site-packages/airflow/example_dags/subdags/subdag.py
[2024-07-15T10:02:20.929+0100] {processor.py:830} INFO - Processing file /home/victor/airflow_env/lib/python3.10/site-packages/airflow/example_dags/subdags/subdag.py for tasks to queue
[2024-07-15T10:02:20.935+0100] {logging_mixin.py:188} INFO - [2024-07-15T10:02:20.934+0100] {dagbag.py:545} INFO - Filling up the DagBag from /home/victor/airflow_env/lib/python3.10/site-packages/airflow/example_dags/subdags/subdag.py
[2024-07-15T10:02:20.944+0100] {processor.py:842} WARNING - No viable dags retrieved from /home/victor/airflow_env/lib/python3.10/site-packages/airflow/example_dags/subdags/subdag.py
[2024-07-15T10:02:21.014+0100] {processor.py:183} INFO - Processing /home/victor/airflow_env/lib/python3.10/site-packages/airflow/example_dags/subdags/subdag.py took 0.115 seconds
[2024-07-15T10:03:35.923+0100] {processor.py:161} INFO - Started process (PID=16841) to work on /home/victor/airflow_env/lib/python3.10/site-packages/airflow/example_dags/subdags/subdag.py
[2024-07-15T10:03:35.927+0100] {processor.py:830} INFO - Processing file /home/victor/airflow_env/lib/python3.10/site-packages/airflow/example_dags/subdags/subdag.py for tasks to queue
[2024-07-15T10:03:35.934+0100] {logging_mixin.py:188} INFO - [2024-07-15T10:03:35.933+0100] {dagbag.py:545} INFO - Filling up the DagBag from /home/victor/airflow_env/lib/python3.10/site-packages/airflow/example_dags/subdags/subdag.py
[2024-07-15T10:03:35.945+0100] {processor.py:842} WARNING - No viable dags retrieved from /home/victor/airflow_env/lib/python3.10/site-packages/airflow/example_dags/subdags/subdag.py
[2024-07-15T10:03:36.009+0100] {processor.py:183} INFO - Processing /home/victor/airflow_env/lib/python3.10/site-packages/airflow/example_dags/subdags/subdag.py took 0.111 seconds
[2024-07-15T10:04:47.211+0100] {processor.py:161} INFO - Started process (PID=17230) to work on /home/victor/airflow_env/lib/python3.10/site-packages/airflow/example_dags/subdags/subdag.py
[2024-07-15T10:04:47.215+0100] {processor.py:830} INFO - Processing file /home/victor/airflow_env/lib/python3.10/site-packages/airflow/example_dags/subdags/subdag.py for tasks to queue
[2024-07-15T10:04:47.222+0100] {logging_mixin.py:188} INFO - [2024-07-15T10:04:47.220+0100] {dagbag.py:545} INFO - Filling up the DagBag from /home/victor/airflow_env/lib/python3.10/site-packages/airflow/example_dags/subdags/subdag.py
[2024-07-15T10:04:47.231+0100] {processor.py:842} WARNING - No viable dags retrieved from /home/victor/airflow_env/lib/python3.10/site-packages/airflow/example_dags/subdags/subdag.py
[2024-07-15T10:04:47.297+0100] {processor.py:183} INFO - Processing /home/victor/airflow_env/lib/python3.10/site-packages/airflow/example_dags/subdags/subdag.py took 0.110 seconds
[2024-07-15T10:06:12.581+0100] {processor.py:161} INFO - Started process (PID=17709) to work on /home/victor/airflow_env/lib/python3.10/site-packages/airflow/example_dags/subdags/subdag.py
[2024-07-15T10:06:12.597+0100] {processor.py:830} INFO - Processing file /home/victor/airflow_env/lib/python3.10/site-packages/airflow/example_dags/subdags/subdag.py for tasks to queue
[2024-07-15T10:06:12.607+0100] {logging_mixin.py:188} INFO - [2024-07-15T10:06:12.604+0100] {dagbag.py:545} INFO - Filling up the DagBag from /home/victor/airflow_env/lib/python3.10/site-packages/airflow/example_dags/subdags/subdag.py
[2024-07-15T10:06:12.619+0100] {processor.py:842} WARNING - No viable dags retrieved from /home/victor/airflow_env/lib/python3.10/site-packages/airflow/example_dags/subdags/subdag.py
[2024-07-15T10:06:12.724+0100] {processor.py:183} INFO - Processing /home/victor/airflow_env/lib/python3.10/site-packages/airflow/example_dags/subdags/subdag.py took 0.191 seconds
[2024-07-15T10:07:49.930+0100] {processor.py:161} INFO - Started process (PID=18476) to work on /home/victor/airflow_env/lib/python3.10/site-packages/airflow/example_dags/subdags/subdag.py
[2024-07-15T10:07:49.935+0100] {processor.py:830} INFO - Processing file /home/victor/airflow_env/lib/python3.10/site-packages/airflow/example_dags/subdags/subdag.py for tasks to queue
[2024-07-15T10:07:49.944+0100] {logging_mixin.py:188} INFO - [2024-07-15T10:07:49.941+0100] {dagbag.py:545} INFO - Filling up the DagBag from /home/victor/airflow_env/lib/python3.10/site-packages/airflow/example_dags/subdags/subdag.py
[2024-07-15T10:07:49.953+0100] {processor.py:842} WARNING - No viable dags retrieved from /home/victor/airflow_env/lib/python3.10/site-packages/airflow/example_dags/subdags/subdag.py
[2024-07-15T10:07:50.042+0100] {processor.py:183} INFO - Processing /home/victor/airflow_env/lib/python3.10/site-packages/airflow/example_dags/subdags/subdag.py took 0.139 seconds
[2024-07-15T10:09:16.294+0100] {processor.py:161} INFO - Started process (PID=18969) to work on /home/victor/airflow_env/lib/python3.10/site-packages/airflow/example_dags/subdags/subdag.py
[2024-07-15T10:09:16.298+0100] {processor.py:830} INFO - Processing file /home/victor/airflow_env/lib/python3.10/site-packages/airflow/example_dags/subdags/subdag.py for tasks to queue
[2024-07-15T10:09:16.305+0100] {logging_mixin.py:188} INFO - [2024-07-15T10:09:16.304+0100] {dagbag.py:545} INFO - Filling up the DagBag from /home/victor/airflow_env/lib/python3.10/site-packages/airflow/example_dags/subdags/subdag.py
[2024-07-15T10:09:16.314+0100] {processor.py:842} WARNING - No viable dags retrieved from /home/victor/airflow_env/lib/python3.10/site-packages/airflow/example_dags/subdags/subdag.py
[2024-07-15T10:09:16.393+0100] {processor.py:183} INFO - Processing /home/victor/airflow_env/lib/python3.10/site-packages/airflow/example_dags/subdags/subdag.py took 0.127 seconds
[2024-07-15T10:10:49.114+0100] {processor.py:161} INFO - Started process (PID=19622) to work on /home/victor/airflow_env/lib/python3.10/site-packages/airflow/example_dags/subdags/subdag.py
[2024-07-15T10:10:49.122+0100] {processor.py:830} INFO - Processing file /home/victor/airflow_env/lib/python3.10/site-packages/airflow/example_dags/subdags/subdag.py for tasks to queue
[2024-07-15T10:10:49.130+0100] {logging_mixin.py:188} INFO - [2024-07-15T10:10:49.128+0100] {dagbag.py:545} INFO - Filling up the DagBag from /home/victor/airflow_env/lib/python3.10/site-packages/airflow/example_dags/subdags/subdag.py
[2024-07-15T10:10:49.146+0100] {processor.py:842} WARNING - No viable dags retrieved from /home/victor/airflow_env/lib/python3.10/site-packages/airflow/example_dags/subdags/subdag.py
[2024-07-15T10:10:49.328+0100] {processor.py:183} INFO - Processing /home/victor/airflow_env/lib/python3.10/site-packages/airflow/example_dags/subdags/subdag.py took 0.246 seconds
[2024-07-15T10:12:13.638+0100] {processor.py:161} INFO - Started process (PID=20062) to work on /home/victor/airflow_env/lib/python3.10/site-packages/airflow/example_dags/subdags/subdag.py
[2024-07-15T10:12:13.672+0100] {processor.py:830} INFO - Processing file /home/victor/airflow_env/lib/python3.10/site-packages/airflow/example_dags/subdags/subdag.py for tasks to queue
[2024-07-15T10:12:13.690+0100] {logging_mixin.py:188} INFO - [2024-07-15T10:12:13.679+0100] {dagbag.py:545} INFO - Filling up the DagBag from /home/victor/airflow_env/lib/python3.10/site-packages/airflow/example_dags/subdags/subdag.py
[2024-07-15T10:12:13.704+0100] {processor.py:842} WARNING - No viable dags retrieved from /home/victor/airflow_env/lib/python3.10/site-packages/airflow/example_dags/subdags/subdag.py
[2024-07-15T10:12:13.878+0100] {processor.py:183} INFO - Processing /home/victor/airflow_env/lib/python3.10/site-packages/airflow/example_dags/subdags/subdag.py took 0.307 seconds
[2024-07-15T10:13:37.757+0100] {processor.py:161} INFO - Started process (PID=20530) to work on /home/victor/airflow_env/lib/python3.10/site-packages/airflow/example_dags/subdags/subdag.py
[2024-07-15T10:13:37.763+0100] {processor.py:830} INFO - Processing file /home/victor/airflow_env/lib/python3.10/site-packages/airflow/example_dags/subdags/subdag.py for tasks to queue
[2024-07-15T10:13:37.772+0100] {logging_mixin.py:188} INFO - [2024-07-15T10:13:37.770+0100] {dagbag.py:545} INFO - Filling up the DagBag from /home/victor/airflow_env/lib/python3.10/site-packages/airflow/example_dags/subdags/subdag.py
[2024-07-15T10:13:37.783+0100] {processor.py:842} WARNING - No viable dags retrieved from /home/victor/airflow_env/lib/python3.10/site-packages/airflow/example_dags/subdags/subdag.py
[2024-07-15T10:13:37.864+0100] {processor.py:183} INFO - Processing /home/victor/airflow_env/lib/python3.10/site-packages/airflow/example_dags/subdags/subdag.py took 0.138 seconds
[2024-07-15T10:15:03.800+0100] {processor.py:161} INFO - Started process (PID=20984) to work on /home/victor/airflow_env/lib/python3.10/site-packages/airflow/example_dags/subdags/subdag.py
[2024-07-15T10:15:03.804+0100] {processor.py:830} INFO - Processing file /home/victor/airflow_env/lib/python3.10/site-packages/airflow/example_dags/subdags/subdag.py for tasks to queue
[2024-07-15T10:15:03.814+0100] {logging_mixin.py:188} INFO - [2024-07-15T10:15:03.812+0100] {dagbag.py:545} INFO - Filling up the DagBag from /home/victor/airflow_env/lib/python3.10/site-packages/airflow/example_dags/subdags/subdag.py
[2024-07-15T10:15:03.823+0100] {processor.py:842} WARNING - No viable dags retrieved from /home/victor/airflow_env/lib/python3.10/site-packages/airflow/example_dags/subdags/subdag.py
[2024-07-15T10:15:03.918+0100] {processor.py:183} INFO - Processing /home/victor/airflow_env/lib/python3.10/site-packages/airflow/example_dags/subdags/subdag.py took 0.151 seconds
[2024-07-15T10:16:35.406+0100] {processor.py:161} INFO - Started process (PID=21560) to work on /home/victor/airflow_env/lib/python3.10/site-packages/airflow/example_dags/subdags/subdag.py
[2024-07-15T10:16:35.417+0100] {processor.py:830} INFO - Processing file /home/victor/airflow_env/lib/python3.10/site-packages/airflow/example_dags/subdags/subdag.py for tasks to queue
[2024-07-15T10:16:35.441+0100] {logging_mixin.py:188} INFO - [2024-07-15T10:16:35.428+0100] {dagbag.py:545} INFO - Filling up the DagBag from /home/victor/airflow_env/lib/python3.10/site-packages/airflow/example_dags/subdags/subdag.py
[2024-07-15T10:16:35.454+0100] {processor.py:842} WARNING - No viable dags retrieved from /home/victor/airflow_env/lib/python3.10/site-packages/airflow/example_dags/subdags/subdag.py
[2024-07-15T10:16:35.558+0100] {processor.py:183} INFO - Processing /home/victor/airflow_env/lib/python3.10/site-packages/airflow/example_dags/subdags/subdag.py took 0.189 seconds
[2024-07-15T10:18:00.339+0100] {processor.py:161} INFO - Started process (PID=22121) to work on /home/victor/airflow_env/lib/python3.10/site-packages/airflow/example_dags/subdags/subdag.py
[2024-07-15T10:18:00.345+0100] {processor.py:830} INFO - Processing file /home/victor/airflow_env/lib/python3.10/site-packages/airflow/example_dags/subdags/subdag.py for tasks to queue
[2024-07-15T10:18:00.370+0100] {logging_mixin.py:188} INFO - [2024-07-15T10:18:00.360+0100] {dagbag.py:545} INFO - Filling up the DagBag from /home/victor/airflow_env/lib/python3.10/site-packages/airflow/example_dags/subdags/subdag.py
[2024-07-15T10:18:00.390+0100] {processor.py:842} WARNING - No viable dags retrieved from /home/victor/airflow_env/lib/python3.10/site-packages/airflow/example_dags/subdags/subdag.py
[2024-07-15T10:18:00.514+0100] {processor.py:183} INFO - Processing /home/victor/airflow_env/lib/python3.10/site-packages/airflow/example_dags/subdags/subdag.py took 0.286 seconds
[2024-07-15T10:19:32.236+0100] {processor.py:161} INFO - Started process (PID=22736) to work on /home/victor/airflow_env/lib/python3.10/site-packages/airflow/example_dags/subdags/subdag.py
[2024-07-15T10:19:32.247+0100] {processor.py:830} INFO - Processing file /home/victor/airflow_env/lib/python3.10/site-packages/airflow/example_dags/subdags/subdag.py for tasks to queue
[2024-07-15T10:19:32.267+0100] {logging_mixin.py:188} INFO - [2024-07-15T10:19:32.265+0100] {dagbag.py:545} INFO - Filling up the DagBag from /home/victor/airflow_env/lib/python3.10/site-packages/airflow/example_dags/subdags/subdag.py
[2024-07-15T10:19:32.287+0100] {processor.py:842} WARNING - No viable dags retrieved from /home/victor/airflow_env/lib/python3.10/site-packages/airflow/example_dags/subdags/subdag.py
[2024-07-15T10:19:32.431+0100] {processor.py:183} INFO - Processing /home/victor/airflow_env/lib/python3.10/site-packages/airflow/example_dags/subdags/subdag.py took 0.253 seconds
[2024-07-15T10:21:31.404+0100] {processor.py:161} INFO - Started process (PID=23533) to work on /home/victor/airflow_env/lib/python3.10/site-packages/airflow/example_dags/subdags/subdag.py
[2024-07-15T10:21:31.414+0100] {processor.py:830} INFO - Processing file /home/victor/airflow_env/lib/python3.10/site-packages/airflow/example_dags/subdags/subdag.py for tasks to queue
[2024-07-15T10:21:31.427+0100] {logging_mixin.py:188} INFO - [2024-07-15T10:21:31.424+0100] {dagbag.py:545} INFO - Filling up the DagBag from /home/victor/airflow_env/lib/python3.10/site-packages/airflow/example_dags/subdags/subdag.py
[2024-07-15T10:21:31.444+0100] {processor.py:842} WARNING - No viable dags retrieved from /home/victor/airflow_env/lib/python3.10/site-packages/airflow/example_dags/subdags/subdag.py
[2024-07-15T10:21:31.561+0100] {processor.py:183} INFO - Processing /home/victor/airflow_env/lib/python3.10/site-packages/airflow/example_dags/subdags/subdag.py took 0.237 seconds
[2024-07-15T10:23:30.723+0100] {processor.py:161} INFO - Started process (PID=24648) to work on /home/victor/airflow_env/lib/python3.10/site-packages/airflow/example_dags/subdags/subdag.py
[2024-07-15T10:23:30.736+0100] {processor.py:830} INFO - Processing file /home/victor/airflow_env/lib/python3.10/site-packages/airflow/example_dags/subdags/subdag.py for tasks to queue
[2024-07-15T10:23:30.754+0100] {logging_mixin.py:188} INFO - [2024-07-15T10:23:30.752+0100] {dagbag.py:545} INFO - Filling up the DagBag from /home/victor/airflow_env/lib/python3.10/site-packages/airflow/example_dags/subdags/subdag.py
[2024-07-15T10:23:30.786+0100] {processor.py:842} WARNING - No viable dags retrieved from /home/victor/airflow_env/lib/python3.10/site-packages/airflow/example_dags/subdags/subdag.py
[2024-07-15T10:23:32.728+0100] {processor.py:183} INFO - Processing /home/victor/airflow_env/lib/python3.10/site-packages/airflow/example_dags/subdags/subdag.py took 2.114 seconds
[2024-07-15T10:25:25.893+0100] {processor.py:161} INFO - Started process (PID=25417) to work on /home/victor/airflow_env/lib/python3.10/site-packages/airflow/example_dags/subdags/subdag.py
[2024-07-15T10:25:25.897+0100] {processor.py:830} INFO - Processing file /home/victor/airflow_env/lib/python3.10/site-packages/airflow/example_dags/subdags/subdag.py for tasks to queue
[2024-07-15T10:25:25.905+0100] {logging_mixin.py:188} INFO - [2024-07-15T10:25:25.903+0100] {dagbag.py:545} INFO - Filling up the DagBag from /home/victor/airflow_env/lib/python3.10/site-packages/airflow/example_dags/subdags/subdag.py
[2024-07-15T10:25:25.915+0100] {processor.py:842} WARNING - No viable dags retrieved from /home/victor/airflow_env/lib/python3.10/site-packages/airflow/example_dags/subdags/subdag.py
[2024-07-15T10:25:26.040+0100] {processor.py:183} INFO - Processing /home/victor/airflow_env/lib/python3.10/site-packages/airflow/example_dags/subdags/subdag.py took 0.173 seconds
[2024-07-15T10:27:00.970+0100] {processor.py:161} INFO - Started process (PID=26159) to work on /home/victor/airflow_env/lib/python3.10/site-packages/airflow/example_dags/subdags/subdag.py
[2024-07-15T10:27:00.981+0100] {processor.py:830} INFO - Processing file /home/victor/airflow_env/lib/python3.10/site-packages/airflow/example_dags/subdags/subdag.py for tasks to queue
[2024-07-15T10:27:00.989+0100] {logging_mixin.py:188} INFO - [2024-07-15T10:27:00.987+0100] {dagbag.py:545} INFO - Filling up the DagBag from /home/victor/airflow_env/lib/python3.10/site-packages/airflow/example_dags/subdags/subdag.py
[2024-07-15T10:27:01.005+0100] {processor.py:842} WARNING - No viable dags retrieved from /home/victor/airflow_env/lib/python3.10/site-packages/airflow/example_dags/subdags/subdag.py
[2024-07-15T10:27:01.156+0100] {processor.py:183} INFO - Processing /home/victor/airflow_env/lib/python3.10/site-packages/airflow/example_dags/subdags/subdag.py took 0.216 seconds
[2024-07-15T10:28:44.238+0100] {processor.py:161} INFO - Started process (PID=26718) to work on /home/victor/airflow_env/lib/python3.10/site-packages/airflow/example_dags/subdags/subdag.py
[2024-07-15T10:28:44.242+0100] {processor.py:830} INFO - Processing file /home/victor/airflow_env/lib/python3.10/site-packages/airflow/example_dags/subdags/subdag.py for tasks to queue
[2024-07-15T10:28:44.250+0100] {logging_mixin.py:188} INFO - [2024-07-15T10:28:44.249+0100] {dagbag.py:545} INFO - Filling up the DagBag from /home/victor/airflow_env/lib/python3.10/site-packages/airflow/example_dags/subdags/subdag.py
[2024-07-15T10:28:44.259+0100] {processor.py:842} WARNING - No viable dags retrieved from /home/victor/airflow_env/lib/python3.10/site-packages/airflow/example_dags/subdags/subdag.py
[2024-07-15T10:28:44.341+0100] {processor.py:183} INFO - Processing /home/victor/airflow_env/lib/python3.10/site-packages/airflow/example_dags/subdags/subdag.py took 0.130 seconds
[2024-07-15T10:30:01.270+0100] {processor.py:161} INFO - Started process (PID=27134) to work on /home/victor/airflow_env/lib/python3.10/site-packages/airflow/example_dags/subdags/subdag.py
[2024-07-15T10:30:01.275+0100] {processor.py:830} INFO - Processing file /home/victor/airflow_env/lib/python3.10/site-packages/airflow/example_dags/subdags/subdag.py for tasks to queue
[2024-07-15T10:30:01.283+0100] {logging_mixin.py:188} INFO - [2024-07-15T10:30:01.281+0100] {dagbag.py:545} INFO - Filling up the DagBag from /home/victor/airflow_env/lib/python3.10/site-packages/airflow/example_dags/subdags/subdag.py
[2024-07-15T10:30:01.292+0100] {processor.py:842} WARNING - No viable dags retrieved from /home/victor/airflow_env/lib/python3.10/site-packages/airflow/example_dags/subdags/subdag.py
[2024-07-15T10:30:01.375+0100] {processor.py:183} INFO - Processing /home/victor/airflow_env/lib/python3.10/site-packages/airflow/example_dags/subdags/subdag.py took 0.135 seconds
[2024-07-15T10:31:17.940+0100] {processor.py:161} INFO - Started process (PID=27531) to work on /home/victor/airflow_env/lib/python3.10/site-packages/airflow/example_dags/subdags/subdag.py
[2024-07-15T10:31:17.948+0100] {processor.py:830} INFO - Processing file /home/victor/airflow_env/lib/python3.10/site-packages/airflow/example_dags/subdags/subdag.py for tasks to queue
[2024-07-15T10:31:17.961+0100] {logging_mixin.py:188} INFO - [2024-07-15T10:31:17.959+0100] {dagbag.py:545} INFO - Filling up the DagBag from /home/victor/airflow_env/lib/python3.10/site-packages/airflow/example_dags/subdags/subdag.py
[2024-07-15T10:31:17.982+0100] {processor.py:842} WARNING - No viable dags retrieved from /home/victor/airflow_env/lib/python3.10/site-packages/airflow/example_dags/subdags/subdag.py
[2024-07-15T10:31:18.126+0100] {processor.py:183} INFO - Processing /home/victor/airflow_env/lib/python3.10/site-packages/airflow/example_dags/subdags/subdag.py took 0.228 seconds
[2024-07-15T10:32:43.853+0100] {processor.py:161} INFO - Started process (PID=27999) to work on /home/victor/airflow_env/lib/python3.10/site-packages/airflow/example_dags/subdags/subdag.py
[2024-07-15T10:32:43.859+0100] {processor.py:830} INFO - Processing file /home/victor/airflow_env/lib/python3.10/site-packages/airflow/example_dags/subdags/subdag.py for tasks to queue
[2024-07-15T10:32:43.869+0100] {logging_mixin.py:188} INFO - [2024-07-15T10:32:43.866+0100] {dagbag.py:545} INFO - Filling up the DagBag from /home/victor/airflow_env/lib/python3.10/site-packages/airflow/example_dags/subdags/subdag.py
[2024-07-15T10:32:43.881+0100] {processor.py:842} WARNING - No viable dags retrieved from /home/victor/airflow_env/lib/python3.10/site-packages/airflow/example_dags/subdags/subdag.py
[2024-07-15T10:32:44.021+0100] {processor.py:183} INFO - Processing /home/victor/airflow_env/lib/python3.10/site-packages/airflow/example_dags/subdags/subdag.py took 0.206 seconds
[2024-07-15T10:34:19.257+0100] {processor.py:161} INFO - Started process (PID=28738) to work on /home/victor/airflow_env/lib/python3.10/site-packages/airflow/example_dags/subdags/subdag.py
[2024-07-15T10:34:19.263+0100] {processor.py:830} INFO - Processing file /home/victor/airflow_env/lib/python3.10/site-packages/airflow/example_dags/subdags/subdag.py for tasks to queue
[2024-07-15T10:34:19.271+0100] {logging_mixin.py:188} INFO - [2024-07-15T10:34:19.269+0100] {dagbag.py:545} INFO - Filling up the DagBag from /home/victor/airflow_env/lib/python3.10/site-packages/airflow/example_dags/subdags/subdag.py
[2024-07-15T10:34:19.282+0100] {processor.py:842} WARNING - No viable dags retrieved from /home/victor/airflow_env/lib/python3.10/site-packages/airflow/example_dags/subdags/subdag.py
[2024-07-15T10:34:19.362+0100] {processor.py:183} INFO - Processing /home/victor/airflow_env/lib/python3.10/site-packages/airflow/example_dags/subdags/subdag.py took 0.130 seconds
[2024-07-15T10:35:37.395+0100] {processor.py:161} INFO - Started process (PID=29138) to work on /home/victor/airflow_env/lib/python3.10/site-packages/airflow/example_dags/subdags/subdag.py
[2024-07-15T10:35:37.399+0100] {processor.py:830} INFO - Processing file /home/victor/airflow_env/lib/python3.10/site-packages/airflow/example_dags/subdags/subdag.py for tasks to queue
[2024-07-15T10:35:37.406+0100] {logging_mixin.py:188} INFO - [2024-07-15T10:35:37.404+0100] {dagbag.py:545} INFO - Filling up the DagBag from /home/victor/airflow_env/lib/python3.10/site-packages/airflow/example_dags/subdags/subdag.py
[2024-07-15T10:35:37.415+0100] {processor.py:842} WARNING - No viable dags retrieved from /home/victor/airflow_env/lib/python3.10/site-packages/airflow/example_dags/subdags/subdag.py
[2024-07-15T10:35:37.496+0100] {processor.py:183} INFO - Processing /home/victor/airflow_env/lib/python3.10/site-packages/airflow/example_dags/subdags/subdag.py took 0.132 seconds
[2024-07-15T10:37:01.867+0100] {processor.py:161} INFO - Started process (PID=29632) to work on /home/victor/airflow_env/lib/python3.10/site-packages/airflow/example_dags/subdags/subdag.py
[2024-07-15T10:37:01.872+0100] {processor.py:830} INFO - Processing file /home/victor/airflow_env/lib/python3.10/site-packages/airflow/example_dags/subdags/subdag.py for tasks to queue
[2024-07-15T10:37:01.880+0100] {logging_mixin.py:188} INFO - [2024-07-15T10:37:01.878+0100] {dagbag.py:545} INFO - Filling up the DagBag from /home/victor/airflow_env/lib/python3.10/site-packages/airflow/example_dags/subdags/subdag.py
[2024-07-15T10:37:01.891+0100] {processor.py:842} WARNING - No viable dags retrieved from /home/victor/airflow_env/lib/python3.10/site-packages/airflow/example_dags/subdags/subdag.py
[2024-07-15T10:37:01.986+0100] {processor.py:183} INFO - Processing /home/victor/airflow_env/lib/python3.10/site-packages/airflow/example_dags/subdags/subdag.py took 0.155 seconds
[2024-07-15T10:38:28.925+0100] {processor.py:161} INFO - Started process (PID=30130) to work on /home/victor/airflow_env/lib/python3.10/site-packages/airflow/example_dags/subdags/subdag.py
[2024-07-15T10:38:28.930+0100] {processor.py:830} INFO - Processing file /home/victor/airflow_env/lib/python3.10/site-packages/airflow/example_dags/subdags/subdag.py for tasks to queue
[2024-07-15T10:38:28.938+0100] {logging_mixin.py:188} INFO - [2024-07-15T10:38:28.936+0100] {dagbag.py:545} INFO - Filling up the DagBag from /home/victor/airflow_env/lib/python3.10/site-packages/airflow/example_dags/subdags/subdag.py
[2024-07-15T10:38:28.954+0100] {processor.py:842} WARNING - No viable dags retrieved from /home/victor/airflow_env/lib/python3.10/site-packages/airflow/example_dags/subdags/subdag.py
[2024-07-15T10:38:29.048+0100] {processor.py:183} INFO - Processing /home/victor/airflow_env/lib/python3.10/site-packages/airflow/example_dags/subdags/subdag.py took 0.151 seconds
[2024-07-15T10:39:43.836+0100] {processor.py:161} INFO - Started process (PID=30515) to work on /home/victor/airflow_env/lib/python3.10/site-packages/airflow/example_dags/subdags/subdag.py
[2024-07-15T10:39:43.840+0100] {processor.py:830} INFO - Processing file /home/victor/airflow_env/lib/python3.10/site-packages/airflow/example_dags/subdags/subdag.py for tasks to queue
[2024-07-15T10:39:43.847+0100] {logging_mixin.py:188} INFO - [2024-07-15T10:39:43.846+0100] {dagbag.py:545} INFO - Filling up the DagBag from /home/victor/airflow_env/lib/python3.10/site-packages/airflow/example_dags/subdags/subdag.py
[2024-07-15T10:39:43.856+0100] {processor.py:842} WARNING - No viable dags retrieved from /home/victor/airflow_env/lib/python3.10/site-packages/airflow/example_dags/subdags/subdag.py
[2024-07-15T10:39:43.938+0100] {processor.py:183} INFO - Processing /home/victor/airflow_env/lib/python3.10/site-packages/airflow/example_dags/subdags/subdag.py took 0.132 seconds
[2024-07-15T10:40:56.700+0100] {processor.py:161} INFO - Started process (PID=30892) to work on /home/victor/airflow_env/lib/python3.10/site-packages/airflow/example_dags/subdags/subdag.py
[2024-07-15T10:40:56.704+0100] {processor.py:830} INFO - Processing file /home/victor/airflow_env/lib/python3.10/site-packages/airflow/example_dags/subdags/subdag.py for tasks to queue
[2024-07-15T10:40:56.719+0100] {logging_mixin.py:188} INFO - [2024-07-15T10:40:56.717+0100] {dagbag.py:545} INFO - Filling up the DagBag from /home/victor/airflow_env/lib/python3.10/site-packages/airflow/example_dags/subdags/subdag.py
[2024-07-15T10:40:56.728+0100] {processor.py:842} WARNING - No viable dags retrieved from /home/victor/airflow_env/lib/python3.10/site-packages/airflow/example_dags/subdags/subdag.py
[2024-07-15T10:40:56.837+0100] {processor.py:183} INFO - Processing /home/victor/airflow_env/lib/python3.10/site-packages/airflow/example_dags/subdags/subdag.py took 0.172 seconds
[2024-07-15T10:42:14.439+0100] {processor.py:161} INFO - Started process (PID=31292) to work on /home/victor/airflow_env/lib/python3.10/site-packages/airflow/example_dags/subdags/subdag.py
[2024-07-15T10:42:14.443+0100] {processor.py:830} INFO - Processing file /home/victor/airflow_env/lib/python3.10/site-packages/airflow/example_dags/subdags/subdag.py for tasks to queue
[2024-07-15T10:42:14.452+0100] {logging_mixin.py:188} INFO - [2024-07-15T10:42:14.450+0100] {dagbag.py:545} INFO - Filling up the DagBag from /home/victor/airflow_env/lib/python3.10/site-packages/airflow/example_dags/subdags/subdag.py
[2024-07-15T10:42:14.468+0100] {processor.py:842} WARNING - No viable dags retrieved from /home/victor/airflow_env/lib/python3.10/site-packages/airflow/example_dags/subdags/subdag.py
[2024-07-15T10:42:14.569+0100] {processor.py:183} INFO - Processing /home/victor/airflow_env/lib/python3.10/site-packages/airflow/example_dags/subdags/subdag.py took 0.158 seconds
[2024-07-15T10:43:32.428+0100] {processor.py:161} INFO - Started process (PID=31719) to work on /home/victor/airflow_env/lib/python3.10/site-packages/airflow/example_dags/subdags/subdag.py
[2024-07-15T10:43:32.434+0100] {processor.py:830} INFO - Processing file /home/victor/airflow_env/lib/python3.10/site-packages/airflow/example_dags/subdags/subdag.py for tasks to queue
[2024-07-15T10:43:32.444+0100] {logging_mixin.py:188} INFO - [2024-07-15T10:43:32.443+0100] {dagbag.py:545} INFO - Filling up the DagBag from /home/victor/airflow_env/lib/python3.10/site-packages/airflow/example_dags/subdags/subdag.py
[2024-07-15T10:43:32.460+0100] {processor.py:842} WARNING - No viable dags retrieved from /home/victor/airflow_env/lib/python3.10/site-packages/airflow/example_dags/subdags/subdag.py
[2024-07-15T10:43:32.581+0100] {processor.py:183} INFO - Processing /home/victor/airflow_env/lib/python3.10/site-packages/airflow/example_dags/subdags/subdag.py took 0.194 seconds
[2024-07-15T10:44:47.316+0100] {processor.py:161} INFO - Started process (PID=32112) to work on /home/victor/airflow_env/lib/python3.10/site-packages/airflow/example_dags/subdags/subdag.py
[2024-07-15T10:44:47.321+0100] {processor.py:830} INFO - Processing file /home/victor/airflow_env/lib/python3.10/site-packages/airflow/example_dags/subdags/subdag.py for tasks to queue
[2024-07-15T10:44:47.329+0100] {logging_mixin.py:188} INFO - [2024-07-15T10:44:47.327+0100] {dagbag.py:545} INFO - Filling up the DagBag from /home/victor/airflow_env/lib/python3.10/site-packages/airflow/example_dags/subdags/subdag.py
[2024-07-15T10:44:47.339+0100] {processor.py:842} WARNING - No viable dags retrieved from /home/victor/airflow_env/lib/python3.10/site-packages/airflow/example_dags/subdags/subdag.py
[2024-07-15T10:44:47.412+0100] {processor.py:183} INFO - Processing /home/victor/airflow_env/lib/python3.10/site-packages/airflow/example_dags/subdags/subdag.py took 0.125 seconds
[2024-07-15T10:45:57.335+0100] {processor.py:161} INFO - Started process (PID=32471) to work on /home/victor/airflow_env/lib/python3.10/site-packages/airflow/example_dags/subdags/subdag.py
[2024-07-15T10:45:57.339+0100] {processor.py:830} INFO - Processing file /home/victor/airflow_env/lib/python3.10/site-packages/airflow/example_dags/subdags/subdag.py for tasks to queue
[2024-07-15T10:45:57.346+0100] {logging_mixin.py:188} INFO - [2024-07-15T10:45:57.345+0100] {dagbag.py:545} INFO - Filling up the DagBag from /home/victor/airflow_env/lib/python3.10/site-packages/airflow/example_dags/subdags/subdag.py
[2024-07-15T10:45:57.356+0100] {processor.py:842} WARNING - No viable dags retrieved from /home/victor/airflow_env/lib/python3.10/site-packages/airflow/example_dags/subdags/subdag.py
[2024-07-15T10:45:57.426+0100] {processor.py:183} INFO - Processing /home/victor/airflow_env/lib/python3.10/site-packages/airflow/example_dags/subdags/subdag.py took 0.116 seconds
[2024-07-15T10:47:12.802+0100] {processor.py:161} INFO - Started process (PID=32863) to work on /home/victor/airflow_env/lib/python3.10/site-packages/airflow/example_dags/subdags/subdag.py
[2024-07-15T10:47:12.806+0100] {processor.py:830} INFO - Processing file /home/victor/airflow_env/lib/python3.10/site-packages/airflow/example_dags/subdags/subdag.py for tasks to queue
[2024-07-15T10:47:12.814+0100] {logging_mixin.py:188} INFO - [2024-07-15T10:47:12.812+0100] {dagbag.py:545} INFO - Filling up the DagBag from /home/victor/airflow_env/lib/python3.10/site-packages/airflow/example_dags/subdags/subdag.py
[2024-07-15T10:47:12.823+0100] {processor.py:842} WARNING - No viable dags retrieved from /home/victor/airflow_env/lib/python3.10/site-packages/airflow/example_dags/subdags/subdag.py
[2024-07-15T10:47:12.892+0100] {processor.py:183} INFO - Processing /home/victor/airflow_env/lib/python3.10/site-packages/airflow/example_dags/subdags/subdag.py took 0.123 seconds
[2024-07-15T10:48:34.692+0100] {processor.py:161} INFO - Started process (PID=33321) to work on /home/victor/airflow_env/lib/python3.10/site-packages/airflow/example_dags/subdags/subdag.py
[2024-07-15T10:48:34.696+0100] {processor.py:830} INFO - Processing file /home/victor/airflow_env/lib/python3.10/site-packages/airflow/example_dags/subdags/subdag.py for tasks to queue
[2024-07-15T10:48:34.708+0100] {logging_mixin.py:188} INFO - [2024-07-15T10:48:34.706+0100] {dagbag.py:545} INFO - Filling up the DagBag from /home/victor/airflow_env/lib/python3.10/site-packages/airflow/example_dags/subdags/subdag.py
[2024-07-15T10:48:34.718+0100] {processor.py:842} WARNING - No viable dags retrieved from /home/victor/airflow_env/lib/python3.10/site-packages/airflow/example_dags/subdags/subdag.py
[2024-07-15T10:48:34.811+0100] {processor.py:183} INFO - Processing /home/victor/airflow_env/lib/python3.10/site-packages/airflow/example_dags/subdags/subdag.py took 0.154 seconds
[2024-07-15T10:50:12.164+0100] {processor.py:161} INFO - Started process (PID=34057) to work on /home/victor/airflow_env/lib/python3.10/site-packages/airflow/example_dags/subdags/subdag.py
[2024-07-15T10:50:12.169+0100] {processor.py:830} INFO - Processing file /home/victor/airflow_env/lib/python3.10/site-packages/airflow/example_dags/subdags/subdag.py for tasks to queue
[2024-07-15T10:50:12.177+0100] {logging_mixin.py:188} INFO - [2024-07-15T10:50:12.175+0100] {dagbag.py:545} INFO - Filling up the DagBag from /home/victor/airflow_env/lib/python3.10/site-packages/airflow/example_dags/subdags/subdag.py
[2024-07-15T10:50:12.187+0100] {processor.py:842} WARNING - No viable dags retrieved from /home/victor/airflow_env/lib/python3.10/site-packages/airflow/example_dags/subdags/subdag.py
[2024-07-15T10:50:12.317+0100] {processor.py:183} INFO - Processing /home/victor/airflow_env/lib/python3.10/site-packages/airflow/example_dags/subdags/subdag.py took 0.180 seconds
