[2024-07-15T09:47:22.948+0100] {processor.py:161} INFO - Started process (PID=9697) to work on /home/victor/airflow_env/lib/python3.10/site-packages/airflow/example_dags/plugins/decreasing_priority_weight_strategy.py
[2024-07-15T09:47:22.952+0100] {processor.py:830} INFO - Processing file /home/victor/airflow_env/lib/python3.10/site-packages/airflow/example_dags/plugins/decreasing_priority_weight_strategy.py for tasks to queue
[2024-07-15T09:47:22.961+0100] {logging_mixin.py:188} INFO - [2024-07-15T09:47:22.959+0100] {dagbag.py:545} INFO - Filling up the DagBag from /home/victor/airflow_env/lib/python3.10/site-packages/airflow/example_dags/plugins/decreasing_priority_weight_strategy.py
[2024-07-15T09:47:22.972+0100] {processor.py:842} WARNING - No viable dags retrieved from /home/victor/airflow_env/lib/python3.10/site-packages/airflow/example_dags/plugins/decreasing_priority_weight_strategy.py
[2024-07-15T09:47:23.047+0100] {processor.py:183} INFO - Processing /home/victor/airflow_env/lib/python3.10/site-packages/airflow/example_dags/plugins/decreasing_priority_weight_strategy.py took 0.124 seconds
[2024-07-15T09:50:00.320+0100] {processor.py:161} INFO - Started process (PID=11055) to work on /home/victor/airflow_env/lib/python3.10/site-packages/airflow/example_dags/plugins/decreasing_priority_weight_strategy.py
[2024-07-15T09:50:00.324+0100] {processor.py:830} INFO - Processing file /home/victor/airflow_env/lib/python3.10/site-packages/airflow/example_dags/plugins/decreasing_priority_weight_strategy.py for tasks to queue
[2024-07-15T09:50:00.332+0100] {logging_mixin.py:188} INFO - [2024-07-15T09:50:00.330+0100] {dagbag.py:545} INFO - Filling up the DagBag from /home/victor/airflow_env/lib/python3.10/site-packages/airflow/example_dags/plugins/decreasing_priority_weight_strategy.py
[2024-07-15T09:50:00.341+0100] {processor.py:842} WARNING - No viable dags retrieved from /home/victor/airflow_env/lib/python3.10/site-packages/airflow/example_dags/plugins/decreasing_priority_weight_strategy.py
[2024-07-15T09:50:00.418+0100] {processor.py:183} INFO - Processing /home/victor/airflow_env/lib/python3.10/site-packages/airflow/example_dags/plugins/decreasing_priority_weight_strategy.py took 0.123 seconds
[2024-07-15T09:51:18.721+0100] {processor.py:161} INFO - Started process (PID=11471) to work on /home/victor/airflow_env/lib/python3.10/site-packages/airflow/example_dags/plugins/decreasing_priority_weight_strategy.py
[2024-07-15T09:51:18.724+0100] {processor.py:830} INFO - Processing file /home/victor/airflow_env/lib/python3.10/site-packages/airflow/example_dags/plugins/decreasing_priority_weight_strategy.py for tasks to queue
[2024-07-15T09:51:18.734+0100] {logging_mixin.py:188} INFO - [2024-07-15T09:51:18.730+0100] {dagbag.py:545} INFO - Filling up the DagBag from /home/victor/airflow_env/lib/python3.10/site-packages/airflow/example_dags/plugins/decreasing_priority_weight_strategy.py
[2024-07-15T09:51:18.743+0100] {processor.py:842} WARNING - No viable dags retrieved from /home/victor/airflow_env/lib/python3.10/site-packages/airflow/example_dags/plugins/decreasing_priority_weight_strategy.py
[2024-07-15T09:51:18.823+0100] {processor.py:183} INFO - Processing /home/victor/airflow_env/lib/python3.10/site-packages/airflow/example_dags/plugins/decreasing_priority_weight_strategy.py took 0.129 seconds
[2024-07-15T09:52:47.843+0100] {processor.py:161} INFO - Started process (PID=12078) to work on /home/victor/airflow_env/lib/python3.10/site-packages/airflow/example_dags/plugins/decreasing_priority_weight_strategy.py
[2024-07-15T09:52:47.851+0100] {processor.py:830} INFO - Processing file /home/victor/airflow_env/lib/python3.10/site-packages/airflow/example_dags/plugins/decreasing_priority_weight_strategy.py for tasks to queue
[2024-07-15T09:52:47.865+0100] {logging_mixin.py:188} INFO - [2024-07-15T09:52:47.863+0100] {dagbag.py:545} INFO - Filling up the DagBag from /home/victor/airflow_env/lib/python3.10/site-packages/airflow/example_dags/plugins/decreasing_priority_weight_strategy.py
[2024-07-15T09:52:47.878+0100] {processor.py:842} WARNING - No viable dags retrieved from /home/victor/airflow_env/lib/python3.10/site-packages/airflow/example_dags/plugins/decreasing_priority_weight_strategy.py
[2024-07-15T09:52:48.057+0100] {processor.py:183} INFO - Processing /home/victor/airflow_env/lib/python3.10/site-packages/airflow/example_dags/plugins/decreasing_priority_weight_strategy.py took 0.260 seconds
[2024-07-15T09:55:00.987+0100] {processor.py:161} INFO - Started process (PID=12961) to work on /home/victor/airflow_env/lib/python3.10/site-packages/airflow/example_dags/plugins/decreasing_priority_weight_strategy.py
[2024-07-15T09:55:00.993+0100] {processor.py:830} INFO - Processing file /home/victor/airflow_env/lib/python3.10/site-packages/airflow/example_dags/plugins/decreasing_priority_weight_strategy.py for tasks to queue
[2024-07-15T09:55:01.000+0100] {logging_mixin.py:188} INFO - [2024-07-15T09:55:00.999+0100] {dagbag.py:545} INFO - Filling up the DagBag from /home/victor/airflow_env/lib/python3.10/site-packages/airflow/example_dags/plugins/decreasing_priority_weight_strategy.py
[2024-07-15T09:55:01.011+0100] {processor.py:842} WARNING - No viable dags retrieved from /home/victor/airflow_env/lib/python3.10/site-packages/airflow/example_dags/plugins/decreasing_priority_weight_strategy.py
[2024-07-15T09:55:01.095+0100] {processor.py:183} INFO - Processing /home/victor/airflow_env/lib/python3.10/site-packages/airflow/example_dags/plugins/decreasing_priority_weight_strategy.py took 0.139 seconds
[2024-07-15T09:56:32.026+0100] {processor.py:161} INFO - Started process (PID=13756) to work on /home/victor/airflow_env/lib/python3.10/site-packages/airflow/example_dags/plugins/decreasing_priority_weight_strategy.py
[2024-07-15T09:56:32.031+0100] {processor.py:830} INFO - Processing file /home/victor/airflow_env/lib/python3.10/site-packages/airflow/example_dags/plugins/decreasing_priority_weight_strategy.py for tasks to queue
[2024-07-15T09:56:32.039+0100] {logging_mixin.py:188} INFO - [2024-07-15T09:56:32.037+0100] {dagbag.py:545} INFO - Filling up the DagBag from /home/victor/airflow_env/lib/python3.10/site-packages/airflow/example_dags/plugins/decreasing_priority_weight_strategy.py
[2024-07-15T09:56:32.049+0100] {processor.py:842} WARNING - No viable dags retrieved from /home/victor/airflow_env/lib/python3.10/site-packages/airflow/example_dags/plugins/decreasing_priority_weight_strategy.py
[2024-07-15T09:56:32.140+0100] {processor.py:183} INFO - Processing /home/victor/airflow_env/lib/python3.10/site-packages/airflow/example_dags/plugins/decreasing_priority_weight_strategy.py took 0.145 seconds
[2024-07-15T09:58:08.813+0100] {processor.py:161} INFO - Started process (PID=14401) to work on /home/victor/airflow_env/lib/python3.10/site-packages/airflow/example_dags/plugins/decreasing_priority_weight_strategy.py
[2024-07-15T09:58:08.817+0100] {processor.py:830} INFO - Processing file /home/victor/airflow_env/lib/python3.10/site-packages/airflow/example_dags/plugins/decreasing_priority_weight_strategy.py for tasks to queue
[2024-07-15T09:58:08.825+0100] {logging_mixin.py:188} INFO - [2024-07-15T09:58:08.824+0100] {dagbag.py:545} INFO - Filling up the DagBag from /home/victor/airflow_env/lib/python3.10/site-packages/airflow/example_dags/plugins/decreasing_priority_weight_strategy.py
[2024-07-15T09:58:08.835+0100] {processor.py:842} WARNING - No viable dags retrieved from /home/victor/airflow_env/lib/python3.10/site-packages/airflow/example_dags/plugins/decreasing_priority_weight_strategy.py
[2024-07-15T09:58:08.913+0100] {processor.py:183} INFO - Processing /home/victor/airflow_env/lib/python3.10/site-packages/airflow/example_dags/plugins/decreasing_priority_weight_strategy.py took 0.127 seconds
[2024-07-15T09:59:40.500+0100] {processor.py:161} INFO - Started process (PID=14908) to work on /home/victor/airflow_env/lib/python3.10/site-packages/airflow/example_dags/plugins/decreasing_priority_weight_strategy.py
[2024-07-15T09:59:40.506+0100] {processor.py:830} INFO - Processing file /home/victor/airflow_env/lib/python3.10/site-packages/airflow/example_dags/plugins/decreasing_priority_weight_strategy.py for tasks to queue
[2024-07-15T09:59:40.515+0100] {logging_mixin.py:188} INFO - [2024-07-15T09:59:40.513+0100] {dagbag.py:545} INFO - Filling up the DagBag from /home/victor/airflow_env/lib/python3.10/site-packages/airflow/example_dags/plugins/decreasing_priority_weight_strategy.py
[2024-07-15T09:59:40.525+0100] {processor.py:842} WARNING - No viable dags retrieved from /home/victor/airflow_env/lib/python3.10/site-packages/airflow/example_dags/plugins/decreasing_priority_weight_strategy.py
[2024-07-15T09:59:40.616+0100] {processor.py:183} INFO - Processing /home/victor/airflow_env/lib/python3.10/site-packages/airflow/example_dags/plugins/decreasing_priority_weight_strategy.py took 0.151 seconds
[2024-07-15T10:01:01.048+0100] {processor.py:161} INFO - Started process (PID=15460) to work on /home/victor/airflow_env/lib/python3.10/site-packages/airflow/example_dags/plugins/decreasing_priority_weight_strategy.py
[2024-07-15T10:01:01.053+0100] {processor.py:830} INFO - Processing file /home/victor/airflow_env/lib/python3.10/site-packages/airflow/example_dags/plugins/decreasing_priority_weight_strategy.py for tasks to queue
[2024-07-15T10:01:01.061+0100] {logging_mixin.py:188} INFO - [2024-07-15T10:01:01.059+0100] {dagbag.py:545} INFO - Filling up the DagBag from /home/victor/airflow_env/lib/python3.10/site-packages/airflow/example_dags/plugins/decreasing_priority_weight_strategy.py
[2024-07-15T10:01:01.072+0100] {processor.py:842} WARNING - No viable dags retrieved from /home/victor/airflow_env/lib/python3.10/site-packages/airflow/example_dags/plugins/decreasing_priority_weight_strategy.py
[2024-07-15T10:01:01.180+0100] {processor.py:183} INFO - Processing /home/victor/airflow_env/lib/python3.10/site-packages/airflow/example_dags/plugins/decreasing_priority_weight_strategy.py took 0.165 seconds
[2024-07-15T10:02:26.311+0100] {processor.py:161} INFO - Started process (PID=16277) to work on /home/victor/airflow_env/lib/python3.10/site-packages/airflow/example_dags/plugins/decreasing_priority_weight_strategy.py
[2024-07-15T10:02:26.321+0100] {processor.py:830} INFO - Processing file /home/victor/airflow_env/lib/python3.10/site-packages/airflow/example_dags/plugins/decreasing_priority_weight_strategy.py for tasks to queue
[2024-07-15T10:02:26.330+0100] {logging_mixin.py:188} INFO - [2024-07-15T10:02:26.328+0100] {dagbag.py:545} INFO - Filling up the DagBag from /home/victor/airflow_env/lib/python3.10/site-packages/airflow/example_dags/plugins/decreasing_priority_weight_strategy.py
[2024-07-15T10:02:26.344+0100] {processor.py:842} WARNING - No viable dags retrieved from /home/victor/airflow_env/lib/python3.10/site-packages/airflow/example_dags/plugins/decreasing_priority_weight_strategy.py
[2024-07-15T10:02:26.433+0100] {processor.py:183} INFO - Processing /home/victor/airflow_env/lib/python3.10/site-packages/airflow/example_dags/plugins/decreasing_priority_weight_strategy.py took 0.168 seconds
[2024-07-15T10:03:40.069+0100] {processor.py:161} INFO - Started process (PID=16865) to work on /home/victor/airflow_env/lib/python3.10/site-packages/airflow/example_dags/plugins/decreasing_priority_weight_strategy.py
[2024-07-15T10:03:40.072+0100] {processor.py:830} INFO - Processing file /home/victor/airflow_env/lib/python3.10/site-packages/airflow/example_dags/plugins/decreasing_priority_weight_strategy.py for tasks to queue
[2024-07-15T10:03:40.080+0100] {logging_mixin.py:188} INFO - [2024-07-15T10:03:40.078+0100] {dagbag.py:545} INFO - Filling up the DagBag from /home/victor/airflow_env/lib/python3.10/site-packages/airflow/example_dags/plugins/decreasing_priority_weight_strategy.py
[2024-07-15T10:03:40.089+0100] {processor.py:842} WARNING - No viable dags retrieved from /home/victor/airflow_env/lib/python3.10/site-packages/airflow/example_dags/plugins/decreasing_priority_weight_strategy.py
[2024-07-15T10:03:40.171+0100] {processor.py:183} INFO - Processing /home/victor/airflow_env/lib/python3.10/site-packages/airflow/example_dags/plugins/decreasing_priority_weight_strategy.py took 0.129 seconds
[2024-07-15T10:04:51.222+0100] {processor.py:161} INFO - Started process (PID=17247) to work on /home/victor/airflow_env/lib/python3.10/site-packages/airflow/example_dags/plugins/decreasing_priority_weight_strategy.py
[2024-07-15T10:04:51.226+0100] {processor.py:830} INFO - Processing file /home/victor/airflow_env/lib/python3.10/site-packages/airflow/example_dags/plugins/decreasing_priority_weight_strategy.py for tasks to queue
[2024-07-15T10:04:51.233+0100] {logging_mixin.py:188} INFO - [2024-07-15T10:04:51.232+0100] {dagbag.py:545} INFO - Filling up the DagBag from /home/victor/airflow_env/lib/python3.10/site-packages/airflow/example_dags/plugins/decreasing_priority_weight_strategy.py
[2024-07-15T10:04:51.242+0100] {processor.py:842} WARNING - No viable dags retrieved from /home/victor/airflow_env/lib/python3.10/site-packages/airflow/example_dags/plugins/decreasing_priority_weight_strategy.py
[2024-07-15T10:04:51.313+0100] {processor.py:183} INFO - Processing /home/victor/airflow_env/lib/python3.10/site-packages/airflow/example_dags/plugins/decreasing_priority_weight_strategy.py took 0.122 seconds
[2024-07-15T10:06:17.444+0100] {processor.py:161} INFO - Started process (PID=17763) to work on /home/victor/airflow_env/lib/python3.10/site-packages/airflow/example_dags/plugins/decreasing_priority_weight_strategy.py
[2024-07-15T10:06:17.449+0100] {processor.py:830} INFO - Processing file /home/victor/airflow_env/lib/python3.10/site-packages/airflow/example_dags/plugins/decreasing_priority_weight_strategy.py for tasks to queue
[2024-07-15T10:06:17.456+0100] {logging_mixin.py:188} INFO - [2024-07-15T10:06:17.454+0100] {dagbag.py:545} INFO - Filling up the DagBag from /home/victor/airflow_env/lib/python3.10/site-packages/airflow/example_dags/plugins/decreasing_priority_weight_strategy.py
[2024-07-15T10:06:17.466+0100] {processor.py:842} WARNING - No viable dags retrieved from /home/victor/airflow_env/lib/python3.10/site-packages/airflow/example_dags/plugins/decreasing_priority_weight_strategy.py
[2024-07-15T10:06:17.543+0100] {processor.py:183} INFO - Processing /home/victor/airflow_env/lib/python3.10/site-packages/airflow/example_dags/plugins/decreasing_priority_weight_strategy.py took 0.127 seconds
[2024-07-15T10:07:53.748+0100] {processor.py:161} INFO - Started process (PID=18495) to work on /home/victor/airflow_env/lib/python3.10/site-packages/airflow/example_dags/plugins/decreasing_priority_weight_strategy.py
[2024-07-15T10:07:53.753+0100] {processor.py:830} INFO - Processing file /home/victor/airflow_env/lib/python3.10/site-packages/airflow/example_dags/plugins/decreasing_priority_weight_strategy.py for tasks to queue
[2024-07-15T10:07:53.764+0100] {logging_mixin.py:188} INFO - [2024-07-15T10:07:53.760+0100] {dagbag.py:545} INFO - Filling up the DagBag from /home/victor/airflow_env/lib/python3.10/site-packages/airflow/example_dags/plugins/decreasing_priority_weight_strategy.py
[2024-07-15T10:07:53.777+0100] {processor.py:842} WARNING - No viable dags retrieved from /home/victor/airflow_env/lib/python3.10/site-packages/airflow/example_dags/plugins/decreasing_priority_weight_strategy.py
[2024-07-15T10:07:53.848+0100] {processor.py:183} INFO - Processing /home/victor/airflow_env/lib/python3.10/site-packages/airflow/example_dags/plugins/decreasing_priority_weight_strategy.py took 0.136 seconds
[2024-07-15T10:09:21.392+0100] {processor.py:161} INFO - Started process (PID=19006) to work on /home/victor/airflow_env/lib/python3.10/site-packages/airflow/example_dags/plugins/decreasing_priority_weight_strategy.py
[2024-07-15T10:09:21.396+0100] {processor.py:830} INFO - Processing file /home/victor/airflow_env/lib/python3.10/site-packages/airflow/example_dags/plugins/decreasing_priority_weight_strategy.py for tasks to queue
[2024-07-15T10:09:21.407+0100] {logging_mixin.py:188} INFO - [2024-07-15T10:09:21.402+0100] {dagbag.py:545} INFO - Filling up the DagBag from /home/victor/airflow_env/lib/python3.10/site-packages/airflow/example_dags/plugins/decreasing_priority_weight_strategy.py
[2024-07-15T10:09:21.417+0100] {processor.py:842} WARNING - No viable dags retrieved from /home/victor/airflow_env/lib/python3.10/site-packages/airflow/example_dags/plugins/decreasing_priority_weight_strategy.py
[2024-07-15T10:09:21.512+0100] {processor.py:183} INFO - Processing /home/victor/airflow_env/lib/python3.10/site-packages/airflow/example_dags/plugins/decreasing_priority_weight_strategy.py took 0.146 seconds
[2024-07-15T10:10:54.344+0100] {processor.py:161} INFO - Started process (PID=19650) to work on /home/victor/airflow_env/lib/python3.10/site-packages/airflow/example_dags/plugins/decreasing_priority_weight_strategy.py
[2024-07-15T10:10:54.348+0100] {processor.py:830} INFO - Processing file /home/victor/airflow_env/lib/python3.10/site-packages/airflow/example_dags/plugins/decreasing_priority_weight_strategy.py for tasks to queue
[2024-07-15T10:10:54.355+0100] {logging_mixin.py:188} INFO - [2024-07-15T10:10:54.354+0100] {dagbag.py:545} INFO - Filling up the DagBag from /home/victor/airflow_env/lib/python3.10/site-packages/airflow/example_dags/plugins/decreasing_priority_weight_strategy.py
[2024-07-15T10:10:54.364+0100] {processor.py:842} WARNING - No viable dags retrieved from /home/victor/airflow_env/lib/python3.10/site-packages/airflow/example_dags/plugins/decreasing_priority_weight_strategy.py
[2024-07-15T10:10:54.435+0100] {processor.py:183} INFO - Processing /home/victor/airflow_env/lib/python3.10/site-packages/airflow/example_dags/plugins/decreasing_priority_weight_strategy.py took 0.122 seconds
[2024-07-15T10:12:19.574+0100] {processor.py:161} INFO - Started process (PID=20094) to work on /home/victor/airflow_env/lib/python3.10/site-packages/airflow/example_dags/plugins/decreasing_priority_weight_strategy.py
[2024-07-15T10:12:19.578+0100] {processor.py:830} INFO - Processing file /home/victor/airflow_env/lib/python3.10/site-packages/airflow/example_dags/plugins/decreasing_priority_weight_strategy.py for tasks to queue
[2024-07-15T10:12:19.585+0100] {logging_mixin.py:188} INFO - [2024-07-15T10:12:19.584+0100] {dagbag.py:545} INFO - Filling up the DagBag from /home/victor/airflow_env/lib/python3.10/site-packages/airflow/example_dags/plugins/decreasing_priority_weight_strategy.py
[2024-07-15T10:12:19.596+0100] {processor.py:842} WARNING - No viable dags retrieved from /home/victor/airflow_env/lib/python3.10/site-packages/airflow/example_dags/plugins/decreasing_priority_weight_strategy.py
[2024-07-15T10:12:19.679+0100] {processor.py:183} INFO - Processing /home/victor/airflow_env/lib/python3.10/site-packages/airflow/example_dags/plugins/decreasing_priority_weight_strategy.py took 0.133 seconds
[2024-07-15T10:13:43.528+0100] {processor.py:161} INFO - Started process (PID=20561) to work on /home/victor/airflow_env/lib/python3.10/site-packages/airflow/example_dags/plugins/decreasing_priority_weight_strategy.py
[2024-07-15T10:13:43.532+0100] {processor.py:830} INFO - Processing file /home/victor/airflow_env/lib/python3.10/site-packages/airflow/example_dags/plugins/decreasing_priority_weight_strategy.py for tasks to queue
[2024-07-15T10:13:43.539+0100] {logging_mixin.py:188} INFO - [2024-07-15T10:13:43.538+0100] {dagbag.py:545} INFO - Filling up the DagBag from /home/victor/airflow_env/lib/python3.10/site-packages/airflow/example_dags/plugins/decreasing_priority_weight_strategy.py
[2024-07-15T10:13:43.549+0100] {processor.py:842} WARNING - No viable dags retrieved from /home/victor/airflow_env/lib/python3.10/site-packages/airflow/example_dags/plugins/decreasing_priority_weight_strategy.py
[2024-07-15T10:13:43.639+0100] {processor.py:183} INFO - Processing /home/victor/airflow_env/lib/python3.10/site-packages/airflow/example_dags/plugins/decreasing_priority_weight_strategy.py took 0.140 seconds
[2024-07-15T10:15:08.837+0100] {processor.py:161} INFO - Started process (PID=21018) to work on /home/victor/airflow_env/lib/python3.10/site-packages/airflow/example_dags/plugins/decreasing_priority_weight_strategy.py
[2024-07-15T10:15:08.843+0100] {processor.py:830} INFO - Processing file /home/victor/airflow_env/lib/python3.10/site-packages/airflow/example_dags/plugins/decreasing_priority_weight_strategy.py for tasks to queue
[2024-07-15T10:15:08.850+0100] {logging_mixin.py:188} INFO - [2024-07-15T10:15:08.848+0100] {dagbag.py:545} INFO - Filling up the DagBag from /home/victor/airflow_env/lib/python3.10/site-packages/airflow/example_dags/plugins/decreasing_priority_weight_strategy.py
[2024-07-15T10:15:08.860+0100] {processor.py:842} WARNING - No viable dags retrieved from /home/victor/airflow_env/lib/python3.10/site-packages/airflow/example_dags/plugins/decreasing_priority_weight_strategy.py
[2024-07-15T10:15:08.949+0100] {processor.py:183} INFO - Processing /home/victor/airflow_env/lib/python3.10/site-packages/airflow/example_dags/plugins/decreasing_priority_weight_strategy.py took 0.137 seconds
[2024-07-15T10:16:40.905+0100] {processor.py:161} INFO - Started process (PID=21595) to work on /home/victor/airflow_env/lib/python3.10/site-packages/airflow/example_dags/plugins/decreasing_priority_weight_strategy.py
[2024-07-15T10:16:40.910+0100] {processor.py:830} INFO - Processing file /home/victor/airflow_env/lib/python3.10/site-packages/airflow/example_dags/plugins/decreasing_priority_weight_strategy.py for tasks to queue
[2024-07-15T10:16:40.917+0100] {logging_mixin.py:188} INFO - [2024-07-15T10:16:40.915+0100] {dagbag.py:545} INFO - Filling up the DagBag from /home/victor/airflow_env/lib/python3.10/site-packages/airflow/example_dags/plugins/decreasing_priority_weight_strategy.py
[2024-07-15T10:16:40.927+0100] {processor.py:842} WARNING - No viable dags retrieved from /home/victor/airflow_env/lib/python3.10/site-packages/airflow/example_dags/plugins/decreasing_priority_weight_strategy.py
[2024-07-15T10:16:41.051+0100] {processor.py:183} INFO - Processing /home/victor/airflow_env/lib/python3.10/site-packages/airflow/example_dags/plugins/decreasing_priority_weight_strategy.py took 0.176 seconds
[2024-07-15T10:18:04.503+0100] {processor.py:161} INFO - Started process (PID=22150) to work on /home/victor/airflow_env/lib/python3.10/site-packages/airflow/example_dags/plugins/decreasing_priority_weight_strategy.py
[2024-07-15T10:18:04.507+0100] {processor.py:830} INFO - Processing file /home/victor/airflow_env/lib/python3.10/site-packages/airflow/example_dags/plugins/decreasing_priority_weight_strategy.py for tasks to queue
[2024-07-15T10:18:04.516+0100] {logging_mixin.py:188} INFO - [2024-07-15T10:18:04.514+0100] {dagbag.py:545} INFO - Filling up the DagBag from /home/victor/airflow_env/lib/python3.10/site-packages/airflow/example_dags/plugins/decreasing_priority_weight_strategy.py
[2024-07-15T10:18:04.526+0100] {processor.py:842} WARNING - No viable dags retrieved from /home/victor/airflow_env/lib/python3.10/site-packages/airflow/example_dags/plugins/decreasing_priority_weight_strategy.py
[2024-07-15T10:18:04.592+0100] {processor.py:183} INFO - Processing /home/victor/airflow_env/lib/python3.10/site-packages/airflow/example_dags/plugins/decreasing_priority_weight_strategy.py took 0.115 seconds
[2024-07-15T10:19:36.918+0100] {processor.py:161} INFO - Started process (PID=22764) to work on /home/victor/airflow_env/lib/python3.10/site-packages/airflow/example_dags/plugins/decreasing_priority_weight_strategy.py
[2024-07-15T10:19:36.921+0100] {processor.py:830} INFO - Processing file /home/victor/airflow_env/lib/python3.10/site-packages/airflow/example_dags/plugins/decreasing_priority_weight_strategy.py for tasks to queue
[2024-07-15T10:19:36.929+0100] {logging_mixin.py:188} INFO - [2024-07-15T10:19:36.927+0100] {dagbag.py:545} INFO - Filling up the DagBag from /home/victor/airflow_env/lib/python3.10/site-packages/airflow/example_dags/plugins/decreasing_priority_weight_strategy.py
[2024-07-15T10:19:36.938+0100] {processor.py:842} WARNING - No viable dags retrieved from /home/victor/airflow_env/lib/python3.10/site-packages/airflow/example_dags/plugins/decreasing_priority_weight_strategy.py
[2024-07-15T10:19:37.018+0100] {processor.py:183} INFO - Processing /home/victor/airflow_env/lib/python3.10/site-packages/airflow/example_dags/plugins/decreasing_priority_weight_strategy.py took 0.133 seconds
[2024-07-15T10:21:36.782+0100] {processor.py:161} INFO - Started process (PID=23601) to work on /home/victor/airflow_env/lib/python3.10/site-packages/airflow/example_dags/plugins/decreasing_priority_weight_strategy.py
[2024-07-15T10:21:36.788+0100] {processor.py:830} INFO - Processing file /home/victor/airflow_env/lib/python3.10/site-packages/airflow/example_dags/plugins/decreasing_priority_weight_strategy.py for tasks to queue
[2024-07-15T10:21:36.795+0100] {logging_mixin.py:188} INFO - [2024-07-15T10:21:36.793+0100] {dagbag.py:545} INFO - Filling up the DagBag from /home/victor/airflow_env/lib/python3.10/site-packages/airflow/example_dags/plugins/decreasing_priority_weight_strategy.py
[2024-07-15T10:21:36.805+0100] {processor.py:842} WARNING - No viable dags retrieved from /home/victor/airflow_env/lib/python3.10/site-packages/airflow/example_dags/plugins/decreasing_priority_weight_strategy.py
[2024-07-15T10:21:36.883+0100] {processor.py:183} INFO - Processing /home/victor/airflow_env/lib/python3.10/site-packages/airflow/example_dags/plugins/decreasing_priority_weight_strategy.py took 0.130 seconds
[2024-07-15T10:23:38.571+0100] {processor.py:161} INFO - Started process (PID=24748) to work on /home/victor/airflow_env/lib/python3.10/site-packages/airflow/example_dags/plugins/decreasing_priority_weight_strategy.py
[2024-07-15T10:23:38.582+0100] {processor.py:830} INFO - Processing file /home/victor/airflow_env/lib/python3.10/site-packages/airflow/example_dags/plugins/decreasing_priority_weight_strategy.py for tasks to queue
[2024-07-15T10:23:38.603+0100] {logging_mixin.py:188} INFO - [2024-07-15T10:23:38.599+0100] {dagbag.py:545} INFO - Filling up the DagBag from /home/victor/airflow_env/lib/python3.10/site-packages/airflow/example_dags/plugins/decreasing_priority_weight_strategy.py
[2024-07-15T10:23:38.622+0100] {processor.py:842} WARNING - No viable dags retrieved from /home/victor/airflow_env/lib/python3.10/site-packages/airflow/example_dags/plugins/decreasing_priority_weight_strategy.py
[2024-07-15T10:23:38.758+0100] {processor.py:183} INFO - Processing /home/victor/airflow_env/lib/python3.10/site-packages/airflow/example_dags/plugins/decreasing_priority_weight_strategy.py took 0.245 seconds
[2024-07-15T10:25:30.930+0100] {processor.py:161} INFO - Started process (PID=25444) to work on /home/victor/airflow_env/lib/python3.10/site-packages/airflow/example_dags/plugins/decreasing_priority_weight_strategy.py
[2024-07-15T10:25:30.934+0100] {processor.py:830} INFO - Processing file /home/victor/airflow_env/lib/python3.10/site-packages/airflow/example_dags/plugins/decreasing_priority_weight_strategy.py for tasks to queue
[2024-07-15T10:25:30.944+0100] {logging_mixin.py:188} INFO - [2024-07-15T10:25:30.940+0100] {dagbag.py:545} INFO - Filling up the DagBag from /home/victor/airflow_env/lib/python3.10/site-packages/airflow/example_dags/plugins/decreasing_priority_weight_strategy.py
[2024-07-15T10:25:30.954+0100] {processor.py:842} WARNING - No viable dags retrieved from /home/victor/airflow_env/lib/python3.10/site-packages/airflow/example_dags/plugins/decreasing_priority_weight_strategy.py
[2024-07-15T10:25:31.051+0100] {processor.py:183} INFO - Processing /home/victor/airflow_env/lib/python3.10/site-packages/airflow/example_dags/plugins/decreasing_priority_weight_strategy.py took 0.151 seconds
[2024-07-15T10:27:08.080+0100] {processor.py:161} INFO - Started process (PID=26196) to work on /home/victor/airflow_env/lib/python3.10/site-packages/airflow/example_dags/plugins/decreasing_priority_weight_strategy.py
[2024-07-15T10:27:08.113+0100] {processor.py:830} INFO - Processing file /home/victor/airflow_env/lib/python3.10/site-packages/airflow/example_dags/plugins/decreasing_priority_weight_strategy.py for tasks to queue
[2024-07-15T10:27:08.204+0100] {logging_mixin.py:188} INFO - [2024-07-15T10:27:08.200+0100] {dagbag.py:545} INFO - Filling up the DagBag from /home/victor/airflow_env/lib/python3.10/site-packages/airflow/example_dags/plugins/decreasing_priority_weight_strategy.py
[2024-07-15T10:27:08.237+0100] {processor.py:842} WARNING - No viable dags retrieved from /home/victor/airflow_env/lib/python3.10/site-packages/airflow/example_dags/plugins/decreasing_priority_weight_strategy.py
[2024-07-15T10:27:08.723+0100] {processor.py:183} INFO - Processing /home/victor/airflow_env/lib/python3.10/site-packages/airflow/example_dags/plugins/decreasing_priority_weight_strategy.py took 0.747 seconds
[2024-07-15T10:28:48.993+0100] {processor.py:161} INFO - Started process (PID=26745) to work on /home/victor/airflow_env/lib/python3.10/site-packages/airflow/example_dags/plugins/decreasing_priority_weight_strategy.py
[2024-07-15T10:28:48.998+0100] {processor.py:830} INFO - Processing file /home/victor/airflow_env/lib/python3.10/site-packages/airflow/example_dags/plugins/decreasing_priority_weight_strategy.py for tasks to queue
[2024-07-15T10:28:49.008+0100] {logging_mixin.py:188} INFO - [2024-07-15T10:28:49.006+0100] {dagbag.py:545} INFO - Filling up the DagBag from /home/victor/airflow_env/lib/python3.10/site-packages/airflow/example_dags/plugins/decreasing_priority_weight_strategy.py
[2024-07-15T10:28:49.020+0100] {processor.py:842} WARNING - No viable dags retrieved from /home/victor/airflow_env/lib/python3.10/site-packages/airflow/example_dags/plugins/decreasing_priority_weight_strategy.py
[2024-07-15T10:28:49.086+0100] {processor.py:183} INFO - Processing /home/victor/airflow_env/lib/python3.10/site-packages/airflow/example_dags/plugins/decreasing_priority_weight_strategy.py took 0.127 seconds
[2024-07-15T10:30:05.264+0100] {processor.py:161} INFO - Started process (PID=27157) to work on /home/victor/airflow_env/lib/python3.10/site-packages/airflow/example_dags/plugins/decreasing_priority_weight_strategy.py
[2024-07-15T10:30:05.267+0100] {processor.py:830} INFO - Processing file /home/victor/airflow_env/lib/python3.10/site-packages/airflow/example_dags/plugins/decreasing_priority_weight_strategy.py for tasks to queue
[2024-07-15T10:30:05.275+0100] {logging_mixin.py:188} INFO - [2024-07-15T10:30:05.273+0100] {dagbag.py:545} INFO - Filling up the DagBag from /home/victor/airflow_env/lib/python3.10/site-packages/airflow/example_dags/plugins/decreasing_priority_weight_strategy.py
[2024-07-15T10:30:05.284+0100] {processor.py:842} WARNING - No viable dags retrieved from /home/victor/airflow_env/lib/python3.10/site-packages/airflow/example_dags/plugins/decreasing_priority_weight_strategy.py
[2024-07-15T10:30:05.354+0100] {processor.py:183} INFO - Processing /home/victor/airflow_env/lib/python3.10/site-packages/airflow/example_dags/plugins/decreasing_priority_weight_strategy.py took 0.116 seconds
[2024-07-15T10:31:23.513+0100] {processor.py:161} INFO - Started process (PID=27561) to work on /home/victor/airflow_env/lib/python3.10/site-packages/airflow/example_dags/plugins/decreasing_priority_weight_strategy.py
[2024-07-15T10:31:23.517+0100] {processor.py:830} INFO - Processing file /home/victor/airflow_env/lib/python3.10/site-packages/airflow/example_dags/plugins/decreasing_priority_weight_strategy.py for tasks to queue
[2024-07-15T10:31:23.525+0100] {logging_mixin.py:188} INFO - [2024-07-15T10:31:23.523+0100] {dagbag.py:545} INFO - Filling up the DagBag from /home/victor/airflow_env/lib/python3.10/site-packages/airflow/example_dags/plugins/decreasing_priority_weight_strategy.py
[2024-07-15T10:31:23.534+0100] {processor.py:842} WARNING - No viable dags retrieved from /home/victor/airflow_env/lib/python3.10/site-packages/airflow/example_dags/plugins/decreasing_priority_weight_strategy.py
[2024-07-15T10:31:23.615+0100] {processor.py:183} INFO - Processing /home/victor/airflow_env/lib/python3.10/site-packages/airflow/example_dags/plugins/decreasing_priority_weight_strategy.py took 0.129 seconds
[2024-07-15T10:32:49.055+0100] {processor.py:161} INFO - Started process (PID=28027) to work on /home/victor/airflow_env/lib/python3.10/site-packages/airflow/example_dags/plugins/decreasing_priority_weight_strategy.py
[2024-07-15T10:32:49.061+0100] {processor.py:830} INFO - Processing file /home/victor/airflow_env/lib/python3.10/site-packages/airflow/example_dags/plugins/decreasing_priority_weight_strategy.py for tasks to queue
[2024-07-15T10:32:49.071+0100] {logging_mixin.py:188} INFO - [2024-07-15T10:32:49.069+0100] {dagbag.py:545} INFO - Filling up the DagBag from /home/victor/airflow_env/lib/python3.10/site-packages/airflow/example_dags/plugins/decreasing_priority_weight_strategy.py
[2024-07-15T10:32:49.083+0100] {processor.py:842} WARNING - No viable dags retrieved from /home/victor/airflow_env/lib/python3.10/site-packages/airflow/example_dags/plugins/decreasing_priority_weight_strategy.py
[2024-07-15T10:32:49.156+0100] {processor.py:183} INFO - Processing /home/victor/airflow_env/lib/python3.10/site-packages/airflow/example_dags/plugins/decreasing_priority_weight_strategy.py took 0.155 seconds
[2024-07-15T10:34:23.265+0100] {processor.py:161} INFO - Started process (PID=28756) to work on /home/victor/airflow_env/lib/python3.10/site-packages/airflow/example_dags/plugins/decreasing_priority_weight_strategy.py
[2024-07-15T10:34:23.269+0100] {processor.py:830} INFO - Processing file /home/victor/airflow_env/lib/python3.10/site-packages/airflow/example_dags/plugins/decreasing_priority_weight_strategy.py for tasks to queue
[2024-07-15T10:34:23.279+0100] {logging_mixin.py:188} INFO - [2024-07-15T10:34:23.277+0100] {dagbag.py:545} INFO - Filling up the DagBag from /home/victor/airflow_env/lib/python3.10/site-packages/airflow/example_dags/plugins/decreasing_priority_weight_strategy.py
[2024-07-15T10:34:23.288+0100] {processor.py:842} WARNING - No viable dags retrieved from /home/victor/airflow_env/lib/python3.10/site-packages/airflow/example_dags/plugins/decreasing_priority_weight_strategy.py
[2024-07-15T10:34:23.371+0100] {processor.py:183} INFO - Processing /home/victor/airflow_env/lib/python3.10/site-packages/airflow/example_dags/plugins/decreasing_priority_weight_strategy.py took 0.136 seconds
[2024-07-15T10:35:42.454+0100] {processor.py:161} INFO - Started process (PID=29166) to work on /home/victor/airflow_env/lib/python3.10/site-packages/airflow/example_dags/plugins/decreasing_priority_weight_strategy.py
[2024-07-15T10:35:42.458+0100] {processor.py:830} INFO - Processing file /home/victor/airflow_env/lib/python3.10/site-packages/airflow/example_dags/plugins/decreasing_priority_weight_strategy.py for tasks to queue
[2024-07-15T10:35:42.466+0100] {logging_mixin.py:188} INFO - [2024-07-15T10:35:42.465+0100] {dagbag.py:545} INFO - Filling up the DagBag from /home/victor/airflow_env/lib/python3.10/site-packages/airflow/example_dags/plugins/decreasing_priority_weight_strategy.py
[2024-07-15T10:35:42.477+0100] {processor.py:842} WARNING - No viable dags retrieved from /home/victor/airflow_env/lib/python3.10/site-packages/airflow/example_dags/plugins/decreasing_priority_weight_strategy.py
[2024-07-15T10:35:42.552+0100] {processor.py:183} INFO - Processing /home/victor/airflow_env/lib/python3.10/site-packages/airflow/example_dags/plugins/decreasing_priority_weight_strategy.py took 0.132 seconds
[2024-07-15T10:37:05.831+0100] {processor.py:161} INFO - Started process (PID=29656) to work on /home/victor/airflow_env/lib/python3.10/site-packages/airflow/example_dags/plugins/decreasing_priority_weight_strategy.py
[2024-07-15T10:37:05.835+0100] {processor.py:830} INFO - Processing file /home/victor/airflow_env/lib/python3.10/site-packages/airflow/example_dags/plugins/decreasing_priority_weight_strategy.py for tasks to queue
[2024-07-15T10:37:05.842+0100] {logging_mixin.py:188} INFO - [2024-07-15T10:37:05.840+0100] {dagbag.py:545} INFO - Filling up the DagBag from /home/victor/airflow_env/lib/python3.10/site-packages/airflow/example_dags/plugins/decreasing_priority_weight_strategy.py
[2024-07-15T10:37:05.853+0100] {processor.py:842} WARNING - No viable dags retrieved from /home/victor/airflow_env/lib/python3.10/site-packages/airflow/example_dags/plugins/decreasing_priority_weight_strategy.py
[2024-07-15T10:37:05.967+0100] {processor.py:183} INFO - Processing /home/victor/airflow_env/lib/python3.10/site-packages/airflow/example_dags/plugins/decreasing_priority_weight_strategy.py took 0.165 seconds
[2024-07-15T10:38:34.404+0100] {processor.py:161} INFO - Started process (PID=30159) to work on /home/victor/airflow_env/lib/python3.10/site-packages/airflow/example_dags/plugins/decreasing_priority_weight_strategy.py
[2024-07-15T10:38:34.409+0100] {processor.py:830} INFO - Processing file /home/victor/airflow_env/lib/python3.10/site-packages/airflow/example_dags/plugins/decreasing_priority_weight_strategy.py for tasks to queue
[2024-07-15T10:38:34.418+0100] {logging_mixin.py:188} INFO - [2024-07-15T10:38:34.416+0100] {dagbag.py:545} INFO - Filling up the DagBag from /home/victor/airflow_env/lib/python3.10/site-packages/airflow/example_dags/plugins/decreasing_priority_weight_strategy.py
[2024-07-15T10:38:34.429+0100] {processor.py:842} WARNING - No viable dags retrieved from /home/victor/airflow_env/lib/python3.10/site-packages/airflow/example_dags/plugins/decreasing_priority_weight_strategy.py
[2024-07-15T10:38:34.517+0100] {processor.py:183} INFO - Processing /home/victor/airflow_env/lib/python3.10/site-packages/airflow/example_dags/plugins/decreasing_priority_weight_strategy.py took 0.150 seconds
[2024-07-15T10:39:47.761+0100] {processor.py:161} INFO - Started process (PID=30538) to work on /home/victor/airflow_env/lib/python3.10/site-packages/airflow/example_dags/plugins/decreasing_priority_weight_strategy.py
[2024-07-15T10:39:47.769+0100] {processor.py:830} INFO - Processing file /home/victor/airflow_env/lib/python3.10/site-packages/airflow/example_dags/plugins/decreasing_priority_weight_strategy.py for tasks to queue
[2024-07-15T10:39:47.777+0100] {logging_mixin.py:188} INFO - [2024-07-15T10:39:47.775+0100] {dagbag.py:545} INFO - Filling up the DagBag from /home/victor/airflow_env/lib/python3.10/site-packages/airflow/example_dags/plugins/decreasing_priority_weight_strategy.py
[2024-07-15T10:39:47.786+0100] {processor.py:842} WARNING - No viable dags retrieved from /home/victor/airflow_env/lib/python3.10/site-packages/airflow/example_dags/plugins/decreasing_priority_weight_strategy.py
[2024-07-15T10:39:47.853+0100] {processor.py:183} INFO - Processing /home/victor/airflow_env/lib/python3.10/site-packages/airflow/example_dags/plugins/decreasing_priority_weight_strategy.py took 0.120 seconds
[2024-07-15T10:41:01.749+0100] {processor.py:161} INFO - Started process (PID=30919) to work on /home/victor/airflow_env/lib/python3.10/site-packages/airflow/example_dags/plugins/decreasing_priority_weight_strategy.py
[2024-07-15T10:41:01.753+0100] {processor.py:830} INFO - Processing file /home/victor/airflow_env/lib/python3.10/site-packages/airflow/example_dags/plugins/decreasing_priority_weight_strategy.py for tasks to queue
[2024-07-15T10:41:01.761+0100] {logging_mixin.py:188} INFO - [2024-07-15T10:41:01.759+0100] {dagbag.py:545} INFO - Filling up the DagBag from /home/victor/airflow_env/lib/python3.10/site-packages/airflow/example_dags/plugins/decreasing_priority_weight_strategy.py
[2024-07-15T10:41:01.770+0100] {processor.py:842} WARNING - No viable dags retrieved from /home/victor/airflow_env/lib/python3.10/site-packages/airflow/example_dags/plugins/decreasing_priority_weight_strategy.py
[2024-07-15T10:41:01.837+0100] {processor.py:183} INFO - Processing /home/victor/airflow_env/lib/python3.10/site-packages/airflow/example_dags/plugins/decreasing_priority_weight_strategy.py took 0.117 seconds
[2024-07-15T10:42:18.838+0100] {processor.py:161} INFO - Started process (PID=31311) to work on /home/victor/airflow_env/lib/python3.10/site-packages/airflow/example_dags/plugins/decreasing_priority_weight_strategy.py
[2024-07-15T10:42:18.843+0100] {processor.py:830} INFO - Processing file /home/victor/airflow_env/lib/python3.10/site-packages/airflow/example_dags/plugins/decreasing_priority_weight_strategy.py for tasks to queue
[2024-07-15T10:42:18.851+0100] {logging_mixin.py:188} INFO - [2024-07-15T10:42:18.849+0100] {dagbag.py:545} INFO - Filling up the DagBag from /home/victor/airflow_env/lib/python3.10/site-packages/airflow/example_dags/plugins/decreasing_priority_weight_strategy.py
[2024-07-15T10:42:18.861+0100] {processor.py:842} WARNING - No viable dags retrieved from /home/victor/airflow_env/lib/python3.10/site-packages/airflow/example_dags/plugins/decreasing_priority_weight_strategy.py
[2024-07-15T10:42:18.941+0100] {processor.py:183} INFO - Processing /home/victor/airflow_env/lib/python3.10/site-packages/airflow/example_dags/plugins/decreasing_priority_weight_strategy.py took 0.135 seconds
[2024-07-15T10:43:37.449+0100] {processor.py:161} INFO - Started process (PID=31747) to work on /home/victor/airflow_env/lib/python3.10/site-packages/airflow/example_dags/plugins/decreasing_priority_weight_strategy.py
[2024-07-15T10:43:37.453+0100] {processor.py:830} INFO - Processing file /home/victor/airflow_env/lib/python3.10/site-packages/airflow/example_dags/plugins/decreasing_priority_weight_strategy.py for tasks to queue
[2024-07-15T10:43:37.464+0100] {logging_mixin.py:188} INFO - [2024-07-15T10:43:37.462+0100] {dagbag.py:545} INFO - Filling up the DagBag from /home/victor/airflow_env/lib/python3.10/site-packages/airflow/example_dags/plugins/decreasing_priority_weight_strategy.py
[2024-07-15T10:43:37.474+0100] {processor.py:842} WARNING - No viable dags retrieved from /home/victor/airflow_env/lib/python3.10/site-packages/airflow/example_dags/plugins/decreasing_priority_weight_strategy.py
[2024-07-15T10:43:37.546+0100] {processor.py:183} INFO - Processing /home/victor/airflow_env/lib/python3.10/site-packages/airflow/example_dags/plugins/decreasing_priority_weight_strategy.py took 0.148 seconds
[2024-07-15T10:44:51.338+0100] {processor.py:161} INFO - Started process (PID=32130) to work on /home/victor/airflow_env/lib/python3.10/site-packages/airflow/example_dags/plugins/decreasing_priority_weight_strategy.py
[2024-07-15T10:44:51.342+0100] {processor.py:830} INFO - Processing file /home/victor/airflow_env/lib/python3.10/site-packages/airflow/example_dags/plugins/decreasing_priority_weight_strategy.py for tasks to queue
[2024-07-15T10:44:51.349+0100] {logging_mixin.py:188} INFO - [2024-07-15T10:44:51.348+0100] {dagbag.py:545} INFO - Filling up the DagBag from /home/victor/airflow_env/lib/python3.10/site-packages/airflow/example_dags/plugins/decreasing_priority_weight_strategy.py
[2024-07-15T10:44:51.359+0100] {processor.py:842} WARNING - No viable dags retrieved from /home/victor/airflow_env/lib/python3.10/site-packages/airflow/example_dags/plugins/decreasing_priority_weight_strategy.py
[2024-07-15T10:44:51.447+0100] {processor.py:183} INFO - Processing /home/victor/airflow_env/lib/python3.10/site-packages/airflow/example_dags/plugins/decreasing_priority_weight_strategy.py took 0.137 seconds
[2024-07-15T10:46:00.974+0100] {processor.py:161} INFO - Started process (PID=32493) to work on /home/victor/airflow_env/lib/python3.10/site-packages/airflow/example_dags/plugins/decreasing_priority_weight_strategy.py
[2024-07-15T10:46:00.979+0100] {processor.py:830} INFO - Processing file /home/victor/airflow_env/lib/python3.10/site-packages/airflow/example_dags/plugins/decreasing_priority_weight_strategy.py for tasks to queue
[2024-07-15T10:46:00.986+0100] {logging_mixin.py:188} INFO - [2024-07-15T10:46:00.984+0100] {dagbag.py:545} INFO - Filling up the DagBag from /home/victor/airflow_env/lib/python3.10/site-packages/airflow/example_dags/plugins/decreasing_priority_weight_strategy.py
[2024-07-15T10:46:00.996+0100] {processor.py:842} WARNING - No viable dags retrieved from /home/victor/airflow_env/lib/python3.10/site-packages/airflow/example_dags/plugins/decreasing_priority_weight_strategy.py
[2024-07-15T10:46:01.071+0100] {processor.py:183} INFO - Processing /home/victor/airflow_env/lib/python3.10/site-packages/airflow/example_dags/plugins/decreasing_priority_weight_strategy.py took 0.122 seconds
[2024-07-15T10:47:18.851+0100] {processor.py:161} INFO - Started process (PID=32896) to work on /home/victor/airflow_env/lib/python3.10/site-packages/airflow/example_dags/plugins/decreasing_priority_weight_strategy.py
[2024-07-15T10:47:18.856+0100] {processor.py:830} INFO - Processing file /home/victor/airflow_env/lib/python3.10/site-packages/airflow/example_dags/plugins/decreasing_priority_weight_strategy.py for tasks to queue
[2024-07-15T10:47:18.975+0100] {logging_mixin.py:188} INFO - [2024-07-15T10:47:18.972+0100] {dagbag.py:545} INFO - Filling up the DagBag from /home/victor/airflow_env/lib/python3.10/site-packages/airflow/example_dags/plugins/decreasing_priority_weight_strategy.py
[2024-07-15T10:47:19.028+0100] {processor.py:842} WARNING - No viable dags retrieved from /home/victor/airflow_env/lib/python3.10/site-packages/airflow/example_dags/plugins/decreasing_priority_weight_strategy.py
[2024-07-15T10:47:19.267+0100] {processor.py:183} INFO - Processing /home/victor/airflow_env/lib/python3.10/site-packages/airflow/example_dags/plugins/decreasing_priority_weight_strategy.py took 0.459 seconds
[2024-07-15T10:48:39.925+0100] {processor.py:161} INFO - Started process (PID=33343) to work on /home/victor/airflow_env/lib/python3.10/site-packages/airflow/example_dags/plugins/decreasing_priority_weight_strategy.py
[2024-07-15T10:48:39.941+0100] {processor.py:830} INFO - Processing file /home/victor/airflow_env/lib/python3.10/site-packages/airflow/example_dags/plugins/decreasing_priority_weight_strategy.py for tasks to queue
[2024-07-15T10:48:40.030+0100] {logging_mixin.py:188} INFO - [2024-07-15T10:48:40.028+0100] {dagbag.py:545} INFO - Filling up the DagBag from /home/victor/airflow_env/lib/python3.10/site-packages/airflow/example_dags/plugins/decreasing_priority_weight_strategy.py
[2024-07-15T10:48:40.098+0100] {processor.py:842} WARNING - No viable dags retrieved from /home/victor/airflow_env/lib/python3.10/site-packages/airflow/example_dags/plugins/decreasing_priority_weight_strategy.py
[2024-07-15T10:48:40.352+0100] {processor.py:183} INFO - Processing /home/victor/airflow_env/lib/python3.10/site-packages/airflow/example_dags/plugins/decreasing_priority_weight_strategy.py took 0.489 seconds
[2024-07-15T10:50:17.892+0100] {processor.py:161} INFO - Started process (PID=34087) to work on /home/victor/airflow_env/lib/python3.10/site-packages/airflow/example_dags/plugins/decreasing_priority_weight_strategy.py
[2024-07-15T10:50:17.897+0100] {processor.py:830} INFO - Processing file /home/victor/airflow_env/lib/python3.10/site-packages/airflow/example_dags/plugins/decreasing_priority_weight_strategy.py for tasks to queue
[2024-07-15T10:50:17.907+0100] {logging_mixin.py:188} INFO - [2024-07-15T10:50:17.905+0100] {dagbag.py:545} INFO - Filling up the DagBag from /home/victor/airflow_env/lib/python3.10/site-packages/airflow/example_dags/plugins/decreasing_priority_weight_strategy.py
[2024-07-15T10:50:17.919+0100] {processor.py:842} WARNING - No viable dags retrieved from /home/victor/airflow_env/lib/python3.10/site-packages/airflow/example_dags/plugins/decreasing_priority_weight_strategy.py
[2024-07-15T10:50:17.993+0100] {processor.py:183} INFO - Processing /home/victor/airflow_env/lib/python3.10/site-packages/airflow/example_dags/plugins/decreasing_priority_weight_strategy.py took 0.129 seconds
