[2024-07-15T09:47:24.461+0100] {processor.py:161} INFO - Started process (PID=9710) to work on /home/victor/airflow_env/lib/python3.10/site-packages/airflow/example_dags/plugins/event_listener.py
[2024-07-15T09:47:24.465+0100] {processor.py:830} INFO - Processing file /home/victor/airflow_env/lib/python3.10/site-packages/airflow/example_dags/plugins/event_listener.py for tasks to queue
[2024-07-15T09:47:24.472+0100] {logging_mixin.py:188} INFO - [2024-07-15T09:47:24.470+0100] {dagbag.py:545} INFO - Filling up the DagBag from /home/victor/airflow_env/lib/python3.10/site-packages/airflow/example_dags/plugins/event_listener.py
[2024-07-15T09:47:24.482+0100] {processor.py:842} WARNING - No viable dags retrieved from /home/victor/airflow_env/lib/python3.10/site-packages/airflow/example_dags/plugins/event_listener.py
[2024-07-15T09:47:24.559+0100] {processor.py:183} INFO - Processing /home/victor/airflow_env/lib/python3.10/site-packages/airflow/example_dags/plugins/event_listener.py took 0.122 seconds
[2024-07-15T09:50:01.792+0100] {processor.py:161} INFO - Started process (PID=11061) to work on /home/victor/airflow_env/lib/python3.10/site-packages/airflow/example_dags/plugins/event_listener.py
[2024-07-15T09:50:01.796+0100] {processor.py:830} INFO - Processing file /home/victor/airflow_env/lib/python3.10/site-packages/airflow/example_dags/plugins/event_listener.py for tasks to queue
[2024-07-15T09:50:01.804+0100] {logging_mixin.py:188} INFO - [2024-07-15T09:50:01.802+0100] {dagbag.py:545} INFO - Filling up the DagBag from /home/victor/airflow_env/lib/python3.10/site-packages/airflow/example_dags/plugins/event_listener.py
[2024-07-15T09:50:01.813+0100] {processor.py:842} WARNING - No viable dags retrieved from /home/victor/airflow_env/lib/python3.10/site-packages/airflow/example_dags/plugins/event_listener.py
[2024-07-15T09:50:01.876+0100] {processor.py:183} INFO - Processing /home/victor/airflow_env/lib/python3.10/site-packages/airflow/example_dags/plugins/event_listener.py took 0.114 seconds
[2024-07-15T09:51:19.741+0100] {processor.py:161} INFO - Started process (PID=11477) to work on /home/victor/airflow_env/lib/python3.10/site-packages/airflow/example_dags/plugins/event_listener.py
[2024-07-15T09:51:19.746+0100] {processor.py:830} INFO - Processing file /home/victor/airflow_env/lib/python3.10/site-packages/airflow/example_dags/plugins/event_listener.py for tasks to queue
[2024-07-15T09:51:19.754+0100] {logging_mixin.py:188} INFO - [2024-07-15T09:51:19.753+0100] {dagbag.py:545} INFO - Filling up the DagBag from /home/victor/airflow_env/lib/python3.10/site-packages/airflow/example_dags/plugins/event_listener.py
[2024-07-15T09:51:19.764+0100] {processor.py:842} WARNING - No viable dags retrieved from /home/victor/airflow_env/lib/python3.10/site-packages/airflow/example_dags/plugins/event_listener.py
[2024-07-15T09:51:19.841+0100] {processor.py:183} INFO - Processing /home/victor/airflow_env/lib/python3.10/site-packages/airflow/example_dags/plugins/event_listener.py took 0.129 seconds
[2024-07-15T09:52:50.063+0100] {processor.py:161} INFO - Started process (PID=12088) to work on /home/victor/airflow_env/lib/python3.10/site-packages/airflow/example_dags/plugins/event_listener.py
[2024-07-15T09:52:50.067+0100] {processor.py:830} INFO - Processing file /home/victor/airflow_env/lib/python3.10/site-packages/airflow/example_dags/plugins/event_listener.py for tasks to queue
[2024-07-15T09:52:50.078+0100] {logging_mixin.py:188} INFO - [2024-07-15T09:52:50.076+0100] {dagbag.py:545} INFO - Filling up the DagBag from /home/victor/airflow_env/lib/python3.10/site-packages/airflow/example_dags/plugins/event_listener.py
[2024-07-15T09:52:50.090+0100] {processor.py:842} WARNING - No viable dags retrieved from /home/victor/airflow_env/lib/python3.10/site-packages/airflow/example_dags/plugins/event_listener.py
[2024-07-15T09:52:50.220+0100] {processor.py:183} INFO - Processing /home/victor/airflow_env/lib/python3.10/site-packages/airflow/example_dags/plugins/event_listener.py took 0.191 seconds
[2024-07-15T09:55:02.781+0100] {processor.py:161} INFO - Started process (PID=12971) to work on /home/victor/airflow_env/lib/python3.10/site-packages/airflow/example_dags/plugins/event_listener.py
[2024-07-15T09:55:02.794+0100] {processor.py:830} INFO - Processing file /home/victor/airflow_env/lib/python3.10/site-packages/airflow/example_dags/plugins/event_listener.py for tasks to queue
[2024-07-15T09:55:02.809+0100] {logging_mixin.py:188} INFO - [2024-07-15T09:55:02.802+0100] {dagbag.py:545} INFO - Filling up the DagBag from /home/victor/airflow_env/lib/python3.10/site-packages/airflow/example_dags/plugins/event_listener.py
[2024-07-15T09:55:02.825+0100] {processor.py:842} WARNING - No viable dags retrieved from /home/victor/airflow_env/lib/python3.10/site-packages/airflow/example_dags/plugins/event_listener.py
[2024-07-15T09:55:02.930+0100] {processor.py:183} INFO - Processing /home/victor/airflow_env/lib/python3.10/site-packages/airflow/example_dags/plugins/event_listener.py took 0.194 seconds
[2024-07-15T09:56:33.348+0100] {processor.py:161} INFO - Started process (PID=13765) to work on /home/victor/airflow_env/lib/python3.10/site-packages/airflow/example_dags/plugins/event_listener.py
[2024-07-15T09:56:33.352+0100] {processor.py:830} INFO - Processing file /home/victor/airflow_env/lib/python3.10/site-packages/airflow/example_dags/plugins/event_listener.py for tasks to queue
[2024-07-15T09:56:33.359+0100] {logging_mixin.py:188} INFO - [2024-07-15T09:56:33.358+0100] {dagbag.py:545} INFO - Filling up the DagBag from /home/victor/airflow_env/lib/python3.10/site-packages/airflow/example_dags/plugins/event_listener.py
[2024-07-15T09:56:33.369+0100] {processor.py:842} WARNING - No viable dags retrieved from /home/victor/airflow_env/lib/python3.10/site-packages/airflow/example_dags/plugins/event_listener.py
[2024-07-15T09:56:33.437+0100] {processor.py:183} INFO - Processing /home/victor/airflow_env/lib/python3.10/site-packages/airflow/example_dags/plugins/event_listener.py took 0.114 seconds
[2024-07-15T09:58:10.408+0100] {processor.py:161} INFO - Started process (PID=14408) to work on /home/victor/airflow_env/lib/python3.10/site-packages/airflow/example_dags/plugins/event_listener.py
[2024-07-15T09:58:10.414+0100] {processor.py:830} INFO - Processing file /home/victor/airflow_env/lib/python3.10/site-packages/airflow/example_dags/plugins/event_listener.py for tasks to queue
[2024-07-15T09:58:10.422+0100] {logging_mixin.py:188} INFO - [2024-07-15T09:58:10.420+0100] {dagbag.py:545} INFO - Filling up the DagBag from /home/victor/airflow_env/lib/python3.10/site-packages/airflow/example_dags/plugins/event_listener.py
[2024-07-15T09:58:10.435+0100] {processor.py:842} WARNING - No viable dags retrieved from /home/victor/airflow_env/lib/python3.10/site-packages/airflow/example_dags/plugins/event_listener.py
[2024-07-15T09:58:10.538+0100] {processor.py:183} INFO - Processing /home/victor/airflow_env/lib/python3.10/site-packages/airflow/example_dags/plugins/event_listener.py took 0.161 seconds
[2024-07-15T09:59:42.359+0100] {processor.py:161} INFO - Started process (PID=14919) to work on /home/victor/airflow_env/lib/python3.10/site-packages/airflow/example_dags/plugins/event_listener.py
[2024-07-15T09:59:42.363+0100] {processor.py:830} INFO - Processing file /home/victor/airflow_env/lib/python3.10/site-packages/airflow/example_dags/plugins/event_listener.py for tasks to queue
[2024-07-15T09:59:42.370+0100] {logging_mixin.py:188} INFO - [2024-07-15T09:59:42.369+0100] {dagbag.py:545} INFO - Filling up the DagBag from /home/victor/airflow_env/lib/python3.10/site-packages/airflow/example_dags/plugins/event_listener.py
[2024-07-15T09:59:42.380+0100] {processor.py:842} WARNING - No viable dags retrieved from /home/victor/airflow_env/lib/python3.10/site-packages/airflow/example_dags/plugins/event_listener.py
[2024-07-15T09:59:42.460+0100] {processor.py:183} INFO - Processing /home/victor/airflow_env/lib/python3.10/site-packages/airflow/example_dags/plugins/event_listener.py took 0.126 seconds
[2024-07-15T10:01:02.688+0100] {processor.py:161} INFO - Started process (PID=15467) to work on /home/victor/airflow_env/lib/python3.10/site-packages/airflow/example_dags/plugins/event_listener.py
[2024-07-15T10:01:02.692+0100] {processor.py:830} INFO - Processing file /home/victor/airflow_env/lib/python3.10/site-packages/airflow/example_dags/plugins/event_listener.py for tasks to queue
[2024-07-15T10:01:02.699+0100] {logging_mixin.py:188} INFO - [2024-07-15T10:01:02.697+0100] {dagbag.py:545} INFO - Filling up the DagBag from /home/victor/airflow_env/lib/python3.10/site-packages/airflow/example_dags/plugins/event_listener.py
[2024-07-15T10:01:02.710+0100] {processor.py:842} WARNING - No viable dags retrieved from /home/victor/airflow_env/lib/python3.10/site-packages/airflow/example_dags/plugins/event_listener.py
[2024-07-15T10:01:02.796+0100] {processor.py:183} INFO - Processing /home/victor/airflow_env/lib/python3.10/site-packages/airflow/example_dags/plugins/event_listener.py took 0.140 seconds
[2024-07-15T10:02:27.965+0100] {processor.py:161} INFO - Started process (PID=16303) to work on /home/victor/airflow_env/lib/python3.10/site-packages/airflow/example_dags/plugins/event_listener.py
[2024-07-15T10:02:27.971+0100] {processor.py:830} INFO - Processing file /home/victor/airflow_env/lib/python3.10/site-packages/airflow/example_dags/plugins/event_listener.py for tasks to queue
[2024-07-15T10:02:27.981+0100] {logging_mixin.py:188} INFO - [2024-07-15T10:02:27.979+0100] {dagbag.py:545} INFO - Filling up the DagBag from /home/victor/airflow_env/lib/python3.10/site-packages/airflow/example_dags/plugins/event_listener.py
[2024-07-15T10:02:27.996+0100] {processor.py:842} WARNING - No viable dags retrieved from /home/victor/airflow_env/lib/python3.10/site-packages/airflow/example_dags/plugins/event_listener.py
[2024-07-15T10:02:28.093+0100] {processor.py:183} INFO - Processing /home/victor/airflow_env/lib/python3.10/site-packages/airflow/example_dags/plugins/event_listener.py took 0.155 seconds
[2024-07-15T10:03:41.700+0100] {processor.py:161} INFO - Started process (PID=16872) to work on /home/victor/airflow_env/lib/python3.10/site-packages/airflow/example_dags/plugins/event_listener.py
[2024-07-15T10:03:41.704+0100] {processor.py:830} INFO - Processing file /home/victor/airflow_env/lib/python3.10/site-packages/airflow/example_dags/plugins/event_listener.py for tasks to queue
[2024-07-15T10:03:41.711+0100] {logging_mixin.py:188} INFO - [2024-07-15T10:03:41.710+0100] {dagbag.py:545} INFO - Filling up the DagBag from /home/victor/airflow_env/lib/python3.10/site-packages/airflow/example_dags/plugins/event_listener.py
[2024-07-15T10:03:41.721+0100] {processor.py:842} WARNING - No viable dags retrieved from /home/victor/airflow_env/lib/python3.10/site-packages/airflow/example_dags/plugins/event_listener.py
[2024-07-15T10:03:41.784+0100] {processor.py:183} INFO - Processing /home/victor/airflow_env/lib/python3.10/site-packages/airflow/example_dags/plugins/event_listener.py took 0.110 seconds
[2024-07-15T10:04:53.129+0100] {processor.py:161} INFO - Started process (PID=17261) to work on /home/victor/airflow_env/lib/python3.10/site-packages/airflow/example_dags/plugins/event_listener.py
[2024-07-15T10:04:53.134+0100] {processor.py:830} INFO - Processing file /home/victor/airflow_env/lib/python3.10/site-packages/airflow/example_dags/plugins/event_listener.py for tasks to queue
[2024-07-15T10:04:53.141+0100] {logging_mixin.py:188} INFO - [2024-07-15T10:04:53.140+0100] {dagbag.py:545} INFO - Filling up the DagBag from /home/victor/airflow_env/lib/python3.10/site-packages/airflow/example_dags/plugins/event_listener.py
[2024-07-15T10:04:53.151+0100] {processor.py:842} WARNING - No viable dags retrieved from /home/victor/airflow_env/lib/python3.10/site-packages/airflow/example_dags/plugins/event_listener.py
[2024-07-15T10:04:53.223+0100] {processor.py:183} INFO - Processing /home/victor/airflow_env/lib/python3.10/site-packages/airflow/example_dags/plugins/event_listener.py took 0.123 seconds
[2024-07-15T10:06:19.040+0100] {processor.py:161} INFO - Started process (PID=17776) to work on /home/victor/airflow_env/lib/python3.10/site-packages/airflow/example_dags/plugins/event_listener.py
[2024-07-15T10:06:19.044+0100] {processor.py:830} INFO - Processing file /home/victor/airflow_env/lib/python3.10/site-packages/airflow/example_dags/plugins/event_listener.py for tasks to queue
[2024-07-15T10:06:19.052+0100] {logging_mixin.py:188} INFO - [2024-07-15T10:06:19.050+0100] {dagbag.py:545} INFO - Filling up the DagBag from /home/victor/airflow_env/lib/python3.10/site-packages/airflow/example_dags/plugins/event_listener.py
[2024-07-15T10:06:19.062+0100] {processor.py:842} WARNING - No viable dags retrieved from /home/victor/airflow_env/lib/python3.10/site-packages/airflow/example_dags/plugins/event_listener.py
[2024-07-15T10:06:19.148+0100] {processor.py:183} INFO - Processing /home/victor/airflow_env/lib/python3.10/site-packages/airflow/example_dags/plugins/event_listener.py took 0.137 seconds
[2024-07-15T10:07:55.767+0100] {processor.py:161} INFO - Started process (PID=18515) to work on /home/victor/airflow_env/lib/python3.10/site-packages/airflow/example_dags/plugins/event_listener.py
[2024-07-15T10:07:55.772+0100] {processor.py:830} INFO - Processing file /home/victor/airflow_env/lib/python3.10/site-packages/airflow/example_dags/plugins/event_listener.py for tasks to queue
[2024-07-15T10:07:55.779+0100] {logging_mixin.py:188} INFO - [2024-07-15T10:07:55.777+0100] {dagbag.py:545} INFO - Filling up the DagBag from /home/victor/airflow_env/lib/python3.10/site-packages/airflow/example_dags/plugins/event_listener.py
[2024-07-15T10:07:55.788+0100] {processor.py:842} WARNING - No viable dags retrieved from /home/victor/airflow_env/lib/python3.10/site-packages/airflow/example_dags/plugins/event_listener.py
[2024-07-15T10:07:55.861+0100] {processor.py:183} INFO - Processing /home/victor/airflow_env/lib/python3.10/site-packages/airflow/example_dags/plugins/event_listener.py took 0.119 seconds
[2024-07-15T10:09:23.070+0100] {processor.py:161} INFO - Started process (PID=19015) to work on /home/victor/airflow_env/lib/python3.10/site-packages/airflow/example_dags/plugins/event_listener.py
[2024-07-15T10:09:23.077+0100] {processor.py:830} INFO - Processing file /home/victor/airflow_env/lib/python3.10/site-packages/airflow/example_dags/plugins/event_listener.py for tasks to queue
[2024-07-15T10:09:23.084+0100] {logging_mixin.py:188} INFO - [2024-07-15T10:09:23.082+0100] {dagbag.py:545} INFO - Filling up the DagBag from /home/victor/airflow_env/lib/python3.10/site-packages/airflow/example_dags/plugins/event_listener.py
[2024-07-15T10:09:23.093+0100] {processor.py:842} WARNING - No viable dags retrieved from /home/victor/airflow_env/lib/python3.10/site-packages/airflow/example_dags/plugins/event_listener.py
[2024-07-15T10:09:23.157+0100] {processor.py:183} INFO - Processing /home/victor/airflow_env/lib/python3.10/site-packages/airflow/example_dags/plugins/event_listener.py took 0.114 seconds
[2024-07-15T10:10:55.135+0100] {processor.py:161} INFO - Started process (PID=19654) to work on /home/victor/airflow_env/lib/python3.10/site-packages/airflow/example_dags/plugins/event_listener.py
[2024-07-15T10:10:55.139+0100] {processor.py:830} INFO - Processing file /home/victor/airflow_env/lib/python3.10/site-packages/airflow/example_dags/plugins/event_listener.py for tasks to queue
[2024-07-15T10:10:55.147+0100] {logging_mixin.py:188} INFO - [2024-07-15T10:10:55.145+0100] {dagbag.py:545} INFO - Filling up the DagBag from /home/victor/airflow_env/lib/python3.10/site-packages/airflow/example_dags/plugins/event_listener.py
[2024-07-15T10:10:55.158+0100] {processor.py:842} WARNING - No viable dags retrieved from /home/victor/airflow_env/lib/python3.10/site-packages/airflow/example_dags/plugins/event_listener.py
[2024-07-15T10:10:55.232+0100] {processor.py:183} INFO - Processing /home/victor/airflow_env/lib/python3.10/site-packages/airflow/example_dags/plugins/event_listener.py took 0.129 seconds
[2024-07-15T10:12:21.484+0100] {processor.py:161} INFO - Started process (PID=20102) to work on /home/victor/airflow_env/lib/python3.10/site-packages/airflow/example_dags/plugins/event_listener.py
[2024-07-15T10:12:21.492+0100] {processor.py:830} INFO - Processing file /home/victor/airflow_env/lib/python3.10/site-packages/airflow/example_dags/plugins/event_listener.py for tasks to queue
[2024-07-15T10:12:21.506+0100] {logging_mixin.py:188} INFO - [2024-07-15T10:12:21.504+0100] {dagbag.py:545} INFO - Filling up the DagBag from /home/victor/airflow_env/lib/python3.10/site-packages/airflow/example_dags/plugins/event_listener.py
[2024-07-15T10:12:21.518+0100] {processor.py:842} WARNING - No viable dags retrieved from /home/victor/airflow_env/lib/python3.10/site-packages/airflow/example_dags/plugins/event_listener.py
[2024-07-15T10:12:21.616+0100] {processor.py:183} INFO - Processing /home/victor/airflow_env/lib/python3.10/site-packages/airflow/example_dags/plugins/event_listener.py took 0.181 seconds
[2024-07-15T10:13:44.335+0100] {processor.py:161} INFO - Started process (PID=20565) to work on /home/victor/airflow_env/lib/python3.10/site-packages/airflow/example_dags/plugins/event_listener.py
[2024-07-15T10:13:44.339+0100] {processor.py:830} INFO - Processing file /home/victor/airflow_env/lib/python3.10/site-packages/airflow/example_dags/plugins/event_listener.py for tasks to queue
[2024-07-15T10:13:44.351+0100] {logging_mixin.py:188} INFO - [2024-07-15T10:13:44.348+0100] {dagbag.py:545} INFO - Filling up the DagBag from /home/victor/airflow_env/lib/python3.10/site-packages/airflow/example_dags/plugins/event_listener.py
[2024-07-15T10:13:44.362+0100] {processor.py:842} WARNING - No viable dags retrieved from /home/victor/airflow_env/lib/python3.10/site-packages/airflow/example_dags/plugins/event_listener.py
[2024-07-15T10:13:44.455+0100] {processor.py:183} INFO - Processing /home/victor/airflow_env/lib/python3.10/site-packages/airflow/example_dags/plugins/event_listener.py took 0.153 seconds
[2024-07-15T10:15:11.264+0100] {processor.py:161} INFO - Started process (PID=21030) to work on /home/victor/airflow_env/lib/python3.10/site-packages/airflow/example_dags/plugins/event_listener.py
[2024-07-15T10:15:11.269+0100] {processor.py:830} INFO - Processing file /home/victor/airflow_env/lib/python3.10/site-packages/airflow/example_dags/plugins/event_listener.py for tasks to queue
[2024-07-15T10:15:11.283+0100] {logging_mixin.py:188} INFO - [2024-07-15T10:15:11.281+0100] {dagbag.py:545} INFO - Filling up the DagBag from /home/victor/airflow_env/lib/python3.10/site-packages/airflow/example_dags/plugins/event_listener.py
[2024-07-15T10:15:11.305+0100] {processor.py:842} WARNING - No viable dags retrieved from /home/victor/airflow_env/lib/python3.10/site-packages/airflow/example_dags/plugins/event_listener.py
[2024-07-15T10:15:11.430+0100] {processor.py:183} INFO - Processing /home/victor/airflow_env/lib/python3.10/site-packages/airflow/example_dags/plugins/event_listener.py took 0.226 seconds
[2024-07-15T10:16:41.964+0100] {processor.py:161} INFO - Started process (PID=21600) to work on /home/victor/airflow_env/lib/python3.10/site-packages/airflow/example_dags/plugins/event_listener.py
[2024-07-15T10:16:41.968+0100] {processor.py:830} INFO - Processing file /home/victor/airflow_env/lib/python3.10/site-packages/airflow/example_dags/plugins/event_listener.py for tasks to queue
[2024-07-15T10:16:41.976+0100] {logging_mixin.py:188} INFO - [2024-07-15T10:16:41.974+0100] {dagbag.py:545} INFO - Filling up the DagBag from /home/victor/airflow_env/lib/python3.10/site-packages/airflow/example_dags/plugins/event_listener.py
[2024-07-15T10:16:41.987+0100] {processor.py:842} WARNING - No viable dags retrieved from /home/victor/airflow_env/lib/python3.10/site-packages/airflow/example_dags/plugins/event_listener.py
[2024-07-15T10:16:42.081+0100] {processor.py:183} INFO - Processing /home/victor/airflow_env/lib/python3.10/site-packages/airflow/example_dags/plugins/event_listener.py took 0.143 seconds
[2024-07-15T10:18:05.090+0100] {processor.py:161} INFO - Started process (PID=22153) to work on /home/victor/airflow_env/lib/python3.10/site-packages/airflow/example_dags/plugins/event_listener.py
[2024-07-15T10:18:05.094+0100] {processor.py:830} INFO - Processing file /home/victor/airflow_env/lib/python3.10/site-packages/airflow/example_dags/plugins/event_listener.py for tasks to queue
[2024-07-15T10:18:05.102+0100] {logging_mixin.py:188} INFO - [2024-07-15T10:18:05.100+0100] {dagbag.py:545} INFO - Filling up the DagBag from /home/victor/airflow_env/lib/python3.10/site-packages/airflow/example_dags/plugins/event_listener.py
[2024-07-15T10:18:05.111+0100] {processor.py:842} WARNING - No viable dags retrieved from /home/victor/airflow_env/lib/python3.10/site-packages/airflow/example_dags/plugins/event_listener.py
[2024-07-15T10:18:05.178+0100] {processor.py:183} INFO - Processing /home/victor/airflow_env/lib/python3.10/site-packages/airflow/example_dags/plugins/event_listener.py took 0.113 seconds
[2024-07-15T10:19:38.719+0100] {processor.py:161} INFO - Started process (PID=22772) to work on /home/victor/airflow_env/lib/python3.10/site-packages/airflow/example_dags/plugins/event_listener.py
[2024-07-15T10:19:38.722+0100] {processor.py:830} INFO - Processing file /home/victor/airflow_env/lib/python3.10/site-packages/airflow/example_dags/plugins/event_listener.py for tasks to queue
[2024-07-15T10:19:38.730+0100] {logging_mixin.py:188} INFO - [2024-07-15T10:19:38.728+0100] {dagbag.py:545} INFO - Filling up the DagBag from /home/victor/airflow_env/lib/python3.10/site-packages/airflow/example_dags/plugins/event_listener.py
[2024-07-15T10:19:38.738+0100] {processor.py:842} WARNING - No viable dags retrieved from /home/victor/airflow_env/lib/python3.10/site-packages/airflow/example_dags/plugins/event_listener.py
[2024-07-15T10:19:38.808+0100] {processor.py:183} INFO - Processing /home/victor/airflow_env/lib/python3.10/site-packages/airflow/example_dags/plugins/event_listener.py took 0.115 seconds
[2024-07-15T10:21:38.183+0100] {processor.py:161} INFO - Started process (PID=23616) to work on /home/victor/airflow_env/lib/python3.10/site-packages/airflow/example_dags/plugins/event_listener.py
[2024-07-15T10:21:38.189+0100] {processor.py:830} INFO - Processing file /home/victor/airflow_env/lib/python3.10/site-packages/airflow/example_dags/plugins/event_listener.py for tasks to queue
[2024-07-15T10:21:38.202+0100] {logging_mixin.py:188} INFO - [2024-07-15T10:21:38.200+0100] {dagbag.py:545} INFO - Filling up the DagBag from /home/victor/airflow_env/lib/python3.10/site-packages/airflow/example_dags/plugins/event_listener.py
[2024-07-15T10:21:38.221+0100] {processor.py:842} WARNING - No viable dags retrieved from /home/victor/airflow_env/lib/python3.10/site-packages/airflow/example_dags/plugins/event_listener.py
[2024-07-15T10:21:38.365+0100] {processor.py:183} INFO - Processing /home/victor/airflow_env/lib/python3.10/site-packages/airflow/example_dags/plugins/event_listener.py took 0.223 seconds
[2024-07-15T10:23:40.935+0100] {processor.py:161} INFO - Started process (PID=24765) to work on /home/victor/airflow_env/lib/python3.10/site-packages/airflow/example_dags/plugins/event_listener.py
[2024-07-15T10:23:40.939+0100] {processor.py:830} INFO - Processing file /home/victor/airflow_env/lib/python3.10/site-packages/airflow/example_dags/plugins/event_listener.py for tasks to queue
[2024-07-15T10:23:40.946+0100] {logging_mixin.py:188} INFO - [2024-07-15T10:23:40.945+0100] {dagbag.py:545} INFO - Filling up the DagBag from /home/victor/airflow_env/lib/python3.10/site-packages/airflow/example_dags/plugins/event_listener.py
[2024-07-15T10:23:40.956+0100] {processor.py:842} WARNING - No viable dags retrieved from /home/victor/airflow_env/lib/python3.10/site-packages/airflow/example_dags/plugins/event_listener.py
[2024-07-15T10:23:41.042+0100] {processor.py:183} INFO - Processing /home/victor/airflow_env/lib/python3.10/site-packages/airflow/example_dags/plugins/event_listener.py took 0.143 seconds
[2024-07-15T10:25:31.783+0100] {processor.py:161} INFO - Started process (PID=25449) to work on /home/victor/airflow_env/lib/python3.10/site-packages/airflow/example_dags/plugins/event_listener.py
[2024-07-15T10:25:31.786+0100] {processor.py:830} INFO - Processing file /home/victor/airflow_env/lib/python3.10/site-packages/airflow/example_dags/plugins/event_listener.py for tasks to queue
[2024-07-15T10:25:31.794+0100] {logging_mixin.py:188} INFO - [2024-07-15T10:25:31.792+0100] {dagbag.py:545} INFO - Filling up the DagBag from /home/victor/airflow_env/lib/python3.10/site-packages/airflow/example_dags/plugins/event_listener.py
[2024-07-15T10:25:31.804+0100] {processor.py:842} WARNING - No viable dags retrieved from /home/victor/airflow_env/lib/python3.10/site-packages/airflow/example_dags/plugins/event_listener.py
[2024-07-15T10:25:31.887+0100] {processor.py:183} INFO - Processing /home/victor/airflow_env/lib/python3.10/site-packages/airflow/example_dags/plugins/event_listener.py took 0.130 seconds
[2024-07-15T10:27:13.263+0100] {processor.py:161} INFO - Started process (PID=26219) to work on /home/victor/airflow_env/lib/python3.10/site-packages/airflow/example_dags/plugins/event_listener.py
[2024-07-15T10:27:13.279+0100] {processor.py:830} INFO - Processing file /home/victor/airflow_env/lib/python3.10/site-packages/airflow/example_dags/plugins/event_listener.py for tasks to queue
[2024-07-15T10:27:13.295+0100] {logging_mixin.py:188} INFO - [2024-07-15T10:27:13.292+0100] {dagbag.py:545} INFO - Filling up the DagBag from /home/victor/airflow_env/lib/python3.10/site-packages/airflow/example_dags/plugins/event_listener.py
[2024-07-15T10:27:13.353+0100] {processor.py:842} WARNING - No viable dags retrieved from /home/victor/airflow_env/lib/python3.10/site-packages/airflow/example_dags/plugins/event_listener.py
[2024-07-15T10:27:13.678+0100] {processor.py:183} INFO - Processing /home/victor/airflow_env/lib/python3.10/site-packages/airflow/example_dags/plugins/event_listener.py took 0.570 seconds
[2024-07-15T10:28:50.641+0100] {processor.py:161} INFO - Started process (PID=26752) to work on /home/victor/airflow_env/lib/python3.10/site-packages/airflow/example_dags/plugins/event_listener.py
[2024-07-15T10:28:50.645+0100] {processor.py:830} INFO - Processing file /home/victor/airflow_env/lib/python3.10/site-packages/airflow/example_dags/plugins/event_listener.py for tasks to queue
[2024-07-15T10:28:50.652+0100] {logging_mixin.py:188} INFO - [2024-07-15T10:28:50.651+0100] {dagbag.py:545} INFO - Filling up the DagBag from /home/victor/airflow_env/lib/python3.10/site-packages/airflow/example_dags/plugins/event_listener.py
[2024-07-15T10:28:50.663+0100] {processor.py:842} WARNING - No viable dags retrieved from /home/victor/airflow_env/lib/python3.10/site-packages/airflow/example_dags/plugins/event_listener.py
[2024-07-15T10:28:50.729+0100] {processor.py:183} INFO - Processing /home/victor/airflow_env/lib/python3.10/site-packages/airflow/example_dags/plugins/event_listener.py took 0.115 seconds
[2024-07-15T10:30:06.755+0100] {processor.py:161} INFO - Started process (PID=27164) to work on /home/victor/airflow_env/lib/python3.10/site-packages/airflow/example_dags/plugins/event_listener.py
[2024-07-15T10:30:06.759+0100] {processor.py:830} INFO - Processing file /home/victor/airflow_env/lib/python3.10/site-packages/airflow/example_dags/plugins/event_listener.py for tasks to queue
[2024-07-15T10:30:06.766+0100] {logging_mixin.py:188} INFO - [2024-07-15T10:30:06.764+0100] {dagbag.py:545} INFO - Filling up the DagBag from /home/victor/airflow_env/lib/python3.10/site-packages/airflow/example_dags/plugins/event_listener.py
[2024-07-15T10:30:06.775+0100] {processor.py:842} WARNING - No viable dags retrieved from /home/victor/airflow_env/lib/python3.10/site-packages/airflow/example_dags/plugins/event_listener.py
[2024-07-15T10:30:06.847+0100] {processor.py:183} INFO - Processing /home/victor/airflow_env/lib/python3.10/site-packages/airflow/example_dags/plugins/event_listener.py took 0.118 seconds
[2024-07-15T10:31:25.556+0100] {processor.py:161} INFO - Started process (PID=27569) to work on /home/victor/airflow_env/lib/python3.10/site-packages/airflow/example_dags/plugins/event_listener.py
[2024-07-15T10:31:25.562+0100] {processor.py:830} INFO - Processing file /home/victor/airflow_env/lib/python3.10/site-packages/airflow/example_dags/plugins/event_listener.py for tasks to queue
[2024-07-15T10:31:25.572+0100] {logging_mixin.py:188} INFO - [2024-07-15T10:31:25.569+0100] {dagbag.py:545} INFO - Filling up the DagBag from /home/victor/airflow_env/lib/python3.10/site-packages/airflow/example_dags/plugins/event_listener.py
[2024-07-15T10:31:25.585+0100] {processor.py:842} WARNING - No viable dags retrieved from /home/victor/airflow_env/lib/python3.10/site-packages/airflow/example_dags/plugins/event_listener.py
[2024-07-15T10:31:25.701+0100] {processor.py:183} INFO - Processing /home/victor/airflow_env/lib/python3.10/site-packages/airflow/example_dags/plugins/event_listener.py took 0.180 seconds
[2024-07-15T10:32:51.243+0100] {processor.py:161} INFO - Started process (PID=28042) to work on /home/victor/airflow_env/lib/python3.10/site-packages/airflow/example_dags/plugins/event_listener.py
[2024-07-15T10:32:51.247+0100] {processor.py:830} INFO - Processing file /home/victor/airflow_env/lib/python3.10/site-packages/airflow/example_dags/plugins/event_listener.py for tasks to queue
[2024-07-15T10:32:51.261+0100] {logging_mixin.py:188} INFO - [2024-07-15T10:32:51.260+0100] {dagbag.py:545} INFO - Filling up the DagBag from /home/victor/airflow_env/lib/python3.10/site-packages/airflow/example_dags/plugins/event_listener.py
[2024-07-15T10:32:51.273+0100] {processor.py:842} WARNING - No viable dags retrieved from /home/victor/airflow_env/lib/python3.10/site-packages/airflow/example_dags/plugins/event_listener.py
[2024-07-15T10:32:51.363+0100] {processor.py:183} INFO - Processing /home/victor/airflow_env/lib/python3.10/site-packages/airflow/example_dags/plugins/event_listener.py took 0.147 seconds
[2024-07-15T10:34:24.835+0100] {processor.py:161} INFO - Started process (PID=28763) to work on /home/victor/airflow_env/lib/python3.10/site-packages/airflow/example_dags/plugins/event_listener.py
[2024-07-15T10:34:24.841+0100] {processor.py:830} INFO - Processing file /home/victor/airflow_env/lib/python3.10/site-packages/airflow/example_dags/plugins/event_listener.py for tasks to queue
[2024-07-15T10:34:24.850+0100] {logging_mixin.py:188} INFO - [2024-07-15T10:34:24.849+0100] {dagbag.py:545} INFO - Filling up the DagBag from /home/victor/airflow_env/lib/python3.10/site-packages/airflow/example_dags/plugins/event_listener.py
[2024-07-15T10:34:24.863+0100] {processor.py:842} WARNING - No viable dags retrieved from /home/victor/airflow_env/lib/python3.10/site-packages/airflow/example_dags/plugins/event_listener.py
[2024-07-15T10:34:24.938+0100] {processor.py:183} INFO - Processing /home/victor/airflow_env/lib/python3.10/site-packages/airflow/example_dags/plugins/event_listener.py took 0.135 seconds
[2024-07-15T10:35:43.995+0100] {processor.py:161} INFO - Started process (PID=29173) to work on /home/victor/airflow_env/lib/python3.10/site-packages/airflow/example_dags/plugins/event_listener.py
[2024-07-15T10:35:43.999+0100] {processor.py:830} INFO - Processing file /home/victor/airflow_env/lib/python3.10/site-packages/airflow/example_dags/plugins/event_listener.py for tasks to queue
[2024-07-15T10:35:44.006+0100] {logging_mixin.py:188} INFO - [2024-07-15T10:35:44.005+0100] {dagbag.py:545} INFO - Filling up the DagBag from /home/victor/airflow_env/lib/python3.10/site-packages/airflow/example_dags/plugins/event_listener.py
[2024-07-15T10:35:44.019+0100] {processor.py:842} WARNING - No viable dags retrieved from /home/victor/airflow_env/lib/python3.10/site-packages/airflow/example_dags/plugins/event_listener.py
[2024-07-15T10:35:44.104+0100] {processor.py:183} INFO - Processing /home/victor/airflow_env/lib/python3.10/site-packages/airflow/example_dags/plugins/event_listener.py took 0.136 seconds
[2024-07-15T10:37:07.575+0100] {processor.py:161} INFO - Started process (PID=29663) to work on /home/victor/airflow_env/lib/python3.10/site-packages/airflow/example_dags/plugins/event_listener.py
[2024-07-15T10:37:07.583+0100] {processor.py:830} INFO - Processing file /home/victor/airflow_env/lib/python3.10/site-packages/airflow/example_dags/plugins/event_listener.py for tasks to queue
[2024-07-15T10:37:07.591+0100] {logging_mixin.py:188} INFO - [2024-07-15T10:37:07.589+0100] {dagbag.py:545} INFO - Filling up the DagBag from /home/victor/airflow_env/lib/python3.10/site-packages/airflow/example_dags/plugins/event_listener.py
[2024-07-15T10:37:07.602+0100] {processor.py:842} WARNING - No viable dags retrieved from /home/victor/airflow_env/lib/python3.10/site-packages/airflow/example_dags/plugins/event_listener.py
[2024-07-15T10:37:07.671+0100] {processor.py:183} INFO - Processing /home/victor/airflow_env/lib/python3.10/site-packages/airflow/example_dags/plugins/event_listener.py took 0.131 seconds
[2024-07-15T10:38:36.297+0100] {processor.py:161} INFO - Started process (PID=30167) to work on /home/victor/airflow_env/lib/python3.10/site-packages/airflow/example_dags/plugins/event_listener.py
[2024-07-15T10:38:36.302+0100] {processor.py:830} INFO - Processing file /home/victor/airflow_env/lib/python3.10/site-packages/airflow/example_dags/plugins/event_listener.py for tasks to queue
[2024-07-15T10:38:36.311+0100] {logging_mixin.py:188} INFO - [2024-07-15T10:38:36.309+0100] {dagbag.py:545} INFO - Filling up the DagBag from /home/victor/airflow_env/lib/python3.10/site-packages/airflow/example_dags/plugins/event_listener.py
[2024-07-15T10:38:36.320+0100] {processor.py:842} WARNING - No viable dags retrieved from /home/victor/airflow_env/lib/python3.10/site-packages/airflow/example_dags/plugins/event_listener.py
[2024-07-15T10:38:36.397+0100] {processor.py:183} INFO - Processing /home/victor/airflow_env/lib/python3.10/site-packages/airflow/example_dags/plugins/event_listener.py took 0.126 seconds
[2024-07-15T10:39:49.445+0100] {processor.py:161} INFO - Started process (PID=30545) to work on /home/victor/airflow_env/lib/python3.10/site-packages/airflow/example_dags/plugins/event_listener.py
[2024-07-15T10:39:49.449+0100] {processor.py:830} INFO - Processing file /home/victor/airflow_env/lib/python3.10/site-packages/airflow/example_dags/plugins/event_listener.py for tasks to queue
[2024-07-15T10:39:49.456+0100] {logging_mixin.py:188} INFO - [2024-07-15T10:39:49.454+0100] {dagbag.py:545} INFO - Filling up the DagBag from /home/victor/airflow_env/lib/python3.10/site-packages/airflow/example_dags/plugins/event_listener.py
[2024-07-15T10:39:49.466+0100] {processor.py:842} WARNING - No viable dags retrieved from /home/victor/airflow_env/lib/python3.10/site-packages/airflow/example_dags/plugins/event_listener.py
[2024-07-15T10:39:49.530+0100] {processor.py:183} INFO - Processing /home/victor/airflow_env/lib/python3.10/site-packages/airflow/example_dags/plugins/event_listener.py took 0.110 seconds
[2024-07-15T10:41:03.272+0100] {processor.py:161} INFO - Started process (PID=30926) to work on /home/victor/airflow_env/lib/python3.10/site-packages/airflow/example_dags/plugins/event_listener.py
[2024-07-15T10:41:03.276+0100] {processor.py:830} INFO - Processing file /home/victor/airflow_env/lib/python3.10/site-packages/airflow/example_dags/plugins/event_listener.py for tasks to queue
[2024-07-15T10:41:03.283+0100] {logging_mixin.py:188} INFO - [2024-07-15T10:41:03.281+0100] {dagbag.py:545} INFO - Filling up the DagBag from /home/victor/airflow_env/lib/python3.10/site-packages/airflow/example_dags/plugins/event_listener.py
[2024-07-15T10:41:03.292+0100] {processor.py:842} WARNING - No viable dags retrieved from /home/victor/airflow_env/lib/python3.10/site-packages/airflow/example_dags/plugins/event_listener.py
[2024-07-15T10:41:03.357+0100] {processor.py:183} INFO - Processing /home/victor/airflow_env/lib/python3.10/site-packages/airflow/example_dags/plugins/event_listener.py took 0.111 seconds
[2024-07-15T10:42:20.510+0100] {processor.py:161} INFO - Started process (PID=31325) to work on /home/victor/airflow_env/lib/python3.10/site-packages/airflow/example_dags/plugins/event_listener.py
[2024-07-15T10:42:20.514+0100] {processor.py:830} INFO - Processing file /home/victor/airflow_env/lib/python3.10/site-packages/airflow/example_dags/plugins/event_listener.py for tasks to queue
[2024-07-15T10:42:20.522+0100] {logging_mixin.py:188} INFO - [2024-07-15T10:42:20.520+0100] {dagbag.py:545} INFO - Filling up the DagBag from /home/victor/airflow_env/lib/python3.10/site-packages/airflow/example_dags/plugins/event_listener.py
[2024-07-15T10:42:20.531+0100] {processor.py:842} WARNING - No viable dags retrieved from /home/victor/airflow_env/lib/python3.10/site-packages/airflow/example_dags/plugins/event_listener.py
[2024-07-15T10:42:20.600+0100] {processor.py:183} INFO - Processing /home/victor/airflow_env/lib/python3.10/site-packages/airflow/example_dags/plugins/event_listener.py took 0.120 seconds
[2024-07-15T10:43:39.361+0100] {processor.py:161} INFO - Started process (PID=31761) to work on /home/victor/airflow_env/lib/python3.10/site-packages/airflow/example_dags/plugins/event_listener.py
[2024-07-15T10:43:39.365+0100] {processor.py:830} INFO - Processing file /home/victor/airflow_env/lib/python3.10/site-packages/airflow/example_dags/plugins/event_listener.py for tasks to queue
[2024-07-15T10:43:39.372+0100] {logging_mixin.py:188} INFO - [2024-07-15T10:43:39.370+0100] {dagbag.py:545} INFO - Filling up the DagBag from /home/victor/airflow_env/lib/python3.10/site-packages/airflow/example_dags/plugins/event_listener.py
[2024-07-15T10:43:39.381+0100] {processor.py:842} WARNING - No viable dags retrieved from /home/victor/airflow_env/lib/python3.10/site-packages/airflow/example_dags/plugins/event_listener.py
[2024-07-15T10:43:39.452+0100] {processor.py:183} INFO - Processing /home/victor/airflow_env/lib/python3.10/site-packages/airflow/example_dags/plugins/event_listener.py took 0.117 seconds
[2024-07-15T10:44:53.229+0100] {processor.py:161} INFO - Started process (PID=32144) to work on /home/victor/airflow_env/lib/python3.10/site-packages/airflow/example_dags/plugins/event_listener.py
[2024-07-15T10:44:53.233+0100] {processor.py:830} INFO - Processing file /home/victor/airflow_env/lib/python3.10/site-packages/airflow/example_dags/plugins/event_listener.py for tasks to queue
[2024-07-15T10:44:53.240+0100] {logging_mixin.py:188} INFO - [2024-07-15T10:44:53.238+0100] {dagbag.py:545} INFO - Filling up the DagBag from /home/victor/airflow_env/lib/python3.10/site-packages/airflow/example_dags/plugins/event_listener.py
[2024-07-15T10:44:53.249+0100] {processor.py:842} WARNING - No viable dags retrieved from /home/victor/airflow_env/lib/python3.10/site-packages/airflow/example_dags/plugins/event_listener.py
[2024-07-15T10:44:53.314+0100] {processor.py:183} INFO - Processing /home/victor/airflow_env/lib/python3.10/site-packages/airflow/example_dags/plugins/event_listener.py took 0.112 seconds
[2024-07-15T10:46:02.492+0100] {processor.py:161} INFO - Started process (PID=32500) to work on /home/victor/airflow_env/lib/python3.10/site-packages/airflow/example_dags/plugins/event_listener.py
[2024-07-15T10:46:02.497+0100] {processor.py:830} INFO - Processing file /home/victor/airflow_env/lib/python3.10/site-packages/airflow/example_dags/plugins/event_listener.py for tasks to queue
[2024-07-15T10:46:02.504+0100] {logging_mixin.py:188} INFO - [2024-07-15T10:46:02.502+0100] {dagbag.py:545} INFO - Filling up the DagBag from /home/victor/airflow_env/lib/python3.10/site-packages/airflow/example_dags/plugins/event_listener.py
[2024-07-15T10:46:02.513+0100] {processor.py:842} WARNING - No viable dags retrieved from /home/victor/airflow_env/lib/python3.10/site-packages/airflow/example_dags/plugins/event_listener.py
[2024-07-15T10:46:02.576+0100] {processor.py:183} INFO - Processing /home/victor/airflow_env/lib/python3.10/site-packages/airflow/example_dags/plugins/event_listener.py took 0.109 seconds
[2024-07-15T10:47:22.129+0100] {processor.py:161} INFO - Started process (PID=32913) to work on /home/victor/airflow_env/lib/python3.10/site-packages/airflow/example_dags/plugins/event_listener.py
[2024-07-15T10:47:22.160+0100] {processor.py:830} INFO - Processing file /home/victor/airflow_env/lib/python3.10/site-packages/airflow/example_dags/plugins/event_listener.py for tasks to queue
[2024-07-15T10:47:22.178+0100] {logging_mixin.py:188} INFO - [2024-07-15T10:47:22.176+0100] {dagbag.py:545} INFO - Filling up the DagBag from /home/victor/airflow_env/lib/python3.10/site-packages/airflow/example_dags/plugins/event_listener.py
[2024-07-15T10:47:22.199+0100] {processor.py:842} WARNING - No viable dags retrieved from /home/victor/airflow_env/lib/python3.10/site-packages/airflow/example_dags/plugins/event_listener.py
[2024-07-15T10:47:22.312+0100] {processor.py:183} INFO - Processing /home/victor/airflow_env/lib/python3.10/site-packages/airflow/example_dags/plugins/event_listener.py took 0.275 seconds
[2024-07-15T10:48:43.183+0100] {processor.py:161} INFO - Started process (PID=33362) to work on /home/victor/airflow_env/lib/python3.10/site-packages/airflow/example_dags/plugins/event_listener.py
[2024-07-15T10:48:43.188+0100] {processor.py:830} INFO - Processing file /home/victor/airflow_env/lib/python3.10/site-packages/airflow/example_dags/plugins/event_listener.py for tasks to queue
[2024-07-15T10:48:43.202+0100] {logging_mixin.py:188} INFO - [2024-07-15T10:48:43.200+0100] {dagbag.py:545} INFO - Filling up the DagBag from /home/victor/airflow_env/lib/python3.10/site-packages/airflow/example_dags/plugins/event_listener.py
[2024-07-15T10:48:43.220+0100] {processor.py:842} WARNING - No viable dags retrieved from /home/victor/airflow_env/lib/python3.10/site-packages/airflow/example_dags/plugins/event_listener.py
[2024-07-15T10:48:43.314+0100] {processor.py:183} INFO - Processing /home/victor/airflow_env/lib/python3.10/site-packages/airflow/example_dags/plugins/event_listener.py took 0.175 seconds
[2024-07-15T10:50:19.555+0100] {processor.py:161} INFO - Started process (PID=34094) to work on /home/victor/airflow_env/lib/python3.10/site-packages/airflow/example_dags/plugins/event_listener.py
[2024-07-15T10:50:19.559+0100] {processor.py:830} INFO - Processing file /home/victor/airflow_env/lib/python3.10/site-packages/airflow/example_dags/plugins/event_listener.py for tasks to queue
[2024-07-15T10:50:19.566+0100] {logging_mixin.py:188} INFO - [2024-07-15T10:50:19.565+0100] {dagbag.py:545} INFO - Filling up the DagBag from /home/victor/airflow_env/lib/python3.10/site-packages/airflow/example_dags/plugins/event_listener.py
[2024-07-15T10:50:19.576+0100] {processor.py:842} WARNING - No viable dags retrieved from /home/victor/airflow_env/lib/python3.10/site-packages/airflow/example_dags/plugins/event_listener.py
[2024-07-15T10:50:19.676+0100] {processor.py:183} INFO - Processing /home/victor/airflow_env/lib/python3.10/site-packages/airflow/example_dags/plugins/event_listener.py took 0.149 seconds
