[2024-07-15T09:47:21.000+0100] {processor.py:161} INFO - Started process (PID=9658) to work on /home/victor/airflow_env/lib/python3.10/site-packages/airflow/example_dags/plugins/workday.py
[2024-07-15T09:47:21.005+0100] {processor.py:830} INFO - Processing file /home/victor/airflow_env/lib/python3.10/site-packages/airflow/example_dags/plugins/workday.py for tasks to queue
[2024-07-15T09:47:21.015+0100] {logging_mixin.py:188} INFO - [2024-07-15T09:47:21.013+0100] {dagbag.py:545} INFO - Filling up the DagBag from /home/victor/airflow_env/lib/python3.10/site-packages/airflow/example_dags/plugins/workday.py
[2024-07-15T09:47:21.035+0100] {logging_mixin.py:188} INFO - [2024-07-15T09:47:21.034+0100] {workday.py:41} WARNING - Could not import pandas. Holidays will not be considered.
[2024-07-15T09:47:21.038+0100] {processor.py:842} WARNING - No viable dags retrieved from /home/victor/airflow_env/lib/python3.10/site-packages/airflow/example_dags/plugins/workday.py
[2024-07-15T09:47:21.143+0100] {processor.py:183} INFO - Processing /home/victor/airflow_env/lib/python3.10/site-packages/airflow/example_dags/plugins/workday.py took 0.180 seconds
[2024-07-15T09:49:58.865+0100] {processor.py:161} INFO - Started process (PID=11049) to work on /home/victor/airflow_env/lib/python3.10/site-packages/airflow/example_dags/plugins/workday.py
[2024-07-15T09:49:58.868+0100] {processor.py:830} INFO - Processing file /home/victor/airflow_env/lib/python3.10/site-packages/airflow/example_dags/plugins/workday.py for tasks to queue
[2024-07-15T09:49:58.876+0100] {logging_mixin.py:188} INFO - [2024-07-15T09:49:58.875+0100] {dagbag.py:545} INFO - Filling up the DagBag from /home/victor/airflow_env/lib/python3.10/site-packages/airflow/example_dags/plugins/workday.py
[2024-07-15T09:49:58.889+0100] {logging_mixin.py:188} INFO - [2024-07-15T09:49:58.888+0100] {workday.py:41} WARNING - Could not import pandas. Holidays will not be considered.
[2024-07-15T09:49:58.891+0100] {processor.py:842} WARNING - No viable dags retrieved from /home/victor/airflow_env/lib/python3.10/site-packages/airflow/example_dags/plugins/workday.py
[2024-07-15T09:49:58.956+0100] {processor.py:183} INFO - Processing /home/victor/airflow_env/lib/python3.10/site-packages/airflow/example_dags/plugins/workday.py took 0.115 seconds
[2024-07-15T09:51:17.887+0100] {processor.py:161} INFO - Started process (PID=11461) to work on /home/victor/airflow_env/lib/python3.10/site-packages/airflow/example_dags/plugins/workday.py
[2024-07-15T09:51:17.891+0100] {processor.py:830} INFO - Processing file /home/victor/airflow_env/lib/python3.10/site-packages/airflow/example_dags/plugins/workday.py for tasks to queue
[2024-07-15T09:51:17.899+0100] {logging_mixin.py:188} INFO - [2024-07-15T09:51:17.897+0100] {dagbag.py:545} INFO - Filling up the DagBag from /home/victor/airflow_env/lib/python3.10/site-packages/airflow/example_dags/plugins/workday.py
[2024-07-15T09:51:17.912+0100] {logging_mixin.py:188} INFO - [2024-07-15T09:51:17.911+0100] {workday.py:41} WARNING - Could not import pandas. Holidays will not be considered.
[2024-07-15T09:51:17.915+0100] {processor.py:842} WARNING - No viable dags retrieved from /home/victor/airflow_env/lib/python3.10/site-packages/airflow/example_dags/plugins/workday.py
[2024-07-15T09:51:17.982+0100] {processor.py:183} INFO - Processing /home/victor/airflow_env/lib/python3.10/site-packages/airflow/example_dags/plugins/workday.py took 0.119 seconds
[2024-07-15T09:52:45.925+0100] {processor.py:161} INFO - Started process (PID=12068) to work on /home/victor/airflow_env/lib/python3.10/site-packages/airflow/example_dags/plugins/workday.py
[2024-07-15T09:52:45.930+0100] {processor.py:830} INFO - Processing file /home/victor/airflow_env/lib/python3.10/site-packages/airflow/example_dags/plugins/workday.py for tasks to queue
[2024-07-15T09:52:45.943+0100] {logging_mixin.py:188} INFO - [2024-07-15T09:52:45.940+0100] {dagbag.py:545} INFO - Filling up the DagBag from /home/victor/airflow_env/lib/python3.10/site-packages/airflow/example_dags/plugins/workday.py
[2024-07-15T09:52:45.976+0100] {logging_mixin.py:188} INFO - [2024-07-15T09:52:45.974+0100] {workday.py:41} WARNING - Could not import pandas. Holidays will not be considered.
[2024-07-15T09:52:45.979+0100] {processor.py:842} WARNING - No viable dags retrieved from /home/victor/airflow_env/lib/python3.10/site-packages/airflow/example_dags/plugins/workday.py
[2024-07-15T09:52:46.096+0100] {processor.py:183} INFO - Processing /home/victor/airflow_env/lib/python3.10/site-packages/airflow/example_dags/plugins/workday.py took 0.203 seconds
[2024-07-15T09:54:59.437+0100] {processor.py:161} INFO - Started process (PID=12954) to work on /home/victor/airflow_env/lib/python3.10/site-packages/airflow/example_dags/plugins/workday.py
[2024-07-15T09:54:59.441+0100] {processor.py:830} INFO - Processing file /home/victor/airflow_env/lib/python3.10/site-packages/airflow/example_dags/plugins/workday.py for tasks to queue
[2024-07-15T09:54:59.449+0100] {logging_mixin.py:188} INFO - [2024-07-15T09:54:59.447+0100] {dagbag.py:545} INFO - Filling up the DagBag from /home/victor/airflow_env/lib/python3.10/site-packages/airflow/example_dags/plugins/workday.py
[2024-07-15T09:54:59.464+0100] {logging_mixin.py:188} INFO - [2024-07-15T09:54:59.464+0100] {workday.py:41} WARNING - Could not import pandas. Holidays will not be considered.
[2024-07-15T09:54:59.466+0100] {processor.py:842} WARNING - No viable dags retrieved from /home/victor/airflow_env/lib/python3.10/site-packages/airflow/example_dags/plugins/workday.py
[2024-07-15T09:54:59.553+0100] {processor.py:183} INFO - Processing /home/victor/airflow_env/lib/python3.10/site-packages/airflow/example_dags/plugins/workday.py took 0.146 seconds
[2024-07-15T09:56:30.333+0100] {processor.py:161} INFO - Started process (PID=13730) to work on /home/victor/airflow_env/lib/python3.10/site-packages/airflow/example_dags/plugins/workday.py
[2024-07-15T09:56:30.337+0100] {processor.py:830} INFO - Processing file /home/victor/airflow_env/lib/python3.10/site-packages/airflow/example_dags/plugins/workday.py for tasks to queue
[2024-07-15T09:56:30.346+0100] {logging_mixin.py:188} INFO - [2024-07-15T09:56:30.344+0100] {dagbag.py:545} INFO - Filling up the DagBag from /home/victor/airflow_env/lib/python3.10/site-packages/airflow/example_dags/plugins/workday.py
[2024-07-15T09:56:30.361+0100] {logging_mixin.py:188} INFO - [2024-07-15T09:56:30.360+0100] {workday.py:41} WARNING - Could not import pandas. Holidays will not be considered.
[2024-07-15T09:56:30.363+0100] {processor.py:842} WARNING - No viable dags retrieved from /home/victor/airflow_env/lib/python3.10/site-packages/airflow/example_dags/plugins/workday.py
[2024-07-15T09:56:30.457+0100] {processor.py:183} INFO - Processing /home/victor/airflow_env/lib/python3.10/site-packages/airflow/example_dags/plugins/workday.py took 0.152 seconds
[2024-07-15T09:58:07.196+0100] {processor.py:161} INFO - Started process (PID=14388) to work on /home/victor/airflow_env/lib/python3.10/site-packages/airflow/example_dags/plugins/workday.py
[2024-07-15T09:58:07.200+0100] {processor.py:830} INFO - Processing file /home/victor/airflow_env/lib/python3.10/site-packages/airflow/example_dags/plugins/workday.py for tasks to queue
[2024-07-15T09:58:07.208+0100] {logging_mixin.py:188} INFO - [2024-07-15T09:58:07.206+0100] {dagbag.py:545} INFO - Filling up the DagBag from /home/victor/airflow_env/lib/python3.10/site-packages/airflow/example_dags/plugins/workday.py
[2024-07-15T09:58:07.224+0100] {logging_mixin.py:188} INFO - [2024-07-15T09:58:07.223+0100] {workday.py:41} WARNING - Could not import pandas. Holidays will not be considered.
[2024-07-15T09:58:07.226+0100] {processor.py:842} WARNING - No viable dags retrieved from /home/victor/airflow_env/lib/python3.10/site-packages/airflow/example_dags/plugins/workday.py
[2024-07-15T09:58:07.302+0100] {processor.py:183} INFO - Processing /home/victor/airflow_env/lib/python3.10/site-packages/airflow/example_dags/plugins/workday.py took 0.134 seconds
[2024-07-15T09:59:39.410+0100] {processor.py:161} INFO - Started process (PID=14894) to work on /home/victor/airflow_env/lib/python3.10/site-packages/airflow/example_dags/plugins/workday.py
[2024-07-15T09:59:39.414+0100] {processor.py:830} INFO - Processing file /home/victor/airflow_env/lib/python3.10/site-packages/airflow/example_dags/plugins/workday.py for tasks to queue
[2024-07-15T09:59:39.421+0100] {logging_mixin.py:188} INFO - [2024-07-15T09:59:39.420+0100] {dagbag.py:545} INFO - Filling up the DagBag from /home/victor/airflow_env/lib/python3.10/site-packages/airflow/example_dags/plugins/workday.py
[2024-07-15T09:59:39.435+0100] {logging_mixin.py:188} INFO - [2024-07-15T09:59:39.434+0100] {workday.py:41} WARNING - Could not import pandas. Holidays will not be considered.
[2024-07-15T09:59:39.438+0100] {processor.py:842} WARNING - No viable dags retrieved from /home/victor/airflow_env/lib/python3.10/site-packages/airflow/example_dags/plugins/workday.py
[2024-07-15T09:59:39.506+0100] {processor.py:183} INFO - Processing /home/victor/airflow_env/lib/python3.10/site-packages/airflow/example_dags/plugins/workday.py took 0.121 seconds
[2024-07-15T10:00:59.368+0100] {processor.py:161} INFO - Started process (PID=15449) to work on /home/victor/airflow_env/lib/python3.10/site-packages/airflow/example_dags/plugins/workday.py
[2024-07-15T10:00:59.372+0100] {processor.py:830} INFO - Processing file /home/victor/airflow_env/lib/python3.10/site-packages/airflow/example_dags/plugins/workday.py for tasks to queue
[2024-07-15T10:00:59.382+0100] {logging_mixin.py:188} INFO - [2024-07-15T10:00:59.380+0100] {dagbag.py:545} INFO - Filling up the DagBag from /home/victor/airflow_env/lib/python3.10/site-packages/airflow/example_dags/plugins/workday.py
[2024-07-15T10:00:59.400+0100] {logging_mixin.py:188} INFO - [2024-07-15T10:00:59.399+0100] {workday.py:41} WARNING - Could not import pandas. Holidays will not be considered.
[2024-07-15T10:00:59.403+0100] {processor.py:842} WARNING - No viable dags retrieved from /home/victor/airflow_env/lib/python3.10/site-packages/airflow/example_dags/plugins/workday.py
[2024-07-15T10:00:59.479+0100] {processor.py:183} INFO - Processing /home/victor/airflow_env/lib/python3.10/site-packages/airflow/example_dags/plugins/workday.py took 0.146 seconds
[2024-07-15T10:02:24.136+0100] {processor.py:161} INFO - Started process (PID=16221) to work on /home/victor/airflow_env/lib/python3.10/site-packages/airflow/example_dags/plugins/workday.py
[2024-07-15T10:02:24.140+0100] {processor.py:830} INFO - Processing file /home/victor/airflow_env/lib/python3.10/site-packages/airflow/example_dags/plugins/workday.py for tasks to queue
[2024-07-15T10:02:24.147+0100] {logging_mixin.py:188} INFO - [2024-07-15T10:02:24.146+0100] {dagbag.py:545} INFO - Filling up the DagBag from /home/victor/airflow_env/lib/python3.10/site-packages/airflow/example_dags/plugins/workday.py
[2024-07-15T10:02:24.162+0100] {logging_mixin.py:188} INFO - [2024-07-15T10:02:24.161+0100] {workday.py:41} WARNING - Could not import pandas. Holidays will not be considered.
[2024-07-15T10:02:24.165+0100] {processor.py:842} WARNING - No viable dags retrieved from /home/victor/airflow_env/lib/python3.10/site-packages/airflow/example_dags/plugins/workday.py
[2024-07-15T10:02:24.264+0100] {processor.py:183} INFO - Processing /home/victor/airflow_env/lib/python3.10/site-packages/airflow/example_dags/plugins/workday.py took 0.157 seconds
[2024-07-15T10:03:39.400+0100] {processor.py:161} INFO - Started process (PID=16861) to work on /home/victor/airflow_env/lib/python3.10/site-packages/airflow/example_dags/plugins/workday.py
[2024-07-15T10:03:39.404+0100] {processor.py:830} INFO - Processing file /home/victor/airflow_env/lib/python3.10/site-packages/airflow/example_dags/plugins/workday.py for tasks to queue
[2024-07-15T10:03:39.412+0100] {logging_mixin.py:188} INFO - [2024-07-15T10:03:39.410+0100] {dagbag.py:545} INFO - Filling up the DagBag from /home/victor/airflow_env/lib/python3.10/site-packages/airflow/example_dags/plugins/workday.py
[2024-07-15T10:03:39.426+0100] {logging_mixin.py:188} INFO - [2024-07-15T10:03:39.426+0100] {workday.py:41} WARNING - Could not import pandas. Holidays will not be considered.
[2024-07-15T10:03:39.429+0100] {processor.py:842} WARNING - No viable dags retrieved from /home/victor/airflow_env/lib/python3.10/site-packages/airflow/example_dags/plugins/workday.py
[2024-07-15T10:03:39.496+0100] {processor.py:183} INFO - Processing /home/victor/airflow_env/lib/python3.10/site-packages/airflow/example_dags/plugins/workday.py took 0.121 seconds
[2024-07-15T10:04:50.214+0100] {processor.py:161} INFO - Started process (PID=17243) to work on /home/victor/airflow_env/lib/python3.10/site-packages/airflow/example_dags/plugins/workday.py
[2024-07-15T10:04:50.218+0100] {processor.py:830} INFO - Processing file /home/victor/airflow_env/lib/python3.10/site-packages/airflow/example_dags/plugins/workday.py for tasks to queue
[2024-07-15T10:04:50.224+0100] {logging_mixin.py:188} INFO - [2024-07-15T10:04:50.223+0100] {dagbag.py:545} INFO - Filling up the DagBag from /home/victor/airflow_env/lib/python3.10/site-packages/airflow/example_dags/plugins/workday.py
[2024-07-15T10:04:50.238+0100] {logging_mixin.py:188} INFO - [2024-07-15T10:04:50.237+0100] {workday.py:41} WARNING - Could not import pandas. Holidays will not be considered.
[2024-07-15T10:04:50.240+0100] {processor.py:842} WARNING - No viable dags retrieved from /home/victor/airflow_env/lib/python3.10/site-packages/airflow/example_dags/plugins/workday.py
[2024-07-15T10:04:50.306+0100] {processor.py:183} INFO - Processing /home/victor/airflow_env/lib/python3.10/site-packages/airflow/example_dags/plugins/workday.py took 0.118 seconds
[2024-07-15T10:06:15.882+0100] {processor.py:161} INFO - Started process (PID=17737) to work on /home/victor/airflow_env/lib/python3.10/site-packages/airflow/example_dags/plugins/workday.py
[2024-07-15T10:06:15.886+0100] {processor.py:830} INFO - Processing file /home/victor/airflow_env/lib/python3.10/site-packages/airflow/example_dags/plugins/workday.py for tasks to queue
[2024-07-15T10:06:15.894+0100] {logging_mixin.py:188} INFO - [2024-07-15T10:06:15.892+0100] {dagbag.py:545} INFO - Filling up the DagBag from /home/victor/airflow_env/lib/python3.10/site-packages/airflow/example_dags/plugins/workday.py
[2024-07-15T10:06:15.907+0100] {logging_mixin.py:188} INFO - [2024-07-15T10:06:15.907+0100] {workday.py:41} WARNING - Could not import pandas. Holidays will not be considered.
[2024-07-15T10:06:15.910+0100] {processor.py:842} WARNING - No viable dags retrieved from /home/victor/airflow_env/lib/python3.10/site-packages/airflow/example_dags/plugins/workday.py
[2024-07-15T10:06:15.975+0100] {processor.py:183} INFO - Processing /home/victor/airflow_env/lib/python3.10/site-packages/airflow/example_dags/plugins/workday.py took 0.119 seconds
[2024-07-15T10:07:52.220+0100] {processor.py:161} INFO - Started process (PID=18488) to work on /home/victor/airflow_env/lib/python3.10/site-packages/airflow/example_dags/plugins/workday.py
[2024-07-15T10:07:52.225+0100] {processor.py:830} INFO - Processing file /home/victor/airflow_env/lib/python3.10/site-packages/airflow/example_dags/plugins/workday.py for tasks to queue
[2024-07-15T10:07:52.234+0100] {logging_mixin.py:188} INFO - [2024-07-15T10:07:52.232+0100] {dagbag.py:545} INFO - Filling up the DagBag from /home/victor/airflow_env/lib/python3.10/site-packages/airflow/example_dags/plugins/workday.py
[2024-07-15T10:07:52.251+0100] {logging_mixin.py:188} INFO - [2024-07-15T10:07:52.250+0100] {workday.py:41} WARNING - Could not import pandas. Holidays will not be considered.
[2024-07-15T10:07:52.253+0100] {processor.py:842} WARNING - No viable dags retrieved from /home/victor/airflow_env/lib/python3.10/site-packages/airflow/example_dags/plugins/workday.py
[2024-07-15T10:07:52.332+0100] {processor.py:183} INFO - Processing /home/victor/airflow_env/lib/python3.10/site-packages/airflow/example_dags/plugins/workday.py took 0.142 seconds
[2024-07-15T10:09:19.790+0100] {processor.py:161} INFO - Started process (PID=18999) to work on /home/victor/airflow_env/lib/python3.10/site-packages/airflow/example_dags/plugins/workday.py
[2024-07-15T10:09:19.794+0100] {processor.py:830} INFO - Processing file /home/victor/airflow_env/lib/python3.10/site-packages/airflow/example_dags/plugins/workday.py for tasks to queue
[2024-07-15T10:09:19.801+0100] {logging_mixin.py:188} INFO - [2024-07-15T10:09:19.800+0100] {dagbag.py:545} INFO - Filling up the DagBag from /home/victor/airflow_env/lib/python3.10/site-packages/airflow/example_dags/plugins/workday.py
[2024-07-15T10:09:19.817+0100] {logging_mixin.py:188} INFO - [2024-07-15T10:09:19.816+0100] {workday.py:41} WARNING - Could not import pandas. Holidays will not be considered.
[2024-07-15T10:09:19.826+0100] {processor.py:842} WARNING - No viable dags retrieved from /home/victor/airflow_env/lib/python3.10/site-packages/airflow/example_dags/plugins/workday.py
[2024-07-15T10:09:19.909+0100] {processor.py:183} INFO - Processing /home/victor/airflow_env/lib/python3.10/site-packages/airflow/example_dags/plugins/workday.py took 0.144 seconds
[2024-07-15T10:10:52.744+0100] {processor.py:161} INFO - Started process (PID=19643) to work on /home/victor/airflow_env/lib/python3.10/site-packages/airflow/example_dags/plugins/workday.py
[2024-07-15T10:10:52.749+0100] {processor.py:830} INFO - Processing file /home/victor/airflow_env/lib/python3.10/site-packages/airflow/example_dags/plugins/workday.py for tasks to queue
[2024-07-15T10:10:52.759+0100] {logging_mixin.py:188} INFO - [2024-07-15T10:10:52.758+0100] {dagbag.py:545} INFO - Filling up the DagBag from /home/victor/airflow_env/lib/python3.10/site-packages/airflow/example_dags/plugins/workday.py
[2024-07-15T10:10:52.773+0100] {logging_mixin.py:188} INFO - [2024-07-15T10:10:52.772+0100] {workday.py:41} WARNING - Could not import pandas. Holidays will not be considered.
[2024-07-15T10:10:52.775+0100] {processor.py:842} WARNING - No viable dags retrieved from /home/victor/airflow_env/lib/python3.10/site-packages/airflow/example_dags/plugins/workday.py
[2024-07-15T10:10:52.844+0100] {processor.py:183} INFO - Processing /home/victor/airflow_env/lib/python3.10/site-packages/airflow/example_dags/plugins/workday.py took 0.127 seconds
[2024-07-15T10:12:17.380+0100] {processor.py:161} INFO - Started process (PID=20079) to work on /home/victor/airflow_env/lib/python3.10/site-packages/airflow/example_dags/plugins/workday.py
[2024-07-15T10:12:17.384+0100] {processor.py:830} INFO - Processing file /home/victor/airflow_env/lib/python3.10/site-packages/airflow/example_dags/plugins/workday.py for tasks to queue
[2024-07-15T10:12:17.395+0100] {logging_mixin.py:188} INFO - [2024-07-15T10:12:17.393+0100] {dagbag.py:545} INFO - Filling up the DagBag from /home/victor/airflow_env/lib/python3.10/site-packages/airflow/example_dags/plugins/workday.py
[2024-07-15T10:12:17.414+0100] {logging_mixin.py:188} INFO - [2024-07-15T10:12:17.413+0100] {workday.py:41} WARNING - Could not import pandas. Holidays will not be considered.
[2024-07-15T10:12:17.417+0100] {processor.py:842} WARNING - No viable dags retrieved from /home/victor/airflow_env/lib/python3.10/site-packages/airflow/example_dags/plugins/workday.py
[2024-07-15T10:12:17.507+0100] {processor.py:183} INFO - Processing /home/victor/airflow_env/lib/python3.10/site-packages/airflow/example_dags/plugins/workday.py took 0.163 seconds
[2024-07-15T10:13:41.965+0100] {processor.py:161} INFO - Started process (PID=20554) to work on /home/victor/airflow_env/lib/python3.10/site-packages/airflow/example_dags/plugins/workday.py
[2024-07-15T10:13:41.971+0100] {processor.py:830} INFO - Processing file /home/victor/airflow_env/lib/python3.10/site-packages/airflow/example_dags/plugins/workday.py for tasks to queue
[2024-07-15T10:13:41.979+0100] {logging_mixin.py:188} INFO - [2024-07-15T10:13:41.977+0100] {dagbag.py:545} INFO - Filling up the DagBag from /home/victor/airflow_env/lib/python3.10/site-packages/airflow/example_dags/plugins/workday.py
[2024-07-15T10:13:41.996+0100] {logging_mixin.py:188} INFO - [2024-07-15T10:13:41.995+0100] {workday.py:41} WARNING - Could not import pandas. Holidays will not be considered.
[2024-07-15T10:13:41.999+0100] {processor.py:842} WARNING - No viable dags retrieved from /home/victor/airflow_env/lib/python3.10/site-packages/airflow/example_dags/plugins/workday.py
[2024-07-15T10:13:42.077+0100] {processor.py:183} INFO - Processing /home/victor/airflow_env/lib/python3.10/site-packages/airflow/example_dags/plugins/workday.py took 0.147 seconds
[2024-07-15T10:15:07.249+0100] {processor.py:161} INFO - Started process (PID=21011) to work on /home/victor/airflow_env/lib/python3.10/site-packages/airflow/example_dags/plugins/workday.py
[2024-07-15T10:15:07.253+0100] {processor.py:830} INFO - Processing file /home/victor/airflow_env/lib/python3.10/site-packages/airflow/example_dags/plugins/workday.py for tasks to queue
[2024-07-15T10:15:07.261+0100] {logging_mixin.py:188} INFO - [2024-07-15T10:15:07.259+0100] {dagbag.py:545} INFO - Filling up the DagBag from /home/victor/airflow_env/lib/python3.10/site-packages/airflow/example_dags/plugins/workday.py
[2024-07-15T10:15:07.281+0100] {logging_mixin.py:188} INFO - [2024-07-15T10:15:07.280+0100] {workday.py:41} WARNING - Could not import pandas. Holidays will not be considered.
[2024-07-15T10:15:07.283+0100] {processor.py:842} WARNING - No viable dags retrieved from /home/victor/airflow_env/lib/python3.10/site-packages/airflow/example_dags/plugins/workday.py
[2024-07-15T10:15:07.355+0100] {processor.py:183} INFO - Processing /home/victor/airflow_env/lib/python3.10/site-packages/airflow/example_dags/plugins/workday.py took 0.132 seconds
[2024-07-15T10:16:39.213+0100] {processor.py:161} INFO - Started process (PID=21587) to work on /home/victor/airflow_env/lib/python3.10/site-packages/airflow/example_dags/plugins/workday.py
[2024-07-15T10:16:39.217+0100] {processor.py:830} INFO - Processing file /home/victor/airflow_env/lib/python3.10/site-packages/airflow/example_dags/plugins/workday.py for tasks to queue
[2024-07-15T10:16:39.226+0100] {logging_mixin.py:188} INFO - [2024-07-15T10:16:39.225+0100] {dagbag.py:545} INFO - Filling up the DagBag from /home/victor/airflow_env/lib/python3.10/site-packages/airflow/example_dags/plugins/workday.py
[2024-07-15T10:16:39.244+0100] {logging_mixin.py:188} INFO - [2024-07-15T10:16:39.243+0100] {workday.py:41} WARNING - Could not import pandas. Holidays will not be considered.
[2024-07-15T10:16:39.247+0100] {processor.py:842} WARNING - No viable dags retrieved from /home/victor/airflow_env/lib/python3.10/site-packages/airflow/example_dags/plugins/workday.py
[2024-07-15T10:16:39.320+0100] {processor.py:183} INFO - Processing /home/victor/airflow_env/lib/python3.10/site-packages/airflow/example_dags/plugins/workday.py took 0.133 seconds
[2024-07-15T10:18:02.960+0100] {processor.py:161} INFO - Started process (PID=22143) to work on /home/victor/airflow_env/lib/python3.10/site-packages/airflow/example_dags/plugins/workday.py
[2024-07-15T10:18:02.964+0100] {processor.py:830} INFO - Processing file /home/victor/airflow_env/lib/python3.10/site-packages/airflow/example_dags/plugins/workday.py for tasks to queue
[2024-07-15T10:18:02.973+0100] {logging_mixin.py:188} INFO - [2024-07-15T10:18:02.971+0100] {dagbag.py:545} INFO - Filling up the DagBag from /home/victor/airflow_env/lib/python3.10/site-packages/airflow/example_dags/plugins/workday.py
[2024-07-15T10:18:02.987+0100] {logging_mixin.py:188} INFO - [2024-07-15T10:18:02.986+0100] {workday.py:41} WARNING - Could not import pandas. Holidays will not be considered.
[2024-07-15T10:18:02.989+0100] {processor.py:842} WARNING - No viable dags retrieved from /home/victor/airflow_env/lib/python3.10/site-packages/airflow/example_dags/plugins/workday.py
[2024-07-15T10:18:03.058+0100] {processor.py:183} INFO - Processing /home/victor/airflow_env/lib/python3.10/site-packages/airflow/example_dags/plugins/workday.py took 0.124 seconds
[2024-07-15T10:19:35.139+0100] {processor.py:161} INFO - Started process (PID=22749) to work on /home/victor/airflow_env/lib/python3.10/site-packages/airflow/example_dags/plugins/workday.py
[2024-07-15T10:19:35.143+0100] {processor.py:830} INFO - Processing file /home/victor/airflow_env/lib/python3.10/site-packages/airflow/example_dags/plugins/workday.py for tasks to queue
[2024-07-15T10:19:35.149+0100] {logging_mixin.py:188} INFO - [2024-07-15T10:19:35.148+0100] {dagbag.py:545} INFO - Filling up the DagBag from /home/victor/airflow_env/lib/python3.10/site-packages/airflow/example_dags/plugins/workday.py
[2024-07-15T10:19:35.162+0100] {logging_mixin.py:188} INFO - [2024-07-15T10:19:35.161+0100] {workday.py:41} WARNING - Could not import pandas. Holidays will not be considered.
[2024-07-15T10:19:35.164+0100] {processor.py:842} WARNING - No viable dags retrieved from /home/victor/airflow_env/lib/python3.10/site-packages/airflow/example_dags/plugins/workday.py
[2024-07-15T10:19:35.230+0100] {processor.py:183} INFO - Processing /home/victor/airflow_env/lib/python3.10/site-packages/airflow/example_dags/plugins/workday.py took 0.116 seconds
[2024-07-15T10:21:35.233+0100] {processor.py:161} INFO - Started process (PID=23569) to work on /home/victor/airflow_env/lib/python3.10/site-packages/airflow/example_dags/plugins/workday.py
[2024-07-15T10:21:35.237+0100] {processor.py:830} INFO - Processing file /home/victor/airflow_env/lib/python3.10/site-packages/airflow/example_dags/plugins/workday.py for tasks to queue
[2024-07-15T10:21:35.253+0100] {logging_mixin.py:188} INFO - [2024-07-15T10:21:35.244+0100] {dagbag.py:545} INFO - Filling up the DagBag from /home/victor/airflow_env/lib/python3.10/site-packages/airflow/example_dags/plugins/workday.py
[2024-07-15T10:21:35.269+0100] {logging_mixin.py:188} INFO - [2024-07-15T10:21:35.268+0100] {workday.py:41} WARNING - Could not import pandas. Holidays will not be considered.
[2024-07-15T10:21:35.271+0100] {processor.py:842} WARNING - No viable dags retrieved from /home/victor/airflow_env/lib/python3.10/site-packages/airflow/example_dags/plugins/workday.py
[2024-07-15T10:21:35.333+0100] {processor.py:183} INFO - Processing /home/victor/airflow_env/lib/python3.10/site-packages/airflow/example_dags/plugins/workday.py took 0.126 seconds
[2024-07-15T10:23:37.245+0100] {processor.py:161} INFO - Started process (PID=24727) to work on /home/victor/airflow_env/lib/python3.10/site-packages/airflow/example_dags/plugins/workday.py
[2024-07-15T10:23:37.249+0100] {processor.py:830} INFO - Processing file /home/victor/airflow_env/lib/python3.10/site-packages/airflow/example_dags/plugins/workday.py for tasks to queue
[2024-07-15T10:23:37.256+0100] {logging_mixin.py:188} INFO - [2024-07-15T10:23:37.254+0100] {dagbag.py:545} INFO - Filling up the DagBag from /home/victor/airflow_env/lib/python3.10/site-packages/airflow/example_dags/plugins/workday.py
[2024-07-15T10:23:37.270+0100] {logging_mixin.py:188} INFO - [2024-07-15T10:23:37.269+0100] {workday.py:41} WARNING - Could not import pandas. Holidays will not be considered.
[2024-07-15T10:23:37.272+0100] {processor.py:842} WARNING - No viable dags retrieved from /home/victor/airflow_env/lib/python3.10/site-packages/airflow/example_dags/plugins/workday.py
[2024-07-15T10:23:37.351+0100] {processor.py:183} INFO - Processing /home/victor/airflow_env/lib/python3.10/site-packages/airflow/example_dags/plugins/workday.py took 0.132 seconds
[2024-07-15T10:25:29.360+0100] {processor.py:161} INFO - Started process (PID=25432) to work on /home/victor/airflow_env/lib/python3.10/site-packages/airflow/example_dags/plugins/workday.py
[2024-07-15T10:25:29.364+0100] {processor.py:830} INFO - Processing file /home/victor/airflow_env/lib/python3.10/site-packages/airflow/example_dags/plugins/workday.py for tasks to queue
[2024-07-15T10:25:29.371+0100] {logging_mixin.py:188} INFO - [2024-07-15T10:25:29.370+0100] {dagbag.py:545} INFO - Filling up the DagBag from /home/victor/airflow_env/lib/python3.10/site-packages/airflow/example_dags/plugins/workday.py
[2024-07-15T10:25:29.387+0100] {logging_mixin.py:188} INFO - [2024-07-15T10:25:29.386+0100] {workday.py:41} WARNING - Could not import pandas. Holidays will not be considered.
[2024-07-15T10:25:29.389+0100] {processor.py:842} WARNING - No viable dags retrieved from /home/victor/airflow_env/lib/python3.10/site-packages/airflow/example_dags/plugins/workday.py
[2024-07-15T10:25:29.462+0100] {processor.py:183} INFO - Processing /home/victor/airflow_env/lib/python3.10/site-packages/airflow/example_dags/plugins/workday.py took 0.133 seconds
[2024-07-15T10:27:04.685+0100] {processor.py:161} INFO - Started process (PID=26182) to work on /home/victor/airflow_env/lib/python3.10/site-packages/airflow/example_dags/plugins/workday.py
[2024-07-15T10:27:04.690+0100] {processor.py:830} INFO - Processing file /home/victor/airflow_env/lib/python3.10/site-packages/airflow/example_dags/plugins/workday.py for tasks to queue
[2024-07-15T10:27:04.704+0100] {logging_mixin.py:188} INFO - [2024-07-15T10:27:04.697+0100] {dagbag.py:545} INFO - Filling up the DagBag from /home/victor/airflow_env/lib/python3.10/site-packages/airflow/example_dags/plugins/workday.py
[2024-07-15T10:27:04.742+0100] {logging_mixin.py:188} INFO - [2024-07-15T10:27:04.740+0100] {workday.py:41} WARNING - Could not import pandas. Holidays will not be considered.
[2024-07-15T10:27:04.750+0100] {processor.py:842} WARNING - No viable dags retrieved from /home/victor/airflow_env/lib/python3.10/site-packages/airflow/example_dags/plugins/workday.py
[2024-07-15T10:27:04.998+0100] {processor.py:183} INFO - Processing /home/victor/airflow_env/lib/python3.10/site-packages/airflow/example_dags/plugins/workday.py took 0.376 seconds
[2024-07-15T10:28:47.390+0100] {processor.py:161} INFO - Started process (PID=26737) to work on /home/victor/airflow_env/lib/python3.10/site-packages/airflow/example_dags/plugins/workday.py
[2024-07-15T10:28:47.395+0100] {processor.py:830} INFO - Processing file /home/victor/airflow_env/lib/python3.10/site-packages/airflow/example_dags/plugins/workday.py for tasks to queue
[2024-07-15T10:28:47.403+0100] {logging_mixin.py:188} INFO - [2024-07-15T10:28:47.401+0100] {dagbag.py:545} INFO - Filling up the DagBag from /home/victor/airflow_env/lib/python3.10/site-packages/airflow/example_dags/plugins/workday.py
[2024-07-15T10:28:47.417+0100] {logging_mixin.py:188} INFO - [2024-07-15T10:28:47.416+0100] {workday.py:41} WARNING - Could not import pandas. Holidays will not be considered.
[2024-07-15T10:28:47.420+0100] {processor.py:842} WARNING - No viable dags retrieved from /home/victor/airflow_env/lib/python3.10/site-packages/airflow/example_dags/plugins/workday.py
[2024-07-15T10:28:47.501+0100] {processor.py:183} INFO - Processing /home/victor/airflow_env/lib/python3.10/site-packages/airflow/example_dags/plugins/workday.py took 0.140 seconds
[2024-07-15T10:30:04.540+0100] {processor.py:161} INFO - Started process (PID=27154) to work on /home/victor/airflow_env/lib/python3.10/site-packages/airflow/example_dags/plugins/workday.py
[2024-07-15T10:30:04.544+0100] {processor.py:830} INFO - Processing file /home/victor/airflow_env/lib/python3.10/site-packages/airflow/example_dags/plugins/workday.py for tasks to queue
[2024-07-15T10:30:04.551+0100] {logging_mixin.py:188} INFO - [2024-07-15T10:30:04.549+0100] {dagbag.py:545} INFO - Filling up the DagBag from /home/victor/airflow_env/lib/python3.10/site-packages/airflow/example_dags/plugins/workday.py
[2024-07-15T10:30:04.564+0100] {logging_mixin.py:188} INFO - [2024-07-15T10:30:04.563+0100] {workday.py:41} WARNING - Could not import pandas. Holidays will not be considered.
[2024-07-15T10:30:04.566+0100] {processor.py:842} WARNING - No viable dags retrieved from /home/victor/airflow_env/lib/python3.10/site-packages/airflow/example_dags/plugins/workday.py
[2024-07-15T10:30:04.632+0100] {processor.py:183} INFO - Processing /home/victor/airflow_env/lib/python3.10/site-packages/airflow/example_dags/plugins/workday.py took 0.117 seconds
[2024-07-15T10:31:21.776+0100] {processor.py:161} INFO - Started process (PID=27547) to work on /home/victor/airflow_env/lib/python3.10/site-packages/airflow/example_dags/plugins/workday.py
[2024-07-15T10:31:21.780+0100] {processor.py:830} INFO - Processing file /home/victor/airflow_env/lib/python3.10/site-packages/airflow/example_dags/plugins/workday.py for tasks to queue
[2024-07-15T10:31:21.796+0100] {logging_mixin.py:188} INFO - [2024-07-15T10:31:21.794+0100] {dagbag.py:545} INFO - Filling up the DagBag from /home/victor/airflow_env/lib/python3.10/site-packages/airflow/example_dags/plugins/workday.py
[2024-07-15T10:31:21.827+0100] {logging_mixin.py:188} INFO - [2024-07-15T10:31:21.819+0100] {workday.py:41} WARNING - Could not import pandas. Holidays will not be considered.
[2024-07-15T10:31:21.830+0100] {processor.py:842} WARNING - No viable dags retrieved from /home/victor/airflow_env/lib/python3.10/site-packages/airflow/example_dags/plugins/workday.py
[2024-07-15T10:31:21.920+0100] {processor.py:183} INFO - Processing /home/victor/airflow_env/lib/python3.10/site-packages/airflow/example_dags/plugins/workday.py took 0.204 seconds
[2024-07-15T10:32:47.215+0100] {processor.py:161} INFO - Started process (PID=28019) to work on /home/victor/airflow_env/lib/python3.10/site-packages/airflow/example_dags/plugins/workday.py
[2024-07-15T10:32:47.219+0100] {processor.py:830} INFO - Processing file /home/victor/airflow_env/lib/python3.10/site-packages/airflow/example_dags/plugins/workday.py for tasks to queue
[2024-07-15T10:32:47.226+0100] {logging_mixin.py:188} INFO - [2024-07-15T10:32:47.224+0100] {dagbag.py:545} INFO - Filling up the DagBag from /home/victor/airflow_env/lib/python3.10/site-packages/airflow/example_dags/plugins/workday.py
[2024-07-15T10:32:47.241+0100] {logging_mixin.py:188} INFO - [2024-07-15T10:32:47.241+0100] {workday.py:41} WARNING - Could not import pandas. Holidays will not be considered.
[2024-07-15T10:32:47.243+0100] {processor.py:842} WARNING - No viable dags retrieved from /home/victor/airflow_env/lib/python3.10/site-packages/airflow/example_dags/plugins/workday.py
[2024-07-15T10:32:47.322+0100] {processor.py:183} INFO - Processing /home/victor/airflow_env/lib/python3.10/site-packages/airflow/example_dags/plugins/workday.py took 0.142 seconds
[2024-07-15T10:34:21.667+0100] {processor.py:161} INFO - Started process (PID=28749) to work on /home/victor/airflow_env/lib/python3.10/site-packages/airflow/example_dags/plugins/workday.py
[2024-07-15T10:34:21.671+0100] {processor.py:830} INFO - Processing file /home/victor/airflow_env/lib/python3.10/site-packages/airflow/example_dags/plugins/workday.py for tasks to queue
[2024-07-15T10:34:21.681+0100] {logging_mixin.py:188} INFO - [2024-07-15T10:34:21.680+0100] {dagbag.py:545} INFO - Filling up the DagBag from /home/victor/airflow_env/lib/python3.10/site-packages/airflow/example_dags/plugins/workday.py
[2024-07-15T10:34:21.697+0100] {logging_mixin.py:188} INFO - [2024-07-15T10:34:21.696+0100] {workday.py:41} WARNING - Could not import pandas. Holidays will not be considered.
[2024-07-15T10:34:21.699+0100] {processor.py:842} WARNING - No viable dags retrieved from /home/victor/airflow_env/lib/python3.10/site-packages/airflow/example_dags/plugins/workday.py
[2024-07-15T10:34:21.775+0100] {processor.py:183} INFO - Processing /home/victor/airflow_env/lib/python3.10/site-packages/airflow/example_dags/plugins/workday.py took 0.136 seconds
[2024-07-15T10:35:40.828+0100] {processor.py:161} INFO - Started process (PID=29159) to work on /home/victor/airflow_env/lib/python3.10/site-packages/airflow/example_dags/plugins/workday.py
[2024-07-15T10:35:40.832+0100] {processor.py:830} INFO - Processing file /home/victor/airflow_env/lib/python3.10/site-packages/airflow/example_dags/plugins/workday.py for tasks to queue
[2024-07-15T10:35:40.839+0100] {logging_mixin.py:188} INFO - [2024-07-15T10:35:40.837+0100] {dagbag.py:545} INFO - Filling up the DagBag from /home/victor/airflow_env/lib/python3.10/site-packages/airflow/example_dags/plugins/workday.py
[2024-07-15T10:35:40.854+0100] {logging_mixin.py:188} INFO - [2024-07-15T10:35:40.853+0100] {workday.py:41} WARNING - Could not import pandas. Holidays will not be considered.
[2024-07-15T10:35:40.856+0100] {processor.py:842} WARNING - No viable dags retrieved from /home/victor/airflow_env/lib/python3.10/site-packages/airflow/example_dags/plugins/workday.py
[2024-07-15T10:35:40.936+0100] {processor.py:183} INFO - Processing /home/victor/airflow_env/lib/python3.10/site-packages/airflow/example_dags/plugins/workday.py took 0.136 seconds
[2024-07-15T10:37:04.294+0100] {processor.py:161} INFO - Started process (PID=29643) to work on /home/victor/airflow_env/lib/python3.10/site-packages/airflow/example_dags/plugins/workday.py
[2024-07-15T10:37:04.299+0100] {processor.py:830} INFO - Processing file /home/victor/airflow_env/lib/python3.10/site-packages/airflow/example_dags/plugins/workday.py for tasks to queue
[2024-07-15T10:37:04.306+0100] {logging_mixin.py:188} INFO - [2024-07-15T10:37:04.304+0100] {dagbag.py:545} INFO - Filling up the DagBag from /home/victor/airflow_env/lib/python3.10/site-packages/airflow/example_dags/plugins/workday.py
[2024-07-15T10:37:04.323+0100] {logging_mixin.py:188} INFO - [2024-07-15T10:37:04.322+0100] {workday.py:41} WARNING - Could not import pandas. Holidays will not be considered.
[2024-07-15T10:37:04.325+0100] {processor.py:842} WARNING - No viable dags retrieved from /home/victor/airflow_env/lib/python3.10/site-packages/airflow/example_dags/plugins/workday.py
[2024-07-15T10:37:04.397+0100] {processor.py:183} INFO - Processing /home/victor/airflow_env/lib/python3.10/site-packages/airflow/example_dags/plugins/workday.py took 0.134 seconds
[2024-07-15T10:38:32.206+0100] {processor.py:161} INFO - Started process (PID=30150) to work on /home/victor/airflow_env/lib/python3.10/site-packages/airflow/example_dags/plugins/workday.py
[2024-07-15T10:38:32.212+0100] {processor.py:830} INFO - Processing file /home/victor/airflow_env/lib/python3.10/site-packages/airflow/example_dags/plugins/workday.py for tasks to queue
[2024-07-15T10:38:32.225+0100] {logging_mixin.py:188} INFO - [2024-07-15T10:38:32.223+0100] {dagbag.py:545} INFO - Filling up the DagBag from /home/victor/airflow_env/lib/python3.10/site-packages/airflow/example_dags/plugins/workday.py
[2024-07-15T10:38:32.243+0100] {logging_mixin.py:188} INFO - [2024-07-15T10:38:32.241+0100] {workday.py:41} WARNING - Could not import pandas. Holidays will not be considered.
[2024-07-15T10:38:32.245+0100] {processor.py:842} WARNING - No viable dags retrieved from /home/victor/airflow_env/lib/python3.10/site-packages/airflow/example_dags/plugins/workday.py
[2024-07-15T10:38:32.458+0100] {processor.py:183} INFO - Processing /home/victor/airflow_env/lib/python3.10/site-packages/airflow/example_dags/plugins/workday.py took 0.282 seconds
[2024-07-15T10:39:46.473+0100] {processor.py:161} INFO - Started process (PID=30529) to work on /home/victor/airflow_env/lib/python3.10/site-packages/airflow/example_dags/plugins/workday.py
[2024-07-15T10:39:46.477+0100] {processor.py:830} INFO - Processing file /home/victor/airflow_env/lib/python3.10/site-packages/airflow/example_dags/plugins/workday.py for tasks to queue
[2024-07-15T10:39:46.499+0100] {logging_mixin.py:188} INFO - [2024-07-15T10:39:46.486+0100] {dagbag.py:545} INFO - Filling up the DagBag from /home/victor/airflow_env/lib/python3.10/site-packages/airflow/example_dags/plugins/workday.py
[2024-07-15T10:39:46.527+0100] {logging_mixin.py:188} INFO - [2024-07-15T10:39:46.526+0100] {workday.py:41} WARNING - Could not import pandas. Holidays will not be considered.
[2024-07-15T10:39:46.530+0100] {processor.py:842} WARNING - No viable dags retrieved from /home/victor/airflow_env/lib/python3.10/site-packages/airflow/example_dags/plugins/workday.py
[2024-07-15T10:39:46.620+0100] {processor.py:183} INFO - Processing /home/victor/airflow_env/lib/python3.10/site-packages/airflow/example_dags/plugins/workday.py took 0.206 seconds
[2024-07-15T10:41:00.156+0100] {processor.py:161} INFO - Started process (PID=30912) to work on /home/victor/airflow_env/lib/python3.10/site-packages/airflow/example_dags/plugins/workday.py
[2024-07-15T10:41:00.160+0100] {processor.py:830} INFO - Processing file /home/victor/airflow_env/lib/python3.10/site-packages/airflow/example_dags/plugins/workday.py for tasks to queue
[2024-07-15T10:41:00.169+0100] {logging_mixin.py:188} INFO - [2024-07-15T10:41:00.167+0100] {dagbag.py:545} INFO - Filling up the DagBag from /home/victor/airflow_env/lib/python3.10/site-packages/airflow/example_dags/plugins/workday.py
[2024-07-15T10:41:00.184+0100] {logging_mixin.py:188} INFO - [2024-07-15T10:41:00.183+0100] {workday.py:41} WARNING - Could not import pandas. Holidays will not be considered.
[2024-07-15T10:41:00.187+0100] {processor.py:842} WARNING - No viable dags retrieved from /home/victor/airflow_env/lib/python3.10/site-packages/airflow/example_dags/plugins/workday.py
[2024-07-15T10:41:00.263+0100] {processor.py:183} INFO - Processing /home/victor/airflow_env/lib/python3.10/site-packages/airflow/example_dags/plugins/workday.py took 0.136 seconds
[2024-07-15T10:42:17.261+0100] {processor.py:161} INFO - Started process (PID=31304) to work on /home/victor/airflow_env/lib/python3.10/site-packages/airflow/example_dags/plugins/workday.py
[2024-07-15T10:42:17.265+0100] {processor.py:830} INFO - Processing file /home/victor/airflow_env/lib/python3.10/site-packages/airflow/example_dags/plugins/workday.py for tasks to queue
[2024-07-15T10:42:17.273+0100] {logging_mixin.py:188} INFO - [2024-07-15T10:42:17.271+0100] {dagbag.py:545} INFO - Filling up the DagBag from /home/victor/airflow_env/lib/python3.10/site-packages/airflow/example_dags/plugins/workday.py
[2024-07-15T10:42:17.286+0100] {logging_mixin.py:188} INFO - [2024-07-15T10:42:17.286+0100] {workday.py:41} WARNING - Could not import pandas. Holidays will not be considered.
[2024-07-15T10:42:17.289+0100] {processor.py:842} WARNING - No viable dags retrieved from /home/victor/airflow_env/lib/python3.10/site-packages/airflow/example_dags/plugins/workday.py
[2024-07-15T10:42:17.404+0100] {processor.py:183} INFO - Processing /home/victor/airflow_env/lib/python3.10/site-packages/airflow/example_dags/plugins/workday.py took 0.173 seconds
[2024-07-15T10:43:35.806+0100] {processor.py:161} INFO - Started process (PID=31740) to work on /home/victor/airflow_env/lib/python3.10/site-packages/airflow/example_dags/plugins/workday.py
[2024-07-15T10:43:35.811+0100] {processor.py:830} INFO - Processing file /home/victor/airflow_env/lib/python3.10/site-packages/airflow/example_dags/plugins/workday.py for tasks to queue
[2024-07-15T10:43:35.817+0100] {logging_mixin.py:188} INFO - [2024-07-15T10:43:35.816+0100] {dagbag.py:545} INFO - Filling up the DagBag from /home/victor/airflow_env/lib/python3.10/site-packages/airflow/example_dags/plugins/workday.py
[2024-07-15T10:43:35.833+0100] {logging_mixin.py:188} INFO - [2024-07-15T10:43:35.832+0100] {workday.py:41} WARNING - Could not import pandas. Holidays will not be considered.
[2024-07-15T10:43:35.835+0100] {processor.py:842} WARNING - No viable dags retrieved from /home/victor/airflow_env/lib/python3.10/site-packages/airflow/example_dags/plugins/workday.py
[2024-07-15T10:43:35.917+0100] {processor.py:183} INFO - Processing /home/victor/airflow_env/lib/python3.10/site-packages/airflow/example_dags/plugins/workday.py took 0.142 seconds
[2024-07-15T10:44:50.450+0100] {processor.py:161} INFO - Started process (PID=32126) to work on /home/victor/airflow_env/lib/python3.10/site-packages/airflow/example_dags/plugins/workday.py
[2024-07-15T10:44:50.453+0100] {processor.py:830} INFO - Processing file /home/victor/airflow_env/lib/python3.10/site-packages/airflow/example_dags/plugins/workday.py for tasks to queue
[2024-07-15T10:44:50.460+0100] {logging_mixin.py:188} INFO - [2024-07-15T10:44:50.459+0100] {dagbag.py:545} INFO - Filling up the DagBag from /home/victor/airflow_env/lib/python3.10/site-packages/airflow/example_dags/plugins/workday.py
[2024-07-15T10:44:50.473+0100] {logging_mixin.py:188} INFO - [2024-07-15T10:44:50.473+0100] {workday.py:41} WARNING - Could not import pandas. Holidays will not be considered.
[2024-07-15T10:44:50.476+0100] {processor.py:842} WARNING - No viable dags retrieved from /home/victor/airflow_env/lib/python3.10/site-packages/airflow/example_dags/plugins/workday.py
[2024-07-15T10:44:50.537+0100] {processor.py:183} INFO - Processing /home/victor/airflow_env/lib/python3.10/site-packages/airflow/example_dags/plugins/workday.py took 0.112 seconds
[2024-07-15T10:45:59.851+0100] {processor.py:161} INFO - Started process (PID=32488) to work on /home/victor/airflow_env/lib/python3.10/site-packages/airflow/example_dags/plugins/workday.py
[2024-07-15T10:45:59.855+0100] {processor.py:830} INFO - Processing file /home/victor/airflow_env/lib/python3.10/site-packages/airflow/example_dags/plugins/workday.py for tasks to queue
[2024-07-15T10:45:59.862+0100] {logging_mixin.py:188} INFO - [2024-07-15T10:45:59.860+0100] {dagbag.py:545} INFO - Filling up the DagBag from /home/victor/airflow_env/lib/python3.10/site-packages/airflow/example_dags/plugins/workday.py
[2024-07-15T10:45:59.875+0100] {logging_mixin.py:188} INFO - [2024-07-15T10:45:59.874+0100] {workday.py:41} WARNING - Could not import pandas. Holidays will not be considered.
[2024-07-15T10:45:59.877+0100] {processor.py:842} WARNING - No viable dags retrieved from /home/victor/airflow_env/lib/python3.10/site-packages/airflow/example_dags/plugins/workday.py
[2024-07-15T10:45:59.960+0100] {processor.py:183} INFO - Processing /home/victor/airflow_env/lib/python3.10/site-packages/airflow/example_dags/plugins/workday.py took 0.133 seconds
[2024-07-15T10:47:16.521+0100] {processor.py:161} INFO - Started process (PID=32885) to work on /home/victor/airflow_env/lib/python3.10/site-packages/airflow/example_dags/plugins/workday.py
[2024-07-15T10:47:16.534+0100] {processor.py:830} INFO - Processing file /home/victor/airflow_env/lib/python3.10/site-packages/airflow/example_dags/plugins/workday.py for tasks to queue
[2024-07-15T10:47:16.547+0100] {logging_mixin.py:188} INFO - [2024-07-15T10:47:16.544+0100] {dagbag.py:545} INFO - Filling up the DagBag from /home/victor/airflow_env/lib/python3.10/site-packages/airflow/example_dags/plugins/workday.py
[2024-07-15T10:47:16.568+0100] {logging_mixin.py:188} INFO - [2024-07-15T10:47:16.567+0100] {workday.py:41} WARNING - Could not import pandas. Holidays will not be considered.
[2024-07-15T10:47:16.571+0100] {processor.py:842} WARNING - No viable dags retrieved from /home/victor/airflow_env/lib/python3.10/site-packages/airflow/example_dags/plugins/workday.py
[2024-07-15T10:47:16.653+0100] {processor.py:183} INFO - Processing /home/victor/airflow_env/lib/python3.10/site-packages/airflow/example_dags/plugins/workday.py took 0.177 seconds
[2024-07-15T10:48:38.252+0100] {processor.py:161} INFO - Started process (PID=33336) to work on /home/victor/airflow_env/lib/python3.10/site-packages/airflow/example_dags/plugins/workday.py
[2024-07-15T10:48:38.256+0100] {processor.py:830} INFO - Processing file /home/victor/airflow_env/lib/python3.10/site-packages/airflow/example_dags/plugins/workday.py for tasks to queue
[2024-07-15T10:48:38.263+0100] {logging_mixin.py:188} INFO - [2024-07-15T10:48:38.261+0100] {dagbag.py:545} INFO - Filling up the DagBag from /home/victor/airflow_env/lib/python3.10/site-packages/airflow/example_dags/plugins/workday.py
[2024-07-15T10:48:38.278+0100] {logging_mixin.py:188} INFO - [2024-07-15T10:48:38.277+0100] {workday.py:41} WARNING - Could not import pandas. Holidays will not be considered.
[2024-07-15T10:48:38.281+0100] {processor.py:842} WARNING - No viable dags retrieved from /home/victor/airflow_env/lib/python3.10/site-packages/airflow/example_dags/plugins/workday.py
[2024-07-15T10:48:38.354+0100] {processor.py:183} INFO - Processing /home/victor/airflow_env/lib/python3.10/site-packages/airflow/example_dags/plugins/workday.py took 0.131 seconds
[2024-07-15T10:50:15.915+0100] {processor.py:161} INFO - Started process (PID=34079) to work on /home/victor/airflow_env/lib/python3.10/site-packages/airflow/example_dags/plugins/workday.py
[2024-07-15T10:50:15.923+0100] {processor.py:830} INFO - Processing file /home/victor/airflow_env/lib/python3.10/site-packages/airflow/example_dags/plugins/workday.py for tasks to queue
[2024-07-15T10:50:15.932+0100] {logging_mixin.py:188} INFO - [2024-07-15T10:50:15.929+0100] {dagbag.py:545} INFO - Filling up the DagBag from /home/victor/airflow_env/lib/python3.10/site-packages/airflow/example_dags/plugins/workday.py
[2024-07-15T10:50:15.961+0100] {logging_mixin.py:188} INFO - [2024-07-15T10:50:15.960+0100] {workday.py:41} WARNING - Could not import pandas. Holidays will not be considered.
[2024-07-15T10:50:15.963+0100] {processor.py:842} WARNING - No viable dags retrieved from /home/victor/airflow_env/lib/python3.10/site-packages/airflow/example_dags/plugins/workday.py
[2024-07-15T10:50:16.048+0100] {processor.py:183} INFO - Processing /home/victor/airflow_env/lib/python3.10/site-packages/airflow/example_dags/plugins/workday.py took 0.167 seconds
