[2024-07-12T11:03:51.600+0100] {processor.py:161} INFO - Started process (PID=15712) to work on /home/victor/airflow_env/lib/python3.10/site-packages/airflow/example_dags/plugins/workday.py
[2024-07-12T11:03:51.606+0100] {processor.py:830} INFO - Processing file /home/victor/airflow_env/lib/python3.10/site-packages/airflow/example_dags/plugins/workday.py for tasks to queue
[2024-07-12T11:03:51.617+0100] {logging_mixin.py:188} INFO - [2024-07-12T11:03:51.616+0100] {dagbag.py:545} INFO - Filling up the DagBag from /home/victor/airflow_env/lib/python3.10/site-packages/airflow/example_dags/plugins/workday.py
[2024-07-12T11:03:51.651+0100] {logging_mixin.py:188} INFO - [2024-07-12T11:03:51.650+0100] {workday.py:41} WARNING - Could not import pandas. Holidays will not be considered.
[2024-07-12T11:03:51.654+0100] {processor.py:842} WARNING - No viable dags retrieved from /home/victor/airflow_env/lib/python3.10/site-packages/airflow/example_dags/plugins/workday.py
[2024-07-12T11:03:51.752+0100] {processor.py:183} INFO - Processing /home/victor/airflow_env/lib/python3.10/site-packages/airflow/example_dags/plugins/workday.py took 0.199 seconds
[2024-07-12T11:07:22.076+0100] {processor.py:161} INFO - Started process (PID=16571) to work on /home/victor/airflow_env/lib/python3.10/site-packages/airflow/example_dags/plugins/workday.py
[2024-07-12T11:07:22.082+0100] {processor.py:830} INFO - Processing file /home/victor/airflow_env/lib/python3.10/site-packages/airflow/example_dags/plugins/workday.py for tasks to queue
[2024-07-12T11:07:22.090+0100] {logging_mixin.py:188} INFO - [2024-07-12T11:07:22.088+0100] {dagbag.py:545} INFO - Filling up the DagBag from /home/victor/airflow_env/lib/python3.10/site-packages/airflow/example_dags/plugins/workday.py
[2024-07-12T11:07:22.106+0100] {logging_mixin.py:188} INFO - [2024-07-12T11:07:22.105+0100] {workday.py:41} WARNING - Could not import pandas. Holidays will not be considered.
[2024-07-12T11:07:22.108+0100] {processor.py:842} WARNING - No viable dags retrieved from /home/victor/airflow_env/lib/python3.10/site-packages/airflow/example_dags/plugins/workday.py
[2024-07-12T11:07:22.183+0100] {processor.py:183} INFO - Processing /home/victor/airflow_env/lib/python3.10/site-packages/airflow/example_dags/plugins/workday.py took 0.137 seconds
[2024-07-12T11:09:56.421+0100] {processor.py:161} INFO - Started process (PID=17174) to work on /home/victor/airflow_env/lib/python3.10/site-packages/airflow/example_dags/plugins/workday.py
[2024-07-12T11:09:56.425+0100] {processor.py:830} INFO - Processing file /home/victor/airflow_env/lib/python3.10/site-packages/airflow/example_dags/plugins/workday.py for tasks to queue
[2024-07-12T11:09:56.433+0100] {logging_mixin.py:188} INFO - [2024-07-12T11:09:56.431+0100] {dagbag.py:545} INFO - Filling up the DagBag from /home/victor/airflow_env/lib/python3.10/site-packages/airflow/example_dags/plugins/workday.py
[2024-07-12T11:09:56.450+0100] {logging_mixin.py:188} INFO - [2024-07-12T11:09:56.449+0100] {workday.py:41} WARNING - Could not import pandas. Holidays will not be considered.
[2024-07-12T11:09:56.452+0100] {processor.py:842} WARNING - No viable dags retrieved from /home/victor/airflow_env/lib/python3.10/site-packages/airflow/example_dags/plugins/workday.py
[2024-07-12T11:09:56.530+0100] {processor.py:183} INFO - Processing /home/victor/airflow_env/lib/python3.10/site-packages/airflow/example_dags/plugins/workday.py took 0.136 seconds
[2024-07-12T11:11:54.454+0100] {processor.py:161} INFO - Started process (PID=17656) to work on /home/victor/airflow_env/lib/python3.10/site-packages/airflow/example_dags/plugins/workday.py
[2024-07-12T11:11:54.458+0100] {processor.py:830} INFO - Processing file /home/victor/airflow_env/lib/python3.10/site-packages/airflow/example_dags/plugins/workday.py for tasks to queue
[2024-07-12T11:11:54.466+0100] {logging_mixin.py:188} INFO - [2024-07-12T11:11:54.464+0100] {dagbag.py:545} INFO - Filling up the DagBag from /home/victor/airflow_env/lib/python3.10/site-packages/airflow/example_dags/plugins/workday.py
[2024-07-12T11:11:54.484+0100] {logging_mixin.py:188} INFO - [2024-07-12T11:11:54.483+0100] {workday.py:41} WARNING - Could not import pandas. Holidays will not be considered.
[2024-07-12T11:11:54.486+0100] {processor.py:842} WARNING - No viable dags retrieved from /home/victor/airflow_env/lib/python3.10/site-packages/airflow/example_dags/plugins/workday.py
[2024-07-12T11:11:54.556+0100] {processor.py:183} INFO - Processing /home/victor/airflow_env/lib/python3.10/site-packages/airflow/example_dags/plugins/workday.py took 0.136 seconds
[2024-07-12T11:13:20.566+0100] {processor.py:161} INFO - Started process (PID=18012) to work on /home/victor/airflow_env/lib/python3.10/site-packages/airflow/example_dags/plugins/workday.py
[2024-07-12T11:13:20.570+0100] {processor.py:830} INFO - Processing file /home/victor/airflow_env/lib/python3.10/site-packages/airflow/example_dags/plugins/workday.py for tasks to queue
[2024-07-12T11:13:20.578+0100] {logging_mixin.py:188} INFO - [2024-07-12T11:13:20.576+0100] {dagbag.py:545} INFO - Filling up the DagBag from /home/victor/airflow_env/lib/python3.10/site-packages/airflow/example_dags/plugins/workday.py
[2024-07-12T11:13:20.593+0100] {logging_mixin.py:188} INFO - [2024-07-12T11:13:20.592+0100] {workday.py:41} WARNING - Could not import pandas. Holidays will not be considered.
[2024-07-12T11:13:20.596+0100] {processor.py:842} WARNING - No viable dags retrieved from /home/victor/airflow_env/lib/python3.10/site-packages/airflow/example_dags/plugins/workday.py
[2024-07-12T11:13:20.686+0100] {processor.py:183} INFO - Processing /home/victor/airflow_env/lib/python3.10/site-packages/airflow/example_dags/plugins/workday.py took 0.148 seconds
[2024-07-12T11:15:33.237+0100] {processor.py:161} INFO - Started process (PID=18551) to work on /home/victor/airflow_env/lib/python3.10/site-packages/airflow/example_dags/plugins/workday.py
[2024-07-12T11:15:33.243+0100] {processor.py:830} INFO - Processing file /home/victor/airflow_env/lib/python3.10/site-packages/airflow/example_dags/plugins/workday.py for tasks to queue
[2024-07-12T11:15:33.251+0100] {logging_mixin.py:188} INFO - [2024-07-12T11:15:33.249+0100] {dagbag.py:545} INFO - Filling up the DagBag from /home/victor/airflow_env/lib/python3.10/site-packages/airflow/example_dags/plugins/workday.py
[2024-07-12T11:15:33.268+0100] {logging_mixin.py:188} INFO - [2024-07-12T11:15:33.267+0100] {workday.py:41} WARNING - Could not import pandas. Holidays will not be considered.
[2024-07-12T11:15:33.271+0100] {processor.py:842} WARNING - No viable dags retrieved from /home/victor/airflow_env/lib/python3.10/site-packages/airflow/example_dags/plugins/workday.py
[2024-07-12T11:15:33.357+0100] {processor.py:183} INFO - Processing /home/victor/airflow_env/lib/python3.10/site-packages/airflow/example_dags/plugins/workday.py took 0.150 seconds
[2024-07-12T11:17:54.242+0100] {processor.py:161} INFO - Started process (PID=19124) to work on /home/victor/airflow_env/lib/python3.10/site-packages/airflow/example_dags/plugins/workday.py
[2024-07-12T11:17:54.246+0100] {processor.py:830} INFO - Processing file /home/victor/airflow_env/lib/python3.10/site-packages/airflow/example_dags/plugins/workday.py for tasks to queue
[2024-07-12T11:17:54.255+0100] {logging_mixin.py:188} INFO - [2024-07-12T11:17:54.253+0100] {dagbag.py:545} INFO - Filling up the DagBag from /home/victor/airflow_env/lib/python3.10/site-packages/airflow/example_dags/plugins/workday.py
[2024-07-12T11:17:54.275+0100] {logging_mixin.py:188} INFO - [2024-07-12T11:17:54.274+0100] {workday.py:41} WARNING - Could not import pandas. Holidays will not be considered.
[2024-07-12T11:17:54.278+0100] {processor.py:842} WARNING - No viable dags retrieved from /home/victor/airflow_env/lib/python3.10/site-packages/airflow/example_dags/plugins/workday.py
[2024-07-12T11:17:54.379+0100] {processor.py:183} INFO - Processing /home/victor/airflow_env/lib/python3.10/site-packages/airflow/example_dags/plugins/workday.py took 0.166 seconds
[2024-07-12T11:19:29.293+0100] {processor.py:161} INFO - Started process (PID=19517) to work on /home/victor/airflow_env/lib/python3.10/site-packages/airflow/example_dags/plugins/workday.py
[2024-07-12T11:19:29.299+0100] {processor.py:830} INFO - Processing file /home/victor/airflow_env/lib/python3.10/site-packages/airflow/example_dags/plugins/workday.py for tasks to queue
[2024-07-12T11:19:29.307+0100] {logging_mixin.py:188} INFO - [2024-07-12T11:19:29.305+0100] {dagbag.py:545} INFO - Filling up the DagBag from /home/victor/airflow_env/lib/python3.10/site-packages/airflow/example_dags/plugins/workday.py
[2024-07-12T11:19:29.323+0100] {logging_mixin.py:188} INFO - [2024-07-12T11:19:29.322+0100] {workday.py:41} WARNING - Could not import pandas. Holidays will not be considered.
[2024-07-12T11:19:29.326+0100] {processor.py:842} WARNING - No viable dags retrieved from /home/victor/airflow_env/lib/python3.10/site-packages/airflow/example_dags/plugins/workday.py
[2024-07-12T11:19:29.401+0100] {processor.py:183} INFO - Processing /home/victor/airflow_env/lib/python3.10/site-packages/airflow/example_dags/plugins/workday.py took 0.137 seconds
[2024-07-12T11:20:57.521+0100] {processor.py:161} INFO - Started process (PID=19883) to work on /home/victor/airflow_env/lib/python3.10/site-packages/airflow/example_dags/plugins/workday.py
[2024-07-12T11:20:57.529+0100] {processor.py:830} INFO - Processing file /home/victor/airflow_env/lib/python3.10/site-packages/airflow/example_dags/plugins/workday.py for tasks to queue
[2024-07-12T11:20:57.546+0100] {logging_mixin.py:188} INFO - [2024-07-12T11:20:57.541+0100] {dagbag.py:545} INFO - Filling up the DagBag from /home/victor/airflow_env/lib/python3.10/site-packages/airflow/example_dags/plugins/workday.py
[2024-07-12T11:20:57.561+0100] {logging_mixin.py:188} INFO - [2024-07-12T11:20:57.560+0100] {workday.py:41} WARNING - Could not import pandas. Holidays will not be considered.
[2024-07-12T11:20:57.563+0100] {processor.py:842} WARNING - No viable dags retrieved from /home/victor/airflow_env/lib/python3.10/site-packages/airflow/example_dags/plugins/workday.py
[2024-07-12T11:20:57.641+0100] {processor.py:183} INFO - Processing /home/victor/airflow_env/lib/python3.10/site-packages/airflow/example_dags/plugins/workday.py took 0.151 seconds
[2024-07-12T11:22:46.647+0100] {processor.py:161} INFO - Started process (PID=20332) to work on /home/victor/airflow_env/lib/python3.10/site-packages/airflow/example_dags/plugins/workday.py
[2024-07-12T11:22:46.651+0100] {processor.py:830} INFO - Processing file /home/victor/airflow_env/lib/python3.10/site-packages/airflow/example_dags/plugins/workday.py for tasks to queue
[2024-07-12T11:22:46.661+0100] {logging_mixin.py:188} INFO - [2024-07-12T11:22:46.658+0100] {dagbag.py:545} INFO - Filling up the DagBag from /home/victor/airflow_env/lib/python3.10/site-packages/airflow/example_dags/plugins/workday.py
[2024-07-12T11:22:46.679+0100] {logging_mixin.py:188} INFO - [2024-07-12T11:22:46.679+0100] {workday.py:41} WARNING - Could not import pandas. Holidays will not be considered.
[2024-07-12T11:22:46.682+0100] {processor.py:842} WARNING - No viable dags retrieved from /home/victor/airflow_env/lib/python3.10/site-packages/airflow/example_dags/plugins/workday.py
[2024-07-12T11:22:46.791+0100] {processor.py:183} INFO - Processing /home/victor/airflow_env/lib/python3.10/site-packages/airflow/example_dags/plugins/workday.py took 0.176 seconds
[2024-07-12T11:24:21.856+0100] {processor.py:161} INFO - Started process (PID=20726) to work on /home/victor/airflow_env/lib/python3.10/site-packages/airflow/example_dags/plugins/workday.py
[2024-07-12T11:24:21.861+0100] {processor.py:830} INFO - Processing file /home/victor/airflow_env/lib/python3.10/site-packages/airflow/example_dags/plugins/workday.py for tasks to queue
[2024-07-12T11:24:21.869+0100] {logging_mixin.py:188} INFO - [2024-07-12T11:24:21.868+0100] {dagbag.py:545} INFO - Filling up the DagBag from /home/victor/airflow_env/lib/python3.10/site-packages/airflow/example_dags/plugins/workday.py
[2024-07-12T11:24:21.885+0100] {logging_mixin.py:188} INFO - [2024-07-12T11:24:21.884+0100] {workday.py:41} WARNING - Could not import pandas. Holidays will not be considered.
[2024-07-12T11:24:21.888+0100] {processor.py:842} WARNING - No viable dags retrieved from /home/victor/airflow_env/lib/python3.10/site-packages/airflow/example_dags/plugins/workday.py
[2024-07-12T11:24:21.961+0100] {processor.py:183} INFO - Processing /home/victor/airflow_env/lib/python3.10/site-packages/airflow/example_dags/plugins/workday.py took 0.135 seconds
[2024-07-12T11:26:09.892+0100] {processor.py:161} INFO - Started process (PID=21164) to work on /home/victor/airflow_env/lib/python3.10/site-packages/airflow/example_dags/plugins/workday.py
[2024-07-12T11:26:09.911+0100] {processor.py:830} INFO - Processing file /home/victor/airflow_env/lib/python3.10/site-packages/airflow/example_dags/plugins/workday.py for tasks to queue
[2024-07-12T11:26:09.930+0100] {logging_mixin.py:188} INFO - [2024-07-12T11:26:09.928+0100] {dagbag.py:545} INFO - Filling up the DagBag from /home/victor/airflow_env/lib/python3.10/site-packages/airflow/example_dags/plugins/workday.py
[2024-07-12T11:26:10.019+0100] {logging_mixin.py:188} INFO - [2024-07-12T11:26:10.018+0100] {workday.py:41} WARNING - Could not import pandas. Holidays will not be considered.
[2024-07-12T11:26:10.024+0100] {processor.py:842} WARNING - No viable dags retrieved from /home/victor/airflow_env/lib/python3.10/site-packages/airflow/example_dags/plugins/workday.py
[2024-07-12T11:26:10.362+0100] {processor.py:183} INFO - Processing /home/victor/airflow_env/lib/python3.10/site-packages/airflow/example_dags/plugins/workday.py took 0.567 seconds
[2024-07-12T11:27:44.112+0100] {processor.py:161} INFO - Started process (PID=21552) to work on /home/victor/airflow_env/lib/python3.10/site-packages/airflow/example_dags/plugins/workday.py
[2024-07-12T11:27:44.116+0100] {processor.py:830} INFO - Processing file /home/victor/airflow_env/lib/python3.10/site-packages/airflow/example_dags/plugins/workday.py for tasks to queue
[2024-07-12T11:27:44.124+0100] {logging_mixin.py:188} INFO - [2024-07-12T11:27:44.123+0100] {dagbag.py:545} INFO - Filling up the DagBag from /home/victor/airflow_env/lib/python3.10/site-packages/airflow/example_dags/plugins/workday.py
[2024-07-12T11:27:44.140+0100] {logging_mixin.py:188} INFO - [2024-07-12T11:27:44.139+0100] {workday.py:41} WARNING - Could not import pandas. Holidays will not be considered.
[2024-07-12T11:27:44.143+0100] {processor.py:842} WARNING - No viable dags retrieved from /home/victor/airflow_env/lib/python3.10/site-packages/airflow/example_dags/plugins/workday.py
[2024-07-12T11:27:44.224+0100] {processor.py:183} INFO - Processing /home/victor/airflow_env/lib/python3.10/site-packages/airflow/example_dags/plugins/workday.py took 0.142 seconds
[2024-07-12T11:29:12.214+0100] {processor.py:161} INFO - Started process (PID=21913) to work on /home/victor/airflow_env/lib/python3.10/site-packages/airflow/example_dags/plugins/workday.py
[2024-07-12T11:29:12.220+0100] {processor.py:830} INFO - Processing file /home/victor/airflow_env/lib/python3.10/site-packages/airflow/example_dags/plugins/workday.py for tasks to queue
[2024-07-12T11:29:12.230+0100] {logging_mixin.py:188} INFO - [2024-07-12T11:29:12.228+0100] {dagbag.py:545} INFO - Filling up the DagBag from /home/victor/airflow_env/lib/python3.10/site-packages/airflow/example_dags/plugins/workday.py
[2024-07-12T11:29:12.249+0100] {logging_mixin.py:188} INFO - [2024-07-12T11:29:12.248+0100] {workday.py:41} WARNING - Could not import pandas. Holidays will not be considered.
[2024-07-12T11:29:12.251+0100] {processor.py:842} WARNING - No viable dags retrieved from /home/victor/airflow_env/lib/python3.10/site-packages/airflow/example_dags/plugins/workday.py
[2024-07-12T11:29:12.366+0100] {processor.py:183} INFO - Processing /home/victor/airflow_env/lib/python3.10/site-packages/airflow/example_dags/plugins/workday.py took 0.190 seconds
[2024-07-12T11:31:30.415+0100] {processor.py:161} INFO - Started process (PID=22510) to work on /home/victor/airflow_env/lib/python3.10/site-packages/airflow/example_dags/plugins/workday.py
[2024-07-12T11:31:30.483+0100] {processor.py:830} INFO - Processing file /home/victor/airflow_env/lib/python3.10/site-packages/airflow/example_dags/plugins/workday.py for tasks to queue
[2024-07-12T11:31:30.588+0100] {logging_mixin.py:188} INFO - [2024-07-12T11:31:30.586+0100] {dagbag.py:545} INFO - Filling up the DagBag from /home/victor/airflow_env/lib/python3.10/site-packages/airflow/example_dags/plugins/workday.py
[2024-07-12T11:31:30.782+0100] {logging_mixin.py:188} INFO - [2024-07-12T11:31:30.780+0100] {workday.py:41} WARNING - Could not import pandas. Holidays will not be considered.
[2024-07-12T11:31:30.868+0100] {processor.py:842} WARNING - No viable dags retrieved from /home/victor/airflow_env/lib/python3.10/site-packages/airflow/example_dags/plugins/workday.py
[2024-07-12T11:31:31.812+0100] {processor.py:183} INFO - Processing /home/victor/airflow_env/lib/python3.10/site-packages/airflow/example_dags/plugins/workday.py took 1.582 seconds
[2024-07-12T11:33:54.797+0100] {processor.py:161} INFO - Started process (PID=23444) to work on /home/victor/airflow_env/lib/python3.10/site-packages/airflow/example_dags/plugins/workday.py
[2024-07-12T11:33:54.801+0100] {processor.py:830} INFO - Processing file /home/victor/airflow_env/lib/python3.10/site-packages/airflow/example_dags/plugins/workday.py for tasks to queue
[2024-07-12T11:33:54.809+0100] {logging_mixin.py:188} INFO - [2024-07-12T11:33:54.807+0100] {dagbag.py:545} INFO - Filling up the DagBag from /home/victor/airflow_env/lib/python3.10/site-packages/airflow/example_dags/plugins/workday.py
[2024-07-12T11:33:54.825+0100] {logging_mixin.py:188} INFO - [2024-07-12T11:33:54.824+0100] {workday.py:41} WARNING - Could not import pandas. Holidays will not be considered.
[2024-07-12T11:33:54.828+0100] {processor.py:842} WARNING - No viable dags retrieved from /home/victor/airflow_env/lib/python3.10/site-packages/airflow/example_dags/plugins/workday.py
[2024-07-12T11:33:54.924+0100] {processor.py:183} INFO - Processing /home/victor/airflow_env/lib/python3.10/site-packages/airflow/example_dags/plugins/workday.py took 0.157 seconds
[2024-07-12T11:35:48.651+0100] {processor.py:161} INFO - Started process (PID=23909) to work on /home/victor/airflow_env/lib/python3.10/site-packages/airflow/example_dags/plugins/workday.py
[2024-07-12T11:35:48.656+0100] {processor.py:830} INFO - Processing file /home/victor/airflow_env/lib/python3.10/site-packages/airflow/example_dags/plugins/workday.py for tasks to queue
[2024-07-12T11:35:48.664+0100] {logging_mixin.py:188} INFO - [2024-07-12T11:35:48.663+0100] {dagbag.py:545} INFO - Filling up the DagBag from /home/victor/airflow_env/lib/python3.10/site-packages/airflow/example_dags/plugins/workday.py
[2024-07-12T11:35:48.682+0100] {logging_mixin.py:188} INFO - [2024-07-12T11:35:48.681+0100] {workday.py:41} WARNING - Could not import pandas. Holidays will not be considered.
[2024-07-12T11:35:48.684+0100] {processor.py:842} WARNING - No viable dags retrieved from /home/victor/airflow_env/lib/python3.10/site-packages/airflow/example_dags/plugins/workday.py
[2024-07-12T11:35:48.765+0100] {processor.py:183} INFO - Processing /home/victor/airflow_env/lib/python3.10/site-packages/airflow/example_dags/plugins/workday.py took 0.144 seconds
[2024-07-12T11:37:21.837+0100] {processor.py:161} INFO - Started process (PID=24329) to work on /home/victor/airflow_env/lib/python3.10/site-packages/airflow/example_dags/plugins/workday.py
[2024-07-12T11:37:21.841+0100] {processor.py:830} INFO - Processing file /home/victor/airflow_env/lib/python3.10/site-packages/airflow/example_dags/plugins/workday.py for tasks to queue
[2024-07-12T11:37:21.849+0100] {logging_mixin.py:188} INFO - [2024-07-12T11:37:21.848+0100] {dagbag.py:545} INFO - Filling up the DagBag from /home/victor/airflow_env/lib/python3.10/site-packages/airflow/example_dags/plugins/workday.py
[2024-07-12T11:37:21.866+0100] {logging_mixin.py:188} INFO - [2024-07-12T11:37:21.865+0100] {workday.py:41} WARNING - Could not import pandas. Holidays will not be considered.
[2024-07-12T11:37:21.868+0100] {processor.py:842} WARNING - No viable dags retrieved from /home/victor/airflow_env/lib/python3.10/site-packages/airflow/example_dags/plugins/workday.py
[2024-07-12T11:37:21.944+0100] {processor.py:183} INFO - Processing /home/victor/airflow_env/lib/python3.10/site-packages/airflow/example_dags/plugins/workday.py took 0.138 seconds
[2024-07-12T11:38:43.476+0100] {processor.py:161} INFO - Started process (PID=24669) to work on /home/victor/airflow_env/lib/python3.10/site-packages/airflow/example_dags/plugins/workday.py
[2024-07-12T11:38:43.486+0100] {processor.py:830} INFO - Processing file /home/victor/airflow_env/lib/python3.10/site-packages/airflow/example_dags/plugins/workday.py for tasks to queue
[2024-07-12T11:38:43.494+0100] {logging_mixin.py:188} INFO - [2024-07-12T11:38:43.492+0100] {dagbag.py:545} INFO - Filling up the DagBag from /home/victor/airflow_env/lib/python3.10/site-packages/airflow/example_dags/plugins/workday.py
[2024-07-12T11:38:43.515+0100] {logging_mixin.py:188} INFO - [2024-07-12T11:38:43.514+0100] {workday.py:41} WARNING - Could not import pandas. Holidays will not be considered.
[2024-07-12T11:38:43.518+0100] {processor.py:842} WARNING - No viable dags retrieved from /home/victor/airflow_env/lib/python3.10/site-packages/airflow/example_dags/plugins/workday.py
[2024-07-12T11:38:43.625+0100] {processor.py:183} INFO - Processing /home/victor/airflow_env/lib/python3.10/site-packages/airflow/example_dags/plugins/workday.py took 0.185 seconds
[2024-07-12T11:40:14.543+0100] {processor.py:161} INFO - Started process (PID=25041) to work on /home/victor/airflow_env/lib/python3.10/site-packages/airflow/example_dags/plugins/workday.py
[2024-07-12T11:40:14.547+0100] {processor.py:830} INFO - Processing file /home/victor/airflow_env/lib/python3.10/site-packages/airflow/example_dags/plugins/workday.py for tasks to queue
[2024-07-12T11:40:14.555+0100] {logging_mixin.py:188} INFO - [2024-07-12T11:40:14.553+0100] {dagbag.py:545} INFO - Filling up the DagBag from /home/victor/airflow_env/lib/python3.10/site-packages/airflow/example_dags/plugins/workday.py
[2024-07-12T11:40:14.571+0100] {logging_mixin.py:188} INFO - [2024-07-12T11:40:14.569+0100] {workday.py:41} WARNING - Could not import pandas. Holidays will not be considered.
[2024-07-12T11:40:14.574+0100] {processor.py:842} WARNING - No viable dags retrieved from /home/victor/airflow_env/lib/python3.10/site-packages/airflow/example_dags/plugins/workday.py
[2024-07-12T11:40:14.660+0100] {processor.py:183} INFO - Processing /home/victor/airflow_env/lib/python3.10/site-packages/airflow/example_dags/plugins/workday.py took 0.159 seconds
[2024-07-12T11:41:46.835+0100] {processor.py:161} INFO - Started process (PID=25415) to work on /home/victor/airflow_env/lib/python3.10/site-packages/airflow/example_dags/plugins/workday.py
[2024-07-12T11:41:46.839+0100] {processor.py:830} INFO - Processing file /home/victor/airflow_env/lib/python3.10/site-packages/airflow/example_dags/plugins/workday.py for tasks to queue
[2024-07-12T11:41:46.849+0100] {logging_mixin.py:188} INFO - [2024-07-12T11:41:46.847+0100] {dagbag.py:545} INFO - Filling up the DagBag from /home/victor/airflow_env/lib/python3.10/site-packages/airflow/example_dags/plugins/workday.py
[2024-07-12T11:41:46.874+0100] {logging_mixin.py:188} INFO - [2024-07-12T11:41:46.872+0100] {workday.py:41} WARNING - Could not import pandas. Holidays will not be considered.
[2024-07-12T11:41:46.877+0100] {processor.py:842} WARNING - No viable dags retrieved from /home/victor/airflow_env/lib/python3.10/site-packages/airflow/example_dags/plugins/workday.py
[2024-07-12T11:41:46.988+0100] {processor.py:183} INFO - Processing /home/victor/airflow_env/lib/python3.10/site-packages/airflow/example_dags/plugins/workday.py took 0.186 seconds
[2024-07-12T11:43:15.463+0100] {processor.py:161} INFO - Started process (PID=25778) to work on /home/victor/airflow_env/lib/python3.10/site-packages/airflow/example_dags/plugins/workday.py
[2024-07-12T11:43:15.468+0100] {processor.py:830} INFO - Processing file /home/victor/airflow_env/lib/python3.10/site-packages/airflow/example_dags/plugins/workday.py for tasks to queue
[2024-07-12T11:43:15.476+0100] {logging_mixin.py:188} INFO - [2024-07-12T11:43:15.475+0100] {dagbag.py:545} INFO - Filling up the DagBag from /home/victor/airflow_env/lib/python3.10/site-packages/airflow/example_dags/plugins/workday.py
[2024-07-12T11:43:15.494+0100] {logging_mixin.py:188} INFO - [2024-07-12T11:43:15.493+0100] {workday.py:41} WARNING - Could not import pandas. Holidays will not be considered.
[2024-07-12T11:43:15.496+0100] {processor.py:842} WARNING - No viable dags retrieved from /home/victor/airflow_env/lib/python3.10/site-packages/airflow/example_dags/plugins/workday.py
[2024-07-12T11:43:15.578+0100] {processor.py:183} INFO - Processing /home/victor/airflow_env/lib/python3.10/site-packages/airflow/example_dags/plugins/workday.py took 0.146 seconds
[2024-07-12T11:44:37.194+0100] {processor.py:161} INFO - Started process (PID=26117) to work on /home/victor/airflow_env/lib/python3.10/site-packages/airflow/example_dags/plugins/workday.py
[2024-07-12T11:44:37.201+0100] {processor.py:830} INFO - Processing file /home/victor/airflow_env/lib/python3.10/site-packages/airflow/example_dags/plugins/workday.py for tasks to queue
[2024-07-12T11:44:37.222+0100] {logging_mixin.py:188} INFO - [2024-07-12T11:44:37.216+0100] {dagbag.py:545} INFO - Filling up the DagBag from /home/victor/airflow_env/lib/python3.10/site-packages/airflow/example_dags/plugins/workday.py
[2024-07-12T11:44:37.249+0100] {logging_mixin.py:188} INFO - [2024-07-12T11:44:37.248+0100] {workday.py:41} WARNING - Could not import pandas. Holidays will not be considered.
[2024-07-12T11:44:37.254+0100] {processor.py:842} WARNING - No viable dags retrieved from /home/victor/airflow_env/lib/python3.10/site-packages/airflow/example_dags/plugins/workday.py
[2024-07-12T11:44:37.379+0100] {processor.py:183} INFO - Processing /home/victor/airflow_env/lib/python3.10/site-packages/airflow/example_dags/plugins/workday.py took 0.265 seconds
[2024-07-12T11:46:03.702+0100] {processor.py:161} INFO - Started process (PID=26478) to work on /home/victor/airflow_env/lib/python3.10/site-packages/airflow/example_dags/plugins/workday.py
[2024-07-12T11:46:03.706+0100] {processor.py:830} INFO - Processing file /home/victor/airflow_env/lib/python3.10/site-packages/airflow/example_dags/plugins/workday.py for tasks to queue
[2024-07-12T11:46:03.714+0100] {logging_mixin.py:188} INFO - [2024-07-12T11:46:03.713+0100] {dagbag.py:545} INFO - Filling up the DagBag from /home/victor/airflow_env/lib/python3.10/site-packages/airflow/example_dags/plugins/workday.py
[2024-07-12T11:46:03.729+0100] {logging_mixin.py:188} INFO - [2024-07-12T11:46:03.728+0100] {workday.py:41} WARNING - Could not import pandas. Holidays will not be considered.
[2024-07-12T11:46:03.731+0100] {processor.py:842} WARNING - No viable dags retrieved from /home/victor/airflow_env/lib/python3.10/site-packages/airflow/example_dags/plugins/workday.py
[2024-07-12T11:46:03.802+0100] {processor.py:183} INFO - Processing /home/victor/airflow_env/lib/python3.10/site-packages/airflow/example_dags/plugins/workday.py took 0.129 seconds
[2024-07-12T11:47:23.518+0100] {processor.py:161} INFO - Started process (PID=26813) to work on /home/victor/airflow_env/lib/python3.10/site-packages/airflow/example_dags/plugins/workday.py
[2024-07-12T11:47:23.523+0100] {processor.py:830} INFO - Processing file /home/victor/airflow_env/lib/python3.10/site-packages/airflow/example_dags/plugins/workday.py for tasks to queue
[2024-07-12T11:47:23.531+0100] {logging_mixin.py:188} INFO - [2024-07-12T11:47:23.529+0100] {dagbag.py:545} INFO - Filling up the DagBag from /home/victor/airflow_env/lib/python3.10/site-packages/airflow/example_dags/plugins/workday.py
[2024-07-12T11:47:23.548+0100] {logging_mixin.py:188} INFO - [2024-07-12T11:47:23.548+0100] {workday.py:41} WARNING - Could not import pandas. Holidays will not be considered.
[2024-07-12T11:47:23.551+0100] {processor.py:842} WARNING - No viable dags retrieved from /home/victor/airflow_env/lib/python3.10/site-packages/airflow/example_dags/plugins/workday.py
[2024-07-12T11:47:23.633+0100] {processor.py:183} INFO - Processing /home/victor/airflow_env/lib/python3.10/site-packages/airflow/example_dags/plugins/workday.py took 0.144 seconds
[2024-07-12T11:49:05.277+0100] {processor.py:161} INFO - Started process (PID=27227) to work on /home/victor/airflow_env/lib/python3.10/site-packages/airflow/example_dags/plugins/workday.py
[2024-07-12T11:49:05.281+0100] {processor.py:830} INFO - Processing file /home/victor/airflow_env/lib/python3.10/site-packages/airflow/example_dags/plugins/workday.py for tasks to queue
[2024-07-12T11:49:05.290+0100] {logging_mixin.py:188} INFO - [2024-07-12T11:49:05.288+0100] {dagbag.py:545} INFO - Filling up the DagBag from /home/victor/airflow_env/lib/python3.10/site-packages/airflow/example_dags/plugins/workday.py
[2024-07-12T11:49:05.308+0100] {logging_mixin.py:188} INFO - [2024-07-12T11:49:05.307+0100] {workday.py:41} WARNING - Could not import pandas. Holidays will not be considered.
[2024-07-12T11:49:05.311+0100] {processor.py:842} WARNING - No viable dags retrieved from /home/victor/airflow_env/lib/python3.10/site-packages/airflow/example_dags/plugins/workday.py
[2024-07-12T11:49:05.408+0100] {processor.py:183} INFO - Processing /home/victor/airflow_env/lib/python3.10/site-packages/airflow/example_dags/plugins/workday.py took 0.161 seconds
[2024-07-12T11:50:36.868+0100] {processor.py:161} INFO - Started process (PID=27606) to work on /home/victor/airflow_env/lib/python3.10/site-packages/airflow/example_dags/plugins/workday.py
[2024-07-12T11:50:36.872+0100] {processor.py:830} INFO - Processing file /home/victor/airflow_env/lib/python3.10/site-packages/airflow/example_dags/plugins/workday.py for tasks to queue
[2024-07-12T11:50:36.880+0100] {logging_mixin.py:188} INFO - [2024-07-12T11:50:36.878+0100] {dagbag.py:545} INFO - Filling up the DagBag from /home/victor/airflow_env/lib/python3.10/site-packages/airflow/example_dags/plugins/workday.py
[2024-07-12T11:50:36.896+0100] {logging_mixin.py:188} INFO - [2024-07-12T11:50:36.895+0100] {workday.py:41} WARNING - Could not import pandas. Holidays will not be considered.
[2024-07-12T11:50:36.898+0100] {processor.py:842} WARNING - No viable dags retrieved from /home/victor/airflow_env/lib/python3.10/site-packages/airflow/example_dags/plugins/workday.py
[2024-07-12T11:50:36.977+0100] {processor.py:183} INFO - Processing /home/victor/airflow_env/lib/python3.10/site-packages/airflow/example_dags/plugins/workday.py took 0.138 seconds
[2024-07-12T11:51:59.034+0100] {processor.py:161} INFO - Started process (PID=27944) to work on /home/victor/airflow_env/lib/python3.10/site-packages/airflow/example_dags/plugins/workday.py
[2024-07-12T11:51:59.039+0100] {processor.py:830} INFO - Processing file /home/victor/airflow_env/lib/python3.10/site-packages/airflow/example_dags/plugins/workday.py for tasks to queue
[2024-07-12T11:51:59.047+0100] {logging_mixin.py:188} INFO - [2024-07-12T11:51:59.045+0100] {dagbag.py:545} INFO - Filling up the DagBag from /home/victor/airflow_env/lib/python3.10/site-packages/airflow/example_dags/plugins/workday.py
[2024-07-12T11:51:59.062+0100] {logging_mixin.py:188} INFO - [2024-07-12T11:51:59.061+0100] {workday.py:41} WARNING - Could not import pandas. Holidays will not be considered.
[2024-07-12T11:51:59.065+0100] {processor.py:842} WARNING - No viable dags retrieved from /home/victor/airflow_env/lib/python3.10/site-packages/airflow/example_dags/plugins/workday.py
[2024-07-12T11:51:59.141+0100] {processor.py:183} INFO - Processing /home/victor/airflow_env/lib/python3.10/site-packages/airflow/example_dags/plugins/workday.py took 0.134 seconds
[2024-07-12T11:53:18.479+0100] {processor.py:161} INFO - Started process (PID=28275) to work on /home/victor/airflow_env/lib/python3.10/site-packages/airflow/example_dags/plugins/workday.py
[2024-07-12T11:53:18.484+0100] {processor.py:830} INFO - Processing file /home/victor/airflow_env/lib/python3.10/site-packages/airflow/example_dags/plugins/workday.py for tasks to queue
[2024-07-12T11:53:18.494+0100] {logging_mixin.py:188} INFO - [2024-07-12T11:53:18.492+0100] {dagbag.py:545} INFO - Filling up the DagBag from /home/victor/airflow_env/lib/python3.10/site-packages/airflow/example_dags/plugins/workday.py
[2024-07-12T11:53:18.514+0100] {logging_mixin.py:188} INFO - [2024-07-12T11:53:18.513+0100] {workday.py:41} WARNING - Could not import pandas. Holidays will not be considered.
[2024-07-12T11:53:18.516+0100] {processor.py:842} WARNING - No viable dags retrieved from /home/victor/airflow_env/lib/python3.10/site-packages/airflow/example_dags/plugins/workday.py
[2024-07-12T11:53:18.591+0100] {processor.py:183} INFO - Processing /home/victor/airflow_env/lib/python3.10/site-packages/airflow/example_dags/plugins/workday.py took 0.140 seconds
[2024-07-12T11:54:38.312+0100] {processor.py:161} INFO - Started process (PID=28606) to work on /home/victor/airflow_env/lib/python3.10/site-packages/airflow/example_dags/plugins/workday.py
[2024-07-12T11:54:38.327+0100] {processor.py:830} INFO - Processing file /home/victor/airflow_env/lib/python3.10/site-packages/airflow/example_dags/plugins/workday.py for tasks to queue
[2024-07-12T11:54:38.347+0100] {logging_mixin.py:188} INFO - [2024-07-12T11:54:38.335+0100] {dagbag.py:545} INFO - Filling up the DagBag from /home/victor/airflow_env/lib/python3.10/site-packages/airflow/example_dags/plugins/workday.py
[2024-07-12T11:54:38.378+0100] {logging_mixin.py:188} INFO - [2024-07-12T11:54:38.377+0100] {workday.py:41} WARNING - Could not import pandas. Holidays will not be considered.
[2024-07-12T11:54:38.381+0100] {processor.py:842} WARNING - No viable dags retrieved from /home/victor/airflow_env/lib/python3.10/site-packages/airflow/example_dags/plugins/workday.py
[2024-07-12T11:54:38.467+0100] {processor.py:183} INFO - Processing /home/victor/airflow_env/lib/python3.10/site-packages/airflow/example_dags/plugins/workday.py took 0.221 seconds
[2024-07-12T11:56:02.962+0100] {processor.py:161} INFO - Started process (PID=28954) to work on /home/victor/airflow_env/lib/python3.10/site-packages/airflow/example_dags/plugins/workday.py
[2024-07-12T11:56:02.967+0100] {processor.py:830} INFO - Processing file /home/victor/airflow_env/lib/python3.10/site-packages/airflow/example_dags/plugins/workday.py for tasks to queue
[2024-07-12T11:56:02.975+0100] {logging_mixin.py:188} INFO - [2024-07-12T11:56:02.973+0100] {dagbag.py:545} INFO - Filling up the DagBag from /home/victor/airflow_env/lib/python3.10/site-packages/airflow/example_dags/plugins/workday.py
[2024-07-12T11:56:03.001+0100] {logging_mixin.py:188} INFO - [2024-07-12T11:56:03.000+0100] {workday.py:41} WARNING - Could not import pandas. Holidays will not be considered.
[2024-07-12T11:56:03.004+0100] {processor.py:842} WARNING - No viable dags retrieved from /home/victor/airflow_env/lib/python3.10/site-packages/airflow/example_dags/plugins/workday.py
[2024-07-12T11:56:03.105+0100] {processor.py:183} INFO - Processing /home/victor/airflow_env/lib/python3.10/site-packages/airflow/example_dags/plugins/workday.py took 0.177 seconds
[2024-07-12T11:57:31.095+0100] {processor.py:161} INFO - Started process (PID=29311) to work on /home/victor/airflow_env/lib/python3.10/site-packages/airflow/example_dags/plugins/workday.py
[2024-07-12T11:57:31.099+0100] {processor.py:830} INFO - Processing file /home/victor/airflow_env/lib/python3.10/site-packages/airflow/example_dags/plugins/workday.py for tasks to queue
[2024-07-12T11:57:31.108+0100] {logging_mixin.py:188} INFO - [2024-07-12T11:57:31.106+0100] {dagbag.py:545} INFO - Filling up the DagBag from /home/victor/airflow_env/lib/python3.10/site-packages/airflow/example_dags/plugins/workday.py
[2024-07-12T11:57:31.124+0100] {logging_mixin.py:188} INFO - [2024-07-12T11:57:31.123+0100] {workday.py:41} WARNING - Could not import pandas. Holidays will not be considered.
[2024-07-12T11:57:31.126+0100] {processor.py:842} WARNING - No viable dags retrieved from /home/victor/airflow_env/lib/python3.10/site-packages/airflow/example_dags/plugins/workday.py
[2024-07-12T11:57:31.209+0100] {processor.py:183} INFO - Processing /home/victor/airflow_env/lib/python3.10/site-packages/airflow/example_dags/plugins/workday.py took 0.144 seconds
[2024-07-12T11:58:53.812+0100] {processor.py:161} INFO - Started process (PID=29654) to work on /home/victor/airflow_env/lib/python3.10/site-packages/airflow/example_dags/plugins/workday.py
[2024-07-12T11:58:53.817+0100] {processor.py:830} INFO - Processing file /home/victor/airflow_env/lib/python3.10/site-packages/airflow/example_dags/plugins/workday.py for tasks to queue
[2024-07-12T11:58:53.825+0100] {logging_mixin.py:188} INFO - [2024-07-12T11:58:53.824+0100] {dagbag.py:545} INFO - Filling up the DagBag from /home/victor/airflow_env/lib/python3.10/site-packages/airflow/example_dags/plugins/workday.py
[2024-07-12T11:58:53.843+0100] {logging_mixin.py:188} INFO - [2024-07-12T11:58:53.843+0100] {workday.py:41} WARNING - Could not import pandas. Holidays will not be considered.
[2024-07-12T11:58:53.846+0100] {processor.py:842} WARNING - No viable dags retrieved from /home/victor/airflow_env/lib/python3.10/site-packages/airflow/example_dags/plugins/workday.py
[2024-07-12T11:58:53.936+0100] {processor.py:183} INFO - Processing /home/victor/airflow_env/lib/python3.10/site-packages/airflow/example_dags/plugins/workday.py took 0.158 seconds
[2024-07-12T12:00:12.457+0100] {processor.py:161} INFO - Started process (PID=29982) to work on /home/victor/airflow_env/lib/python3.10/site-packages/airflow/example_dags/plugins/workday.py
[2024-07-12T12:00:12.462+0100] {processor.py:830} INFO - Processing file /home/victor/airflow_env/lib/python3.10/site-packages/airflow/example_dags/plugins/workday.py for tasks to queue
[2024-07-12T12:00:12.471+0100] {logging_mixin.py:188} INFO - [2024-07-12T12:00:12.469+0100] {dagbag.py:545} INFO - Filling up the DagBag from /home/victor/airflow_env/lib/python3.10/site-packages/airflow/example_dags/plugins/workday.py
[2024-07-12T12:00:12.491+0100] {logging_mixin.py:188} INFO - [2024-07-12T12:00:12.489+0100] {workday.py:41} WARNING - Could not import pandas. Holidays will not be considered.
[2024-07-12T12:00:12.493+0100] {processor.py:842} WARNING - No viable dags retrieved from /home/victor/airflow_env/lib/python3.10/site-packages/airflow/example_dags/plugins/workday.py
[2024-07-12T12:00:12.574+0100] {processor.py:183} INFO - Processing /home/victor/airflow_env/lib/python3.10/site-packages/airflow/example_dags/plugins/workday.py took 0.151 seconds
[2024-07-12T12:01:52.898+0100] {processor.py:161} INFO - Started process (PID=30385) to work on /home/victor/airflow_env/lib/python3.10/site-packages/airflow/example_dags/plugins/workday.py
[2024-07-12T12:01:52.902+0100] {processor.py:830} INFO - Processing file /home/victor/airflow_env/lib/python3.10/site-packages/airflow/example_dags/plugins/workday.py for tasks to queue
[2024-07-12T12:01:52.911+0100] {logging_mixin.py:188} INFO - [2024-07-12T12:01:52.909+0100] {dagbag.py:545} INFO - Filling up the DagBag from /home/victor/airflow_env/lib/python3.10/site-packages/airflow/example_dags/plugins/workday.py
[2024-07-12T12:01:52.927+0100] {logging_mixin.py:188} INFO - [2024-07-12T12:01:52.926+0100] {workday.py:41} WARNING - Could not import pandas. Holidays will not be considered.
[2024-07-12T12:01:52.929+0100] {processor.py:842} WARNING - No viable dags retrieved from /home/victor/airflow_env/lib/python3.10/site-packages/airflow/example_dags/plugins/workday.py
[2024-07-12T12:01:53.016+0100] {processor.py:183} INFO - Processing /home/victor/airflow_env/lib/python3.10/site-packages/airflow/example_dags/plugins/workday.py took 0.148 seconds
[2024-07-12T12:03:23.196+0100] {processor.py:161} INFO - Started process (PID=30756) to work on /home/victor/airflow_env/lib/python3.10/site-packages/airflow/example_dags/plugins/workday.py
[2024-07-12T12:03:23.200+0100] {processor.py:830} INFO - Processing file /home/victor/airflow_env/lib/python3.10/site-packages/airflow/example_dags/plugins/workday.py for tasks to queue
[2024-07-12T12:03:23.208+0100] {logging_mixin.py:188} INFO - [2024-07-12T12:03:23.206+0100] {dagbag.py:545} INFO - Filling up the DagBag from /home/victor/airflow_env/lib/python3.10/site-packages/airflow/example_dags/plugins/workday.py
[2024-07-12T12:03:23.224+0100] {logging_mixin.py:188} INFO - [2024-07-12T12:03:23.223+0100] {workday.py:41} WARNING - Could not import pandas. Holidays will not be considered.
[2024-07-12T12:03:23.227+0100] {processor.py:842} WARNING - No viable dags retrieved from /home/victor/airflow_env/lib/python3.10/site-packages/airflow/example_dags/plugins/workday.py
[2024-07-12T12:03:23.300+0100] {processor.py:183} INFO - Processing /home/victor/airflow_env/lib/python3.10/site-packages/airflow/example_dags/plugins/workday.py took 0.141 seconds
[2024-07-12T12:05:03.643+0100] {processor.py:161} INFO - Started process (PID=31162) to work on /home/victor/airflow_env/lib/python3.10/site-packages/airflow/example_dags/plugins/workday.py
[2024-07-12T12:05:03.648+0100] {processor.py:830} INFO - Processing file /home/victor/airflow_env/lib/python3.10/site-packages/airflow/example_dags/plugins/workday.py for tasks to queue
[2024-07-12T12:05:03.657+0100] {logging_mixin.py:188} INFO - [2024-07-12T12:05:03.656+0100] {dagbag.py:545} INFO - Filling up the DagBag from /home/victor/airflow_env/lib/python3.10/site-packages/airflow/example_dags/plugins/workday.py
[2024-07-12T12:05:03.673+0100] {logging_mixin.py:188} INFO - [2024-07-12T12:05:03.672+0100] {workday.py:41} WARNING - Could not import pandas. Holidays will not be considered.
[2024-07-12T12:05:03.676+0100] {processor.py:842} WARNING - No viable dags retrieved from /home/victor/airflow_env/lib/python3.10/site-packages/airflow/example_dags/plugins/workday.py
[2024-07-12T12:05:03.760+0100] {processor.py:183} INFO - Processing /home/victor/airflow_env/lib/python3.10/site-packages/airflow/example_dags/plugins/workday.py took 0.148 seconds
[2024-07-12T12:06:27.558+0100] {processor.py:161} INFO - Started process (PID=31508) to work on /home/victor/airflow_env/lib/python3.10/site-packages/airflow/example_dags/plugins/workday.py
[2024-07-12T12:06:27.564+0100] {processor.py:830} INFO - Processing file /home/victor/airflow_env/lib/python3.10/site-packages/airflow/example_dags/plugins/workday.py for tasks to queue
[2024-07-12T12:06:27.571+0100] {logging_mixin.py:188} INFO - [2024-07-12T12:06:27.569+0100] {dagbag.py:545} INFO - Filling up the DagBag from /home/victor/airflow_env/lib/python3.10/site-packages/airflow/example_dags/plugins/workday.py
[2024-07-12T12:06:27.586+0100] {logging_mixin.py:188} INFO - [2024-07-12T12:06:27.585+0100] {workday.py:41} WARNING - Could not import pandas. Holidays will not be considered.
[2024-07-12T12:06:27.589+0100] {processor.py:842} WARNING - No viable dags retrieved from /home/victor/airflow_env/lib/python3.10/site-packages/airflow/example_dags/plugins/workday.py
[2024-07-12T12:06:27.664+0100] {processor.py:183} INFO - Processing /home/victor/airflow_env/lib/python3.10/site-packages/airflow/example_dags/plugins/workday.py took 0.135 seconds
[2024-07-12T12:07:50.987+0100] {processor.py:161} INFO - Started process (PID=31850) to work on /home/victor/airflow_env/lib/python3.10/site-packages/airflow/example_dags/plugins/workday.py
[2024-07-12T12:07:51.014+0100] {processor.py:830} INFO - Processing file /home/victor/airflow_env/lib/python3.10/site-packages/airflow/example_dags/plugins/workday.py for tasks to queue
[2024-07-12T12:07:51.022+0100] {logging_mixin.py:188} INFO - [2024-07-12T12:07:51.020+0100] {dagbag.py:545} INFO - Filling up the DagBag from /home/victor/airflow_env/lib/python3.10/site-packages/airflow/example_dags/plugins/workday.py
[2024-07-12T12:07:51.040+0100] {logging_mixin.py:188} INFO - [2024-07-12T12:07:51.039+0100] {workday.py:41} WARNING - Could not import pandas. Holidays will not be considered.
[2024-07-12T12:07:51.043+0100] {processor.py:842} WARNING - No viable dags retrieved from /home/victor/airflow_env/lib/python3.10/site-packages/airflow/example_dags/plugins/workday.py
[2024-07-12T12:07:51.140+0100] {processor.py:183} INFO - Processing /home/victor/airflow_env/lib/python3.10/site-packages/airflow/example_dags/plugins/workday.py took 0.184 seconds
[2024-07-12T12:09:17.922+0100] {processor.py:161} INFO - Started process (PID=32210) to work on /home/victor/airflow_env/lib/python3.10/site-packages/airflow/example_dags/plugins/workday.py
[2024-07-12T12:09:17.926+0100] {processor.py:830} INFO - Processing file /home/victor/airflow_env/lib/python3.10/site-packages/airflow/example_dags/plugins/workday.py for tasks to queue
[2024-07-12T12:09:17.935+0100] {logging_mixin.py:188} INFO - [2024-07-12T12:09:17.933+0100] {dagbag.py:545} INFO - Filling up the DagBag from /home/victor/airflow_env/lib/python3.10/site-packages/airflow/example_dags/plugins/workday.py
[2024-07-12T12:09:17.952+0100] {logging_mixin.py:188} INFO - [2024-07-12T12:09:17.949+0100] {workday.py:41} WARNING - Could not import pandas. Holidays will not be considered.
[2024-07-12T12:09:17.955+0100] {processor.py:842} WARNING - No viable dags retrieved from /home/victor/airflow_env/lib/python3.10/site-packages/airflow/example_dags/plugins/workday.py
[2024-07-12T12:09:18.035+0100] {processor.py:183} INFO - Processing /home/victor/airflow_env/lib/python3.10/site-packages/airflow/example_dags/plugins/workday.py took 0.143 seconds
[2024-07-12T12:10:45.156+0100] {processor.py:161} INFO - Started process (PID=32572) to work on /home/victor/airflow_env/lib/python3.10/site-packages/airflow/example_dags/plugins/workday.py
[2024-07-12T12:10:45.161+0100] {processor.py:830} INFO - Processing file /home/victor/airflow_env/lib/python3.10/site-packages/airflow/example_dags/plugins/workday.py for tasks to queue
[2024-07-12T12:10:45.169+0100] {logging_mixin.py:188} INFO - [2024-07-12T12:10:45.168+0100] {dagbag.py:545} INFO - Filling up the DagBag from /home/victor/airflow_env/lib/python3.10/site-packages/airflow/example_dags/plugins/workday.py
[2024-07-12T12:10:45.186+0100] {logging_mixin.py:188} INFO - [2024-07-12T12:10:45.185+0100] {workday.py:41} WARNING - Could not import pandas. Holidays will not be considered.
[2024-07-12T12:10:45.189+0100] {processor.py:842} WARNING - No viable dags retrieved from /home/victor/airflow_env/lib/python3.10/site-packages/airflow/example_dags/plugins/workday.py
[2024-07-12T12:10:45.268+0100] {processor.py:183} INFO - Processing /home/victor/airflow_env/lib/python3.10/site-packages/airflow/example_dags/plugins/workday.py took 0.142 seconds
[2024-07-12T12:12:13.390+0100] {processor.py:161} INFO - Started process (PID=32935) to work on /home/victor/airflow_env/lib/python3.10/site-packages/airflow/example_dags/plugins/workday.py
[2024-07-12T12:12:13.394+0100] {processor.py:830} INFO - Processing file /home/victor/airflow_env/lib/python3.10/site-packages/airflow/example_dags/plugins/workday.py for tasks to queue
[2024-07-12T12:12:13.403+0100] {logging_mixin.py:188} INFO - [2024-07-12T12:12:13.401+0100] {dagbag.py:545} INFO - Filling up the DagBag from /home/victor/airflow_env/lib/python3.10/site-packages/airflow/example_dags/plugins/workday.py
[2024-07-12T12:12:13.418+0100] {logging_mixin.py:188} INFO - [2024-07-12T12:12:13.418+0100] {workday.py:41} WARNING - Could not import pandas. Holidays will not be considered.
[2024-07-12T12:12:13.421+0100] {processor.py:842} WARNING - No viable dags retrieved from /home/victor/airflow_env/lib/python3.10/site-packages/airflow/example_dags/plugins/workday.py
[2024-07-12T12:12:13.500+0100] {processor.py:183} INFO - Processing /home/victor/airflow_env/lib/python3.10/site-packages/airflow/example_dags/plugins/workday.py took 0.141 seconds
[2024-07-12T12:13:29.064+0100] {processor.py:161} INFO - Started process (PID=33251) to work on /home/victor/airflow_env/lib/python3.10/site-packages/airflow/example_dags/plugins/workday.py
[2024-07-12T12:13:29.071+0100] {processor.py:830} INFO - Processing file /home/victor/airflow_env/lib/python3.10/site-packages/airflow/example_dags/plugins/workday.py for tasks to queue
[2024-07-12T12:13:29.083+0100] {logging_mixin.py:188} INFO - [2024-07-12T12:13:29.081+0100] {dagbag.py:545} INFO - Filling up the DagBag from /home/victor/airflow_env/lib/python3.10/site-packages/airflow/example_dags/plugins/workday.py
[2024-07-12T12:13:29.107+0100] {logging_mixin.py:188} INFO - [2024-07-12T12:13:29.106+0100] {workday.py:41} WARNING - Could not import pandas. Holidays will not be considered.
[2024-07-12T12:13:29.117+0100] {processor.py:842} WARNING - No viable dags retrieved from /home/victor/airflow_env/lib/python3.10/site-packages/airflow/example_dags/plugins/workday.py
[2024-07-12T12:13:29.212+0100] {processor.py:183} INFO - Processing /home/victor/airflow_env/lib/python3.10/site-packages/airflow/example_dags/plugins/workday.py took 0.181 seconds
[2024-07-12T12:14:57.345+0100] {processor.py:161} INFO - Started process (PID=33610) to work on /home/victor/airflow_env/lib/python3.10/site-packages/airflow/example_dags/plugins/workday.py
[2024-07-12T12:14:57.351+0100] {processor.py:830} INFO - Processing file /home/victor/airflow_env/lib/python3.10/site-packages/airflow/example_dags/plugins/workday.py for tasks to queue
[2024-07-12T12:14:57.361+0100] {logging_mixin.py:188} INFO - [2024-07-12T12:14:57.358+0100] {dagbag.py:545} INFO - Filling up the DagBag from /home/victor/airflow_env/lib/python3.10/site-packages/airflow/example_dags/plugins/workday.py
[2024-07-12T12:14:57.381+0100] {logging_mixin.py:188} INFO - [2024-07-12T12:14:57.380+0100] {workday.py:41} WARNING - Could not import pandas. Holidays will not be considered.
[2024-07-12T12:14:57.384+0100] {processor.py:842} WARNING - No viable dags retrieved from /home/victor/airflow_env/lib/python3.10/site-packages/airflow/example_dags/plugins/workday.py
[2024-07-12T12:14:57.479+0100] {processor.py:183} INFO - Processing /home/victor/airflow_env/lib/python3.10/site-packages/airflow/example_dags/plugins/workday.py took 0.203 seconds
[2024-07-12T12:16:54.011+0100] {processor.py:161} INFO - Started process (PID=34071) to work on /home/victor/airflow_env/lib/python3.10/site-packages/airflow/example_dags/plugins/workday.py
[2024-07-12T12:16:54.038+0100] {processor.py:830} INFO - Processing file /home/victor/airflow_env/lib/python3.10/site-packages/airflow/example_dags/plugins/workday.py for tasks to queue
[2024-07-12T12:16:54.054+0100] {logging_mixin.py:188} INFO - [2024-07-12T12:16:54.052+0100] {dagbag.py:545} INFO - Filling up the DagBag from /home/victor/airflow_env/lib/python3.10/site-packages/airflow/example_dags/plugins/workday.py
[2024-07-12T12:16:54.114+0100] {logging_mixin.py:188} INFO - [2024-07-12T12:16:54.107+0100] {workday.py:41} WARNING - Could not import pandas. Holidays will not be considered.
[2024-07-12T12:16:54.120+0100] {processor.py:842} WARNING - No viable dags retrieved from /home/victor/airflow_env/lib/python3.10/site-packages/airflow/example_dags/plugins/workday.py
[2024-07-12T12:16:54.314+0100] {processor.py:183} INFO - Processing /home/victor/airflow_env/lib/python3.10/site-packages/airflow/example_dags/plugins/workday.py took 0.389 seconds
[2024-07-12T12:18:42.489+0100] {processor.py:161} INFO - Started process (PID=34520) to work on /home/victor/airflow_env/lib/python3.10/site-packages/airflow/example_dags/plugins/workday.py
[2024-07-12T12:18:42.493+0100] {processor.py:830} INFO - Processing file /home/victor/airflow_env/lib/python3.10/site-packages/airflow/example_dags/plugins/workday.py for tasks to queue
[2024-07-12T12:18:42.502+0100] {logging_mixin.py:188} INFO - [2024-07-12T12:18:42.500+0100] {dagbag.py:545} INFO - Filling up the DagBag from /home/victor/airflow_env/lib/python3.10/site-packages/airflow/example_dags/plugins/workday.py
[2024-07-12T12:18:42.519+0100] {logging_mixin.py:188} INFO - [2024-07-12T12:18:42.518+0100] {workday.py:41} WARNING - Could not import pandas. Holidays will not be considered.
[2024-07-12T12:18:42.522+0100] {processor.py:842} WARNING - No viable dags retrieved from /home/victor/airflow_env/lib/python3.10/site-packages/airflow/example_dags/plugins/workday.py
[2024-07-12T12:18:42.623+0100] {processor.py:183} INFO - Processing /home/victor/airflow_env/lib/python3.10/site-packages/airflow/example_dags/plugins/workday.py took 0.167 seconds
[2024-07-12T12:20:27.095+0100] {processor.py:161} INFO - Started process (PID=34941) to work on /home/victor/airflow_env/lib/python3.10/site-packages/airflow/example_dags/plugins/workday.py
[2024-07-12T12:20:27.109+0100] {processor.py:830} INFO - Processing file /home/victor/airflow_env/lib/python3.10/site-packages/airflow/example_dags/plugins/workday.py for tasks to queue
[2024-07-12T12:20:27.125+0100] {logging_mixin.py:188} INFO - [2024-07-12T12:20:27.123+0100] {dagbag.py:545} INFO - Filling up the DagBag from /home/victor/airflow_env/lib/python3.10/site-packages/airflow/example_dags/plugins/workday.py
[2024-07-12T12:20:27.144+0100] {logging_mixin.py:188} INFO - [2024-07-12T12:20:27.143+0100] {workday.py:41} WARNING - Could not import pandas. Holidays will not be considered.
[2024-07-12T12:20:27.148+0100] {processor.py:842} WARNING - No viable dags retrieved from /home/victor/airflow_env/lib/python3.10/site-packages/airflow/example_dags/plugins/workday.py
[2024-07-12T12:20:27.248+0100] {processor.py:183} INFO - Processing /home/victor/airflow_env/lib/python3.10/site-packages/airflow/example_dags/plugins/workday.py took 0.190 seconds
[2024-07-12T12:21:56.413+0100] {processor.py:161} INFO - Started process (PID=35307) to work on /home/victor/airflow_env/lib/python3.10/site-packages/airflow/example_dags/plugins/workday.py
[2024-07-12T12:21:56.420+0100] {processor.py:830} INFO - Processing file /home/victor/airflow_env/lib/python3.10/site-packages/airflow/example_dags/plugins/workday.py for tasks to queue
[2024-07-12T12:21:56.447+0100] {logging_mixin.py:188} INFO - [2024-07-12T12:21:56.445+0100] {dagbag.py:545} INFO - Filling up the DagBag from /home/victor/airflow_env/lib/python3.10/site-packages/airflow/example_dags/plugins/workday.py
[2024-07-12T12:21:56.465+0100] {logging_mixin.py:188} INFO - [2024-07-12T12:21:56.464+0100] {workday.py:41} WARNING - Could not import pandas. Holidays will not be considered.
[2024-07-12T12:21:56.468+0100] {processor.py:842} WARNING - No viable dags retrieved from /home/victor/airflow_env/lib/python3.10/site-packages/airflow/example_dags/plugins/workday.py
[2024-07-12T12:21:56.553+0100] {processor.py:183} INFO - Processing /home/victor/airflow_env/lib/python3.10/site-packages/airflow/example_dags/plugins/workday.py took 0.171 seconds
[2024-07-12T12:23:25.066+0100] {processor.py:161} INFO - Started process (PID=35671) to work on /home/victor/airflow_env/lib/python3.10/site-packages/airflow/example_dags/plugins/workday.py
[2024-07-12T12:23:25.072+0100] {processor.py:830} INFO - Processing file /home/victor/airflow_env/lib/python3.10/site-packages/airflow/example_dags/plugins/workday.py for tasks to queue
[2024-07-12T12:23:25.082+0100] {logging_mixin.py:188} INFO - [2024-07-12T12:23:25.079+0100] {dagbag.py:545} INFO - Filling up the DagBag from /home/victor/airflow_env/lib/python3.10/site-packages/airflow/example_dags/plugins/workday.py
[2024-07-12T12:23:25.102+0100] {logging_mixin.py:188} INFO - [2024-07-12T12:23:25.100+0100] {workday.py:41} WARNING - Could not import pandas. Holidays will not be considered.
[2024-07-12T12:23:25.104+0100] {processor.py:842} WARNING - No viable dags retrieved from /home/victor/airflow_env/lib/python3.10/site-packages/airflow/example_dags/plugins/workday.py
[2024-07-12T12:23:25.189+0100] {processor.py:183} INFO - Processing /home/victor/airflow_env/lib/python3.10/site-packages/airflow/example_dags/plugins/workday.py took 0.170 seconds
[2024-07-12T12:25:03.846+0100] {processor.py:161} INFO - Started process (PID=36072) to work on /home/victor/airflow_env/lib/python3.10/site-packages/airflow/example_dags/plugins/workday.py
[2024-07-12T12:25:03.862+0100] {processor.py:830} INFO - Processing file /home/victor/airflow_env/lib/python3.10/site-packages/airflow/example_dags/plugins/workday.py for tasks to queue
[2024-07-12T12:25:03.882+0100] {logging_mixin.py:188} INFO - [2024-07-12T12:25:03.880+0100] {dagbag.py:545} INFO - Filling up the DagBag from /home/victor/airflow_env/lib/python3.10/site-packages/airflow/example_dags/plugins/workday.py
[2024-07-12T12:25:03.924+0100] {logging_mixin.py:188} INFO - [2024-07-12T12:25:03.923+0100] {workday.py:41} WARNING - Could not import pandas. Holidays will not be considered.
[2024-07-12T12:25:03.931+0100] {processor.py:842} WARNING - No viable dags retrieved from /home/victor/airflow_env/lib/python3.10/site-packages/airflow/example_dags/plugins/workday.py
[2024-07-12T12:25:04.330+0100] {processor.py:183} INFO - Processing /home/victor/airflow_env/lib/python3.10/site-packages/airflow/example_dags/plugins/workday.py took 0.569 seconds
[2024-07-12T12:26:40.768+0100] {processor.py:161} INFO - Started process (PID=36464) to work on /home/victor/airflow_env/lib/python3.10/site-packages/airflow/example_dags/plugins/workday.py
[2024-07-12T12:26:40.775+0100] {processor.py:830} INFO - Processing file /home/victor/airflow_env/lib/python3.10/site-packages/airflow/example_dags/plugins/workday.py for tasks to queue
[2024-07-12T12:26:40.790+0100] {logging_mixin.py:188} INFO - [2024-07-12T12:26:40.788+0100] {dagbag.py:545} INFO - Filling up the DagBag from /home/victor/airflow_env/lib/python3.10/site-packages/airflow/example_dags/plugins/workday.py
[2024-07-12T12:26:40.813+0100] {logging_mixin.py:188} INFO - [2024-07-12T12:26:40.811+0100] {workday.py:41} WARNING - Could not import pandas. Holidays will not be considered.
[2024-07-12T12:26:40.817+0100] {processor.py:842} WARNING - No viable dags retrieved from /home/victor/airflow_env/lib/python3.10/site-packages/airflow/example_dags/plugins/workday.py
[2024-07-12T12:26:40.953+0100] {processor.py:183} INFO - Processing /home/victor/airflow_env/lib/python3.10/site-packages/airflow/example_dags/plugins/workday.py took 0.220 seconds
[2024-07-12T12:28:08.315+0100] {processor.py:161} INFO - Started process (PID=36823) to work on /home/victor/airflow_env/lib/python3.10/site-packages/airflow/example_dags/plugins/workday.py
[2024-07-12T12:28:08.320+0100] {processor.py:830} INFO - Processing file /home/victor/airflow_env/lib/python3.10/site-packages/airflow/example_dags/plugins/workday.py for tasks to queue
[2024-07-12T12:28:08.332+0100] {logging_mixin.py:188} INFO - [2024-07-12T12:28:08.329+0100] {dagbag.py:545} INFO - Filling up the DagBag from /home/victor/airflow_env/lib/python3.10/site-packages/airflow/example_dags/plugins/workday.py
[2024-07-12T12:28:08.352+0100] {logging_mixin.py:188} INFO - [2024-07-12T12:28:08.351+0100] {workday.py:41} WARNING - Could not import pandas. Holidays will not be considered.
[2024-07-12T12:28:08.355+0100] {processor.py:842} WARNING - No viable dags retrieved from /home/victor/airflow_env/lib/python3.10/site-packages/airflow/example_dags/plugins/workday.py
[2024-07-12T12:28:08.473+0100] {processor.py:183} INFO - Processing /home/victor/airflow_env/lib/python3.10/site-packages/airflow/example_dags/plugins/workday.py took 0.193 seconds
[2024-07-12T12:29:46.475+0100] {processor.py:161} INFO - Started process (PID=37221) to work on /home/victor/airflow_env/lib/python3.10/site-packages/airflow/example_dags/plugins/workday.py
[2024-07-12T12:29:46.479+0100] {processor.py:830} INFO - Processing file /home/victor/airflow_env/lib/python3.10/site-packages/airflow/example_dags/plugins/workday.py for tasks to queue
[2024-07-12T12:29:46.493+0100] {logging_mixin.py:188} INFO - [2024-07-12T12:29:46.491+0100] {dagbag.py:545} INFO - Filling up the DagBag from /home/victor/airflow_env/lib/python3.10/site-packages/airflow/example_dags/plugins/workday.py
[2024-07-12T12:29:46.514+0100] {logging_mixin.py:188} INFO - [2024-07-12T12:29:46.513+0100] {workday.py:41} WARNING - Could not import pandas. Holidays will not be considered.
[2024-07-12T12:29:46.517+0100] {processor.py:842} WARNING - No viable dags retrieved from /home/victor/airflow_env/lib/python3.10/site-packages/airflow/example_dags/plugins/workday.py
[2024-07-12T12:29:46.671+0100] {processor.py:183} INFO - Processing /home/victor/airflow_env/lib/python3.10/site-packages/airflow/example_dags/plugins/workday.py took 0.251 seconds
[2024-07-12T12:31:13.296+0100] {processor.py:161} INFO - Started process (PID=37582) to work on /home/victor/airflow_env/lib/python3.10/site-packages/airflow/example_dags/plugins/workday.py
[2024-07-12T12:31:13.301+0100] {processor.py:830} INFO - Processing file /home/victor/airflow_env/lib/python3.10/site-packages/airflow/example_dags/plugins/workday.py for tasks to queue
[2024-07-12T12:31:13.311+0100] {logging_mixin.py:188} INFO - [2024-07-12T12:31:13.309+0100] {dagbag.py:545} INFO - Filling up the DagBag from /home/victor/airflow_env/lib/python3.10/site-packages/airflow/example_dags/plugins/workday.py
[2024-07-12T12:31:13.339+0100] {logging_mixin.py:188} INFO - [2024-07-12T12:31:13.338+0100] {workday.py:41} WARNING - Could not import pandas. Holidays will not be considered.
[2024-07-12T12:31:13.342+0100] {processor.py:842} WARNING - No viable dags retrieved from /home/victor/airflow_env/lib/python3.10/site-packages/airflow/example_dags/plugins/workday.py
[2024-07-12T12:31:13.417+0100] {processor.py:183} INFO - Processing /home/victor/airflow_env/lib/python3.10/site-packages/airflow/example_dags/plugins/workday.py took 0.154 seconds
[2024-07-12T12:32:42.522+0100] {processor.py:161} INFO - Started process (PID=37945) to work on /home/victor/airflow_env/lib/python3.10/site-packages/airflow/example_dags/plugins/workday.py
[2024-07-12T12:32:42.527+0100] {processor.py:830} INFO - Processing file /home/victor/airflow_env/lib/python3.10/site-packages/airflow/example_dags/plugins/workday.py for tasks to queue
[2024-07-12T12:32:42.543+0100] {logging_mixin.py:188} INFO - [2024-07-12T12:32:42.541+0100] {dagbag.py:545} INFO - Filling up the DagBag from /home/victor/airflow_env/lib/python3.10/site-packages/airflow/example_dags/plugins/workday.py
[2024-07-12T12:32:42.560+0100] {logging_mixin.py:188} INFO - [2024-07-12T12:32:42.559+0100] {workday.py:41} WARNING - Could not import pandas. Holidays will not be considered.
[2024-07-12T12:32:42.563+0100] {processor.py:842} WARNING - No viable dags retrieved from /home/victor/airflow_env/lib/python3.10/site-packages/airflow/example_dags/plugins/workday.py
[2024-07-12T12:32:42.662+0100] {processor.py:183} INFO - Processing /home/victor/airflow_env/lib/python3.10/site-packages/airflow/example_dags/plugins/workday.py took 0.171 seconds
